1777403285
websocket-server-56c97f4c7-5l94k   1m    54Mi   
websocket-server-56c97f4c7-dh7bj   1m    51Mi   
1777403290
websocket-server-56c97f4c7-5l94k   1m    54Mi   
websocket-server-56c97f4c7-dh7bj   1m    51Mi   
1777403295
websocket-server-56c97f4c7-5l94k   1m    54Mi   
websocket-server-56c97f4c7-dh7bj   1m    51Mi   
1777403300
websocket-server-56c97f4c7-5l94k   1m    54Mi   
websocket-server-56c97f4c7-dh7bj   1m    51Mi   
websocket-server-56c97f4c7-ps5mc   1m    28Mi   
websocket-server-56c97f4c7-wb5xt   1m    27Mi   
1777403306
websocket-server-56c97f4c7-ps5mc   1m    28Mi   
websocket-server-56c97f4c7-wb5xt   1m    27Mi   
1777403311
websocket-server-56c97f4c7-ps5mc   1m    28Mi   
websocket-server-56c97f4c7-wb5xt   1m    27Mi   
1777403316
websocket-server-56c97f4c7-ps5mc   0m    27Mi   
websocket-server-56c97f4c7-wb5xt   2m    28Mi   
1777403321
websocket-server-56c97f4c7-ps5mc   0m    27Mi   
websocket-server-56c97f4c7-wb5xt   2m    28Mi   
1777403326
websocket-server-56c97f4c7-ps5mc   0m    27Mi   
websocket-server-56c97f4c7-wb5xt   2m    28Mi   
1777403331
websocket-server-56c97f4c7-ps5mc   4m    30Mi   
websocket-server-56c97f4c7-wb5xt   5m    31Mi   
1777403336
websocket-server-56c97f4c7-ps5mc   4m    30Mi   
websocket-server-56c97f4c7-wb5xt   5m    31Mi   
1777403341
websocket-server-56c97f4c7-ps5mc   4m    30Mi   
websocket-server-56c97f4c7-wb5xt   5m    31Mi   
1777403346
websocket-server-56c97f4c7-ps5mc   8m    36Mi   
websocket-server-56c97f4c7-wb5xt   8m    34Mi   
1777403351
websocket-server-56c97f4c7-ps5mc   8m    36Mi   
websocket-server-56c97f4c7-wb5xt   8m    34Mi   
1777403356
websocket-server-56c97f4c7-ps5mc   8m    36Mi   
websocket-server-56c97f4c7-wb5xt   8m    34Mi   
1777403361
websocket-server-56c97f4c7-ps5mc   11m   38Mi   
websocket-server-56c97f4c7-stvlf   20m   29Mi   
websocket-server-56c97f4c7-vv57m   26m   28Mi   
websocket-server-56c97f4c7-wb5xt   11m   38Mi   
1777403366
websocket-server-56c97f4c7-ps5mc   11m   38Mi   
websocket-server-56c97f4c7-stvlf   20m   29Mi   
websocket-server-56c97f4c7-vv57m   26m   28Mi   
websocket-server-56c97f4c7-wb5xt   11m   38Mi   
1777403371
websocket-server-56c97f4c7-ps5mc   11m   38Mi   
websocket-server-56c97f4c7-stvlf   20m   29Mi   
websocket-server-56c97f4c7-vv57m   26m   28Mi   
websocket-server-56c97f4c7-wb5xt   11m   38Mi   
1777403376
websocket-server-56c97f4c7-pmf6s   18m   28Mi   
websocket-server-56c97f4c7-ps5mc   12m   40Mi   
websocket-server-56c97f4c7-stvlf   5m    31Mi   
websocket-server-56c97f4c7-vv57m   3m    29Mi   
websocket-server-56c97f4c7-wb5xt   13m   41Mi   
1777403381
websocket-server-56c97f4c7-pmf6s   18m   28Mi   
websocket-server-56c97f4c7-ps5mc   12m   40Mi   
websocket-server-56c97f4c7-stvlf   5m    31Mi   
websocket-server-56c97f4c7-vv57m   3m    29Mi   
websocket-server-56c97f4c7-wb5xt   13m   41Mi   
1777403386
websocket-server-56c97f4c7-pmf6s   18m   28Mi   
websocket-server-56c97f4c7-ps5mc   12m   40Mi   
websocket-server-56c97f4c7-stvlf   5m    31Mi   
websocket-server-56c97f4c7-vv57m   3m    29Mi   
websocket-server-56c97f4c7-wb5xt   13m   41Mi   
1777403391
websocket-server-56c97f4c7-kkvmx   21m   28Mi   
websocket-server-56c97f4c7-pmf6s   2m    29Mi   
websocket-server-56c97f4c7-ps5mc   13m   41Mi   
websocket-server-56c97f4c7-stvlf   5m    32Mi   
websocket-server-56c97f4c7-vv57m   4m    30Mi   
websocket-server-56c97f4c7-wb5xt   13m   43Mi   
1777403396
websocket-server-56c97f4c7-kkvmx   21m   28Mi   
websocket-server-56c97f4c7-pmf6s   2m    29Mi   
websocket-server-56c97f4c7-ps5mc   13m   41Mi   
websocket-server-56c97f4c7-stvlf   5m    32Mi   
websocket-server-56c97f4c7-vv57m   4m    30Mi   
websocket-server-56c97f4c7-wb5xt   13m   43Mi   
1777403402
websocket-server-56c97f4c7-kkvmx   2m    28Mi   
websocket-server-56c97f4c7-pmf6s   4m    30Mi   
websocket-server-56c97f4c7-ps5mc   13m   41Mi   
websocket-server-56c97f4c7-stvlf   6m    34Mi   
websocket-server-56c97f4c7-vv57m   5m    32Mi   
websocket-server-56c97f4c7-wb5xt   14m   43Mi   
1777403407
websocket-server-56c97f4c7-kkvmx   2m    28Mi   
websocket-server-56c97f4c7-pmf6s   4m    30Mi   
websocket-server-56c97f4c7-ps5mc   13m   41Mi   
websocket-server-56c97f4c7-stvlf   6m    34Mi   
websocket-server-56c97f4c7-vv57m   5m    32Mi   
websocket-server-56c97f4c7-wb5xt   14m   43Mi   
1777403412
websocket-server-56c97f4c7-kkvmx   2m    28Mi   
websocket-server-56c97f4c7-pmf6s   4m    30Mi   
websocket-server-56c97f4c7-ps5mc   13m   41Mi   
websocket-server-56c97f4c7-stvlf   6m    34Mi   
websocket-server-56c97f4c7-vv57m   5m    32Mi   
websocket-server-56c97f4c7-wb5xt   14m   43Mi   
1777403417
websocket-server-56c97f4c7-5c5mc   1m    27Mi   
websocket-server-56c97f4c7-kkvmx   2m    28Mi   
websocket-server-56c97f4c7-pmf6s   4m    31Mi   
websocket-server-56c97f4c7-ps5mc   13m   43Mi   
websocket-server-56c97f4c7-stvlf   7m    34Mi   
websocket-server-56c97f4c7-vv57m   5m    32Mi   
websocket-server-56c97f4c7-wb5xt   14m   43Mi   
websocket-server-56c97f4c7-zbs55   1m    27Mi   
1777403422
websocket-server-56c97f4c7-5c5mc   1m    27Mi   
websocket-server-56c97f4c7-kkvmx   2m    28Mi   
websocket-server-56c97f4c7-pmf6s   4m    31Mi   
websocket-server-56c97f4c7-ps5mc   13m   43Mi   
websocket-server-56c97f4c7-stvlf   7m    34Mi   
websocket-server-56c97f4c7-vv57m   5m    32Mi   
websocket-server-56c97f4c7-wb5xt   14m   43Mi   
websocket-server-56c97f4c7-zbs55   1m    27Mi   
1777403427
websocket-server-56c97f4c7-5c5mc   1m    27Mi   
websocket-server-56c97f4c7-kkvmx   2m    28Mi   
websocket-server-56c97f4c7-pmf6s   4m    31Mi   
websocket-server-56c97f4c7-ps5mc   13m   43Mi   
websocket-server-56c97f4c7-stvlf   7m    34Mi   
websocket-server-56c97f4c7-vv57m   5m    32Mi   
websocket-server-56c97f4c7-wb5xt   14m   43Mi   
websocket-server-56c97f4c7-zbs55   1m    27Mi   
1777403432
websocket-server-56c97f4c7-5c5mc   1m    27Mi   
websocket-server-56c97f4c7-kkvmx   1m    28Mi   
websocket-server-56c97f4c7-pmf6s   4m    30Mi   
websocket-server-56c97f4c7-ps5mc   9m    42Mi   
websocket-server-56c97f4c7-stvlf   6m    34Mi   
websocket-server-56c97f4c7-vv57m   4m    32Mi   
websocket-server-56c97f4c7-wb5xt   10m   43Mi   
websocket-server-56c97f4c7-zbs55   1m    27Mi   
1777403437
websocket-server-56c97f4c7-5c5mc   1m    27Mi   
websocket-server-56c97f4c7-kkvmx   1m    28Mi   
websocket-server-56c97f4c7-pmf6s   4m    30Mi   
websocket-server-56c97f4c7-ps5mc   9m    42Mi   
websocket-server-56c97f4c7-stvlf   6m    34Mi   
websocket-server-56c97f4c7-vv57m   4m    32Mi   
websocket-server-56c97f4c7-wb5xt   10m   43Mi   
websocket-server-56c97f4c7-zbs55   1m    27Mi   
1777403442
websocket-server-56c97f4c7-5c5mc   1m    27Mi   
websocket-server-56c97f4c7-kkvmx   1m    28Mi   
websocket-server-56c97f4c7-pmf6s   4m    30Mi   
websocket-server-56c97f4c7-ps5mc   9m    42Mi   
websocket-server-56c97f4c7-stvlf   6m    34Mi   
websocket-server-56c97f4c7-vv57m   4m    32Mi   
websocket-server-56c97f4c7-wb5xt   10m   43Mi   
websocket-server-56c97f4c7-zbs55   1m    27Mi   
1777403447
websocket-server-56c97f4c7-5c5mc   1m    27Mi   
websocket-server-56c97f4c7-kkvmx   1m    28Mi   
websocket-server-56c97f4c7-pmf6s   2m    30Mi   
websocket-server-56c97f4c7-ps5mc   4m    42Mi   
websocket-server-56c97f4c7-stvlf   3m    33Mi   
websocket-server-56c97f4c7-vv57m   2m    32Mi   
websocket-server-56c97f4c7-wb5xt   5m    43Mi   
websocket-server-56c97f4c7-zbs55   1m    27Mi   
1777403452
websocket-server-56c97f4c7-5c5mc   1m    27Mi   
websocket-server-56c97f4c7-kkvmx   1m    28Mi   
websocket-server-56c97f4c7-pmf6s   2m    30Mi   
websocket-server-56c97f4c7-ps5mc   4m    42Mi   
websocket-server-56c97f4c7-stvlf   3m    33Mi   
websocket-server-56c97f4c7-vv57m   2m    32Mi   
websocket-server-56c97f4c7-wb5xt   5m    43Mi   
websocket-server-56c97f4c7-zbs55   1m    27Mi   
1777403457
websocket-server-56c97f4c7-5c5mc   1m    27Mi   
websocket-server-56c97f4c7-kkvmx   1m    28Mi   
websocket-server-56c97f4c7-pmf6s   2m    30Mi   
websocket-server-56c97f4c7-ps5mc   4m    42Mi   
websocket-server-56c97f4c7-stvlf   3m    33Mi   
websocket-server-56c97f4c7-vv57m   2m    32Mi   
websocket-server-56c97f4c7-wb5xt   5m    43Mi   
websocket-server-56c97f4c7-zbs55   1m    27Mi   
1777403462
websocket-server-56c97f4c7-5c5mc   1m    27Mi   
websocket-server-56c97f4c7-kkvmx   1m    28Mi   
websocket-server-56c97f4c7-pmf6s   1m    31Mi   
websocket-server-56c97f4c7-ps5mc   4m    42Mi   
websocket-server-56c97f4c7-stvlf   3m    33Mi   
websocket-server-56c97f4c7-vv57m   2m    32Mi   
websocket-server-56c97f4c7-wb5xt   5m    43Mi   
websocket-server-56c97f4c7-zbs55   1m    27Mi   
1777403467
websocket-server-56c97f4c7-5c5mc   1m    27Mi   
websocket-server-56c97f4c7-kkvmx   1m    28Mi   
websocket-server-56c97f4c7-pmf6s   1m    31Mi   
websocket-server-56c97f4c7-ps5mc   4m    42Mi   
websocket-server-56c97f4c7-stvlf   3m    33Mi   
websocket-server-56c97f4c7-vv57m   2m    32Mi   
websocket-server-56c97f4c7-wb5xt   5m    43Mi   
websocket-server-56c97f4c7-zbs55   1m    27Mi   
1777403472
websocket-server-56c97f4c7-5c5mc   1m    27Mi   
websocket-server-56c97f4c7-kkvmx   1m    28Mi   
websocket-server-56c97f4c7-pmf6s   1m    31Mi   
websocket-server-56c97f4c7-ps5mc   4m    42Mi   
websocket-server-56c97f4c7-stvlf   3m    33Mi   
websocket-server-56c97f4c7-vv57m   2m    32Mi   
websocket-server-56c97f4c7-wb5xt   5m    43Mi   
websocket-server-56c97f4c7-zbs55   1m    27Mi   
1777403477
websocket-server-56c97f4c7-5c5mc   1m    27Mi   
websocket-server-56c97f4c7-kkvmx   1m    28Mi   
websocket-server-56c97f4c7-pmf6s   2m    31Mi   
websocket-server-56c97f4c7-ps5mc   4m    42Mi   
websocket-server-56c97f4c7-stvlf   2m    34Mi   
websocket-server-56c97f4c7-vv57m   2m    32Mi   
websocket-server-56c97f4c7-wb5xt   5m    43Mi   
websocket-server-56c97f4c7-zbs55   1m    27Mi   
1777403482
websocket-server-56c97f4c7-5c5mc   1m    27Mi   
websocket-server-56c97f4c7-kkvmx   1m    28Mi   
websocket-server-56c97f4c7-pmf6s   2m    31Mi   
websocket-server-56c97f4c7-ps5mc   4m    42Mi   
websocket-server-56c97f4c7-stvlf   2m    34Mi   
websocket-server-56c97f4c7-vv57m   2m    32Mi   
websocket-server-56c97f4c7-wb5xt   5m    43Mi   
websocket-server-56c97f4c7-zbs55   1m    27Mi   
1777403487
websocket-server-56c97f4c7-5c5mc   1m    27Mi   
websocket-server-56c97f4c7-kkvmx   1m    28Mi   
websocket-server-56c97f4c7-pmf6s   2m    31Mi   
websocket-server-56c97f4c7-ps5mc   4m    42Mi   
websocket-server-56c97f4c7-stvlf   2m    34Mi   
websocket-server-56c97f4c7-vv57m   2m    32Mi   
websocket-server-56c97f4c7-wb5xt   5m    43Mi   
websocket-server-56c97f4c7-zbs55   1m    27Mi   
1777403492
websocket-server-56c97f4c7-5c5mc   1m    27Mi   
websocket-server-56c97f4c7-kkvmx   1m    28Mi   
websocket-server-56c97f4c7-pmf6s   2m    31Mi   
websocket-server-56c97f4c7-ps5mc   4m    42Mi   
websocket-server-56c97f4c7-stvlf   2m    34Mi   
websocket-server-56c97f4c7-vv57m   2m    32Mi   
websocket-server-56c97f4c7-wb5xt   5m    43Mi   
websocket-server-56c97f4c7-zbs55   1m    27Mi   
1777403497
websocket-server-56c97f4c7-5c5mc   1m    27Mi   
websocket-server-56c97f4c7-kkvmx   1m    28Mi   
websocket-server-56c97f4c7-pmf6s   2m    31Mi   
websocket-server-56c97f4c7-ps5mc   4m    42Mi   
websocket-server-56c97f4c7-stvlf   2m    34Mi   
websocket-server-56c97f4c7-vv57m   2m    32Mi   
websocket-server-56c97f4c7-wb5xt   5m    43Mi   
websocket-server-56c97f4c7-zbs55   1m    27Mi   
1777403502
websocket-server-56c97f4c7-5c5mc   1m    27Mi   
websocket-server-56c97f4c7-kkvmx   1m    28Mi   
websocket-server-56c97f4c7-pmf6s   2m    31Mi   
websocket-server-56c97f4c7-ps5mc   4m    42Mi   
websocket-server-56c97f4c7-stvlf   2m    34Mi   
websocket-server-56c97f4c7-vv57m   2m    32Mi   
websocket-server-56c97f4c7-wb5xt   5m    43Mi   
websocket-server-56c97f4c7-zbs55   1m    27Mi   
1777403507
websocket-server-56c97f4c7-5c5mc   1m    27Mi   
websocket-server-56c97f4c7-kkvmx   1m    28Mi   
websocket-server-56c97f4c7-pmf6s   2m    31Mi   
websocket-server-56c97f4c7-ps5mc   4m    42Mi   
websocket-server-56c97f4c7-stvlf   2m    33Mi   
websocket-server-56c97f4c7-vv57m   2m    32Mi   
websocket-server-56c97f4c7-wb5xt   5m    43Mi   
websocket-server-56c97f4c7-zbs55   1m    27Mi   
1777403513
websocket-server-56c97f4c7-5c5mc   1m    27Mi   
websocket-server-56c97f4c7-kkvmx   1m    28Mi   
websocket-server-56c97f4c7-pmf6s   2m    31Mi   
websocket-server-56c97f4c7-ps5mc   4m    42Mi   
websocket-server-56c97f4c7-stvlf   2m    33Mi   
websocket-server-56c97f4c7-vv57m   2m    32Mi   
websocket-server-56c97f4c7-wb5xt   5m    43Mi   
websocket-server-56c97f4c7-zbs55   1m    27Mi   
1777403518
websocket-server-56c97f4c7-5c5mc   1m    27Mi   
websocket-server-56c97f4c7-kkvmx   1m    28Mi   
websocket-server-56c97f4c7-pmf6s   2m    31Mi   
websocket-server-56c97f4c7-ps5mc   4m    42Mi   
websocket-server-56c97f4c7-stvlf   2m    33Mi   
websocket-server-56c97f4c7-vv57m   2m    32Mi   
websocket-server-56c97f4c7-wb5xt   5m    43Mi   
websocket-server-56c97f4c7-zbs55   1m    27Mi   
1777403523
websocket-server-56c97f4c7-5c5mc   0m    27Mi   
websocket-server-56c97f4c7-kkvmx   1m    28Mi   
websocket-server-56c97f4c7-pmf6s   2m    30Mi   
websocket-server-56c97f4c7-ps5mc   5m    42Mi   
websocket-server-56c97f4c7-stvlf   2m    34Mi   
websocket-server-56c97f4c7-vv57m   2m    32Mi   
websocket-server-56c97f4c7-wb5xt   5m    43Mi   
websocket-server-56c97f4c7-zbs55   1m    27Mi   
1777403528
websocket-server-56c97f4c7-5c5mc   0m    27Mi   
websocket-server-56c97f4c7-kkvmx   1m    28Mi   
websocket-server-56c97f4c7-pmf6s   2m    30Mi   
websocket-server-56c97f4c7-ps5mc   5m    42Mi   
websocket-server-56c97f4c7-stvlf   2m    34Mi   
websocket-server-56c97f4c7-vv57m   2m    32Mi   
websocket-server-56c97f4c7-wb5xt   5m    43Mi   
websocket-server-56c97f4c7-zbs55   1m    27Mi   
1777403533
websocket-server-56c97f4c7-5c5mc   0m    27Mi   
websocket-server-56c97f4c7-kkvmx   1m    28Mi   
websocket-server-56c97f4c7-pmf6s   2m    30Mi   
websocket-server-56c97f4c7-ps5mc   5m    42Mi   
websocket-server-56c97f4c7-stvlf   2m    34Mi   
websocket-server-56c97f4c7-vv57m   2m    32Mi   
websocket-server-56c97f4c7-wb5xt   5m    43Mi   
websocket-server-56c97f4c7-zbs55   1m    27Mi   
1777403538
websocket-server-56c97f4c7-5c5mc   0m    27Mi   
websocket-server-56c97f4c7-kkvmx   2m    28Mi   
websocket-server-56c97f4c7-pmf6s   1m    31Mi   
websocket-server-56c97f4c7-ps5mc   8m    41Mi   
websocket-server-56c97f4c7-stvlf   6m    33Mi   
websocket-server-56c97f4c7-vv57m   6m    32Mi   
websocket-server-56c97f4c7-wb5xt   5m    43Mi   
websocket-server-56c97f4c7-zbs55   1m    27Mi   
1777403543
websocket-server-56c97f4c7-5c5mc   0m    27Mi   
websocket-server-56c97f4c7-kkvmx   2m    28Mi   
websocket-server-56c97f4c7-pmf6s   1m    31Mi   
websocket-server-56c97f4c7-ps5mc   8m    41Mi   
websocket-server-56c97f4c7-stvlf   6m    33Mi   
websocket-server-56c97f4c7-vv57m   6m    32Mi   
websocket-server-56c97f4c7-wb5xt   5m    43Mi   
websocket-server-56c97f4c7-zbs55   1m    27Mi   
1777403548
websocket-server-56c97f4c7-5c5mc   0m    27Mi   
websocket-server-56c97f4c7-kkvmx   2m    28Mi   
websocket-server-56c97f4c7-pmf6s   1m    31Mi   
websocket-server-56c97f4c7-ps5mc   8m    41Mi   
websocket-server-56c97f4c7-stvlf   6m    33Mi   
websocket-server-56c97f4c7-vv57m   6m    32Mi   
websocket-server-56c97f4c7-wb5xt   5m    43Mi   
websocket-server-56c97f4c7-zbs55   1m    27Mi   
1777403553
websocket-server-56c97f4c7-5c5mc   1m    27Mi   
websocket-server-56c97f4c7-kkvmx   1m    28Mi   
websocket-server-56c97f4c7-pmf6s   3m    30Mi   
websocket-server-56c97f4c7-ps5mc   1m    41Mi   
websocket-server-56c97f4c7-stvlf   0m    33Mi   
websocket-server-56c97f4c7-vv57m   1m    32Mi   
websocket-server-56c97f4c7-wb5xt   5m    42Mi   
websocket-server-56c97f4c7-zbs55   1m    27Mi   
1777403558
websocket-server-56c97f4c7-5c5mc   1m    27Mi   
websocket-server-56c97f4c7-kkvmx   1m    28Mi   
websocket-server-56c97f4c7-pmf6s   3m    30Mi   
websocket-server-56c97f4c7-ps5mc   1m    41Mi   
websocket-server-56c97f4c7-stvlf   0m    33Mi   
websocket-server-56c97f4c7-vv57m   1m    32Mi   
websocket-server-56c97f4c7-wb5xt   5m    42Mi   
websocket-server-56c97f4c7-zbs55   1m    27Mi   
1777403563
websocket-server-56c97f4c7-5c5mc   1m    27Mi   
websocket-server-56c97f4c7-kkvmx   1m    28Mi   
websocket-server-56c97f4c7-pmf6s   3m    30Mi   
websocket-server-56c97f4c7-ps5mc   1m    41Mi   
websocket-server-56c97f4c7-stvlf   0m    33Mi   
websocket-server-56c97f4c7-vv57m   1m    32Mi   
websocket-server-56c97f4c7-wb5xt   5m    42Mi   
websocket-server-56c97f4c7-zbs55   1m    27Mi   
1777403568
websocket-server-56c97f4c7-5c5mc   1m    27Mi   
websocket-server-56c97f4c7-kkvmx   1m    28Mi   
websocket-server-56c97f4c7-pmf6s   1m    30Mi   
websocket-server-56c97f4c7-ps5mc   1m    41Mi   
websocket-server-56c97f4c7-stvlf   0m    33Mi   
websocket-server-56c97f4c7-vv57m   1m    32Mi   
websocket-server-56c97f4c7-wb5xt   5m    42Mi   
websocket-server-56c97f4c7-zbs55   1m    27Mi   
1777403573
websocket-server-56c97f4c7-5c5mc   1m    27Mi   
websocket-server-56c97f4c7-kkvmx   1m    28Mi   
websocket-server-56c97f4c7-pmf6s   1m    30Mi   
websocket-server-56c97f4c7-ps5mc   1m    41Mi   
websocket-server-56c97f4c7-stvlf   0m    33Mi   
websocket-server-56c97f4c7-vv57m   1m    32Mi   
websocket-server-56c97f4c7-wb5xt   5m    42Mi   
websocket-server-56c97f4c7-zbs55   1m    27Mi   
1777403578
websocket-server-56c97f4c7-5c5mc   1m    27Mi   
websocket-server-56c97f4c7-kkvmx   1m    28Mi   
websocket-server-56c97f4c7-pmf6s   1m    30Mi   
websocket-server-56c97f4c7-ps5mc   1m    41Mi   
websocket-server-56c97f4c7-stvlf   0m    33Mi   
websocket-server-56c97f4c7-vv57m   1m    32Mi   
websocket-server-56c97f4c7-wb5xt   5m    42Mi   
websocket-server-56c97f4c7-zbs55   1m    27Mi   
1777403583
websocket-server-56c97f4c7-5c5mc   0m    27Mi   
websocket-server-56c97f4c7-kkvmx   1m    28Mi   
websocket-server-56c97f4c7-pmf6s   1m    30Mi   
websocket-server-56c97f4c7-ps5mc   1m    41Mi   
websocket-server-56c97f4c7-stvlf   1m    33Mi   
websocket-server-56c97f4c7-vv57m   1m    32Mi   
websocket-server-56c97f4c7-wb5xt   1m    42Mi   
websocket-server-56c97f4c7-zbs55   1m    27Mi   
1777403588
websocket-server-56c97f4c7-5c5mc   0m    27Mi   
websocket-server-56c97f4c7-kkvmx   1m    28Mi   
websocket-server-56c97f4c7-pmf6s   1m    30Mi   
websocket-server-56c97f4c7-ps5mc   1m    41Mi   
websocket-server-56c97f4c7-stvlf   1m    33Mi   
websocket-server-56c97f4c7-vv57m   1m    32Mi   
websocket-server-56c97f4c7-wb5xt   1m    42Mi   
websocket-server-56c97f4c7-zbs55   1m    27Mi   
1777403593
websocket-server-56c97f4c7-5c5mc   0m    27Mi   
websocket-server-56c97f4c7-kkvmx   1m    28Mi   
websocket-server-56c97f4c7-pmf6s   1m    30Mi   
websocket-server-56c97f4c7-ps5mc   1m    41Mi   
websocket-server-56c97f4c7-stvlf   1m    33Mi   
websocket-server-56c97f4c7-vv57m   1m    32Mi   
websocket-server-56c97f4c7-wb5xt   1m    42Mi   
websocket-server-56c97f4c7-zbs55   1m    27Mi   
1777403598
websocket-server-56c97f4c7-5c5mc   0m    27Mi   
websocket-server-56c97f4c7-kkvmx   1m    28Mi   
websocket-server-56c97f4c7-pmf6s   1m    30Mi   
websocket-server-56c97f4c7-ps5mc   1m    41Mi   
websocket-server-56c97f4c7-stvlf   1m    34Mi   
websocket-server-56c97f4c7-vv57m   1m    32Mi   
websocket-server-56c97f4c7-wb5xt   1m    42Mi   
websocket-server-56c97f4c7-zbs55   1m    27Mi   
1777403603
websocket-server-56c97f4c7-5c5mc   0m    27Mi   
websocket-server-56c97f4c7-kkvmx   1m    28Mi   
websocket-server-56c97f4c7-pmf6s   1m    30Mi   
websocket-server-56c97f4c7-ps5mc   1m    41Mi   
websocket-server-56c97f4c7-stvlf   1m    34Mi   
websocket-server-56c97f4c7-vv57m   1m    32Mi   
websocket-server-56c97f4c7-wb5xt   1m    42Mi   
websocket-server-56c97f4c7-zbs55   1m    27Mi   
1777403608
websocket-server-56c97f4c7-5c5mc   0m    27Mi   
websocket-server-56c97f4c7-kkvmx   1m    28Mi   
websocket-server-56c97f4c7-pmf6s   1m    30Mi   
websocket-server-56c97f4c7-ps5mc   1m    41Mi   
websocket-server-56c97f4c7-stvlf   1m    34Mi   
websocket-server-56c97f4c7-vv57m   1m    32Mi   
websocket-server-56c97f4c7-wb5xt   1m    42Mi   
websocket-server-56c97f4c7-zbs55   1m    27Mi   
1777403613
websocket-server-56c97f4c7-5c5mc   1m    28Mi   
websocket-server-56c97f4c7-kkvmx   1m    28Mi   
websocket-server-56c97f4c7-pmf6s   1m    31Mi   
websocket-server-56c97f4c7-ps5mc   2m    42Mi   
websocket-server-56c97f4c7-stvlf   2m    34Mi   
websocket-server-56c97f4c7-vv57m   2m    33Mi   
websocket-server-56c97f4c7-wb5xt   3m    42Mi   
websocket-server-56c97f4c7-zbs55   1m    28Mi   
1777403618
websocket-server-56c97f4c7-5c5mc   1m    28Mi   
websocket-server-56c97f4c7-kkvmx   1m    28Mi   
websocket-server-56c97f4c7-pmf6s   1m    31Mi   
websocket-server-56c97f4c7-ps5mc   2m    42Mi   
websocket-server-56c97f4c7-stvlf   2m    34Mi   
websocket-server-56c97f4c7-vv57m   2m    33Mi   
websocket-server-56c97f4c7-wb5xt   3m    42Mi   
websocket-server-56c97f4c7-zbs55   1m    28Mi   
1777403623
websocket-server-56c97f4c7-5c5mc   1m    28Mi   
websocket-server-56c97f4c7-kkvmx   1m    28Mi   
websocket-server-56c97f4c7-pmf6s   1m    31Mi   
websocket-server-56c97f4c7-ps5mc   2m    42Mi   
websocket-server-56c97f4c7-stvlf   2m    34Mi   
websocket-server-56c97f4c7-vv57m   2m    33Mi   
websocket-server-56c97f4c7-wb5xt   3m    42Mi   
websocket-server-56c97f4c7-zbs55   1m    28Mi   
1777403629
websocket-server-56c97f4c7-5c5mc   3m    29Mi   
websocket-server-56c97f4c7-kkvmx   2m    29Mi   
websocket-server-56c97f4c7-pmf6s   2m    32Mi   
websocket-server-56c97f4c7-ps5mc   4m    42Mi   
websocket-server-56c97f4c7-stvlf   3m    35Mi   
websocket-server-56c97f4c7-vv57m   2m    33Mi   
websocket-server-56c97f4c7-wb5xt   3m    42Mi   
websocket-server-56c97f4c7-zbs55   2m    28Mi   
1777403634
websocket-server-56c97f4c7-5c5mc   3m    29Mi   
websocket-server-56c97f4c7-kkvmx   2m    29Mi   
websocket-server-56c97f4c7-pmf6s   2m    32Mi   
websocket-server-56c97f4c7-ps5mc   4m    42Mi   
websocket-server-56c97f4c7-stvlf   3m    35Mi   
websocket-server-56c97f4c7-vv57m   2m    33Mi   
websocket-server-56c97f4c7-wb5xt   3m    42Mi   
websocket-server-56c97f4c7-zbs55   2m    28Mi   
1777403639
websocket-server-56c97f4c7-5c5mc   3m    29Mi   
websocket-server-56c97f4c7-kkvmx   2m    29Mi   
websocket-server-56c97f4c7-pmf6s   2m    32Mi   
websocket-server-56c97f4c7-ps5mc   4m    42Mi   
websocket-server-56c97f4c7-stvlf   3m    35Mi   
websocket-server-56c97f4c7-vv57m   2m    33Mi   
websocket-server-56c97f4c7-wb5xt   3m    42Mi   
websocket-server-56c97f4c7-zbs55   2m    28Mi   
1777403644
websocket-server-56c97f4c7-5c5mc   4m    31Mi   
websocket-server-56c97f4c7-kkvmx   2m    30Mi   
websocket-server-56c97f4c7-pmf6s   3m    33Mi   
websocket-server-56c97f4c7-ps5mc   3m    43Mi   
websocket-server-56c97f4c7-stvlf   3m    36Mi   
websocket-server-56c97f4c7-vv57m   4m    33Mi   
websocket-server-56c97f4c7-wb5xt   3m    43Mi   
websocket-server-56c97f4c7-zbs55   3m    29Mi   
1777403649
websocket-server-56c97f4c7-5c5mc   4m    31Mi   
websocket-server-56c97f4c7-kkvmx   2m    30Mi   
websocket-server-56c97f4c7-pmf6s   3m    33Mi   
websocket-server-56c97f4c7-ps5mc   3m    43Mi   
websocket-server-56c97f4c7-stvlf   3m    36Mi   
websocket-server-56c97f4c7-vv57m   4m    33Mi   
websocket-server-56c97f4c7-wb5xt   3m    43Mi   
websocket-server-56c97f4c7-zbs55   3m    29Mi   
1777403654
websocket-server-56c97f4c7-5c5mc   4m    31Mi   
websocket-server-56c97f4c7-kkvmx   2m    30Mi   
websocket-server-56c97f4c7-pmf6s   3m    33Mi   
websocket-server-56c97f4c7-ps5mc   3m    43Mi   
websocket-server-56c97f4c7-stvlf   3m    36Mi   
websocket-server-56c97f4c7-vv57m   4m    33Mi   
websocket-server-56c97f4c7-wb5xt   3m    43Mi   
websocket-server-56c97f4c7-zbs55   3m    29Mi   
1777403659
websocket-server-56c97f4c7-5c5mc   5m    32Mi   
websocket-server-56c97f4c7-kkvmx   4m    31Mi   
websocket-server-56c97f4c7-pmf6s   4m    33Mi   
websocket-server-56c97f4c7-ps5mc   3m    42Mi   
websocket-server-56c97f4c7-stvlf   5m    37Mi   
websocket-server-56c97f4c7-vv57m   4m    34Mi   
websocket-server-56c97f4c7-wb5xt   4m    43Mi   
websocket-server-56c97f4c7-zbs55   4m    31Mi   
1777403664
websocket-server-56c97f4c7-5c5mc   5m    32Mi   
websocket-server-56c97f4c7-kkvmx   4m    31Mi   
websocket-server-56c97f4c7-pmf6s   4m    33Mi   
websocket-server-56c97f4c7-ps5mc   3m    42Mi   
websocket-server-56c97f4c7-stvlf   5m    37Mi   
websocket-server-56c97f4c7-vv57m   4m    34Mi   
websocket-server-56c97f4c7-wb5xt   4m    43Mi   
websocket-server-56c97f4c7-zbs55   4m    31Mi   
1777403669
websocket-server-56c97f4c7-5c5mc   5m    32Mi   
websocket-server-56c97f4c7-kkvmx   4m    31Mi   
websocket-server-56c97f4c7-pmf6s   4m    33Mi   
websocket-server-56c97f4c7-ps5mc   3m    42Mi   
websocket-server-56c97f4c7-stvlf   5m    37Mi   
websocket-server-56c97f4c7-vv57m   4m    34Mi   
websocket-server-56c97f4c7-wb5xt   4m    43Mi   
websocket-server-56c97f4c7-zbs55   4m    31Mi   
1777403674
websocket-server-56c97f4c7-5c5mc   5m    32Mi   
websocket-server-56c97f4c7-kkvmx   5m    33Mi   
websocket-server-56c97f4c7-pmf6s   6m    34Mi   
websocket-server-56c97f4c7-ps5mc   4m    43Mi   
websocket-server-56c97f4c7-stvlf   5m    38Mi   
websocket-server-56c97f4c7-vv57m   5m    34Mi   
websocket-server-56c97f4c7-wb5xt   5m    43Mi   
websocket-server-56c97f4c7-zbs55   4m    31Mi   
1777403679
websocket-server-56c97f4c7-5c5mc   5m    32Mi   
websocket-server-56c97f4c7-kkvmx   5m    33Mi   
websocket-server-56c97f4c7-pmf6s   6m    34Mi   
websocket-server-56c97f4c7-ps5mc   4m    43Mi   
websocket-server-56c97f4c7-stvlf   5m    38Mi   
websocket-server-56c97f4c7-vv57m   5m    34Mi   
websocket-server-56c97f4c7-wb5xt   5m    43Mi   
websocket-server-56c97f4c7-zbs55   4m    31Mi   
1777403684
websocket-server-56c97f4c7-5c5mc   5m    32Mi   
websocket-server-56c97f4c7-kkvmx   5m    33Mi   
websocket-server-56c97f4c7-pmf6s   6m    34Mi   
websocket-server-56c97f4c7-ps5mc   4m    43Mi   
websocket-server-56c97f4c7-stvlf   5m    38Mi   
websocket-server-56c97f4c7-vv57m   5m    34Mi   
websocket-server-56c97f4c7-wb5xt   5m    43Mi   
1777403689
websocket-server-56c97f4c7-kkvmx   6m    34Mi   
websocket-server-56c97f4c7-pmf6s   7m    36Mi   
websocket-server-56c97f4c7-ps5mc   5m    43Mi   
websocket-server-56c97f4c7-stvlf   6m    39Mi   
websocket-server-56c97f4c7-vv57m   6m    34Mi   
websocket-server-56c97f4c7-wb5xt   6m    43Mi   
websocket-server-56c97f4c7-xtjxs   2m    28Mi   
1777403694
websocket-server-56c97f4c7-kkvmx   6m    34Mi   
websocket-server-56c97f4c7-pmf6s   7m    36Mi   
websocket-server-56c97f4c7-ps5mc   5m    43Mi   
websocket-server-56c97f4c7-stvlf   6m    39Mi   
websocket-server-56c97f4c7-vv57m   6m    34Mi   
websocket-server-56c97f4c7-wb5xt   6m    43Mi   
websocket-server-56c97f4c7-xtjxs   2m    28Mi   
1777403699
websocket-server-56c97f4c7-kkvmx   6m    34Mi   
websocket-server-56c97f4c7-pmf6s   7m    36Mi   
websocket-server-56c97f4c7-ps5mc   5m    43Mi   
websocket-server-56c97f4c7-stvlf   6m    39Mi   
websocket-server-56c97f4c7-vv57m   6m    34Mi   
websocket-server-56c97f4c7-wb5xt   6m    43Mi   
websocket-server-56c97f4c7-xtjxs   2m    28Mi   
1777403704
websocket-server-56c97f4c7-kkvmx   7m    35Mi   
websocket-server-56c97f4c7-pmf6s   8m    37Mi   
websocket-server-56c97f4c7-ps5mc   6m    43Mi   
websocket-server-56c97f4c7-stvlf   8m    41Mi   
websocket-server-56c97f4c7-vv57m   7m    35Mi   
websocket-server-56c97f4c7-wb5xt   6m    43Mi   
websocket-server-56c97f4c7-xr6xt   2m    28Mi   
websocket-server-56c97f4c7-xtjxs   2m    28Mi   
1777403709
websocket-server-56c97f4c7-kkvmx   7m    35Mi   
websocket-server-56c97f4c7-pmf6s   8m    37Mi   
websocket-server-56c97f4c7-ps5mc   6m    43Mi   
websocket-server-56c97f4c7-stvlf   8m    41Mi   
websocket-server-56c97f4c7-vv57m   7m    35Mi   
websocket-server-56c97f4c7-wb5xt   6m    43Mi   
websocket-server-56c97f4c7-xr6xt   2m    28Mi   
websocket-server-56c97f4c7-xtjxs   2m    28Mi   
1777403714
websocket-server-56c97f4c7-kkvmx   7m    35Mi   
websocket-server-56c97f4c7-pmf6s   8m    37Mi   
websocket-server-56c97f4c7-ps5mc   6m    43Mi   
websocket-server-56c97f4c7-stvlf   8m    41Mi   
websocket-server-56c97f4c7-vv57m   7m    35Mi   
websocket-server-56c97f4c7-wb5xt   6m    43Mi   
websocket-server-56c97f4c7-xr6xt   2m    28Mi   
websocket-server-56c97f4c7-xtjxs   2m    28Mi   
1777403719
websocket-server-56c97f4c7-kkvmx   6m    35Mi   
websocket-server-56c97f4c7-mkkdq   22m   27Mi   
websocket-server-56c97f4c7-pmf6s   7m    36Mi   
websocket-server-56c97f4c7-ps5mc   6m    43Mi   
websocket-server-56c97f4c7-stvlf   8m    41Mi   
websocket-server-56c97f4c7-vv57m   5m    35Mi   
websocket-server-56c97f4c7-wb5xt   7m    44Mi   
websocket-server-56c97f4c7-wk6cv   1m    27Mi   
websocket-server-56c97f4c7-xr6xt   2m    28Mi   
websocket-server-56c97f4c7-xtjxs   2m    28Mi   
1777403724
websocket-server-56c97f4c7-kkvmx   6m    35Mi   
websocket-server-56c97f4c7-mkkdq   22m   27Mi   
websocket-server-56c97f4c7-pmf6s   7m    36Mi   
websocket-server-56c97f4c7-ps5mc   6m    43Mi   
websocket-server-56c97f4c7-stvlf   8m    41Mi   
websocket-server-56c97f4c7-vv57m   5m    35Mi   
websocket-server-56c97f4c7-wb5xt   7m    44Mi   
websocket-server-56c97f4c7-wk6cv   1m    27Mi   
websocket-server-56c97f4c7-xr6xt   2m    28Mi   
websocket-server-56c97f4c7-xtjxs   2m    28Mi   
1777403729
websocket-server-56c97f4c7-kkvmx   6m    35Mi   
websocket-server-56c97f4c7-mkkdq   22m   27Mi   
websocket-server-56c97f4c7-pmf6s   7m    36Mi   
websocket-server-56c97f4c7-ps5mc   6m    43Mi   
websocket-server-56c97f4c7-stvlf   8m    41Mi   
websocket-server-56c97f4c7-vv57m   5m    35Mi   
websocket-server-56c97f4c7-wb5xt   7m    44Mi   
websocket-server-56c97f4c7-wk6cv   1m    27Mi   
websocket-server-56c97f4c7-xr6xt   2m    28Mi   
websocket-server-56c97f4c7-xtjxs   2m    28Mi   
1777403734
websocket-server-56c97f4c7-kkvmx   3m    35Mi   
websocket-server-56c97f4c7-mkkdq   1m    27Mi   
websocket-server-56c97f4c7-pmf6s   3m    37Mi   
websocket-server-56c97f4c7-ps5mc   4m    43Mi   
websocket-server-56c97f4c7-stvlf   3m    41Mi   
websocket-server-56c97f4c7-vv57m   5m    35Mi   
websocket-server-56c97f4c7-wb5xt   3m    44Mi   
websocket-server-56c97f4c7-wk6cv   1m    27Mi   
websocket-server-56c97f4c7-xr6xt   1m    28Mi   
websocket-server-56c97f4c7-xtjxs   1m    28Mi   
1777403739
websocket-server-56c97f4c7-kkvmx   3m    35Mi   
websocket-server-56c97f4c7-mkkdq   1m    27Mi   
websocket-server-56c97f4c7-pmf6s   3m    37Mi   
websocket-server-56c97f4c7-ps5mc   4m    43Mi   
websocket-server-56c97f4c7-stvlf   3m    41Mi   
websocket-server-56c97f4c7-vv57m   5m    35Mi   
websocket-server-56c97f4c7-wb5xt   3m    44Mi   
websocket-server-56c97f4c7-wk6cv   1m    27Mi   
websocket-server-56c97f4c7-xr6xt   1m    28Mi   
websocket-server-56c97f4c7-xtjxs   1m    28Mi   
1777403745
websocket-server-56c97f4c7-kkvmx   3m    35Mi   
websocket-server-56c97f4c7-mkkdq   1m    27Mi   
websocket-server-56c97f4c7-pmf6s   3m    37Mi   
websocket-server-56c97f4c7-ps5mc   4m    43Mi   
websocket-server-56c97f4c7-stvlf   3m    41Mi   
websocket-server-56c97f4c7-vv57m   5m    35Mi   
websocket-server-56c97f4c7-wb5xt   3m    44Mi   
websocket-server-56c97f4c7-wk6cv   1m    27Mi   
websocket-server-56c97f4c7-xr6xt   1m    28Mi   
websocket-server-56c97f4c7-xtjxs   1m    28Mi   
1777403750
websocket-server-56c97f4c7-kkvmx   2m    36Mi   
websocket-server-56c97f4c7-mkkdq   1m    27Mi   
websocket-server-56c97f4c7-pmf6s   3m    36Mi   
websocket-server-56c97f4c7-ps5mc   4m    43Mi   
websocket-server-56c97f4c7-stvlf   3m    41Mi   
websocket-server-56c97f4c7-vv57m   2m    35Mi   
websocket-server-56c97f4c7-wb5xt   2m    43Mi   
websocket-server-56c97f4c7-wk6cv   1m    27Mi   
websocket-server-56c97f4c7-xr6xt   1m    28Mi   
websocket-server-56c97f4c7-xtjxs   1m    28Mi   
1777403755
websocket-server-56c97f4c7-kkvmx   2m    36Mi   
websocket-server-56c97f4c7-mkkdq   1m    27Mi   
websocket-server-56c97f4c7-pmf6s   3m    36Mi   
websocket-server-56c97f4c7-ps5mc   4m    43Mi   
websocket-server-56c97f4c7-stvlf   3m    41Mi   
websocket-server-56c97f4c7-vv57m   2m    35Mi   
websocket-server-56c97f4c7-wb5xt   2m    43Mi   
websocket-server-56c97f4c7-wk6cv   1m    27Mi   
websocket-server-56c97f4c7-xr6xt   1m    28Mi   
websocket-server-56c97f4c7-xtjxs   1m    28Mi   
1777403760
websocket-server-56c97f4c7-kkvmx   2m    36Mi   
websocket-server-56c97f4c7-mkkdq   1m    27Mi   
websocket-server-56c97f4c7-pmf6s   3m    36Mi   
websocket-server-56c97f4c7-ps5mc   4m    43Mi   
websocket-server-56c97f4c7-stvlf   3m    41Mi   
websocket-server-56c97f4c7-vv57m   2m    35Mi   
websocket-server-56c97f4c7-wb5xt   2m    43Mi   
websocket-server-56c97f4c7-wk6cv   1m    27Mi   
websocket-server-56c97f4c7-xr6xt   1m    28Mi   
websocket-server-56c97f4c7-xtjxs   1m    28Mi   
1777403765
websocket-server-56c97f4c7-kkvmx   2m    35Mi   
websocket-server-56c97f4c7-mkkdq   1m    27Mi   
websocket-server-56c97f4c7-pmf6s   3m    37Mi   
websocket-server-56c97f4c7-ps5mc   2m    43Mi   
websocket-server-56c97f4c7-stvlf   3m    41Mi   
websocket-server-56c97f4c7-vv57m   2m    35Mi   
websocket-server-56c97f4c7-wb5xt   2m    43Mi   
websocket-server-56c97f4c7-wk6cv   1m    27Mi   
websocket-server-56c97f4c7-xr6xt   1m    28Mi   
websocket-server-56c97f4c7-xtjxs   1m    28Mi   
1777403770
websocket-server-56c97f4c7-kkvmx   2m    35Mi   
websocket-server-56c97f4c7-mkkdq   1m    27Mi   
websocket-server-56c97f4c7-pmf6s   3m    37Mi   
websocket-server-56c97f4c7-ps5mc   2m    43Mi   
websocket-server-56c97f4c7-stvlf   3m    41Mi   
websocket-server-56c97f4c7-vv57m   2m    35Mi   
websocket-server-56c97f4c7-wb5xt   2m    43Mi   
websocket-server-56c97f4c7-wk6cv   1m    27Mi   
websocket-server-56c97f4c7-xr6xt   1m    28Mi   
websocket-server-56c97f4c7-xtjxs   1m    28Mi   
1777403775
websocket-server-56c97f4c7-kkvmx   2m    35Mi   
websocket-server-56c97f4c7-mkkdq   1m    27Mi   
websocket-server-56c97f4c7-pmf6s   3m    37Mi   
websocket-server-56c97f4c7-ps5mc   2m    43Mi   
websocket-server-56c97f4c7-stvlf   3m    41Mi   
websocket-server-56c97f4c7-vv57m   2m    35Mi   
websocket-server-56c97f4c7-wb5xt   2m    43Mi   
websocket-server-56c97f4c7-wk6cv   1m    27Mi   
websocket-server-56c97f4c7-xr6xt   1m    28Mi   
websocket-server-56c97f4c7-xtjxs   1m    28Mi   
1777403780
websocket-server-56c97f4c7-kkvmx   3m    36Mi   
websocket-server-56c97f4c7-mkkdq   1m    27Mi   
websocket-server-56c97f4c7-pmf6s   2m    37Mi   
websocket-server-56c97f4c7-ps5mc   2m    43Mi   
websocket-server-56c97f4c7-stvlf   2m    41Mi   
websocket-server-56c97f4c7-vv57m   2m    35Mi   
websocket-server-56c97f4c7-wb5xt   2m    44Mi   
websocket-server-56c97f4c7-wk6cv   1m    27Mi   
websocket-server-56c97f4c7-xr6xt   2m    28Mi   
websocket-server-56c97f4c7-xtjxs   2m    28Mi   
1777403785
websocket-server-56c97f4c7-kkvmx   3m    36Mi   
websocket-server-56c97f4c7-mkkdq   1m    27Mi   
websocket-server-56c97f4c7-pmf6s   2m    37Mi   
websocket-server-56c97f4c7-ps5mc   2m    43Mi   
websocket-server-56c97f4c7-stvlf   2m    41Mi   
websocket-server-56c97f4c7-vv57m   2m    35Mi   
websocket-server-56c97f4c7-wb5xt   2m    44Mi   
websocket-server-56c97f4c7-wk6cv   1m    27Mi   
websocket-server-56c97f4c7-xr6xt   2m    28Mi   
websocket-server-56c97f4c7-xtjxs   2m    28Mi   
1777403790
websocket-server-56c97f4c7-kkvmx   3m    36Mi   
websocket-server-56c97f4c7-mkkdq   1m    27Mi   
websocket-server-56c97f4c7-pmf6s   2m    37Mi   
websocket-server-56c97f4c7-ps5mc   2m    43Mi   
websocket-server-56c97f4c7-stvlf   2m    41Mi   
websocket-server-56c97f4c7-vv57m   2m    35Mi   
websocket-server-56c97f4c7-wb5xt   2m    44Mi   
websocket-server-56c97f4c7-wk6cv   1m    27Mi   
websocket-server-56c97f4c7-xr6xt   2m    28Mi   
websocket-server-56c97f4c7-xtjxs   2m    28Mi   
1777403795
websocket-server-56c97f4c7-kkvmx   6m    35Mi   
websocket-server-56c97f4c7-mkkdq   1m    27Mi   
websocket-server-56c97f4c7-pmf6s   4m    36Mi   
websocket-server-56c97f4c7-ps5mc   5m    42Mi   
websocket-server-56c97f4c7-stvlf   7m    40Mi   
websocket-server-56c97f4c7-vv57m   4m    35Mi   
websocket-server-56c97f4c7-wb5xt   5m    43Mi   
websocket-server-56c97f4c7-wk6cv   1m    27Mi   
websocket-server-56c97f4c7-xr6xt   1m    28Mi   
websocket-server-56c97f4c7-xtjxs   1m    28Mi   
1777403800
websocket-server-56c97f4c7-kkvmx   6m    35Mi   
websocket-server-56c97f4c7-mkkdq   1m    27Mi   
websocket-server-56c97f4c7-pmf6s   4m    36Mi   
websocket-server-56c97f4c7-ps5mc   5m    42Mi   
websocket-server-56c97f4c7-stvlf   7m    40Mi   
websocket-server-56c97f4c7-vv57m   4m    35Mi   
websocket-server-56c97f4c7-wb5xt   5m    43Mi   
websocket-server-56c97f4c7-wk6cv   1m    27Mi   
websocket-server-56c97f4c7-xr6xt   1m    28Mi   
websocket-server-56c97f4c7-xtjxs   1m    28Mi   
1777403805
websocket-server-56c97f4c7-kkvmx   6m    35Mi   
websocket-server-56c97f4c7-mkkdq   1m    27Mi   
websocket-server-56c97f4c7-pmf6s   4m    36Mi   
websocket-server-56c97f4c7-ps5mc   5m    42Mi   
websocket-server-56c97f4c7-stvlf   7m    40Mi   
websocket-server-56c97f4c7-vv57m   4m    35Mi   
websocket-server-56c97f4c7-wb5xt   5m    43Mi   
websocket-server-56c97f4c7-wk6cv   1m    27Mi   
websocket-server-56c97f4c7-xr6xt   1m    28Mi   
websocket-server-56c97f4c7-xtjxs   1m    28Mi   
1777403810
websocket-server-56c97f4c7-kkvmx   1m    35Mi   
websocket-server-56c97f4c7-mkkdq   1m    27Mi   
websocket-server-56c97f4c7-pmf6s   1m    36Mi   
websocket-server-56c97f4c7-ps5mc   0m    42Mi   
websocket-server-56c97f4c7-stvlf   1m    40Mi   
websocket-server-56c97f4c7-vv57m   1m    35Mi   
websocket-server-56c97f4c7-wb5xt   1m    43Mi   
websocket-server-56c97f4c7-wk6cv   1m    27Mi   
websocket-server-56c97f4c7-xr6xt   1m    28Mi   
websocket-server-56c97f4c7-xtjxs   1m    28Mi   
1777403815
websocket-server-56c97f4c7-kkvmx   1m    35Mi   
websocket-server-56c97f4c7-mkkdq   1m    27Mi   
websocket-server-56c97f4c7-pmf6s   1m    36Mi   
websocket-server-56c97f4c7-ps5mc   0m    42Mi   
websocket-server-56c97f4c7-stvlf   1m    40Mi   
websocket-server-56c97f4c7-vv57m   1m    35Mi   
websocket-server-56c97f4c7-wb5xt   1m    43Mi   
websocket-server-56c97f4c7-wk6cv   1m    27Mi   
websocket-server-56c97f4c7-xr6xt   1m    28Mi   
websocket-server-56c97f4c7-xtjxs   1m    28Mi   
1777403820
websocket-server-56c97f4c7-kkvmx   1m    35Mi   
websocket-server-56c97f4c7-mkkdq   1m    27Mi   
websocket-server-56c97f4c7-pmf6s   1m    36Mi   
websocket-server-56c97f4c7-ps5mc   0m    42Mi   
websocket-server-56c97f4c7-stvlf   1m    40Mi   
websocket-server-56c97f4c7-vv57m   1m    35Mi   
websocket-server-56c97f4c7-wb5xt   1m    43Mi   
websocket-server-56c97f4c7-wk6cv   1m    27Mi   
websocket-server-56c97f4c7-xr6xt   1m    28Mi   
websocket-server-56c97f4c7-xtjxs   1m    28Mi   
1777403825
websocket-server-56c97f4c7-kkvmx   1m    35Mi   
websocket-server-56c97f4c7-mkkdq   1m    27Mi   
websocket-server-56c97f4c7-pmf6s   1m    36Mi   
websocket-server-56c97f4c7-ps5mc   1m    42Mi   
websocket-server-56c97f4c7-stvlf   1m    40Mi   
websocket-server-56c97f4c7-vv57m   1m    35Mi   
websocket-server-56c97f4c7-wb5xt   1m    43Mi   
websocket-server-56c97f4c7-wk6cv   1m    27Mi   
websocket-server-56c97f4c7-xr6xt   1m    28Mi   
websocket-server-56c97f4c7-xtjxs   1m    28Mi   
1777403830
websocket-server-56c97f4c7-kkvmx   1m    35Mi   
websocket-server-56c97f4c7-mkkdq   1m    27Mi   
websocket-server-56c97f4c7-pmf6s   1m    36Mi   
websocket-server-56c97f4c7-ps5mc   1m    42Mi   
websocket-server-56c97f4c7-stvlf   1m    40Mi   
websocket-server-56c97f4c7-vv57m   1m    35Mi   
websocket-server-56c97f4c7-wb5xt   1m    43Mi   
websocket-server-56c97f4c7-wk6cv   1m    27Mi   
websocket-server-56c97f4c7-xr6xt   1m    28Mi   
websocket-server-56c97f4c7-xtjxs   1m    28Mi   
1777403835
websocket-server-56c97f4c7-kkvmx   1m    35Mi   
websocket-server-56c97f4c7-mkkdq   1m    27Mi   
websocket-server-56c97f4c7-pmf6s   1m    36Mi   
websocket-server-56c97f4c7-ps5mc   1m    42Mi   
websocket-server-56c97f4c7-stvlf   1m    40Mi   
websocket-server-56c97f4c7-vv57m   1m    35Mi   
websocket-server-56c97f4c7-wb5xt   1m    43Mi   
websocket-server-56c97f4c7-wk6cv   1m    27Mi   
websocket-server-56c97f4c7-xr6xt   1m    28Mi   
websocket-server-56c97f4c7-xtjxs   1m    28Mi   
1777403841
websocket-server-56c97f4c7-kkvmx   1m    35Mi   
websocket-server-56c97f4c7-mkkdq   1m    27Mi   
websocket-server-56c97f4c7-pmf6s   1m    36Mi   
websocket-server-56c97f4c7-ps5mc   1m    42Mi   
websocket-server-56c97f4c7-stvlf   1m    40Mi   
websocket-server-56c97f4c7-vv57m   1m    35Mi   
websocket-server-56c97f4c7-wb5xt   1m    43Mi   
websocket-server-56c97f4c7-wk6cv   1m    27Mi   
websocket-server-56c97f4c7-xr6xt   0m    28Mi   
websocket-server-56c97f4c7-xtjxs   1m    28Mi   
1777403846
websocket-server-56c97f4c7-kkvmx   1m    35Mi   
websocket-server-56c97f4c7-mkkdq   1m    27Mi   
websocket-server-56c97f4c7-pmf6s   1m    36Mi   
websocket-server-56c97f4c7-ps5mc   1m    42Mi   
websocket-server-56c97f4c7-stvlf   1m    40Mi   
websocket-server-56c97f4c7-vv57m   1m    35Mi   
websocket-server-56c97f4c7-wb5xt   1m    43Mi   
websocket-server-56c97f4c7-wk6cv   1m    27Mi   
websocket-server-56c97f4c7-xr6xt   0m    28Mi   
websocket-server-56c97f4c7-xtjxs   1m    28Mi   
1777403851
websocket-server-56c97f4c7-kkvmx   1m    35Mi   
websocket-server-56c97f4c7-mkkdq   1m    27Mi   
websocket-server-56c97f4c7-pmf6s   1m    36Mi   
websocket-server-56c97f4c7-ps5mc   1m    42Mi   
websocket-server-56c97f4c7-stvlf   1m    40Mi   
websocket-server-56c97f4c7-vv57m   1m    35Mi   
websocket-server-56c97f4c7-wb5xt   1m    43Mi   
websocket-server-56c97f4c7-wk6cv   1m    27Mi   
websocket-server-56c97f4c7-xr6xt   0m    28Mi   
websocket-server-56c97f4c7-xtjxs   1m    28Mi   
1777403856
websocket-server-56c97f4c7-kkvmx   0m    35Mi   
websocket-server-56c97f4c7-pmf6s   1m    36Mi   
websocket-server-56c97f4c7-ps5mc   1m    42Mi   
websocket-server-56c97f4c7-stvlf   1m    40Mi   
websocket-server-56c97f4c7-vv57m   0m    35Mi   
websocket-server-56c97f4c7-wb5xt   1m    43Mi   
websocket-server-56c97f4c7-wk6cv   1m    27Mi   
websocket-server-56c97f4c7-xr6xt   0m    28Mi   
websocket-server-56c97f4c7-xtjxs   1m    28Mi   
1777403861
websocket-server-56c97f4c7-kkvmx   0m    35Mi   
websocket-server-56c97f4c7-pmf6s   1m    36Mi   
websocket-server-56c97f4c7-ps5mc   1m    42Mi   
websocket-server-56c97f4c7-stvlf   1m    40Mi   
websocket-server-56c97f4c7-vv57m   0m    35Mi   
websocket-server-56c97f4c7-wb5xt   1m    43Mi   
websocket-server-56c97f4c7-xr6xt   0m    28Mi   
websocket-server-56c97f4c7-xtjxs   1m    28Mi   
1777403866
websocket-server-56c97f4c7-kkvmx   0m    35Mi   
websocket-server-56c97f4c7-pmf6s   1m    36Mi   
websocket-server-56c97f4c7-ps5mc   1m    42Mi   
websocket-server-56c97f4c7-stvlf   1m    40Mi   
websocket-server-56c97f4c7-vv57m   0m    35Mi   
websocket-server-56c97f4c7-wb5xt   1m    43Mi   
websocket-server-56c97f4c7-xr6xt   0m    28Mi   
websocket-server-56c97f4c7-xtjxs   1m    28Mi   
1777403871
websocket-server-56c97f4c7-kkvmx   1m    35Mi   
websocket-server-56c97f4c7-pmf6s   1m    36Mi   
websocket-server-56c97f4c7-ps5mc   1m    42Mi   
websocket-server-56c97f4c7-stvlf   1m    40Mi   
websocket-server-56c97f4c7-vv57m   0m    35Mi   
websocket-server-56c97f4c7-wb5xt   1m    43Mi   
websocket-server-56c97f4c7-xr6xt   1m    28Mi   
websocket-server-56c97f4c7-xtjxs   1m    28Mi   
1777403876
websocket-server-56c97f4c7-kkvmx   1m    35Mi   
websocket-server-56c97f4c7-pmf6s   1m    36Mi   
websocket-server-56c97f4c7-ps5mc   1m    42Mi   
websocket-server-56c97f4c7-stvlf   1m    40Mi   
websocket-server-56c97f4c7-vv57m   0m    35Mi   
websocket-server-56c97f4c7-wb5xt   1m    43Mi   
websocket-server-56c97f4c7-xr6xt   1m    28Mi   
websocket-server-56c97f4c7-xtjxs   1m    28Mi   
1777403881
websocket-server-56c97f4c7-kkvmx   1m    35Mi   
websocket-server-56c97f4c7-pmf6s   1m    36Mi   
websocket-server-56c97f4c7-ps5mc   1m    42Mi   
websocket-server-56c97f4c7-stvlf   1m    40Mi   
websocket-server-56c97f4c7-vv57m   0m    35Mi   
websocket-server-56c97f4c7-wb5xt   1m    43Mi   
websocket-server-56c97f4c7-xr6xt   1m    28Mi   
websocket-server-56c97f4c7-xtjxs   1m    28Mi   
1777403886
websocket-server-56c97f4c7-kkvmx   1m    35Mi   
websocket-server-56c97f4c7-pmf6s   1m    36Mi   
websocket-server-56c97f4c7-ps5mc   1m    42Mi   
websocket-server-56c97f4c7-stvlf   1m    40Mi   
websocket-server-56c97f4c7-vv57m   1m    35Mi   
websocket-server-56c97f4c7-wb5xt   1m    43Mi   
websocket-server-56c97f4c7-xr6xt   1m    28Mi   
websocket-server-56c97f4c7-xtjxs   1m    28Mi   
1777403891
websocket-server-56c97f4c7-kkvmx   1m    35Mi   
websocket-server-56c97f4c7-pmf6s   1m    36Mi   
websocket-server-56c97f4c7-ps5mc   1m    42Mi   
websocket-server-56c97f4c7-stvlf   1m    40Mi   
websocket-server-56c97f4c7-vv57m   1m    35Mi   
websocket-server-56c97f4c7-wb5xt   1m    43Mi   
websocket-server-56c97f4c7-xr6xt   1m    28Mi   
websocket-server-56c97f4c7-xtjxs   1m    28Mi   
1777403896
websocket-server-56c97f4c7-kkvmx   1m    35Mi   
websocket-server-56c97f4c7-pmf6s   1m    36Mi   
websocket-server-56c97f4c7-ps5mc   1m    42Mi   
websocket-server-56c97f4c7-stvlf   1m    40Mi   
websocket-server-56c97f4c7-vv57m   1m    35Mi   
websocket-server-56c97f4c7-wb5xt   1m    43Mi   
websocket-server-56c97f4c7-xr6xt   1m    28Mi   
websocket-server-56c97f4c7-xtjxs   1m    28Mi   
1777403901
websocket-server-56c97f4c7-kkvmx   0m    35Mi   
websocket-server-56c97f4c7-pmf6s   1m    36Mi   
websocket-server-56c97f4c7-ps5mc   1m    42Mi   
websocket-server-56c97f4c7-stvlf   1m    40Mi   
websocket-server-56c97f4c7-vv57m   1m    35Mi   
websocket-server-56c97f4c7-wb5xt   1m    43Mi   
websocket-server-56c97f4c7-xr6xt   1m    28Mi   
websocket-server-56c97f4c7-xtjxs   1m    28Mi   
1777403906
websocket-server-56c97f4c7-kkvmx   0m    35Mi   
websocket-server-56c97f4c7-pmf6s   1m    36Mi   
websocket-server-56c97f4c7-ps5mc   1m    42Mi   
websocket-server-56c97f4c7-stvlf   1m    40Mi   
websocket-server-56c97f4c7-vv57m   1m    35Mi   
websocket-server-56c97f4c7-wb5xt   1m    43Mi   
websocket-server-56c97f4c7-xr6xt   1m    28Mi   
websocket-server-56c97f4c7-xtjxs   1m    28Mi   
1777403911
websocket-server-56c97f4c7-kkvmx   0m    35Mi   
websocket-server-56c97f4c7-pmf6s   1m    36Mi   
websocket-server-56c97f4c7-ps5mc   1m    42Mi   
websocket-server-56c97f4c7-stvlf   1m    40Mi   
websocket-server-56c97f4c7-vv57m   1m    35Mi   
websocket-server-56c97f4c7-wb5xt   1m    43Mi   
websocket-server-56c97f4c7-xr6xt   1m    28Mi   
websocket-server-56c97f4c7-xtjxs   1m    28Mi   
1777403916
websocket-server-56c97f4c7-kkvmx   1m    35Mi   
websocket-server-56c97f4c7-pmf6s   1m    36Mi   
websocket-server-56c97f4c7-ps5mc   1m    42Mi   
websocket-server-56c97f4c7-stvlf   1m    40Mi   
websocket-server-56c97f4c7-vv57m   1m    35Mi   
websocket-server-56c97f4c7-wb5xt   1m    43Mi   
websocket-server-56c97f4c7-xr6xt   1m    28Mi   
websocket-server-56c97f4c7-xtjxs   1m    28Mi   
