1781620547
websocket-server-56c97f4c7-6q5vs   1m    95Mi   
websocket-server-56c97f4c7-t7zg4   1m    94Mi   
1781620552
websocket-server-56c97f4c7-6q5vs   1m    95Mi   
websocket-server-56c97f4c7-t7zg4   1m    94Mi   
1781620557
websocket-server-56c97f4c7-6q5vs   1m    95Mi   
websocket-server-56c97f4c7-t7zg4   1m    94Mi   
1781620562
websocket-server-56c97f4c7-6q5vs   1m    95Mi   
websocket-server-56c97f4c7-t7zg4   1m    94Mi   
1781620567
websocket-server-56c97f4c7-6q5vs   1m    95Mi   
websocket-server-56c97f4c7-t7zg4   1m    94Mi   
1781620572
websocket-server-56c97f4c7-6q5vs   1m    95Mi   
websocket-server-56c97f4c7-t7zg4   3m    94Mi   
1781620577
websocket-server-56c97f4c7-6q5vs   1m    95Mi   
websocket-server-56c97f4c7-t7zg4   3m    94Mi   
1781620582
websocket-server-56c97f4c7-6q5vs   1m    95Mi   
websocket-server-56c97f4c7-t7zg4   3m    94Mi   
1781620587
websocket-server-56c97f4c7-6q5vs   3m    96Mi   
websocket-server-56c97f4c7-t7zg4   3m    94Mi   
1781620593
websocket-server-56c97f4c7-6q5vs   3m    96Mi   
websocket-server-56c97f4c7-t7zg4   3m    94Mi   
1781620598
websocket-server-56c97f4c7-6q5vs   3m    96Mi   
websocket-server-56c97f4c7-t7zg4   3m    94Mi   
1781620603
websocket-server-56c97f4c7-6q5vs   8m    96Mi   
websocket-server-56c97f4c7-t7zg4   8m    94Mi   
1781620608
websocket-server-56c97f4c7-6q5vs   8m    96Mi   
websocket-server-56c97f4c7-t7zg4   8m    94Mi   
1781620613
websocket-server-56c97f4c7-6q5vs   8m    96Mi   
websocket-server-56c97f4c7-t7zg4   8m    94Mi   
1781620618
websocket-server-56c97f4c7-54hxh   24m   29Mi   
websocket-server-56c97f4c7-6q5vs   12m   96Mi   
websocket-server-56c97f4c7-95x9f   25m   28Mi   
websocket-server-56c97f4c7-t7zg4   13m   95Mi   
1781620623
websocket-server-56c97f4c7-54hxh   24m   29Mi   
websocket-server-56c97f4c7-6q5vs   12m   96Mi   
websocket-server-56c97f4c7-95x9f   25m   28Mi   
websocket-server-56c97f4c7-t7zg4   13m   95Mi   
1781620628
websocket-server-56c97f4c7-54hxh   24m   29Mi   
websocket-server-56c97f4c7-6q5vs   12m   96Mi   
websocket-server-56c97f4c7-95x9f   25m   28Mi   
websocket-server-56c97f4c7-t7zg4   13m   95Mi   
1781620633
websocket-server-56c97f4c7-2x8hf   19m   28Mi   
websocket-server-56c97f4c7-54hxh   4m    30Mi   
websocket-server-56c97f4c7-6q5vs   14m   97Mi   
websocket-server-56c97f4c7-95x9f   25m   28Mi   
websocket-server-56c97f4c7-t7zg4   15m   95Mi   
1781620638
websocket-server-56c97f4c7-2x8hf   19m   28Mi   
websocket-server-56c97f4c7-54hxh   4m    30Mi   
websocket-server-56c97f4c7-6q5vs   14m   97Mi   
websocket-server-56c97f4c7-95x9f   25m   28Mi   
websocket-server-56c97f4c7-t7zg4   15m   95Mi   
1781620643
websocket-server-56c97f4c7-2x8hf   19m   28Mi   
websocket-server-56c97f4c7-54hxh   4m    30Mi   
websocket-server-56c97f4c7-6q5vs   14m   97Mi   
websocket-server-56c97f4c7-95x9f   25m   28Mi   
websocket-server-56c97f4c7-t7zg4   15m   95Mi   
1781620648
websocket-server-56c97f4c7-2x8hf   19m   28Mi   
websocket-server-56c97f4c7-54hxh   6m    32Mi   
websocket-server-56c97f4c7-6q5vs   15m   96Mi   
websocket-server-56c97f4c7-95x9f   4m    30Mi   
websocket-server-56c97f4c7-t7zg4   15m   95Mi   
websocket-server-56c97f4c7-xg4tf   2m    28Mi   
1781620653
websocket-server-56c97f4c7-2x8hf   19m   28Mi   
websocket-server-56c97f4c7-54hxh   6m    32Mi   
websocket-server-56c97f4c7-6q5vs   15m   96Mi   
websocket-server-56c97f4c7-95x9f   4m    30Mi   
websocket-server-56c97f4c7-t7zg4   15m   95Mi   
websocket-server-56c97f4c7-xg4tf   2m    28Mi   
1781620658
websocket-server-56c97f4c7-2x8hf   19m   28Mi   
websocket-server-56c97f4c7-54hxh   6m    32Mi   
websocket-server-56c97f4c7-6q5vs   15m   96Mi   
websocket-server-56c97f4c7-95x9f   4m    30Mi   
websocket-server-56c97f4c7-t7zg4   15m   95Mi   
websocket-server-56c97f4c7-xg4tf   2m    28Mi   
1781620663
websocket-server-56c97f4c7-2x8hf   3m    29Mi   
websocket-server-56c97f4c7-54hxh   6m    32Mi   
websocket-server-56c97f4c7-6q5vs   15m   96Mi   
websocket-server-56c97f4c7-95x9f   5m    31Mi   
websocket-server-56c97f4c7-bchx5   20m   27Mi   
websocket-server-56c97f4c7-lz79z   1m    28Mi   
websocket-server-56c97f4c7-t7zg4   16m   95Mi   
websocket-server-56c97f4c7-xg4tf   3m    29Mi   
1781620668
websocket-server-56c97f4c7-2x8hf   3m    29Mi   
websocket-server-56c97f4c7-54hxh   6m    32Mi   
websocket-server-56c97f4c7-6q5vs   15m   96Mi   
websocket-server-56c97f4c7-95x9f   5m    31Mi   
websocket-server-56c97f4c7-bchx5   20m   27Mi   
websocket-server-56c97f4c7-lz79z   1m    28Mi   
websocket-server-56c97f4c7-t7zg4   16m   95Mi   
websocket-server-56c97f4c7-xg4tf   3m    29Mi   
1781620673
websocket-server-56c97f4c7-2x8hf   3m    29Mi   
websocket-server-56c97f4c7-54hxh   6m    32Mi   
websocket-server-56c97f4c7-6q5vs   15m   96Mi   
websocket-server-56c97f4c7-95x9f   5m    31Mi   
websocket-server-56c97f4c7-bchx5   20m   27Mi   
websocket-server-56c97f4c7-lz79z   1m    28Mi   
websocket-server-56c97f4c7-t7zg4   16m   95Mi   
websocket-server-56c97f4c7-xg4tf   3m    29Mi   
1781620678
websocket-server-56c97f4c7-2x8hf   3m    29Mi   
websocket-server-56c97f4c7-54hxh   6m    32Mi   
websocket-server-56c97f4c7-6q5vs   15m   97Mi   
websocket-server-56c97f4c7-95x9f   5m    31Mi   
websocket-server-56c97f4c7-bchx5   20m   27Mi   
websocket-server-56c97f4c7-lz79z   1m    28Mi   
websocket-server-56c97f4c7-t7zg4   16m   95Mi   
websocket-server-56c97f4c7-xg4tf   3m    28Mi   
1781620683
websocket-server-56c97f4c7-2x8hf   3m    29Mi   
websocket-server-56c97f4c7-54hxh   6m    32Mi   
websocket-server-56c97f4c7-6q5vs   15m   97Mi   
websocket-server-56c97f4c7-95x9f   5m    31Mi   
websocket-server-56c97f4c7-bchx5   20m   27Mi   
websocket-server-56c97f4c7-lz79z   1m    28Mi   
websocket-server-56c97f4c7-t7zg4   16m   95Mi   
websocket-server-56c97f4c7-xg4tf   3m    28Mi   
1781620688
websocket-server-56c97f4c7-2x8hf   3m    29Mi   
websocket-server-56c97f4c7-54hxh   6m    32Mi   
websocket-server-56c97f4c7-6q5vs   15m   97Mi   
websocket-server-56c97f4c7-95x9f   5m    31Mi   
websocket-server-56c97f4c7-bchx5   20m   27Mi   
websocket-server-56c97f4c7-lz79z   1m    28Mi   
websocket-server-56c97f4c7-t7zg4   16m   95Mi   
websocket-server-56c97f4c7-xg4tf   3m    28Mi   
1781620694
websocket-server-56c97f4c7-2x8hf   3m    29Mi   
websocket-server-56c97f4c7-54hxh   6m    32Mi   
websocket-server-56c97f4c7-6q5vs   12m   97Mi   
websocket-server-56c97f4c7-95x9f   5m    31Mi   
websocket-server-56c97f4c7-bchx5   1m    27Mi   
websocket-server-56c97f4c7-lz79z   1m    28Mi   
websocket-server-56c97f4c7-t7zg4   16m   95Mi   
websocket-server-56c97f4c7-xg4tf   2m    29Mi   
1781620699
websocket-server-56c97f4c7-2x8hf   3m    29Mi   
websocket-server-56c97f4c7-54hxh   6m    32Mi   
websocket-server-56c97f4c7-6q5vs   12m   97Mi   
websocket-server-56c97f4c7-95x9f   5m    31Mi   
websocket-server-56c97f4c7-bchx5   1m    27Mi   
websocket-server-56c97f4c7-lz79z   1m    28Mi   
websocket-server-56c97f4c7-t7zg4   16m   95Mi   
websocket-server-56c97f4c7-xg4tf   2m    29Mi   
1781620704
websocket-server-56c97f4c7-2x8hf   3m    29Mi   
websocket-server-56c97f4c7-54hxh   6m    32Mi   
websocket-server-56c97f4c7-6q5vs   12m   97Mi   
websocket-server-56c97f4c7-95x9f   5m    31Mi   
websocket-server-56c97f4c7-bchx5   1m    27Mi   
websocket-server-56c97f4c7-lz79z   1m    28Mi   
websocket-server-56c97f4c7-t7zg4   16m   95Mi   
websocket-server-56c97f4c7-xg4tf   2m    29Mi   
1781620709
websocket-server-56c97f4c7-2x8hf   1m    29Mi   
websocket-server-56c97f4c7-54hxh   3m    32Mi   
websocket-server-56c97f4c7-6q5vs   5m    97Mi   
websocket-server-56c97f4c7-95x9f   2m    31Mi   
websocket-server-56c97f4c7-bchx5   1m    27Mi   
websocket-server-56c97f4c7-lz79z   1m    28Mi   
websocket-server-56c97f4c7-t7zg4   10m   95Mi   
websocket-server-56c97f4c7-xg4tf   1m    28Mi   
1781620714
websocket-server-56c97f4c7-2x8hf   1m    29Mi   
websocket-server-56c97f4c7-54hxh   3m    32Mi   
websocket-server-56c97f4c7-6q5vs   5m    97Mi   
websocket-server-56c97f4c7-95x9f   2m    31Mi   
websocket-server-56c97f4c7-bchx5   1m    27Mi   
websocket-server-56c97f4c7-lz79z   1m    28Mi   
websocket-server-56c97f4c7-t7zg4   10m   95Mi   
websocket-server-56c97f4c7-xg4tf   1m    28Mi   
1781620719
websocket-server-56c97f4c7-2x8hf   1m    29Mi   
websocket-server-56c97f4c7-54hxh   3m    32Mi   
websocket-server-56c97f4c7-6q5vs   5m    97Mi   
websocket-server-56c97f4c7-95x9f   2m    31Mi   
websocket-server-56c97f4c7-bchx5   1m    27Mi   
websocket-server-56c97f4c7-lz79z   1m    28Mi   
websocket-server-56c97f4c7-t7zg4   10m   95Mi   
websocket-server-56c97f4c7-xg4tf   1m    28Mi   
1781620724
websocket-server-56c97f4c7-2x8hf   1m    29Mi   
websocket-server-56c97f4c7-54hxh   2m    32Mi   
websocket-server-56c97f4c7-6q5vs   6m    96Mi   
websocket-server-56c97f4c7-95x9f   2m    31Mi   
websocket-server-56c97f4c7-bchx5   1m    27Mi   
websocket-server-56c97f4c7-lz79z   1m    28Mi   
websocket-server-56c97f4c7-t7zg4   5m    95Mi   
websocket-server-56c97f4c7-xg4tf   1m    28Mi   
1781620729
websocket-server-56c97f4c7-2x8hf   1m    29Mi   
websocket-server-56c97f4c7-54hxh   2m    32Mi   
websocket-server-56c97f4c7-6q5vs   6m    96Mi   
websocket-server-56c97f4c7-95x9f   2m    31Mi   
websocket-server-56c97f4c7-bchx5   1m    27Mi   
websocket-server-56c97f4c7-lz79z   1m    28Mi   
websocket-server-56c97f4c7-t7zg4   5m    95Mi   
websocket-server-56c97f4c7-xg4tf   1m    28Mi   
1781620734
websocket-server-56c97f4c7-2x8hf   1m    29Mi   
websocket-server-56c97f4c7-54hxh   2m    32Mi   
websocket-server-56c97f4c7-6q5vs   6m    96Mi   
websocket-server-56c97f4c7-95x9f   2m    31Mi   
websocket-server-56c97f4c7-bchx5   1m    27Mi   
websocket-server-56c97f4c7-lz79z   1m    28Mi   
websocket-server-56c97f4c7-t7zg4   5m    95Mi   
websocket-server-56c97f4c7-xg4tf   1m    28Mi   
1781620739
websocket-server-56c97f4c7-2x8hf   1m    30Mi   
websocket-server-56c97f4c7-54hxh   2m    32Mi   
websocket-server-56c97f4c7-6q5vs   6m    96Mi   
websocket-server-56c97f4c7-95x9f   2m    31Mi   
websocket-server-56c97f4c7-bchx5   0m    27Mi   
websocket-server-56c97f4c7-lz79z   1m    28Mi   
websocket-server-56c97f4c7-t7zg4   5m    95Mi   
websocket-server-56c97f4c7-xg4tf   1m    28Mi   
1781620744
websocket-server-56c97f4c7-2x8hf   1m    30Mi   
websocket-server-56c97f4c7-54hxh   2m    32Mi   
websocket-server-56c97f4c7-6q5vs   6m    96Mi   
websocket-server-56c97f4c7-95x9f   2m    31Mi   
websocket-server-56c97f4c7-bchx5   0m    27Mi   
websocket-server-56c97f4c7-lz79z   1m    28Mi   
websocket-server-56c97f4c7-t7zg4   5m    95Mi   
websocket-server-56c97f4c7-xg4tf   1m    28Mi   
1781620749
websocket-server-56c97f4c7-2x8hf   1m    30Mi   
websocket-server-56c97f4c7-54hxh   2m    32Mi   
websocket-server-56c97f4c7-6q5vs   6m    96Mi   
websocket-server-56c97f4c7-95x9f   2m    31Mi   
websocket-server-56c97f4c7-bchx5   0m    27Mi   
websocket-server-56c97f4c7-lz79z   1m    28Mi   
websocket-server-56c97f4c7-t7zg4   5m    95Mi   
websocket-server-56c97f4c7-xg4tf   1m    28Mi   
1781620754
websocket-server-56c97f4c7-2x8hf   4m    29Mi   
websocket-server-56c97f4c7-54hxh   3m    32Mi   
websocket-server-56c97f4c7-6q5vs   5m    96Mi   
websocket-server-56c97f4c7-95x9f   2m    31Mi   
websocket-server-56c97f4c7-bchx5   1m    28Mi   
websocket-server-56c97f4c7-lz79z   1m    28Mi   
websocket-server-56c97f4c7-t7zg4   11m   94Mi   
websocket-server-56c97f4c7-xg4tf   1m    28Mi   
1781620759
websocket-server-56c97f4c7-2x8hf   4m    29Mi   
websocket-server-56c97f4c7-54hxh   3m    32Mi   
websocket-server-56c97f4c7-6q5vs   5m    96Mi   
websocket-server-56c97f4c7-95x9f   2m    31Mi   
websocket-server-56c97f4c7-bchx5   1m    28Mi   
websocket-server-56c97f4c7-lz79z   1m    28Mi   
websocket-server-56c97f4c7-t7zg4   11m   94Mi   
websocket-server-56c97f4c7-xg4tf   1m    28Mi   
1781620764
websocket-server-56c97f4c7-2x8hf   4m    29Mi   
websocket-server-56c97f4c7-54hxh   3m    32Mi   
websocket-server-56c97f4c7-6q5vs   5m    96Mi   
websocket-server-56c97f4c7-95x9f   2m    31Mi   
websocket-server-56c97f4c7-bchx5   1m    28Mi   
websocket-server-56c97f4c7-lz79z   1m    28Mi   
websocket-server-56c97f4c7-t7zg4   11m   94Mi   
websocket-server-56c97f4c7-xg4tf   1m    28Mi   
1781620769
websocket-server-56c97f4c7-2x8hf   1m    29Mi   
websocket-server-56c97f4c7-54hxh   1m    32Mi   
websocket-server-56c97f4c7-6q5vs   9m    95Mi   
websocket-server-56c97f4c7-95x9f   3m    31Mi   
websocket-server-56c97f4c7-bchx5   1m    28Mi   
websocket-server-56c97f4c7-lz79z   1m    28Mi   
websocket-server-56c97f4c7-t7zg4   1m    94Mi   
websocket-server-56c97f4c7-xg4tf   2m    29Mi   
1781620774
websocket-server-56c97f4c7-2x8hf   1m    29Mi   
websocket-server-56c97f4c7-54hxh   1m    32Mi   
websocket-server-56c97f4c7-6q5vs   9m    95Mi   
websocket-server-56c97f4c7-95x9f   3m    31Mi   
websocket-server-56c97f4c7-bchx5   1m    28Mi   
websocket-server-56c97f4c7-lz79z   1m    28Mi   
websocket-server-56c97f4c7-t7zg4   1m    94Mi   
websocket-server-56c97f4c7-xg4tf   2m    29Mi   
1781620779
websocket-server-56c97f4c7-2x8hf   1m    29Mi   
websocket-server-56c97f4c7-54hxh   1m    32Mi   
websocket-server-56c97f4c7-6q5vs   9m    95Mi   
websocket-server-56c97f4c7-95x9f   3m    31Mi   
websocket-server-56c97f4c7-bchx5   1m    28Mi   
websocket-server-56c97f4c7-lz79z   1m    28Mi   
websocket-server-56c97f4c7-t7zg4   1m    94Mi   
websocket-server-56c97f4c7-xg4tf   2m    29Mi   
1781620784
websocket-server-56c97f4c7-2x8hf   1m    29Mi   
websocket-server-56c97f4c7-54hxh   1m    32Mi   
websocket-server-56c97f4c7-6q5vs   1m    95Mi   
websocket-server-56c97f4c7-95x9f   1m    31Mi   
websocket-server-56c97f4c7-bchx5   1m    28Mi   
websocket-server-56c97f4c7-lz79z   1m    28Mi   
websocket-server-56c97f4c7-t7zg4   1m    94Mi   
websocket-server-56c97f4c7-xg4tf   1m    29Mi   
1781620789
websocket-server-56c97f4c7-2x8hf   1m    29Mi   
websocket-server-56c97f4c7-54hxh   1m    32Mi   
websocket-server-56c97f4c7-6q5vs   1m    95Mi   
websocket-server-56c97f4c7-95x9f   1m    31Mi   
websocket-server-56c97f4c7-bchx5   1m    28Mi   
websocket-server-56c97f4c7-lz79z   1m    28Mi   
websocket-server-56c97f4c7-t7zg4   1m    94Mi   
websocket-server-56c97f4c7-xg4tf   1m    29Mi   
1781620794
websocket-server-56c97f4c7-2x8hf   1m    29Mi   
websocket-server-56c97f4c7-54hxh   1m    32Mi   
websocket-server-56c97f4c7-6q5vs   1m    95Mi   
websocket-server-56c97f4c7-95x9f   1m    31Mi   
websocket-server-56c97f4c7-bchx5   1m    28Mi   
websocket-server-56c97f4c7-lz79z   1m    28Mi   
websocket-server-56c97f4c7-t7zg4   1m    94Mi   
websocket-server-56c97f4c7-xg4tf   1m    29Mi   
1781620800
websocket-server-56c97f4c7-2x8hf   1m    29Mi   
websocket-server-56c97f4c7-54hxh   1m    32Mi   
websocket-server-56c97f4c7-6q5vs   1m    95Mi   
websocket-server-56c97f4c7-95x9f   1m    31Mi   
websocket-server-56c97f4c7-bchx5   1m    28Mi   
websocket-server-56c97f4c7-lz79z   1m    28Mi   
websocket-server-56c97f4c7-t7zg4   1m    94Mi   
websocket-server-56c97f4c7-xg4tf   1m    29Mi   
1781620805
websocket-server-56c97f4c7-2x8hf   1m    29Mi   
websocket-server-56c97f4c7-54hxh   1m    32Mi   
websocket-server-56c97f4c7-6q5vs   1m    95Mi   
websocket-server-56c97f4c7-95x9f   1m    31Mi   
websocket-server-56c97f4c7-bchx5   1m    28Mi   
websocket-server-56c97f4c7-lz79z   1m    28Mi   
websocket-server-56c97f4c7-t7zg4   1m    94Mi   
websocket-server-56c97f4c7-xg4tf   1m    29Mi   
1781620810
websocket-server-56c97f4c7-2x8hf   1m    29Mi   
websocket-server-56c97f4c7-54hxh   1m    32Mi   
websocket-server-56c97f4c7-6q5vs   1m    95Mi   
websocket-server-56c97f4c7-95x9f   1m    31Mi   
websocket-server-56c97f4c7-bchx5   1m    28Mi   
websocket-server-56c97f4c7-lz79z   1m    28Mi   
websocket-server-56c97f4c7-t7zg4   1m    94Mi   
websocket-server-56c97f4c7-xg4tf   1m    29Mi   
1781620815
websocket-server-56c97f4c7-2x8hf   1m    30Mi   
websocket-server-56c97f4c7-54hxh   0m    32Mi   
websocket-server-56c97f4c7-6q5vs   1m    95Mi   
websocket-server-56c97f4c7-95x9f   1m    31Mi   
websocket-server-56c97f4c7-bchx5   1m    28Mi   
websocket-server-56c97f4c7-lz79z   1m    28Mi   
websocket-server-56c97f4c7-t7zg4   1m    94Mi   
websocket-server-56c97f4c7-xg4tf   1m    29Mi   
1781620820
websocket-server-56c97f4c7-2x8hf   1m    30Mi   
websocket-server-56c97f4c7-54hxh   0m    32Mi   
websocket-server-56c97f4c7-6q5vs   1m    95Mi   
websocket-server-56c97f4c7-95x9f   1m    31Mi   
websocket-server-56c97f4c7-bchx5   1m    28Mi   
websocket-server-56c97f4c7-lz79z   1m    28Mi   
websocket-server-56c97f4c7-t7zg4   1m    94Mi   
websocket-server-56c97f4c7-xg4tf   1m    29Mi   
1781620825
websocket-server-56c97f4c7-2x8hf   1m    30Mi   
websocket-server-56c97f4c7-54hxh   0m    32Mi   
websocket-server-56c97f4c7-6q5vs   1m    95Mi   
websocket-server-56c97f4c7-95x9f   1m    31Mi   
websocket-server-56c97f4c7-bchx5   1m    28Mi   
websocket-server-56c97f4c7-lz79z   1m    28Mi   
websocket-server-56c97f4c7-t7zg4   1m    94Mi   
websocket-server-56c97f4c7-xg4tf   1m    29Mi   
1781620830
websocket-server-56c97f4c7-2x8hf   2m    30Mi   
websocket-server-56c97f4c7-54hxh   2m    33Mi   
websocket-server-56c97f4c7-6q5vs   1m    96Mi   
websocket-server-56c97f4c7-95x9f   2m    32Mi   
websocket-server-56c97f4c7-bchx5   2m    28Mi   
websocket-server-56c97f4c7-lz79z   2m    29Mi   
websocket-server-56c97f4c7-t7zg4   2m    94Mi   
websocket-server-56c97f4c7-xg4tf   1m    29Mi   
1781620835
websocket-server-56c97f4c7-2x8hf   2m    30Mi   
websocket-server-56c97f4c7-54hxh   2m    33Mi   
websocket-server-56c97f4c7-6q5vs   1m    96Mi   
websocket-server-56c97f4c7-95x9f   2m    32Mi   
websocket-server-56c97f4c7-bchx5   2m    28Mi   
websocket-server-56c97f4c7-lz79z   2m    29Mi   
websocket-server-56c97f4c7-t7zg4   2m    94Mi   
websocket-server-56c97f4c7-xg4tf   1m    29Mi   
1781620840
websocket-server-56c97f4c7-2x8hf   2m    30Mi   
websocket-server-56c97f4c7-54hxh   2m    33Mi   
websocket-server-56c97f4c7-6q5vs   1m    96Mi   
websocket-server-56c97f4c7-95x9f   2m    32Mi   
websocket-server-56c97f4c7-bchx5   2m    28Mi   
websocket-server-56c97f4c7-lz79z   2m    29Mi   
websocket-server-56c97f4c7-t7zg4   2m    94Mi   
websocket-server-56c97f4c7-xg4tf   1m    29Mi   
1781620845
websocket-server-56c97f4c7-2x8hf   3m    31Mi   
websocket-server-56c97f4c7-54hxh   4m    35Mi   
websocket-server-56c97f4c7-6q5vs   3m    96Mi   
websocket-server-56c97f4c7-95x9f   3m    32Mi   
websocket-server-56c97f4c7-bchx5   3m    30Mi   
websocket-server-56c97f4c7-lz79z   2m    29Mi   
websocket-server-56c97f4c7-t7zg4   3m    94Mi   
websocket-server-56c97f4c7-xg4tf   3m    30Mi   
1781620850
websocket-server-56c97f4c7-2x8hf   3m    31Mi   
websocket-server-56c97f4c7-54hxh   4m    35Mi   
websocket-server-56c97f4c7-6q5vs   3m    96Mi   
websocket-server-56c97f4c7-95x9f   3m    32Mi   
websocket-server-56c97f4c7-bchx5   3m    30Mi   
websocket-server-56c97f4c7-lz79z   2m    29Mi   
websocket-server-56c97f4c7-t7zg4   3m    94Mi   
websocket-server-56c97f4c7-xg4tf   3m    30Mi   
1781620855
websocket-server-56c97f4c7-2x8hf   3m    31Mi   
websocket-server-56c97f4c7-54hxh   4m    35Mi   
websocket-server-56c97f4c7-6q5vs   3m    96Mi   
websocket-server-56c97f4c7-95x9f   3m    32Mi   
websocket-server-56c97f4c7-bchx5   3m    30Mi   
websocket-server-56c97f4c7-lz79z   2m    29Mi   
websocket-server-56c97f4c7-t7zg4   3m    94Mi   
websocket-server-56c97f4c7-xg4tf   3m    30Mi   
1781620860
websocket-server-56c97f4c7-2x8hf   3m    31Mi   
websocket-server-56c97f4c7-54hxh   4m    36Mi   
websocket-server-56c97f4c7-6q5vs   3m    96Mi   
websocket-server-56c97f4c7-95x9f   4m    32Mi   
websocket-server-56c97f4c7-bchx5   4m    31Mi   
websocket-server-56c97f4c7-lz79z   3m    30Mi   
websocket-server-56c97f4c7-t7zg4   4m    94Mi   
websocket-server-56c97f4c7-xg4tf   4m    31Mi   
1781620865
websocket-server-56c97f4c7-2x8hf   3m    31Mi   
websocket-server-56c97f4c7-54hxh   4m    36Mi   
websocket-server-56c97f4c7-6q5vs   3m    96Mi   
websocket-server-56c97f4c7-95x9f   4m    32Mi   
websocket-server-56c97f4c7-bchx5   4m    31Mi   
websocket-server-56c97f4c7-lz79z   3m    30Mi   
websocket-server-56c97f4c7-t7zg4   4m    94Mi   
websocket-server-56c97f4c7-xg4tf   4m    31Mi   
1781620870
websocket-server-56c97f4c7-2x8hf   3m    31Mi   
websocket-server-56c97f4c7-54hxh   4m    36Mi   
websocket-server-56c97f4c7-6q5vs   3m    96Mi   
websocket-server-56c97f4c7-95x9f   4m    32Mi   
websocket-server-56c97f4c7-bchx5   4m    31Mi   
websocket-server-56c97f4c7-lz79z   3m    30Mi   
websocket-server-56c97f4c7-t7zg4   4m    94Mi   
websocket-server-56c97f4c7-xg4tf   4m    31Mi   
1781620875
websocket-server-56c97f4c7-2x8hf   4m    32Mi   
websocket-server-56c97f4c7-54hxh   5m    36Mi   
websocket-server-56c97f4c7-6q5vs   4m    96Mi   
websocket-server-56c97f4c7-95x9f   6m    32Mi   
websocket-server-56c97f4c7-bchx5   6m    32Mi   
websocket-server-56c97f4c7-lz79z   4m    31Mi   
websocket-server-56c97f4c7-t7zg4   5m    94Mi   
websocket-server-56c97f4c7-xg4tf   5m    32Mi   
1781620880
websocket-server-56c97f4c7-2x8hf   4m    32Mi   
websocket-server-56c97f4c7-54hxh   5m    36Mi   
websocket-server-56c97f4c7-6q5vs   4m    96Mi   
websocket-server-56c97f4c7-95x9f   6m    32Mi   
websocket-server-56c97f4c7-bchx5   6m    32Mi   
websocket-server-56c97f4c7-lz79z   4m    31Mi   
websocket-server-56c97f4c7-t7zg4   5m    94Mi   
websocket-server-56c97f4c7-xg4tf   5m    32Mi   
1781620885
websocket-server-56c97f4c7-2x8hf   4m    32Mi   
websocket-server-56c97f4c7-54hxh   5m    36Mi   
websocket-server-56c97f4c7-6q5vs   4m    96Mi   
websocket-server-56c97f4c7-95x9f   6m    32Mi   
websocket-server-56c97f4c7-bchx5   6m    32Mi   
websocket-server-56c97f4c7-lz79z   4m    31Mi   
websocket-server-56c97f4c7-t7zg4   5m    94Mi   
websocket-server-56c97f4c7-xg4tf   5m    32Mi   
1781620890
websocket-server-56c97f4c7-2x8hf   6m    33Mi   
websocket-server-56c97f4c7-54hxh   6m    37Mi   
websocket-server-56c97f4c7-6q5vs   8m    96Mi   
websocket-server-56c97f4c7-95x9f   6m    32Mi   
websocket-server-56c97f4c7-bchx5   7m    33Mi   
websocket-server-56c97f4c7-lz79z   4m    31Mi   
websocket-server-56c97f4c7-t7zg4   6m    94Mi   
websocket-server-56c97f4c7-xg4tf   6m    32Mi   
1781620895
websocket-server-56c97f4c7-2x8hf   6m    33Mi   
websocket-server-56c97f4c7-54hxh   6m    37Mi   
websocket-server-56c97f4c7-6q5vs   8m    96Mi   
websocket-server-56c97f4c7-95x9f   6m    32Mi   
websocket-server-56c97f4c7-bchx5   7m    33Mi   
websocket-server-56c97f4c7-t7zg4   6m    94Mi   
websocket-server-56c97f4c7-xg4tf   6m    32Mi   
1781620900
websocket-server-56c97f4c7-2x8hf   6m    33Mi   
websocket-server-56c97f4c7-6q5vs   8m    96Mi   
websocket-server-56c97f4c7-95x9f   6m    32Mi   
websocket-server-56c97f4c7-bchx5   7m    33Mi   
websocket-server-56c97f4c7-t7zg4   6m    94Mi   
websocket-server-56c97f4c7-xg4tf   6m    32Mi   
1781620906
websocket-server-56c97f4c7-2x8hf   6m    33Mi   
websocket-server-56c97f4c7-6q5vs   7m    96Mi   
websocket-server-56c97f4c7-95x9f   7m    34Mi   
websocket-server-56c97f4c7-bchx5   8m    35Mi   
websocket-server-56c97f4c7-n9jz8   2m    28Mi   
websocket-server-56c97f4c7-s5brw   24m   28Mi   
websocket-server-56c97f4c7-t7zg4   6m    94Mi   
websocket-server-56c97f4c7-xg4tf   7m    34Mi   
1781620911
websocket-server-56c97f4c7-2x8hf   6m    33Mi   
websocket-server-56c97f4c7-6q5vs   7m    96Mi   
websocket-server-56c97f4c7-95x9f   7m    34Mi   
websocket-server-56c97f4c7-bchx5   8m    35Mi   
websocket-server-56c97f4c7-n9jz8   2m    28Mi   
websocket-server-56c97f4c7-s5brw   24m   28Mi   
websocket-server-56c97f4c7-t7zg4   6m    94Mi   
websocket-server-56c97f4c7-xg4tf   7m    34Mi   
1781620916
websocket-server-56c97f4c7-2x8hf   6m    33Mi   
websocket-server-56c97f4c7-6q5vs   7m    96Mi   
websocket-server-56c97f4c7-95x9f   7m    34Mi   
websocket-server-56c97f4c7-bchx5   8m    35Mi   
websocket-server-56c97f4c7-n9jz8   2m    28Mi   
websocket-server-56c97f4c7-s5brw   24m   28Mi   
websocket-server-56c97f4c7-t7zg4   6m    94Mi   
websocket-server-56c97f4c7-xg4tf   7m    34Mi   
1781620921
websocket-server-56c97f4c7-2x8hf   7m    34Mi   
websocket-server-56c97f4c7-6q5vs   8m    96Mi   
websocket-server-56c97f4c7-95x9f   7m    34Mi   
websocket-server-56c97f4c7-bchx5   8m    36Mi   
websocket-server-56c97f4c7-n9jz8   2m    29Mi   
websocket-server-56c97f4c7-r4nnn   22m   27Mi   
websocket-server-56c97f4c7-s5brw   2m    28Mi   
websocket-server-56c97f4c7-t7zg4   8m    94Mi   
websocket-server-56c97f4c7-xg4tf   7m    34Mi   
1781620926
websocket-server-56c97f4c7-2x8hf   7m    34Mi   
websocket-server-56c97f4c7-6q5vs   8m    96Mi   
websocket-server-56c97f4c7-95x9f   7m    34Mi   
websocket-server-56c97f4c7-bchx5   8m    36Mi   
websocket-server-56c97f4c7-n9jz8   2m    29Mi   
websocket-server-56c97f4c7-r4nnn   22m   27Mi   
websocket-server-56c97f4c7-s5brw   2m    28Mi   
websocket-server-56c97f4c7-t7zg4   8m    94Mi   
websocket-server-56c97f4c7-xg4tf   7m    34Mi   
1781620931
websocket-server-56c97f4c7-2x8hf   7m    34Mi   
websocket-server-56c97f4c7-6q5vs   8m    96Mi   
websocket-server-56c97f4c7-95x9f   7m    34Mi   
websocket-server-56c97f4c7-bchx5   8m    36Mi   
websocket-server-56c97f4c7-n9jz8   2m    29Mi   
websocket-server-56c97f4c7-r4nnn   22m   27Mi   
websocket-server-56c97f4c7-s5brw   2m    28Mi   
websocket-server-56c97f4c7-t7zg4   8m    94Mi   
websocket-server-56c97f4c7-xg4tf   7m    34Mi   
1781620936
websocket-server-56c97f4c7-2x8hf   6m    34Mi   
websocket-server-56c97f4c7-6q5vs   6m    96Mi   
websocket-server-56c97f4c7-95x9f   7m    35Mi   
websocket-server-56c97f4c7-bchx5   8m    36Mi   
websocket-server-56c97f4c7-dhqd9   1m    28Mi   
websocket-server-56c97f4c7-n9jz8   2m    29Mi   
websocket-server-56c97f4c7-r4nnn   1m    27Mi   
websocket-server-56c97f4c7-s5brw   2m    28Mi   
websocket-server-56c97f4c7-t7zg4   7m    95Mi   
websocket-server-56c97f4c7-xg4tf   7m    34Mi   
1781620941
websocket-server-56c97f4c7-2x8hf   6m    34Mi   
websocket-server-56c97f4c7-6q5vs   6m    96Mi   
websocket-server-56c97f4c7-95x9f   7m    35Mi   
websocket-server-56c97f4c7-bchx5   8m    36Mi   
websocket-server-56c97f4c7-dhqd9   1m    28Mi   
websocket-server-56c97f4c7-n9jz8   2m    29Mi   
websocket-server-56c97f4c7-r4nnn   1m    27Mi   
websocket-server-56c97f4c7-s5brw   2m    28Mi   
websocket-server-56c97f4c7-t7zg4   7m    95Mi   
websocket-server-56c97f4c7-xg4tf   7m    34Mi   
1781620946
websocket-server-56c97f4c7-2x8hf   6m    34Mi   
websocket-server-56c97f4c7-6q5vs   6m    96Mi   
websocket-server-56c97f4c7-95x9f   7m    35Mi   
websocket-server-56c97f4c7-bchx5   8m    36Mi   
websocket-server-56c97f4c7-dhqd9   1m    28Mi   
websocket-server-56c97f4c7-n9jz8   2m    29Mi   
websocket-server-56c97f4c7-r4nnn   1m    27Mi   
websocket-server-56c97f4c7-s5brw   2m    28Mi   
websocket-server-56c97f4c7-t7zg4   7m    95Mi   
websocket-server-56c97f4c7-xg4tf   7m    34Mi   
1781620951
websocket-server-56c97f4c7-2x8hf   2m    34Mi   
websocket-server-56c97f4c7-6q5vs   2m    96Mi   
websocket-server-56c97f4c7-95x9f   4m    35Mi   
websocket-server-56c97f4c7-bchx5   4m    35Mi   
websocket-server-56c97f4c7-dhqd9   1m    28Mi   
websocket-server-56c97f4c7-n9jz8   2m    29Mi   
websocket-server-56c97f4c7-r4nnn   1m    27Mi   
websocket-server-56c97f4c7-s5brw   1m    28Mi   
websocket-server-56c97f4c7-t7zg4   3m    94Mi   
websocket-server-56c97f4c7-xg4tf   3m    34Mi   
1781620956
websocket-server-56c97f4c7-2x8hf   2m    34Mi   
websocket-server-56c97f4c7-6q5vs   2m    96Mi   
websocket-server-56c97f4c7-95x9f   4m    35Mi   
websocket-server-56c97f4c7-bchx5   4m    35Mi   
websocket-server-56c97f4c7-dhqd9   1m    28Mi   
websocket-server-56c97f4c7-n9jz8   2m    29Mi   
websocket-server-56c97f4c7-r4nnn   1m    27Mi   
websocket-server-56c97f4c7-s5brw   1m    28Mi   
websocket-server-56c97f4c7-t7zg4   3m    94Mi   
websocket-server-56c97f4c7-xg4tf   3m    34Mi   
1781620961
websocket-server-56c97f4c7-2x8hf   2m    34Mi   
websocket-server-56c97f4c7-6q5vs   2m    96Mi   
websocket-server-56c97f4c7-95x9f   4m    35Mi   
websocket-server-56c97f4c7-bchx5   4m    35Mi   
websocket-server-56c97f4c7-dhqd9   1m    28Mi   
websocket-server-56c97f4c7-n9jz8   2m    29Mi   
websocket-server-56c97f4c7-r4nnn   1m    27Mi   
websocket-server-56c97f4c7-s5brw   1m    28Mi   
websocket-server-56c97f4c7-t7zg4   3m    94Mi   
websocket-server-56c97f4c7-xg4tf   3m    34Mi   
1781620966
websocket-server-56c97f4c7-2x8hf   3m    34Mi   
websocket-server-56c97f4c7-6q5vs   3m    96Mi   
websocket-server-56c97f4c7-95x9f   4m    35Mi   
websocket-server-56c97f4c7-bchx5   4m    35Mi   
websocket-server-56c97f4c7-dhqd9   1m    28Mi   
websocket-server-56c97f4c7-n9jz8   1m    29Mi   
websocket-server-56c97f4c7-r4nnn   1m    27Mi   
websocket-server-56c97f4c7-s5brw   1m    28Mi   
websocket-server-56c97f4c7-t7zg4   3m    94Mi   
websocket-server-56c97f4c7-xg4tf   2m    34Mi   
1781620971
websocket-server-56c97f4c7-2x8hf   3m    34Mi   
websocket-server-56c97f4c7-6q5vs   3m    96Mi   
websocket-server-56c97f4c7-95x9f   4m    35Mi   
websocket-server-56c97f4c7-bchx5   4m    35Mi   
websocket-server-56c97f4c7-dhqd9   1m    28Mi   
websocket-server-56c97f4c7-n9jz8   1m    29Mi   
websocket-server-56c97f4c7-r4nnn   1m    27Mi   
websocket-server-56c97f4c7-s5brw   1m    28Mi   
websocket-server-56c97f4c7-t7zg4   3m    94Mi   
websocket-server-56c97f4c7-xg4tf   2m    34Mi   
1781620976
websocket-server-56c97f4c7-2x8hf   3m    34Mi   
websocket-server-56c97f4c7-6q5vs   3m    96Mi   
websocket-server-56c97f4c7-95x9f   4m    35Mi   
websocket-server-56c97f4c7-bchx5   4m    35Mi   
websocket-server-56c97f4c7-dhqd9   1m    28Mi   
websocket-server-56c97f4c7-n9jz8   1m    29Mi   
websocket-server-56c97f4c7-r4nnn   1m    27Mi   
websocket-server-56c97f4c7-s5brw   1m    28Mi   
websocket-server-56c97f4c7-t7zg4   3m    94Mi   
websocket-server-56c97f4c7-xg4tf   2m    34Mi   
1781620981
websocket-server-56c97f4c7-2x8hf   3m    34Mi   
websocket-server-56c97f4c7-6q5vs   3m    96Mi   
websocket-server-56c97f4c7-95x9f   3m    35Mi   
websocket-server-56c97f4c7-bchx5   3m    36Mi   
websocket-server-56c97f4c7-dhqd9   1m    28Mi   
websocket-server-56c97f4c7-n9jz8   1m    29Mi   
websocket-server-56c97f4c7-r4nnn   1m    28Mi   
websocket-server-56c97f4c7-s5brw   1m    28Mi   
websocket-server-56c97f4c7-t7zg4   3m    94Mi   
websocket-server-56c97f4c7-xg4tf   2m    34Mi   
1781620986
websocket-server-56c97f4c7-2x8hf   3m    34Mi   
websocket-server-56c97f4c7-6q5vs   3m    96Mi   
websocket-server-56c97f4c7-95x9f   3m    35Mi   
websocket-server-56c97f4c7-bchx5   3m    36Mi   
websocket-server-56c97f4c7-dhqd9   1m    28Mi   
websocket-server-56c97f4c7-n9jz8   1m    29Mi   
websocket-server-56c97f4c7-r4nnn   1m    28Mi   
websocket-server-56c97f4c7-s5brw   1m    28Mi   
websocket-server-56c97f4c7-t7zg4   3m    94Mi   
websocket-server-56c97f4c7-xg4tf   2m    34Mi   
1781620991
websocket-server-56c97f4c7-2x8hf   3m    34Mi   
websocket-server-56c97f4c7-6q5vs   3m    96Mi   
websocket-server-56c97f4c7-95x9f   3m    35Mi   
websocket-server-56c97f4c7-bchx5   3m    36Mi   
websocket-server-56c97f4c7-dhqd9   1m    28Mi   
websocket-server-56c97f4c7-n9jz8   1m    29Mi   
websocket-server-56c97f4c7-r4nnn   1m    28Mi   
websocket-server-56c97f4c7-s5brw   1m    28Mi   
websocket-server-56c97f4c7-t7zg4   3m    94Mi   
websocket-server-56c97f4c7-xg4tf   2m    34Mi   
1781620996
websocket-server-56c97f4c7-2x8hf   2m    34Mi   
websocket-server-56c97f4c7-6q5vs   5m    95Mi   
websocket-server-56c97f4c7-95x9f   8m    34Mi   
websocket-server-56c97f4c7-bchx5   3m    36Mi   
websocket-server-56c97f4c7-dhqd9   0m    28Mi   
websocket-server-56c97f4c7-n9jz8   1m    29Mi   
websocket-server-56c97f4c7-r4nnn   1m    27Mi   
websocket-server-56c97f4c7-s5brw   1m    28Mi   
websocket-server-56c97f4c7-t7zg4   2m    95Mi   
websocket-server-56c97f4c7-xg4tf   4m    33Mi   
1781621001
websocket-server-56c97f4c7-2x8hf   2m    34Mi   
websocket-server-56c97f4c7-6q5vs   5m    95Mi   
websocket-server-56c97f4c7-95x9f   8m    34Mi   
websocket-server-56c97f4c7-bchx5   3m    36Mi   
websocket-server-56c97f4c7-dhqd9   0m    28Mi   
websocket-server-56c97f4c7-n9jz8   1m    29Mi   
websocket-server-56c97f4c7-r4nnn   1m    27Mi   
websocket-server-56c97f4c7-s5brw   1m    28Mi   
websocket-server-56c97f4c7-t7zg4   2m    95Mi   
websocket-server-56c97f4c7-xg4tf   4m    33Mi   
1781621007
websocket-server-56c97f4c7-2x8hf   2m    34Mi   
websocket-server-56c97f4c7-6q5vs   5m    95Mi   
websocket-server-56c97f4c7-95x9f   8m    34Mi   
websocket-server-56c97f4c7-bchx5   3m    36Mi   
websocket-server-56c97f4c7-dhqd9   0m    28Mi   
websocket-server-56c97f4c7-n9jz8   1m    29Mi   
websocket-server-56c97f4c7-r4nnn   1m    27Mi   
websocket-server-56c97f4c7-s5brw   1m    28Mi   
websocket-server-56c97f4c7-t7zg4   2m    95Mi   
websocket-server-56c97f4c7-xg4tf   4m    33Mi   
1781621012
websocket-server-56c97f4c7-2x8hf   3m    33Mi   
websocket-server-56c97f4c7-6q5vs   1m    95Mi   
websocket-server-56c97f4c7-95x9f   1m    34Mi   
websocket-server-56c97f4c7-bchx5   5m    35Mi   
websocket-server-56c97f4c7-dhqd9   1m    28Mi   
websocket-server-56c97f4c7-n9jz8   2m    29Mi   
websocket-server-56c97f4c7-r4nnn   1m    28Mi   
websocket-server-56c97f4c7-s5brw   1m    28Mi   
websocket-server-56c97f4c7-t7zg4   4m    94Mi   
websocket-server-56c97f4c7-xg4tf   1m    33Mi   
1781621017
websocket-server-56c97f4c7-2x8hf   3m    33Mi   
websocket-server-56c97f4c7-6q5vs   1m    95Mi   
websocket-server-56c97f4c7-95x9f   1m    34Mi   
websocket-server-56c97f4c7-bchx5   5m    35Mi   
websocket-server-56c97f4c7-dhqd9   1m    28Mi   
websocket-server-56c97f4c7-n9jz8   2m    29Mi   
websocket-server-56c97f4c7-r4nnn   1m    28Mi   
websocket-server-56c97f4c7-s5brw   1m    28Mi   
websocket-server-56c97f4c7-t7zg4   4m    94Mi   
websocket-server-56c97f4c7-xg4tf   1m    33Mi   
1781621022
websocket-server-56c97f4c7-2x8hf   3m    33Mi   
websocket-server-56c97f4c7-6q5vs   1m    95Mi   
websocket-server-56c97f4c7-95x9f   1m    34Mi   
websocket-server-56c97f4c7-bchx5   5m    35Mi   
websocket-server-56c97f4c7-dhqd9   1m    28Mi   
websocket-server-56c97f4c7-n9jz8   2m    29Mi   
websocket-server-56c97f4c7-r4nnn   1m    28Mi   
websocket-server-56c97f4c7-s5brw   1m    28Mi   
websocket-server-56c97f4c7-t7zg4   4m    94Mi   
websocket-server-56c97f4c7-xg4tf   1m    33Mi   
1781621027
websocket-server-56c97f4c7-2x8hf   3m    33Mi   
websocket-server-56c97f4c7-6q5vs   0m    95Mi   
websocket-server-56c97f4c7-95x9f   1m    34Mi   
websocket-server-56c97f4c7-bchx5   0m    35Mi   
websocket-server-56c97f4c7-dhqd9   1m    28Mi   
websocket-server-56c97f4c7-n9jz8   1m    29Mi   
websocket-server-56c97f4c7-r4nnn   1m    28Mi   
websocket-server-56c97f4c7-s5brw   1m    28Mi   
websocket-server-56c97f4c7-t7zg4   1m    94Mi   
websocket-server-56c97f4c7-xg4tf   1m    33Mi   
1781621032
websocket-server-56c97f4c7-2x8hf   3m    33Mi   
websocket-server-56c97f4c7-6q5vs   0m    95Mi   
websocket-server-56c97f4c7-95x9f   1m    34Mi   
websocket-server-56c97f4c7-bchx5   0m    35Mi   
websocket-server-56c97f4c7-dhqd9   1m    28Mi   
websocket-server-56c97f4c7-n9jz8   1m    29Mi   
websocket-server-56c97f4c7-r4nnn   1m    28Mi   
websocket-server-56c97f4c7-s5brw   1m    28Mi   
websocket-server-56c97f4c7-t7zg4   1m    94Mi   
websocket-server-56c97f4c7-xg4tf   1m    33Mi   
1781621037
websocket-server-56c97f4c7-2x8hf   3m    33Mi   
websocket-server-56c97f4c7-6q5vs   0m    95Mi   
websocket-server-56c97f4c7-95x9f   1m    34Mi   
websocket-server-56c97f4c7-bchx5   0m    35Mi   
websocket-server-56c97f4c7-dhqd9   1m    28Mi   
websocket-server-56c97f4c7-n9jz8   1m    29Mi   
websocket-server-56c97f4c7-r4nnn   1m    28Mi   
websocket-server-56c97f4c7-s5brw   1m    28Mi   
websocket-server-56c97f4c7-t7zg4   1m    94Mi   
websocket-server-56c97f4c7-xg4tf   1m    33Mi   
1781621042
websocket-server-56c97f4c7-2x8hf   1m    33Mi   
websocket-server-56c97f4c7-6q5vs   0m    95Mi   
websocket-server-56c97f4c7-95x9f   1m    34Mi   
websocket-server-56c97f4c7-bchx5   1m    35Mi   
websocket-server-56c97f4c7-dhqd9   0m    28Mi   
websocket-server-56c97f4c7-n9jz8   1m    29Mi   
websocket-server-56c97f4c7-r4nnn   1m    28Mi   
websocket-server-56c97f4c7-s5brw   1m    28Mi   
websocket-server-56c97f4c7-t7zg4   1m    94Mi   
websocket-server-56c97f4c7-xg4tf   1m    33Mi   
1781621047
websocket-server-56c97f4c7-2x8hf   1m    33Mi   
websocket-server-56c97f4c7-6q5vs   0m    95Mi   
websocket-server-56c97f4c7-95x9f   1m    34Mi   
websocket-server-56c97f4c7-bchx5   1m    35Mi   
websocket-server-56c97f4c7-dhqd9   0m    28Mi   
websocket-server-56c97f4c7-n9jz8   1m    29Mi   
websocket-server-56c97f4c7-r4nnn   1m    28Mi   
websocket-server-56c97f4c7-s5brw   1m    28Mi   
websocket-server-56c97f4c7-t7zg4   1m    94Mi   
websocket-server-56c97f4c7-xg4tf   1m    33Mi   
1781621052
websocket-server-56c97f4c7-2x8hf   1m    33Mi   
websocket-server-56c97f4c7-6q5vs   0m    95Mi   
websocket-server-56c97f4c7-95x9f   1m    34Mi   
websocket-server-56c97f4c7-bchx5   1m    35Mi   
websocket-server-56c97f4c7-dhqd9   0m    28Mi   
websocket-server-56c97f4c7-n9jz8   1m    29Mi   
websocket-server-56c97f4c7-r4nnn   1m    28Mi   
websocket-server-56c97f4c7-s5brw   1m    28Mi   
websocket-server-56c97f4c7-t7zg4   1m    94Mi   
websocket-server-56c97f4c7-xg4tf   1m    33Mi   
1781621057
websocket-server-56c97f4c7-2x8hf   1m    33Mi   
websocket-server-56c97f4c7-6q5vs   1m    95Mi   
websocket-server-56c97f4c7-95x9f   1m    34Mi   
websocket-server-56c97f4c7-bchx5   1m    35Mi   
websocket-server-56c97f4c7-dhqd9   1m    28Mi   
websocket-server-56c97f4c7-n9jz8   1m    29Mi   
websocket-server-56c97f4c7-r4nnn   1m    28Mi   
websocket-server-56c97f4c7-s5brw   1m    28Mi   
websocket-server-56c97f4c7-t7zg4   1m    94Mi   
websocket-server-56c97f4c7-xg4tf   1m    34Mi   
1781621062
websocket-server-56c97f4c7-2x8hf   1m    33Mi   
websocket-server-56c97f4c7-6q5vs   1m    95Mi   
websocket-server-56c97f4c7-95x9f   1m    34Mi   
websocket-server-56c97f4c7-bchx5   1m    35Mi   
websocket-server-56c97f4c7-dhqd9   1m    28Mi   
websocket-server-56c97f4c7-n9jz8   1m    29Mi   
websocket-server-56c97f4c7-r4nnn   1m    28Mi   
websocket-server-56c97f4c7-s5brw   1m    28Mi   
websocket-server-56c97f4c7-t7zg4   1m    94Mi   
websocket-server-56c97f4c7-xg4tf   1m    34Mi   
1781621067
websocket-server-56c97f4c7-2x8hf   1m    33Mi   
websocket-server-56c97f4c7-6q5vs   1m    95Mi   
websocket-server-56c97f4c7-95x9f   1m    34Mi   
websocket-server-56c97f4c7-bchx5   1m    35Mi   
websocket-server-56c97f4c7-n9jz8   1m    29Mi   
websocket-server-56c97f4c7-r4nnn   1m    28Mi   
websocket-server-56c97f4c7-s5brw   1m    28Mi   
websocket-server-56c97f4c7-t7zg4   1m    94Mi   
websocket-server-56c97f4c7-xg4tf   1m    33Mi   
1781621072
websocket-server-56c97f4c7-2x8hf   1m    33Mi   
websocket-server-56c97f4c7-6q5vs   1m    95Mi   
websocket-server-56c97f4c7-95x9f   1m    34Mi   
websocket-server-56c97f4c7-bchx5   1m    35Mi   
websocket-server-56c97f4c7-n9jz8   1m    29Mi   
websocket-server-56c97f4c7-s5brw   1m    28Mi   
websocket-server-56c97f4c7-t7zg4   1m    94Mi   
websocket-server-56c97f4c7-xg4tf   1m    33Mi   
1781621077
websocket-server-56c97f4c7-2x8hf   1m    33Mi   
websocket-server-56c97f4c7-6q5vs   1m    95Mi   
websocket-server-56c97f4c7-95x9f   1m    34Mi   
websocket-server-56c97f4c7-bchx5   1m    35Mi   
websocket-server-56c97f4c7-n9jz8   1m    29Mi   
websocket-server-56c97f4c7-s5brw   1m    28Mi   
websocket-server-56c97f4c7-t7zg4   1m    94Mi   
websocket-server-56c97f4c7-xg4tf   1m    33Mi   
1781621082
websocket-server-56c97f4c7-2x8hf   1m    33Mi   
websocket-server-56c97f4c7-6q5vs   1m    95Mi   
websocket-server-56c97f4c7-95x9f   1m    34Mi   
websocket-server-56c97f4c7-bchx5   1m    35Mi   
websocket-server-56c97f4c7-n9jz8   1m    29Mi   
websocket-server-56c97f4c7-s5brw   1m    28Mi   
websocket-server-56c97f4c7-t7zg4   1m    94Mi   
websocket-server-56c97f4c7-xg4tf   1m    33Mi   
1781621087
websocket-server-56c97f4c7-2x8hf   1m    33Mi   
websocket-server-56c97f4c7-6q5vs   1m    95Mi   
websocket-server-56c97f4c7-95x9f   1m    34Mi   
websocket-server-56c97f4c7-bchx5   1m    35Mi   
websocket-server-56c97f4c7-n9jz8   1m    29Mi   
websocket-server-56c97f4c7-s5brw   1m    28Mi   
websocket-server-56c97f4c7-t7zg4   1m    94Mi   
websocket-server-56c97f4c7-xg4tf   1m    33Mi   
1781621092
websocket-server-56c97f4c7-2x8hf   1m    33Mi   
websocket-server-56c97f4c7-6q5vs   1m    95Mi   
websocket-server-56c97f4c7-95x9f   1m    34Mi   
websocket-server-56c97f4c7-bchx5   1m    35Mi   
websocket-server-56c97f4c7-n9jz8   1m    29Mi   
websocket-server-56c97f4c7-s5brw   1m    28Mi   
websocket-server-56c97f4c7-t7zg4   1m    94Mi   
websocket-server-56c97f4c7-xg4tf   1m    33Mi   
1781621097
websocket-server-56c97f4c7-2x8hf   1m    33Mi   
websocket-server-56c97f4c7-6q5vs   1m    95Mi   
websocket-server-56c97f4c7-95x9f   1m    34Mi   
websocket-server-56c97f4c7-bchx5   1m    35Mi   
websocket-server-56c97f4c7-n9jz8   1m    29Mi   
websocket-server-56c97f4c7-s5brw   1m    28Mi   
websocket-server-56c97f4c7-t7zg4   1m    94Mi   
websocket-server-56c97f4c7-xg4tf   1m    33Mi   
1781621102
websocket-server-56c97f4c7-2x8hf   1m    33Mi   
websocket-server-56c97f4c7-6q5vs   1m    95Mi   
websocket-server-56c97f4c7-95x9f   1m    34Mi   
websocket-server-56c97f4c7-bchx5   1m    35Mi   
websocket-server-56c97f4c7-n9jz8   1m    29Mi   
websocket-server-56c97f4c7-s5brw   1m    28Mi   
websocket-server-56c97f4c7-t7zg4   1m    94Mi   
websocket-server-56c97f4c7-xg4tf   1m    33Mi   
1781621107
websocket-server-56c97f4c7-2x8hf   1m    33Mi   
websocket-server-56c97f4c7-6q5vs   1m    95Mi   
websocket-server-56c97f4c7-95x9f   1m    34Mi   
websocket-server-56c97f4c7-bchx5   1m    35Mi   
websocket-server-56c97f4c7-n9jz8   1m    29Mi   
websocket-server-56c97f4c7-s5brw   1m    28Mi   
websocket-server-56c97f4c7-t7zg4   1m    94Mi   
websocket-server-56c97f4c7-xg4tf   1m    33Mi   
1781621112
websocket-server-56c97f4c7-2x8hf   1m    33Mi   
websocket-server-56c97f4c7-6q5vs   1m    95Mi   
websocket-server-56c97f4c7-95x9f   0m    34Mi   
websocket-server-56c97f4c7-bchx5   1m    35Mi   
websocket-server-56c97f4c7-n9jz8   1m    29Mi   
websocket-server-56c97f4c7-s5brw   1m    28Mi   
websocket-server-56c97f4c7-t7zg4   1m    94Mi   
websocket-server-56c97f4c7-xg4tf   1m    33Mi   
1781621118
websocket-server-56c97f4c7-2x8hf   1m    33Mi   
websocket-server-56c97f4c7-6q5vs   1m    95Mi   
websocket-server-56c97f4c7-95x9f   0m    34Mi   
websocket-server-56c97f4c7-bchx5   1m    35Mi   
websocket-server-56c97f4c7-n9jz8   1m    29Mi   
websocket-server-56c97f4c7-s5brw   1m    28Mi   
websocket-server-56c97f4c7-t7zg4   1m    94Mi   
websocket-server-56c97f4c7-xg4tf   1m    33Mi   
1781621123
websocket-server-56c97f4c7-2x8hf   1m    33Mi   
websocket-server-56c97f4c7-6q5vs   1m    95Mi   
websocket-server-56c97f4c7-95x9f   0m    34Mi   
websocket-server-56c97f4c7-bchx5   1m    35Mi   
websocket-server-56c97f4c7-n9jz8   1m    29Mi   
websocket-server-56c97f4c7-s5brw   1m    28Mi   
websocket-server-56c97f4c7-t7zg4   1m    94Mi   
websocket-server-56c97f4c7-xg4tf   1m    33Mi   
1781621128
websocket-server-56c97f4c7-2x8hf   1m    33Mi   
websocket-server-56c97f4c7-6q5vs   1m    95Mi   
websocket-server-56c97f4c7-95x9f   0m    34Mi   
websocket-server-56c97f4c7-bchx5   1m    35Mi   
websocket-server-56c97f4c7-n9jz8   1m    29Mi   
websocket-server-56c97f4c7-s5brw   1m    28Mi   
websocket-server-56c97f4c7-t7zg4   1m    94Mi   
websocket-server-56c97f4c7-xg4tf   1m    33Mi   
1781621133
websocket-server-56c97f4c7-2x8hf   1m    33Mi   
websocket-server-56c97f4c7-6q5vs   1m    95Mi   
websocket-server-56c97f4c7-95x9f   0m    34Mi   
websocket-server-56c97f4c7-bchx5   1m    35Mi   
websocket-server-56c97f4c7-n9jz8   1m    29Mi   
websocket-server-56c97f4c7-s5brw   1m    28Mi   
websocket-server-56c97f4c7-t7zg4   1m    94Mi   
websocket-server-56c97f4c7-xg4tf   1m    33Mi   
1781621138
websocket-server-56c97f4c7-2x8hf   1m    33Mi   
websocket-server-56c97f4c7-6q5vs   1m    95Mi   
websocket-server-56c97f4c7-95x9f   0m    34Mi   
websocket-server-56c97f4c7-bchx5   1m    35Mi   
websocket-server-56c97f4c7-n9jz8   1m    29Mi   
websocket-server-56c97f4c7-t7zg4   1m    94Mi   
websocket-server-56c97f4c7-xg4tf   1m    33Mi   
1781621143
websocket-server-56c97f4c7-2x8hf   1m    33Mi   
websocket-server-56c97f4c7-6q5vs   1m    95Mi   
websocket-server-56c97f4c7-95x9f   1m    34Mi   
websocket-server-56c97f4c7-bchx5   1m    35Mi   
websocket-server-56c97f4c7-t7zg4   1m    94Mi   
websocket-server-56c97f4c7-xg4tf   1m    33Mi   
1781621148
websocket-server-56c97f4c7-2x8hf   1m    33Mi   
websocket-server-56c97f4c7-6q5vs   1m    95Mi   
websocket-server-56c97f4c7-bchx5   1m    35Mi   
websocket-server-56c97f4c7-t7zg4   1m    94Mi   
websocket-server-56c97f4c7-xg4tf   1m    33Mi   
1781621153
websocket-server-56c97f4c7-2x8hf   1m    33Mi   
websocket-server-56c97f4c7-6q5vs   1m    95Mi   
websocket-server-56c97f4c7-bchx5   1m    35Mi   
websocket-server-56c97f4c7-t7zg4   1m    94Mi   
1781621158
websocket-server-56c97f4c7-2x8hf   1m    33Mi   
websocket-server-56c97f4c7-6q5vs   1m    95Mi   
websocket-server-56c97f4c7-t7zg4   1m    94Mi   
1781621163
websocket-server-56c97f4c7-6q5vs   1m    95Mi   
websocket-server-56c97f4c7-t7zg4   1m    94Mi   
