1777402687
websocket-server-56c97f4c7-4trws   0m    35Mi   
websocket-server-56c97f4c7-68ghf   1m    37Mi   
websocket-server-56c97f4c7-8vbzt   1m    27Mi   
websocket-server-56c97f4c7-9mxmt   1m    52Mi   
websocket-server-56c97f4c7-dr2rb   0m    28Mi   
websocket-server-56c97f4c7-gggjd   0m    27Mi   
websocket-server-56c97f4c7-jh5cv   1m    29Mi   
websocket-server-56c97f4c7-w9r6c   0m    27Mi   
websocket-server-56c97f4c7-xkzpt   0m    52Mi   
1777402692
websocket-server-56c97f4c7-4trws   0m    35Mi   
websocket-server-56c97f4c7-68ghf   1m    37Mi   
websocket-server-56c97f4c7-9mxmt   1m    52Mi   
websocket-server-56c97f4c7-dr2rb   0m    28Mi   
websocket-server-56c97f4c7-gggjd   0m    27Mi   
websocket-server-56c97f4c7-w9r6c   0m    27Mi   
websocket-server-56c97f4c7-xkzpt   0m    52Mi   
1777402697
websocket-server-56c97f4c7-4trws   1m    35Mi   
websocket-server-56c97f4c7-5l94k   19m   28Mi   
websocket-server-56c97f4c7-68ghf   0m    37Mi   
websocket-server-56c97f4c7-9mxmt   1m    52Mi   
websocket-server-56c97f4c7-dh7bj   18m   27Mi   
websocket-server-56c97f4c7-gggjd   1m    27Mi   
websocket-server-56c97f4c7-m8cgb   1m    27Mi   
websocket-server-56c97f4c7-w9r6c   0m    27Mi   
websocket-server-56c97f4c7-xkzpt   1m    52Mi   
1777402702
websocket-server-56c97f4c7-4trws   1m    35Mi   
websocket-server-56c97f4c7-5l94k   19m   28Mi   
websocket-server-56c97f4c7-68ghf   0m    37Mi   
websocket-server-56c97f4c7-9mxmt   1m    52Mi   
websocket-server-56c97f4c7-dh7bj   18m   27Mi   
websocket-server-56c97f4c7-gggjd   1m    27Mi   
websocket-server-56c97f4c7-m8cgb   1m    27Mi   
websocket-server-56c97f4c7-xkzpt   1m    52Mi   
1777402708
websocket-server-56c97f4c7-5l94k   19m   28Mi   
websocket-server-56c97f4c7-dh7bj   18m   27Mi   
websocket-server-56c97f4c7-m8cgb   1m    27Mi   
1777402713
websocket-server-56c97f4c7-5l94k   12m   50Mi   
websocket-server-56c97f4c7-dh7bj   11m   48Mi   
websocket-server-56c97f4c7-m8cgb   1m    27Mi   
1777402718
websocket-server-56c97f4c7-5l94k   12m   50Mi   
websocket-server-56c97f4c7-dh7bj   11m   48Mi   
websocket-server-56c97f4c7-m8cgb   1m    27Mi   
1777402723
websocket-server-56c97f4c7-5l94k   12m   50Mi   
websocket-server-56c97f4c7-dh7bj   11m   48Mi   
1777402728
websocket-server-56c97f4c7-5l94k   5m    51Mi   
websocket-server-56c97f4c7-dh7bj   11m   48Mi   
websocket-server-56c97f4c7-rfpxs   1m    27Mi   
websocket-server-56c97f4c7-zxjnx   1m    27Mi   
1777402733
websocket-server-56c97f4c7-5l94k   5m    51Mi   
websocket-server-56c97f4c7-dh7bj   11m   48Mi   
websocket-server-56c97f4c7-rfpxs   1m    27Mi   
websocket-server-56c97f4c7-zxjnx   1m    27Mi   
1777402738
websocket-server-56c97f4c7-5l94k   5m    51Mi   
websocket-server-56c97f4c7-dh7bj   11m   48Mi   
websocket-server-56c97f4c7-rfpxs   1m    27Mi   
websocket-server-56c97f4c7-zxjnx   1m    27Mi   
1777402743
websocket-server-56c97f4c7-5l94k   7m    51Mi   
websocket-server-56c97f4c7-dh7bj   6m    48Mi   
websocket-server-56c97f4c7-mcdc9   1m    27Mi   
websocket-server-56c97f4c7-mtqhj   24m   27Mi   
websocket-server-56c97f4c7-r64dd   24m   27Mi   
websocket-server-56c97f4c7-rfpxs   0m    27Mi   
websocket-server-56c97f4c7-x9zhq   21m   27Mi   
websocket-server-56c97f4c7-zxjnx   1m    27Mi   
1777402748
websocket-server-56c97f4c7-5l94k   7m    51Mi   
websocket-server-56c97f4c7-dh7bj   6m    48Mi   
websocket-server-56c97f4c7-mcdc9   1m    27Mi   
websocket-server-56c97f4c7-mtqhj   24m   27Mi   
websocket-server-56c97f4c7-r64dd   24m   27Mi   
websocket-server-56c97f4c7-rfpxs   0m    27Mi   
websocket-server-56c97f4c7-x9zhq   21m   27Mi   
websocket-server-56c97f4c7-zxjnx   1m    27Mi   
1777402753
websocket-server-56c97f4c7-5l94k   7m    51Mi   
websocket-server-56c97f4c7-dh7bj   6m    48Mi   
websocket-server-56c97f4c7-mcdc9   1m    27Mi   
websocket-server-56c97f4c7-mtqhj   24m   27Mi   
websocket-server-56c97f4c7-r64dd   24m   27Mi   
websocket-server-56c97f4c7-rfpxs   0m    27Mi   
websocket-server-56c97f4c7-x9zhq   21m   27Mi   
websocket-server-56c97f4c7-zxjnx   1m    27Mi   
1777402758
websocket-server-56c97f4c7-5l94k   7m    51Mi   
websocket-server-56c97f4c7-dh7bj   7m    48Mi   
websocket-server-56c97f4c7-mcdc9   1m    27Mi   
websocket-server-56c97f4c7-mtqhj   1m    27Mi   
websocket-server-56c97f4c7-r64dd   1m    27Mi   
websocket-server-56c97f4c7-rfpxs   1m    27Mi   
websocket-server-56c97f4c7-x9zhq   1m    27Mi   
websocket-server-56c97f4c7-zxjnx   1m    27Mi   
1777402763
websocket-server-56c97f4c7-5l94k   7m    51Mi   
websocket-server-56c97f4c7-dh7bj   7m    48Mi   
websocket-server-56c97f4c7-mcdc9   1m    27Mi   
websocket-server-56c97f4c7-mtqhj   1m    27Mi   
websocket-server-56c97f4c7-r64dd   1m    27Mi   
websocket-server-56c97f4c7-rfpxs   1m    27Mi   
websocket-server-56c97f4c7-x9zhq   1m    27Mi   
websocket-server-56c97f4c7-zxjnx   1m    27Mi   
1777402768
websocket-server-56c97f4c7-5l94k   7m    51Mi   
websocket-server-56c97f4c7-dh7bj   7m    48Mi   
websocket-server-56c97f4c7-mcdc9   1m    27Mi   
websocket-server-56c97f4c7-mtqhj   1m    27Mi   
websocket-server-56c97f4c7-r64dd   1m    27Mi   
websocket-server-56c97f4c7-rfpxs   1m    27Mi   
websocket-server-56c97f4c7-x9zhq   1m    27Mi   
websocket-server-56c97f4c7-zxjnx   1m    27Mi   
1777402773
websocket-server-56c97f4c7-5l94k   8m    51Mi   
websocket-server-56c97f4c7-dh7bj   7m    48Mi   
websocket-server-56c97f4c7-mcdc9   1m    27Mi   
websocket-server-56c97f4c7-mtqhj   1m    27Mi   
websocket-server-56c97f4c7-r64dd   1m    27Mi   
websocket-server-56c97f4c7-rfpxs   1m    27Mi   
websocket-server-56c97f4c7-x9zhq   1m    27Mi   
websocket-server-56c97f4c7-zxjnx   1m    27Mi   
1777402778
websocket-server-56c97f4c7-5l94k   8m    51Mi   
websocket-server-56c97f4c7-dh7bj   7m    48Mi   
websocket-server-56c97f4c7-mcdc9   1m    27Mi   
websocket-server-56c97f4c7-mtqhj   1m    27Mi   
websocket-server-56c97f4c7-r64dd   1m    27Mi   
websocket-server-56c97f4c7-rfpxs   1m    27Mi   
websocket-server-56c97f4c7-x9zhq   1m    27Mi   
websocket-server-56c97f4c7-zxjnx   1m    27Mi   
1777402783
websocket-server-56c97f4c7-5l94k   8m    51Mi   
websocket-server-56c97f4c7-dh7bj   7m    48Mi   
websocket-server-56c97f4c7-mcdc9   1m    27Mi   
websocket-server-56c97f4c7-mtqhj   1m    27Mi   
websocket-server-56c97f4c7-r64dd   1m    27Mi   
websocket-server-56c97f4c7-rfpxs   1m    27Mi   
websocket-server-56c97f4c7-x9zhq   1m    27Mi   
websocket-server-56c97f4c7-zxjnx   1m    27Mi   
1777402788
websocket-server-56c97f4c7-5l94k   4m    51Mi   
websocket-server-56c97f4c7-dh7bj   6m    49Mi   
websocket-server-56c97f4c7-mcdc9   0m    27Mi   
websocket-server-56c97f4c7-mtqhj   1m    27Mi   
websocket-server-56c97f4c7-r64dd   1m    27Mi   
websocket-server-56c97f4c7-rfpxs   1m    27Mi   
websocket-server-56c97f4c7-x9zhq   1m    27Mi   
websocket-server-56c97f4c7-zxjnx   1m    27Mi   
1777402793
websocket-server-56c97f4c7-5l94k   4m    51Mi   
websocket-server-56c97f4c7-dh7bj   6m    49Mi   
websocket-server-56c97f4c7-mcdc9   0m    27Mi   
websocket-server-56c97f4c7-mtqhj   1m    27Mi   
websocket-server-56c97f4c7-r64dd   1m    27Mi   
websocket-server-56c97f4c7-rfpxs   1m    27Mi   
websocket-server-56c97f4c7-x9zhq   1m    27Mi   
websocket-server-56c97f4c7-zxjnx   1m    27Mi   
1777402798
websocket-server-56c97f4c7-5l94k   4m    51Mi   
websocket-server-56c97f4c7-dh7bj   6m    49Mi   
websocket-server-56c97f4c7-mcdc9   0m    27Mi   
websocket-server-56c97f4c7-mtqhj   1m    27Mi   
websocket-server-56c97f4c7-r64dd   1m    27Mi   
websocket-server-56c97f4c7-rfpxs   1m    27Mi   
websocket-server-56c97f4c7-x9zhq   1m    27Mi   
websocket-server-56c97f4c7-zxjnx   1m    27Mi   
1777402803
websocket-server-56c97f4c7-5l94k   9m    51Mi   
websocket-server-56c97f4c7-dh7bj   4m    48Mi   
websocket-server-56c97f4c7-mcdc9   1m    27Mi   
websocket-server-56c97f4c7-mtqhj   1m    27Mi   
websocket-server-56c97f4c7-r64dd   1m    27Mi   
websocket-server-56c97f4c7-rfpxs   1m    27Mi   
websocket-server-56c97f4c7-x9zhq   1m    27Mi   
websocket-server-56c97f4c7-zxjnx   1m    27Mi   
1777402808
websocket-server-56c97f4c7-5l94k   9m    51Mi   
websocket-server-56c97f4c7-dh7bj   4m    48Mi   
websocket-server-56c97f4c7-mcdc9   1m    27Mi   
websocket-server-56c97f4c7-mtqhj   1m    27Mi   
websocket-server-56c97f4c7-r64dd   1m    27Mi   
websocket-server-56c97f4c7-rfpxs   1m    27Mi   
websocket-server-56c97f4c7-x9zhq   1m    27Mi   
websocket-server-56c97f4c7-zxjnx   1m    27Mi   
1777402814
websocket-server-56c97f4c7-5l94k   9m    51Mi   
websocket-server-56c97f4c7-dh7bj   4m    48Mi   
websocket-server-56c97f4c7-mcdc9   1m    27Mi   
websocket-server-56c97f4c7-mtqhj   1m    27Mi   
websocket-server-56c97f4c7-r64dd   1m    27Mi   
websocket-server-56c97f4c7-rfpxs   1m    27Mi   
websocket-server-56c97f4c7-x9zhq   1m    27Mi   
websocket-server-56c97f4c7-zxjnx   1m    27Mi   
1777402819
websocket-server-56c97f4c7-5l94k   8m    52Mi   
websocket-server-56c97f4c7-dh7bj   8m    49Mi   
websocket-server-56c97f4c7-mcdc9   1m    27Mi   
websocket-server-56c97f4c7-mtqhj   1m    27Mi   
websocket-server-56c97f4c7-r64dd   1m    27Mi   
websocket-server-56c97f4c7-rfpxs   0m    27Mi   
websocket-server-56c97f4c7-x9zhq   1m    27Mi   
websocket-server-56c97f4c7-zxjnx   1m    27Mi   
1777402824
websocket-server-56c97f4c7-5l94k   8m    52Mi   
websocket-server-56c97f4c7-dh7bj   8m    49Mi   
websocket-server-56c97f4c7-mcdc9   1m    27Mi   
websocket-server-56c97f4c7-mtqhj   1m    27Mi   
websocket-server-56c97f4c7-r64dd   1m    27Mi   
websocket-server-56c97f4c7-rfpxs   0m    27Mi   
websocket-server-56c97f4c7-x9zhq   1m    27Mi   
websocket-server-56c97f4c7-zxjnx   1m    27Mi   
1777402829
websocket-server-56c97f4c7-5l94k   8m    52Mi   
websocket-server-56c97f4c7-dh7bj   8m    49Mi   
websocket-server-56c97f4c7-mcdc9   1m    27Mi   
websocket-server-56c97f4c7-mtqhj   1m    27Mi   
websocket-server-56c97f4c7-r64dd   1m    27Mi   
websocket-server-56c97f4c7-rfpxs   0m    27Mi   
websocket-server-56c97f4c7-x9zhq   1m    27Mi   
websocket-server-56c97f4c7-zxjnx   1m    27Mi   
1777402834
websocket-server-56c97f4c7-5l94k   4m    51Mi   
websocket-server-56c97f4c7-dh7bj   5m    48Mi   
websocket-server-56c97f4c7-mcdc9   1m    27Mi   
websocket-server-56c97f4c7-mtqhj   1m    27Mi   
websocket-server-56c97f4c7-r64dd   1m    27Mi   
websocket-server-56c97f4c7-rfpxs   1m    27Mi   
websocket-server-56c97f4c7-x9zhq   1m    27Mi   
websocket-server-56c97f4c7-zxjnx   0m    27Mi   
1777402839
websocket-server-56c97f4c7-5l94k   4m    51Mi   
websocket-server-56c97f4c7-dh7bj   5m    48Mi   
websocket-server-56c97f4c7-mcdc9   1m    27Mi   
websocket-server-56c97f4c7-mtqhj   1m    27Mi   
websocket-server-56c97f4c7-r64dd   1m    27Mi   
websocket-server-56c97f4c7-rfpxs   1m    27Mi   
websocket-server-56c97f4c7-x9zhq   1m    27Mi   
websocket-server-56c97f4c7-zxjnx   0m    27Mi   
1777402844
websocket-server-56c97f4c7-5l94k   4m    51Mi   
websocket-server-56c97f4c7-dh7bj   5m    48Mi   
websocket-server-56c97f4c7-mcdc9   1m    27Mi   
websocket-server-56c97f4c7-mtqhj   1m    27Mi   
websocket-server-56c97f4c7-r64dd   1m    27Mi   
websocket-server-56c97f4c7-rfpxs   1m    27Mi   
websocket-server-56c97f4c7-x9zhq   1m    27Mi   
websocket-server-56c97f4c7-zxjnx   0m    27Mi   
1777402849
websocket-server-56c97f4c7-5l94k   3m    51Mi   
websocket-server-56c97f4c7-dh7bj   1m    49Mi   
websocket-server-56c97f4c7-mcdc9   1m    27Mi   
websocket-server-56c97f4c7-mtqhj   1m    27Mi   
websocket-server-56c97f4c7-r64dd   1m    27Mi   
websocket-server-56c97f4c7-rfpxs   1m    27Mi   
websocket-server-56c97f4c7-x9zhq   1m    27Mi   
websocket-server-56c97f4c7-zxjnx   0m    27Mi   
1777402854
websocket-server-56c97f4c7-5l94k   3m    51Mi   
websocket-server-56c97f4c7-dh7bj   1m    49Mi   
websocket-server-56c97f4c7-mcdc9   1m    27Mi   
websocket-server-56c97f4c7-mtqhj   1m    27Mi   
websocket-server-56c97f4c7-r64dd   1m    27Mi   
websocket-server-56c97f4c7-rfpxs   1m    27Mi   
websocket-server-56c97f4c7-x9zhq   1m    27Mi   
websocket-server-56c97f4c7-zxjnx   0m    27Mi   
1777402859
websocket-server-56c97f4c7-5l94k   3m    51Mi   
websocket-server-56c97f4c7-dh7bj   1m    49Mi   
websocket-server-56c97f4c7-mcdc9   1m    27Mi   
websocket-server-56c97f4c7-mtqhj   1m    27Mi   
websocket-server-56c97f4c7-r64dd   1m    27Mi   
websocket-server-56c97f4c7-rfpxs   1m    27Mi   
websocket-server-56c97f4c7-x9zhq   1m    27Mi   
websocket-server-56c97f4c7-zxjnx   0m    27Mi   
1777402864
websocket-server-56c97f4c7-5l94k   2m    51Mi   
websocket-server-56c97f4c7-dh7bj   2m    49Mi   
websocket-server-56c97f4c7-mcdc9   1m    27Mi   
websocket-server-56c97f4c7-mtqhj   1m    27Mi   
websocket-server-56c97f4c7-r64dd   1m    27Mi   
websocket-server-56c97f4c7-rfpxs   0m    27Mi   
websocket-server-56c97f4c7-x9zhq   1m    27Mi   
websocket-server-56c97f4c7-zxjnx   1m    27Mi   
1777402869
websocket-server-56c97f4c7-5l94k   2m    51Mi   
websocket-server-56c97f4c7-dh7bj   2m    49Mi   
websocket-server-56c97f4c7-mcdc9   1m    27Mi   
websocket-server-56c97f4c7-mtqhj   1m    27Mi   
websocket-server-56c97f4c7-r64dd   1m    27Mi   
websocket-server-56c97f4c7-rfpxs   0m    27Mi   
websocket-server-56c97f4c7-x9zhq   1m    27Mi   
websocket-server-56c97f4c7-zxjnx   1m    27Mi   
1777402874
websocket-server-56c97f4c7-5l94k   2m    51Mi   
websocket-server-56c97f4c7-dh7bj   2m    49Mi   
websocket-server-56c97f4c7-mcdc9   1m    27Mi   
websocket-server-56c97f4c7-mtqhj   1m    27Mi   
websocket-server-56c97f4c7-r64dd   1m    27Mi   
websocket-server-56c97f4c7-rfpxs   0m    27Mi   
websocket-server-56c97f4c7-x9zhq   1m    27Mi   
websocket-server-56c97f4c7-zxjnx   1m    27Mi   
1777402879
websocket-server-56c97f4c7-5l94k   2m    51Mi   
websocket-server-56c97f4c7-dh7bj   2m    49Mi   
websocket-server-56c97f4c7-mcdc9   0m    27Mi   
websocket-server-56c97f4c7-mtqhj   1m    27Mi   
websocket-server-56c97f4c7-r64dd   1m    27Mi   
websocket-server-56c97f4c7-rfpxs   1m    27Mi   
websocket-server-56c97f4c7-x9zhq   1m    27Mi   
websocket-server-56c97f4c7-zxjnx   1m    27Mi   
1777402884
websocket-server-56c97f4c7-5l94k   2m    51Mi   
websocket-server-56c97f4c7-dh7bj   2m    49Mi   
websocket-server-56c97f4c7-mcdc9   0m    27Mi   
websocket-server-56c97f4c7-mtqhj   1m    27Mi   
websocket-server-56c97f4c7-r64dd   1m    27Mi   
websocket-server-56c97f4c7-rfpxs   1m    27Mi   
websocket-server-56c97f4c7-x9zhq   1m    27Mi   
websocket-server-56c97f4c7-zxjnx   1m    27Mi   
1777402889
websocket-server-56c97f4c7-5l94k   2m    51Mi   
websocket-server-56c97f4c7-dh7bj   2m    49Mi   
websocket-server-56c97f4c7-mcdc9   0m    27Mi   
websocket-server-56c97f4c7-mtqhj   1m    27Mi   
websocket-server-56c97f4c7-r64dd   1m    27Mi   
websocket-server-56c97f4c7-rfpxs   1m    27Mi   
websocket-server-56c97f4c7-x9zhq   1m    27Mi   
websocket-server-56c97f4c7-zxjnx   1m    27Mi   
1777402894
websocket-server-56c97f4c7-5l94k   0m    51Mi   
websocket-server-56c97f4c7-dh7bj   11m   47Mi   
websocket-server-56c97f4c7-mcdc9   1m    27Mi   
websocket-server-56c97f4c7-mtqhj   1m    27Mi   
websocket-server-56c97f4c7-r64dd   1m    27Mi   
websocket-server-56c97f4c7-rfpxs   1m    27Mi   
websocket-server-56c97f4c7-x9zhq   1m    27Mi   
websocket-server-56c97f4c7-zxjnx   1m    27Mi   
1777402899
websocket-server-56c97f4c7-5l94k   0m    51Mi   
websocket-server-56c97f4c7-dh7bj   11m   47Mi   
websocket-server-56c97f4c7-mcdc9   1m    27Mi   
websocket-server-56c97f4c7-mtqhj   1m    27Mi   
websocket-server-56c97f4c7-r64dd   1m    27Mi   
websocket-server-56c97f4c7-rfpxs   1m    27Mi   
websocket-server-56c97f4c7-x9zhq   1m    27Mi   
websocket-server-56c97f4c7-zxjnx   1m    27Mi   
1777402904
websocket-server-56c97f4c7-5l94k   0m    51Mi   
websocket-server-56c97f4c7-dh7bj   11m   47Mi   
websocket-server-56c97f4c7-mcdc9   1m    27Mi   
websocket-server-56c97f4c7-mtqhj   1m    27Mi   
websocket-server-56c97f4c7-r64dd   1m    27Mi   
websocket-server-56c97f4c7-rfpxs   1m    27Mi   
websocket-server-56c97f4c7-x9zhq   1m    27Mi   
websocket-server-56c97f4c7-zxjnx   1m    27Mi   
1777402909
websocket-server-56c97f4c7-5l94k   6m    50Mi   
websocket-server-56c97f4c7-dh7bj   0m    47Mi   
websocket-server-56c97f4c7-mcdc9   1m    27Mi   
websocket-server-56c97f4c7-mtqhj   1m    27Mi   
websocket-server-56c97f4c7-r64dd   1m    27Mi   
websocket-server-56c97f4c7-rfpxs   1m    27Mi   
websocket-server-56c97f4c7-x9zhq   1m    27Mi   
websocket-server-56c97f4c7-zxjnx   1m    27Mi   
1777402914
websocket-server-56c97f4c7-5l94k   6m    50Mi   
websocket-server-56c97f4c7-dh7bj   0m    47Mi   
websocket-server-56c97f4c7-mcdc9   1m    27Mi   
websocket-server-56c97f4c7-mtqhj   1m    27Mi   
websocket-server-56c97f4c7-r64dd   1m    27Mi   
websocket-server-56c97f4c7-rfpxs   1m    27Mi   
websocket-server-56c97f4c7-x9zhq   1m    27Mi   
websocket-server-56c97f4c7-zxjnx   1m    27Mi   
1777402920
websocket-server-56c97f4c7-5l94k   6m    50Mi   
websocket-server-56c97f4c7-dh7bj   0m    47Mi   
websocket-server-56c97f4c7-mcdc9   1m    27Mi   
websocket-server-56c97f4c7-mtqhj   1m    27Mi   
websocket-server-56c97f4c7-r64dd   1m    27Mi   
websocket-server-56c97f4c7-rfpxs   1m    27Mi   
websocket-server-56c97f4c7-x9zhq   1m    27Mi   
websocket-server-56c97f4c7-zxjnx   1m    27Mi   
1777402925
websocket-server-56c97f4c7-5l94k   1m    50Mi   
websocket-server-56c97f4c7-dh7bj   1m    47Mi   
websocket-server-56c97f4c7-mcdc9   1m    28Mi   
websocket-server-56c97f4c7-mtqhj   1m    27Mi   
websocket-server-56c97f4c7-r64dd   1m    27Mi   
websocket-server-56c97f4c7-rfpxs   1m    27Mi   
websocket-server-56c97f4c7-x9zhq   1m    27Mi   
websocket-server-56c97f4c7-zxjnx   1m    27Mi   
1777402930
websocket-server-56c97f4c7-5l94k   1m    50Mi   
websocket-server-56c97f4c7-dh7bj   1m    47Mi   
websocket-server-56c97f4c7-mcdc9   1m    28Mi   
websocket-server-56c97f4c7-mtqhj   1m    27Mi   
websocket-server-56c97f4c7-r64dd   1m    27Mi   
websocket-server-56c97f4c7-rfpxs   1m    27Mi   
websocket-server-56c97f4c7-x9zhq   1m    27Mi   
websocket-server-56c97f4c7-zxjnx   1m    27Mi   
1777402935
websocket-server-56c97f4c7-5l94k   1m    50Mi   
websocket-server-56c97f4c7-dh7bj   1m    47Mi   
websocket-server-56c97f4c7-mcdc9   1m    28Mi   
websocket-server-56c97f4c7-mtqhj   1m    27Mi   
websocket-server-56c97f4c7-r64dd   1m    27Mi   
websocket-server-56c97f4c7-rfpxs   1m    27Mi   
websocket-server-56c97f4c7-x9zhq   1m    27Mi   
websocket-server-56c97f4c7-zxjnx   1m    27Mi   
1777402940
websocket-server-56c97f4c7-5l94k   1m    50Mi   
websocket-server-56c97f4c7-dh7bj   1m    47Mi   
websocket-server-56c97f4c7-mcdc9   1m    27Mi   
websocket-server-56c97f4c7-mtqhj   1m    27Mi   
websocket-server-56c97f4c7-r64dd   1m    27Mi   
websocket-server-56c97f4c7-rfpxs   1m    27Mi   
websocket-server-56c97f4c7-x9zhq   1m    27Mi   
websocket-server-56c97f4c7-zxjnx   1m    27Mi   
1777402945
websocket-server-56c97f4c7-5l94k   1m    50Mi   
websocket-server-56c97f4c7-dh7bj   1m    47Mi   
websocket-server-56c97f4c7-mcdc9   1m    27Mi   
websocket-server-56c97f4c7-mtqhj   1m    27Mi   
websocket-server-56c97f4c7-r64dd   1m    27Mi   
websocket-server-56c97f4c7-rfpxs   1m    27Mi   
websocket-server-56c97f4c7-x9zhq   1m    27Mi   
websocket-server-56c97f4c7-zxjnx   1m    27Mi   
1777402950
websocket-server-56c97f4c7-5l94k   1m    50Mi   
websocket-server-56c97f4c7-dh7bj   1m    47Mi   
websocket-server-56c97f4c7-mcdc9   1m    27Mi   
websocket-server-56c97f4c7-mtqhj   1m    27Mi   
websocket-server-56c97f4c7-r64dd   1m    27Mi   
websocket-server-56c97f4c7-rfpxs   1m    27Mi   
websocket-server-56c97f4c7-x9zhq   1m    27Mi   
websocket-server-56c97f4c7-zxjnx   1m    27Mi   
1777402955
websocket-server-56c97f4c7-5l94k   1m    50Mi   
websocket-server-56c97f4c7-dh7bj   6m    51Mi   
websocket-server-56c97f4c7-mcdc9   6m    33Mi   
websocket-server-56c97f4c7-mtqhj   1m    27Mi   
websocket-server-56c97f4c7-r64dd   1m    27Mi   
websocket-server-56c97f4c7-rfpxs   7m    33Mi   
websocket-server-56c97f4c7-x9zhq   7m    32Mi   
websocket-server-56c97f4c7-zxjnx   1m    27Mi   
1777402960
websocket-server-56c97f4c7-5l94k   1m    50Mi   
websocket-server-56c97f4c7-dh7bj   6m    51Mi   
websocket-server-56c97f4c7-mcdc9   6m    33Mi   
websocket-server-56c97f4c7-mtqhj   1m    27Mi   
websocket-server-56c97f4c7-r64dd   1m    27Mi   
websocket-server-56c97f4c7-rfpxs   7m    33Mi   
websocket-server-56c97f4c7-x9zhq   7m    32Mi   
websocket-server-56c97f4c7-zxjnx   1m    27Mi   
1777402965
websocket-server-56c97f4c7-5l94k   1m    50Mi   
websocket-server-56c97f4c7-dh7bj   6m    51Mi   
websocket-server-56c97f4c7-mcdc9   6m    33Mi   
websocket-server-56c97f4c7-mtqhj   1m    27Mi   
websocket-server-56c97f4c7-r64dd   1m    27Mi   
websocket-server-56c97f4c7-rfpxs   7m    33Mi   
websocket-server-56c97f4c7-x9zhq   7m    32Mi   
websocket-server-56c97f4c7-zxjnx   1m    27Mi   
1777402970
websocket-server-56c97f4c7-5l94k   5m    55Mi   
websocket-server-56c97f4c7-dh7bj   2m    51Mi   
websocket-server-56c97f4c7-mcdc9   2m    33Mi   
websocket-server-56c97f4c7-mtqhj   5m    33Mi   
websocket-server-56c97f4c7-r64dd   5m    32Mi   
websocket-server-56c97f4c7-rfpxs   7m    33Mi   
websocket-server-56c97f4c7-x9zhq   2m    33Mi   
websocket-server-56c97f4c7-zxjnx   5m    33Mi   
1777402975
websocket-server-56c97f4c7-5l94k   5m    55Mi   
websocket-server-56c97f4c7-dh7bj   2m    51Mi   
websocket-server-56c97f4c7-mcdc9   2m    33Mi   
websocket-server-56c97f4c7-mtqhj   5m    33Mi   
websocket-server-56c97f4c7-r64dd   5m    32Mi   
websocket-server-56c97f4c7-rfpxs   7m    33Mi   
websocket-server-56c97f4c7-x9zhq   2m    33Mi   
websocket-server-56c97f4c7-zxjnx   5m    33Mi   
1777402980
websocket-server-56c97f4c7-5l94k   5m    55Mi   
websocket-server-56c97f4c7-dh7bj   2m    51Mi   
websocket-server-56c97f4c7-mcdc9   2m    33Mi   
websocket-server-56c97f4c7-mtqhj   5m    33Mi   
websocket-server-56c97f4c7-r64dd   5m    32Mi   
websocket-server-56c97f4c7-rfpxs   7m    33Mi   
websocket-server-56c97f4c7-x9zhq   2m    33Mi   
websocket-server-56c97f4c7-zxjnx   5m    33Mi   
1777402985
websocket-server-56c97f4c7-5l94k   3m    54Mi   
websocket-server-56c97f4c7-dh7bj   3m    51Mi   
websocket-server-56c97f4c7-mcdc9   3m    33Mi   
websocket-server-56c97f4c7-mtqhj   2m    33Mi   
websocket-server-56c97f4c7-r64dd   3m    32Mi   
websocket-server-56c97f4c7-rfpxs   3m    33Mi   
websocket-server-56c97f4c7-x9zhq   4m    33Mi   
websocket-server-56c97f4c7-zxjnx   3m    33Mi   
1777402990
websocket-server-56c97f4c7-5l94k   3m    54Mi   
websocket-server-56c97f4c7-dh7bj   3m    51Mi   
websocket-server-56c97f4c7-mcdc9   3m    33Mi   
websocket-server-56c97f4c7-mtqhj   2m    33Mi   
websocket-server-56c97f4c7-r64dd   3m    32Mi   
websocket-server-56c97f4c7-rfpxs   3m    33Mi   
websocket-server-56c97f4c7-x9zhq   4m    33Mi   
websocket-server-56c97f4c7-zxjnx   3m    33Mi   
1777402995
websocket-server-56c97f4c7-5l94k   3m    54Mi   
websocket-server-56c97f4c7-dh7bj   3m    51Mi   
websocket-server-56c97f4c7-mcdc9   3m    33Mi   
websocket-server-56c97f4c7-mtqhj   2m    33Mi   
websocket-server-56c97f4c7-r64dd   3m    32Mi   
websocket-server-56c97f4c7-rfpxs   3m    33Mi   
websocket-server-56c97f4c7-x9zhq   4m    33Mi   
websocket-server-56c97f4c7-zxjnx   3m    33Mi   
1777403000
websocket-server-56c97f4c7-5l94k   2m    54Mi   
websocket-server-56c97f4c7-dh7bj   2m    51Mi   
websocket-server-56c97f4c7-mcdc9   3m    33Mi   
websocket-server-56c97f4c7-mtqhj   2m    33Mi   
websocket-server-56c97f4c7-r64dd   2m    32Mi   
websocket-server-56c97f4c7-rfpxs   3m    33Mi   
websocket-server-56c97f4c7-x9zhq   3m    33Mi   
websocket-server-56c97f4c7-zxjnx   4m    34Mi   
1777403005
websocket-server-56c97f4c7-5l94k   2m    54Mi   
websocket-server-56c97f4c7-dh7bj   2m    51Mi   
websocket-server-56c97f4c7-mcdc9   3m    33Mi   
websocket-server-56c97f4c7-mtqhj   2m    33Mi   
websocket-server-56c97f4c7-r64dd   2m    32Mi   
websocket-server-56c97f4c7-rfpxs   3m    33Mi   
websocket-server-56c97f4c7-x9zhq   3m    33Mi   
websocket-server-56c97f4c7-zxjnx   4m    34Mi   
1777403010
websocket-server-56c97f4c7-5l94k   2m    54Mi   
websocket-server-56c97f4c7-dh7bj   2m    51Mi   
websocket-server-56c97f4c7-mcdc9   3m    33Mi   
websocket-server-56c97f4c7-mtqhj   2m    33Mi   
websocket-server-56c97f4c7-r64dd   2m    32Mi   
websocket-server-56c97f4c7-rfpxs   3m    33Mi   
websocket-server-56c97f4c7-x9zhq   3m    33Mi   
websocket-server-56c97f4c7-zxjnx   4m    34Mi   
1777403015
websocket-server-56c97f4c7-5l94k   3m    54Mi   
websocket-server-56c97f4c7-dh7bj   2m    51Mi   
websocket-server-56c97f4c7-mcdc9   2m    33Mi   
websocket-server-56c97f4c7-mtqhj   3m    33Mi   
websocket-server-56c97f4c7-r64dd   2m    32Mi   
websocket-server-56c97f4c7-rfpxs   2m    33Mi   
websocket-server-56c97f4c7-x9zhq   2m    33Mi   
websocket-server-56c97f4c7-zxjnx   3m    33Mi   
1777403020
websocket-server-56c97f4c7-5l94k   3m    54Mi   
websocket-server-56c97f4c7-dh7bj   2m    51Mi   
websocket-server-56c97f4c7-mcdc9   2m    33Mi   
websocket-server-56c97f4c7-mtqhj   3m    33Mi   
websocket-server-56c97f4c7-r64dd   2m    32Mi   
websocket-server-56c97f4c7-rfpxs   2m    33Mi   
websocket-server-56c97f4c7-x9zhq   2m    33Mi   
websocket-server-56c97f4c7-zxjnx   3m    33Mi   
1777403026
websocket-server-56c97f4c7-5l94k   3m    54Mi   
websocket-server-56c97f4c7-dh7bj   2m    51Mi   
websocket-server-56c97f4c7-mcdc9   2m    33Mi   
websocket-server-56c97f4c7-mtqhj   3m    33Mi   
websocket-server-56c97f4c7-r64dd   2m    32Mi   
websocket-server-56c97f4c7-rfpxs   2m    33Mi   
websocket-server-56c97f4c7-x9zhq   2m    33Mi   
websocket-server-56c97f4c7-zxjnx   3m    33Mi   
1777403031
websocket-server-56c97f4c7-5l94k   2m    54Mi   
websocket-server-56c97f4c7-dh7bj   3m    52Mi   
websocket-server-56c97f4c7-mcdc9   3m    33Mi   
websocket-server-56c97f4c7-mtqhj   3m    33Mi   
websocket-server-56c97f4c7-r64dd   3m    32Mi   
websocket-server-56c97f4c7-rfpxs   3m    33Mi   
websocket-server-56c97f4c7-x9zhq   2m    33Mi   
websocket-server-56c97f4c7-zxjnx   2m    33Mi   
1777403036
websocket-server-56c97f4c7-5l94k   2m    54Mi   
websocket-server-56c97f4c7-dh7bj   3m    52Mi   
websocket-server-56c97f4c7-mcdc9   3m    33Mi   
websocket-server-56c97f4c7-mtqhj   3m    33Mi   
websocket-server-56c97f4c7-r64dd   3m    32Mi   
websocket-server-56c97f4c7-rfpxs   3m    33Mi   
websocket-server-56c97f4c7-x9zhq   2m    33Mi   
websocket-server-56c97f4c7-zxjnx   2m    33Mi   
1777403041
websocket-server-56c97f4c7-5l94k   2m    54Mi   
websocket-server-56c97f4c7-dh7bj   3m    52Mi   
websocket-server-56c97f4c7-mcdc9   3m    33Mi   
websocket-server-56c97f4c7-mtqhj   3m    33Mi   
websocket-server-56c97f4c7-r64dd   3m    32Mi   
websocket-server-56c97f4c7-rfpxs   3m    33Mi   
websocket-server-56c97f4c7-x9zhq   2m    33Mi   
websocket-server-56c97f4c7-zxjnx   2m    33Mi   
1777403046
websocket-server-56c97f4c7-5l94k   4m    54Mi   
websocket-server-56c97f4c7-dh7bj   3m    51Mi   
websocket-server-56c97f4c7-mcdc9   3m    33Mi   
websocket-server-56c97f4c7-mtqhj   3m    33Mi   
websocket-server-56c97f4c7-r64dd   3m    32Mi   
websocket-server-56c97f4c7-rfpxs   3m    33Mi   
websocket-server-56c97f4c7-x9zhq   3m    33Mi   
websocket-server-56c97f4c7-zxjnx   4m    33Mi   
1777403051
websocket-server-56c97f4c7-5l94k   4m    54Mi   
websocket-server-56c97f4c7-dh7bj   3m    51Mi   
websocket-server-56c97f4c7-mcdc9   3m    33Mi   
websocket-server-56c97f4c7-mtqhj   3m    33Mi   
websocket-server-56c97f4c7-r64dd   3m    32Mi   
websocket-server-56c97f4c7-rfpxs   3m    33Mi   
websocket-server-56c97f4c7-x9zhq   3m    33Mi   
websocket-server-56c97f4c7-zxjnx   4m    33Mi   
1777403056
websocket-server-56c97f4c7-5l94k   4m    54Mi   
websocket-server-56c97f4c7-dh7bj   3m    51Mi   
websocket-server-56c97f4c7-mcdc9   3m    33Mi   
websocket-server-56c97f4c7-mtqhj   3m    33Mi   
websocket-server-56c97f4c7-r64dd   3m    32Mi   
websocket-server-56c97f4c7-rfpxs   3m    33Mi   
websocket-server-56c97f4c7-x9zhq   3m    33Mi   
websocket-server-56c97f4c7-zxjnx   4m    33Mi   
1777403061
websocket-server-56c97f4c7-5l94k   3m    54Mi   
websocket-server-56c97f4c7-dh7bj   3m    51Mi   
websocket-server-56c97f4c7-mcdc9   4m    33Mi   
websocket-server-56c97f4c7-mtqhj   4m    33Mi   
websocket-server-56c97f4c7-r64dd   2m    32Mi   
websocket-server-56c97f4c7-rfpxs   3m    33Mi   
websocket-server-56c97f4c7-x9zhq   3m    33Mi   
websocket-server-56c97f4c7-zxjnx   3m    33Mi   
1777403066
websocket-server-56c97f4c7-5l94k   3m    54Mi   
websocket-server-56c97f4c7-dh7bj   3m    51Mi   
websocket-server-56c97f4c7-mcdc9   4m    33Mi   
websocket-server-56c97f4c7-mtqhj   4m    33Mi   
websocket-server-56c97f4c7-r64dd   2m    32Mi   
websocket-server-56c97f4c7-rfpxs   3m    33Mi   
websocket-server-56c97f4c7-x9zhq   3m    33Mi   
websocket-server-56c97f4c7-zxjnx   3m    33Mi   
1777403071
websocket-server-56c97f4c7-5l94k   3m    54Mi   
websocket-server-56c97f4c7-dh7bj   3m    51Mi   
websocket-server-56c97f4c7-mcdc9   4m    33Mi   
websocket-server-56c97f4c7-mtqhj   4m    33Mi   
websocket-server-56c97f4c7-r64dd   2m    32Mi   
websocket-server-56c97f4c7-rfpxs   3m    33Mi   
websocket-server-56c97f4c7-x9zhq   3m    33Mi   
websocket-server-56c97f4c7-zxjnx   3m    33Mi   
1777403076
websocket-server-56c97f4c7-5l94k   2m    54Mi   
websocket-server-56c97f4c7-dh7bj   2m    51Mi   
websocket-server-56c97f4c7-mcdc9   2m    33Mi   
websocket-server-56c97f4c7-mtqhj   2m    33Mi   
websocket-server-56c97f4c7-r64dd   3m    32Mi   
websocket-server-56c97f4c7-rfpxs   3m    33Mi   
websocket-server-56c97f4c7-x9zhq   3m    33Mi   
websocket-server-56c97f4c7-zxjnx   2m    33Mi   
1777403081
websocket-server-56c97f4c7-5l94k   2m    54Mi   
websocket-server-56c97f4c7-dh7bj   2m    51Mi   
websocket-server-56c97f4c7-mcdc9   2m    33Mi   
websocket-server-56c97f4c7-mtqhj   2m    33Mi   
websocket-server-56c97f4c7-r64dd   3m    32Mi   
websocket-server-56c97f4c7-rfpxs   3m    33Mi   
websocket-server-56c97f4c7-x9zhq   3m    33Mi   
websocket-server-56c97f4c7-zxjnx   2m    33Mi   
1777403086
websocket-server-56c97f4c7-5l94k   2m    54Mi   
websocket-server-56c97f4c7-dh7bj   2m    51Mi   
websocket-server-56c97f4c7-mcdc9   2m    33Mi   
websocket-server-56c97f4c7-mtqhj   2m    33Mi   
websocket-server-56c97f4c7-r64dd   3m    32Mi   
websocket-server-56c97f4c7-rfpxs   3m    33Mi   
websocket-server-56c97f4c7-x9zhq   3m    33Mi   
websocket-server-56c97f4c7-zxjnx   2m    33Mi   
1777403091
websocket-server-56c97f4c7-5l94k   1m    54Mi   
websocket-server-56c97f4c7-dh7bj   1m    51Mi   
websocket-server-56c97f4c7-mcdc9   1m    33Mi   
websocket-server-56c97f4c7-mtqhj   1m    33Mi   
websocket-server-56c97f4c7-r64dd   1m    32Mi   
websocket-server-56c97f4c7-rfpxs   1m    33Mi   
websocket-server-56c97f4c7-x9zhq   1m    33Mi   
websocket-server-56c97f4c7-zxjnx   1m    33Mi   
1777403096
websocket-server-56c97f4c7-5l94k   1m    54Mi   
websocket-server-56c97f4c7-dh7bj   1m    51Mi   
websocket-server-56c97f4c7-mcdc9   1m    33Mi   
websocket-server-56c97f4c7-mtqhj   1m    33Mi   
websocket-server-56c97f4c7-r64dd   1m    32Mi   
websocket-server-56c97f4c7-rfpxs   1m    33Mi   
websocket-server-56c97f4c7-x9zhq   1m    33Mi   
websocket-server-56c97f4c7-zxjnx   1m    33Mi   
1777403101
websocket-server-56c97f4c7-5l94k   1m    54Mi   
websocket-server-56c97f4c7-dh7bj   1m    51Mi   
websocket-server-56c97f4c7-mcdc9   1m    33Mi   
websocket-server-56c97f4c7-mtqhj   1m    33Mi   
websocket-server-56c97f4c7-r64dd   1m    32Mi   
websocket-server-56c97f4c7-rfpxs   1m    33Mi   
websocket-server-56c97f4c7-x9zhq   1m    33Mi   
websocket-server-56c97f4c7-zxjnx   1m    33Mi   
1777403106
websocket-server-56c97f4c7-5l94k   1m    54Mi   
websocket-server-56c97f4c7-dh7bj   1m    51Mi   
websocket-server-56c97f4c7-mcdc9   1m    33Mi   
websocket-server-56c97f4c7-mtqhj   1m    33Mi   
websocket-server-56c97f4c7-r64dd   1m    32Mi   
websocket-server-56c97f4c7-rfpxs   1m    33Mi   
websocket-server-56c97f4c7-x9zhq   1m    33Mi   
websocket-server-56c97f4c7-zxjnx   1m    33Mi   
1777403111
websocket-server-56c97f4c7-5l94k   1m    54Mi   
websocket-server-56c97f4c7-dh7bj   1m    51Mi   
websocket-server-56c97f4c7-mcdc9   1m    33Mi   
websocket-server-56c97f4c7-mtqhj   1m    33Mi   
websocket-server-56c97f4c7-r64dd   1m    32Mi   
websocket-server-56c97f4c7-rfpxs   1m    33Mi   
websocket-server-56c97f4c7-x9zhq   1m    33Mi   
websocket-server-56c97f4c7-zxjnx   1m    33Mi   
1777403116
websocket-server-56c97f4c7-5l94k   1m    54Mi   
websocket-server-56c97f4c7-dh7bj   1m    51Mi   
websocket-server-56c97f4c7-mcdc9   1m    33Mi   
websocket-server-56c97f4c7-mtqhj   1m    33Mi   
websocket-server-56c97f4c7-r64dd   1m    32Mi   
websocket-server-56c97f4c7-rfpxs   1m    33Mi   
websocket-server-56c97f4c7-x9zhq   1m    33Mi   
websocket-server-56c97f4c7-zxjnx   1m    33Mi   
1777403121
websocket-server-56c97f4c7-5l94k   1m    54Mi   
websocket-server-56c97f4c7-dh7bj   1m    51Mi   
websocket-server-56c97f4c7-mcdc9   1m    33Mi   
websocket-server-56c97f4c7-mtqhj   1m    33Mi   
websocket-server-56c97f4c7-r64dd   1m    32Mi   
websocket-server-56c97f4c7-rfpxs   1m    33Mi   
websocket-server-56c97f4c7-x9zhq   1m    33Mi   
websocket-server-56c97f4c7-zxjnx   1m    33Mi   
1777403126
websocket-server-56c97f4c7-5l94k   1m    54Mi   
websocket-server-56c97f4c7-dh7bj   1m    51Mi   
websocket-server-56c97f4c7-mcdc9   1m    33Mi   
websocket-server-56c97f4c7-mtqhj   1m    33Mi   
websocket-server-56c97f4c7-r64dd   1m    32Mi   
websocket-server-56c97f4c7-rfpxs   1m    33Mi   
websocket-server-56c97f4c7-x9zhq   1m    33Mi   
websocket-server-56c97f4c7-zxjnx   1m    33Mi   
1777403131
websocket-server-56c97f4c7-5l94k   1m    54Mi   
websocket-server-56c97f4c7-dh7bj   1m    51Mi   
websocket-server-56c97f4c7-mcdc9   1m    33Mi   
websocket-server-56c97f4c7-mtqhj   1m    33Mi   
websocket-server-56c97f4c7-r64dd   1m    32Mi   
websocket-server-56c97f4c7-rfpxs   1m    33Mi   
websocket-server-56c97f4c7-x9zhq   1m    33Mi   
websocket-server-56c97f4c7-zxjnx   1m    33Mi   
1777403136
websocket-server-56c97f4c7-5l94k   4m    54Mi   
websocket-server-56c97f4c7-dh7bj   4m    51Mi   
websocket-server-56c97f4c7-mcdc9   4m    32Mi   
websocket-server-56c97f4c7-mtqhj   3m    33Mi   
websocket-server-56c97f4c7-r64dd   1m    32Mi   
websocket-server-56c97f4c7-rfpxs   1m    33Mi   
websocket-server-56c97f4c7-x9zhq   4m    33Mi   
websocket-server-56c97f4c7-zxjnx   3m    33Mi   
1777403142
websocket-server-56c97f4c7-5l94k   4m    54Mi   
websocket-server-56c97f4c7-dh7bj   4m    51Mi   
websocket-server-56c97f4c7-mcdc9   4m    32Mi   
websocket-server-56c97f4c7-mtqhj   3m    33Mi   
websocket-server-56c97f4c7-r64dd   1m    32Mi   
websocket-server-56c97f4c7-rfpxs   1m    33Mi   
websocket-server-56c97f4c7-x9zhq   4m    33Mi   
websocket-server-56c97f4c7-zxjnx   3m    33Mi   
1777403147
websocket-server-56c97f4c7-5l94k   1m    54Mi   
websocket-server-56c97f4c7-dh7bj   4m    51Mi   
websocket-server-56c97f4c7-mcdc9   1m    32Mi   
websocket-server-56c97f4c7-mtqhj   1m    33Mi   
websocket-server-56c97f4c7-r64dd   3m    32Mi   
websocket-server-56c97f4c7-rfpxs   4m    33Mi   
websocket-server-56c97f4c7-x9zhq   1m    33Mi   
websocket-server-56c97f4c7-zxjnx   3m    33Mi   
1777403152
websocket-server-56c97f4c7-5l94k   1m    54Mi   
websocket-server-56c97f4c7-dh7bj   4m    51Mi   
websocket-server-56c97f4c7-mcdc9   1m    32Mi   
websocket-server-56c97f4c7-mtqhj   1m    33Mi   
websocket-server-56c97f4c7-r64dd   3m    32Mi   
websocket-server-56c97f4c7-rfpxs   4m    33Mi   
websocket-server-56c97f4c7-x9zhq   1m    33Mi   
websocket-server-56c97f4c7-zxjnx   3m    33Mi   
1777403157
websocket-server-56c97f4c7-5l94k   1m    54Mi   
websocket-server-56c97f4c7-dh7bj   4m    51Mi   
websocket-server-56c97f4c7-mcdc9   1m    32Mi   
websocket-server-56c97f4c7-mtqhj   1m    33Mi   
websocket-server-56c97f4c7-r64dd   3m    32Mi   
websocket-server-56c97f4c7-rfpxs   4m    33Mi   
websocket-server-56c97f4c7-x9zhq   1m    33Mi   
websocket-server-56c97f4c7-zxjnx   3m    33Mi   
1777403162
websocket-server-56c97f4c7-5l94k   0m    54Mi   
websocket-server-56c97f4c7-dh7bj   1m    51Mi   
websocket-server-56c97f4c7-mcdc9   1m    32Mi   
websocket-server-56c97f4c7-mtqhj   1m    33Mi   
websocket-server-56c97f4c7-r64dd   1m    32Mi   
websocket-server-56c97f4c7-rfpxs   1m    33Mi   
websocket-server-56c97f4c7-x9zhq   1m    33Mi   
websocket-server-56c97f4c7-zxjnx   1m    33Mi   
1777403167
websocket-server-56c97f4c7-5l94k   0m    54Mi   
websocket-server-56c97f4c7-dh7bj   1m    51Mi   
websocket-server-56c97f4c7-mcdc9   1m    32Mi   
websocket-server-56c97f4c7-mtqhj   1m    33Mi   
websocket-server-56c97f4c7-r64dd   1m    32Mi   
websocket-server-56c97f4c7-rfpxs   1m    33Mi   
websocket-server-56c97f4c7-x9zhq   1m    33Mi   
websocket-server-56c97f4c7-zxjnx   1m    33Mi   
1777403172
websocket-server-56c97f4c7-5l94k   0m    54Mi   
websocket-server-56c97f4c7-dh7bj   1m    51Mi   
websocket-server-56c97f4c7-mcdc9   1m    32Mi   
websocket-server-56c97f4c7-mtqhj   1m    33Mi   
websocket-server-56c97f4c7-r64dd   1m    32Mi   
websocket-server-56c97f4c7-rfpxs   1m    33Mi   
websocket-server-56c97f4c7-x9zhq   1m    33Mi   
websocket-server-56c97f4c7-zxjnx   1m    33Mi   
1777403177
websocket-server-56c97f4c7-5l94k   1m    54Mi   
websocket-server-56c97f4c7-dh7bj   1m    51Mi   
websocket-server-56c97f4c7-mcdc9   1m    32Mi   
websocket-server-56c97f4c7-mtqhj   1m    33Mi   
websocket-server-56c97f4c7-r64dd   1m    32Mi   
websocket-server-56c97f4c7-rfpxs   1m    33Mi   
websocket-server-56c97f4c7-x9zhq   1m    33Mi   
websocket-server-56c97f4c7-zxjnx   1m    33Mi   
1777403182
websocket-server-56c97f4c7-5l94k   1m    54Mi   
websocket-server-56c97f4c7-dh7bj   1m    51Mi   
websocket-server-56c97f4c7-mcdc9   1m    32Mi   
websocket-server-56c97f4c7-mtqhj   1m    33Mi   
websocket-server-56c97f4c7-r64dd   1m    32Mi   
websocket-server-56c97f4c7-rfpxs   1m    33Mi   
websocket-server-56c97f4c7-x9zhq   1m    33Mi   
websocket-server-56c97f4c7-zxjnx   1m    33Mi   
1777403187
websocket-server-56c97f4c7-5l94k   1m    54Mi   
websocket-server-56c97f4c7-dh7bj   1m    51Mi   
websocket-server-56c97f4c7-mcdc9   1m    32Mi   
websocket-server-56c97f4c7-mtqhj   1m    33Mi   
websocket-server-56c97f4c7-r64dd   1m    32Mi   
websocket-server-56c97f4c7-rfpxs   1m    33Mi   
websocket-server-56c97f4c7-x9zhq   1m    33Mi   
websocket-server-56c97f4c7-zxjnx   1m    33Mi   
1777403192
websocket-server-56c97f4c7-5l94k   1m    54Mi   
websocket-server-56c97f4c7-dh7bj   1m    51Mi   
websocket-server-56c97f4c7-mcdc9   0m    32Mi   
websocket-server-56c97f4c7-mtqhj   1m    33Mi   
websocket-server-56c97f4c7-r64dd   1m    32Mi   
websocket-server-56c97f4c7-rfpxs   1m    33Mi   
websocket-server-56c97f4c7-x9zhq   1m    33Mi   
websocket-server-56c97f4c7-zxjnx   1m    33Mi   
1777403197
websocket-server-56c97f4c7-5l94k   1m    54Mi   
websocket-server-56c97f4c7-dh7bj   1m    51Mi   
websocket-server-56c97f4c7-mcdc9   0m    32Mi   
websocket-server-56c97f4c7-mtqhj   1m    33Mi   
websocket-server-56c97f4c7-r64dd   1m    32Mi   
websocket-server-56c97f4c7-rfpxs   1m    33Mi   
websocket-server-56c97f4c7-x9zhq   1m    33Mi   
websocket-server-56c97f4c7-zxjnx   1m    33Mi   
1777403202
websocket-server-56c97f4c7-5l94k   1m    54Mi   
websocket-server-56c97f4c7-dh7bj   1m    51Mi   
websocket-server-56c97f4c7-mcdc9   0m    32Mi   
websocket-server-56c97f4c7-mtqhj   1m    33Mi   
websocket-server-56c97f4c7-r64dd   1m    32Mi   
websocket-server-56c97f4c7-rfpxs   1m    33Mi   
websocket-server-56c97f4c7-x9zhq   1m    33Mi   
websocket-server-56c97f4c7-zxjnx   1m    33Mi   
1777403207
websocket-server-56c97f4c7-5l94k   1m    54Mi   
websocket-server-56c97f4c7-dh7bj   1m    51Mi   
websocket-server-56c97f4c7-mcdc9   0m    32Mi   
websocket-server-56c97f4c7-mtqhj   1m    33Mi   
websocket-server-56c97f4c7-r64dd   1m    32Mi   
websocket-server-56c97f4c7-rfpxs   1m    33Mi   
websocket-server-56c97f4c7-x9zhq   1m    33Mi   
websocket-server-56c97f4c7-zxjnx   1m    33Mi   
1777403212
websocket-server-56c97f4c7-5l94k   1m    54Mi   
websocket-server-56c97f4c7-dh7bj   1m    51Mi   
websocket-server-56c97f4c7-mcdc9   0m    32Mi   
websocket-server-56c97f4c7-mtqhj   1m    33Mi   
websocket-server-56c97f4c7-r64dd   1m    32Mi   
websocket-server-56c97f4c7-rfpxs   1m    33Mi   
websocket-server-56c97f4c7-x9zhq   1m    33Mi   
websocket-server-56c97f4c7-zxjnx   1m    33Mi   
1777403217
websocket-server-56c97f4c7-5l94k   1m    54Mi   
websocket-server-56c97f4c7-dh7bj   1m    51Mi   
websocket-server-56c97f4c7-mcdc9   0m    32Mi   
websocket-server-56c97f4c7-mtqhj   1m    33Mi   
websocket-server-56c97f4c7-r64dd   1m    32Mi   
websocket-server-56c97f4c7-rfpxs   1m    33Mi   
websocket-server-56c97f4c7-x9zhq   1m    33Mi   
websocket-server-56c97f4c7-zxjnx   1m    33Mi   
1777403222
websocket-server-56c97f4c7-5l94k   1m    54Mi   
websocket-server-56c97f4c7-dh7bj   1m    51Mi   
websocket-server-56c97f4c7-mcdc9   1m    32Mi   
websocket-server-56c97f4c7-mtqhj   1m    33Mi   
websocket-server-56c97f4c7-r64dd   1m    32Mi   
websocket-server-56c97f4c7-rfpxs   1m    33Mi   
websocket-server-56c97f4c7-x9zhq   1m    33Mi   
websocket-server-56c97f4c7-zxjnx   1m    33Mi   
1777403227
websocket-server-56c97f4c7-5l94k   1m    54Mi   
websocket-server-56c97f4c7-dh7bj   1m    51Mi   
websocket-server-56c97f4c7-mcdc9   1m    32Mi   
websocket-server-56c97f4c7-mtqhj   1m    33Mi   
websocket-server-56c97f4c7-r64dd   1m    32Mi   
websocket-server-56c97f4c7-rfpxs   1m    33Mi   
websocket-server-56c97f4c7-x9zhq   1m    33Mi   
websocket-server-56c97f4c7-zxjnx   1m    33Mi   
1777403232
websocket-server-56c97f4c7-5l94k   1m    54Mi   
websocket-server-56c97f4c7-dh7bj   1m    51Mi   
websocket-server-56c97f4c7-mcdc9   1m    32Mi   
websocket-server-56c97f4c7-mtqhj   1m    33Mi   
websocket-server-56c97f4c7-r64dd   1m    32Mi   
websocket-server-56c97f4c7-rfpxs   1m    33Mi   
websocket-server-56c97f4c7-x9zhq   1m    33Mi   
websocket-server-56c97f4c7-zxjnx   1m    33Mi   
1777403237
websocket-server-56c97f4c7-5l94k   1m    54Mi   
websocket-server-56c97f4c7-dh7bj   1m    51Mi   
websocket-server-56c97f4c7-mcdc9   1m    32Mi   
websocket-server-56c97f4c7-mtqhj   1m    33Mi   
websocket-server-56c97f4c7-r64dd   1m    32Mi   
websocket-server-56c97f4c7-rfpxs   1m    33Mi   
websocket-server-56c97f4c7-x9zhq   1m    33Mi   
websocket-server-56c97f4c7-zxjnx   1m    33Mi   
1777403242
websocket-server-56c97f4c7-5l94k   1m    54Mi   
websocket-server-56c97f4c7-dh7bj   1m    51Mi   
websocket-server-56c97f4c7-mcdc9   1m    32Mi   
websocket-server-56c97f4c7-mtqhj   1m    33Mi   
websocket-server-56c97f4c7-r64dd   1m    32Mi   
websocket-server-56c97f4c7-rfpxs   1m    33Mi   
websocket-server-56c97f4c7-x9zhq   1m    33Mi   
websocket-server-56c97f4c7-zxjnx   1m    33Mi   
1777403247
websocket-server-56c97f4c7-5l94k   1m    54Mi   
websocket-server-56c97f4c7-dh7bj   1m    51Mi   
websocket-server-56c97f4c7-mcdc9   1m    32Mi   
websocket-server-56c97f4c7-mtqhj   1m    33Mi   
websocket-server-56c97f4c7-r64dd   1m    32Mi   
websocket-server-56c97f4c7-rfpxs   1m    33Mi   
websocket-server-56c97f4c7-x9zhq   1m    33Mi   
websocket-server-56c97f4c7-zxjnx   1m    33Mi   
1777403252
websocket-server-56c97f4c7-5l94k   1m    54Mi   
websocket-server-56c97f4c7-dh7bj   0m    51Mi   
websocket-server-56c97f4c7-mcdc9   0m    32Mi   
websocket-server-56c97f4c7-mtqhj   1m    33Mi   
websocket-server-56c97f4c7-r64dd   1m    32Mi   
websocket-server-56c97f4c7-rfpxs   1m    33Mi   
websocket-server-56c97f4c7-x9zhq   1m    33Mi   
websocket-server-56c97f4c7-zxjnx   0m    33Mi   
1777403258
websocket-server-56c97f4c7-5l94k   1m    54Mi   
websocket-server-56c97f4c7-dh7bj   0m    51Mi   
websocket-server-56c97f4c7-mcdc9   0m    32Mi   
websocket-server-56c97f4c7-mtqhj   1m    33Mi   
websocket-server-56c97f4c7-r64dd   1m    32Mi   
websocket-server-56c97f4c7-rfpxs   1m    33Mi   
websocket-server-56c97f4c7-x9zhq   1m    33Mi   
websocket-server-56c97f4c7-zxjnx   0m    33Mi   
1777403263
websocket-server-56c97f4c7-5l94k   1m    54Mi   
websocket-server-56c97f4c7-dh7bj   0m    51Mi   
websocket-server-56c97f4c7-mcdc9   0m    32Mi   
websocket-server-56c97f4c7-mtqhj   1m    33Mi   
websocket-server-56c97f4c7-r64dd   1m    32Mi   
websocket-server-56c97f4c7-rfpxs   1m    33Mi   
websocket-server-56c97f4c7-x9zhq   1m    33Mi   
websocket-server-56c97f4c7-zxjnx   0m    33Mi   
1777403268
websocket-server-56c97f4c7-5l94k   1m    54Mi   
websocket-server-56c97f4c7-dh7bj   0m    51Mi   
websocket-server-56c97f4c7-mcdc9   1m    32Mi   
websocket-server-56c97f4c7-mtqhj   1m    33Mi   
websocket-server-56c97f4c7-r64dd   1m    32Mi   
websocket-server-56c97f4c7-rfpxs   0m    33Mi   
websocket-server-56c97f4c7-x9zhq   1m    33Mi   
websocket-server-56c97f4c7-zxjnx   1m    33Mi   
