1777395254
websocket-server-56c97f4c7-fkf5j   29m   36Mi   
websocket-server-56c97f4c7-jzghv   29m   38Mi   
1777395259
websocket-server-56c97f4c7-fkf5j   29m   36Mi   
websocket-server-56c97f4c7-jzghv   29m   38Mi   
1777395264
websocket-server-56c97f4c7-fkf5j   29m   36Mi   
websocket-server-56c97f4c7-jzghv   29m   38Mi   
1777395269
websocket-server-56c97f4c7-fkf5j   1m    36Mi   
websocket-server-56c97f4c7-jzghv   1m    38Mi   
1777395274
websocket-server-56c97f4c7-fkf5j   1m    36Mi   
websocket-server-56c97f4c7-jzghv   1m    38Mi   
1777395279
websocket-server-56c97f4c7-fkf5j   1m    36Mi   
websocket-server-56c97f4c7-jzghv   1m    38Mi   
1777395284
websocket-server-56c97f4c7-fkf5j   3m    38Mi   
websocket-server-56c97f4c7-jzghv   3m    40Mi   
1777395289
websocket-server-56c97f4c7-fkf5j   3m    38Mi   
websocket-server-56c97f4c7-jzghv   3m    40Mi   
1777395294
websocket-server-56c97f4c7-fkf5j   3m    38Mi   
websocket-server-56c97f4c7-jzghv   3m    40Mi   
1777395299
websocket-server-56c97f4c7-fkf5j   7m    43Mi   
websocket-server-56c97f4c7-jzghv   7m    44Mi   
1777395304
websocket-server-56c97f4c7-fkf5j   7m    43Mi   
websocket-server-56c97f4c7-jzghv   7m    44Mi   
1777395309
websocket-server-56c97f4c7-fkf5j   7m    43Mi   
websocket-server-56c97f4c7-jzghv   7m    44Mi   
1777395314
websocket-server-56c97f4c7-59d6l   27m   29Mi   
websocket-server-56c97f4c7-fkf5j   11m   47Mi   
websocket-server-56c97f4c7-jzghv   10m   47Mi   
1777395319
websocket-server-56c97f4c7-59d6l   27m   29Mi   
websocket-server-56c97f4c7-fkf5j   11m   47Mi   
websocket-server-56c97f4c7-jzghv   10m   47Mi   
1777395324
websocket-server-56c97f4c7-59d6l   27m   29Mi   
websocket-server-56c97f4c7-fkf5j   11m   47Mi   
websocket-server-56c97f4c7-jzghv   10m   47Mi   
1777395329
websocket-server-56c97f4c7-2qqxw   3m    29Mi   
websocket-server-56c97f4c7-59d6l   4m    31Mi   
websocket-server-56c97f4c7-fkf5j   13m   49Mi   
websocket-server-56c97f4c7-jzghv   11m   49Mi   
1777395334
websocket-server-56c97f4c7-2qqxw   3m    29Mi   
websocket-server-56c97f4c7-59d6l   4m    31Mi   
websocket-server-56c97f4c7-fkf5j   13m   49Mi   
websocket-server-56c97f4c7-jzghv   11m   49Mi   
1777395339
websocket-server-56c97f4c7-2qqxw   3m    29Mi   
websocket-server-56c97f4c7-59d6l   4m    31Mi   
websocket-server-56c97f4c7-fkf5j   13m   49Mi   
websocket-server-56c97f4c7-jzghv   11m   49Mi   
1777395345
websocket-server-56c97f4c7-2qqxw   4m    29Mi   
websocket-server-56c97f4c7-59d6l   4m    31Mi   
websocket-server-56c97f4c7-fkf5j   15m   50Mi   
websocket-server-56c97f4c7-jzghv   14m   51Mi   
websocket-server-56c97f4c7-rflgm   24m   28Mi   
1777395350
websocket-server-56c97f4c7-2qqxw   4m    29Mi   
websocket-server-56c97f4c7-59d6l   4m    31Mi   
websocket-server-56c97f4c7-fkf5j   15m   50Mi   
websocket-server-56c97f4c7-jzghv   14m   51Mi   
websocket-server-56c97f4c7-rflgm   24m   28Mi   
1777395355
websocket-server-56c97f4c7-2qqxw   4m    29Mi   
websocket-server-56c97f4c7-59d6l   4m    31Mi   
websocket-server-56c97f4c7-fkf5j   15m   50Mi   
websocket-server-56c97f4c7-jzghv   14m   51Mi   
websocket-server-56c97f4c7-rflgm   24m   28Mi   
1777395360
websocket-server-56c97f4c7-2qqxw   4m    30Mi   
websocket-server-56c97f4c7-59d6l   6m    32Mi   
websocket-server-56c97f4c7-fkf5j   15m   51Mi   
websocket-server-56c97f4c7-jzghv   14m   52Mi   
websocket-server-56c97f4c7-pgwkz   27m   28Mi   
websocket-server-56c97f4c7-rflgm   3m    29Mi   
websocket-server-56c97f4c7-wh8r9   27m   28Mi   
1777395365
websocket-server-56c97f4c7-2qqxw   4m    30Mi   
websocket-server-56c97f4c7-59d6l   6m    32Mi   
websocket-server-56c97f4c7-fkf5j   15m   51Mi   
websocket-server-56c97f4c7-jzghv   14m   52Mi   
websocket-server-56c97f4c7-pgwkz   27m   28Mi   
websocket-server-56c97f4c7-rflgm   3m    29Mi   
websocket-server-56c97f4c7-wh8r9   27m   28Mi   
1777395370
websocket-server-56c97f4c7-2qqxw   4m    30Mi   
websocket-server-56c97f4c7-59d6l   6m    32Mi   
websocket-server-56c97f4c7-fkf5j   15m   51Mi   
websocket-server-56c97f4c7-jzghv   14m   52Mi   
websocket-server-56c97f4c7-pgwkz   27m   28Mi   
websocket-server-56c97f4c7-rflgm   3m    29Mi   
websocket-server-56c97f4c7-wh8r9   27m   28Mi   
1777395375
websocket-server-56c97f4c7-2qqxw   4m    31Mi   
websocket-server-56c97f4c7-4kmcv   17m   28Mi   
websocket-server-56c97f4c7-59d6l   7m    33Mi   
websocket-server-56c97f4c7-fkf5j   15m   52Mi   
websocket-server-56c97f4c7-jzghv   13m   52Mi   
websocket-server-56c97f4c7-pgwkz   2m    28Mi   
websocket-server-56c97f4c7-rflgm   3m    29Mi   
websocket-server-56c97f4c7-wh8r9   3m    29Mi   
1777395380
websocket-server-56c97f4c7-2qqxw   4m    31Mi   
websocket-server-56c97f4c7-4kmcv   17m   28Mi   
websocket-server-56c97f4c7-59d6l   7m    33Mi   
websocket-server-56c97f4c7-fkf5j   15m   52Mi   
websocket-server-56c97f4c7-jzghv   13m   52Mi   
websocket-server-56c97f4c7-pgwkz   2m    28Mi   
websocket-server-56c97f4c7-rflgm   3m    29Mi   
websocket-server-56c97f4c7-wh8r9   3m    29Mi   
1777395385
websocket-server-56c97f4c7-2qqxw   4m    31Mi   
websocket-server-56c97f4c7-4kmcv   17m   28Mi   
websocket-server-56c97f4c7-59d6l   7m    33Mi   
websocket-server-56c97f4c7-fkf5j   15m   52Mi   
websocket-server-56c97f4c7-jzghv   13m   52Mi   
websocket-server-56c97f4c7-pgwkz   2m    28Mi   
websocket-server-56c97f4c7-rflgm   3m    29Mi   
websocket-server-56c97f4c7-wh8r9   3m    29Mi   
1777395390
websocket-server-56c97f4c7-2qqxw   5m    31Mi   
websocket-server-56c97f4c7-4kmcv   1m    28Mi   
websocket-server-56c97f4c7-59d6l   6m    33Mi   
websocket-server-56c97f4c7-fkf5j   14m   52Mi   
websocket-server-56c97f4c7-jzghv   13m   53Mi   
websocket-server-56c97f4c7-pgwkz   1m    28Mi   
websocket-server-56c97f4c7-rflgm   3m    29Mi   
websocket-server-56c97f4c7-wh8r9   2m    29Mi   
1777395395
websocket-server-56c97f4c7-2qqxw   5m    31Mi   
websocket-server-56c97f4c7-4kmcv   1m    28Mi   
websocket-server-56c97f4c7-59d6l   6m    33Mi   
websocket-server-56c97f4c7-fkf5j   14m   52Mi   
websocket-server-56c97f4c7-jzghv   13m   53Mi   
websocket-server-56c97f4c7-pgwkz   1m    28Mi   
websocket-server-56c97f4c7-rflgm   3m    29Mi   
websocket-server-56c97f4c7-wh8r9   2m    29Mi   
1777395400
websocket-server-56c97f4c7-2qqxw   5m    31Mi   
websocket-server-56c97f4c7-4kmcv   1m    28Mi   
websocket-server-56c97f4c7-59d6l   6m    33Mi   
websocket-server-56c97f4c7-fkf5j   14m   52Mi   
websocket-server-56c97f4c7-jzghv   13m   53Mi   
websocket-server-56c97f4c7-pgwkz   1m    28Mi   
websocket-server-56c97f4c7-rflgm   3m    29Mi   
websocket-server-56c97f4c7-wh8r9   2m    29Mi   
1777395405
websocket-server-56c97f4c7-2qqxw   2m    31Mi   
websocket-server-56c97f4c7-4kmcv   1m    28Mi   
websocket-server-56c97f4c7-59d6l   5m    34Mi   
websocket-server-56c97f4c7-fkf5j   6m    51Mi   
websocket-server-56c97f4c7-jzghv   7m    52Mi   
websocket-server-56c97f4c7-pgwkz   1m    28Mi   
websocket-server-56c97f4c7-rflgm   2m    29Mi   
websocket-server-56c97f4c7-wh8r9   2m    29Mi   
1777395410
websocket-server-56c97f4c7-2qqxw   2m    31Mi   
websocket-server-56c97f4c7-4kmcv   1m    28Mi   
websocket-server-56c97f4c7-59d6l   5m    34Mi   
websocket-server-56c97f4c7-fkf5j   6m    51Mi   
websocket-server-56c97f4c7-jzghv   7m    52Mi   
websocket-server-56c97f4c7-pgwkz   1m    28Mi   
websocket-server-56c97f4c7-rflgm   2m    29Mi   
websocket-server-56c97f4c7-wh8r9   2m    29Mi   
1777395415
websocket-server-56c97f4c7-2qqxw   2m    31Mi   
websocket-server-56c97f4c7-4kmcv   1m    28Mi   
websocket-server-56c97f4c7-59d6l   5m    34Mi   
websocket-server-56c97f4c7-fkf5j   6m    51Mi   
websocket-server-56c97f4c7-jzghv   7m    52Mi   
websocket-server-56c97f4c7-pgwkz   1m    28Mi   
websocket-server-56c97f4c7-rflgm   2m    29Mi   
websocket-server-56c97f4c7-wh8r9   2m    29Mi   
1777395420
websocket-server-56c97f4c7-2qqxw   1m    31Mi   
websocket-server-56c97f4c7-4kmcv   1m    28Mi   
websocket-server-56c97f4c7-59d6l   2m    33Mi   
websocket-server-56c97f4c7-fkf5j   6m    51Mi   
websocket-server-56c97f4c7-jzghv   4m    52Mi   
websocket-server-56c97f4c7-pgwkz   1m    28Mi   
websocket-server-56c97f4c7-rflgm   2m    29Mi   
websocket-server-56c97f4c7-wh8r9   1m    29Mi   
1777395425
websocket-server-56c97f4c7-2qqxw   1m    31Mi   
websocket-server-56c97f4c7-4kmcv   1m    28Mi   
websocket-server-56c97f4c7-59d6l   2m    33Mi   
websocket-server-56c97f4c7-fkf5j   6m    51Mi   
websocket-server-56c97f4c7-jzghv   4m    52Mi   
websocket-server-56c97f4c7-pgwkz   1m    28Mi   
websocket-server-56c97f4c7-rflgm   2m    29Mi   
websocket-server-56c97f4c7-wh8r9   1m    29Mi   
1777395430
websocket-server-56c97f4c7-2qqxw   1m    31Mi   
websocket-server-56c97f4c7-4kmcv   1m    28Mi   
websocket-server-56c97f4c7-59d6l   2m    33Mi   
websocket-server-56c97f4c7-fkf5j   6m    51Mi   
websocket-server-56c97f4c7-jzghv   4m    52Mi   
websocket-server-56c97f4c7-pgwkz   1m    28Mi   
websocket-server-56c97f4c7-rflgm   2m    29Mi   
websocket-server-56c97f4c7-wh8r9   1m    29Mi   
1777395435
websocket-server-56c97f4c7-2qqxw   2m    31Mi   
websocket-server-56c97f4c7-4kmcv   1m    28Mi   
websocket-server-56c97f4c7-59d6l   2m    33Mi   
websocket-server-56c97f4c7-fkf5j   5m    52Mi   
websocket-server-56c97f4c7-jzghv   4m    52Mi   
websocket-server-56c97f4c7-pgwkz   1m    28Mi   
websocket-server-56c97f4c7-rflgm   1m    29Mi   
websocket-server-56c97f4c7-wh8r9   1m    29Mi   
1777395440
websocket-server-56c97f4c7-2qqxw   2m    31Mi   
websocket-server-56c97f4c7-4kmcv   1m    28Mi   
websocket-server-56c97f4c7-59d6l   2m    33Mi   
websocket-server-56c97f4c7-fkf5j   5m    52Mi   
websocket-server-56c97f4c7-jzghv   4m    52Mi   
websocket-server-56c97f4c7-pgwkz   1m    28Mi   
websocket-server-56c97f4c7-rflgm   1m    29Mi   
websocket-server-56c97f4c7-wh8r9   1m    29Mi   
1777395445
websocket-server-56c97f4c7-2qqxw   2m    31Mi   
websocket-server-56c97f4c7-4kmcv   1m    28Mi   
websocket-server-56c97f4c7-59d6l   2m    33Mi   
websocket-server-56c97f4c7-fkf5j   5m    52Mi   
websocket-server-56c97f4c7-jzghv   4m    52Mi   
websocket-server-56c97f4c7-pgwkz   1m    28Mi   
websocket-server-56c97f4c7-rflgm   1m    29Mi   
websocket-server-56c97f4c7-wh8r9   1m    29Mi   
1777395450
websocket-server-56c97f4c7-2qqxw   2m    31Mi   
websocket-server-56c97f4c7-4kmcv   1m    28Mi   
websocket-server-56c97f4c7-59d6l   2m    33Mi   
websocket-server-56c97f4c7-fkf5j   4m    51Mi   
websocket-server-56c97f4c7-jzghv   4m    52Mi   
websocket-server-56c97f4c7-pgwkz   1m    28Mi   
websocket-server-56c97f4c7-rflgm   1m    29Mi   
websocket-server-56c97f4c7-wh8r9   1m    29Mi   
1777395456
websocket-server-56c97f4c7-2qqxw   2m    31Mi   
websocket-server-56c97f4c7-4kmcv   1m    28Mi   
websocket-server-56c97f4c7-59d6l   2m    33Mi   
websocket-server-56c97f4c7-fkf5j   4m    51Mi   
websocket-server-56c97f4c7-jzghv   4m    52Mi   
websocket-server-56c97f4c7-pgwkz   1m    28Mi   
websocket-server-56c97f4c7-rflgm   1m    29Mi   
websocket-server-56c97f4c7-wh8r9   1m    29Mi   
1777395461
websocket-server-56c97f4c7-2qqxw   2m    31Mi   
websocket-server-56c97f4c7-4kmcv   1m    28Mi   
websocket-server-56c97f4c7-59d6l   2m    33Mi   
websocket-server-56c97f4c7-fkf5j   4m    51Mi   
websocket-server-56c97f4c7-jzghv   4m    52Mi   
websocket-server-56c97f4c7-pgwkz   1m    28Mi   
websocket-server-56c97f4c7-rflgm   1m    29Mi   
websocket-server-56c97f4c7-wh8r9   1m    29Mi   
1777395466
websocket-server-56c97f4c7-2qqxw   3m    31Mi   
websocket-server-56c97f4c7-4kmcv   1m    28Mi   
websocket-server-56c97f4c7-59d6l   5m    33Mi   
websocket-server-56c97f4c7-fkf5j   10m   51Mi   
websocket-server-56c97f4c7-jzghv   10m   52Mi   
websocket-server-56c97f4c7-pgwkz   1m    28Mi   
websocket-server-56c97f4c7-rflgm   3m    29Mi   
websocket-server-56c97f4c7-wh8r9   2m    29Mi   
1777395471
websocket-server-56c97f4c7-2qqxw   3m    31Mi   
websocket-server-56c97f4c7-4kmcv   1m    28Mi   
websocket-server-56c97f4c7-59d6l   5m    33Mi   
websocket-server-56c97f4c7-fkf5j   10m   51Mi   
websocket-server-56c97f4c7-jzghv   10m   52Mi   
websocket-server-56c97f4c7-pgwkz   1m    28Mi   
websocket-server-56c97f4c7-rflgm   3m    29Mi   
websocket-server-56c97f4c7-wh8r9   2m    29Mi   
1777395476
websocket-server-56c97f4c7-2qqxw   3m    31Mi   
websocket-server-56c97f4c7-4kmcv   1m    28Mi   
websocket-server-56c97f4c7-59d6l   5m    33Mi   
websocket-server-56c97f4c7-fkf5j   10m   51Mi   
websocket-server-56c97f4c7-jzghv   10m   52Mi   
websocket-server-56c97f4c7-pgwkz   1m    28Mi   
websocket-server-56c97f4c7-rflgm   3m    29Mi   
websocket-server-56c97f4c7-wh8r9   2m    29Mi   
1777395481
websocket-server-56c97f4c7-2qqxw   1m    31Mi   
websocket-server-56c97f4c7-4kmcv   1m    28Mi   
websocket-server-56c97f4c7-59d6l   1m    33Mi   
websocket-server-56c97f4c7-fkf5j   1m    51Mi   
websocket-server-56c97f4c7-jzghv   1m    52Mi   
websocket-server-56c97f4c7-pgwkz   1m    28Mi   
websocket-server-56c97f4c7-rflgm   1m    29Mi   
websocket-server-56c97f4c7-wh8r9   1m    29Mi   
1777395486
websocket-server-56c97f4c7-2qqxw   1m    31Mi   
websocket-server-56c97f4c7-4kmcv   1m    28Mi   
websocket-server-56c97f4c7-59d6l   1m    33Mi   
websocket-server-56c97f4c7-fkf5j   1m    51Mi   
websocket-server-56c97f4c7-jzghv   1m    52Mi   
websocket-server-56c97f4c7-pgwkz   1m    28Mi   
websocket-server-56c97f4c7-rflgm   1m    29Mi   
websocket-server-56c97f4c7-wh8r9   1m    29Mi   
1777395491
websocket-server-56c97f4c7-2qqxw   1m    31Mi   
websocket-server-56c97f4c7-4kmcv   1m    28Mi   
websocket-server-56c97f4c7-59d6l   1m    33Mi   
websocket-server-56c97f4c7-fkf5j   1m    51Mi   
websocket-server-56c97f4c7-jzghv   1m    52Mi   
websocket-server-56c97f4c7-pgwkz   1m    28Mi   
websocket-server-56c97f4c7-rflgm   1m    29Mi   
websocket-server-56c97f4c7-wh8r9   1m    29Mi   
1777395496
websocket-server-56c97f4c7-2qqxw   1m    31Mi   
websocket-server-56c97f4c7-4kmcv   1m    28Mi   
websocket-server-56c97f4c7-59d6l   1m    33Mi   
websocket-server-56c97f4c7-fkf5j   1m    51Mi   
websocket-server-56c97f4c7-jzghv   1m    52Mi   
websocket-server-56c97f4c7-pgwkz   1m    28Mi   
websocket-server-56c97f4c7-rflgm   1m    29Mi   
websocket-server-56c97f4c7-wh8r9   1m    29Mi   
1777395501
websocket-server-56c97f4c7-2qqxw   1m    31Mi   
websocket-server-56c97f4c7-4kmcv   1m    28Mi   
websocket-server-56c97f4c7-59d6l   1m    33Mi   
websocket-server-56c97f4c7-fkf5j   1m    51Mi   
websocket-server-56c97f4c7-jzghv   1m    52Mi   
websocket-server-56c97f4c7-pgwkz   1m    28Mi   
websocket-server-56c97f4c7-rflgm   1m    29Mi   
websocket-server-56c97f4c7-wh8r9   1m    29Mi   
1777395506
websocket-server-56c97f4c7-2qqxw   1m    31Mi   
websocket-server-56c97f4c7-4kmcv   1m    28Mi   
websocket-server-56c97f4c7-59d6l   1m    33Mi   
websocket-server-56c97f4c7-fkf5j   1m    51Mi   
websocket-server-56c97f4c7-jzghv   1m    52Mi   
websocket-server-56c97f4c7-pgwkz   1m    28Mi   
websocket-server-56c97f4c7-rflgm   1m    29Mi   
websocket-server-56c97f4c7-wh8r9   1m    29Mi   
1777395511
websocket-server-56c97f4c7-2qqxw   1m    31Mi   
websocket-server-56c97f4c7-4kmcv   1m    28Mi   
websocket-server-56c97f4c7-59d6l   1m    33Mi   
websocket-server-56c97f4c7-fkf5j   1m    51Mi   
websocket-server-56c97f4c7-jzghv   1m    52Mi   
websocket-server-56c97f4c7-pgwkz   1m    28Mi   
websocket-server-56c97f4c7-rflgm   1m    29Mi   
websocket-server-56c97f4c7-wh8r9   1m    29Mi   
1777395516
websocket-server-56c97f4c7-2qqxw   1m    31Mi   
websocket-server-56c97f4c7-4kmcv   1m    28Mi   
websocket-server-56c97f4c7-59d6l   1m    33Mi   
websocket-server-56c97f4c7-fkf5j   1m    51Mi   
websocket-server-56c97f4c7-jzghv   1m    52Mi   
websocket-server-56c97f4c7-pgwkz   1m    28Mi   
websocket-server-56c97f4c7-rflgm   1m    29Mi   
websocket-server-56c97f4c7-wh8r9   1m    29Mi   
1777395521
websocket-server-56c97f4c7-2qqxw   1m    31Mi   
websocket-server-56c97f4c7-4kmcv   1m    28Mi   
websocket-server-56c97f4c7-59d6l   1m    33Mi   
websocket-server-56c97f4c7-fkf5j   1m    51Mi   
websocket-server-56c97f4c7-jzghv   1m    52Mi   
websocket-server-56c97f4c7-pgwkz   1m    28Mi   
websocket-server-56c97f4c7-rflgm   1m    29Mi   
websocket-server-56c97f4c7-wh8r9   1m    29Mi   
1777395526
websocket-server-56c97f4c7-2qqxw   1m    31Mi   
websocket-server-56c97f4c7-4kmcv   1m    28Mi   
websocket-server-56c97f4c7-59d6l   1m    33Mi   
websocket-server-56c97f4c7-fkf5j   1m    52Mi   
websocket-server-56c97f4c7-jzghv   1m    52Mi   
websocket-server-56c97f4c7-pgwkz   1m    28Mi   
websocket-server-56c97f4c7-rflgm   1m    30Mi   
websocket-server-56c97f4c7-wh8r9   1m    30Mi   
1777395531
websocket-server-56c97f4c7-2qqxw   1m    31Mi   
websocket-server-56c97f4c7-4kmcv   1m    28Mi   
websocket-server-56c97f4c7-59d6l   1m    33Mi   
websocket-server-56c97f4c7-fkf5j   1m    52Mi   
websocket-server-56c97f4c7-jzghv   1m    52Mi   
websocket-server-56c97f4c7-pgwkz   1m    28Mi   
websocket-server-56c97f4c7-rflgm   1m    30Mi   
websocket-server-56c97f4c7-wh8r9   1m    30Mi   
1777395536
websocket-server-56c97f4c7-2qqxw   1m    31Mi   
websocket-server-56c97f4c7-4kmcv   1m    28Mi   
websocket-server-56c97f4c7-59d6l   1m    33Mi   
websocket-server-56c97f4c7-fkf5j   1m    52Mi   
websocket-server-56c97f4c7-jzghv   1m    52Mi   
websocket-server-56c97f4c7-pgwkz   1m    28Mi   
websocket-server-56c97f4c7-rflgm   1m    30Mi   
websocket-server-56c97f4c7-wh8r9   1m    30Mi   
1777395541
websocket-server-56c97f4c7-2qqxw   1m    32Mi   
websocket-server-56c97f4c7-4kmcv   2m    28Mi   
websocket-server-56c97f4c7-59d6l   2m    34Mi   
websocket-server-56c97f4c7-fkf5j   3m    52Mi   
websocket-server-56c97f4c7-jzghv   2m    53Mi   
websocket-server-56c97f4c7-pgwkz   2m    29Mi   
websocket-server-56c97f4c7-rflgm   2m    30Mi   
websocket-server-56c97f4c7-wh8r9   2m    31Mi   
1777395546
websocket-server-56c97f4c7-2qqxw   1m    32Mi   
websocket-server-56c97f4c7-4kmcv   2m    28Mi   
websocket-server-56c97f4c7-59d6l   2m    34Mi   
websocket-server-56c97f4c7-fkf5j   3m    52Mi   
websocket-server-56c97f4c7-jzghv   2m    53Mi   
websocket-server-56c97f4c7-pgwkz   2m    29Mi   
websocket-server-56c97f4c7-rflgm   2m    30Mi   
websocket-server-56c97f4c7-wh8r9   2m    31Mi   
1777395551
websocket-server-56c97f4c7-2qqxw   1m    32Mi   
websocket-server-56c97f4c7-4kmcv   2m    28Mi   
websocket-server-56c97f4c7-59d6l   2m    34Mi   
websocket-server-56c97f4c7-fkf5j   3m    52Mi   
websocket-server-56c97f4c7-jzghv   2m    53Mi   
websocket-server-56c97f4c7-pgwkz   2m    29Mi   
websocket-server-56c97f4c7-rflgm   2m    30Mi   
websocket-server-56c97f4c7-wh8r9   2m    31Mi   
1777395556
websocket-server-56c97f4c7-2qqxw   2m    33Mi   
websocket-server-56c97f4c7-4kmcv   4m    30Mi   
websocket-server-56c97f4c7-59d6l   2m    35Mi   
websocket-server-56c97f4c7-fkf5j   3m    52Mi   
websocket-server-56c97f4c7-jzghv   4m    53Mi   
websocket-server-56c97f4c7-pgwkz   3m    30Mi   
websocket-server-56c97f4c7-rflgm   3m    31Mi   
websocket-server-56c97f4c7-wh8r9   2m    31Mi   
1777395561
websocket-server-56c97f4c7-2qqxw   2m    33Mi   
websocket-server-56c97f4c7-4kmcv   4m    30Mi   
websocket-server-56c97f4c7-59d6l   2m    35Mi   
websocket-server-56c97f4c7-fkf5j   3m    52Mi   
websocket-server-56c97f4c7-jzghv   4m    53Mi   
websocket-server-56c97f4c7-pgwkz   3m    30Mi   
websocket-server-56c97f4c7-rflgm   3m    31Mi   
websocket-server-56c97f4c7-wh8r9   2m    31Mi   
1777395567
websocket-server-56c97f4c7-2qqxw   2m    33Mi   
websocket-server-56c97f4c7-4kmcv   4m    30Mi   
websocket-server-56c97f4c7-59d6l   2m    35Mi   
websocket-server-56c97f4c7-fkf5j   3m    52Mi   
websocket-server-56c97f4c7-jzghv   4m    53Mi   
websocket-server-56c97f4c7-pgwkz   3m    30Mi   
websocket-server-56c97f4c7-rflgm   3m    31Mi   
websocket-server-56c97f4c7-wh8r9   2m    31Mi   
1777395572
websocket-server-56c97f4c7-2qqxw   3m    33Mi   
websocket-server-56c97f4c7-4kmcv   4m    31Mi   
websocket-server-56c97f4c7-59d6l   3m    35Mi   
websocket-server-56c97f4c7-fkf5j   4m    52Mi   
websocket-server-56c97f4c7-jzghv   4m    54Mi   
websocket-server-56c97f4c7-pgwkz   4m    32Mi   
websocket-server-56c97f4c7-rflgm   4m    32Mi   
websocket-server-56c97f4c7-wh8r9   3m    32Mi   
1777395577
websocket-server-56c97f4c7-2qqxw   3m    33Mi   
websocket-server-56c97f4c7-4kmcv   4m    31Mi   
websocket-server-56c97f4c7-59d6l   3m    35Mi   
websocket-server-56c97f4c7-fkf5j   4m    52Mi   
websocket-server-56c97f4c7-jzghv   4m    54Mi   
websocket-server-56c97f4c7-pgwkz   4m    32Mi   
websocket-server-56c97f4c7-rflgm   4m    32Mi   
websocket-server-56c97f4c7-wh8r9   3m    32Mi   
1777395582
websocket-server-56c97f4c7-2qqxw   3m    33Mi   
websocket-server-56c97f4c7-4kmcv   4m    31Mi   
websocket-server-56c97f4c7-59d6l   3m    35Mi   
websocket-server-56c97f4c7-fkf5j   4m    52Mi   
websocket-server-56c97f4c7-jzghv   4m    54Mi   
websocket-server-56c97f4c7-pgwkz   4m    32Mi   
websocket-server-56c97f4c7-rflgm   4m    32Mi   
websocket-server-56c97f4c7-wh8r9   3m    32Mi   
1777395587
websocket-server-56c97f4c7-2qqxw   4m    33Mi   
websocket-server-56c97f4c7-4kmcv   5m    31Mi   
websocket-server-56c97f4c7-59d6l   4m    36Mi   
websocket-server-56c97f4c7-fkf5j   4m    52Mi   
websocket-server-56c97f4c7-jzghv   4m    54Mi   
websocket-server-56c97f4c7-pgwkz   4m    32Mi   
websocket-server-56c97f4c7-rflgm   5m    33Mi   
websocket-server-56c97f4c7-wh8r9   4m    33Mi   
1777395592
websocket-server-56c97f4c7-2qqxw   4m    33Mi   
websocket-server-56c97f4c7-4kmcv   5m    31Mi   
websocket-server-56c97f4c7-59d6l   4m    36Mi   
websocket-server-56c97f4c7-fkf5j   4m    52Mi   
websocket-server-56c97f4c7-jzghv   4m    54Mi   
websocket-server-56c97f4c7-pgwkz   4m    32Mi   
websocket-server-56c97f4c7-rflgm   5m    33Mi   
websocket-server-56c97f4c7-wh8r9   4m    33Mi   
1777395597
websocket-server-56c97f4c7-2qqxw   4m    33Mi   
websocket-server-56c97f4c7-4kmcv   5m    31Mi   
websocket-server-56c97f4c7-59d6l   4m    36Mi   
websocket-server-56c97f4c7-fkf5j   4m    52Mi   
websocket-server-56c97f4c7-jzghv   4m    54Mi   
websocket-server-56c97f4c7-pgwkz   4m    32Mi   
websocket-server-56c97f4c7-rflgm   5m    33Mi   
websocket-server-56c97f4c7-wh8r9   4m    33Mi   
1777395602
websocket-server-56c97f4c7-4kmcv   6m    33Mi   
websocket-server-56c97f4c7-59d6l   5m    37Mi   
websocket-server-56c97f4c7-fkf5j   6m    53Mi   
websocket-server-56c97f4c7-jzghv   5m    53Mi   
websocket-server-56c97f4c7-rflgm   6m    34Mi   
websocket-server-56c97f4c7-wh8r9   6m    35Mi   
websocket-server-56c97f4c7-xtqxd   23m   28Mi   
1777395607
websocket-server-56c97f4c7-4kmcv   6m    33Mi   
websocket-server-56c97f4c7-59d6l   5m    37Mi   
websocket-server-56c97f4c7-fkf5j   6m    53Mi   
websocket-server-56c97f4c7-jzghv   5m    53Mi   
websocket-server-56c97f4c7-rflgm   6m    34Mi   
websocket-server-56c97f4c7-wh8r9   6m    35Mi   
websocket-server-56c97f4c7-xtqxd   23m   28Mi   
1777395612
websocket-server-56c97f4c7-4kmcv   6m    33Mi   
websocket-server-56c97f4c7-59d6l   5m    37Mi   
websocket-server-56c97f4c7-fkf5j   6m    53Mi   
websocket-server-56c97f4c7-jzghv   5m    53Mi   
websocket-server-56c97f4c7-rflgm   6m    34Mi   
websocket-server-56c97f4c7-wh8r9   6m    35Mi   
websocket-server-56c97f4c7-xtqxd   23m   28Mi   
1777395617
websocket-server-56c97f4c7-4kmcv   7m    35Mi   
websocket-server-56c97f4c7-59d6l   6m    38Mi   
websocket-server-56c97f4c7-fkf5j   7m    52Mi   
websocket-server-56c97f4c7-jzghv   6m    53Mi   
websocket-server-56c97f4c7-kmw66   19m   28Mi   
websocket-server-56c97f4c7-rflgm   8m    36Mi   
websocket-server-56c97f4c7-wh8r9   7m    36Mi   
websocket-server-56c97f4c7-xtqxd   2m    28Mi   
1777395622
websocket-server-56c97f4c7-4kmcv   7m    35Mi   
websocket-server-56c97f4c7-59d6l   6m    38Mi   
websocket-server-56c97f4c7-fkf5j   7m    52Mi   
websocket-server-56c97f4c7-jzghv   6m    53Mi   
websocket-server-56c97f4c7-kmw66   19m   28Mi   
websocket-server-56c97f4c7-rflgm   8m    36Mi   
websocket-server-56c97f4c7-wh8r9   7m    36Mi   
websocket-server-56c97f4c7-xtqxd   2m    28Mi   
1777395627
websocket-server-56c97f4c7-4kmcv   7m    35Mi   
websocket-server-56c97f4c7-59d6l   6m    38Mi   
websocket-server-56c97f4c7-fkf5j   7m    52Mi   
websocket-server-56c97f4c7-jzghv   6m    53Mi   
websocket-server-56c97f4c7-kmw66   19m   28Mi   
websocket-server-56c97f4c7-rflgm   8m    36Mi   
websocket-server-56c97f4c7-wh8r9   7m    36Mi   
websocket-server-56c97f4c7-xtqxd   2m    28Mi   
1777395632
websocket-server-56c97f4c7-4kmcv   7m    35Mi   
websocket-server-56c97f4c7-59d6l   7m    39Mi   
websocket-server-56c97f4c7-fkf5j   7m    52Mi   
websocket-server-56c97f4c7-jzghv   6m    54Mi   
websocket-server-56c97f4c7-kmw66   2m    28Mi   
websocket-server-56c97f4c7-rflgm   8m    37Mi   
websocket-server-56c97f4c7-tdft8   26m   27Mi   
websocket-server-56c97f4c7-wh8r9   8m    36Mi   
websocket-server-56c97f4c7-xtqxd   2m    28Mi   
1777395637
websocket-server-56c97f4c7-4kmcv   7m    35Mi   
websocket-server-56c97f4c7-59d6l   7m    39Mi   
websocket-server-56c97f4c7-fkf5j   7m    52Mi   
websocket-server-56c97f4c7-jzghv   6m    54Mi   
websocket-server-56c97f4c7-kmw66   2m    28Mi   
websocket-server-56c97f4c7-rflgm   8m    37Mi   
websocket-server-56c97f4c7-tdft8   26m   27Mi   
websocket-server-56c97f4c7-wh8r9   8m    36Mi   
websocket-server-56c97f4c7-xtqxd   2m    28Mi   
1777395642
websocket-server-56c97f4c7-4kmcv   7m    35Mi   
websocket-server-56c97f4c7-59d6l   7m    39Mi   
websocket-server-56c97f4c7-fkf5j   7m    52Mi   
websocket-server-56c97f4c7-jzghv   6m    54Mi   
websocket-server-56c97f4c7-kmw66   2m    28Mi   
websocket-server-56c97f4c7-rflgm   8m    37Mi   
websocket-server-56c97f4c7-tdft8   26m   27Mi   
websocket-server-56c97f4c7-wh8r9   8m    36Mi   
websocket-server-56c97f4c7-xtqxd   2m    28Mi   
1777395647
websocket-server-56c97f4c7-4kmcv   7m    34Mi   
websocket-server-56c97f4c7-59d6l   7m    39Mi   
websocket-server-56c97f4c7-fkf5j   7m    52Mi   
websocket-server-56c97f4c7-jzghv   6m    54Mi   
websocket-server-56c97f4c7-kmw66   1m    28Mi   
websocket-server-56c97f4c7-rflgm   4m    36Mi   
websocket-server-56c97f4c7-tdft8   1m    27Mi   
websocket-server-56c97f4c7-wh8r9   7m    36Mi   
websocket-server-56c97f4c7-x7pkh   1m    27Mi   
websocket-server-56c97f4c7-xtqxd   2m    28Mi   
1777395652
websocket-server-56c97f4c7-4kmcv   7m    34Mi   
websocket-server-56c97f4c7-59d6l   7m    39Mi   
websocket-server-56c97f4c7-fkf5j   7m    52Mi   
websocket-server-56c97f4c7-jzghv   6m    54Mi   
websocket-server-56c97f4c7-kmw66   1m    28Mi   
websocket-server-56c97f4c7-rflgm   4m    36Mi   
websocket-server-56c97f4c7-tdft8   1m    27Mi   
websocket-server-56c97f4c7-wh8r9   7m    36Mi   
websocket-server-56c97f4c7-x7pkh   1m    27Mi   
websocket-server-56c97f4c7-xtqxd   2m    28Mi   
1777395657
websocket-server-56c97f4c7-4kmcv   7m    34Mi   
websocket-server-56c97f4c7-59d6l   7m    39Mi   
websocket-server-56c97f4c7-fkf5j   7m    52Mi   
websocket-server-56c97f4c7-jzghv   6m    54Mi   
websocket-server-56c97f4c7-kmw66   1m    28Mi   
websocket-server-56c97f4c7-rflgm   4m    36Mi   
websocket-server-56c97f4c7-tdft8   1m    27Mi   
websocket-server-56c97f4c7-wh8r9   7m    36Mi   
websocket-server-56c97f4c7-x7pkh   1m    27Mi   
websocket-server-56c97f4c7-xtqxd   2m    28Mi   
1777395663
websocket-server-56c97f4c7-4kmcv   2m    34Mi   
websocket-server-56c97f4c7-59d6l   2m    39Mi   
websocket-server-56c97f4c7-fkf5j   2m    53Mi   
websocket-server-56c97f4c7-jzghv   2m    54Mi   
websocket-server-56c97f4c7-kmw66   1m    28Mi   
websocket-server-56c97f4c7-rflgm   4m    36Mi   
websocket-server-56c97f4c7-tdft8   1m    27Mi   
websocket-server-56c97f4c7-wh8r9   3m    36Mi   
websocket-server-56c97f4c7-x7pkh   1m    27Mi   
websocket-server-56c97f4c7-xtqxd   1m    28Mi   
1777395668
websocket-server-56c97f4c7-4kmcv   2m    34Mi   
websocket-server-56c97f4c7-59d6l   2m    39Mi   
websocket-server-56c97f4c7-fkf5j   2m    53Mi   
websocket-server-56c97f4c7-jzghv   2m    54Mi   
websocket-server-56c97f4c7-kmw66   1m    28Mi   
websocket-server-56c97f4c7-rflgm   4m    36Mi   
websocket-server-56c97f4c7-tdft8   1m    27Mi   
websocket-server-56c97f4c7-wh8r9   3m    36Mi   
websocket-server-56c97f4c7-x7pkh   1m    27Mi   
websocket-server-56c97f4c7-xtqxd   1m    28Mi   
1777395673
websocket-server-56c97f4c7-4kmcv   2m    34Mi   
websocket-server-56c97f4c7-59d6l   2m    39Mi   
websocket-server-56c97f4c7-fkf5j   2m    53Mi   
websocket-server-56c97f4c7-jzghv   2m    54Mi   
websocket-server-56c97f4c7-kmw66   1m    28Mi   
websocket-server-56c97f4c7-rflgm   3m    36Mi   
websocket-server-56c97f4c7-tdft8   1m    27Mi   
websocket-server-56c97f4c7-wh8r9   3m    36Mi   
websocket-server-56c97f4c7-x7pkh   1m    27Mi   
websocket-server-56c97f4c7-xtqxd   1m    28Mi   
1777395678
websocket-server-56c97f4c7-4kmcv   2m    34Mi   
websocket-server-56c97f4c7-59d6l   2m    39Mi   
websocket-server-56c97f4c7-fkf5j   2m    53Mi   
websocket-server-56c97f4c7-jzghv   2m    54Mi   
websocket-server-56c97f4c7-kmw66   1m    28Mi   
websocket-server-56c97f4c7-rflgm   3m    36Mi   
websocket-server-56c97f4c7-tdft8   1m    27Mi   
websocket-server-56c97f4c7-wh8r9   3m    36Mi   
websocket-server-56c97f4c7-x7pkh   1m    27Mi   
websocket-server-56c97f4c7-xtqxd   1m    28Mi   
1777395683
websocket-server-56c97f4c7-4kmcv   2m    34Mi   
websocket-server-56c97f4c7-59d6l   2m    39Mi   
websocket-server-56c97f4c7-fkf5j   2m    53Mi   
websocket-server-56c97f4c7-jzghv   2m    54Mi   
websocket-server-56c97f4c7-kmw66   1m    28Mi   
websocket-server-56c97f4c7-rflgm   3m    36Mi   
websocket-server-56c97f4c7-tdft8   1m    27Mi   
websocket-server-56c97f4c7-wh8r9   3m    36Mi   
websocket-server-56c97f4c7-x7pkh   1m    27Mi   
websocket-server-56c97f4c7-xtqxd   1m    28Mi   
1777395688
websocket-server-56c97f4c7-4kmcv   2m    34Mi   
websocket-server-56c97f4c7-59d6l   3m    40Mi   
websocket-server-56c97f4c7-fkf5j   2m    53Mi   
websocket-server-56c97f4c7-jzghv   2m    54Mi   
websocket-server-56c97f4c7-kmw66   1m    28Mi   
websocket-server-56c97f4c7-rflgm   3m    36Mi   
websocket-server-56c97f4c7-tdft8   1m    27Mi   
websocket-server-56c97f4c7-wh8r9   3m    36Mi   
websocket-server-56c97f4c7-x7pkh   1m    27Mi   
websocket-server-56c97f4c7-xtqxd   1m    28Mi   
1777395693
websocket-server-56c97f4c7-4kmcv   2m    34Mi   
websocket-server-56c97f4c7-59d6l   3m    40Mi   
websocket-server-56c97f4c7-fkf5j   2m    53Mi   
websocket-server-56c97f4c7-jzghv   2m    54Mi   
websocket-server-56c97f4c7-kmw66   1m    28Mi   
websocket-server-56c97f4c7-rflgm   3m    36Mi   
websocket-server-56c97f4c7-tdft8   1m    27Mi   
websocket-server-56c97f4c7-wh8r9   3m    36Mi   
websocket-server-56c97f4c7-x7pkh   1m    27Mi   
websocket-server-56c97f4c7-xtqxd   1m    28Mi   
1777395698
websocket-server-56c97f4c7-4kmcv   2m    34Mi   
websocket-server-56c97f4c7-59d6l   3m    40Mi   
websocket-server-56c97f4c7-fkf5j   2m    53Mi   
websocket-server-56c97f4c7-jzghv   2m    54Mi   
websocket-server-56c97f4c7-kmw66   1m    28Mi   
websocket-server-56c97f4c7-rflgm   3m    36Mi   
websocket-server-56c97f4c7-tdft8   1m    27Mi   
websocket-server-56c97f4c7-wh8r9   3m    36Mi   
websocket-server-56c97f4c7-x7pkh   1m    27Mi   
websocket-server-56c97f4c7-xtqxd   1m    28Mi   
1777395703
websocket-server-56c97f4c7-4kmcv   2m    34Mi   
websocket-server-56c97f4c7-59d6l   5m    39Mi   
websocket-server-56c97f4c7-fkf5j   3m    52Mi   
websocket-server-56c97f4c7-jzghv   2m    54Mi   
websocket-server-56c97f4c7-kmw66   1m    28Mi   
websocket-server-56c97f4c7-rflgm   5m    36Mi   
websocket-server-56c97f4c7-tdft8   1m    27Mi   
websocket-server-56c97f4c7-wh8r9   7m    36Mi   
websocket-server-56c97f4c7-x7pkh   1m    27Mi   
websocket-server-56c97f4c7-xtqxd   1m    28Mi   
1777395708
websocket-server-56c97f4c7-4kmcv   2m    34Mi   
websocket-server-56c97f4c7-59d6l   5m    39Mi   
websocket-server-56c97f4c7-fkf5j   3m    52Mi   
websocket-server-56c97f4c7-jzghv   2m    54Mi   
websocket-server-56c97f4c7-kmw66   1m    28Mi   
websocket-server-56c97f4c7-rflgm   5m    36Mi   
websocket-server-56c97f4c7-tdft8   1m    27Mi   
websocket-server-56c97f4c7-wh8r9   7m    36Mi   
websocket-server-56c97f4c7-x7pkh   1m    27Mi   
websocket-server-56c97f4c7-xtqxd   1m    28Mi   
1777395713
websocket-server-56c97f4c7-4kmcv   2m    34Mi   
websocket-server-56c97f4c7-59d6l   5m    39Mi   
websocket-server-56c97f4c7-fkf5j   3m    52Mi   
websocket-server-56c97f4c7-jzghv   2m    54Mi   
websocket-server-56c97f4c7-kmw66   1m    28Mi   
websocket-server-56c97f4c7-rflgm   5m    36Mi   
websocket-server-56c97f4c7-tdft8   1m    27Mi   
websocket-server-56c97f4c7-wh8r9   7m    36Mi   
websocket-server-56c97f4c7-x7pkh   1m    27Mi   
websocket-server-56c97f4c7-xtqxd   1m    28Mi   
1777395718
websocket-server-56c97f4c7-4kmcv   4m    34Mi   
websocket-server-56c97f4c7-59d6l   1m    39Mi   
websocket-server-56c97f4c7-fkf5j   4m    52Mi   
websocket-server-56c97f4c7-jzghv   3m    53Mi   
websocket-server-56c97f4c7-kmw66   2m    28Mi   
websocket-server-56c97f4c7-rflgm   0m    36Mi   
websocket-server-56c97f4c7-tdft8   1m    27Mi   
websocket-server-56c97f4c7-wh8r9   1m    36Mi   
websocket-server-56c97f4c7-x7pkh   1m    27Mi   
websocket-server-56c97f4c7-xtqxd   1m    28Mi   
1777395723
websocket-server-56c97f4c7-4kmcv   4m    34Mi   
websocket-server-56c97f4c7-59d6l   1m    39Mi   
websocket-server-56c97f4c7-fkf5j   4m    52Mi   
websocket-server-56c97f4c7-jzghv   3m    53Mi   
websocket-server-56c97f4c7-kmw66   2m    28Mi   
websocket-server-56c97f4c7-rflgm   0m    36Mi   
websocket-server-56c97f4c7-tdft8   1m    27Mi   
websocket-server-56c97f4c7-wh8r9   1m    36Mi   
websocket-server-56c97f4c7-x7pkh   1m    27Mi   
websocket-server-56c97f4c7-xtqxd   1m    28Mi   
1777395728
websocket-server-56c97f4c7-4kmcv   4m    34Mi   
websocket-server-56c97f4c7-59d6l   1m    39Mi   
websocket-server-56c97f4c7-fkf5j   4m    52Mi   
websocket-server-56c97f4c7-jzghv   3m    53Mi   
websocket-server-56c97f4c7-kmw66   2m    28Mi   
websocket-server-56c97f4c7-rflgm   0m    36Mi   
websocket-server-56c97f4c7-tdft8   1m    27Mi   
websocket-server-56c97f4c7-wh8r9   1m    36Mi   
websocket-server-56c97f4c7-x7pkh   1m    27Mi   
websocket-server-56c97f4c7-xtqxd   1m    28Mi   
1777395733
websocket-server-56c97f4c7-4kmcv   1m    34Mi   
websocket-server-56c97f4c7-59d6l   1m    39Mi   
websocket-server-56c97f4c7-fkf5j   1m    52Mi   
websocket-server-56c97f4c7-jzghv   1m    53Mi   
websocket-server-56c97f4c7-kmw66   1m    28Mi   
websocket-server-56c97f4c7-rflgm   1m    36Mi   
websocket-server-56c97f4c7-tdft8   1m    27Mi   
websocket-server-56c97f4c7-wh8r9   1m    36Mi   
websocket-server-56c97f4c7-x7pkh   1m    27Mi   
websocket-server-56c97f4c7-xtqxd   1m    28Mi   
1777395738
websocket-server-56c97f4c7-4kmcv   1m    34Mi   
websocket-server-56c97f4c7-59d6l   1m    39Mi   
websocket-server-56c97f4c7-fkf5j   1m    52Mi   
websocket-server-56c97f4c7-jzghv   1m    53Mi   
websocket-server-56c97f4c7-kmw66   1m    28Mi   
websocket-server-56c97f4c7-rflgm   1m    36Mi   
websocket-server-56c97f4c7-tdft8   1m    27Mi   
websocket-server-56c97f4c7-wh8r9   1m    36Mi   
websocket-server-56c97f4c7-x7pkh   1m    27Mi   
websocket-server-56c97f4c7-xtqxd   1m    28Mi   
1777395743
websocket-server-56c97f4c7-4kmcv   1m    34Mi   
websocket-server-56c97f4c7-59d6l   1m    39Mi   
websocket-server-56c97f4c7-fkf5j   1m    52Mi   
websocket-server-56c97f4c7-jzghv   1m    53Mi   
websocket-server-56c97f4c7-kmw66   1m    28Mi   
websocket-server-56c97f4c7-rflgm   1m    36Mi   
websocket-server-56c97f4c7-tdft8   1m    27Mi   
websocket-server-56c97f4c7-wh8r9   1m    36Mi   
websocket-server-56c97f4c7-x7pkh   1m    27Mi   
websocket-server-56c97f4c7-xtqxd   1m    28Mi   
1777395748
websocket-server-56c97f4c7-4kmcv   1m    34Mi   
websocket-server-56c97f4c7-59d6l   1m    39Mi   
websocket-server-56c97f4c7-fkf5j   1m    52Mi   
websocket-server-56c97f4c7-jzghv   1m    53Mi   
websocket-server-56c97f4c7-kmw66   1m    28Mi   
websocket-server-56c97f4c7-rflgm   1m    36Mi   
websocket-server-56c97f4c7-tdft8   1m    27Mi   
websocket-server-56c97f4c7-wh8r9   1m    36Mi   
websocket-server-56c97f4c7-x7pkh   1m    27Mi   
websocket-server-56c97f4c7-xtqxd   1m    28Mi   
1777395753
websocket-server-56c97f4c7-4kmcv   1m    34Mi   
websocket-server-56c97f4c7-59d6l   1m    39Mi   
websocket-server-56c97f4c7-fkf5j   1m    52Mi   
websocket-server-56c97f4c7-jzghv   1m    53Mi   
websocket-server-56c97f4c7-kmw66   1m    28Mi   
websocket-server-56c97f4c7-rflgm   1m    36Mi   
websocket-server-56c97f4c7-tdft8   1m    27Mi   
websocket-server-56c97f4c7-wh8r9   1m    36Mi   
websocket-server-56c97f4c7-x7pkh   1m    27Mi   
websocket-server-56c97f4c7-xtqxd   1m    28Mi   
1777395758
websocket-server-56c97f4c7-4kmcv   1m    34Mi   
websocket-server-56c97f4c7-59d6l   1m    39Mi   
websocket-server-56c97f4c7-fkf5j   1m    52Mi   
websocket-server-56c97f4c7-jzghv   1m    53Mi   
websocket-server-56c97f4c7-kmw66   1m    28Mi   
websocket-server-56c97f4c7-rflgm   1m    36Mi   
websocket-server-56c97f4c7-tdft8   1m    27Mi   
websocket-server-56c97f4c7-wh8r9   1m    36Mi   
websocket-server-56c97f4c7-x7pkh   1m    27Mi   
websocket-server-56c97f4c7-xtqxd   1m    28Mi   
1777395764
websocket-server-56c97f4c7-4kmcv   1m    34Mi   
websocket-server-56c97f4c7-59d6l   1m    39Mi   
websocket-server-56c97f4c7-fkf5j   1m    52Mi   
websocket-server-56c97f4c7-jzghv   1m    53Mi   
websocket-server-56c97f4c7-kmw66   1m    28Mi   
websocket-server-56c97f4c7-rflgm   1m    36Mi   
websocket-server-56c97f4c7-tdft8   1m    27Mi   
websocket-server-56c97f4c7-wh8r9   1m    36Mi   
websocket-server-56c97f4c7-x7pkh   0m    27Mi   
websocket-server-56c97f4c7-xtqxd   1m    28Mi   
1777395769
websocket-server-56c97f4c7-4kmcv   1m    34Mi   
websocket-server-56c97f4c7-59d6l   1m    39Mi   
websocket-server-56c97f4c7-fkf5j   1m    52Mi   
websocket-server-56c97f4c7-jzghv   1m    53Mi   
websocket-server-56c97f4c7-kmw66   1m    28Mi   
websocket-server-56c97f4c7-rflgm   1m    36Mi   
websocket-server-56c97f4c7-tdft8   1m    27Mi   
websocket-server-56c97f4c7-wh8r9   1m    36Mi   
websocket-server-56c97f4c7-x7pkh   0m    27Mi   
websocket-server-56c97f4c7-xtqxd   1m    28Mi   
1777395774
websocket-server-56c97f4c7-4kmcv   1m    34Mi   
websocket-server-56c97f4c7-59d6l   1m    39Mi   
websocket-server-56c97f4c7-fkf5j   1m    52Mi   
websocket-server-56c97f4c7-jzghv   1m    53Mi   
websocket-server-56c97f4c7-kmw66   1m    28Mi   
websocket-server-56c97f4c7-rflgm   1m    36Mi   
websocket-server-56c97f4c7-wh8r9   1m    36Mi   
websocket-server-56c97f4c7-x7pkh   0m    27Mi   
websocket-server-56c97f4c7-xtqxd   1m    28Mi   
1777395779
websocket-server-56c97f4c7-4kmcv   1m    34Mi   
websocket-server-56c97f4c7-59d6l   1m    39Mi   
websocket-server-56c97f4c7-fkf5j   1m    52Mi   
websocket-server-56c97f4c7-jzghv   1m    53Mi   
websocket-server-56c97f4c7-kmw66   1m    28Mi   
websocket-server-56c97f4c7-rflgm   1m    36Mi   
websocket-server-56c97f4c7-wh8r9   1m    36Mi   
websocket-server-56c97f4c7-xtqxd   1m    28Mi   
1777395784
websocket-server-56c97f4c7-4kmcv   1m    34Mi   
websocket-server-56c97f4c7-59d6l   1m    39Mi   
websocket-server-56c97f4c7-fkf5j   1m    52Mi   
websocket-server-56c97f4c7-jzghv   1m    53Mi   
websocket-server-56c97f4c7-kmw66   1m    28Mi   
websocket-server-56c97f4c7-rflgm   1m    36Mi   
websocket-server-56c97f4c7-wh8r9   1m    36Mi   
websocket-server-56c97f4c7-xtqxd   1m    28Mi   
1777395789
websocket-server-56c97f4c7-4kmcv   1m    34Mi   
websocket-server-56c97f4c7-59d6l   1m    39Mi   
websocket-server-56c97f4c7-fkf5j   1m    52Mi   
websocket-server-56c97f4c7-jzghv   1m    53Mi   
websocket-server-56c97f4c7-kmw66   1m    28Mi   
websocket-server-56c97f4c7-rflgm   1m    36Mi   
websocket-server-56c97f4c7-wh8r9   1m    36Mi   
websocket-server-56c97f4c7-xtqxd   1m    28Mi   
1777395794
websocket-server-56c97f4c7-4kmcv   1m    34Mi   
websocket-server-56c97f4c7-59d6l   1m    39Mi   
websocket-server-56c97f4c7-fkf5j   0m    52Mi   
websocket-server-56c97f4c7-jzghv   1m    53Mi   
websocket-server-56c97f4c7-kmw66   1m    28Mi   
websocket-server-56c97f4c7-rflgm   1m    36Mi   
websocket-server-56c97f4c7-wh8r9   1m    36Mi   
websocket-server-56c97f4c7-xtqxd   1m    28Mi   
1777395799
websocket-server-56c97f4c7-4kmcv   1m    34Mi   
websocket-server-56c97f4c7-59d6l   1m    39Mi   
websocket-server-56c97f4c7-fkf5j   0m    52Mi   
websocket-server-56c97f4c7-jzghv   1m    53Mi   
websocket-server-56c97f4c7-kmw66   1m    28Mi   
websocket-server-56c97f4c7-rflgm   1m    36Mi   
websocket-server-56c97f4c7-wh8r9   1m    36Mi   
websocket-server-56c97f4c7-xtqxd   1m    28Mi   
1777395804
websocket-server-56c97f4c7-4kmcv   1m    34Mi   
websocket-server-56c97f4c7-59d6l   1m    39Mi   
websocket-server-56c97f4c7-fkf5j   0m    52Mi   
websocket-server-56c97f4c7-jzghv   1m    53Mi   
websocket-server-56c97f4c7-kmw66   1m    28Mi   
websocket-server-56c97f4c7-rflgm   1m    36Mi   
websocket-server-56c97f4c7-wh8r9   1m    36Mi   
websocket-server-56c97f4c7-xtqxd   1m    28Mi   
1777395809
websocket-server-56c97f4c7-4kmcv   1m    34Mi   
websocket-server-56c97f4c7-59d6l   0m    39Mi   
websocket-server-56c97f4c7-fkf5j   1m    52Mi   
websocket-server-56c97f4c7-jzghv   0m    53Mi   
websocket-server-56c97f4c7-kmw66   1m    28Mi   
websocket-server-56c97f4c7-rflgm   1m    36Mi   
websocket-server-56c97f4c7-wh8r9   1m    36Mi   
websocket-server-56c97f4c7-xtqxd   0m    28Mi   
1777395814
websocket-server-56c97f4c7-4kmcv   1m    34Mi   
websocket-server-56c97f4c7-59d6l   0m    39Mi   
websocket-server-56c97f4c7-fkf5j   1m    52Mi   
websocket-server-56c97f4c7-jzghv   0m    53Mi   
websocket-server-56c97f4c7-kmw66   1m    28Mi   
websocket-server-56c97f4c7-rflgm   1m    36Mi   
websocket-server-56c97f4c7-wh8r9   1m    36Mi   
websocket-server-56c97f4c7-xtqxd   0m    28Mi   
1777395819
websocket-server-56c97f4c7-4kmcv   1m    34Mi   
websocket-server-56c97f4c7-59d6l   0m    39Mi   
websocket-server-56c97f4c7-fkf5j   1m    52Mi   
websocket-server-56c97f4c7-jzghv   0m    53Mi   
websocket-server-56c97f4c7-kmw66   1m    28Mi   
websocket-server-56c97f4c7-rflgm   1m    36Mi   
websocket-server-56c97f4c7-wh8r9   1m    36Mi   
websocket-server-56c97f4c7-xtqxd   0m    28Mi   
1777395824
websocket-server-56c97f4c7-4kmcv   1m    34Mi   
websocket-server-56c97f4c7-59d6l   1m    39Mi   
websocket-server-56c97f4c7-fkf5j   1m    52Mi   
websocket-server-56c97f4c7-jzghv   0m    53Mi   
websocket-server-56c97f4c7-kmw66   1m    28Mi   
websocket-server-56c97f4c7-rflgm   1m    36Mi   
websocket-server-56c97f4c7-wh8r9   1m    36Mi   
websocket-server-56c97f4c7-xtqxd   1m    28Mi   
1777395829
websocket-server-56c97f4c7-4kmcv   1m    34Mi   
websocket-server-56c97f4c7-59d6l   1m    39Mi   
websocket-server-56c97f4c7-fkf5j   1m    52Mi   
websocket-server-56c97f4c7-jzghv   0m    53Mi   
websocket-server-56c97f4c7-kmw66   1m    28Mi   
websocket-server-56c97f4c7-rflgm   1m    36Mi   
websocket-server-56c97f4c7-wh8r9   1m    36Mi   
websocket-server-56c97f4c7-xtqxd   1m    28Mi   
1777395834
websocket-server-56c97f4c7-4kmcv   1m    34Mi   
websocket-server-56c97f4c7-59d6l   1m    39Mi   
websocket-server-56c97f4c7-fkf5j   1m    52Mi   
websocket-server-56c97f4c7-jzghv   0m    53Mi   
websocket-server-56c97f4c7-kmw66   1m    28Mi   
websocket-server-56c97f4c7-rflgm   1m    36Mi   
websocket-server-56c97f4c7-wh8r9   1m    36Mi   
websocket-server-56c97f4c7-xtqxd   1m    28Mi   
1777395839
websocket-server-56c97f4c7-4kmcv   1m    34Mi   
websocket-server-56c97f4c7-59d6l   0m    39Mi   
websocket-server-56c97f4c7-fkf5j   1m    52Mi   
websocket-server-56c97f4c7-jzghv   1m    53Mi   
websocket-server-56c97f4c7-kmw66   1m    28Mi   
websocket-server-56c97f4c7-rflgm   1m    36Mi   
websocket-server-56c97f4c7-wh8r9   1m    36Mi   
websocket-server-56c97f4c7-xtqxd   1m    28Mi   
1777395844
websocket-server-56c97f4c7-4kmcv   1m    34Mi   
websocket-server-56c97f4c7-59d6l   0m    39Mi   
websocket-server-56c97f4c7-fkf5j   1m    52Mi   
websocket-server-56c97f4c7-jzghv   1m    53Mi   
websocket-server-56c97f4c7-rflgm   1m    36Mi   
websocket-server-56c97f4c7-wh8r9   1m    36Mi   
1777395849
websocket-server-56c97f4c7-fkf5j   1m    52Mi   
websocket-server-56c97f4c7-jzghv   1m    53Mi   
websocket-server-56c97f4c7-rflgm   1m    36Mi   
websocket-server-56c97f4c7-wh8r9   1m    36Mi   
1777395854
websocket-server-56c97f4c7-fkf5j   0m    52Mi   
websocket-server-56c97f4c7-jzghv   1m    53Mi   
1777437672
websocket-server-56c97f4c7-894mr   21m   28Mi   
websocket-server-56c97f4c7-gcq9z   21m   27Mi   
1777437677
websocket-server-56c97f4c7-894mr   21m   28Mi   
websocket-server-56c97f4c7-gcq9z   21m   27Mi   
1777437682
websocket-server-56c97f4c7-894mr   21m   28Mi   
websocket-server-56c97f4c7-gcq9z   21m   27Mi   
1777437687
websocket-server-56c97f4c7-894mr   1m    28Mi   
websocket-server-56c97f4c7-gcq9z   1m    27Mi   
1777437692
websocket-server-56c97f4c7-894mr   1m    28Mi   
websocket-server-56c97f4c7-gcq9z   1m    27Mi   
1777437697
websocket-server-56c97f4c7-894mr   1m    28Mi   
websocket-server-56c97f4c7-gcq9z   1m    27Mi   
1777437702
websocket-server-56c97f4c7-894mr   2m    28Mi   
websocket-server-56c97f4c7-gcq9z   3m    30Mi   
1777437707
websocket-server-56c97f4c7-894mr   2m    28Mi   
websocket-server-56c97f4c7-gcq9z   3m    30Mi   
1777437712
websocket-server-56c97f4c7-894mr   2m    28Mi   
websocket-server-56c97f4c7-gcq9z   3m    30Mi   
1777437717
websocket-server-56c97f4c7-894mr   6m    34Mi   
websocket-server-56c97f4c7-gcq9z   7m    33Mi   
1777437723
websocket-server-56c97f4c7-894mr   6m    34Mi   
websocket-server-56c97f4c7-gcq9z   7m    33Mi   
1777437728
websocket-server-56c97f4c7-894mr   6m    34Mi   
websocket-server-56c97f4c7-gcq9z   7m    33Mi   
1777437733
websocket-server-56c97f4c7-894mr   9m    37Mi   
websocket-server-56c97f4c7-gcq9z   10m   37Mi   
websocket-server-56c97f4c7-h74tt   20m   29Mi   
1777437738
websocket-server-56c97f4c7-894mr   9m    37Mi   
websocket-server-56c97f4c7-gcq9z   10m   37Mi   
websocket-server-56c97f4c7-h74tt   20m   29Mi   
1777437743
websocket-server-56c97f4c7-894mr   9m    37Mi   
websocket-server-56c97f4c7-gcq9z   10m   37Mi   
websocket-server-56c97f4c7-h74tt   20m   29Mi   
1777437748
websocket-server-56c97f4c7-2rb2k   18m   29Mi   
websocket-server-56c97f4c7-894mr   11m   38Mi   
websocket-server-56c97f4c7-gcq9z   12m   40Mi   
websocket-server-56c97f4c7-h74tt   4m    31Mi   
1777437753
websocket-server-56c97f4c7-2rb2k   18m   29Mi   
websocket-server-56c97f4c7-894mr   11m   38Mi   
websocket-server-56c97f4c7-gcq9z   12m   40Mi   
websocket-server-56c97f4c7-h74tt   4m    31Mi   
1777437758
websocket-server-56c97f4c7-2rb2k   18m   29Mi   
websocket-server-56c97f4c7-894mr   11m   38Mi   
websocket-server-56c97f4c7-gcq9z   12m   40Mi   
websocket-server-56c97f4c7-h74tt   4m    31Mi   
1777437763
websocket-server-56c97f4c7-2rb2k   3m    30Mi   
websocket-server-56c97f4c7-894mr   12m   40Mi   
websocket-server-56c97f4c7-9cwzc   18m   28Mi   
websocket-server-56c97f4c7-d5k68   2m    28Mi   
websocket-server-56c97f4c7-gcq9z   13m   42Mi   
websocket-server-56c97f4c7-h74tt   5m    31Mi   
1777437768
websocket-server-56c97f4c7-2rb2k   3m    30Mi   
websocket-server-56c97f4c7-894mr   12m   40Mi   
websocket-server-56c97f4c7-9cwzc   18m   28Mi   
websocket-server-56c97f4c7-d5k68   2m    28Mi   
websocket-server-56c97f4c7-gcq9z   13m   42Mi   
websocket-server-56c97f4c7-h74tt   5m    31Mi   
1777437773
websocket-server-56c97f4c7-2rb2k   3m    30Mi   
websocket-server-56c97f4c7-894mr   12m   40Mi   
websocket-server-56c97f4c7-9cwzc   18m   28Mi   
websocket-server-56c97f4c7-d5k68   2m    28Mi   
websocket-server-56c97f4c7-gcq9z   13m   42Mi   
websocket-server-56c97f4c7-h74tt   5m    31Mi   
1777437778
websocket-server-56c97f4c7-2rb2k   4m    30Mi   
websocket-server-56c97f4c7-2rjqq   20m   28Mi   
websocket-server-56c97f4c7-894mr   13m   42Mi   
websocket-server-56c97f4c7-9cwzc   3m    29Mi   
websocket-server-56c97f4c7-d5k68   3m    29Mi   
websocket-server-56c97f4c7-gcq9z   14m   43Mi   
websocket-server-56c97f4c7-h74tt   6m    32Mi   
1777437783
websocket-server-56c97f4c7-2rb2k   4m    30Mi   
websocket-server-56c97f4c7-2rjqq   20m   28Mi   
websocket-server-56c97f4c7-894mr   13m   42Mi   
websocket-server-56c97f4c7-9cwzc   3m    29Mi   
websocket-server-56c97f4c7-d5k68   3m    29Mi   
websocket-server-56c97f4c7-gcq9z   14m   43Mi   
websocket-server-56c97f4c7-h74tt   6m    32Mi   
1777437788
websocket-server-56c97f4c7-2rb2k   4m    30Mi   
websocket-server-56c97f4c7-2rjqq   20m   28Mi   
websocket-server-56c97f4c7-894mr   13m   42Mi   
websocket-server-56c97f4c7-9cwzc   3m    29Mi   
websocket-server-56c97f4c7-d5k68   3m    29Mi   
websocket-server-56c97f4c7-gcq9z   14m   43Mi   
websocket-server-56c97f4c7-h74tt   6m    32Mi   
1777437793
websocket-server-56c97f4c7-2rb2k   4m    30Mi   
websocket-server-56c97f4c7-2rjqq   20m   28Mi   
websocket-server-56c97f4c7-894mr   13m   42Mi   
websocket-server-56c97f4c7-9cwzc   3m    29Mi   
websocket-server-56c97f4c7-d5k68   3m    29Mi   
websocket-server-56c97f4c7-gcq9z   14m   44Mi   
websocket-server-56c97f4c7-h74tt   6m    33Mi   
websocket-server-56c97f4c7-kcp6s   1m    28Mi   
1777437798
websocket-server-56c97f4c7-2rb2k   4m    30Mi   
websocket-server-56c97f4c7-2rjqq   20m   28Mi   
websocket-server-56c97f4c7-894mr   13m   42Mi   
websocket-server-56c97f4c7-9cwzc   3m    29Mi   
websocket-server-56c97f4c7-d5k68   3m    29Mi   
websocket-server-56c97f4c7-gcq9z   14m   44Mi   
websocket-server-56c97f4c7-h74tt   6m    33Mi   
websocket-server-56c97f4c7-kcp6s   1m    28Mi   
1777437803
websocket-server-56c97f4c7-2rb2k   4m    30Mi   
websocket-server-56c97f4c7-2rjqq   20m   28Mi   
websocket-server-56c97f4c7-894mr   13m   42Mi   
websocket-server-56c97f4c7-9cwzc   3m    29Mi   
websocket-server-56c97f4c7-d5k68   3m    29Mi   
websocket-server-56c97f4c7-gcq9z   14m   44Mi   
websocket-server-56c97f4c7-h74tt   6m    33Mi   
websocket-server-56c97f4c7-kcp6s   1m    28Mi   
1777437808
websocket-server-56c97f4c7-2rb2k   4m    30Mi   
websocket-server-56c97f4c7-2rjqq   1m    28Mi   
websocket-server-56c97f4c7-894mr   14m   43Mi   
websocket-server-56c97f4c7-9cwzc   3m    29Mi   
websocket-server-56c97f4c7-d5k68   3m    29Mi   
websocket-server-56c97f4c7-gcq9z   15m   43Mi   
websocket-server-56c97f4c7-h74tt   6m    33Mi   
websocket-server-56c97f4c7-kcp6s   1m    28Mi   
1777437813
websocket-server-56c97f4c7-2rb2k   4m    30Mi   
websocket-server-56c97f4c7-2rjqq   1m    28Mi   
websocket-server-56c97f4c7-894mr   14m   43Mi   
websocket-server-56c97f4c7-9cwzc   3m    29Mi   
websocket-server-56c97f4c7-d5k68   3m    29Mi   
websocket-server-56c97f4c7-gcq9z   15m   43Mi   
websocket-server-56c97f4c7-h74tt   6m    33Mi   
websocket-server-56c97f4c7-kcp6s   1m    28Mi   
1777437818
websocket-server-56c97f4c7-2rb2k   4m    30Mi   
websocket-server-56c97f4c7-2rjqq   1m    28Mi   
websocket-server-56c97f4c7-894mr   14m   43Mi   
websocket-server-56c97f4c7-9cwzc   3m    29Mi   
websocket-server-56c97f4c7-d5k68   3m    29Mi   
websocket-server-56c97f4c7-gcq9z   15m   43Mi   
websocket-server-56c97f4c7-h74tt   6m    33Mi   
websocket-server-56c97f4c7-kcp6s   1m    28Mi   
1777437824
websocket-server-56c97f4c7-2rb2k   2m    30Mi   
websocket-server-56c97f4c7-2rjqq   1m    28Mi   
websocket-server-56c97f4c7-894mr   10m   42Mi   
websocket-server-56c97f4c7-9cwzc   1m    29Mi   
websocket-server-56c97f4c7-d5k68   2m    29Mi   
websocket-server-56c97f4c7-gcq9z   7m    43Mi   
websocket-server-56c97f4c7-h74tt   6m    33Mi   
websocket-server-56c97f4c7-kcp6s   1m    28Mi   
1777437829
websocket-server-56c97f4c7-2rb2k   2m    30Mi   
websocket-server-56c97f4c7-2rjqq   1m    28Mi   
websocket-server-56c97f4c7-894mr   10m   42Mi   
websocket-server-56c97f4c7-9cwzc   1m    29Mi   
websocket-server-56c97f4c7-d5k68   2m    29Mi   
websocket-server-56c97f4c7-gcq9z   7m    43Mi   
websocket-server-56c97f4c7-h74tt   6m    33Mi   
websocket-server-56c97f4c7-kcp6s   1m    28Mi   
1777437834
websocket-server-56c97f4c7-2rb2k   2m    30Mi   
websocket-server-56c97f4c7-2rjqq   1m    28Mi   
websocket-server-56c97f4c7-894mr   10m   42Mi   
websocket-server-56c97f4c7-9cwzc   1m    29Mi   
websocket-server-56c97f4c7-d5k68   2m    29Mi   
websocket-server-56c97f4c7-gcq9z   7m    43Mi   
websocket-server-56c97f4c7-h74tt   6m    33Mi   
websocket-server-56c97f4c7-kcp6s   1m    28Mi   
1777437839
websocket-server-56c97f4c7-2rb2k   2m    30Mi   
websocket-server-56c97f4c7-2rjqq   1m    28Mi   
websocket-server-56c97f4c7-894mr   4m    42Mi   
websocket-server-56c97f4c7-9cwzc   1m    29Mi   
websocket-server-56c97f4c7-d5k68   1m    30Mi   
websocket-server-56c97f4c7-gcq9z   4m    43Mi   
websocket-server-56c97f4c7-h74tt   2m    33Mi   
websocket-server-56c97f4c7-kcp6s   1m    28Mi   
1777437844
websocket-server-56c97f4c7-2rb2k   2m    30Mi   
websocket-server-56c97f4c7-2rjqq   1m    28Mi   
websocket-server-56c97f4c7-894mr   4m    42Mi   
websocket-server-56c97f4c7-9cwzc   1m    29Mi   
websocket-server-56c97f4c7-d5k68   1m    30Mi   
websocket-server-56c97f4c7-gcq9z   4m    43Mi   
websocket-server-56c97f4c7-h74tt   2m    33Mi   
websocket-server-56c97f4c7-kcp6s   1m    28Mi   
1777437849
websocket-server-56c97f4c7-2rb2k   2m    30Mi   
websocket-server-56c97f4c7-2rjqq   1m    28Mi   
websocket-server-56c97f4c7-894mr   4m    42Mi   
websocket-server-56c97f4c7-9cwzc   1m    29Mi   
websocket-server-56c97f4c7-d5k68   1m    30Mi   
websocket-server-56c97f4c7-gcq9z   4m    43Mi   
websocket-server-56c97f4c7-h74tt   2m    33Mi   
websocket-server-56c97f4c7-kcp6s   1m    28Mi   
1777437854
websocket-server-56c97f4c7-2rb2k   2m    31Mi   
websocket-server-56c97f4c7-2rjqq   1m    28Mi   
websocket-server-56c97f4c7-894mr   4m    43Mi   
websocket-server-56c97f4c7-9cwzc   1m    29Mi   
websocket-server-56c97f4c7-d5k68   1m    30Mi   
websocket-server-56c97f4c7-gcq9z   5m    43Mi   
websocket-server-56c97f4c7-h74tt   2m    33Mi   
websocket-server-56c97f4c7-kcp6s   1m    28Mi   
1777437859
websocket-server-56c97f4c7-2rb2k   2m    31Mi   
websocket-server-56c97f4c7-2rjqq   1m    28Mi   
websocket-server-56c97f4c7-894mr   4m    43Mi   
websocket-server-56c97f4c7-9cwzc   1m    29Mi   
websocket-server-56c97f4c7-d5k68   1m    30Mi   
websocket-server-56c97f4c7-gcq9z   5m    43Mi   
websocket-server-56c97f4c7-h74tt   2m    33Mi   
websocket-server-56c97f4c7-kcp6s   1m    28Mi   
1777437864
websocket-server-56c97f4c7-2rb2k   2m    31Mi   
websocket-server-56c97f4c7-2rjqq   1m    28Mi   
websocket-server-56c97f4c7-894mr   4m    43Mi   
websocket-server-56c97f4c7-9cwzc   1m    29Mi   
websocket-server-56c97f4c7-d5k68   1m    30Mi   
websocket-server-56c97f4c7-gcq9z   5m    43Mi   
websocket-server-56c97f4c7-h74tt   2m    33Mi   
websocket-server-56c97f4c7-kcp6s   1m    28Mi   
1777437869
websocket-server-56c97f4c7-2rb2k   1m    30Mi   
websocket-server-56c97f4c7-2rjqq   1m    28Mi   
websocket-server-56c97f4c7-894mr   5m    43Mi   
websocket-server-56c97f4c7-9cwzc   1m    29Mi   
websocket-server-56c97f4c7-d5k68   1m    29Mi   
websocket-server-56c97f4c7-gcq9z   5m    43Mi   
websocket-server-56c97f4c7-h74tt   2m    33Mi   
websocket-server-56c97f4c7-kcp6s   1m    28Mi   
1777437874
websocket-server-56c97f4c7-2rb2k   1m    30Mi   
websocket-server-56c97f4c7-2rjqq   1m    28Mi   
websocket-server-56c97f4c7-894mr   5m    43Mi   
websocket-server-56c97f4c7-9cwzc   1m    29Mi   
websocket-server-56c97f4c7-d5k68   1m    29Mi   
websocket-server-56c97f4c7-gcq9z   5m    43Mi   
websocket-server-56c97f4c7-h74tt   2m    33Mi   
websocket-server-56c97f4c7-kcp6s   1m    28Mi   
1777437879
websocket-server-56c97f4c7-2rb2k   1m    30Mi   
websocket-server-56c97f4c7-2rjqq   1m    28Mi   
websocket-server-56c97f4c7-894mr   5m    43Mi   
websocket-server-56c97f4c7-9cwzc   1m    29Mi   
websocket-server-56c97f4c7-d5k68   1m    29Mi   
websocket-server-56c97f4c7-gcq9z   5m    43Mi   
websocket-server-56c97f4c7-h74tt   2m    33Mi   
websocket-server-56c97f4c7-kcp6s   1m    28Mi   
1777437884
websocket-server-56c97f4c7-2rb2k   3m    30Mi   
websocket-server-56c97f4c7-2rjqq   1m    28Mi   
websocket-server-56c97f4c7-894mr   7m    42Mi   
websocket-server-56c97f4c7-9cwzc   2m    29Mi   
websocket-server-56c97f4c7-d5k68   2m    29Mi   
websocket-server-56c97f4c7-gcq9z   10m   42Mi   
websocket-server-56c97f4c7-h74tt   6m    33Mi   
websocket-server-56c97f4c7-kcp6s   1m    28Mi   
1777437889
websocket-server-56c97f4c7-2rb2k   3m    30Mi   
websocket-server-56c97f4c7-2rjqq   1m    28Mi   
websocket-server-56c97f4c7-894mr   7m    42Mi   
websocket-server-56c97f4c7-9cwzc   2m    29Mi   
websocket-server-56c97f4c7-d5k68   2m    29Mi   
websocket-server-56c97f4c7-gcq9z   10m   42Mi   
websocket-server-56c97f4c7-h74tt   6m    33Mi   
websocket-server-56c97f4c7-kcp6s   1m    28Mi   
1777437894
websocket-server-56c97f4c7-2rb2k   3m    30Mi   
websocket-server-56c97f4c7-2rjqq   1m    28Mi   
websocket-server-56c97f4c7-894mr   7m    42Mi   
websocket-server-56c97f4c7-9cwzc   2m    29Mi   
websocket-server-56c97f4c7-d5k68   2m    29Mi   
websocket-server-56c97f4c7-gcq9z   10m   42Mi   
websocket-server-56c97f4c7-h74tt   6m    33Mi   
websocket-server-56c97f4c7-kcp6s   1m    28Mi   
1777437899
websocket-server-56c97f4c7-2rb2k   1m    30Mi   
websocket-server-56c97f4c7-2rjqq   1m    28Mi   
websocket-server-56c97f4c7-894mr   1m    42Mi   
websocket-server-56c97f4c7-9cwzc   1m    29Mi   
websocket-server-56c97f4c7-d5k68   1m    29Mi   
websocket-server-56c97f4c7-gcq9z   1m    42Mi   
websocket-server-56c97f4c7-h74tt   1m    33Mi   
websocket-server-56c97f4c7-kcp6s   1m    28Mi   
1777437904
websocket-server-56c97f4c7-2rb2k   1m    30Mi   
websocket-server-56c97f4c7-2rjqq   1m    28Mi   
websocket-server-56c97f4c7-894mr   1m    42Mi   
websocket-server-56c97f4c7-9cwzc   1m    29Mi   
websocket-server-56c97f4c7-d5k68   1m    29Mi   
websocket-server-56c97f4c7-gcq9z   1m    42Mi   
websocket-server-56c97f4c7-h74tt   1m    33Mi   
websocket-server-56c97f4c7-kcp6s   1m    28Mi   
1777437909
websocket-server-56c97f4c7-2rb2k   1m    30Mi   
websocket-server-56c97f4c7-2rjqq   1m    28Mi   
websocket-server-56c97f4c7-894mr   1m    42Mi   
websocket-server-56c97f4c7-9cwzc   1m    29Mi   
websocket-server-56c97f4c7-d5k68   1m    29Mi   
websocket-server-56c97f4c7-gcq9z   1m    42Mi   
websocket-server-56c97f4c7-h74tt   1m    33Mi   
websocket-server-56c97f4c7-kcp6s   1m    28Mi   
1777437914
websocket-server-56c97f4c7-2rb2k   1m    30Mi   
websocket-server-56c97f4c7-2rjqq   1m    28Mi   
websocket-server-56c97f4c7-894mr   1m    42Mi   
websocket-server-56c97f4c7-9cwzc   1m    29Mi   
websocket-server-56c97f4c7-d5k68   1m    29Mi   
websocket-server-56c97f4c7-gcq9z   1m    42Mi   
websocket-server-56c97f4c7-h74tt   1m    33Mi   
websocket-server-56c97f4c7-kcp6s   1m    28Mi   
1777437919
websocket-server-56c97f4c7-2rb2k   1m    30Mi   
websocket-server-56c97f4c7-2rjqq   1m    28Mi   
websocket-server-56c97f4c7-894mr   1m    42Mi   
websocket-server-56c97f4c7-9cwzc   1m    29Mi   
websocket-server-56c97f4c7-d5k68   1m    29Mi   
websocket-server-56c97f4c7-gcq9z   1m    42Mi   
websocket-server-56c97f4c7-h74tt   1m    33Mi   
websocket-server-56c97f4c7-kcp6s   1m    28Mi   
1777437924
websocket-server-56c97f4c7-2rb2k   1m    30Mi   
websocket-server-56c97f4c7-2rjqq   1m    28Mi   
websocket-server-56c97f4c7-894mr   1m    42Mi   
websocket-server-56c97f4c7-9cwzc   1m    29Mi   
websocket-server-56c97f4c7-d5k68   1m    29Mi   
websocket-server-56c97f4c7-gcq9z   1m    42Mi   
websocket-server-56c97f4c7-h74tt   1m    33Mi   
websocket-server-56c97f4c7-kcp6s   1m    28Mi   
1777437930
websocket-server-56c97f4c7-2rb2k   1m    30Mi   
websocket-server-56c97f4c7-2rjqq   1m    28Mi   
websocket-server-56c97f4c7-894mr   1m    42Mi   
websocket-server-56c97f4c7-9cwzc   1m    29Mi   
websocket-server-56c97f4c7-d5k68   1m    29Mi   
websocket-server-56c97f4c7-gcq9z   1m    42Mi   
websocket-server-56c97f4c7-h74tt   1m    33Mi   
websocket-server-56c97f4c7-kcp6s   1m    28Mi   
1777437935
websocket-server-56c97f4c7-2rb2k   1m    30Mi   
websocket-server-56c97f4c7-2rjqq   1m    28Mi   
websocket-server-56c97f4c7-894mr   1m    42Mi   
websocket-server-56c97f4c7-9cwzc   1m    29Mi   
websocket-server-56c97f4c7-d5k68   1m    29Mi   
websocket-server-56c97f4c7-gcq9z   1m    42Mi   
websocket-server-56c97f4c7-h74tt   1m    33Mi   
websocket-server-56c97f4c7-kcp6s   1m    28Mi   
1777437940
websocket-server-56c97f4c7-2rb2k   1m    30Mi   
websocket-server-56c97f4c7-2rjqq   1m    28Mi   
websocket-server-56c97f4c7-894mr   1m    42Mi   
websocket-server-56c97f4c7-9cwzc   1m    29Mi   
websocket-server-56c97f4c7-d5k68   1m    29Mi   
websocket-server-56c97f4c7-gcq9z   1m    42Mi   
websocket-server-56c97f4c7-h74tt   1m    33Mi   
websocket-server-56c97f4c7-kcp6s   1m    28Mi   
1777437945
websocket-server-56c97f4c7-2rb2k   2m    32Mi   
websocket-server-56c97f4c7-2rjqq   1m    29Mi   
websocket-server-56c97f4c7-894mr   1m    42Mi   
websocket-server-56c97f4c7-9cwzc   1m    29Mi   
websocket-server-56c97f4c7-d5k68   1m    29Mi   
websocket-server-56c97f4c7-gcq9z   1m    43Mi   
websocket-server-56c97f4c7-h74tt   1m    33Mi   
websocket-server-56c97f4c7-kcp6s   1m    28Mi   
1777437950
websocket-server-56c97f4c7-2rb2k   2m    32Mi   
websocket-server-56c97f4c7-2rjqq   1m    29Mi   
websocket-server-56c97f4c7-894mr   1m    42Mi   
websocket-server-56c97f4c7-9cwzc   1m    29Mi   
websocket-server-56c97f4c7-d5k68   1m    29Mi   
websocket-server-56c97f4c7-gcq9z   1m    43Mi   
websocket-server-56c97f4c7-h74tt   1m    33Mi   
websocket-server-56c97f4c7-kcp6s   1m    28Mi   
1777437955
websocket-server-56c97f4c7-2rb2k   2m    32Mi   
websocket-server-56c97f4c7-2rjqq   1m    29Mi   
websocket-server-56c97f4c7-894mr   1m    42Mi   
websocket-server-56c97f4c7-9cwzc   1m    29Mi   
websocket-server-56c97f4c7-d5k68   1m    29Mi   
websocket-server-56c97f4c7-gcq9z   1m    43Mi   
websocket-server-56c97f4c7-h74tt   1m    33Mi   
websocket-server-56c97f4c7-kcp6s   1m    28Mi   
1777437960
websocket-server-56c97f4c7-2rb2k   3m    33Mi   
websocket-server-56c97f4c7-2rjqq   2m    29Mi   
websocket-server-56c97f4c7-894mr   2m    43Mi   
websocket-server-56c97f4c7-9cwzc   2m    30Mi   
websocket-server-56c97f4c7-d5k68   1m    30Mi   
websocket-server-56c97f4c7-gcq9z   2m    43Mi   
websocket-server-56c97f4c7-h74tt   1m    34Mi   
websocket-server-56c97f4c7-kcp6s   2m    29Mi   
1777437965
websocket-server-56c97f4c7-2rb2k   3m    33Mi   
websocket-server-56c97f4c7-2rjqq   2m    29Mi   
websocket-server-56c97f4c7-894mr   2m    43Mi   
websocket-server-56c97f4c7-9cwzc   2m    30Mi   
websocket-server-56c97f4c7-d5k68   1m    30Mi   
websocket-server-56c97f4c7-gcq9z   2m    43Mi   
websocket-server-56c97f4c7-h74tt   1m    34Mi   
websocket-server-56c97f4c7-kcp6s   2m    29Mi   
1777437970
websocket-server-56c97f4c7-2rb2k   3m    33Mi   
websocket-server-56c97f4c7-2rjqq   2m    29Mi   
websocket-server-56c97f4c7-894mr   2m    43Mi   
websocket-server-56c97f4c7-9cwzc   2m    30Mi   
websocket-server-56c97f4c7-d5k68   1m    30Mi   
websocket-server-56c97f4c7-gcq9z   2m    43Mi   
websocket-server-56c97f4c7-h74tt   1m    34Mi   
websocket-server-56c97f4c7-kcp6s   2m    29Mi   
1777437975
websocket-server-56c97f4c7-2rb2k   3m    33Mi   
websocket-server-56c97f4c7-2rjqq   3m    30Mi   
websocket-server-56c97f4c7-894mr   3m    44Mi   
websocket-server-56c97f4c7-9cwzc   2m    31Mi   
websocket-server-56c97f4c7-d5k68   2m    30Mi   
websocket-server-56c97f4c7-gcq9z   3m    44Mi   
websocket-server-56c97f4c7-h74tt   3m    35Mi   
websocket-server-56c97f4c7-kcp6s   3m    29Mi   
1777437980
websocket-server-56c97f4c7-2rb2k   3m    33Mi   
websocket-server-56c97f4c7-2rjqq   3m    30Mi   
websocket-server-56c97f4c7-894mr   3m    44Mi   
websocket-server-56c97f4c7-9cwzc   2m    31Mi   
websocket-server-56c97f4c7-d5k68   2m    30Mi   
websocket-server-56c97f4c7-gcq9z   3m    44Mi   
websocket-server-56c97f4c7-h74tt   3m    35Mi   
websocket-server-56c97f4c7-kcp6s   3m    29Mi   
1777437985
websocket-server-56c97f4c7-2rb2k   3m    33Mi   
websocket-server-56c97f4c7-2rjqq   3m    30Mi   
websocket-server-56c97f4c7-894mr   3m    44Mi   
websocket-server-56c97f4c7-9cwzc   2m    31Mi   
websocket-server-56c97f4c7-d5k68   2m    30Mi   
websocket-server-56c97f4c7-gcq9z   3m    44Mi   
websocket-server-56c97f4c7-h74tt   3m    35Mi   
websocket-server-56c97f4c7-kcp6s   3m    29Mi   
1777437990
websocket-server-56c97f4c7-2rb2k   4m    33Mi   
websocket-server-56c97f4c7-2rjqq   4m    32Mi   
websocket-server-56c97f4c7-894mr   4m    44Mi   
websocket-server-56c97f4c7-9cwzc   4m    33Mi   
websocket-server-56c97f4c7-d5k68   3m    32Mi   
websocket-server-56c97f4c7-gcq9z   4m    45Mi   
websocket-server-56c97f4c7-h74tt   4m    36Mi   
websocket-server-56c97f4c7-kcp6s   4m    30Mi   
1777437995
websocket-server-56c97f4c7-2rb2k   4m    33Mi   
websocket-server-56c97f4c7-2rjqq   4m    32Mi   
websocket-server-56c97f4c7-894mr   4m    44Mi   
websocket-server-56c97f4c7-9cwzc   4m    33Mi   
websocket-server-56c97f4c7-d5k68   3m    32Mi   
websocket-server-56c97f4c7-gcq9z   4m    45Mi   
websocket-server-56c97f4c7-h74tt   4m    36Mi   
websocket-server-56c97f4c7-kcp6s   4m    30Mi   
1777438000
websocket-server-56c97f4c7-2rb2k   4m    33Mi   
websocket-server-56c97f4c7-2rjqq   4m    32Mi   
websocket-server-56c97f4c7-894mr   4m    44Mi   
websocket-server-56c97f4c7-9cwzc   4m    33Mi   
websocket-server-56c97f4c7-d5k68   3m    32Mi   
websocket-server-56c97f4c7-gcq9z   4m    45Mi   
websocket-server-56c97f4c7-h74tt   4m    36Mi   
websocket-server-56c97f4c7-kcp6s   4m    30Mi   
1777438005
websocket-server-56c97f4c7-2rb2k   6m    34Mi   
websocket-server-56c97f4c7-2rjqq   5m    32Mi   
websocket-server-56c97f4c7-894mr   5m    45Mi   
websocket-server-56c97f4c7-9cwzc   5m    33Mi   
websocket-server-56c97f4c7-d5k68   4m    33Mi   
websocket-server-56c97f4c7-gcq9z   5m    46Mi   
websocket-server-56c97f4c7-h74tt   5m    37Mi   
websocket-server-56c97f4c7-kcp6s   5m    31Mi   
1777438010
websocket-server-56c97f4c7-2rb2k   6m    34Mi   
websocket-server-56c97f4c7-2rjqq   5m    32Mi   
websocket-server-56c97f4c7-894mr   5m    45Mi   
websocket-server-56c97f4c7-9cwzc   5m    33Mi   
websocket-server-56c97f4c7-d5k68   4m    33Mi   
websocket-server-56c97f4c7-gcq9z   5m    46Mi   
websocket-server-56c97f4c7-h74tt   5m    37Mi   
websocket-server-56c97f4c7-kcp6s   5m    31Mi   
1777438015
websocket-server-56c97f4c7-2rb2k   6m    34Mi   
websocket-server-56c97f4c7-2rjqq   5m    32Mi   
websocket-server-56c97f4c7-894mr   6m    46Mi   
websocket-server-56c97f4c7-9cwzc   6m    34Mi   
websocket-server-56c97f4c7-ch27k   23m   28Mi   
websocket-server-56c97f4c7-d5k68   5m    33Mi   
websocket-server-56c97f4c7-gcq9z   6m    48Mi   
websocket-server-56c97f4c7-h74tt   5m    37Mi   
websocket-server-56c97f4c7-kcp6s   5m    32Mi   
1777438020
websocket-server-56c97f4c7-2rb2k   6m    34Mi   
websocket-server-56c97f4c7-894mr   6m    46Mi   
websocket-server-56c97f4c7-9cwzc   6m    34Mi   
websocket-server-56c97f4c7-ch27k   23m   28Mi   
websocket-server-56c97f4c7-d5k68   5m    33Mi   
websocket-server-56c97f4c7-gcq9z   6m    48Mi   
websocket-server-56c97f4c7-kcp6s   5m    32Mi   
1777438025
websocket-server-56c97f4c7-2rb2k   6m    34Mi   
websocket-server-56c97f4c7-894mr   6m    46Mi   
websocket-server-56c97f4c7-9cwzc   6m    34Mi   
websocket-server-56c97f4c7-ch27k   23m   28Mi   
websocket-server-56c97f4c7-d5k68   5m    33Mi   
websocket-server-56c97f4c7-gcq9z   6m    48Mi   
websocket-server-56c97f4c7-kcp6s   5m    32Mi   
1777438030
websocket-server-56c97f4c7-2rb2k   7m    37Mi   
websocket-server-56c97f4c7-894mr   7m    48Mi   
websocket-server-56c97f4c7-9cwzc   6m    35Mi   
websocket-server-56c97f4c7-ch27k   2m    29Mi   
websocket-server-56c97f4c7-d5k68   5m    33Mi   
websocket-server-56c97f4c7-gcq9z   7m    49Mi   
websocket-server-56c97f4c7-kcp6s   6m    33Mi   
websocket-server-56c97f4c7-x55hx   23m   28Mi   
1777438035
websocket-server-56c97f4c7-2rb2k   7m    37Mi   
websocket-server-56c97f4c7-894mr   7m    48Mi   
websocket-server-56c97f4c7-9cwzc   6m    35Mi   
websocket-server-56c97f4c7-ch27k   2m    29Mi   
websocket-server-56c97f4c7-d5k68   5m    33Mi   
websocket-server-56c97f4c7-gcq9z   7m    49Mi   
websocket-server-56c97f4c7-kcp6s   6m    33Mi   
websocket-server-56c97f4c7-x55hx   23m   28Mi   
1777438040
websocket-server-56c97f4c7-2rb2k   7m    37Mi   
websocket-server-56c97f4c7-894mr   7m    48Mi   
websocket-server-56c97f4c7-9cwzc   6m    35Mi   
websocket-server-56c97f4c7-ch27k   2m    29Mi   
websocket-server-56c97f4c7-d5k68   5m    33Mi   
websocket-server-56c97f4c7-gcq9z   7m    49Mi   
websocket-server-56c97f4c7-kcp6s   6m    33Mi   
websocket-server-56c97f4c7-x55hx   23m   28Mi   
1777438046
websocket-server-56c97f4c7-2rb2k   7m    37Mi   
websocket-server-56c97f4c7-894mr   7m    48Mi   
websocket-server-56c97f4c7-9cwzc   6m    35Mi   
websocket-server-56c97f4c7-ch27k   2m    29Mi   
websocket-server-56c97f4c7-d5k68   6m    35Mi   
websocket-server-56c97f4c7-gcq9z   7m    48Mi   
websocket-server-56c97f4c7-k7k2q   19m   27Mi   
websocket-server-56c97f4c7-kcp6s   7m    34Mi   
websocket-server-56c97f4c7-vjnpn   19m   27Mi   
websocket-server-56c97f4c7-x55hx   1m    28Mi   
1777438051
websocket-server-56c97f4c7-2rb2k   7m    37Mi   
websocket-server-56c97f4c7-894mr   7m    48Mi   
websocket-server-56c97f4c7-9cwzc   6m    35Mi   
websocket-server-56c97f4c7-ch27k   2m    29Mi   
websocket-server-56c97f4c7-d5k68   6m    35Mi   
websocket-server-56c97f4c7-gcq9z   7m    48Mi   
websocket-server-56c97f4c7-k7k2q   19m   27Mi   
websocket-server-56c97f4c7-kcp6s   7m    34Mi   
websocket-server-56c97f4c7-vjnpn   19m   27Mi   
websocket-server-56c97f4c7-x55hx   1m    28Mi   
1777438056
websocket-server-56c97f4c7-2rb2k   7m    37Mi   
websocket-server-56c97f4c7-894mr   7m    48Mi   
websocket-server-56c97f4c7-9cwzc   6m    35Mi   
websocket-server-56c97f4c7-ch27k   2m    29Mi   
websocket-server-56c97f4c7-d5k68   6m    35Mi   
websocket-server-56c97f4c7-gcq9z   7m    48Mi   
websocket-server-56c97f4c7-k7k2q   19m   27Mi   
websocket-server-56c97f4c7-kcp6s   7m    34Mi   
websocket-server-56c97f4c7-vjnpn   19m   27Mi   
websocket-server-56c97f4c7-x55hx   1m    28Mi   
1777438061
websocket-server-56c97f4c7-2rb2k   5m    36Mi   
websocket-server-56c97f4c7-894mr   3m    48Mi   
websocket-server-56c97f4c7-9cwzc   4m    35Mi   
websocket-server-56c97f4c7-ch27k   2m    29Mi   
websocket-server-56c97f4c7-d5k68   3m    34Mi   
websocket-server-56c97f4c7-gcq9z   3m    48Mi   
websocket-server-56c97f4c7-k7k2q   1m    27Mi   
websocket-server-56c97f4c7-kcp6s   5m    34Mi   
websocket-server-56c97f4c7-vjnpn   1m    27Mi   
websocket-server-56c97f4c7-x55hx   1m    28Mi   
1777438066
websocket-server-56c97f4c7-2rb2k   5m    36Mi   
websocket-server-56c97f4c7-894mr   3m    48Mi   
websocket-server-56c97f4c7-9cwzc   4m    35Mi   
websocket-server-56c97f4c7-ch27k   2m    29Mi   
websocket-server-56c97f4c7-d5k68   3m    34Mi   
websocket-server-56c97f4c7-gcq9z   3m    48Mi   
websocket-server-56c97f4c7-k7k2q   1m    27Mi   
websocket-server-56c97f4c7-kcp6s   5m    34Mi   
websocket-server-56c97f4c7-vjnpn   1m    27Mi   
websocket-server-56c97f4c7-x55hx   1m    28Mi   
1777438071
websocket-server-56c97f4c7-2rb2k   5m    36Mi   
websocket-server-56c97f4c7-894mr   3m    48Mi   
websocket-server-56c97f4c7-9cwzc   4m    35Mi   
websocket-server-56c97f4c7-ch27k   2m    29Mi   
websocket-server-56c97f4c7-d5k68   3m    34Mi   
websocket-server-56c97f4c7-gcq9z   3m    48Mi   
websocket-server-56c97f4c7-k7k2q   1m    27Mi   
websocket-server-56c97f4c7-kcp6s   5m    34Mi   
websocket-server-56c97f4c7-vjnpn   1m    27Mi   
websocket-server-56c97f4c7-x55hx   1m    28Mi   
1777438076
websocket-server-56c97f4c7-2rb2k   5m    36Mi   
websocket-server-56c97f4c7-894mr   3m    48Mi   
websocket-server-56c97f4c7-9cwzc   4m    35Mi   
websocket-server-56c97f4c7-ch27k   1m    29Mi   
websocket-server-56c97f4c7-d5k68   2m    35Mi   
websocket-server-56c97f4c7-gcq9z   3m    48Mi   
websocket-server-56c97f4c7-k7k2q   1m    27Mi   
websocket-server-56c97f4c7-kcp6s   2m    34Mi   
websocket-server-56c97f4c7-vjnpn   1m    27Mi   
websocket-server-56c97f4c7-x55hx   1m    28Mi   
1777438081
websocket-server-56c97f4c7-2rb2k   5m    36Mi   
websocket-server-56c97f4c7-894mr   3m    48Mi   
websocket-server-56c97f4c7-9cwzc   4m    35Mi   
websocket-server-56c97f4c7-ch27k   1m    29Mi   
websocket-server-56c97f4c7-d5k68   2m    35Mi   
websocket-server-56c97f4c7-gcq9z   3m    48Mi   
websocket-server-56c97f4c7-k7k2q   1m    27Mi   
websocket-server-56c97f4c7-kcp6s   2m    34Mi   
websocket-server-56c97f4c7-vjnpn   1m    27Mi   
websocket-server-56c97f4c7-x55hx   1m    28Mi   
1777438086
websocket-server-56c97f4c7-2rb2k   5m    36Mi   
websocket-server-56c97f4c7-894mr   3m    48Mi   
websocket-server-56c97f4c7-9cwzc   4m    35Mi   
websocket-server-56c97f4c7-ch27k   1m    29Mi   
websocket-server-56c97f4c7-d5k68   2m    35Mi   
websocket-server-56c97f4c7-gcq9z   3m    48Mi   
websocket-server-56c97f4c7-k7k2q   1m    27Mi   
websocket-server-56c97f4c7-kcp6s   2m    34Mi   
websocket-server-56c97f4c7-vjnpn   1m    27Mi   
websocket-server-56c97f4c7-x55hx   1m    28Mi   
1777438091
websocket-server-56c97f4c7-2rb2k   3m    37Mi   
websocket-server-56c97f4c7-894mr   2m    48Mi   
websocket-server-56c97f4c7-9cwzc   2m    35Mi   
websocket-server-56c97f4c7-ch27k   1m    29Mi   
websocket-server-56c97f4c7-d5k68   2m    35Mi   
websocket-server-56c97f4c7-gcq9z   2m    48Mi   
websocket-server-56c97f4c7-k7k2q   1m    27Mi   
websocket-server-56c97f4c7-kcp6s   2m    34Mi   
websocket-server-56c97f4c7-vjnpn   1m    27Mi   
websocket-server-56c97f4c7-x55hx   1m    28Mi   
1777438096
websocket-server-56c97f4c7-2rb2k   3m    37Mi   
websocket-server-56c97f4c7-894mr   2m    48Mi   
websocket-server-56c97f4c7-9cwzc   2m    35Mi   
websocket-server-56c97f4c7-ch27k   1m    29Mi   
websocket-server-56c97f4c7-d5k68   2m    35Mi   
websocket-server-56c97f4c7-gcq9z   2m    48Mi   
websocket-server-56c97f4c7-k7k2q   1m    27Mi   
websocket-server-56c97f4c7-kcp6s   2m    34Mi   
websocket-server-56c97f4c7-vjnpn   1m    27Mi   
websocket-server-56c97f4c7-x55hx   1m    28Mi   
1777438101
websocket-server-56c97f4c7-2rb2k   3m    37Mi   
websocket-server-56c97f4c7-894mr   2m    48Mi   
websocket-server-56c97f4c7-9cwzc   2m    35Mi   
websocket-server-56c97f4c7-ch27k   1m    29Mi   
websocket-server-56c97f4c7-d5k68   2m    35Mi   
websocket-server-56c97f4c7-gcq9z   2m    48Mi   
websocket-server-56c97f4c7-k7k2q   1m    27Mi   
websocket-server-56c97f4c7-kcp6s   2m    34Mi   
websocket-server-56c97f4c7-vjnpn   1m    27Mi   
websocket-server-56c97f4c7-x55hx   1m    28Mi   
1777438106
websocket-server-56c97f4c7-2rb2k   2m    36Mi   
websocket-server-56c97f4c7-894mr   2m    48Mi   
websocket-server-56c97f4c7-9cwzc   2m    35Mi   
websocket-server-56c97f4c7-ch27k   1m    29Mi   
websocket-server-56c97f4c7-d5k68   2m    34Mi   
websocket-server-56c97f4c7-gcq9z   6m    48Mi   
websocket-server-56c97f4c7-k7k2q   1m    27Mi   
websocket-server-56c97f4c7-kcp6s   2m    34Mi   
websocket-server-56c97f4c7-vjnpn   1m    27Mi   
websocket-server-56c97f4c7-x55hx   0m    28Mi   
1777438111
websocket-server-56c97f4c7-2rb2k   2m    36Mi   
websocket-server-56c97f4c7-894mr   2m    48Mi   
websocket-server-56c97f4c7-9cwzc   2m    35Mi   
websocket-server-56c97f4c7-ch27k   1m    29Mi   
websocket-server-56c97f4c7-d5k68   2m    34Mi   
websocket-server-56c97f4c7-gcq9z   6m    48Mi   
websocket-server-56c97f4c7-k7k2q   1m    27Mi   
websocket-server-56c97f4c7-kcp6s   2m    34Mi   
websocket-server-56c97f4c7-vjnpn   1m    27Mi   
websocket-server-56c97f4c7-x55hx   0m    28Mi   
1777438116
websocket-server-56c97f4c7-2rb2k   2m    36Mi   
websocket-server-56c97f4c7-894mr   2m    48Mi   
websocket-server-56c97f4c7-9cwzc   2m    35Mi   
websocket-server-56c97f4c7-ch27k   1m    29Mi   
websocket-server-56c97f4c7-d5k68   2m    34Mi   
websocket-server-56c97f4c7-gcq9z   6m    48Mi   
websocket-server-56c97f4c7-k7k2q   1m    27Mi   
websocket-server-56c97f4c7-kcp6s   2m    34Mi   
websocket-server-56c97f4c7-vjnpn   1m    27Mi   
websocket-server-56c97f4c7-x55hx   0m    28Mi   
1777438121
websocket-server-56c97f4c7-2rb2k   7m    36Mi   
websocket-server-56c97f4c7-894mr   6m    47Mi   
websocket-server-56c97f4c7-9cwzc   5m    34Mi   
websocket-server-56c97f4c7-ch27k   2m    29Mi   
websocket-server-56c97f4c7-d5k68   5m    34Mi   
websocket-server-56c97f4c7-gcq9z   6m    48Mi   
websocket-server-56c97f4c7-k7k2q   1m    27Mi   
websocket-server-56c97f4c7-kcp6s   7m    34Mi   
websocket-server-56c97f4c7-vjnpn   1m    27Mi   
websocket-server-56c97f4c7-x55hx   2m    28Mi   
1777438126
websocket-server-56c97f4c7-2rb2k   7m    36Mi   
websocket-server-56c97f4c7-894mr   6m    47Mi   
websocket-server-56c97f4c7-9cwzc   5m    34Mi   
websocket-server-56c97f4c7-ch27k   2m    29Mi   
websocket-server-56c97f4c7-d5k68   5m    34Mi   
websocket-server-56c97f4c7-gcq9z   6m    48Mi   
websocket-server-56c97f4c7-k7k2q   1m    27Mi   
websocket-server-56c97f4c7-kcp6s   7m    34Mi   
websocket-server-56c97f4c7-vjnpn   1m    27Mi   
websocket-server-56c97f4c7-x55hx   2m    28Mi   
1777438131
websocket-server-56c97f4c7-2rb2k   7m    36Mi   
websocket-server-56c97f4c7-894mr   6m    47Mi   
websocket-server-56c97f4c7-9cwzc   5m    34Mi   
websocket-server-56c97f4c7-ch27k   2m    29Mi   
websocket-server-56c97f4c7-d5k68   5m    34Mi   
websocket-server-56c97f4c7-gcq9z   6m    48Mi   
websocket-server-56c97f4c7-k7k2q   1m    27Mi   
websocket-server-56c97f4c7-kcp6s   7m    34Mi   
websocket-server-56c97f4c7-vjnpn   1m    27Mi   
websocket-server-56c97f4c7-x55hx   2m    28Mi   
1777438136
websocket-server-56c97f4c7-2rb2k   1m    36Mi   
websocket-server-56c97f4c7-894mr   1m    47Mi   
websocket-server-56c97f4c7-9cwzc   1m    34Mi   
websocket-server-56c97f4c7-ch27k   1m    29Mi   
websocket-server-56c97f4c7-d5k68   1m    34Mi   
websocket-server-56c97f4c7-gcq9z   1m    48Mi   
websocket-server-56c97f4c7-k7k2q   1m    27Mi   
websocket-server-56c97f4c7-kcp6s   1m    34Mi   
websocket-server-56c97f4c7-vjnpn   1m    27Mi   
websocket-server-56c97f4c7-x55hx   1m    28Mi   
1777438141
websocket-server-56c97f4c7-2rb2k   1m    36Mi   
websocket-server-56c97f4c7-894mr   1m    47Mi   
websocket-server-56c97f4c7-9cwzc   1m    34Mi   
websocket-server-56c97f4c7-ch27k   1m    29Mi   
websocket-server-56c97f4c7-d5k68   1m    34Mi   
websocket-server-56c97f4c7-gcq9z   1m    48Mi   
websocket-server-56c97f4c7-k7k2q   1m    27Mi   
websocket-server-56c97f4c7-kcp6s   1m    34Mi   
websocket-server-56c97f4c7-vjnpn   1m    27Mi   
websocket-server-56c97f4c7-x55hx   1m    28Mi   
1777438146
websocket-server-56c97f4c7-2rb2k   1m    36Mi   
websocket-server-56c97f4c7-894mr   1m    47Mi   
websocket-server-56c97f4c7-9cwzc   1m    34Mi   
websocket-server-56c97f4c7-ch27k   1m    29Mi   
websocket-server-56c97f4c7-d5k68   1m    34Mi   
websocket-server-56c97f4c7-gcq9z   1m    48Mi   
websocket-server-56c97f4c7-k7k2q   1m    27Mi   
websocket-server-56c97f4c7-kcp6s   1m    34Mi   
websocket-server-56c97f4c7-vjnpn   1m    27Mi   
websocket-server-56c97f4c7-x55hx   1m    28Mi   
1777438151
websocket-server-56c97f4c7-2rb2k   0m    36Mi   
websocket-server-56c97f4c7-894mr   1m    47Mi   
websocket-server-56c97f4c7-9cwzc   1m    34Mi   
websocket-server-56c97f4c7-ch27k   1m    29Mi   
websocket-server-56c97f4c7-d5k68   1m    34Mi   
websocket-server-56c97f4c7-gcq9z   1m    48Mi   
websocket-server-56c97f4c7-k7k2q   1m    27Mi   
websocket-server-56c97f4c7-kcp6s   1m    34Mi   
websocket-server-56c97f4c7-vjnpn   1m    27Mi   
websocket-server-56c97f4c7-x55hx   0m    28Mi   
1777438156
websocket-server-56c97f4c7-2rb2k   0m    36Mi   
websocket-server-56c97f4c7-894mr   1m    47Mi   
websocket-server-56c97f4c7-9cwzc   1m    34Mi   
websocket-server-56c97f4c7-ch27k   1m    29Mi   
websocket-server-56c97f4c7-d5k68   1m    34Mi   
websocket-server-56c97f4c7-gcq9z   1m    48Mi   
websocket-server-56c97f4c7-k7k2q   1m    27Mi   
websocket-server-56c97f4c7-kcp6s   1m    34Mi   
websocket-server-56c97f4c7-vjnpn   1m    27Mi   
websocket-server-56c97f4c7-x55hx   0m    28Mi   
1777438162
websocket-server-56c97f4c7-2rb2k   0m    36Mi   
websocket-server-56c97f4c7-894mr   1m    47Mi   
websocket-server-56c97f4c7-9cwzc   1m    34Mi   
websocket-server-56c97f4c7-ch27k   1m    29Mi   
websocket-server-56c97f4c7-d5k68   1m    34Mi   
websocket-server-56c97f4c7-gcq9z   1m    48Mi   
websocket-server-56c97f4c7-k7k2q   1m    27Mi   
websocket-server-56c97f4c7-kcp6s   1m    34Mi   
websocket-server-56c97f4c7-vjnpn   1m    27Mi   
websocket-server-56c97f4c7-x55hx   0m    28Mi   
1777438167
websocket-server-56c97f4c7-2rb2k   0m    36Mi   
websocket-server-56c97f4c7-894mr   1m    47Mi   
websocket-server-56c97f4c7-9cwzc   1m    34Mi   
websocket-server-56c97f4c7-ch27k   1m    29Mi   
websocket-server-56c97f4c7-d5k68   1m    34Mi   
websocket-server-56c97f4c7-gcq9z   1m    48Mi   
websocket-server-56c97f4c7-k7k2q   1m    27Mi   
websocket-server-56c97f4c7-kcp6s   0m    34Mi   
websocket-server-56c97f4c7-vjnpn   1m    27Mi   
websocket-server-56c97f4c7-x55hx   0m    28Mi   
1777438172
websocket-server-56c97f4c7-2rb2k   0m    36Mi   
websocket-server-56c97f4c7-894mr   1m    47Mi   
websocket-server-56c97f4c7-9cwzc   1m    34Mi   
websocket-server-56c97f4c7-ch27k   1m    29Mi   
websocket-server-56c97f4c7-d5k68   1m    34Mi   
websocket-server-56c97f4c7-gcq9z   1m    48Mi   
websocket-server-56c97f4c7-k7k2q   1m    27Mi   
websocket-server-56c97f4c7-kcp6s   0m    34Mi   
websocket-server-56c97f4c7-vjnpn   1m    27Mi   
websocket-server-56c97f4c7-x55hx   0m    28Mi   
1777438177
websocket-server-56c97f4c7-2rb2k   0m    36Mi   
websocket-server-56c97f4c7-894mr   1m    47Mi   
websocket-server-56c97f4c7-9cwzc   1m    34Mi   
websocket-server-56c97f4c7-ch27k   1m    29Mi   
websocket-server-56c97f4c7-d5k68   1m    34Mi   
websocket-server-56c97f4c7-gcq9z   1m    48Mi   
websocket-server-56c97f4c7-k7k2q   1m    27Mi   
websocket-server-56c97f4c7-kcp6s   0m    34Mi   
websocket-server-56c97f4c7-vjnpn   1m    27Mi   
websocket-server-56c97f4c7-x55hx   0m    28Mi   
1777438182
websocket-server-56c97f4c7-2rb2k   1m    36Mi   
websocket-server-56c97f4c7-894mr   1m    47Mi   
websocket-server-56c97f4c7-9cwzc   1m    34Mi   
websocket-server-56c97f4c7-ch27k   1m    29Mi   
websocket-server-56c97f4c7-d5k68   1m    34Mi   
websocket-server-56c97f4c7-gcq9z   1m    48Mi   
websocket-server-56c97f4c7-kcp6s   1m    34Mi   
websocket-server-56c97f4c7-vjnpn   1m    27Mi   
1777438187
websocket-server-56c97f4c7-2rb2k   1m    36Mi   
websocket-server-56c97f4c7-894mr   1m    47Mi   
websocket-server-56c97f4c7-9cwzc   1m    34Mi   
websocket-server-56c97f4c7-ch27k   1m    29Mi   
websocket-server-56c97f4c7-d5k68   1m    34Mi   
websocket-server-56c97f4c7-gcq9z   1m    48Mi   
websocket-server-56c97f4c7-kcp6s   1m    34Mi   
websocket-server-56c97f4c7-vjnpn   1m    27Mi   
1777438192
websocket-server-56c97f4c7-2rb2k   1m    36Mi   
websocket-server-56c97f4c7-894mr   1m    47Mi   
websocket-server-56c97f4c7-9cwzc   1m    34Mi   
websocket-server-56c97f4c7-ch27k   1m    29Mi   
websocket-server-56c97f4c7-d5k68   1m    34Mi   
websocket-server-56c97f4c7-gcq9z   1m    48Mi   
websocket-server-56c97f4c7-kcp6s   1m    34Mi   
websocket-server-56c97f4c7-vjnpn   1m    27Mi   
1777438197
websocket-server-56c97f4c7-2rb2k   1m    36Mi   
websocket-server-56c97f4c7-894mr   1m    47Mi   
websocket-server-56c97f4c7-9cwzc   1m    34Mi   
websocket-server-56c97f4c7-ch27k   1m    29Mi   
websocket-server-56c97f4c7-d5k68   1m    34Mi   
websocket-server-56c97f4c7-gcq9z   1m    48Mi   
websocket-server-56c97f4c7-kcp6s   1m    34Mi   
websocket-server-56c97f4c7-vjnpn   1m    27Mi   
1777438202
websocket-server-56c97f4c7-2rb2k   1m    36Mi   
websocket-server-56c97f4c7-894mr   1m    47Mi   
websocket-server-56c97f4c7-9cwzc   1m    34Mi   
websocket-server-56c97f4c7-ch27k   1m    29Mi   
websocket-server-56c97f4c7-d5k68   1m    34Mi   
websocket-server-56c97f4c7-gcq9z   1m    48Mi   
websocket-server-56c97f4c7-kcp6s   1m    34Mi   
websocket-server-56c97f4c7-vjnpn   1m    27Mi   
1777438207
websocket-server-56c97f4c7-2rb2k   1m    36Mi   
websocket-server-56c97f4c7-894mr   1m    47Mi   
websocket-server-56c97f4c7-9cwzc   1m    34Mi   
websocket-server-56c97f4c7-ch27k   1m    29Mi   
websocket-server-56c97f4c7-d5k68   1m    34Mi   
websocket-server-56c97f4c7-gcq9z   1m    48Mi   
websocket-server-56c97f4c7-kcp6s   1m    34Mi   
websocket-server-56c97f4c7-vjnpn   1m    27Mi   
1777438212
websocket-server-56c97f4c7-2rb2k   0m    36Mi   
websocket-server-56c97f4c7-894mr   1m    47Mi   
websocket-server-56c97f4c7-9cwzc   1m    34Mi   
websocket-server-56c97f4c7-ch27k   1m    29Mi   
websocket-server-56c97f4c7-d5k68   1m    34Mi   
websocket-server-56c97f4c7-gcq9z   1m    48Mi   
websocket-server-56c97f4c7-kcp6s   1m    34Mi   
websocket-server-56c97f4c7-vjnpn   1m    27Mi   
1777438217
websocket-server-56c97f4c7-2rb2k   0m    36Mi   
websocket-server-56c97f4c7-894mr   1m    47Mi   
websocket-server-56c97f4c7-9cwzc   1m    34Mi   
websocket-server-56c97f4c7-ch27k   1m    29Mi   
websocket-server-56c97f4c7-d5k68   1m    34Mi   
websocket-server-56c97f4c7-gcq9z   1m    48Mi   
websocket-server-56c97f4c7-kcp6s   1m    34Mi   
websocket-server-56c97f4c7-vjnpn   1m    27Mi   
1777438222
websocket-server-56c97f4c7-2rb2k   0m    36Mi   
websocket-server-56c97f4c7-894mr   1m    47Mi   
websocket-server-56c97f4c7-9cwzc   1m    34Mi   
websocket-server-56c97f4c7-ch27k   1m    29Mi   
websocket-server-56c97f4c7-d5k68   1m    34Mi   
websocket-server-56c97f4c7-gcq9z   1m    48Mi   
websocket-server-56c97f4c7-kcp6s   1m    34Mi   
websocket-server-56c97f4c7-vjnpn   1m    27Mi   
1777438227
websocket-server-56c97f4c7-2rb2k   1m    36Mi   
websocket-server-56c97f4c7-894mr   1m    47Mi   
websocket-server-56c97f4c7-9cwzc   1m    34Mi   
websocket-server-56c97f4c7-ch27k   1m    29Mi   
websocket-server-56c97f4c7-d5k68   1m    35Mi   
websocket-server-56c97f4c7-gcq9z   1m    48Mi   
websocket-server-56c97f4c7-kcp6s   1m    34Mi   
websocket-server-56c97f4c7-vjnpn   1m    27Mi   
1777438232
websocket-server-56c97f4c7-2rb2k   1m    36Mi   
websocket-server-56c97f4c7-894mr   1m    47Mi   
websocket-server-56c97f4c7-9cwzc   1m    34Mi   
websocket-server-56c97f4c7-ch27k   1m    29Mi   
websocket-server-56c97f4c7-d5k68   1m    35Mi   
websocket-server-56c97f4c7-gcq9z   1m    48Mi   
websocket-server-56c97f4c7-kcp6s   1m    34Mi   
websocket-server-56c97f4c7-vjnpn   1m    27Mi   
1777438237
websocket-server-56c97f4c7-2rb2k   1m    36Mi   
websocket-server-56c97f4c7-894mr   1m    47Mi   
websocket-server-56c97f4c7-9cwzc   1m    34Mi   
websocket-server-56c97f4c7-ch27k   1m    29Mi   
websocket-server-56c97f4c7-d5k68   1m    35Mi   
websocket-server-56c97f4c7-gcq9z   1m    48Mi   
websocket-server-56c97f4c7-kcp6s   1m    34Mi   
websocket-server-56c97f4c7-vjnpn   1m    27Mi   
1777438242
websocket-server-56c97f4c7-2rb2k   1m    36Mi   
websocket-server-56c97f4c7-894mr   1m    47Mi   
websocket-server-56c97f4c7-9cwzc   1m    34Mi   
websocket-server-56c97f4c7-ch27k   1m    29Mi   
websocket-server-56c97f4c7-d5k68   1m    34Mi   
websocket-server-56c97f4c7-gcq9z   1m    48Mi   
websocket-server-56c97f4c7-kcp6s   1m    34Mi   
websocket-server-56c97f4c7-vjnpn   1m    27Mi   
1777438247
websocket-server-56c97f4c7-2rb2k   1m    36Mi   
websocket-server-56c97f4c7-894mr   1m    47Mi   
websocket-server-56c97f4c7-9cwzc   1m    34Mi   
websocket-server-56c97f4c7-ch27k   1m    29Mi   
websocket-server-56c97f4c7-d5k68   1m    34Mi   
websocket-server-56c97f4c7-gcq9z   1m    48Mi   
websocket-server-56c97f4c7-kcp6s   1m    34Mi   
websocket-server-56c97f4c7-vjnpn   1m    27Mi   
1777438252
websocket-server-56c97f4c7-2rb2k   1m    36Mi   
websocket-server-56c97f4c7-894mr   1m    47Mi   
websocket-server-56c97f4c7-9cwzc   1m    34Mi   
websocket-server-56c97f4c7-ch27k   1m    29Mi   
websocket-server-56c97f4c7-d5k68   1m    34Mi   
websocket-server-56c97f4c7-gcq9z   1m    48Mi   
websocket-server-56c97f4c7-kcp6s   1m    34Mi   
websocket-server-56c97f4c7-vjnpn   1m    27Mi   
