1781617998
websocket-server-56c97f4c7-6q5vs   1m    97Mi   
websocket-server-56c97f4c7-t7zg4   1m    86Mi   
1781618003
websocket-server-56c97f4c7-6q5vs   1m    97Mi   
websocket-server-56c97f4c7-t7zg4   1m    86Mi   
1781618008
websocket-server-56c97f4c7-6q5vs   1m    97Mi   
websocket-server-56c97f4c7-t7zg4   1m    86Mi   
1781618013
websocket-server-56c97f4c7-6q5vs   1m    97Mi   
websocket-server-56c97f4c7-t7zg4   1m    86Mi   
1781618018
websocket-server-56c97f4c7-6q5vs   1m    97Mi   
websocket-server-56c97f4c7-t7zg4   1m    86Mi   
1781618023
websocket-server-56c97f4c7-6q5vs   3m    98Mi   
websocket-server-56c97f4c7-t7zg4   1m    86Mi   
1781618028
websocket-server-56c97f4c7-6q5vs   3m    98Mi   
websocket-server-56c97f4c7-t7zg4   1m    86Mi   
1781618033
websocket-server-56c97f4c7-6q5vs   3m    98Mi   
websocket-server-56c97f4c7-t7zg4   1m    86Mi   
1781618038
websocket-server-56c97f4c7-6q5vs   12m   96Mi   
websocket-server-56c97f4c7-t7zg4   5m    87Mi   
1781618043
websocket-server-56c97f4c7-6q5vs   12m   96Mi   
websocket-server-56c97f4c7-t7zg4   5m    87Mi   
1781618048
websocket-server-56c97f4c7-6q5vs   12m   96Mi   
websocket-server-56c97f4c7-t7zg4   5m    87Mi   
1781618053
websocket-server-56c97f4c7-6q5vs   15m   96Mi   
websocket-server-56c97f4c7-t7zg4   12m   87Mi   
1781618058
websocket-server-56c97f4c7-6q5vs   15m   96Mi   
websocket-server-56c97f4c7-t7zg4   12m   87Mi   
1781618063
websocket-server-56c97f4c7-6q5vs   15m   96Mi   
websocket-server-56c97f4c7-t7zg4   12m   87Mi   
1781618069
websocket-server-56c97f4c7-6q5vs   15m   96Mi   
websocket-server-56c97f4c7-t7zg4   20m   89Mi   
1781618074
websocket-server-56c97f4c7-6q5vs   15m   96Mi   
websocket-server-56c97f4c7-t7zg4   20m   89Mi   
1781618079
websocket-server-56c97f4c7-6q5vs   15m   96Mi   
websocket-server-56c97f4c7-t7zg4   20m   89Mi   
1781618084
websocket-server-56c97f4c7-6q5vs   20m   96Mi   
websocket-server-56c97f4c7-swx7n   25m   28Mi   
websocket-server-56c97f4c7-t7zg4   20m   89Mi   
1781618089
websocket-server-56c97f4c7-6q5vs   20m   96Mi   
websocket-server-56c97f4c7-swx7n   25m   28Mi   
websocket-server-56c97f4c7-t7zg4   20m   89Mi   
1781618094
websocket-server-56c97f4c7-6q5vs   20m   96Mi   
websocket-server-56c97f4c7-swx7n   25m   28Mi   
websocket-server-56c97f4c7-t7zg4   20m   89Mi   
1781618099
websocket-server-56c97f4c7-6q5vs   20m   96Mi   
websocket-server-56c97f4c7-swx7n   7m    32Mi   
websocket-server-56c97f4c7-t7zg4   24m   89Mi   
1781618104
websocket-server-56c97f4c7-6q5vs   20m   96Mi   
websocket-server-56c97f4c7-swx7n   7m    32Mi   
websocket-server-56c97f4c7-t7zg4   24m   89Mi   
1781618109
websocket-server-56c97f4c7-6q5vs   20m   96Mi   
websocket-server-56c97f4c7-swx7n   7m    32Mi   
websocket-server-56c97f4c7-t7zg4   24m   89Mi   
1781618114
websocket-server-56c97f4c7-6q5vs   24m   96Mi   
websocket-server-56c97f4c7-slpb9   2m    28Mi   
websocket-server-56c97f4c7-swx7n   8m    33Mi   
websocket-server-56c97f4c7-t7zg4   23m   90Mi   
1781618119
websocket-server-56c97f4c7-6q5vs   24m   96Mi   
websocket-server-56c97f4c7-slpb9   2m    28Mi   
websocket-server-56c97f4c7-swx7n   8m    33Mi   
websocket-server-56c97f4c7-t7zg4   23m   90Mi   
1781618124
websocket-server-56c97f4c7-6q5vs   24m   96Mi   
websocket-server-56c97f4c7-slpb9   2m    28Mi   
websocket-server-56c97f4c7-swx7n   8m    33Mi   
websocket-server-56c97f4c7-t7zg4   23m   90Mi   
1781618129
websocket-server-56c97f4c7-6q5vs   24m   97Mi   
websocket-server-56c97f4c7-slpb9   2m    28Mi   
websocket-server-56c97f4c7-swx7n   8m    33Mi   
websocket-server-56c97f4c7-t7zg4   22m   89Mi   
1781618134
websocket-server-56c97f4c7-6q5vs   24m   97Mi   
websocket-server-56c97f4c7-slpb9   2m    28Mi   
websocket-server-56c97f4c7-swx7n   8m    33Mi   
websocket-server-56c97f4c7-t7zg4   22m   89Mi   
1781618139
websocket-server-56c97f4c7-6q5vs   24m   97Mi   
websocket-server-56c97f4c7-slpb9   2m    28Mi   
websocket-server-56c97f4c7-swx7n   8m    33Mi   
websocket-server-56c97f4c7-t7zg4   22m   89Mi   
1781618144
websocket-server-56c97f4c7-6q5vs   17m   97Mi   
websocket-server-56c97f4c7-slpb9   1m    28Mi   
websocket-server-56c97f4c7-swx7n   8m    33Mi   
websocket-server-56c97f4c7-t7zg4   20m   90Mi   
1781618149
websocket-server-56c97f4c7-6q5vs   17m   97Mi   
websocket-server-56c97f4c7-slpb9   1m    28Mi   
websocket-server-56c97f4c7-swx7n   8m    33Mi   
websocket-server-56c97f4c7-t7zg4   20m   90Mi   
1781618154
websocket-server-56c97f4c7-6q5vs   17m   97Mi   
websocket-server-56c97f4c7-slpb9   1m    28Mi   
websocket-server-56c97f4c7-swx7n   8m    33Mi   
websocket-server-56c97f4c7-t7zg4   20m   90Mi   
1781618159
websocket-server-56c97f4c7-6q5vs   8m    97Mi   
websocket-server-56c97f4c7-slpb9   1m    28Mi   
websocket-server-56c97f4c7-swx7n   4m    33Mi   
websocket-server-56c97f4c7-t7zg4   8m    89Mi   
1781618165
websocket-server-56c97f4c7-6q5vs   8m    97Mi   
websocket-server-56c97f4c7-slpb9   1m    28Mi   
websocket-server-56c97f4c7-swx7n   4m    33Mi   
websocket-server-56c97f4c7-t7zg4   8m    89Mi   
1781618170
websocket-server-56c97f4c7-6q5vs   8m    97Mi   
websocket-server-56c97f4c7-slpb9   1m    28Mi   
websocket-server-56c97f4c7-swx7n   4m    33Mi   
websocket-server-56c97f4c7-t7zg4   8m    89Mi   
1781618175
websocket-server-56c97f4c7-6q5vs   9m    97Mi   
websocket-server-56c97f4c7-slpb9   1m    28Mi   
websocket-server-56c97f4c7-swx7n   3m    33Mi   
websocket-server-56c97f4c7-t7zg4   9m    89Mi   
1781618180
websocket-server-56c97f4c7-6q5vs   9m    97Mi   
websocket-server-56c97f4c7-slpb9   1m    28Mi   
websocket-server-56c97f4c7-swx7n   3m    33Mi   
websocket-server-56c97f4c7-t7zg4   9m    89Mi   
1781618185
websocket-server-56c97f4c7-6q5vs   9m    97Mi   
websocket-server-56c97f4c7-slpb9   1m    28Mi   
websocket-server-56c97f4c7-swx7n   3m    33Mi   
websocket-server-56c97f4c7-t7zg4   9m    89Mi   
1781618190
websocket-server-56c97f4c7-6q5vs   9m    97Mi   
websocket-server-56c97f4c7-slpb9   1m    28Mi   
websocket-server-56c97f4c7-swx7n   3m    33Mi   
websocket-server-56c97f4c7-t7zg4   9m    89Mi   
1781618195
websocket-server-56c97f4c7-6q5vs   9m    97Mi   
websocket-server-56c97f4c7-slpb9   1m    28Mi   
websocket-server-56c97f4c7-swx7n   3m    33Mi   
websocket-server-56c97f4c7-t7zg4   9m    89Mi   
1781618200
websocket-server-56c97f4c7-6q5vs   9m    97Mi   
websocket-server-56c97f4c7-slpb9   1m    28Mi   
websocket-server-56c97f4c7-swx7n   3m    33Mi   
websocket-server-56c97f4c7-t7zg4   9m    89Mi   
1781618205
websocket-server-56c97f4c7-6q5vs   9m    97Mi   
websocket-server-56c97f4c7-slpb9   1m    28Mi   
websocket-server-56c97f4c7-swx7n   4m    32Mi   
websocket-server-56c97f4c7-t7zg4   8m    89Mi   
1781618210
websocket-server-56c97f4c7-6q5vs   9m    97Mi   
websocket-server-56c97f4c7-slpb9   1m    28Mi   
websocket-server-56c97f4c7-swx7n   4m    32Mi   
websocket-server-56c97f4c7-t7zg4   8m    89Mi   
1781618215
websocket-server-56c97f4c7-6q5vs   9m    97Mi   
websocket-server-56c97f4c7-slpb9   1m    28Mi   
websocket-server-56c97f4c7-swx7n   4m    32Mi   
websocket-server-56c97f4c7-t7zg4   8m    89Mi   
1781618220
websocket-server-56c97f4c7-6q5vs   6m    95Mi   
websocket-server-56c97f4c7-slpb9   1m    28Mi   
websocket-server-56c97f4c7-swx7n   1m    32Mi   
websocket-server-56c97f4c7-t7zg4   7m    88Mi   
1781618225
websocket-server-56c97f4c7-6q5vs   6m    95Mi   
websocket-server-56c97f4c7-slpb9   1m    28Mi   
websocket-server-56c97f4c7-swx7n   1m    32Mi   
websocket-server-56c97f4c7-t7zg4   7m    88Mi   
1781618230
websocket-server-56c97f4c7-6q5vs   6m    95Mi   
websocket-server-56c97f4c7-slpb9   1m    28Mi   
websocket-server-56c97f4c7-swx7n   1m    32Mi   
websocket-server-56c97f4c7-t7zg4   7m    88Mi   
1781618235
websocket-server-56c97f4c7-6q5vs   0m    95Mi   
websocket-server-56c97f4c7-slpb9   1m    28Mi   
websocket-server-56c97f4c7-swx7n   1m    32Mi   
websocket-server-56c97f4c7-t7zg4   1m    88Mi   
1781618240
websocket-server-56c97f4c7-6q5vs   0m    95Mi   
websocket-server-56c97f4c7-slpb9   1m    28Mi   
websocket-server-56c97f4c7-swx7n   1m    32Mi   
websocket-server-56c97f4c7-t7zg4   1m    88Mi   
1781618245
websocket-server-56c97f4c7-6q5vs   0m    95Mi   
websocket-server-56c97f4c7-slpb9   1m    28Mi   
websocket-server-56c97f4c7-swx7n   1m    32Mi   
websocket-server-56c97f4c7-t7zg4   1m    88Mi   
1781618250
websocket-server-56c97f4c7-6q5vs   0m    95Mi   
websocket-server-56c97f4c7-slpb9   0m    28Mi   
websocket-server-56c97f4c7-swx7n   1m    32Mi   
websocket-server-56c97f4c7-t7zg4   1m    88Mi   
1781618256
websocket-server-56c97f4c7-6q5vs   0m    95Mi   
websocket-server-56c97f4c7-slpb9   0m    28Mi   
websocket-server-56c97f4c7-swx7n   1m    32Mi   
websocket-server-56c97f4c7-t7zg4   1m    88Mi   
1781618261
websocket-server-56c97f4c7-6q5vs   0m    95Mi   
websocket-server-56c97f4c7-slpb9   0m    28Mi   
websocket-server-56c97f4c7-swx7n   1m    32Mi   
websocket-server-56c97f4c7-t7zg4   1m    88Mi   
1781618266
websocket-server-56c97f4c7-6q5vs   1m    96Mi   
websocket-server-56c97f4c7-slpb9   1m    29Mi   
websocket-server-56c97f4c7-swx7n   1m    33Mi   
websocket-server-56c97f4c7-t7zg4   2m    88Mi   
1781618271
websocket-server-56c97f4c7-6q5vs   1m    96Mi   
websocket-server-56c97f4c7-slpb9   1m    29Mi   
websocket-server-56c97f4c7-swx7n   1m    33Mi   
websocket-server-56c97f4c7-t7zg4   2m    88Mi   
1781618276
websocket-server-56c97f4c7-6q5vs   1m    96Mi   
websocket-server-56c97f4c7-slpb9   1m    29Mi   
websocket-server-56c97f4c7-swx7n   1m    33Mi   
websocket-server-56c97f4c7-t7zg4   2m    88Mi   
1781618281
websocket-server-56c97f4c7-6q5vs   4m    95Mi   
websocket-server-56c97f4c7-slpb9   5m    31Mi   
websocket-server-56c97f4c7-swx7n   3m    34Mi   
websocket-server-56c97f4c7-t7zg4   5m    88Mi   
1781618286
websocket-server-56c97f4c7-6q5vs   4m    95Mi   
websocket-server-56c97f4c7-slpb9   5m    31Mi   
websocket-server-56c97f4c7-swx7n   3m    34Mi   
websocket-server-56c97f4c7-t7zg4   5m    88Mi   
1781618291
websocket-server-56c97f4c7-6q5vs   4m    95Mi   
websocket-server-56c97f4c7-slpb9   5m    31Mi   
websocket-server-56c97f4c7-swx7n   3m    34Mi   
websocket-server-56c97f4c7-t7zg4   5m    88Mi   
1781618296
websocket-server-56c97f4c7-6q5vs   8m    96Mi   
websocket-server-56c97f4c7-slpb9   7m    32Mi   
websocket-server-56c97f4c7-swx7n   6m    36Mi   
websocket-server-56c97f4c7-t7zg4   6m    89Mi   
1781618301
websocket-server-56c97f4c7-6q5vs   8m    96Mi   
websocket-server-56c97f4c7-slpb9   7m    32Mi   
websocket-server-56c97f4c7-swx7n   6m    36Mi   
websocket-server-56c97f4c7-t7zg4   6m    89Mi   
1781618306
websocket-server-56c97f4c7-6q5vs   8m    96Mi   
websocket-server-56c97f4c7-slpb9   7m    32Mi   
websocket-server-56c97f4c7-swx7n   6m    36Mi   
websocket-server-56c97f4c7-t7zg4   6m    89Mi   
1781618311
websocket-server-56c97f4c7-6q5vs   9m    96Mi   
websocket-server-56c97f4c7-slpb9   10m   34Mi   
websocket-server-56c97f4c7-swx7n   8m    37Mi   
websocket-server-56c97f4c7-t7zg4   8m    88Mi   
1781618316
websocket-server-56c97f4c7-6q5vs   9m    96Mi   
websocket-server-56c97f4c7-slpb9   10m   34Mi   
websocket-server-56c97f4c7-swx7n   8m    37Mi   
websocket-server-56c97f4c7-t7zg4   8m    88Mi   
1781618321
websocket-server-56c97f4c7-6q5vs   9m    96Mi   
websocket-server-56c97f4c7-slpb9   10m   34Mi   
websocket-server-56c97f4c7-swx7n   8m    37Mi   
websocket-server-56c97f4c7-t7zg4   8m    88Mi   
1781618326
websocket-server-56c97f4c7-6q5vs   12m   96Mi   
websocket-server-56c97f4c7-slpb9   12m   36Mi   
websocket-server-56c97f4c7-swx7n   10m   39Mi   
websocket-server-56c97f4c7-t7zg4   11m   89Mi   
1781618331
websocket-server-56c97f4c7-6q5vs   12m   96Mi   
websocket-server-56c97f4c7-slpb9   12m   36Mi   
websocket-server-56c97f4c7-swx7n   10m   39Mi   
websocket-server-56c97f4c7-t7zg4   11m   89Mi   
1781618336
websocket-server-56c97f4c7-6q5vs   12m   96Mi   
websocket-server-56c97f4c7-slpb9   12m   36Mi   
websocket-server-56c97f4c7-swx7n   10m   39Mi   
websocket-server-56c97f4c7-t7zg4   11m   89Mi   
1781618341
websocket-server-56c97f4c7-6q5vs   16m   96Mi   
websocket-server-56c97f4c7-slpb9   15m   38Mi   
websocket-server-56c97f4c7-swx7n   10m   39Mi   
websocket-server-56c97f4c7-t7zg4   14m   89Mi   
1781618346
websocket-server-56c97f4c7-6q5vs   16m   96Mi   
websocket-server-56c97f4c7-slpb9   15m   38Mi   
websocket-server-56c97f4c7-t7zg4   14m   89Mi   
1781618352
websocket-server-56c97f4c7-6q5vs   16m   96Mi   
websocket-server-56c97f4c7-slpb9   15m   38Mi   
websocket-server-56c97f4c7-t7zg4   14m   89Mi   
1781618357
websocket-server-56c97f4c7-6q5vs   19m   96Mi   
websocket-server-56c97f4c7-9kq69   4m    29Mi   
websocket-server-56c97f4c7-slpb9   17m   42Mi   
websocket-server-56c97f4c7-t7zg4   16m   89Mi   
1781618362
websocket-server-56c97f4c7-6q5vs   19m   96Mi   
websocket-server-56c97f4c7-9kq69   4m    29Mi   
websocket-server-56c97f4c7-slpb9   17m   42Mi   
websocket-server-56c97f4c7-t7zg4   16m   89Mi   
1781618367
websocket-server-56c97f4c7-6q5vs   19m   96Mi   
websocket-server-56c97f4c7-9kq69   4m    29Mi   
websocket-server-56c97f4c7-slpb9   17m   42Mi   
websocket-server-56c97f4c7-t7zg4   16m   89Mi   
1781618372
websocket-server-56c97f4c7-6q5vs   19m   96Mi   
websocket-server-56c97f4c7-9kq69   3m    29Mi   
websocket-server-56c97f4c7-czffr   19m   27Mi   
websocket-server-56c97f4c7-slpb9   20m   42Mi   
websocket-server-56c97f4c7-t7zg4   18m   89Mi   
1781618377
websocket-server-56c97f4c7-6q5vs   19m   96Mi   
websocket-server-56c97f4c7-9kq69   3m    29Mi   
websocket-server-56c97f4c7-czffr   19m   27Mi   
websocket-server-56c97f4c7-slpb9   20m   42Mi   
websocket-server-56c97f4c7-t7zg4   18m   89Mi   
1781618382
websocket-server-56c97f4c7-6q5vs   19m   96Mi   
websocket-server-56c97f4c7-9kq69   3m    29Mi   
websocket-server-56c97f4c7-czffr   19m   27Mi   
websocket-server-56c97f4c7-slpb9   20m   42Mi   
websocket-server-56c97f4c7-t7zg4   18m   89Mi   
1781618387
websocket-server-56c97f4c7-6q5vs   18m   97Mi   
websocket-server-56c97f4c7-9kq69   3m    29Mi   
websocket-server-56c97f4c7-czffr   19m   27Mi   
websocket-server-56c97f4c7-slpb9   14m   42Mi   
websocket-server-56c97f4c7-t7zg4   13m   89Mi   
1781618392
websocket-server-56c97f4c7-6q5vs   18m   97Mi   
websocket-server-56c97f4c7-9kq69   3m    29Mi   
websocket-server-56c97f4c7-czffr   19m   27Mi   
websocket-server-56c97f4c7-slpb9   14m   42Mi   
websocket-server-56c97f4c7-t7zg4   13m   89Mi   
1781618397
websocket-server-56c97f4c7-6q5vs   18m   97Mi   
websocket-server-56c97f4c7-9kq69   3m    29Mi   
websocket-server-56c97f4c7-czffr   19m   27Mi   
websocket-server-56c97f4c7-slpb9   14m   42Mi   
websocket-server-56c97f4c7-t7zg4   13m   89Mi   
1781618402
websocket-server-56c97f4c7-6q5vs   18m   97Mi   
websocket-server-56c97f4c7-9kq69   3m    29Mi   
websocket-server-56c97f4c7-czffr   1m    27Mi   
websocket-server-56c97f4c7-slpb9   14m   42Mi   
websocket-server-56c97f4c7-t7zg4   6m    89Mi   
1781618407
websocket-server-56c97f4c7-6q5vs   18m   97Mi   
websocket-server-56c97f4c7-9kq69   3m    29Mi   
websocket-server-56c97f4c7-czffr   1m    27Mi   
websocket-server-56c97f4c7-slpb9   14m   42Mi   
websocket-server-56c97f4c7-t7zg4   6m    89Mi   
1781618412
websocket-server-56c97f4c7-6q5vs   7m    96Mi   
websocket-server-56c97f4c7-9kq69   2m    29Mi   
websocket-server-56c97f4c7-czffr   1m    27Mi   
websocket-server-56c97f4c7-slpb9   6m    42Mi   
websocket-server-56c97f4c7-t7zg4   6m    89Mi   
1781618417
websocket-server-56c97f4c7-6q5vs   7m    96Mi   
websocket-server-56c97f4c7-9kq69   2m    29Mi   
websocket-server-56c97f4c7-czffr   1m    27Mi   
websocket-server-56c97f4c7-slpb9   6m    42Mi   
websocket-server-56c97f4c7-t7zg4   6m    89Mi   
1781618422
websocket-server-56c97f4c7-6q5vs   7m    96Mi   
websocket-server-56c97f4c7-9kq69   2m    29Mi   
websocket-server-56c97f4c7-czffr   1m    27Mi   
websocket-server-56c97f4c7-slpb9   6m    42Mi   
websocket-server-56c97f4c7-t7zg4   6m    89Mi   
1781618427
websocket-server-56c97f4c7-6q5vs   7m    97Mi   
websocket-server-56c97f4c7-9kq69   2m    29Mi   
websocket-server-56c97f4c7-czffr   1m    27Mi   
websocket-server-56c97f4c7-slpb9   6m    42Mi   
websocket-server-56c97f4c7-t7zg4   6m    89Mi   
1781618432
websocket-server-56c97f4c7-6q5vs   7m    97Mi   
websocket-server-56c97f4c7-9kq69   2m    29Mi   
websocket-server-56c97f4c7-czffr   1m    27Mi   
websocket-server-56c97f4c7-slpb9   6m    42Mi   
websocket-server-56c97f4c7-t7zg4   6m    89Mi   
1781618437
websocket-server-56c97f4c7-6q5vs   7m    97Mi   
websocket-server-56c97f4c7-9kq69   2m    29Mi   
websocket-server-56c97f4c7-czffr   1m    27Mi   
websocket-server-56c97f4c7-slpb9   6m    42Mi   
websocket-server-56c97f4c7-t7zg4   6m    89Mi   
1781618443
websocket-server-56c97f4c7-6q5vs   13m   95Mi   
websocket-server-56c97f4c7-9kq69   2m    29Mi   
websocket-server-56c97f4c7-czffr   1m    27Mi   
websocket-server-56c97f4c7-slpb9   10m   41Mi   
websocket-server-56c97f4c7-t7zg4   6m    89Mi   
1781618448
websocket-server-56c97f4c7-6q5vs   13m   95Mi   
websocket-server-56c97f4c7-9kq69   2m    29Mi   
websocket-server-56c97f4c7-czffr   1m    27Mi   
websocket-server-56c97f4c7-slpb9   10m   41Mi   
websocket-server-56c97f4c7-t7zg4   6m    89Mi   
1781618453
websocket-server-56c97f4c7-6q5vs   13m   95Mi   
websocket-server-56c97f4c7-9kq69   2m    29Mi   
websocket-server-56c97f4c7-czffr   1m    27Mi   
websocket-server-56c97f4c7-slpb9   10m   41Mi   
websocket-server-56c97f4c7-t7zg4   6m    89Mi   
1781618458
websocket-server-56c97f4c7-6q5vs   1m    95Mi   
websocket-server-56c97f4c7-9kq69   2m    29Mi   
websocket-server-56c97f4c7-czffr   1m    27Mi   
websocket-server-56c97f4c7-slpb9   0m    41Mi   
websocket-server-56c97f4c7-t7zg4   4m    88Mi   
1781618463
websocket-server-56c97f4c7-6q5vs   1m    95Mi   
websocket-server-56c97f4c7-9kq69   2m    29Mi   
websocket-server-56c97f4c7-czffr   1m    27Mi   
websocket-server-56c97f4c7-slpb9   0m    41Mi   
websocket-server-56c97f4c7-t7zg4   4m    88Mi   
1781618468
websocket-server-56c97f4c7-6q5vs   1m    95Mi   
websocket-server-56c97f4c7-9kq69   2m    29Mi   
websocket-server-56c97f4c7-czffr   1m    27Mi   
websocket-server-56c97f4c7-slpb9   0m    41Mi   
websocket-server-56c97f4c7-t7zg4   4m    88Mi   
1781618473
websocket-server-56c97f4c7-6q5vs   1m    95Mi   
websocket-server-56c97f4c7-9kq69   1m    29Mi   
websocket-server-56c97f4c7-czffr   1m    27Mi   
websocket-server-56c97f4c7-slpb9   1m    41Mi   
websocket-server-56c97f4c7-t7zg4   4m    88Mi   
1781618478
websocket-server-56c97f4c7-6q5vs   1m    95Mi   
websocket-server-56c97f4c7-9kq69   1m    29Mi   
websocket-server-56c97f4c7-czffr   1m    27Mi   
websocket-server-56c97f4c7-slpb9   1m    41Mi   
websocket-server-56c97f4c7-t7zg4   4m    88Mi   
1781618483
websocket-server-56c97f4c7-6q5vs   1m    95Mi   
websocket-server-56c97f4c7-9kq69   1m    29Mi   
websocket-server-56c97f4c7-czffr   1m    27Mi   
websocket-server-56c97f4c7-slpb9   1m    41Mi   
websocket-server-56c97f4c7-t7zg4   4m    88Mi   
1781618488
websocket-server-56c97f4c7-6q5vs   1m    95Mi   
websocket-server-56c97f4c7-9kq69   1m    29Mi   
websocket-server-56c97f4c7-czffr   1m    27Mi   
websocket-server-56c97f4c7-slpb9   1m    41Mi   
websocket-server-56c97f4c7-t7zg4   1m    88Mi   
1781618493
websocket-server-56c97f4c7-6q5vs   1m    95Mi   
websocket-server-56c97f4c7-9kq69   1m    29Mi   
websocket-server-56c97f4c7-czffr   1m    27Mi   
websocket-server-56c97f4c7-slpb9   1m    41Mi   
websocket-server-56c97f4c7-t7zg4   1m    88Mi   
1781618498
websocket-server-56c97f4c7-6q5vs   1m    95Mi   
websocket-server-56c97f4c7-9kq69   1m    29Mi   
websocket-server-56c97f4c7-czffr   1m    27Mi   
websocket-server-56c97f4c7-slpb9   1m    41Mi   
websocket-server-56c97f4c7-t7zg4   1m    88Mi   
1781618503
websocket-server-56c97f4c7-6q5vs   1m    95Mi   
websocket-server-56c97f4c7-9kq69   1m    29Mi   
websocket-server-56c97f4c7-czffr   1m    27Mi   
websocket-server-56c97f4c7-slpb9   1m    41Mi   
websocket-server-56c97f4c7-t7zg4   0m    88Mi   
1781618508
websocket-server-56c97f4c7-6q5vs   1m    95Mi   
websocket-server-56c97f4c7-9kq69   1m    29Mi   
websocket-server-56c97f4c7-czffr   1m    27Mi   
websocket-server-56c97f4c7-slpb9   1m    41Mi   
websocket-server-56c97f4c7-t7zg4   0m    88Mi   
1781618513
websocket-server-56c97f4c7-6q5vs   1m    95Mi   
websocket-server-56c97f4c7-9kq69   1m    29Mi   
websocket-server-56c97f4c7-czffr   1m    27Mi   
websocket-server-56c97f4c7-slpb9   1m    41Mi   
websocket-server-56c97f4c7-t7zg4   0m    88Mi   
1781618518
websocket-server-56c97f4c7-6q5vs   1m    95Mi   
websocket-server-56c97f4c7-9kq69   1m    29Mi   
websocket-server-56c97f4c7-slpb9   1m    41Mi   
websocket-server-56c97f4c7-t7zg4   0m    88Mi   
1781618523
websocket-server-56c97f4c7-6q5vs   1m    95Mi   
websocket-server-56c97f4c7-9kq69   1m    29Mi   
websocket-server-56c97f4c7-slpb9   1m    41Mi   
websocket-server-56c97f4c7-t7zg4   0m    88Mi   
1781618528
websocket-server-56c97f4c7-6q5vs   1m    95Mi   
websocket-server-56c97f4c7-9kq69   1m    29Mi   
websocket-server-56c97f4c7-slpb9   1m    41Mi   
websocket-server-56c97f4c7-t7zg4   0m    88Mi   
1781618534
websocket-server-56c97f4c7-6q5vs   0m    95Mi   
websocket-server-56c97f4c7-9kq69   1m    29Mi   
websocket-server-56c97f4c7-slpb9   1m    41Mi   
websocket-server-56c97f4c7-t7zg4   1m    88Mi   
1781618539
websocket-server-56c97f4c7-6q5vs   0m    95Mi   
websocket-server-56c97f4c7-9kq69   1m    29Mi   
websocket-server-56c97f4c7-slpb9   1m    41Mi   
websocket-server-56c97f4c7-t7zg4   1m    88Mi   
1781618544
websocket-server-56c97f4c7-6q5vs   0m    95Mi   
websocket-server-56c97f4c7-9kq69   1m    29Mi   
websocket-server-56c97f4c7-slpb9   1m    41Mi   
websocket-server-56c97f4c7-t7zg4   1m    88Mi   
1781618549
websocket-server-56c97f4c7-6q5vs   0m    95Mi   
websocket-server-56c97f4c7-9kq69   1m    29Mi   
websocket-server-56c97f4c7-slpb9   0m    41Mi   
websocket-server-56c97f4c7-t7zg4   1m    88Mi   
1781618554
websocket-server-56c97f4c7-6q5vs   0m    95Mi   
websocket-server-56c97f4c7-9kq69   1m    29Mi   
websocket-server-56c97f4c7-slpb9   0m    41Mi   
websocket-server-56c97f4c7-t7zg4   1m    88Mi   
1781618559
websocket-server-56c97f4c7-6q5vs   0m    95Mi   
websocket-server-56c97f4c7-9kq69   1m    29Mi   
websocket-server-56c97f4c7-slpb9   0m    41Mi   
websocket-server-56c97f4c7-t7zg4   1m    88Mi   
1781618564
websocket-server-56c97f4c7-6q5vs   1m    95Mi   
websocket-server-56c97f4c7-9kq69   1m    29Mi   
websocket-server-56c97f4c7-slpb9   0m    41Mi   
websocket-server-56c97f4c7-t7zg4   1m    88Mi   
1781618569
websocket-server-56c97f4c7-6q5vs   1m    95Mi   
websocket-server-56c97f4c7-9kq69   1m    29Mi   
websocket-server-56c97f4c7-slpb9   0m    41Mi   
websocket-server-56c97f4c7-t7zg4   1m    88Mi   
1781618574
websocket-server-56c97f4c7-6q5vs   1m    95Mi   
websocket-server-56c97f4c7-9kq69   1m    29Mi   
websocket-server-56c97f4c7-slpb9   0m    41Mi   
websocket-server-56c97f4c7-t7zg4   1m    88Mi   
1781618579
websocket-server-56c97f4c7-6q5vs   0m    95Mi   
websocket-server-56c97f4c7-9kq69   0m    29Mi   
websocket-server-56c97f4c7-slpb9   1m    41Mi   
websocket-server-56c97f4c7-t7zg4   1m    88Mi   
1781618584
websocket-server-56c97f4c7-6q5vs   0m    95Mi   
websocket-server-56c97f4c7-9kq69   0m    29Mi   
websocket-server-56c97f4c7-slpb9   1m    41Mi   
websocket-server-56c97f4c7-t7zg4   1m    88Mi   
1781618589
websocket-server-56c97f4c7-6q5vs   0m    95Mi   
websocket-server-56c97f4c7-t7zg4   1m    88Mi   
1781618594
websocket-server-56c97f4c7-6q5vs   0m    95Mi   
websocket-server-56c97f4c7-t7zg4   1m    88Mi   
1781618599
websocket-server-56c97f4c7-6q5vs   0m    95Mi   
websocket-server-56c97f4c7-t7zg4   1m    88Mi   
