1781617998,2
1781618003,2
1781618008,2
1781618013,2
1781618018,2
1781618023,2
1781618028,2
1781618033,2
1781618038,2
1781618043,2
1781618048,2
1781618053,2
1781618058,2
1781618063,2
1781618069,3
1781618074,3
1781618079,3
1781618084,3
1781618089,3
1781618094,3
1781618099,4
1781618104,4
1781618109,4
1781618114,4
1781618119,4
1781618124,4
1781618129,4
1781618134,4
1781618139,4
1781618144,4
1781618149,4
1781618154,4
1781618160,4
1781618165,4
1781618170,4
1781618175,4
1781618180,4
1781618185,4
1781618190,4
1781618195,4
1781618200,4
1781618205,4
1781618210,4
1781618215,4
1781618220,4
1781618225,4
1781618230,4
1781618235,4
1781618240,4
1781618245,4
1781618250,4
1781618256,4
1781618261,4
1781618266,4
1781618271,4
1781618276,4
1781618281,4
1781618286,4
1781618291,4
1781618296,4
1781618301,4
1781618306,4
1781618311,4
1781618316,3
1781618321,3
1781618326,3
1781618331,3
1781618336,3
1781618341,4
1781618346,4
1781618351,4
1781618357,5
1781618362,5
1781618367,5
1781618372,5
1781618377,5
1781618382,5
1781618387,5
1781618392,5
1781618397,5
1781618402,5
1781618407,5
1781618412,5
1781618417,5
1781618422,5
1781618427,5
1781618432,5
1781618437,5
1781618443,5
1781618448,5
1781618453,5
1781618458,5
1781618463,5
1781618468,5
1781618473,5
1781618478,5
1781618483,5
1781618488,4
1781618493,4
1781618498,4
1781618503,4
1781618508,4
1781618513,4
1781618518,4
1781618523,4
1781618528,4
1781618534,4
1781618539,4
1781618544,4
1781618549,4
1781618554,4
1781618559,2
1781618564,2
1781618569,2
1781618574,2
1781618579,2
1781618584,2
1781618589,2
1781618594,2
1781618599,2
