1781609515
websocket-server-56c97f4c7-6q5vs   1m    68Mi   
websocket-server-56c97f4c7-t7zg4   1m    57Mi   
1781609520
websocket-server-56c97f4c7-6q5vs   1m    68Mi   
websocket-server-56c97f4c7-t7zg4   1m    57Mi   
1781609526
websocket-server-56c97f4c7-6q5vs   1m    68Mi   
websocket-server-56c97f4c7-t7zg4   1m    57Mi   
1781609531
websocket-server-56c97f4c7-6q5vs   1m    68Mi   
websocket-server-56c97f4c7-t7zg4   1m    57Mi   
1781609536
websocket-server-56c97f4c7-6q5vs   1m    68Mi   
websocket-server-56c97f4c7-t7zg4   1m    57Mi   
1781609541
websocket-server-56c97f4c7-6q5vs   1m    68Mi   
websocket-server-56c97f4c7-t7zg4   1m    57Mi   
1781609546
websocket-server-56c97f4c7-6q5vs   1m    68Mi   
websocket-server-56c97f4c7-t7zg4   1m    57Mi   
1781609551
websocket-server-56c97f4c7-6q5vs   1m    68Mi   
websocket-server-56c97f4c7-t7zg4   2m    58Mi   
1781609556
websocket-server-56c97f4c7-6q5vs   1m    68Mi   
websocket-server-56c97f4c7-t7zg4   2m    58Mi   
1781609561
websocket-server-56c97f4c7-6q5vs   1m    68Mi   
websocket-server-56c97f4c7-t7zg4   2m    58Mi   
1781609566
websocket-server-56c97f4c7-6q5vs   9m    71Mi   
websocket-server-56c97f4c7-t7zg4   8m    60Mi   
1781609571
websocket-server-56c97f4c7-6q5vs   9m    71Mi   
websocket-server-56c97f4c7-t7zg4   8m    60Mi   
1781609576
websocket-server-56c97f4c7-6q5vs   9m    71Mi   
websocket-server-56c97f4c7-t7zg4   8m    60Mi   
1781609581
websocket-server-56c97f4c7-6q5vs   13m   75Mi   
websocket-server-56c97f4c7-t7zg4   13m   63Mi   
websocket-server-56c97f4c7-zljt6   24m   29Mi   
1781609586
websocket-server-56c97f4c7-6q5vs   13m   75Mi   
websocket-server-56c97f4c7-t7zg4   13m   63Mi   
websocket-server-56c97f4c7-zljt6   24m   29Mi   
1781609591
websocket-server-56c97f4c7-6q5vs   13m   75Mi   
websocket-server-56c97f4c7-t7zg4   13m   63Mi   
websocket-server-56c97f4c7-zljt6   24m   29Mi   
1781609596
websocket-server-56c97f4c7-6q5vs   16m   77Mi   
websocket-server-56c97f4c7-7nshn   22m   29Mi   
websocket-server-56c97f4c7-t7zg4   16m   65Mi   
websocket-server-56c97f4c7-zljt6   22m   30Mi   
1781609601
websocket-server-56c97f4c7-6q5vs   16m   77Mi   
websocket-server-56c97f4c7-7nshn   22m   29Mi   
websocket-server-56c97f4c7-t7zg4   16m   65Mi   
websocket-server-56c97f4c7-zljt6   22m   30Mi   
1781609606
websocket-server-56c97f4c7-6q5vs   16m   77Mi   
websocket-server-56c97f4c7-7nshn   22m   29Mi   
websocket-server-56c97f4c7-t7zg4   16m   65Mi   
websocket-server-56c97f4c7-zljt6   22m   30Mi   
1781609611
websocket-server-56c97f4c7-4n9kq   23m   28Mi   
websocket-server-56c97f4c7-6q5vs   16m   80Mi   
websocket-server-56c97f4c7-7nshn   5m    30Mi   
websocket-server-56c97f4c7-t7zg4   16m   67Mi   
websocket-server-56c97f4c7-zljt6   7m    32Mi   
1781609617
websocket-server-56c97f4c7-4n9kq   23m   28Mi   
websocket-server-56c97f4c7-6q5vs   16m   80Mi   
websocket-server-56c97f4c7-7nshn   5m    30Mi   
websocket-server-56c97f4c7-t7zg4   16m   67Mi   
websocket-server-56c97f4c7-zljt6   7m    32Mi   
1781609622
websocket-server-56c97f4c7-4n9kq   23m   28Mi   
websocket-server-56c97f4c7-6q5vs   16m   80Mi   
websocket-server-56c97f4c7-7nshn   5m    30Mi   
websocket-server-56c97f4c7-t7zg4   16m   67Mi   
websocket-server-56c97f4c7-zljt6   7m    32Mi   
1781609627
websocket-server-56c97f4c7-4n9kq   4m    29Mi   
websocket-server-56c97f4c7-6q5vs   16m   80Mi   
websocket-server-56c97f4c7-7nshn   6m    31Mi   
websocket-server-56c97f4c7-fm4lt   19m   28Mi   
websocket-server-56c97f4c7-sh5xj   3m    28Mi   
websocket-server-56c97f4c7-t7zg4   17m   68Mi   
websocket-server-56c97f4c7-zljt6   8m    33Mi   
1781609632
websocket-server-56c97f4c7-4n9kq   4m    29Mi   
websocket-server-56c97f4c7-6q5vs   16m   80Mi   
websocket-server-56c97f4c7-7nshn   6m    31Mi   
websocket-server-56c97f4c7-fm4lt   19m   28Mi   
websocket-server-56c97f4c7-sh5xj   3m    28Mi   
websocket-server-56c97f4c7-t7zg4   17m   68Mi   
websocket-server-56c97f4c7-zljt6   8m    33Mi   
1781609637
websocket-server-56c97f4c7-4n9kq   4m    29Mi   
websocket-server-56c97f4c7-6q5vs   16m   80Mi   
websocket-server-56c97f4c7-7nshn   6m    31Mi   
websocket-server-56c97f4c7-fm4lt   19m   28Mi   
websocket-server-56c97f4c7-sh5xj   3m    28Mi   
websocket-server-56c97f4c7-t7zg4   17m   68Mi   
websocket-server-56c97f4c7-zljt6   8m    33Mi   
1781609642
websocket-server-56c97f4c7-4gvcl   18m   27Mi   
websocket-server-56c97f4c7-4n9kq   5m    30Mi   
websocket-server-56c97f4c7-6q5vs   17m   81Mi   
websocket-server-56c97f4c7-7nshn   5m    31Mi   
websocket-server-56c97f4c7-fm4lt   2m    28Mi   
websocket-server-56c97f4c7-sh5xj   3m    28Mi   
websocket-server-56c97f4c7-t7zg4   17m   68Mi   
websocket-server-56c97f4c7-zljt6   9m    35Mi   
1781609647
websocket-server-56c97f4c7-4gvcl   18m   27Mi   
websocket-server-56c97f4c7-4n9kq   5m    30Mi   
websocket-server-56c97f4c7-6q5vs   17m   81Mi   
websocket-server-56c97f4c7-7nshn   5m    31Mi   
websocket-server-56c97f4c7-fm4lt   2m    28Mi   
websocket-server-56c97f4c7-sh5xj   3m    28Mi   
websocket-server-56c97f4c7-t7zg4   17m   68Mi   
websocket-server-56c97f4c7-zljt6   9m    35Mi   
1781609652
websocket-server-56c97f4c7-4gvcl   18m   27Mi   
websocket-server-56c97f4c7-4n9kq   5m    30Mi   
websocket-server-56c97f4c7-6q5vs   17m   81Mi   
websocket-server-56c97f4c7-7nshn   5m    31Mi   
websocket-server-56c97f4c7-fm4lt   2m    28Mi   
websocket-server-56c97f4c7-sh5xj   3m    28Mi   
websocket-server-56c97f4c7-t7zg4   17m   68Mi   
websocket-server-56c97f4c7-zljt6   9m    35Mi   
1781609657
websocket-server-56c97f4c7-4gvcl   1m    27Mi   
websocket-server-56c97f4c7-4n9kq   4m    30Mi   
websocket-server-56c97f4c7-6q5vs   18m   81Mi   
websocket-server-56c97f4c7-7nshn   6m    31Mi   
websocket-server-56c97f4c7-fm4lt   2m    28Mi   
websocket-server-56c97f4c7-sh5xj   3m    29Mi   
websocket-server-56c97f4c7-t7zg4   17m   68Mi   
websocket-server-56c97f4c7-zljt6   9m    34Mi   
1781609662
websocket-server-56c97f4c7-4gvcl   1m    27Mi   
websocket-server-56c97f4c7-4n9kq   4m    30Mi   
websocket-server-56c97f4c7-6q5vs   18m   81Mi   
websocket-server-56c97f4c7-7nshn   6m    31Mi   
websocket-server-56c97f4c7-fm4lt   2m    28Mi   
websocket-server-56c97f4c7-sh5xj   3m    29Mi   
websocket-server-56c97f4c7-t7zg4   17m   68Mi   
websocket-server-56c97f4c7-zljt6   9m    34Mi   
1781609667
websocket-server-56c97f4c7-4gvcl   1m    27Mi   
websocket-server-56c97f4c7-4n9kq   2m    30Mi   
websocket-server-56c97f4c7-6q5vs   10m   80Mi   
websocket-server-56c97f4c7-7nshn   4m    31Mi   
websocket-server-56c97f4c7-fm4lt   1m    28Mi   
websocket-server-56c97f4c7-sh5xj   1m    28Mi   
websocket-server-56c97f4c7-t7zg4   7m    68Mi   
websocket-server-56c97f4c7-zljt6   4m    34Mi   
1781609672
websocket-server-56c97f4c7-4gvcl   1m    27Mi   
websocket-server-56c97f4c7-4n9kq   2m    30Mi   
websocket-server-56c97f4c7-6q5vs   10m   80Mi   
websocket-server-56c97f4c7-7nshn   4m    31Mi   
websocket-server-56c97f4c7-fm4lt   1m    28Mi   
websocket-server-56c97f4c7-sh5xj   1m    28Mi   
websocket-server-56c97f4c7-t7zg4   7m    68Mi   
websocket-server-56c97f4c7-zljt6   4m    34Mi   
1781609677
websocket-server-56c97f4c7-4gvcl   1m    27Mi   
websocket-server-56c97f4c7-4n9kq   2m    30Mi   
websocket-server-56c97f4c7-6q5vs   10m   80Mi   
websocket-server-56c97f4c7-7nshn   4m    31Mi   
websocket-server-56c97f4c7-fm4lt   1m    28Mi   
websocket-server-56c97f4c7-sh5xj   1m    28Mi   
websocket-server-56c97f4c7-t7zg4   7m    68Mi   
websocket-server-56c97f4c7-zljt6   4m    34Mi   
1781609682
websocket-server-56c97f4c7-4gvcl   1m    27Mi   
websocket-server-56c97f4c7-4n9kq   2m    30Mi   
websocket-server-56c97f4c7-6q5vs   6m    81Mi   
websocket-server-56c97f4c7-7nshn   2m    31Mi   
websocket-server-56c97f4c7-fm4lt   1m    28Mi   
websocket-server-56c97f4c7-sh5xj   1m    28Mi   
websocket-server-56c97f4c7-t7zg4   6m    68Mi   
websocket-server-56c97f4c7-zljt6   4m    34Mi   
1781609687
websocket-server-56c97f4c7-4gvcl   1m    27Mi   
websocket-server-56c97f4c7-4n9kq   2m    30Mi   
websocket-server-56c97f4c7-6q5vs   6m    81Mi   
websocket-server-56c97f4c7-7nshn   2m    31Mi   
websocket-server-56c97f4c7-fm4lt   1m    28Mi   
websocket-server-56c97f4c7-sh5xj   1m    28Mi   
websocket-server-56c97f4c7-t7zg4   6m    68Mi   
websocket-server-56c97f4c7-zljt6   4m    34Mi   
1781609692
websocket-server-56c97f4c7-4gvcl   1m    27Mi   
websocket-server-56c97f4c7-4n9kq   2m    30Mi   
websocket-server-56c97f4c7-6q5vs   6m    81Mi   
websocket-server-56c97f4c7-7nshn   2m    31Mi   
websocket-server-56c97f4c7-fm4lt   1m    28Mi   
websocket-server-56c97f4c7-sh5xj   1m    28Mi   
websocket-server-56c97f4c7-t7zg4   6m    68Mi   
websocket-server-56c97f4c7-zljt6   4m    34Mi   
1781609697
websocket-server-56c97f4c7-4gvcl   1m    27Mi   
websocket-server-56c97f4c7-4n9kq   2m    30Mi   
websocket-server-56c97f4c7-6q5vs   6m    80Mi   
websocket-server-56c97f4c7-7nshn   2m    31Mi   
websocket-server-56c97f4c7-fm4lt   1m    28Mi   
websocket-server-56c97f4c7-sh5xj   1m    28Mi   
websocket-server-56c97f4c7-t7zg4   6m    68Mi   
websocket-server-56c97f4c7-zljt6   3m    34Mi   
1781609702
websocket-server-56c97f4c7-4gvcl   1m    27Mi   
websocket-server-56c97f4c7-4n9kq   2m    30Mi   
websocket-server-56c97f4c7-6q5vs   6m    80Mi   
websocket-server-56c97f4c7-7nshn   2m    31Mi   
websocket-server-56c97f4c7-fm4lt   1m    28Mi   
websocket-server-56c97f4c7-sh5xj   1m    28Mi   
websocket-server-56c97f4c7-t7zg4   6m    68Mi   
websocket-server-56c97f4c7-zljt6   3m    34Mi   
1781609707
websocket-server-56c97f4c7-4gvcl   1m    27Mi   
websocket-server-56c97f4c7-4n9kq   2m    30Mi   
websocket-server-56c97f4c7-6q5vs   6m    80Mi   
websocket-server-56c97f4c7-7nshn   2m    31Mi   
websocket-server-56c97f4c7-fm4lt   1m    28Mi   
websocket-server-56c97f4c7-sh5xj   1m    28Mi   
websocket-server-56c97f4c7-t7zg4   6m    68Mi   
websocket-server-56c97f4c7-zljt6   3m    34Mi   
1781609713
websocket-server-56c97f4c7-4gvcl   1m    27Mi   
websocket-server-56c97f4c7-4n9kq   2m    30Mi   
websocket-server-56c97f4c7-6q5vs   7m    80Mi   
websocket-server-56c97f4c7-7nshn   2m    31Mi   
websocket-server-56c97f4c7-fm4lt   1m    28Mi   
websocket-server-56c97f4c7-sh5xj   1m    28Mi   
websocket-server-56c97f4c7-t7zg4   6m    68Mi   
websocket-server-56c97f4c7-zljt6   3m    34Mi   
1781609718
websocket-server-56c97f4c7-4gvcl   1m    27Mi   
websocket-server-56c97f4c7-4n9kq   2m    30Mi   
websocket-server-56c97f4c7-6q5vs   7m    80Mi   
websocket-server-56c97f4c7-7nshn   2m    31Mi   
websocket-server-56c97f4c7-fm4lt   1m    28Mi   
websocket-server-56c97f4c7-sh5xj   1m    28Mi   
websocket-server-56c97f4c7-t7zg4   6m    68Mi   
websocket-server-56c97f4c7-zljt6   3m    34Mi   
1781609723
websocket-server-56c97f4c7-4gvcl   1m    27Mi   
websocket-server-56c97f4c7-4n9kq   2m    30Mi   
websocket-server-56c97f4c7-6q5vs   7m    80Mi   
websocket-server-56c97f4c7-7nshn   2m    31Mi   
websocket-server-56c97f4c7-fm4lt   1m    28Mi   
websocket-server-56c97f4c7-sh5xj   1m    28Mi   
websocket-server-56c97f4c7-t7zg4   6m    68Mi   
websocket-server-56c97f4c7-zljt6   3m    34Mi   
1781609728
websocket-server-56c97f4c7-4gvcl   1m    27Mi   
websocket-server-56c97f4c7-4n9kq   3m    30Mi   
websocket-server-56c97f4c7-6q5vs   13m   79Mi   
websocket-server-56c97f4c7-7nshn   4m    31Mi   
websocket-server-56c97f4c7-fm4lt   1m    28Mi   
websocket-server-56c97f4c7-sh5xj   1m    28Mi   
websocket-server-56c97f4c7-t7zg4   6m    67Mi   
websocket-server-56c97f4c7-zljt6   7m    34Mi   
1781609733
websocket-server-56c97f4c7-4gvcl   1m    27Mi   
websocket-server-56c97f4c7-4n9kq   3m    30Mi   
websocket-server-56c97f4c7-6q5vs   13m   79Mi   
websocket-server-56c97f4c7-7nshn   4m    31Mi   
websocket-server-56c97f4c7-fm4lt   1m    28Mi   
websocket-server-56c97f4c7-sh5xj   1m    28Mi   
websocket-server-56c97f4c7-t7zg4   6m    67Mi   
websocket-server-56c97f4c7-zljt6   7m    34Mi   
1781609738
websocket-server-56c97f4c7-4gvcl   1m    27Mi   
websocket-server-56c97f4c7-4n9kq   3m    30Mi   
websocket-server-56c97f4c7-6q5vs   13m   79Mi   
websocket-server-56c97f4c7-7nshn   4m    31Mi   
websocket-server-56c97f4c7-fm4lt   1m    28Mi   
websocket-server-56c97f4c7-sh5xj   1m    28Mi   
websocket-server-56c97f4c7-t7zg4   6m    67Mi   
websocket-server-56c97f4c7-zljt6   7m    34Mi   
1781609743
websocket-server-56c97f4c7-4gvcl   1m    28Mi   
websocket-server-56c97f4c7-4n9kq   1m    30Mi   
websocket-server-56c97f4c7-6q5vs   1m    79Mi   
websocket-server-56c97f4c7-7nshn   1m    31Mi   
websocket-server-56c97f4c7-fm4lt   1m    28Mi   
websocket-server-56c97f4c7-sh5xj   1m    29Mi   
websocket-server-56c97f4c7-t7zg4   0m    67Mi   
websocket-server-56c97f4c7-zljt6   1m    34Mi   
1781609748
websocket-server-56c97f4c7-4gvcl   1m    28Mi   
websocket-server-56c97f4c7-4n9kq   1m    30Mi   
websocket-server-56c97f4c7-6q5vs   1m    79Mi   
websocket-server-56c97f4c7-7nshn   1m    31Mi   
websocket-server-56c97f4c7-fm4lt   1m    28Mi   
websocket-server-56c97f4c7-sh5xj   1m    29Mi   
websocket-server-56c97f4c7-t7zg4   0m    67Mi   
websocket-server-56c97f4c7-zljt6   1m    34Mi   
1781609753
websocket-server-56c97f4c7-4gvcl   1m    28Mi   
websocket-server-56c97f4c7-4n9kq   1m    30Mi   
websocket-server-56c97f4c7-6q5vs   1m    79Mi   
websocket-server-56c97f4c7-7nshn   1m    31Mi   
websocket-server-56c97f4c7-fm4lt   1m    28Mi   
websocket-server-56c97f4c7-sh5xj   1m    29Mi   
websocket-server-56c97f4c7-t7zg4   0m    67Mi   
websocket-server-56c97f4c7-zljt6   1m    34Mi   
1781609758
websocket-server-56c97f4c7-4gvcl   1m    28Mi   
websocket-server-56c97f4c7-4n9kq   1m    30Mi   
websocket-server-56c97f4c7-6q5vs   1m    80Mi   
websocket-server-56c97f4c7-7nshn   1m    32Mi   
websocket-server-56c97f4c7-fm4lt   2m    29Mi   
websocket-server-56c97f4c7-sh5xj   2m    29Mi   
websocket-server-56c97f4c7-t7zg4   0m    67Mi   
websocket-server-56c97f4c7-zljt6   1m    34Mi   
1781609763
websocket-server-56c97f4c7-4gvcl   1m    28Mi   
websocket-server-56c97f4c7-4n9kq   1m    30Mi   
websocket-server-56c97f4c7-6q5vs   1m    80Mi   
websocket-server-56c97f4c7-7nshn   1m    32Mi   
websocket-server-56c97f4c7-fm4lt   2m    29Mi   
websocket-server-56c97f4c7-sh5xj   2m    29Mi   
websocket-server-56c97f4c7-t7zg4   0m    67Mi   
websocket-server-56c97f4c7-zljt6   1m    34Mi   
1781609768
websocket-server-56c97f4c7-4gvcl   1m    28Mi   
websocket-server-56c97f4c7-4n9kq   1m    30Mi   
websocket-server-56c97f4c7-6q5vs   1m    80Mi   
websocket-server-56c97f4c7-7nshn   1m    32Mi   
websocket-server-56c97f4c7-fm4lt   2m    29Mi   
websocket-server-56c97f4c7-sh5xj   2m    29Mi   
websocket-server-56c97f4c7-t7zg4   0m    67Mi   
websocket-server-56c97f4c7-zljt6   1m    34Mi   
1781609773
websocket-server-56c97f4c7-4gvcl   1m    28Mi   
websocket-server-56c97f4c7-4n9kq   2m    31Mi   
websocket-server-56c97f4c7-6q5vs   2m    80Mi   
websocket-server-56c97f4c7-7nshn   4m    32Mi   
websocket-server-56c97f4c7-fm4lt   4m    30Mi   
websocket-server-56c97f4c7-sh5xj   3m    30Mi   
websocket-server-56c97f4c7-t7zg4   2m    68Mi   
websocket-server-56c97f4c7-zljt6   3m    35Mi   
1781609778
websocket-server-56c97f4c7-4gvcl   1m    28Mi   
websocket-server-56c97f4c7-4n9kq   2m    31Mi   
websocket-server-56c97f4c7-6q5vs   2m    80Mi   
websocket-server-56c97f4c7-7nshn   4m    32Mi   
websocket-server-56c97f4c7-fm4lt   4m    30Mi   
websocket-server-56c97f4c7-sh5xj   3m    30Mi   
websocket-server-56c97f4c7-t7zg4   2m    68Mi   
websocket-server-56c97f4c7-zljt6   3m    35Mi   
1781609783
websocket-server-56c97f4c7-4gvcl   1m    28Mi   
websocket-server-56c97f4c7-4n9kq   2m    31Mi   
websocket-server-56c97f4c7-6q5vs   2m    80Mi   
websocket-server-56c97f4c7-7nshn   4m    32Mi   
websocket-server-56c97f4c7-fm4lt   4m    30Mi   
websocket-server-56c97f4c7-sh5xj   3m    30Mi   
websocket-server-56c97f4c7-t7zg4   2m    68Mi   
websocket-server-56c97f4c7-zljt6   3m    35Mi   
1781609788
websocket-server-56c97f4c7-4gvcl   3m    29Mi   
websocket-server-56c97f4c7-4n9kq   4m    32Mi   
websocket-server-56c97f4c7-6q5vs   4m    81Mi   
websocket-server-56c97f4c7-7nshn   4m    32Mi   
websocket-server-56c97f4c7-fm4lt   4m    31Mi   
websocket-server-56c97f4c7-sh5xj   3m    30Mi   
websocket-server-56c97f4c7-t7zg4   4m    69Mi   
websocket-server-56c97f4c7-zljt6   5m    37Mi   
1781609793
websocket-server-56c97f4c7-4gvcl   3m    29Mi   
websocket-server-56c97f4c7-4n9kq   4m    32Mi   
websocket-server-56c97f4c7-6q5vs   4m    81Mi   
websocket-server-56c97f4c7-7nshn   4m    32Mi   
websocket-server-56c97f4c7-fm4lt   4m    31Mi   
websocket-server-56c97f4c7-sh5xj   3m    30Mi   
websocket-server-56c97f4c7-t7zg4   4m    69Mi   
websocket-server-56c97f4c7-zljt6   5m    37Mi   
1781609798
websocket-server-56c97f4c7-4gvcl   3m    29Mi   
websocket-server-56c97f4c7-4n9kq   4m    32Mi   
websocket-server-56c97f4c7-6q5vs   4m    81Mi   
websocket-server-56c97f4c7-7nshn   4m    32Mi   
websocket-server-56c97f4c7-fm4lt   4m    31Mi   
websocket-server-56c97f4c7-sh5xj   3m    30Mi   
websocket-server-56c97f4c7-t7zg4   4m    69Mi   
websocket-server-56c97f4c7-zljt6   5m    37Mi   
1781609804
websocket-server-56c97f4c7-4gvcl   3m    29Mi   
websocket-server-56c97f4c7-4n9kq   7m    32Mi   
websocket-server-56c97f4c7-6q5vs   6m    83Mi   
websocket-server-56c97f4c7-7nshn   4m    32Mi   
websocket-server-56c97f4c7-fm4lt   4m    31Mi   
websocket-server-56c97f4c7-sh5xj   4m    31Mi   
websocket-server-56c97f4c7-t7zg4   7m    70Mi   
websocket-server-56c97f4c7-zljt6   7m    37Mi   
1781609809
websocket-server-56c97f4c7-4n9kq   7m    32Mi   
websocket-server-56c97f4c7-6q5vs   6m    83Mi   
websocket-server-56c97f4c7-fm4lt   4m    31Mi   
websocket-server-56c97f4c7-sh5xj   4m    31Mi   
websocket-server-56c97f4c7-t7zg4   7m    70Mi   
websocket-server-56c97f4c7-zljt6   7m    37Mi   
1781609814
websocket-server-56c97f4c7-4n9kq   7m    32Mi   
websocket-server-56c97f4c7-6q5vs   6m    83Mi   
websocket-server-56c97f4c7-t7zg4   7m    70Mi   
websocket-server-56c97f4c7-zljt6   7m    37Mi   
1781609819
websocket-server-56c97f4c7-4n9kq   8m    34Mi   
websocket-server-56c97f4c7-6q5vs   6m    83Mi   
websocket-server-56c97f4c7-r2wzx   22m   30Mi   
websocket-server-56c97f4c7-t7zg4   10m   73Mi   
websocket-server-56c97f4c7-zljt6   9m    39Mi   
1781609824
websocket-server-56c97f4c7-4n9kq   8m    34Mi   
websocket-server-56c97f4c7-6q5vs   6m    83Mi   
websocket-server-56c97f4c7-r2wzx   22m   30Mi   
websocket-server-56c97f4c7-t7zg4   10m   73Mi   
websocket-server-56c97f4c7-zljt6   9m    39Mi   
1781609829
websocket-server-56c97f4c7-4n9kq   8m    34Mi   
websocket-server-56c97f4c7-6q5vs   6m    83Mi   
websocket-server-56c97f4c7-r2wzx   22m   30Mi   
websocket-server-56c97f4c7-t7zg4   10m   73Mi   
websocket-server-56c97f4c7-zljt6   9m    39Mi   
1781609834
websocket-server-56c97f4c7-4n9kq   12m   37Mi   
websocket-server-56c97f4c7-6q5vs   12m   87Mi   
websocket-server-56c97f4c7-gpbrl   21m   29Mi   
websocket-server-56c97f4c7-r2wzx   7m    32Mi   
websocket-server-56c97f4c7-t7zg4   12m   74Mi   
websocket-server-56c97f4c7-x7nww   20m   28Mi   
websocket-server-56c97f4c7-zljt6   12m   41Mi   
1781609839
websocket-server-56c97f4c7-4n9kq   12m   37Mi   
websocket-server-56c97f4c7-6q5vs   12m   87Mi   
websocket-server-56c97f4c7-gpbrl   21m   29Mi   
websocket-server-56c97f4c7-r2wzx   7m    32Mi   
websocket-server-56c97f4c7-t7zg4   12m   74Mi   
websocket-server-56c97f4c7-x7nww   20m   28Mi   
websocket-server-56c97f4c7-zljt6   12m   41Mi   
1781609844
websocket-server-56c97f4c7-4n9kq   12m   37Mi   
websocket-server-56c97f4c7-6q5vs   12m   87Mi   
websocket-server-56c97f4c7-gpbrl   21m   29Mi   
websocket-server-56c97f4c7-r2wzx   7m    32Mi   
websocket-server-56c97f4c7-t7zg4   12m   74Mi   
websocket-server-56c97f4c7-x7nww   20m   28Mi   
websocket-server-56c97f4c7-zljt6   12m   41Mi   
1781609849
websocket-server-56c97f4c7-4n9kq   13m   38Mi   
websocket-server-56c97f4c7-6q5vs   12m   88Mi   
websocket-server-56c97f4c7-gpbrl   4m    29Mi   
websocket-server-56c97f4c7-qfzf8   1m    28Mi   
websocket-server-56c97f4c7-r2wzx   7m    32Mi   
websocket-server-56c97f4c7-t7zg4   13m   74Mi   
websocket-server-56c97f4c7-x7nww   1m    28Mi   
websocket-server-56c97f4c7-zljt6   12m   42Mi   
1781609854
websocket-server-56c97f4c7-4n9kq   13m   38Mi   
websocket-server-56c97f4c7-6q5vs   12m   88Mi   
websocket-server-56c97f4c7-gpbrl   4m    29Mi   
websocket-server-56c97f4c7-qfzf8   1m    28Mi   
websocket-server-56c97f4c7-r2wzx   7m    32Mi   
websocket-server-56c97f4c7-t7zg4   13m   74Mi   
websocket-server-56c97f4c7-x7nww   1m    28Mi   
websocket-server-56c97f4c7-zljt6   12m   42Mi   
1781609859
websocket-server-56c97f4c7-4n9kq   13m   38Mi   
websocket-server-56c97f4c7-6q5vs   12m   88Mi   
websocket-server-56c97f4c7-gpbrl   4m    29Mi   
websocket-server-56c97f4c7-qfzf8   1m    28Mi   
websocket-server-56c97f4c7-r2wzx   7m    32Mi   
websocket-server-56c97f4c7-t7zg4   13m   74Mi   
websocket-server-56c97f4c7-x7nww   1m    28Mi   
websocket-server-56c97f4c7-zljt6   12m   42Mi   
1781609864
websocket-server-56c97f4c7-4n9kq   12m   37Mi   
websocket-server-56c97f4c7-6q5vs   13m   87Mi   
websocket-server-56c97f4c7-gpbrl   4m    29Mi   
websocket-server-56c97f4c7-qfzf8   1m    28Mi   
websocket-server-56c97f4c7-r2wzx   7m    32Mi   
websocket-server-56c97f4c7-t7zg4   12m   74Mi   
websocket-server-56c97f4c7-x7nww   2m    28Mi   
websocket-server-56c97f4c7-zljt6   11m   41Mi   
1781609869
websocket-server-56c97f4c7-4n9kq   12m   37Mi   
websocket-server-56c97f4c7-6q5vs   13m   87Mi   
websocket-server-56c97f4c7-gpbrl   4m    29Mi   
websocket-server-56c97f4c7-qfzf8   1m    28Mi   
websocket-server-56c97f4c7-r2wzx   7m    32Mi   
websocket-server-56c97f4c7-t7zg4   12m   74Mi   
websocket-server-56c97f4c7-x7nww   2m    28Mi   
websocket-server-56c97f4c7-zljt6   11m   41Mi   
1781609874
websocket-server-56c97f4c7-4n9kq   12m   37Mi   
websocket-server-56c97f4c7-6q5vs   13m   87Mi   
websocket-server-56c97f4c7-gpbrl   4m    29Mi   
websocket-server-56c97f4c7-qfzf8   1m    28Mi   
websocket-server-56c97f4c7-r2wzx   7m    32Mi   
websocket-server-56c97f4c7-t7zg4   12m   74Mi   
websocket-server-56c97f4c7-x7nww   2m    28Mi   
websocket-server-56c97f4c7-zljt6   11m   41Mi   
1781609879
websocket-server-56c97f4c7-4n9kq   7m    37Mi   
websocket-server-56c97f4c7-6q5vs   8m    87Mi   
websocket-server-56c97f4c7-gpbrl   2m    29Mi   
websocket-server-56c97f4c7-qfzf8   1m    28Mi   
websocket-server-56c97f4c7-r2wzx   4m    31Mi   
websocket-server-56c97f4c7-t7zg4   5m    74Mi   
websocket-server-56c97f4c7-x7nww   1m    28Mi   
websocket-server-56c97f4c7-zljt6   8m    41Mi   
1781609884
websocket-server-56c97f4c7-4n9kq   7m    37Mi   
websocket-server-56c97f4c7-6q5vs   8m    87Mi   
websocket-server-56c97f4c7-gpbrl   2m    29Mi   
websocket-server-56c97f4c7-qfzf8   1m    28Mi   
websocket-server-56c97f4c7-r2wzx   4m    31Mi   
websocket-server-56c97f4c7-t7zg4   5m    74Mi   
websocket-server-56c97f4c7-x7nww   1m    28Mi   
websocket-server-56c97f4c7-zljt6   8m    41Mi   
1781609889
websocket-server-56c97f4c7-4n9kq   7m    37Mi   
websocket-server-56c97f4c7-6q5vs   8m    87Mi   
websocket-server-56c97f4c7-gpbrl   2m    29Mi   
websocket-server-56c97f4c7-qfzf8   1m    28Mi   
websocket-server-56c97f4c7-r2wzx   4m    31Mi   
websocket-server-56c97f4c7-t7zg4   5m    74Mi   
websocket-server-56c97f4c7-x7nww   1m    28Mi   
websocket-server-56c97f4c7-zljt6   8m    41Mi   
1781609894
websocket-server-56c97f4c7-4n9kq   4m    37Mi   
websocket-server-56c97f4c7-6q5vs   4m    87Mi   
websocket-server-56c97f4c7-gpbrl   1m    29Mi   
websocket-server-56c97f4c7-qfzf8   1m    28Mi   
websocket-server-56c97f4c7-r2wzx   2m    32Mi   
websocket-server-56c97f4c7-t7zg4   4m    74Mi   
websocket-server-56c97f4c7-x7nww   1m    28Mi   
websocket-server-56c97f4c7-zljt6   4m    41Mi   
1781609900
websocket-server-56c97f4c7-4n9kq   4m    37Mi   
websocket-server-56c97f4c7-6q5vs   4m    87Mi   
websocket-server-56c97f4c7-gpbrl   1m    29Mi   
websocket-server-56c97f4c7-qfzf8   1m    28Mi   
websocket-server-56c97f4c7-r2wzx   2m    32Mi   
websocket-server-56c97f4c7-t7zg4   4m    74Mi   
websocket-server-56c97f4c7-x7nww   1m    28Mi   
websocket-server-56c97f4c7-zljt6   4m    41Mi   
1781609905
websocket-server-56c97f4c7-4n9kq   4m    37Mi   
websocket-server-56c97f4c7-6q5vs   4m    87Mi   
websocket-server-56c97f4c7-gpbrl   1m    29Mi   
websocket-server-56c97f4c7-qfzf8   1m    28Mi   
websocket-server-56c97f4c7-r2wzx   2m    32Mi   
websocket-server-56c97f4c7-t7zg4   4m    74Mi   
websocket-server-56c97f4c7-x7nww   1m    28Mi   
websocket-server-56c97f4c7-zljt6   4m    41Mi   
1781609910
websocket-server-56c97f4c7-4n9kq   4m    37Mi   
websocket-server-56c97f4c7-6q5vs   4m    87Mi   
websocket-server-56c97f4c7-gpbrl   2m    29Mi   
websocket-server-56c97f4c7-qfzf8   1m    28Mi   
websocket-server-56c97f4c7-r2wzx   2m    32Mi   
websocket-server-56c97f4c7-t7zg4   4m    74Mi   
websocket-server-56c97f4c7-x7nww   1m    28Mi   
websocket-server-56c97f4c7-zljt6   4m    41Mi   
1781609915
websocket-server-56c97f4c7-4n9kq   4m    37Mi   
websocket-server-56c97f4c7-6q5vs   4m    87Mi   
websocket-server-56c97f4c7-gpbrl   2m    29Mi   
websocket-server-56c97f4c7-qfzf8   1m    28Mi   
websocket-server-56c97f4c7-r2wzx   2m    32Mi   
websocket-server-56c97f4c7-t7zg4   4m    74Mi   
websocket-server-56c97f4c7-x7nww   1m    28Mi   
websocket-server-56c97f4c7-zljt6   4m    41Mi   
1781609920
websocket-server-56c97f4c7-4n9kq   4m    37Mi   
websocket-server-56c97f4c7-6q5vs   4m    87Mi   
websocket-server-56c97f4c7-gpbrl   2m    29Mi   
websocket-server-56c97f4c7-qfzf8   1m    28Mi   
websocket-server-56c97f4c7-r2wzx   2m    32Mi   
websocket-server-56c97f4c7-t7zg4   4m    74Mi   
websocket-server-56c97f4c7-x7nww   1m    28Mi   
websocket-server-56c97f4c7-zljt6   4m    41Mi   
1781609925
websocket-server-56c97f4c7-4n9kq   4m    37Mi   
websocket-server-56c97f4c7-6q5vs   4m    87Mi   
websocket-server-56c97f4c7-gpbrl   2m    29Mi   
websocket-server-56c97f4c7-qfzf8   1m    28Mi   
websocket-server-56c97f4c7-r2wzx   2m    32Mi   
websocket-server-56c97f4c7-t7zg4   4m    74Mi   
websocket-server-56c97f4c7-x7nww   1m    28Mi   
websocket-server-56c97f4c7-zljt6   4m    42Mi   
1781609930
websocket-server-56c97f4c7-4n9kq   4m    37Mi   
websocket-server-56c97f4c7-6q5vs   4m    87Mi   
websocket-server-56c97f4c7-gpbrl   2m    29Mi   
websocket-server-56c97f4c7-qfzf8   1m    28Mi   
websocket-server-56c97f4c7-r2wzx   2m    32Mi   
websocket-server-56c97f4c7-t7zg4   4m    74Mi   
websocket-server-56c97f4c7-x7nww   1m    28Mi   
websocket-server-56c97f4c7-zljt6   4m    42Mi   
1781609935
websocket-server-56c97f4c7-4n9kq   4m    37Mi   
websocket-server-56c97f4c7-6q5vs   4m    87Mi   
websocket-server-56c97f4c7-gpbrl   2m    29Mi   
websocket-server-56c97f4c7-qfzf8   1m    28Mi   
websocket-server-56c97f4c7-r2wzx   2m    32Mi   
websocket-server-56c97f4c7-t7zg4   4m    74Mi   
websocket-server-56c97f4c7-x7nww   1m    28Mi   
websocket-server-56c97f4c7-zljt6   4m    42Mi   
1781609940
websocket-server-56c97f4c7-4n9kq   5m    37Mi   
websocket-server-56c97f4c7-6q5vs   5m    87Mi   
websocket-server-56c97f4c7-gpbrl   3m    29Mi   
websocket-server-56c97f4c7-qfzf8   1m    28Mi   
websocket-server-56c97f4c7-r2wzx   3m    31Mi   
websocket-server-56c97f4c7-t7zg4   5m    74Mi   
websocket-server-56c97f4c7-x7nww   1m    28Mi   
websocket-server-56c97f4c7-zljt6   7m    41Mi   
1781609945
websocket-server-56c97f4c7-4n9kq   5m    37Mi   
websocket-server-56c97f4c7-6q5vs   5m    87Mi   
websocket-server-56c97f4c7-gpbrl   3m    29Mi   
websocket-server-56c97f4c7-qfzf8   1m    28Mi   
websocket-server-56c97f4c7-r2wzx   3m    31Mi   
websocket-server-56c97f4c7-t7zg4   5m    74Mi   
websocket-server-56c97f4c7-x7nww   1m    28Mi   
websocket-server-56c97f4c7-zljt6   7m    41Mi   
1781609950
websocket-server-56c97f4c7-4n9kq   5m    37Mi   
websocket-server-56c97f4c7-6q5vs   5m    87Mi   
websocket-server-56c97f4c7-gpbrl   3m    29Mi   
websocket-server-56c97f4c7-qfzf8   1m    28Mi   
websocket-server-56c97f4c7-r2wzx   3m    31Mi   
websocket-server-56c97f4c7-t7zg4   5m    74Mi   
websocket-server-56c97f4c7-x7nww   1m    28Mi   
websocket-server-56c97f4c7-zljt6   7m    41Mi   
1781609955
websocket-server-56c97f4c7-4n9kq   1m    37Mi   
websocket-server-56c97f4c7-6q5vs   5m    87Mi   
websocket-server-56c97f4c7-gpbrl   1m    29Mi   
websocket-server-56c97f4c7-qfzf8   1m    28Mi   
websocket-server-56c97f4c7-r2wzx   3m    31Mi   
websocket-server-56c97f4c7-t7zg4   5m    74Mi   
websocket-server-56c97f4c7-x7nww   1m    28Mi   
websocket-server-56c97f4c7-zljt6   0m    41Mi   
1781609960
websocket-server-56c97f4c7-4n9kq   1m    37Mi   
websocket-server-56c97f4c7-6q5vs   5m    87Mi   
websocket-server-56c97f4c7-gpbrl   1m    29Mi   
websocket-server-56c97f4c7-qfzf8   1m    28Mi   
websocket-server-56c97f4c7-r2wzx   3m    31Mi   
websocket-server-56c97f4c7-t7zg4   5m    74Mi   
websocket-server-56c97f4c7-x7nww   1m    28Mi   
websocket-server-56c97f4c7-zljt6   0m    41Mi   
1781609965
websocket-server-56c97f4c7-4n9kq   1m    37Mi   
websocket-server-56c97f4c7-6q5vs   5m    87Mi   
websocket-server-56c97f4c7-gpbrl   1m    29Mi   
websocket-server-56c97f4c7-qfzf8   1m    28Mi   
websocket-server-56c97f4c7-r2wzx   3m    31Mi   
websocket-server-56c97f4c7-t7zg4   5m    74Mi   
websocket-server-56c97f4c7-x7nww   1m    28Mi   
websocket-server-56c97f4c7-zljt6   0m    41Mi   
1781609970
websocket-server-56c97f4c7-4n9kq   1m    37Mi   
websocket-server-56c97f4c7-6q5vs   1m    87Mi   
websocket-server-56c97f4c7-gpbrl   1m    29Mi   
websocket-server-56c97f4c7-qfzf8   1m    28Mi   
websocket-server-56c97f4c7-r2wzx   1m    31Mi   
websocket-server-56c97f4c7-t7zg4   1m    74Mi   
websocket-server-56c97f4c7-x7nww   1m    28Mi   
websocket-server-56c97f4c7-zljt6   1m    41Mi   
1781609975
websocket-server-56c97f4c7-4n9kq   1m    37Mi   
websocket-server-56c97f4c7-6q5vs   1m    87Mi   
websocket-server-56c97f4c7-gpbrl   1m    29Mi   
websocket-server-56c97f4c7-qfzf8   1m    28Mi   
websocket-server-56c97f4c7-r2wzx   1m    31Mi   
websocket-server-56c97f4c7-t7zg4   1m    74Mi   
websocket-server-56c97f4c7-x7nww   1m    28Mi   
websocket-server-56c97f4c7-zljt6   1m    41Mi   
1781609980
websocket-server-56c97f4c7-4n9kq   1m    37Mi   
websocket-server-56c97f4c7-6q5vs   1m    87Mi   
websocket-server-56c97f4c7-gpbrl   1m    29Mi   
websocket-server-56c97f4c7-qfzf8   1m    28Mi   
websocket-server-56c97f4c7-r2wzx   1m    31Mi   
websocket-server-56c97f4c7-t7zg4   1m    74Mi   
websocket-server-56c97f4c7-x7nww   1m    28Mi   
websocket-server-56c97f4c7-zljt6   1m    41Mi   
1781609986
websocket-server-56c97f4c7-4n9kq   1m    37Mi   
websocket-server-56c97f4c7-6q5vs   1m    87Mi   
websocket-server-56c97f4c7-gpbrl   1m    29Mi   
websocket-server-56c97f4c7-qfzf8   0m    28Mi   
websocket-server-56c97f4c7-r2wzx   1m    31Mi   
websocket-server-56c97f4c7-t7zg4   1m    74Mi   
websocket-server-56c97f4c7-x7nww   1m    28Mi   
websocket-server-56c97f4c7-zljt6   1m    41Mi   
1781609991
websocket-server-56c97f4c7-4n9kq   1m    37Mi   
websocket-server-56c97f4c7-6q5vs   1m    87Mi   
websocket-server-56c97f4c7-gpbrl   1m    29Mi   
websocket-server-56c97f4c7-qfzf8   0m    28Mi   
websocket-server-56c97f4c7-r2wzx   1m    31Mi   
websocket-server-56c97f4c7-t7zg4   1m    74Mi   
websocket-server-56c97f4c7-x7nww   1m    28Mi   
websocket-server-56c97f4c7-zljt6   1m    41Mi   
1781609996
websocket-server-56c97f4c7-4n9kq   1m    37Mi   
websocket-server-56c97f4c7-6q5vs   1m    87Mi   
websocket-server-56c97f4c7-gpbrl   1m    29Mi   
websocket-server-56c97f4c7-qfzf8   0m    28Mi   
websocket-server-56c97f4c7-r2wzx   1m    31Mi   
websocket-server-56c97f4c7-t7zg4   1m    74Mi   
websocket-server-56c97f4c7-x7nww   1m    28Mi   
websocket-server-56c97f4c7-zljt6   1m    41Mi   
1781610001
websocket-server-56c97f4c7-4n9kq   1m    37Mi   
websocket-server-56c97f4c7-6q5vs   1m    87Mi   
websocket-server-56c97f4c7-gpbrl   1m    30Mi   
websocket-server-56c97f4c7-qfzf8   0m    28Mi   
websocket-server-56c97f4c7-r2wzx   1m    31Mi   
websocket-server-56c97f4c7-t7zg4   1m    74Mi   
websocket-server-56c97f4c7-x7nww   1m    28Mi   
websocket-server-56c97f4c7-zljt6   1m    41Mi   
1781610006
websocket-server-56c97f4c7-4n9kq   1m    37Mi   
websocket-server-56c97f4c7-6q5vs   1m    87Mi   
websocket-server-56c97f4c7-gpbrl   1m    30Mi   
websocket-server-56c97f4c7-qfzf8   0m    28Mi   
websocket-server-56c97f4c7-r2wzx   1m    31Mi   
websocket-server-56c97f4c7-t7zg4   1m    74Mi   
websocket-server-56c97f4c7-x7nww   1m    28Mi   
websocket-server-56c97f4c7-zljt6   1m    41Mi   
1781610011
websocket-server-56c97f4c7-4n9kq   1m    37Mi   
websocket-server-56c97f4c7-6q5vs   1m    87Mi   
websocket-server-56c97f4c7-gpbrl   1m    30Mi   
websocket-server-56c97f4c7-qfzf8   0m    28Mi   
websocket-server-56c97f4c7-r2wzx   1m    31Mi   
websocket-server-56c97f4c7-t7zg4   1m    74Mi   
websocket-server-56c97f4c7-x7nww   1m    28Mi   
websocket-server-56c97f4c7-zljt6   1m    41Mi   
1781610016
websocket-server-56c97f4c7-4n9kq   1m    37Mi   
websocket-server-56c97f4c7-6q5vs   0m    87Mi   
websocket-server-56c97f4c7-gpbrl   1m    29Mi   
websocket-server-56c97f4c7-t7zg4   1m    74Mi   
websocket-server-56c97f4c7-x7nww   1m    28Mi   
websocket-server-56c97f4c7-zljt6   1m    41Mi   
1781610021
websocket-server-56c97f4c7-4n9kq   1m    37Mi   
websocket-server-56c97f4c7-6q5vs   0m    87Mi   
websocket-server-56c97f4c7-t7zg4   1m    74Mi   
websocket-server-56c97f4c7-zljt6   1m    41Mi   
1781610026
websocket-server-56c97f4c7-6q5vs   0m    87Mi   
websocket-server-56c97f4c7-t7zg4   1m    74Mi   
