1778250004
0
1778250008
0
1778250012
0
1778250017
34
1778250022
36
1778250027
286
1778250032
283
1778250036
339
1778250042
338
1778250046
339
1778250052
338
1778250057
340
1778250061
340
1778250065
339
1778250069
339
1778250074
339
1778250079
339
1778250085
340
1778250091
339
1778250095
340
1778250101
340
1778250106
339
1778250112
339
1778250117
340
1778250122
340
1778250127
339
1778250133
338
1778250138
338
1778250142
338
1778250147
339
1778250152
339
1778250157
338
1778250162
338
1778250167
338
1778250172
339
1778250177
340
1778250181
339
1778250185
340
1778250190
338
1778250194
339
1778250199
338
1778250204
339
1778250210
340
1778250215
339
1778250219
340
1778250224
338
1778250230
340
1778250234
338
1778250239
339
1778250243
340
1778250249
340
1778250254
340
1778250260
339
1778250265
338
1778250271
340
1778250276
338
1778250280
340
1778250284
339
1778250289
339
1778250294
340
1778250298
340
1778250303
339
1778250307
339
1778250312
339
1778250317
338
1778250322
338
1778250327
340
1778250332
338
1778250337
338
1778250342
339
1778250347
338
1778250352
339
1778250356
340
1778250362
340
1778250367
340
1778250373
338
1778250378
339
1778250383
340
1778250388
338
1778250393
341
1778250398
339
1778250404
339
1778250409
339
1778250414
339
1778250418
339
1778250423
339
1778250427
339
1778250432
339
1778250437
339
1778250442
339
1778250446
339
1778250451
338
1778250457
337
1778250462
338
1778250467
340
1778250472
338
1778250477
338
1778250482
339
1778250487
341
1778250492
340
1778250497
339
1778250502
338
1778250508
338
1778250514
338
1778250519
338
1778250525
337
1778250530
337
1778250536
339
1778250541
339
1778250546
337
1778250551
340
1778250556
339
1778250562
339
1778250567
337
1778250571
339
1778250575
337
1778250579
337
1778250584
341
1778250589
340
1778250594
341
1778250600
339
1778250604
338
1778250609
340
1778250614
337
1778250620
339
1778250625
338
1778250631
338
1778250636
337
1778250642
339
1778250646
341
1778250650
338
1778250656
340
1778250661
337
1778250666
337
1778250670
340
1778250675
341
1778250680
337
1778250685
337
1778250690
340
1778250694
337
1778250699
339
1778250705
338
1778250710
340
1778250716
124
1778250720
0
1778250725
0
1778250731
0
1778250737
0
1778250742
0
1778250747
0
1778250752
0
1778250757
0
1778250763
0
1778250769
0
1778250773
0
1778250779
0
1778250784
0
1778250789
0
1778250793
0
1778250797
0
1778250802
0
1778250807
0
1778250812
0
1778250816
0
1778250821
0
1778250827
0
1778250831
0
1778250835
0
1778250840
0
1778250844
0
1778250850
0
1778250855
0
1778250860
0
