1778250004
42
1778250009
42
1778250014
42
1778250020
44
1778250025
58
1778250030
57
1778250035
62
1778250040
69
1778250045
68
1778250050
68
1778250054
95
1778250058
93
1778250063
95
1778250068
93
1778250073
94
1778250079
96
1778250084
96
1778250088
95
1778250094
94
1778250099
96
1778250103
97
1778250108
97
1778250113
97
1778250118
95
1778250124
97
1778250130
95
1778250136
94
1778250141
95
1778250146
93
1778250152
96
1778250158
97
1778250163
94
1778250169
93
1778250174
93
1778250179
94
1778250184
94
1778250189
93
1778250194
94
1778250199
96
1778250204
94
1778250210
97
1778250215
97
1778250220
94
1778250225
95
1778250230
93
1778250234
94
1778250239
93
1778250244
93
1778250249
96
1778250254
97
1778250259
93
1778250265
95
1778250269
95
1778250274
97
1778250279
93
1778250284
96
1778250289
95
1778250294
93
1778250299
93
1778250303
96
1778250308
97
1778250313
98
1778250318
94
1778250324
97
1778250329
98
1778250334
95
1778250338
95
1778250343
97
1778250348
96
1778250353
97
1778250359
97
1778250363
96
1778250369
96
1778250374
94
1778250379
98
1778250383
95
1778250388
96
1778250393
99
1778250398
99
1778250403
102
1778250409
101
1778250415
101
1778250421
102
1778250426
98
1778250431
100
1778250436
99
1778250441
98
1778250446
101
1778250451
102
1778250455
101
1778250460
102
1778250465
100
1778250470
99
1778250475
98
1778250480
100
1778250485
98
1778250491
99
1778250497
102
1778250501
102
1778250506
98
1778250512
99
1778250518
101
1778250522
101
1778250526
100
1778250531
99
1778250536
102
1778250541
102
1778250546
102
1778250550
99
1778250555
102
1778250560
100
1778250565
100
1778250570
100
1778250575
101
1778250580
101
1778250585
100
1778250590
98
1778250595
99
1778250600
102
1778250605
82
1778250609
82
1778250614
84
1778250618
80
1778250624
82
1778250628
80
1778250633
83
1778250638
84
1778250642
83
1778250646
81
1778250650
83
1778250655
84
1778250660
83
1778250664
82
1778250670
80
1778250675
83
1778250680
84
1778250685
82
1778250690
82
1778250694
83
1778250700
82
1778250705
81
1778250710
83
1778250715
60
1778250720
60
1778250725
44
1778250731
44
1778250737
40
1778250741
42
1778250746
43
1778250751
43
1778250755
44
1778250761
42
1778250765
41
1778250770
40
1778250776
40
1778250781
43
1778250786
40
1778250791
43
1778250795
43
1778250801
42
1778250806
44
1778250810
41
1778250815
43
1778250821
40
1778250825
41
1778250831
42
1778250835
42
1778250840
40
1778250846
41
1778250851
44
1778250856
42
1778250860
40
