1778250001
mqtt-broker-7f4d8b6c9-xk2np   1/1   Running   0     4s
mqtt-broker-7f4d8b6c9-m9vtl   1/1   Running   0     4s
1778250007
mqtt-broker-7f4d8b6c9-xk2np   1/1   Running   0     10s
mqtt-broker-7f4d8b6c9-m9vtl   1/1   Running   0     10s
1778250012
mqtt-broker-7f4d8b6c9-xk2np   1/1   Running   0     15s
mqtt-broker-7f4d8b6c9-m9vtl   1/1   Running   0     15s
1778250017
mqtt-broker-7f4d8b6c9-xk2np   1/1   Running   0     20s
mqtt-broker-7f4d8b6c9-m9vtl   1/1   Running   0     20s
1778250023
mqtt-broker-7f4d8b6c9-xk2np   1/1   Running   0     26s
mqtt-broker-7f4d8b6c9-m9vtl   1/1   Running   0     26s
1778250029
mqtt-broker-7f4d8b6c9-xk2np   1/1   Running   0     32s
mqtt-broker-7f4d8b6c9-m9vtl   1/1   Running   0     32s
1778250034
mqtt-broker-7f4d8b6c9-xk2np   1/1   Running   0     37s
mqtt-broker-7f4d8b6c9-m9vtl   1/1   Running   0     37s
1778250039
mqtt-broker-7f4d8b6c9-xk2np   1/1   Running   0     42s
mqtt-broker-7f4d8b6c9-m9vtl   1/1   Running   0     42s
mqtt-broker-7f4d8b6c9-r7hqw   1/1   Running   0     42s
1778250045
mqtt-broker-7f4d8b6c9-xk2np   1/1   Running   0     48s
mqtt-broker-7f4d8b6c9-m9vtl   1/1   Running   0     48s
mqtt-broker-7f4d8b6c9-r7hqw   1/1   Running   0     48s
1778250050
mqtt-broker-7f4d8b6c9-xk2np   1/1   Running   0     53s
mqtt-broker-7f4d8b6c9-m9vtl   1/1   Running   0     53s
mqtt-broker-7f4d8b6c9-r7hqw   1/1   Running   0     53s
1778250055
mqtt-broker-7f4d8b6c9-xk2np   1/1   Running   0     58s
mqtt-broker-7f4d8b6c9-m9vtl   1/1   Running   0     58s
mqtt-broker-7f4d8b6c9-r7hqw   1/1   Running   0     58s
1778250060
mqtt-broker-7f4d8b6c9-xk2np   1/1   Running   0     1m3s
mqtt-broker-7f4d8b6c9-m9vtl   1/1   Running   0     1m3s
mqtt-broker-7f4d8b6c9-r7hqw   1/1   Running   0     1m3s
1778250065
mqtt-broker-7f4d8b6c9-xk2np   1/1   Running   0     1m8s
mqtt-broker-7f4d8b6c9-m9vtl   1/1   Running   0     1m8s
mqtt-broker-7f4d8b6c9-r7hqw   1/1   Running   0     1m8s
1778250070
mqtt-broker-7f4d8b6c9-xk2np   1/1   Running   0     1m13s
mqtt-broker-7f4d8b6c9-m9vtl   1/1   Running   0     1m13s
mqtt-broker-7f4d8b6c9-r7hqw   1/1   Running   0     1m13s
1778250076
mqtt-broker-7f4d8b6c9-xk2np   1/1   Running   0     1m19s
mqtt-broker-7f4d8b6c9-m9vtl   1/1   Running   0     1m19s
mqtt-broker-7f4d8b6c9-r7hqw   1/1   Running   0     1m19s
1778250081
mqtt-broker-7f4d8b6c9-xk2np   1/1   Running   0     1m24s
mqtt-broker-7f4d8b6c9-m9vtl   1/1   Running   0     1m24s
mqtt-broker-7f4d8b6c9-r7hqw   1/1   Running   0     1m24s
1778250085
mqtt-broker-7f4d8b6c9-xk2np   1/1   Running   0     1m28s
mqtt-broker-7f4d8b6c9-m9vtl   1/1   Running   0     1m28s
mqtt-broker-7f4d8b6c9-r7hqw   1/1   Running   0     1m28s
1778250090
mqtt-broker-7f4d8b6c9-xk2np   1/1   Running   0     1m33s
mqtt-broker-7f4d8b6c9-m9vtl   1/1   Running   0     1m33s
mqtt-broker-7f4d8b6c9-r7hqw   1/1   Running   0     1m33s
1778250095
mqtt-broker-7f4d8b6c9-xk2np   1/1   Running   0     1m38s
mqtt-broker-7f4d8b6c9-m9vtl   1/1   Running   0     1m38s
mqtt-broker-7f4d8b6c9-r7hqw   1/1   Running   0     1m38s
1778250099
mqtt-broker-7f4d8b6c9-xk2np   1/1   Running   0     1m42s
mqtt-broker-7f4d8b6c9-m9vtl   1/1   Running   0     1m42s
mqtt-broker-7f4d8b6c9-r7hqw   1/1   Running   0     1m42s
1778250104
mqtt-broker-7f4d8b6c9-xk2np   1/1   Running   0     1m47s
mqtt-broker-7f4d8b6c9-m9vtl   1/1   Running   0     1m47s
mqtt-broker-7f4d8b6c9-r7hqw   1/1   Running   0     1m47s
1778250108
mqtt-broker-7f4d8b6c9-xk2np   1/1   Running   0     1m51s
mqtt-broker-7f4d8b6c9-m9vtl   1/1   Running   0     1m51s
mqtt-broker-7f4d8b6c9-r7hqw   1/1   Running   0     1m51s
1778250114
mqtt-broker-7f4d8b6c9-xk2np   1/1   Running   0     1m57s
mqtt-broker-7f4d8b6c9-m9vtl   1/1   Running   0     1m57s
mqtt-broker-7f4d8b6c9-r7hqw   1/1   Running   0     1m57s
1778250120
mqtt-broker-7f4d8b6c9-xk2np   1/1   Running   0     2m3s
mqtt-broker-7f4d8b6c9-m9vtl   1/1   Running   0     2m3s
mqtt-broker-7f4d8b6c9-r7hqw   1/1   Running   0     2m3s
1778250125
mqtt-broker-7f4d8b6c9-xk2np   1/1   Running   0     2m8s
mqtt-broker-7f4d8b6c9-m9vtl   1/1   Running   0     2m8s
mqtt-broker-7f4d8b6c9-r7hqw   1/1   Running   0     2m8s
1778250131
mqtt-broker-7f4d8b6c9-xk2np   1/1   Running   0     2m14s
mqtt-broker-7f4d8b6c9-m9vtl   1/1   Running   0     2m14s
mqtt-broker-7f4d8b6c9-r7hqw   1/1   Running   0     2m14s
1778250136
mqtt-broker-7f4d8b6c9-xk2np   1/1   Running   0     2m19s
mqtt-broker-7f4d8b6c9-m9vtl   1/1   Running   0     2m19s
mqtt-broker-7f4d8b6c9-r7hqw   1/1   Running   0     2m19s
1778250140
mqtt-broker-7f4d8b6c9-xk2np   1/1   Running   0     2m23s
mqtt-broker-7f4d8b6c9-m9vtl   1/1   Running   0     2m23s
mqtt-broker-7f4d8b6c9-r7hqw   1/1   Running   0     2m23s
1778250144
mqtt-broker-7f4d8b6c9-xk2np   1/1   Running   0     2m27s
mqtt-broker-7f4d8b6c9-m9vtl   1/1   Running   0     2m27s
mqtt-broker-7f4d8b6c9-r7hqw   1/1   Running   0     2m27s
1778250148
mqtt-broker-7f4d8b6c9-xk2np   1/1   Running   0     2m31s
mqtt-broker-7f4d8b6c9-m9vtl   1/1   Running   0     2m31s
mqtt-broker-7f4d8b6c9-r7hqw   1/1   Running   0     2m31s
1778250153
mqtt-broker-7f4d8b6c9-xk2np   1/1   Running   0     2m36s
mqtt-broker-7f4d8b6c9-m9vtl   1/1   Running   0     2m36s
mqtt-broker-7f4d8b6c9-r7hqw   1/1   Running   0     2m36s
1778250157
mqtt-broker-7f4d8b6c9-xk2np   1/1   Running   0     2m40s
mqtt-broker-7f4d8b6c9-m9vtl   1/1   Running   0     2m40s
mqtt-broker-7f4d8b6c9-r7hqw   1/1   Running   0     2m40s
1778250161
mqtt-broker-7f4d8b6c9-xk2np   1/1   Running   0     2m44s
mqtt-broker-7f4d8b6c9-m9vtl   1/1   Running   0     2m44s
mqtt-broker-7f4d8b6c9-r7hqw   1/1   Running   0     2m44s
1778250166
mqtt-broker-7f4d8b6c9-xk2np   1/1   Running   0     2m49s
mqtt-broker-7f4d8b6c9-m9vtl   1/1   Running   0     2m49s
mqtt-broker-7f4d8b6c9-r7hqw   1/1   Running   0     2m49s
1778250170
mqtt-broker-7f4d8b6c9-xk2np   1/1   Running   0     2m53s
mqtt-broker-7f4d8b6c9-m9vtl   1/1   Running   0     2m53s
mqtt-broker-7f4d8b6c9-r7hqw   1/1   Running   0     2m53s
1778250176
mqtt-broker-7f4d8b6c9-xk2np   1/1   Running   0     2m59s
mqtt-broker-7f4d8b6c9-m9vtl   1/1   Running   0     2m59s
mqtt-broker-7f4d8b6c9-r7hqw   1/1   Running   0     2m59s
1778250181
mqtt-broker-7f4d8b6c9-xk2np   1/1   Running   0     3m4s
mqtt-broker-7f4d8b6c9-m9vtl   1/1   Running   0     3m4s
mqtt-broker-7f4d8b6c9-r7hqw   1/1   Running   0     3m4s
1778250186
mqtt-broker-7f4d8b6c9-xk2np   1/1   Running   0     3m9s
mqtt-broker-7f4d8b6c9-m9vtl   1/1   Running   0     3m9s
mqtt-broker-7f4d8b6c9-r7hqw   1/1   Running   0     3m9s
1778250191
mqtt-broker-7f4d8b6c9-xk2np   1/1   Running   0     3m14s
mqtt-broker-7f4d8b6c9-m9vtl   1/1   Running   0     3m14s
mqtt-broker-7f4d8b6c9-r7hqw   1/1   Running   0     3m14s
1778250196
mqtt-broker-7f4d8b6c9-xk2np   1/1   Running   0     3m19s
mqtt-broker-7f4d8b6c9-m9vtl   1/1   Running   0     3m19s
mqtt-broker-7f4d8b6c9-r7hqw   1/1   Running   0     3m19s
1778250202
mqtt-broker-7f4d8b6c9-xk2np   1/1   Running   0     3m25s
mqtt-broker-7f4d8b6c9-m9vtl   1/1   Running   0     3m25s
mqtt-broker-7f4d8b6c9-r7hqw   1/1   Running   0     3m25s
1778250207
mqtt-broker-7f4d8b6c9-xk2np   1/1   Running   0     3m30s
mqtt-broker-7f4d8b6c9-m9vtl   1/1   Running   0     3m30s
mqtt-broker-7f4d8b6c9-r7hqw   1/1   Running   0     3m30s
1778250213
mqtt-broker-7f4d8b6c9-xk2np   1/1   Running   0     3m36s
mqtt-broker-7f4d8b6c9-m9vtl   1/1   Running   0     3m36s
mqtt-broker-7f4d8b6c9-r7hqw   1/1   Running   0     3m36s
1778250219
mqtt-broker-7f4d8b6c9-xk2np   1/1   Running   0     3m42s
mqtt-broker-7f4d8b6c9-m9vtl   1/1   Running   0     3m42s
mqtt-broker-7f4d8b6c9-r7hqw   1/1   Running   0     3m42s
1778250224
mqtt-broker-7f4d8b6c9-xk2np   1/1   Running   0     3m47s
mqtt-broker-7f4d8b6c9-m9vtl   1/1   Running   0     3m47s
mqtt-broker-7f4d8b6c9-r7hqw   1/1   Running   0     3m47s
1778250229
mqtt-broker-7f4d8b6c9-xk2np   1/1   Running   0     3m52s
mqtt-broker-7f4d8b6c9-m9vtl   1/1   Running   0     3m52s
mqtt-broker-7f4d8b6c9-r7hqw   1/1   Running   0     3m52s
1778250234
mqtt-broker-7f4d8b6c9-xk2np   1/1   Running   0     3m57s
mqtt-broker-7f4d8b6c9-m9vtl   1/1   Running   0     3m57s
mqtt-broker-7f4d8b6c9-r7hqw   1/1   Running   0     3m57s
1778250239
mqtt-broker-7f4d8b6c9-xk2np   1/1   Running   0     4m2s
mqtt-broker-7f4d8b6c9-m9vtl   1/1   Running   0     4m2s
mqtt-broker-7f4d8b6c9-r7hqw   1/1   Running   0     4m2s
1778250244
mqtt-broker-7f4d8b6c9-xk2np   1/1   Running   0     4m7s
mqtt-broker-7f4d8b6c9-m9vtl   1/1   Running   0     4m7s
mqtt-broker-7f4d8b6c9-r7hqw   1/1   Running   0     4m7s
1778250248
mqtt-broker-7f4d8b6c9-xk2np   1/1   Running   0     4m11s
mqtt-broker-7f4d8b6c9-m9vtl   1/1   Running   0     4m11s
mqtt-broker-7f4d8b6c9-r7hqw   1/1   Running   0     4m11s
1778250252
mqtt-broker-7f4d8b6c9-xk2np   1/1   Running   0     4m15s
mqtt-broker-7f4d8b6c9-m9vtl   1/1   Running   0     4m15s
mqtt-broker-7f4d8b6c9-r7hqw   1/1   Running   0     4m15s
1778250257
mqtt-broker-7f4d8b6c9-xk2np   1/1   Running   0     4m20s
mqtt-broker-7f4d8b6c9-m9vtl   1/1   Running   0     4m20s
mqtt-broker-7f4d8b6c9-r7hqw   1/1   Running   0     4m20s
1778250262
mqtt-broker-7f4d8b6c9-xk2np   1/1   Running   0     4m25s
mqtt-broker-7f4d8b6c9-m9vtl   1/1   Running   0     4m25s
mqtt-broker-7f4d8b6c9-r7hqw   1/1   Running   0     4m25s
1778250267
mqtt-broker-7f4d8b6c9-xk2np   1/1   Running   0     4m30s
mqtt-broker-7f4d8b6c9-m9vtl   1/1   Running   0     4m30s
mqtt-broker-7f4d8b6c9-r7hqw   1/1   Running   0     4m30s
1778250272
mqtt-broker-7f4d8b6c9-xk2np   1/1   Running   0     4m35s
mqtt-broker-7f4d8b6c9-m9vtl   1/1   Running   0     4m35s
mqtt-broker-7f4d8b6c9-r7hqw   1/1   Running   0     4m35s
1778250277
mqtt-broker-7f4d8b6c9-xk2np   1/1   Running   0     4m40s
mqtt-broker-7f4d8b6c9-m9vtl   1/1   Running   0     4m40s
mqtt-broker-7f4d8b6c9-r7hqw   1/1   Running   0     4m40s
1778250281
mqtt-broker-7f4d8b6c9-xk2np   1/1   Running   0     4m44s
mqtt-broker-7f4d8b6c9-m9vtl   1/1   Running   0     4m44s
mqtt-broker-7f4d8b6c9-r7hqw   1/1   Running   0     4m44s
1778250285
mqtt-broker-7f4d8b6c9-xk2np   1/1   Running   0     4m48s
mqtt-broker-7f4d8b6c9-m9vtl   1/1   Running   0     4m48s
mqtt-broker-7f4d8b6c9-r7hqw   1/1   Running   0     4m48s
1778250289
mqtt-broker-7f4d8b6c9-xk2np   1/1   Running   0     4m52s
mqtt-broker-7f4d8b6c9-m9vtl   1/1   Running   0     4m52s
mqtt-broker-7f4d8b6c9-r7hqw   1/1   Running   0     4m52s
1778250294
mqtt-broker-7f4d8b6c9-xk2np   1/1   Running   0     4m57s
mqtt-broker-7f4d8b6c9-m9vtl   1/1   Running   0     4m57s
mqtt-broker-7f4d8b6c9-r7hqw   1/1   Running   0     4m57s
1778250299
mqtt-broker-7f4d8b6c9-xk2np   1/1   Running   0     5m2s
mqtt-broker-7f4d8b6c9-m9vtl   1/1   Running   0     5m2s
mqtt-broker-7f4d8b6c9-r7hqw   1/1   Running   0     5m2s
1778250303
mqtt-broker-7f4d8b6c9-xk2np   1/1   Running   0     5m6s
mqtt-broker-7f4d8b6c9-m9vtl   1/1   Running   0     5m6s
mqtt-broker-7f4d8b6c9-r7hqw   1/1   Running   0     5m6s
1778250308
mqtt-broker-7f4d8b6c9-xk2np   1/1   Running   0     5m11s
mqtt-broker-7f4d8b6c9-m9vtl   1/1   Running   0     5m11s
mqtt-broker-7f4d8b6c9-r7hqw   1/1   Running   0     5m11s
1778250313
mqtt-broker-7f4d8b6c9-xk2np   1/1   Running   0     5m16s
mqtt-broker-7f4d8b6c9-m9vtl   1/1   Running   0     5m16s
mqtt-broker-7f4d8b6c9-r7hqw   1/1   Running   0     5m16s
1778250318
mqtt-broker-7f4d8b6c9-xk2np   1/1   Running   0     5m21s
mqtt-broker-7f4d8b6c9-m9vtl   1/1   Running   0     5m21s
mqtt-broker-7f4d8b6c9-r7hqw   1/1   Running   0     5m21s
1778250324
mqtt-broker-7f4d8b6c9-xk2np   1/1   Running   0     5m27s
mqtt-broker-7f4d8b6c9-m9vtl   1/1   Running   0     5m27s
mqtt-broker-7f4d8b6c9-r7hqw   1/1   Running   0     5m27s
1778250329
mqtt-broker-7f4d8b6c9-xk2np   1/1   Running   0     5m32s
mqtt-broker-7f4d8b6c9-m9vtl   1/1   Running   0     5m32s
mqtt-broker-7f4d8b6c9-r7hqw   1/1   Running   0     5m32s
1778250334
mqtt-broker-7f4d8b6c9-xk2np   1/1   Running   0     5m37s
mqtt-broker-7f4d8b6c9-m9vtl   1/1   Running   0     5m37s
mqtt-broker-7f4d8b6c9-r7hqw   1/1   Running   0     5m37s
1778250339
mqtt-broker-7f4d8b6c9-xk2np   1/1   Running   0     5m42s
mqtt-broker-7f4d8b6c9-m9vtl   1/1   Running   0     5m42s
mqtt-broker-7f4d8b6c9-r7hqw   1/1   Running   0     5m42s
1778250344
mqtt-broker-7f4d8b6c9-xk2np   1/1   Running   0     5m47s
mqtt-broker-7f4d8b6c9-m9vtl   1/1   Running   0     5m47s
mqtt-broker-7f4d8b6c9-r7hqw   1/1   Running   0     5m47s
1778250349
mqtt-broker-7f4d8b6c9-xk2np   1/1   Running   0     5m52s
mqtt-broker-7f4d8b6c9-m9vtl   1/1   Running   0     5m52s
mqtt-broker-7f4d8b6c9-r7hqw   1/1   Running   0     5m52s
1778250354
mqtt-broker-7f4d8b6c9-xk2np   1/1   Running   0     5m57s
mqtt-broker-7f4d8b6c9-m9vtl   1/1   Running   0     5m57s
mqtt-broker-7f4d8b6c9-r7hqw   1/1   Running   0     5m57s
1778250359
mqtt-broker-7f4d8b6c9-xk2np   1/1   Running   0     6m2s
mqtt-broker-7f4d8b6c9-m9vtl   1/1   Running   0     6m2s
mqtt-broker-7f4d8b6c9-r7hqw   1/1   Running   0     6m2s
1778250363
mqtt-broker-7f4d8b6c9-xk2np   1/1   Running   0     6m6s
mqtt-broker-7f4d8b6c9-m9vtl   1/1   Running   0     6m6s
mqtt-broker-7f4d8b6c9-r7hqw   1/1   Running   0     6m6s
1778250368
mqtt-broker-7f4d8b6c9-xk2np   1/1   Running   0     6m11s
mqtt-broker-7f4d8b6c9-m9vtl   1/1   Running   0     6m11s
mqtt-broker-7f4d8b6c9-r7hqw   1/1   Running   0     6m11s
1778250374
mqtt-broker-7f4d8b6c9-xk2np   1/1   Running   0     6m17s
mqtt-broker-7f4d8b6c9-m9vtl   1/1   Running   0     6m17s
mqtt-broker-7f4d8b6c9-r7hqw   1/1   Running   0     6m17s
1778250378
mqtt-broker-7f4d8b6c9-xk2np   1/1   Running   0     6m21s
mqtt-broker-7f4d8b6c9-m9vtl   1/1   Running   0     6m21s
mqtt-broker-7f4d8b6c9-r7hqw   1/1   Running   0     6m21s
1778250382
mqtt-broker-7f4d8b6c9-xk2np   1/1   Running   0     6m25s
mqtt-broker-7f4d8b6c9-m9vtl   1/1   Running   0     6m25s
mqtt-broker-7f4d8b6c9-r7hqw   1/1   Running   0     6m25s
1778250388
mqtt-broker-7f4d8b6c9-xk2np   1/1   Running   0     6m31s
mqtt-broker-7f4d8b6c9-m9vtl   1/1   Running   0     6m31s
mqtt-broker-7f4d8b6c9-r7hqw   1/1   Running   0     6m31s
1778250392
mqtt-broker-7f4d8b6c9-xk2np   1/1   Running   0     6m35s
mqtt-broker-7f4d8b6c9-m9vtl   1/1   Running   0     6m35s
mqtt-broker-7f4d8b6c9-r7hqw   1/1   Running   0     6m35s
1778250396
mqtt-broker-7f4d8b6c9-xk2np   1/1   Running   0     6m39s
mqtt-broker-7f4d8b6c9-m9vtl   1/1   Running   0     6m39s
mqtt-broker-7f4d8b6c9-r7hqw   1/1   Running   0     6m39s
1778250401
mqtt-broker-7f4d8b6c9-xk2np   1/1   Running   0     6m44s
mqtt-broker-7f4d8b6c9-m9vtl   1/1   Running   0     6m44s
mqtt-broker-7f4d8b6c9-r7hqw   1/1   Running   0     6m44s
1778250406
mqtt-broker-7f4d8b6c9-xk2np   1/1   Running   0     6m49s
mqtt-broker-7f4d8b6c9-m9vtl   1/1   Running   0     6m49s
mqtt-broker-7f4d8b6c9-r7hqw   1/1   Running   0     6m49s
1778250411
mqtt-broker-7f4d8b6c9-xk2np   1/1   Running   0     6m54s
mqtt-broker-7f4d8b6c9-m9vtl   1/1   Running   0     6m54s
mqtt-broker-7f4d8b6c9-r7hqw   1/1   Running   0     6m54s
1778250416
mqtt-broker-7f4d8b6c9-xk2np   1/1   Running   0     6m59s
mqtt-broker-7f4d8b6c9-m9vtl   1/1   Running   0     6m59s
mqtt-broker-7f4d8b6c9-r7hqw   1/1   Running   0     6m59s
1778250421
mqtt-broker-7f4d8b6c9-xk2np   1/1   Running   0     7m4s
mqtt-broker-7f4d8b6c9-m9vtl   1/1   Running   0     7m4s
mqtt-broker-7f4d8b6c9-r7hqw   1/1   Running   0     7m4s
1778250426
mqtt-broker-7f4d8b6c9-xk2np   1/1   Running   0     7m9s
mqtt-broker-7f4d8b6c9-m9vtl   1/1   Running   0     7m9s
mqtt-broker-7f4d8b6c9-r7hqw   1/1   Running   0     7m9s
1778250431
mqtt-broker-7f4d8b6c9-xk2np   1/1   Running   0     7m14s
mqtt-broker-7f4d8b6c9-m9vtl   1/1   Running   0     7m14s
mqtt-broker-7f4d8b6c9-r7hqw   1/1   Running   0     7m14s
1778250435
mqtt-broker-7f4d8b6c9-xk2np   1/1   Running   0     7m18s
mqtt-broker-7f4d8b6c9-m9vtl   1/1   Running   0     7m18s
mqtt-broker-7f4d8b6c9-r7hqw   1/1   Running   0     7m18s
1778250440
mqtt-broker-7f4d8b6c9-xk2np   1/1   Running   0     7m23s
mqtt-broker-7f4d8b6c9-m9vtl   1/1   Running   0     7m23s
mqtt-broker-7f4d8b6c9-r7hqw   1/1   Running   0     7m23s
1778250445
mqtt-broker-7f4d8b6c9-xk2np   1/1   Running   0     7m28s
mqtt-broker-7f4d8b6c9-m9vtl   1/1   Running   0     7m28s
mqtt-broker-7f4d8b6c9-r7hqw   1/1   Running   0     7m28s
1778250449
mqtt-broker-7f4d8b6c9-xk2np   1/1   Running   0     7m32s
mqtt-broker-7f4d8b6c9-m9vtl   1/1   Running   0     7m32s
mqtt-broker-7f4d8b6c9-r7hqw   1/1   Running   0     7m32s
1778250454
mqtt-broker-7f4d8b6c9-xk2np   1/1   Running   0     7m37s
mqtt-broker-7f4d8b6c9-m9vtl   1/1   Running   0     7m37s
mqtt-broker-7f4d8b6c9-r7hqw   1/1   Running   0     7m37s
1778250459
mqtt-broker-7f4d8b6c9-xk2np   1/1   Running   0     7m42s
mqtt-broker-7f4d8b6c9-m9vtl   1/1   Running   0     7m42s
mqtt-broker-7f4d8b6c9-r7hqw   1/1   Running   0     7m42s
1778250464
mqtt-broker-7f4d8b6c9-xk2np   1/1   Running   0     7m47s
mqtt-broker-7f4d8b6c9-m9vtl   1/1   Running   0     7m47s
mqtt-broker-7f4d8b6c9-r7hqw   1/1   Running   0     7m47s
1778250469
mqtt-broker-7f4d8b6c9-xk2np   1/1   Running   0     7m52s
mqtt-broker-7f4d8b6c9-m9vtl   1/1   Running   0     7m52s
mqtt-broker-7f4d8b6c9-r7hqw   1/1   Running   0     7m52s
1778250474
mqtt-broker-7f4d8b6c9-xk2np   1/1   Running   0     7m57s
mqtt-broker-7f4d8b6c9-m9vtl   1/1   Running   0     7m57s
mqtt-broker-7f4d8b6c9-r7hqw   1/1   Running   0     7m57s
1778250480
mqtt-broker-7f4d8b6c9-xk2np   1/1   Running   0     8m3s
mqtt-broker-7f4d8b6c9-m9vtl   1/1   Running   0     8m3s
mqtt-broker-7f4d8b6c9-r7hqw   1/1   Running   0     8m3s
1778250485
mqtt-broker-7f4d8b6c9-xk2np   1/1   Running   0     8m8s
mqtt-broker-7f4d8b6c9-m9vtl   1/1   Running   0     8m8s
mqtt-broker-7f4d8b6c9-r7hqw   1/1   Running   0     8m8s
1778250490
mqtt-broker-7f4d8b6c9-xk2np   1/1   Running   0     8m13s
mqtt-broker-7f4d8b6c9-m9vtl   1/1   Running   0     8m13s
mqtt-broker-7f4d8b6c9-r7hqw   1/1   Running   0     8m13s
1778250495
mqtt-broker-7f4d8b6c9-xk2np   1/1   Running   0     8m18s
mqtt-broker-7f4d8b6c9-m9vtl   1/1   Running   0     8m18s
mqtt-broker-7f4d8b6c9-r7hqw   1/1   Running   0     8m18s
1778250500
mqtt-broker-7f4d8b6c9-xk2np   1/1   Running   0     8m23s
mqtt-broker-7f4d8b6c9-m9vtl   1/1   Running   0     8m23s
mqtt-broker-7f4d8b6c9-r7hqw   1/1   Running   0     8m23s
1778250505
mqtt-broker-7f4d8b6c9-xk2np   1/1   Running   0     8m28s
mqtt-broker-7f4d8b6c9-m9vtl   1/1   Running   0     8m28s
mqtt-broker-7f4d8b6c9-r7hqw   1/1   Running   0     8m28s
1778250509
mqtt-broker-7f4d8b6c9-xk2np   1/1   Running   0     8m32s
mqtt-broker-7f4d8b6c9-m9vtl   1/1   Running   0     8m32s
mqtt-broker-7f4d8b6c9-r7hqw   1/1   Running   0     8m32s
1778250515
mqtt-broker-7f4d8b6c9-xk2np   1/1   Running   0     8m38s
mqtt-broker-7f4d8b6c9-m9vtl   1/1   Running   0     8m38s
mqtt-broker-7f4d8b6c9-r7hqw   1/1   Running   0     8m38s
1778250521
mqtt-broker-7f4d8b6c9-xk2np   1/1   Running   0     8m44s
mqtt-broker-7f4d8b6c9-m9vtl   1/1   Running   0     8m44s
mqtt-broker-7f4d8b6c9-r7hqw   1/1   Running   0     8m44s
1778250525
mqtt-broker-7f4d8b6c9-xk2np   1/1   Running   0     8m48s
mqtt-broker-7f4d8b6c9-m9vtl   1/1   Running   0     8m48s
mqtt-broker-7f4d8b6c9-r7hqw   1/1   Running   0     8m48s
1778250530
mqtt-broker-7f4d8b6c9-xk2np   1/1   Running   0     8m53s
mqtt-broker-7f4d8b6c9-m9vtl   1/1   Running   0     8m53s
mqtt-broker-7f4d8b6c9-r7hqw   1/1   Running   0     8m53s
1778250534
mqtt-broker-7f4d8b6c9-xk2np   1/1   Running   0     8m57s
mqtt-broker-7f4d8b6c9-m9vtl   1/1   Running   0     8m57s
mqtt-broker-7f4d8b6c9-r7hqw   1/1   Running   0     8m57s
1778250538
mqtt-broker-7f4d8b6c9-xk2np   1/1   Running   0     9m1s
mqtt-broker-7f4d8b6c9-m9vtl   1/1   Running   0     9m1s
mqtt-broker-7f4d8b6c9-r7hqw   1/1   Running   0     9m1s
1778250544
mqtt-broker-7f4d8b6c9-xk2np   1/1   Running   0     9m7s
mqtt-broker-7f4d8b6c9-m9vtl   1/1   Running   0     9m7s
mqtt-broker-7f4d8b6c9-r7hqw   1/1   Running   0     9m7s
1778250549
mqtt-broker-7f4d8b6c9-xk2np   1/1   Running   0     9m12s
mqtt-broker-7f4d8b6c9-m9vtl   1/1   Running   0     9m12s
mqtt-broker-7f4d8b6c9-r7hqw   1/1   Running   0     9m12s
1778250555
mqtt-broker-7f4d8b6c9-xk2np   1/1   Running   0     9m18s
mqtt-broker-7f4d8b6c9-m9vtl   1/1   Running   0     9m18s
mqtt-broker-7f4d8b6c9-r7hqw   1/1   Running   0     9m18s
1778250561
mqtt-broker-7f4d8b6c9-xk2np   1/1   Running   0     9m24s
mqtt-broker-7f4d8b6c9-m9vtl   1/1   Running   0     9m24s
mqtt-broker-7f4d8b6c9-r7hqw   1/1   Running   0     9m24s
1778250566
mqtt-broker-7f4d8b6c9-xk2np   1/1   Running   0     9m29s
mqtt-broker-7f4d8b6c9-m9vtl   1/1   Running   0     9m29s
mqtt-broker-7f4d8b6c9-r7hqw   1/1   Running   0     9m29s
1778250570
mqtt-broker-7f4d8b6c9-xk2np   1/1   Running   0     9m33s
mqtt-broker-7f4d8b6c9-m9vtl   1/1   Running   0     9m33s
mqtt-broker-7f4d8b6c9-r7hqw   1/1   Running   0     9m33s
1778250576
mqtt-broker-7f4d8b6c9-xk2np   1/1   Running   0     9m39s
mqtt-broker-7f4d8b6c9-m9vtl   1/1   Running   0     9m39s
mqtt-broker-7f4d8b6c9-r7hqw   1/1   Running   0     9m39s
1778250580
mqtt-broker-7f4d8b6c9-xk2np   1/1   Running   0     9m43s
mqtt-broker-7f4d8b6c9-m9vtl   1/1   Running   0     9m43s
mqtt-broker-7f4d8b6c9-r7hqw   1/1   Running   0     9m43s
1778250585
mqtt-broker-7f4d8b6c9-xk2np   1/1   Running   0     9m48s
mqtt-broker-7f4d8b6c9-m9vtl   1/1   Running   0     9m48s
mqtt-broker-7f4d8b6c9-r7hqw   1/1   Running   0     9m48s
1778250589
mqtt-broker-7f4d8b6c9-xk2np   1/1   Running   0     9m52s
mqtt-broker-7f4d8b6c9-m9vtl   1/1   Running   0     9m52s
mqtt-broker-7f4d8b6c9-r7hqw   1/1   Running   0     9m52s
1778250595
mqtt-broker-7f4d8b6c9-xk2np   1/1   Running   0     9m58s
mqtt-broker-7f4d8b6c9-m9vtl   1/1   Running   0     9m58s
mqtt-broker-7f4d8b6c9-r7hqw   1/1   Running   0     9m58s
1778250599
mqtt-broker-7f4d8b6c9-xk2np   1/1   Running   0     10m2s
mqtt-broker-7f4d8b6c9-m9vtl   1/1   Running   0     10m2s
mqtt-broker-7f4d8b6c9-r7hqw   1/1   Running   0     10m2s
1778250604
mqtt-broker-7f4d8b6c9-xk2np   1/1   Running   0     10m7s
1778250609
mqtt-broker-7f4d8b6c9-xk2np   1/1   Running   0     10m12s
1778250613
mqtt-broker-7f4d8b6c9-xk2np   1/1   Running   0     10m16s
1778250619
mqtt-broker-7f4d8b6c9-xk2np   1/1   Running   0     10m22s
1778250624
mqtt-broker-7f4d8b6c9-xk2np   1/1   Running   0     10m27s
1778250630
mqtt-broker-7f4d8b6c9-xk2np   1/1   Running   0     10m33s
1778250636
mqtt-broker-7f4d8b6c9-xk2np   1/1   Running   0     10m39s
1778250640
mqtt-broker-7f4d8b6c9-xk2np   1/1   Running   0     10m43s
1778250646
mqtt-broker-7f4d8b6c9-xk2np   1/1   Running   0     10m49s
1778250650
mqtt-broker-7f4d8b6c9-xk2np   1/1   Running   0     10m53s
1778250655
mqtt-broker-7f4d8b6c9-xk2np   1/1   Running   0     10m58s
1778250661
mqtt-broker-7f4d8b6c9-xk2np   1/1   Running   0     11m4s
1778250667
mqtt-broker-7f4d8b6c9-xk2np   1/1   Running   0     11m10s
1778250673
mqtt-broker-7f4d8b6c9-xk2np   1/1   Running   0     11m16s
1778250678
mqtt-broker-7f4d8b6c9-xk2np   1/1   Running   0     11m21s
1778250683
mqtt-broker-7f4d8b6c9-xk2np   1/1   Running   0     11m26s
1778250688
mqtt-broker-7f4d8b6c9-xk2np   1/1   Running   0     11m31s
1778250693
mqtt-broker-7f4d8b6c9-xk2np   1/1   Running   0     11m36s
1778250698
mqtt-broker-7f4d8b6c9-xk2np   1/1   Running   0     11m41s
1778250703
mqtt-broker-7f4d8b6c9-xk2np   1/1   Running   0     11m46s
1778250708
mqtt-broker-7f4d8b6c9-xk2np   1/1   Running   0     11m51s
1778250713
mqtt-broker-7f4d8b6c9-xk2np   1/1   Running   0     11m56s
1778250718
mqtt-broker-7f4d8b6c9-xk2np   1/1   Running   0     12m1s
1778250723
mqtt-broker-7f4d8b6c9-xk2np   1/1   Running   0     12m6s
1778250728
mqtt-broker-7f4d8b6c9-xk2np   1/1   Running   0     12m11s
1778250732
mqtt-broker-7f4d8b6c9-xk2np   1/1   Running   0     12m15s
1778250736
mqtt-broker-7f4d8b6c9-xk2np   1/1   Running   0     12m19s
1778250741
mqtt-broker-7f4d8b6c9-xk2np   1/1   Running   0     12m24s
1778250747
mqtt-broker-7f4d8b6c9-xk2np   1/1   Running   0     12m30s
1778250753
mqtt-broker-7f4d8b6c9-xk2np   1/1   Running   0     12m36s
1778250757
mqtt-broker-7f4d8b6c9-xk2np   1/1   Running   0     12m40s
1778250761
mqtt-broker-7f4d8b6c9-xk2np   1/1   Running   0     12m44s
1778250767
mqtt-broker-7f4d8b6c9-xk2np   1/1   Running   0     12m50s
1778250772
mqtt-broker-7f4d8b6c9-xk2np   1/1   Running   0     12m55s
1778250778
mqtt-broker-7f4d8b6c9-xk2np   1/1   Running   0     13m1s
1778250783
mqtt-broker-7f4d8b6c9-xk2np   1/1   Running   0     13m6s
1778250788
mqtt-broker-7f4d8b6c9-xk2np   1/1   Running   0     13m11s
1778250793
mqtt-broker-7f4d8b6c9-xk2np   1/1   Running   0     13m16s
1778250797
mqtt-broker-7f4d8b6c9-xk2np   1/1   Running   0     13m20s
1778250802
mqtt-broker-7f4d8b6c9-xk2np   1/1   Running   0     13m25s
1778250807
mqtt-broker-7f4d8b6c9-xk2np   1/1   Running   0     13m30s
1778250812
mqtt-broker-7f4d8b6c9-xk2np   1/1   Running   0     13m35s
1778250817
mqtt-broker-7f4d8b6c9-xk2np   1/1   Running   0     13m40s
1778250822
mqtt-broker-7f4d8b6c9-xk2np   1/1   Running   0     13m45s
1778250828
mqtt-broker-7f4d8b6c9-xk2np   1/1   Running   0     13m51s
1778250833
mqtt-broker-7f4d8b6c9-xk2np   1/1   Running   0     13m56s
1778250839
mqtt-broker-7f4d8b6c9-xk2np   1/1   Running   0     14m2s
1778250845
mqtt-broker-7f4d8b6c9-xk2np   1/1   Running   0     14m8s
1778250849
mqtt-broker-7f4d8b6c9-xk2np   1/1   Running   0     14m12s
1778250855
mqtt-broker-7f4d8b6c9-xk2np   1/1   Running   0     14m18s
1778250860
mqtt-broker-7f4d8b6c9-xk2np   1/1   Running   0     14m23s
