1777402089
websocket-server-56c97f4c7-9mxmt   0m    28Mi   
websocket-server-56c97f4c7-xkzpt   0m    27Mi   
1777402094
websocket-server-56c97f4c7-9mxmt   0m    28Mi   
websocket-server-56c97f4c7-xkzpt   0m    27Mi   
1777402099
websocket-server-56c97f4c7-9mxmt   0m    28Mi   
websocket-server-56c97f4c7-xkzpt   1m    27Mi   
1777402104
websocket-server-56c97f4c7-9mxmt   0m    28Mi   
websocket-server-56c97f4c7-xkzpt   1m    27Mi   
1777402109
websocket-server-56c97f4c7-9mxmt   0m    28Mi   
websocket-server-56c97f4c7-xkzpt   1m    27Mi   
1777402114
websocket-server-56c97f4c7-9mxmt   0m    28Mi   
websocket-server-56c97f4c7-xkzpt   1m    27Mi   
1777402119
websocket-server-56c97f4c7-9mxmt   0m    28Mi   
websocket-server-56c97f4c7-xkzpt   1m    27Mi   
1777402124
websocket-server-56c97f4c7-9mxmt   0m    28Mi   
websocket-server-56c97f4c7-xkzpt   1m    27Mi   
1777402129
websocket-server-56c97f4c7-9mxmt   2m    30Mi   
websocket-server-56c97f4c7-xkzpt   2m    29Mi   
1777402134
websocket-server-56c97f4c7-9mxmt   2m    30Mi   
websocket-server-56c97f4c7-xkzpt   2m    29Mi   
1777402139
websocket-server-56c97f4c7-9mxmt   2m    30Mi   
websocket-server-56c97f4c7-xkzpt   2m    29Mi   
1777402144
websocket-server-56c97f4c7-9mxmt   6m    34Mi   
websocket-server-56c97f4c7-xkzpt   7m    34Mi   
1777402149
websocket-server-56c97f4c7-9mxmt   6m    34Mi   
websocket-server-56c97f4c7-xkzpt   7m    34Mi   
1777402154
websocket-server-56c97f4c7-9mxmt   6m    34Mi   
websocket-server-56c97f4c7-xkzpt   7m    34Mi   
1777402159
websocket-server-56c97f4c7-9mxmt   11m   39Mi   
websocket-server-56c97f4c7-xkzpt   11m   39Mi   
1777402164
websocket-server-56c97f4c7-9mxmt   11m   39Mi   
websocket-server-56c97f4c7-xkzpt   11m   39Mi   
1777402169
websocket-server-56c97f4c7-9mxmt   11m   39Mi   
websocket-server-56c97f4c7-xkzpt   11m   39Mi   
1777402174
websocket-server-56c97f4c7-9mxmt   13m   42Mi   
websocket-server-56c97f4c7-xkzpt   15m   43Mi   
1777402179
websocket-server-56c97f4c7-9mxmt   13m   42Mi   
websocket-server-56c97f4c7-xkzpt   15m   43Mi   
1777402184
websocket-server-56c97f4c7-9mxmt   13m   42Mi   
websocket-server-56c97f4c7-xkzpt   15m   43Mi   
1777402190
websocket-server-56c97f4c7-2bxs9   22m   28Mi   
websocket-server-56c97f4c7-88mhp   2m    28Mi   
websocket-server-56c97f4c7-9mxmt   16m   44Mi   
websocket-server-56c97f4c7-kht5l   2m    28Mi   
websocket-server-56c97f4c7-xkzpt   17m   45Mi   
1777402195
websocket-server-56c97f4c7-2bxs9   22m   28Mi   
websocket-server-56c97f4c7-88mhp   2m    28Mi   
websocket-server-56c97f4c7-9mxmt   16m   44Mi   
websocket-server-56c97f4c7-kht5l   2m    28Mi   
websocket-server-56c97f4c7-xkzpt   17m   45Mi   
1777402200
websocket-server-56c97f4c7-2bxs9   22m   28Mi   
websocket-server-56c97f4c7-88mhp   2m    28Mi   
websocket-server-56c97f4c7-9mxmt   16m   44Mi   
websocket-server-56c97f4c7-kht5l   2m    28Mi   
websocket-server-56c97f4c7-xkzpt   17m   45Mi   
1777402205
websocket-server-56c97f4c7-2bxs9   3m    30Mi   
websocket-server-56c97f4c7-88mhp   3m    30Mi   
websocket-server-56c97f4c7-9mxmt   15m   45Mi   
websocket-server-56c97f4c7-kht5l   4m    30Mi   
websocket-server-56c97f4c7-xkzpt   16m   46Mi   
1777402210
websocket-server-56c97f4c7-2bxs9   3m    30Mi   
websocket-server-56c97f4c7-88mhp   3m    30Mi   
websocket-server-56c97f4c7-9mxmt   15m   45Mi   
websocket-server-56c97f4c7-kht5l   4m    30Mi   
websocket-server-56c97f4c7-xkzpt   16m   46Mi   
1777402215
websocket-server-56c97f4c7-2bxs9   3m    30Mi   
websocket-server-56c97f4c7-88mhp   3m    30Mi   
websocket-server-56c97f4c7-9mxmt   15m   45Mi   
websocket-server-56c97f4c7-kht5l   4m    30Mi   
websocket-server-56c97f4c7-xkzpt   16m   46Mi   
1777402220
websocket-server-56c97f4c7-2bxs9   3m    29Mi   
websocket-server-56c97f4c7-68ghf   19m   27Mi   
websocket-server-56c97f4c7-88mhp   3m    30Mi   
websocket-server-56c97f4c7-9mxmt   14m   45Mi   
websocket-server-56c97f4c7-f8jkn   23m   27Mi   
websocket-server-56c97f4c7-kht5l   3m    30Mi   
websocket-server-56c97f4c7-xkzpt   16m   48Mi   
1777402225
websocket-server-56c97f4c7-2bxs9   3m    29Mi   
websocket-server-56c97f4c7-68ghf   19m   27Mi   
websocket-server-56c97f4c7-88mhp   3m    30Mi   
websocket-server-56c97f4c7-9mxmt   14m   45Mi   
websocket-server-56c97f4c7-f8jkn   23m   27Mi   
websocket-server-56c97f4c7-kht5l   3m    30Mi   
websocket-server-56c97f4c7-xkzpt   16m   48Mi   
1777402230
websocket-server-56c97f4c7-2bxs9   3m    29Mi   
websocket-server-56c97f4c7-68ghf   19m   27Mi   
websocket-server-56c97f4c7-88mhp   3m    30Mi   
websocket-server-56c97f4c7-9mxmt   14m   45Mi   
websocket-server-56c97f4c7-f8jkn   23m   27Mi   
websocket-server-56c97f4c7-kht5l   3m    30Mi   
websocket-server-56c97f4c7-xkzpt   16m   48Mi   
1777402235
websocket-server-56c97f4c7-2bxs9   2m    29Mi   
websocket-server-56c97f4c7-68ghf   0m    27Mi   
websocket-server-56c97f4c7-88mhp   2m    29Mi   
websocket-server-56c97f4c7-9mxmt   15m   45Mi   
websocket-server-56c97f4c7-f8jkn   23m   27Mi   
websocket-server-56c97f4c7-kht5l   3m    30Mi   
websocket-server-56c97f4c7-xkzpt   16m   47Mi   
1777402240
websocket-server-56c97f4c7-2bxs9   2m    29Mi   
websocket-server-56c97f4c7-68ghf   0m    27Mi   
websocket-server-56c97f4c7-88mhp   2m    29Mi   
websocket-server-56c97f4c7-9mxmt   15m   45Mi   
websocket-server-56c97f4c7-f8jkn   23m   27Mi   
websocket-server-56c97f4c7-kht5l   3m    30Mi   
websocket-server-56c97f4c7-xkzpt   16m   47Mi   
1777402245
websocket-server-56c97f4c7-2bxs9   2m    29Mi   
websocket-server-56c97f4c7-68ghf   0m    27Mi   
websocket-server-56c97f4c7-88mhp   2m    29Mi   
websocket-server-56c97f4c7-9mxmt   15m   45Mi   
websocket-server-56c97f4c7-f8jkn   23m   27Mi   
websocket-server-56c97f4c7-kht5l   3m    30Mi   
websocket-server-56c97f4c7-xkzpt   16m   47Mi   
1777402250
websocket-server-56c97f4c7-2bxs9   1m    30Mi   
websocket-server-56c97f4c7-4trws   16m   27Mi   
websocket-server-56c97f4c7-68ghf   0m    27Mi   
websocket-server-56c97f4c7-88mhp   1m    29Mi   
websocket-server-56c97f4c7-9mxmt   8m    45Mi   
websocket-server-56c97f4c7-f8jkn   0m    27Mi   
websocket-server-56c97f4c7-kht5l   1m    30Mi   
websocket-server-56c97f4c7-xkzpt   7m    47Mi   
1777402255
websocket-server-56c97f4c7-2bxs9   1m    30Mi   
websocket-server-56c97f4c7-4trws   16m   27Mi   
websocket-server-56c97f4c7-68ghf   0m    27Mi   
websocket-server-56c97f4c7-88mhp   1m    29Mi   
websocket-server-56c97f4c7-9mxmt   8m    45Mi   
websocket-server-56c97f4c7-f8jkn   0m    27Mi   
websocket-server-56c97f4c7-kht5l   1m    30Mi   
websocket-server-56c97f4c7-xkzpt   7m    47Mi   
1777402260
websocket-server-56c97f4c7-2bxs9   1m    30Mi   
websocket-server-56c97f4c7-4trws   16m   27Mi   
websocket-server-56c97f4c7-68ghf   0m    27Mi   
websocket-server-56c97f4c7-88mhp   1m    29Mi   
websocket-server-56c97f4c7-9mxmt   8m    45Mi   
websocket-server-56c97f4c7-f8jkn   0m    27Mi   
websocket-server-56c97f4c7-kht5l   1m    30Mi   
websocket-server-56c97f4c7-xkzpt   7m    47Mi   
1777402265
websocket-server-56c97f4c7-2bxs9   1m    30Mi   
websocket-server-56c97f4c7-4trws   0m    27Mi   
websocket-server-56c97f4c7-68ghf   1m    27Mi   
websocket-server-56c97f4c7-88mhp   1m    30Mi   
websocket-server-56c97f4c7-9mxmt   5m    45Mi   
websocket-server-56c97f4c7-f8jkn   0m    27Mi   
websocket-server-56c97f4c7-kht5l   1m    30Mi   
websocket-server-56c97f4c7-xkzpt   5m    47Mi   
1777402270
websocket-server-56c97f4c7-2bxs9   1m    30Mi   
websocket-server-56c97f4c7-4trws   0m    27Mi   
websocket-server-56c97f4c7-68ghf   1m    27Mi   
websocket-server-56c97f4c7-88mhp   1m    30Mi   
websocket-server-56c97f4c7-9mxmt   5m    45Mi   
websocket-server-56c97f4c7-f8jkn   0m    27Mi   
websocket-server-56c97f4c7-kht5l   1m    30Mi   
websocket-server-56c97f4c7-xkzpt   5m    47Mi   
1777402275
websocket-server-56c97f4c7-2bxs9   1m    30Mi   
websocket-server-56c97f4c7-4trws   0m    27Mi   
websocket-server-56c97f4c7-68ghf   1m    27Mi   
websocket-server-56c97f4c7-88mhp   1m    30Mi   
websocket-server-56c97f4c7-9mxmt   5m    45Mi   
websocket-server-56c97f4c7-f8jkn   0m    27Mi   
websocket-server-56c97f4c7-kht5l   1m    30Mi   
websocket-server-56c97f4c7-xkzpt   5m    47Mi   
1777402280
websocket-server-56c97f4c7-2bxs9   1m    29Mi   
websocket-server-56c97f4c7-4trws   0m    27Mi   
websocket-server-56c97f4c7-68ghf   0m    27Mi   
websocket-server-56c97f4c7-88mhp   1m    30Mi   
websocket-server-56c97f4c7-9mxmt   5m    45Mi   
websocket-server-56c97f4c7-f8jkn   1m    27Mi   
websocket-server-56c97f4c7-kht5l   1m    30Mi   
websocket-server-56c97f4c7-xkzpt   5m    47Mi   
1777402285
websocket-server-56c97f4c7-2bxs9   1m    29Mi   
websocket-server-56c97f4c7-4trws   0m    27Mi   
websocket-server-56c97f4c7-68ghf   0m    27Mi   
websocket-server-56c97f4c7-88mhp   1m    30Mi   
websocket-server-56c97f4c7-9mxmt   5m    45Mi   
websocket-server-56c97f4c7-f8jkn   1m    27Mi   
websocket-server-56c97f4c7-kht5l   1m    30Mi   
websocket-server-56c97f4c7-xkzpt   5m    47Mi   
1777402290
websocket-server-56c97f4c7-2bxs9   1m    29Mi   
websocket-server-56c97f4c7-4trws   0m    27Mi   
websocket-server-56c97f4c7-68ghf   0m    27Mi   
websocket-server-56c97f4c7-88mhp   1m    30Mi   
websocket-server-56c97f4c7-9mxmt   5m    45Mi   
websocket-server-56c97f4c7-f8jkn   1m    27Mi   
websocket-server-56c97f4c7-kht5l   1m    30Mi   
websocket-server-56c97f4c7-xkzpt   5m    47Mi   
1777402295
websocket-server-56c97f4c7-2bxs9   2m    29Mi   
websocket-server-56c97f4c7-4trws   0m    27Mi   
websocket-server-56c97f4c7-68ghf   0m    27Mi   
websocket-server-56c97f4c7-88mhp   1m    30Mi   
websocket-server-56c97f4c7-9mxmt   8m    44Mi   
websocket-server-56c97f4c7-f8jkn   0m    27Mi   
websocket-server-56c97f4c7-kht5l   3m    30Mi   
websocket-server-56c97f4c7-xkzpt   5m    47Mi   
1777402300
websocket-server-56c97f4c7-2bxs9   2m    29Mi   
websocket-server-56c97f4c7-4trws   0m    27Mi   
websocket-server-56c97f4c7-68ghf   0m    27Mi   
websocket-server-56c97f4c7-88mhp   1m    30Mi   
websocket-server-56c97f4c7-9mxmt   8m    44Mi   
websocket-server-56c97f4c7-f8jkn   0m    27Mi   
websocket-server-56c97f4c7-kht5l   3m    30Mi   
websocket-server-56c97f4c7-xkzpt   5m    47Mi   
1777402306
websocket-server-56c97f4c7-2bxs9   2m    29Mi   
websocket-server-56c97f4c7-4trws   0m    27Mi   
websocket-server-56c97f4c7-68ghf   0m    27Mi   
websocket-server-56c97f4c7-88mhp   1m    30Mi   
websocket-server-56c97f4c7-9mxmt   8m    44Mi   
websocket-server-56c97f4c7-f8jkn   0m    27Mi   
websocket-server-56c97f4c7-kht5l   3m    30Mi   
websocket-server-56c97f4c7-xkzpt   5m    47Mi   
1777402311
websocket-server-56c97f4c7-2bxs9   2m    29Mi   
websocket-server-56c97f4c7-4trws   1m    27Mi   
websocket-server-56c97f4c7-68ghf   0m    27Mi   
websocket-server-56c97f4c7-88mhp   2m    30Mi   
websocket-server-56c97f4c7-9mxmt   8m    44Mi   
websocket-server-56c97f4c7-f8jkn   0m    27Mi   
websocket-server-56c97f4c7-kht5l   1m    30Mi   
websocket-server-56c97f4c7-xkzpt   8m    46Mi   
1777402316
websocket-server-56c97f4c7-2bxs9   2m    29Mi   
websocket-server-56c97f4c7-4trws   1m    27Mi   
websocket-server-56c97f4c7-68ghf   0m    27Mi   
websocket-server-56c97f4c7-88mhp   2m    30Mi   
websocket-server-56c97f4c7-9mxmt   8m    44Mi   
websocket-server-56c97f4c7-f8jkn   0m    27Mi   
websocket-server-56c97f4c7-kht5l   1m    30Mi   
websocket-server-56c97f4c7-xkzpt   8m    46Mi   
1777402321
websocket-server-56c97f4c7-2bxs9   2m    29Mi   
websocket-server-56c97f4c7-4trws   1m    27Mi   
websocket-server-56c97f4c7-68ghf   0m    27Mi   
websocket-server-56c97f4c7-88mhp   2m    30Mi   
websocket-server-56c97f4c7-9mxmt   8m    44Mi   
websocket-server-56c97f4c7-f8jkn   0m    27Mi   
websocket-server-56c97f4c7-kht5l   1m    30Mi   
websocket-server-56c97f4c7-xkzpt   8m    46Mi   
1777402326
websocket-server-56c97f4c7-2bxs9   0m    29Mi   
websocket-server-56c97f4c7-4trws   0m    27Mi   
websocket-server-56c97f4c7-68ghf   1m    27Mi   
websocket-server-56c97f4c7-88mhp   1m    30Mi   
websocket-server-56c97f4c7-9mxmt   0m    44Mi   
websocket-server-56c97f4c7-f8jkn   0m    27Mi   
websocket-server-56c97f4c7-kht5l   0m    30Mi   
websocket-server-56c97f4c7-xkzpt   0m    46Mi   
1777402331
websocket-server-56c97f4c7-2bxs9   0m    29Mi   
websocket-server-56c97f4c7-4trws   0m    27Mi   
websocket-server-56c97f4c7-68ghf   1m    27Mi   
websocket-server-56c97f4c7-88mhp   1m    30Mi   
websocket-server-56c97f4c7-9mxmt   0m    44Mi   
websocket-server-56c97f4c7-f8jkn   0m    27Mi   
websocket-server-56c97f4c7-kht5l   0m    30Mi   
websocket-server-56c97f4c7-xkzpt   0m    46Mi   
1777402336
websocket-server-56c97f4c7-2bxs9   0m    29Mi   
websocket-server-56c97f4c7-4trws   0m    27Mi   
websocket-server-56c97f4c7-68ghf   1m    27Mi   
websocket-server-56c97f4c7-88mhp   1m    30Mi   
websocket-server-56c97f4c7-9mxmt   0m    44Mi   
websocket-server-56c97f4c7-f8jkn   0m    27Mi   
websocket-server-56c97f4c7-kht5l   0m    30Mi   
websocket-server-56c97f4c7-xkzpt   0m    46Mi   
1777402341
websocket-server-56c97f4c7-2bxs9   0m    29Mi   
websocket-server-56c97f4c7-4trws   0m    27Mi   
websocket-server-56c97f4c7-68ghf   0m    27Mi   
websocket-server-56c97f4c7-88mhp   0m    30Mi   
websocket-server-56c97f4c7-9mxmt   0m    44Mi   
websocket-server-56c97f4c7-f8jkn   1m    27Mi   
websocket-server-56c97f4c7-kht5l   0m    30Mi   
websocket-server-56c97f4c7-xkzpt   0m    46Mi   
1777402346
websocket-server-56c97f4c7-2bxs9   0m    29Mi   
websocket-server-56c97f4c7-4trws   0m    27Mi   
websocket-server-56c97f4c7-68ghf   0m    27Mi   
websocket-server-56c97f4c7-88mhp   0m    30Mi   
websocket-server-56c97f4c7-9mxmt   0m    44Mi   
websocket-server-56c97f4c7-f8jkn   1m    27Mi   
websocket-server-56c97f4c7-kht5l   0m    30Mi   
websocket-server-56c97f4c7-xkzpt   0m    46Mi   
1777402351
websocket-server-56c97f4c7-2bxs9   0m    29Mi   
websocket-server-56c97f4c7-4trws   0m    27Mi   
websocket-server-56c97f4c7-68ghf   0m    27Mi   
websocket-server-56c97f4c7-88mhp   0m    30Mi   
websocket-server-56c97f4c7-9mxmt   0m    44Mi   
websocket-server-56c97f4c7-f8jkn   1m    27Mi   
websocket-server-56c97f4c7-kht5l   0m    30Mi   
websocket-server-56c97f4c7-xkzpt   0m    46Mi   
1777402356
websocket-server-56c97f4c7-2bxs9   1m    30Mi   
websocket-server-56c97f4c7-4trws   0m    27Mi   
websocket-server-56c97f4c7-68ghf   0m    27Mi   
websocket-server-56c97f4c7-88mhp   0m    30Mi   
websocket-server-56c97f4c7-9mxmt   0m    44Mi   
websocket-server-56c97f4c7-f8jkn   0m    27Mi   
websocket-server-56c97f4c7-kht5l   0m    30Mi   
websocket-server-56c97f4c7-xkzpt   1m    46Mi   
1777402361
websocket-server-56c97f4c7-2bxs9   1m    30Mi   
websocket-server-56c97f4c7-4trws   0m    27Mi   
websocket-server-56c97f4c7-68ghf   0m    27Mi   
websocket-server-56c97f4c7-88mhp   0m    30Mi   
websocket-server-56c97f4c7-9mxmt   0m    44Mi   
websocket-server-56c97f4c7-f8jkn   0m    27Mi   
websocket-server-56c97f4c7-kht5l   0m    30Mi   
websocket-server-56c97f4c7-xkzpt   1m    46Mi   
1777402366
websocket-server-56c97f4c7-2bxs9   1m    30Mi   
websocket-server-56c97f4c7-4trws   0m    27Mi   
websocket-server-56c97f4c7-68ghf   0m    27Mi   
websocket-server-56c97f4c7-88mhp   0m    30Mi   
websocket-server-56c97f4c7-9mxmt   0m    44Mi   
websocket-server-56c97f4c7-f8jkn   0m    27Mi   
websocket-server-56c97f4c7-kht5l   0m    30Mi   
websocket-server-56c97f4c7-xkzpt   1m    46Mi   
1777402371
websocket-server-56c97f4c7-2bxs9   1m    31Mi   
websocket-server-56c97f4c7-4trws   1m    28Mi   
websocket-server-56c97f4c7-68ghf   1m    28Mi   
websocket-server-56c97f4c7-88mhp   1m    31Mi   
websocket-server-56c97f4c7-9mxmt   0m    44Mi   
websocket-server-56c97f4c7-f8jkn   0m    27Mi   
websocket-server-56c97f4c7-kht5l   0m    30Mi   
websocket-server-56c97f4c7-xkzpt   1m    47Mi   
1777402376
websocket-server-56c97f4c7-2bxs9   1m    31Mi   
websocket-server-56c97f4c7-4trws   1m    28Mi   
websocket-server-56c97f4c7-68ghf   1m    28Mi   
websocket-server-56c97f4c7-88mhp   1m    31Mi   
websocket-server-56c97f4c7-9mxmt   0m    44Mi   
websocket-server-56c97f4c7-f8jkn   0m    27Mi   
websocket-server-56c97f4c7-kht5l   0m    30Mi   
websocket-server-56c97f4c7-xkzpt   1m    47Mi   
1777402381
websocket-server-56c97f4c7-2bxs9   1m    31Mi   
websocket-server-56c97f4c7-4trws   1m    28Mi   
websocket-server-56c97f4c7-68ghf   1m    28Mi   
websocket-server-56c97f4c7-88mhp   1m    31Mi   
websocket-server-56c97f4c7-9mxmt   0m    44Mi   
websocket-server-56c97f4c7-f8jkn   0m    27Mi   
websocket-server-56c97f4c7-kht5l   0m    30Mi   
websocket-server-56c97f4c7-xkzpt   1m    47Mi   
1777402386
websocket-server-56c97f4c7-2bxs9   2m    31Mi   
websocket-server-56c97f4c7-4trws   2m    29Mi   
websocket-server-56c97f4c7-68ghf   2m    29Mi   
websocket-server-56c97f4c7-88mhp   2m    32Mi   
websocket-server-56c97f4c7-9mxmt   2m    46Mi   
websocket-server-56c97f4c7-f8jkn   1m    28Mi   
websocket-server-56c97f4c7-kht5l   2m    33Mi   
websocket-server-56c97f4c7-xkzpt   3m    48Mi   
1777402391
websocket-server-56c97f4c7-2bxs9   2m    31Mi   
websocket-server-56c97f4c7-4trws   2m    29Mi   
websocket-server-56c97f4c7-68ghf   2m    29Mi   
websocket-server-56c97f4c7-88mhp   2m    32Mi   
websocket-server-56c97f4c7-9mxmt   2m    46Mi   
websocket-server-56c97f4c7-f8jkn   1m    28Mi   
websocket-server-56c97f4c7-kht5l   2m    33Mi   
websocket-server-56c97f4c7-xkzpt   3m    48Mi   
1777402396
websocket-server-56c97f4c7-2bxs9   2m    31Mi   
websocket-server-56c97f4c7-4trws   2m    29Mi   
websocket-server-56c97f4c7-68ghf   2m    29Mi   
websocket-server-56c97f4c7-88mhp   2m    32Mi   
websocket-server-56c97f4c7-9mxmt   2m    46Mi   
websocket-server-56c97f4c7-f8jkn   1m    28Mi   
websocket-server-56c97f4c7-kht5l   2m    33Mi   
websocket-server-56c97f4c7-xkzpt   3m    48Mi   
1777402401
websocket-server-56c97f4c7-2bxs9   3m    32Mi   
websocket-server-56c97f4c7-4trws   2m    29Mi   
websocket-server-56c97f4c7-68ghf   2m    29Mi   
websocket-server-56c97f4c7-88mhp   3m    33Mi   
websocket-server-56c97f4c7-9mxmt   4m    48Mi   
websocket-server-56c97f4c7-f8jkn   3m    30Mi   
websocket-server-56c97f4c7-kht5l   2m    33Mi   
websocket-server-56c97f4c7-xkzpt   3m    48Mi   
1777402406
websocket-server-56c97f4c7-2bxs9   3m    32Mi   
websocket-server-56c97f4c7-4trws   2m    29Mi   
websocket-server-56c97f4c7-68ghf   2m    29Mi   
websocket-server-56c97f4c7-88mhp   3m    33Mi   
websocket-server-56c97f4c7-9mxmt   4m    48Mi   
websocket-server-56c97f4c7-f8jkn   3m    30Mi   
websocket-server-56c97f4c7-kht5l   2m    33Mi   
websocket-server-56c97f4c7-xkzpt   3m    48Mi   
1777402411
websocket-server-56c97f4c7-2bxs9   3m    32Mi   
websocket-server-56c97f4c7-4trws   3m    30Mi   
websocket-server-56c97f4c7-68ghf   3m    30Mi   
websocket-server-56c97f4c7-88mhp   3m    33Mi   
websocket-server-56c97f4c7-9mxmt   5m    48Mi   
websocket-server-56c97f4c7-f8jkn   4m    31Mi   
websocket-server-56c97f4c7-kht5l   4m    33Mi   
websocket-server-56c97f4c7-xkzpt   4m    48Mi   
1777402417
websocket-server-56c97f4c7-2bxs9   3m    32Mi   
websocket-server-56c97f4c7-4trws   3m    30Mi   
websocket-server-56c97f4c7-68ghf   3m    30Mi   
websocket-server-56c97f4c7-88mhp   3m    33Mi   
websocket-server-56c97f4c7-9mxmt   5m    48Mi   
websocket-server-56c97f4c7-f8jkn   4m    31Mi   
websocket-server-56c97f4c7-kht5l   4m    33Mi   
websocket-server-56c97f4c7-xkzpt   4m    48Mi   
1777402422
websocket-server-56c97f4c7-2bxs9   3m    32Mi   
websocket-server-56c97f4c7-4trws   3m    30Mi   
websocket-server-56c97f4c7-68ghf   3m    30Mi   
websocket-server-56c97f4c7-88mhp   3m    33Mi   
websocket-server-56c97f4c7-9mxmt   5m    48Mi   
websocket-server-56c97f4c7-f8jkn   4m    31Mi   
websocket-server-56c97f4c7-kht5l   4m    33Mi   
websocket-server-56c97f4c7-xkzpt   4m    48Mi   
1777402427
websocket-server-56c97f4c7-2bxs9   3m    32Mi   
websocket-server-56c97f4c7-4trws   5m    32Mi   
websocket-server-56c97f4c7-68ghf   5m    34Mi   
websocket-server-56c97f4c7-88mhp   3m    33Mi   
websocket-server-56c97f4c7-9mxmt   6m    49Mi   
websocket-server-56c97f4c7-f8jkn   4m    31Mi   
websocket-server-56c97f4c7-kht5l   4m    34Mi   
websocket-server-56c97f4c7-xkzpt   6m    49Mi   
1777402432
websocket-server-56c97f4c7-4trws   5m    32Mi   
websocket-server-56c97f4c7-68ghf   5m    34Mi   
websocket-server-56c97f4c7-88mhp   3m    33Mi   
websocket-server-56c97f4c7-9mxmt   6m    49Mi   
websocket-server-56c97f4c7-f8jkn   4m    31Mi   
websocket-server-56c97f4c7-xkzpt   6m    49Mi   
1777402437
websocket-server-56c97f4c7-4trws   5m    32Mi   
websocket-server-56c97f4c7-68ghf   5m    34Mi   
websocket-server-56c97f4c7-9mxmt   6m    49Mi   
websocket-server-56c97f4c7-f8jkn   4m    31Mi   
websocket-server-56c97f4c7-xkzpt   6m    49Mi   
1777402442
websocket-server-56c97f4c7-4trws   6m    33Mi   
websocket-server-56c97f4c7-68ghf   9m    37Mi   
websocket-server-56c97f4c7-9mxmt   8m    52Mi   
websocket-server-56c97f4c7-f8jkn   5m    33Mi   
websocket-server-56c97f4c7-gw62d   3m    29Mi   
websocket-server-56c97f4c7-jh5cv   2m    28Mi   
websocket-server-56c97f4c7-xkzpt   8m    52Mi   
1777402447
websocket-server-56c97f4c7-4trws   6m    33Mi   
websocket-server-56c97f4c7-68ghf   9m    37Mi   
websocket-server-56c97f4c7-9mxmt   8m    52Mi   
websocket-server-56c97f4c7-f8jkn   5m    33Mi   
websocket-server-56c97f4c7-gw62d   3m    29Mi   
websocket-server-56c97f4c7-jh5cv   2m    28Mi   
websocket-server-56c97f4c7-xkzpt   8m    52Mi   
1777402452
websocket-server-56c97f4c7-4trws   6m    33Mi   
websocket-server-56c97f4c7-68ghf   9m    37Mi   
websocket-server-56c97f4c7-9mxmt   8m    52Mi   
websocket-server-56c97f4c7-gw62d   3m    29Mi   
websocket-server-56c97f4c7-jh5cv   2m    28Mi   
websocket-server-56c97f4c7-xkzpt   8m    52Mi   
1777402457
websocket-server-56c97f4c7-4trws   7m    35Mi   
websocket-server-56c97f4c7-68ghf   8m    37Mi   
websocket-server-56c97f4c7-9mxmt   9m    52Mi   
websocket-server-56c97f4c7-d2qw6   24m   28Mi   
websocket-server-56c97f4c7-dr2rb   22m   28Mi   
websocket-server-56c97f4c7-gw62d   2m    29Mi   
websocket-server-56c97f4c7-jh5cv   2m    28Mi   
websocket-server-56c97f4c7-xkzpt   9m    53Mi   
1777402462
websocket-server-56c97f4c7-4trws   7m    35Mi   
websocket-server-56c97f4c7-68ghf   8m    37Mi   
websocket-server-56c97f4c7-9mxmt   9m    52Mi   
websocket-server-56c97f4c7-d2qw6   24m   28Mi   
websocket-server-56c97f4c7-dr2rb   22m   28Mi   
websocket-server-56c97f4c7-gw62d   2m    29Mi   
websocket-server-56c97f4c7-jh5cv   2m    28Mi   
websocket-server-56c97f4c7-xkzpt   9m    53Mi   
1777402467
websocket-server-56c97f4c7-4trws   7m    35Mi   
websocket-server-56c97f4c7-68ghf   8m    37Mi   
websocket-server-56c97f4c7-9mxmt   9m    52Mi   
websocket-server-56c97f4c7-d2qw6   24m   28Mi   
websocket-server-56c97f4c7-dr2rb   22m   28Mi   
websocket-server-56c97f4c7-gw62d   2m    29Mi   
websocket-server-56c97f4c7-jh5cv   2m    28Mi   
websocket-server-56c97f4c7-xkzpt   9m    53Mi   
1777402472
websocket-server-56c97f4c7-4trws   7m    36Mi   
websocket-server-56c97f4c7-68ghf   9m    37Mi   
websocket-server-56c97f4c7-9mxmt   6m    52Mi   
websocket-server-56c97f4c7-d2qw6   24m   28Mi   
websocket-server-56c97f4c7-dr2rb   1m    28Mi   
websocket-server-56c97f4c7-gw62d   3m    30Mi   
websocket-server-56c97f4c7-jh5cv   3m    29Mi   
websocket-server-56c97f4c7-xkzpt   8m    53Mi   
1777402477
websocket-server-56c97f4c7-4trws   7m    36Mi   
websocket-server-56c97f4c7-68ghf   9m    37Mi   
websocket-server-56c97f4c7-9mxmt   6m    52Mi   
websocket-server-56c97f4c7-d2qw6   24m   28Mi   
websocket-server-56c97f4c7-dr2rb   1m    28Mi   
websocket-server-56c97f4c7-gw62d   3m    30Mi   
websocket-server-56c97f4c7-jh5cv   3m    29Mi   
websocket-server-56c97f4c7-xkzpt   8m    53Mi   
1777402482
websocket-server-56c97f4c7-4trws   7m    36Mi   
websocket-server-56c97f4c7-68ghf   9m    37Mi   
websocket-server-56c97f4c7-9mxmt   6m    52Mi   
websocket-server-56c97f4c7-d2qw6   24m   28Mi   
websocket-server-56c97f4c7-dr2rb   1m    28Mi   
websocket-server-56c97f4c7-gw62d   3m    30Mi   
websocket-server-56c97f4c7-jh5cv   3m    29Mi   
websocket-server-56c97f4c7-xkzpt   8m    53Mi   
1777402487
websocket-server-56c97f4c7-4trws   3m    36Mi   
websocket-server-56c97f4c7-68ghf   4m    37Mi   
websocket-server-56c97f4c7-8vbzt   17m   27Mi   
websocket-server-56c97f4c7-9mxmt   3m    52Mi   
websocket-server-56c97f4c7-d2qw6   1m    28Mi   
websocket-server-56c97f4c7-dr2rb   1m    28Mi   
websocket-server-56c97f4c7-gggjd   0m    27Mi   
websocket-server-56c97f4c7-gw62d   2m    30Mi   
websocket-server-56c97f4c7-jh5cv   2m    29Mi   
websocket-server-56c97f4c7-xkzpt   3m    53Mi   
1777402492
websocket-server-56c97f4c7-4trws   3m    36Mi   
websocket-server-56c97f4c7-68ghf   4m    37Mi   
websocket-server-56c97f4c7-8vbzt   17m   27Mi   
websocket-server-56c97f4c7-9mxmt   3m    52Mi   
websocket-server-56c97f4c7-d2qw6   1m    28Mi   
websocket-server-56c97f4c7-dr2rb   1m    28Mi   
websocket-server-56c97f4c7-gggjd   0m    27Mi   
websocket-server-56c97f4c7-gw62d   2m    30Mi   
websocket-server-56c97f4c7-jh5cv   2m    29Mi   
websocket-server-56c97f4c7-xkzpt   3m    53Mi   
1777402497
websocket-server-56c97f4c7-4trws   3m    36Mi   
websocket-server-56c97f4c7-68ghf   4m    37Mi   
websocket-server-56c97f4c7-8vbzt   17m   27Mi   
websocket-server-56c97f4c7-9mxmt   3m    52Mi   
websocket-server-56c97f4c7-d2qw6   1m    28Mi   
websocket-server-56c97f4c7-dr2rb   1m    28Mi   
websocket-server-56c97f4c7-gggjd   0m    27Mi   
websocket-server-56c97f4c7-gw62d   2m    30Mi   
websocket-server-56c97f4c7-jh5cv   2m    29Mi   
websocket-server-56c97f4c7-xkzpt   3m    53Mi   
1777402502
websocket-server-56c97f4c7-4trws   3m    36Mi   
websocket-server-56c97f4c7-68ghf   3m    37Mi   
websocket-server-56c97f4c7-8vbzt   1m    27Mi   
websocket-server-56c97f4c7-9mxmt   3m    52Mi   
websocket-server-56c97f4c7-d2qw6   1m    28Mi   
websocket-server-56c97f4c7-dr2rb   1m    28Mi   
websocket-server-56c97f4c7-gggjd   0m    27Mi   
websocket-server-56c97f4c7-gw62d   1m    30Mi   
websocket-server-56c97f4c7-jh5cv   1m    29Mi   
websocket-server-56c97f4c7-w9r6c   19m   27Mi   
websocket-server-56c97f4c7-xkzpt   3m    53Mi   
1777402507
websocket-server-56c97f4c7-4trws   3m    36Mi   
websocket-server-56c97f4c7-68ghf   3m    37Mi   
websocket-server-56c97f4c7-8vbzt   1m    27Mi   
websocket-server-56c97f4c7-9mxmt   3m    52Mi   
websocket-server-56c97f4c7-d2qw6   1m    28Mi   
websocket-server-56c97f4c7-dr2rb   1m    28Mi   
websocket-server-56c97f4c7-gggjd   0m    27Mi   
websocket-server-56c97f4c7-gw62d   1m    30Mi   
websocket-server-56c97f4c7-jh5cv   1m    29Mi   
websocket-server-56c97f4c7-w9r6c   19m   27Mi   
websocket-server-56c97f4c7-xkzpt   3m    53Mi   
1777402512
websocket-server-56c97f4c7-4trws   3m    36Mi   
websocket-server-56c97f4c7-68ghf   3m    37Mi   
websocket-server-56c97f4c7-8vbzt   1m    27Mi   
websocket-server-56c97f4c7-9mxmt   3m    52Mi   
websocket-server-56c97f4c7-d2qw6   1m    28Mi   
websocket-server-56c97f4c7-dr2rb   1m    28Mi   
websocket-server-56c97f4c7-gggjd   0m    27Mi   
websocket-server-56c97f4c7-gw62d   1m    30Mi   
websocket-server-56c97f4c7-jh5cv   1m    29Mi   
websocket-server-56c97f4c7-w9r6c   19m   27Mi   
websocket-server-56c97f4c7-xkzpt   3m    53Mi   
1777402517
websocket-server-56c97f4c7-4trws   3m    36Mi   
websocket-server-56c97f4c7-68ghf   3m    37Mi   
websocket-server-56c97f4c7-8vbzt   0m    27Mi   
websocket-server-56c97f4c7-9mxmt   3m    52Mi   
websocket-server-56c97f4c7-d2qw6   1m    28Mi   
websocket-server-56c97f4c7-dr2rb   1m    28Mi   
websocket-server-56c97f4c7-gggjd   1m    27Mi   
websocket-server-56c97f4c7-gw62d   1m    30Mi   
websocket-server-56c97f4c7-jh5cv   1m    29Mi   
websocket-server-56c97f4c7-w9r6c   19m   27Mi   
websocket-server-56c97f4c7-xkzpt   3m    53Mi   
1777402522
websocket-server-56c97f4c7-4trws   3m    36Mi   
websocket-server-56c97f4c7-68ghf   3m    37Mi   
websocket-server-56c97f4c7-8vbzt   0m    27Mi   
websocket-server-56c97f4c7-9mxmt   3m    52Mi   
websocket-server-56c97f4c7-d2qw6   1m    28Mi   
websocket-server-56c97f4c7-dr2rb   1m    28Mi   
websocket-server-56c97f4c7-gggjd   1m    27Mi   
websocket-server-56c97f4c7-gw62d   1m    30Mi   
websocket-server-56c97f4c7-jh5cv   1m    29Mi   
websocket-server-56c97f4c7-w9r6c   19m   27Mi   
websocket-server-56c97f4c7-xkzpt   3m    53Mi   
1777402528
websocket-server-56c97f4c7-4trws   3m    36Mi   
websocket-server-56c97f4c7-68ghf   3m    37Mi   
websocket-server-56c97f4c7-8vbzt   0m    27Mi   
websocket-server-56c97f4c7-9mxmt   3m    52Mi   
websocket-server-56c97f4c7-d2qw6   1m    28Mi   
websocket-server-56c97f4c7-dr2rb   1m    28Mi   
websocket-server-56c97f4c7-gggjd   1m    27Mi   
websocket-server-56c97f4c7-gw62d   1m    30Mi   
websocket-server-56c97f4c7-jh5cv   1m    29Mi   
websocket-server-56c97f4c7-w9r6c   19m   27Mi   
websocket-server-56c97f4c7-xkzpt   3m    53Mi   
1777402533
websocket-server-56c97f4c7-4trws   2m    36Mi   
websocket-server-56c97f4c7-68ghf   3m    37Mi   
websocket-server-56c97f4c7-8vbzt   0m    27Mi   
websocket-server-56c97f4c7-9mxmt   7m    52Mi   
websocket-server-56c97f4c7-d2qw6   1m    28Mi   
websocket-server-56c97f4c7-dr2rb   1m    28Mi   
websocket-server-56c97f4c7-gggjd   0m    27Mi   
websocket-server-56c97f4c7-gw62d   2m    30Mi   
websocket-server-56c97f4c7-jh5cv   3m    29Mi   
websocket-server-56c97f4c7-w9r6c   0m    27Mi   
websocket-server-56c97f4c7-xkzpt   3m    53Mi   
1777402538
websocket-server-56c97f4c7-4trws   2m    36Mi   
websocket-server-56c97f4c7-68ghf   3m    37Mi   
websocket-server-56c97f4c7-8vbzt   0m    27Mi   
websocket-server-56c97f4c7-9mxmt   7m    52Mi   
websocket-server-56c97f4c7-d2qw6   1m    28Mi   
websocket-server-56c97f4c7-dr2rb   1m    28Mi   
websocket-server-56c97f4c7-gggjd   0m    27Mi   
websocket-server-56c97f4c7-gw62d   2m    30Mi   
websocket-server-56c97f4c7-jh5cv   3m    29Mi   
websocket-server-56c97f4c7-w9r6c   0m    27Mi   
websocket-server-56c97f4c7-xkzpt   3m    53Mi   
1777402543
websocket-server-56c97f4c7-4trws   2m    36Mi   
websocket-server-56c97f4c7-68ghf   3m    37Mi   
websocket-server-56c97f4c7-8vbzt   0m    27Mi   
websocket-server-56c97f4c7-9mxmt   7m    52Mi   
websocket-server-56c97f4c7-d2qw6   1m    28Mi   
websocket-server-56c97f4c7-dr2rb   1m    28Mi   
websocket-server-56c97f4c7-gggjd   0m    27Mi   
websocket-server-56c97f4c7-gw62d   2m    30Mi   
websocket-server-56c97f4c7-jh5cv   3m    29Mi   
websocket-server-56c97f4c7-w9r6c   0m    27Mi   
websocket-server-56c97f4c7-xkzpt   3m    53Mi   
1777402548
websocket-server-56c97f4c7-4trws   4m    35Mi   
websocket-server-56c97f4c7-68ghf   5m    37Mi   
websocket-server-56c97f4c7-8vbzt   0m    27Mi   
websocket-server-56c97f4c7-9mxmt   0m    52Mi   
websocket-server-56c97f4c7-d2qw6   0m    28Mi   
websocket-server-56c97f4c7-dr2rb   0m    28Mi   
websocket-server-56c97f4c7-gggjd   0m    27Mi   
websocket-server-56c97f4c7-gw62d   2m    30Mi   
websocket-server-56c97f4c7-jh5cv   0m    29Mi   
websocket-server-56c97f4c7-w9r6c   1m    27Mi   
websocket-server-56c97f4c7-xkzpt   6m    52Mi   
1777402553
websocket-server-56c97f4c7-4trws   4m    35Mi   
websocket-server-56c97f4c7-68ghf   5m    37Mi   
websocket-server-56c97f4c7-8vbzt   0m    27Mi   
websocket-server-56c97f4c7-9mxmt   0m    52Mi   
websocket-server-56c97f4c7-d2qw6   0m    28Mi   
websocket-server-56c97f4c7-dr2rb   0m    28Mi   
websocket-server-56c97f4c7-gggjd   0m    27Mi   
websocket-server-56c97f4c7-gw62d   2m    30Mi   
websocket-server-56c97f4c7-jh5cv   0m    29Mi   
websocket-server-56c97f4c7-w9r6c   1m    27Mi   
websocket-server-56c97f4c7-xkzpt   6m    52Mi   
1777402558
websocket-server-56c97f4c7-4trws   4m    35Mi   
websocket-server-56c97f4c7-68ghf   5m    37Mi   
websocket-server-56c97f4c7-8vbzt   0m    27Mi   
websocket-server-56c97f4c7-9mxmt   0m    52Mi   
websocket-server-56c97f4c7-d2qw6   0m    28Mi   
websocket-server-56c97f4c7-dr2rb   0m    28Mi   
websocket-server-56c97f4c7-gggjd   0m    27Mi   
websocket-server-56c97f4c7-gw62d   2m    30Mi   
websocket-server-56c97f4c7-jh5cv   0m    29Mi   
websocket-server-56c97f4c7-w9r6c   1m    27Mi   
websocket-server-56c97f4c7-xkzpt   6m    52Mi   
1777402563
websocket-server-56c97f4c7-4trws   0m    35Mi   
websocket-server-56c97f4c7-68ghf   1m    37Mi   
websocket-server-56c97f4c7-8vbzt   1m    27Mi   
websocket-server-56c97f4c7-9mxmt   0m    52Mi   
websocket-server-56c97f4c7-d2qw6   0m    28Mi   
websocket-server-56c97f4c7-dr2rb   0m    28Mi   
websocket-server-56c97f4c7-gggjd   0m    27Mi   
websocket-server-56c97f4c7-gw62d   2m    30Mi   
websocket-server-56c97f4c7-jh5cv   1m    29Mi   
websocket-server-56c97f4c7-w9r6c   1m    27Mi   
websocket-server-56c97f4c7-xkzpt   0m    52Mi   
1777402568
websocket-server-56c97f4c7-4trws   0m    35Mi   
websocket-server-56c97f4c7-68ghf   1m    37Mi   
websocket-server-56c97f4c7-8vbzt   1m    27Mi   
websocket-server-56c97f4c7-9mxmt   0m    52Mi   
websocket-server-56c97f4c7-d2qw6   0m    28Mi   
websocket-server-56c97f4c7-dr2rb   0m    28Mi   
websocket-server-56c97f4c7-gggjd   0m    27Mi   
websocket-server-56c97f4c7-gw62d   2m    30Mi   
websocket-server-56c97f4c7-jh5cv   1m    29Mi   
websocket-server-56c97f4c7-w9r6c   1m    27Mi   
websocket-server-56c97f4c7-xkzpt   0m    52Mi   
1777402573
websocket-server-56c97f4c7-4trws   0m    35Mi   
websocket-server-56c97f4c7-68ghf   1m    37Mi   
websocket-server-56c97f4c7-8vbzt   1m    27Mi   
websocket-server-56c97f4c7-9mxmt   0m    52Mi   
websocket-server-56c97f4c7-d2qw6   0m    28Mi   
websocket-server-56c97f4c7-dr2rb   0m    28Mi   
websocket-server-56c97f4c7-gggjd   0m    27Mi   
websocket-server-56c97f4c7-gw62d   2m    30Mi   
websocket-server-56c97f4c7-jh5cv   1m    29Mi   
websocket-server-56c97f4c7-w9r6c   1m    27Mi   
websocket-server-56c97f4c7-xkzpt   0m    52Mi   
1777402578
websocket-server-56c97f4c7-4trws   0m    35Mi   
websocket-server-56c97f4c7-68ghf   0m    37Mi   
websocket-server-56c97f4c7-8vbzt   0m    27Mi   
websocket-server-56c97f4c7-9mxmt   0m    52Mi   
websocket-server-56c97f4c7-d2qw6   1m    28Mi   
websocket-server-56c97f4c7-dr2rb   0m    28Mi   
websocket-server-56c97f4c7-gggjd   1m    27Mi   
websocket-server-56c97f4c7-gw62d   1m    30Mi   
websocket-server-56c97f4c7-jh5cv   0m    29Mi   
websocket-server-56c97f4c7-w9r6c   0m    27Mi   
websocket-server-56c97f4c7-xkzpt   0m    52Mi   
1777402583
websocket-server-56c97f4c7-4trws   0m    35Mi   
websocket-server-56c97f4c7-68ghf   0m    37Mi   
websocket-server-56c97f4c7-8vbzt   0m    27Mi   
websocket-server-56c97f4c7-9mxmt   0m    52Mi   
websocket-server-56c97f4c7-d2qw6   1m    28Mi   
websocket-server-56c97f4c7-dr2rb   0m    28Mi   
websocket-server-56c97f4c7-gggjd   1m    27Mi   
websocket-server-56c97f4c7-gw62d   1m    30Mi   
websocket-server-56c97f4c7-jh5cv   0m    29Mi   
websocket-server-56c97f4c7-w9r6c   0m    27Mi   
websocket-server-56c97f4c7-xkzpt   0m    52Mi   
1777402588
websocket-server-56c97f4c7-4trws   0m    35Mi   
websocket-server-56c97f4c7-68ghf   0m    37Mi   
websocket-server-56c97f4c7-8vbzt   0m    27Mi   
websocket-server-56c97f4c7-9mxmt   0m    52Mi   
websocket-server-56c97f4c7-d2qw6   1m    28Mi   
websocket-server-56c97f4c7-dr2rb   0m    28Mi   
websocket-server-56c97f4c7-gggjd   1m    27Mi   
websocket-server-56c97f4c7-gw62d   1m    30Mi   
websocket-server-56c97f4c7-jh5cv   0m    29Mi   
websocket-server-56c97f4c7-w9r6c   0m    27Mi   
websocket-server-56c97f4c7-xkzpt   0m    52Mi   
1777402593
websocket-server-56c97f4c7-4trws   0m    35Mi   
websocket-server-56c97f4c7-68ghf   0m    37Mi   
websocket-server-56c97f4c7-8vbzt   0m    27Mi   
websocket-server-56c97f4c7-9mxmt   1m    52Mi   
websocket-server-56c97f4c7-d2qw6   0m    28Mi   
websocket-server-56c97f4c7-dr2rb   0m    28Mi   
websocket-server-56c97f4c7-gggjd   0m    27Mi   
websocket-server-56c97f4c7-gw62d   0m    30Mi   
websocket-server-56c97f4c7-jh5cv   0m    29Mi   
websocket-server-56c97f4c7-w9r6c   0m    27Mi   
websocket-server-56c97f4c7-xkzpt   1m    52Mi   
1777402598
websocket-server-56c97f4c7-4trws   0m    35Mi   
websocket-server-56c97f4c7-68ghf   0m    37Mi   
websocket-server-56c97f4c7-8vbzt   0m    27Mi   
websocket-server-56c97f4c7-9mxmt   1m    52Mi   
websocket-server-56c97f4c7-d2qw6   0m    28Mi   
websocket-server-56c97f4c7-dr2rb   0m    28Mi   
websocket-server-56c97f4c7-gggjd   0m    27Mi   
websocket-server-56c97f4c7-gw62d   0m    30Mi   
websocket-server-56c97f4c7-jh5cv   0m    29Mi   
websocket-server-56c97f4c7-w9r6c   0m    27Mi   
websocket-server-56c97f4c7-xkzpt   1m    52Mi   
1777402603
websocket-server-56c97f4c7-4trws   0m    35Mi   
websocket-server-56c97f4c7-68ghf   0m    37Mi   
websocket-server-56c97f4c7-8vbzt   0m    27Mi   
websocket-server-56c97f4c7-9mxmt   1m    52Mi   
websocket-server-56c97f4c7-d2qw6   0m    28Mi   
websocket-server-56c97f4c7-dr2rb   0m    28Mi   
websocket-server-56c97f4c7-gggjd   0m    27Mi   
websocket-server-56c97f4c7-gw62d   0m    30Mi   
websocket-server-56c97f4c7-jh5cv   0m    29Mi   
websocket-server-56c97f4c7-w9r6c   0m    27Mi   
websocket-server-56c97f4c7-xkzpt   1m    52Mi   
1777402608
websocket-server-56c97f4c7-4trws   1m    35Mi   
websocket-server-56c97f4c7-68ghf   0m    37Mi   
websocket-server-56c97f4c7-8vbzt   0m    27Mi   
websocket-server-56c97f4c7-9mxmt   0m    52Mi   
websocket-server-56c97f4c7-d2qw6   0m    28Mi   
websocket-server-56c97f4c7-dr2rb   1m    28Mi   
websocket-server-56c97f4c7-gggjd   0m    27Mi   
websocket-server-56c97f4c7-gw62d   0m    30Mi   
websocket-server-56c97f4c7-jh5cv   0m    29Mi   
websocket-server-56c97f4c7-w9r6c   1m    27Mi   
websocket-server-56c97f4c7-xkzpt   1m    52Mi   
1777402613
websocket-server-56c97f4c7-4trws   1m    35Mi   
websocket-server-56c97f4c7-68ghf   0m    37Mi   
websocket-server-56c97f4c7-8vbzt   0m    27Mi   
websocket-server-56c97f4c7-9mxmt   0m    52Mi   
websocket-server-56c97f4c7-d2qw6   0m    28Mi   
websocket-server-56c97f4c7-dr2rb   1m    28Mi   
websocket-server-56c97f4c7-gggjd   0m    27Mi   
websocket-server-56c97f4c7-gw62d   0m    30Mi   
websocket-server-56c97f4c7-jh5cv   0m    29Mi   
websocket-server-56c97f4c7-w9r6c   1m    27Mi   
websocket-server-56c97f4c7-xkzpt   1m    52Mi   
1777402618
websocket-server-56c97f4c7-4trws   1m    35Mi   
websocket-server-56c97f4c7-68ghf   0m    37Mi   
websocket-server-56c97f4c7-8vbzt   0m    27Mi   
websocket-server-56c97f4c7-9mxmt   0m    52Mi   
websocket-server-56c97f4c7-d2qw6   0m    28Mi   
websocket-server-56c97f4c7-dr2rb   1m    28Mi   
websocket-server-56c97f4c7-gggjd   0m    27Mi   
websocket-server-56c97f4c7-gw62d   0m    30Mi   
websocket-server-56c97f4c7-jh5cv   0m    29Mi   
websocket-server-56c97f4c7-w9r6c   1m    27Mi   
websocket-server-56c97f4c7-xkzpt   1m    52Mi   
1777402623
websocket-server-56c97f4c7-4trws   0m    35Mi   
websocket-server-56c97f4c7-68ghf   1m    37Mi   
websocket-server-56c97f4c7-8vbzt   0m    27Mi   
websocket-server-56c97f4c7-9mxmt   0m    52Mi   
websocket-server-56c97f4c7-d2qw6   1m    28Mi   
websocket-server-56c97f4c7-dr2rb   1m    28Mi   
websocket-server-56c97f4c7-gggjd   0m    27Mi   
websocket-server-56c97f4c7-gw62d   0m    30Mi   
websocket-server-56c97f4c7-jh5cv   1m    29Mi   
websocket-server-56c97f4c7-w9r6c   0m    27Mi   
websocket-server-56c97f4c7-xkzpt   0m    52Mi   
1777402628
websocket-server-56c97f4c7-4trws   0m    35Mi   
websocket-server-56c97f4c7-68ghf   1m    37Mi   
websocket-server-56c97f4c7-8vbzt   0m    27Mi   
websocket-server-56c97f4c7-9mxmt   0m    52Mi   
websocket-server-56c97f4c7-d2qw6   1m    28Mi   
websocket-server-56c97f4c7-dr2rb   1m    28Mi   
websocket-server-56c97f4c7-gggjd   0m    27Mi   
websocket-server-56c97f4c7-gw62d   0m    30Mi   
websocket-server-56c97f4c7-jh5cv   1m    29Mi   
websocket-server-56c97f4c7-w9r6c   0m    27Mi   
websocket-server-56c97f4c7-xkzpt   0m    52Mi   
1777402633
websocket-server-56c97f4c7-4trws   0m    35Mi   
websocket-server-56c97f4c7-68ghf   1m    37Mi   
websocket-server-56c97f4c7-8vbzt   0m    27Mi   
websocket-server-56c97f4c7-9mxmt   0m    52Mi   
websocket-server-56c97f4c7-d2qw6   1m    28Mi   
websocket-server-56c97f4c7-dr2rb   1m    28Mi   
websocket-server-56c97f4c7-gggjd   0m    27Mi   
websocket-server-56c97f4c7-gw62d   0m    30Mi   
websocket-server-56c97f4c7-jh5cv   1m    29Mi   
websocket-server-56c97f4c7-w9r6c   0m    27Mi   
websocket-server-56c97f4c7-xkzpt   0m    52Mi   
1777402639
websocket-server-56c97f4c7-4trws   0m    35Mi   
websocket-server-56c97f4c7-68ghf   0m    37Mi   
websocket-server-56c97f4c7-8vbzt   1m    27Mi   
websocket-server-56c97f4c7-9mxmt   0m    52Mi   
websocket-server-56c97f4c7-d2qw6   0m    28Mi   
websocket-server-56c97f4c7-dr2rb   0m    28Mi   
websocket-server-56c97f4c7-gggjd   1m    27Mi   
websocket-server-56c97f4c7-gw62d   0m    30Mi   
websocket-server-56c97f4c7-jh5cv   0m    29Mi   
websocket-server-56c97f4c7-w9r6c   0m    27Mi   
websocket-server-56c97f4c7-xkzpt   1m    52Mi   
1777402644
websocket-server-56c97f4c7-4trws   0m    35Mi   
websocket-server-56c97f4c7-68ghf   0m    37Mi   
websocket-server-56c97f4c7-8vbzt   1m    27Mi   
websocket-server-56c97f4c7-9mxmt   0m    52Mi   
websocket-server-56c97f4c7-d2qw6   0m    28Mi   
websocket-server-56c97f4c7-dr2rb   0m    28Mi   
websocket-server-56c97f4c7-gggjd   1m    27Mi   
websocket-server-56c97f4c7-gw62d   0m    30Mi   
websocket-server-56c97f4c7-jh5cv   0m    29Mi   
websocket-server-56c97f4c7-w9r6c   0m    27Mi   
websocket-server-56c97f4c7-xkzpt   1m    52Mi   
1777402649
websocket-server-56c97f4c7-4trws   0m    35Mi   
websocket-server-56c97f4c7-68ghf   0m    37Mi   
websocket-server-56c97f4c7-8vbzt   1m    27Mi   
websocket-server-56c97f4c7-9mxmt   0m    52Mi   
websocket-server-56c97f4c7-d2qw6   0m    28Mi   
websocket-server-56c97f4c7-dr2rb   0m    28Mi   
websocket-server-56c97f4c7-gggjd   1m    27Mi   
websocket-server-56c97f4c7-gw62d   0m    30Mi   
websocket-server-56c97f4c7-jh5cv   0m    29Mi   
websocket-server-56c97f4c7-w9r6c   0m    27Mi   
websocket-server-56c97f4c7-xkzpt   1m    52Mi   
1777402654
websocket-server-56c97f4c7-4trws   0m    35Mi   
websocket-server-56c97f4c7-68ghf   0m    37Mi   
websocket-server-56c97f4c7-8vbzt   1m    27Mi   
websocket-server-56c97f4c7-9mxmt   1m    52Mi   
websocket-server-56c97f4c7-d2qw6   0m    28Mi   
websocket-server-56c97f4c7-dr2rb   1m    28Mi   
websocket-server-56c97f4c7-gggjd   0m    27Mi   
websocket-server-56c97f4c7-gw62d   1m    30Mi   
websocket-server-56c97f4c7-jh5cv   0m    29Mi   
websocket-server-56c97f4c7-w9r6c   0m    27Mi   
websocket-server-56c97f4c7-xkzpt   0m    52Mi   
1777402659
websocket-server-56c97f4c7-4trws   0m    35Mi   
websocket-server-56c97f4c7-68ghf   0m    37Mi   
websocket-server-56c97f4c7-8vbzt   1m    27Mi   
websocket-server-56c97f4c7-9mxmt   1m    52Mi   
websocket-server-56c97f4c7-d2qw6   0m    28Mi   
websocket-server-56c97f4c7-dr2rb   1m    28Mi   
websocket-server-56c97f4c7-gggjd   0m    27Mi   
websocket-server-56c97f4c7-gw62d   1m    30Mi   
websocket-server-56c97f4c7-jh5cv   0m    29Mi   
websocket-server-56c97f4c7-w9r6c   0m    27Mi   
websocket-server-56c97f4c7-xkzpt   0m    52Mi   
1777402664
websocket-server-56c97f4c7-4trws   0m    35Mi   
websocket-server-56c97f4c7-68ghf   0m    37Mi   
websocket-server-56c97f4c7-8vbzt   1m    27Mi   
websocket-server-56c97f4c7-9mxmt   1m    52Mi   
websocket-server-56c97f4c7-d2qw6   0m    28Mi   
websocket-server-56c97f4c7-dr2rb   1m    28Mi   
websocket-server-56c97f4c7-gggjd   0m    27Mi   
websocket-server-56c97f4c7-gw62d   1m    30Mi   
websocket-server-56c97f4c7-jh5cv   0m    29Mi   
websocket-server-56c97f4c7-w9r6c   0m    27Mi   
websocket-server-56c97f4c7-xkzpt   0m    52Mi   
1777402669
websocket-server-56c97f4c7-4trws   1m    35Mi   
websocket-server-56c97f4c7-68ghf   0m    37Mi   
websocket-server-56c97f4c7-8vbzt   0m    27Mi   
websocket-server-56c97f4c7-9mxmt   0m    52Mi   
websocket-server-56c97f4c7-d2qw6   0m    28Mi   
websocket-server-56c97f4c7-dr2rb   0m    28Mi   
websocket-server-56c97f4c7-gggjd   0m    27Mi   
websocket-server-56c97f4c7-gw62d   0m    30Mi   
websocket-server-56c97f4c7-jh5cv   0m    29Mi   
websocket-server-56c97f4c7-w9r6c   1m    27Mi   
websocket-server-56c97f4c7-xkzpt   0m    52Mi   
