1781615341
websocket-server-56c97f4c7-6q5vs   1m    97Mi   
websocket-server-56c97f4c7-t7zg4   1m    94Mi   
1781615346
websocket-server-56c97f4c7-6q5vs   1m    97Mi   
websocket-server-56c97f4c7-t7zg4   1m    94Mi   
1781615351
websocket-server-56c97f4c7-6q5vs   1m    97Mi   
websocket-server-56c97f4c7-t7zg4   1m    94Mi   
1781615356
websocket-server-56c97f4c7-6q5vs   1m    97Mi   
websocket-server-56c97f4c7-t7zg4   1m    94Mi   
1781615362
websocket-server-56c97f4c7-6q5vs   1m    97Mi   
websocket-server-56c97f4c7-t7zg4   1m    94Mi   
1781615367
websocket-server-56c97f4c7-6q5vs   1m    97Mi   
websocket-server-56c97f4c7-t7zg4   1m    94Mi   
1781615372
websocket-server-56c97f4c7-6q5vs   3m    98Mi   
websocket-server-56c97f4c7-t7zg4   2m    94Mi   
1781615377
websocket-server-56c97f4c7-6q5vs   3m    98Mi   
websocket-server-56c97f4c7-t7zg4   2m    94Mi   
1781615382
websocket-server-56c97f4c7-6q5vs   3m    98Mi   
websocket-server-56c97f4c7-t7zg4   2m    94Mi   
1781615387
websocket-server-56c97f4c7-6q5vs   3m    98Mi   
websocket-server-56c97f4c7-t7zg4   7m    94Mi   
1781615392
websocket-server-56c97f4c7-6q5vs   3m    98Mi   
websocket-server-56c97f4c7-t7zg4   7m    94Mi   
1781615397
websocket-server-56c97f4c7-6q5vs   3m    98Mi   
websocket-server-56c97f4c7-t7zg4   7m    94Mi   
1781615402
websocket-server-56c97f4c7-6q5vs   9m    98Mi   
websocket-server-56c97f4c7-t7zg4   12m   95Mi   
1781615407
websocket-server-56c97f4c7-6q5vs   9m    98Mi   
websocket-server-56c97f4c7-t7zg4   12m   95Mi   
1781615412
websocket-server-56c97f4c7-6q5vs   14m   98Mi   
websocket-server-56c97f4c7-c62wb   3m    28Mi   
websocket-server-56c97f4c7-t7zg4   14m   95Mi   
websocket-server-56c97f4c7-vz2qh   22m   28Mi   
1781615417
websocket-server-56c97f4c7-6q5vs   14m   98Mi   
websocket-server-56c97f4c7-c62wb   3m    28Mi   
websocket-server-56c97f4c7-t7zg4   14m   95Mi   
websocket-server-56c97f4c7-vz2qh   22m   28Mi   
1781615422
websocket-server-56c97f4c7-6q5vs   14m   98Mi   
websocket-server-56c97f4c7-c62wb   3m    28Mi   
websocket-server-56c97f4c7-t7zg4   14m   95Mi   
websocket-server-56c97f4c7-vz2qh   22m   28Mi   
1781615427
websocket-server-56c97f4c7-6q5vs   15m   98Mi   
websocket-server-56c97f4c7-c62wb   3m    28Mi   
websocket-server-56c97f4c7-dkcqj   3m    28Mi   
websocket-server-56c97f4c7-t7zg4   13m   96Mi   
websocket-server-56c97f4c7-vz2qh   4m    30Mi   
1781615432
websocket-server-56c97f4c7-6q5vs   15m   98Mi   
websocket-server-56c97f4c7-c62wb   3m    28Mi   
websocket-server-56c97f4c7-dkcqj   3m    28Mi   
websocket-server-56c97f4c7-t7zg4   13m   96Mi   
websocket-server-56c97f4c7-vz2qh   4m    30Mi   
1781615437
websocket-server-56c97f4c7-6q5vs   15m   98Mi   
websocket-server-56c97f4c7-c62wb   3m    28Mi   
websocket-server-56c97f4c7-dkcqj   3m    28Mi   
websocket-server-56c97f4c7-t7zg4   13m   96Mi   
websocket-server-56c97f4c7-vz2qh   4m    30Mi   
1781615442
websocket-server-56c97f4c7-6q5vs   17m   99Mi   
websocket-server-56c97f4c7-c62wb   4m    30Mi   
websocket-server-56c97f4c7-dkcqj   3m    28Mi   
websocket-server-56c97f4c7-n696r   2m    28Mi   
websocket-server-56c97f4c7-t7zg4   14m   95Mi   
websocket-server-56c97f4c7-vz2qh   6m    31Mi   
1781615447
websocket-server-56c97f4c7-6q5vs   17m   99Mi   
websocket-server-56c97f4c7-c62wb   4m    30Mi   
websocket-server-56c97f4c7-dkcqj   3m    28Mi   
websocket-server-56c97f4c7-n696r   2m    28Mi   
websocket-server-56c97f4c7-t7zg4   14m   95Mi   
websocket-server-56c97f4c7-vz2qh   6m    31Mi   
1781615453
websocket-server-56c97f4c7-6q5vs   17m   99Mi   
websocket-server-56c97f4c7-c62wb   4m    30Mi   
websocket-server-56c97f4c7-dkcqj   3m    28Mi   
websocket-server-56c97f4c7-n696r   2m    28Mi   
websocket-server-56c97f4c7-t7zg4   14m   95Mi   
websocket-server-56c97f4c7-vz2qh   6m    31Mi   
1781615458
websocket-server-56c97f4c7-6q5vs   19m   99Mi   
websocket-server-56c97f4c7-c62wb   6m    31Mi   
websocket-server-56c97f4c7-dkcqj   5m    30Mi   
websocket-server-56c97f4c7-n696r   3m    28Mi   
websocket-server-56c97f4c7-nczqm   19m   27Mi   
websocket-server-56c97f4c7-t7zg4   16m   96Mi   
websocket-server-56c97f4c7-vz2qh   7m    32Mi   
websocket-server-56c97f4c7-xnwvh   1m    28Mi   
1781615463
websocket-server-56c97f4c7-6q5vs   19m   99Mi   
websocket-server-56c97f4c7-c62wb   6m    31Mi   
websocket-server-56c97f4c7-dkcqj   5m    30Mi   
websocket-server-56c97f4c7-n696r   3m    28Mi   
websocket-server-56c97f4c7-nczqm   19m   27Mi   
websocket-server-56c97f4c7-t7zg4   16m   96Mi   
websocket-server-56c97f4c7-vz2qh   7m    32Mi   
websocket-server-56c97f4c7-xnwvh   1m    28Mi   
1781615468
websocket-server-56c97f4c7-6q5vs   19m   99Mi   
websocket-server-56c97f4c7-c62wb   6m    31Mi   
websocket-server-56c97f4c7-dkcqj   5m    30Mi   
websocket-server-56c97f4c7-n696r   3m    28Mi   
websocket-server-56c97f4c7-nczqm   19m   27Mi   
websocket-server-56c97f4c7-t7zg4   16m   96Mi   
websocket-server-56c97f4c7-vz2qh   7m    32Mi   
websocket-server-56c97f4c7-xnwvh   1m    28Mi   
1781615473
websocket-server-56c97f4c7-6q5vs   18m   99Mi   
websocket-server-56c97f4c7-c62wb   6m    31Mi   
websocket-server-56c97f4c7-dkcqj   5m    30Mi   
websocket-server-56c97f4c7-n696r   2m    28Mi   
websocket-server-56c97f4c7-nczqm   1m    27Mi   
websocket-server-56c97f4c7-t7zg4   16m   95Mi   
websocket-server-56c97f4c7-vz2qh   7m    32Mi   
websocket-server-56c97f4c7-xnwvh   1m    28Mi   
1781615478
websocket-server-56c97f4c7-6q5vs   18m   99Mi   
websocket-server-56c97f4c7-c62wb   6m    31Mi   
websocket-server-56c97f4c7-dkcqj   5m    30Mi   
websocket-server-56c97f4c7-n696r   2m    28Mi   
websocket-server-56c97f4c7-nczqm   1m    27Mi   
websocket-server-56c97f4c7-t7zg4   16m   95Mi   
websocket-server-56c97f4c7-vz2qh   7m    32Mi   
websocket-server-56c97f4c7-xnwvh   1m    28Mi   
1781615483
websocket-server-56c97f4c7-6q5vs   18m   99Mi   
websocket-server-56c97f4c7-c62wb   6m    31Mi   
websocket-server-56c97f4c7-dkcqj   5m    30Mi   
websocket-server-56c97f4c7-n696r   2m    28Mi   
websocket-server-56c97f4c7-nczqm   1m    27Mi   
websocket-server-56c97f4c7-t7zg4   16m   95Mi   
websocket-server-56c97f4c7-vz2qh   7m    32Mi   
websocket-server-56c97f4c7-xnwvh   1m    28Mi   
1781615488
websocket-server-56c97f4c7-6q5vs   16m   99Mi   
websocket-server-56c97f4c7-c62wb   6m    31Mi   
websocket-server-56c97f4c7-dkcqj   4m    30Mi   
websocket-server-56c97f4c7-n696r   2m    28Mi   
websocket-server-56c97f4c7-nczqm   1m    27Mi   
websocket-server-56c97f4c7-t7zg4   16m   95Mi   
websocket-server-56c97f4c7-vz2qh   5m    32Mi   
websocket-server-56c97f4c7-xnwvh   1m    28Mi   
1781615493
websocket-server-56c97f4c7-6q5vs   16m   99Mi   
websocket-server-56c97f4c7-c62wb   6m    31Mi   
websocket-server-56c97f4c7-dkcqj   4m    30Mi   
websocket-server-56c97f4c7-n696r   2m    28Mi   
websocket-server-56c97f4c7-nczqm   1m    27Mi   
websocket-server-56c97f4c7-t7zg4   16m   95Mi   
websocket-server-56c97f4c7-vz2qh   5m    32Mi   
websocket-server-56c97f4c7-xnwvh   1m    28Mi   
1781615498
websocket-server-56c97f4c7-6q5vs   16m   99Mi   
websocket-server-56c97f4c7-c62wb   6m    31Mi   
websocket-server-56c97f4c7-dkcqj   4m    30Mi   
websocket-server-56c97f4c7-n696r   2m    28Mi   
websocket-server-56c97f4c7-nczqm   1m    27Mi   
websocket-server-56c97f4c7-t7zg4   16m   95Mi   
websocket-server-56c97f4c7-vz2qh   5m    32Mi   
websocket-server-56c97f4c7-xnwvh   1m    28Mi   
1781615503
websocket-server-56c97f4c7-6q5vs   6m    99Mi   
websocket-server-56c97f4c7-c62wb   2m    31Mi   
websocket-server-56c97f4c7-dkcqj   4m    30Mi   
websocket-server-56c97f4c7-n696r   1m    28Mi   
websocket-server-56c97f4c7-nczqm   1m    27Mi   
websocket-server-56c97f4c7-t7zg4   6m    95Mi   
websocket-server-56c97f4c7-vz2qh   2m    32Mi   
websocket-server-56c97f4c7-xnwvh   1m    28Mi   
1781615508
websocket-server-56c97f4c7-6q5vs   6m    99Mi   
websocket-server-56c97f4c7-c62wb   2m    31Mi   
websocket-server-56c97f4c7-dkcqj   4m    30Mi   
websocket-server-56c97f4c7-n696r   1m    28Mi   
websocket-server-56c97f4c7-nczqm   1m    27Mi   
websocket-server-56c97f4c7-t7zg4   6m    95Mi   
websocket-server-56c97f4c7-vz2qh   2m    32Mi   
websocket-server-56c97f4c7-xnwvh   1m    28Mi   
1781615513
websocket-server-56c97f4c7-6q5vs   6m    99Mi   
websocket-server-56c97f4c7-c62wb   2m    31Mi   
websocket-server-56c97f4c7-dkcqj   4m    30Mi   
websocket-server-56c97f4c7-n696r   1m    28Mi   
websocket-server-56c97f4c7-nczqm   1m    27Mi   
websocket-server-56c97f4c7-t7zg4   6m    95Mi   
websocket-server-56c97f4c7-vz2qh   2m    32Mi   
websocket-server-56c97f4c7-xnwvh   1m    28Mi   
1781615518
websocket-server-56c97f4c7-6q5vs   6m    99Mi   
websocket-server-56c97f4c7-c62wb   2m    32Mi   
websocket-server-56c97f4c7-dkcqj   2m    31Mi   
websocket-server-56c97f4c7-n696r   1m    28Mi   
websocket-server-56c97f4c7-nczqm   1m    27Mi   
websocket-server-56c97f4c7-t7zg4   5m    95Mi   
websocket-server-56c97f4c7-vz2qh   2m    32Mi   
websocket-server-56c97f4c7-xnwvh   1m    28Mi   
1781615523
websocket-server-56c97f4c7-6q5vs   6m    99Mi   
websocket-server-56c97f4c7-c62wb   2m    32Mi   
websocket-server-56c97f4c7-dkcqj   2m    31Mi   
websocket-server-56c97f4c7-n696r   1m    28Mi   
websocket-server-56c97f4c7-nczqm   1m    27Mi   
websocket-server-56c97f4c7-t7zg4   5m    95Mi   
websocket-server-56c97f4c7-vz2qh   2m    32Mi   
websocket-server-56c97f4c7-xnwvh   1m    28Mi   
1781615528
websocket-server-56c97f4c7-6q5vs   6m    99Mi   
websocket-server-56c97f4c7-c62wb   2m    32Mi   
websocket-server-56c97f4c7-dkcqj   2m    31Mi   
websocket-server-56c97f4c7-n696r   1m    28Mi   
websocket-server-56c97f4c7-nczqm   1m    27Mi   
websocket-server-56c97f4c7-t7zg4   5m    95Mi   
websocket-server-56c97f4c7-vz2qh   2m    32Mi   
websocket-server-56c97f4c7-xnwvh   1m    28Mi   
1781615533
websocket-server-56c97f4c7-6q5vs   6m    99Mi   
websocket-server-56c97f4c7-c62wb   2m    31Mi   
websocket-server-56c97f4c7-dkcqj   2m    31Mi   
websocket-server-56c97f4c7-n696r   1m    28Mi   
websocket-server-56c97f4c7-nczqm   1m    27Mi   
websocket-server-56c97f4c7-t7zg4   5m    95Mi   
websocket-server-56c97f4c7-vz2qh   2m    32Mi   
websocket-server-56c97f4c7-xnwvh   1m    28Mi   
1781615538
websocket-server-56c97f4c7-6q5vs   6m    99Mi   
websocket-server-56c97f4c7-c62wb   2m    31Mi   
websocket-server-56c97f4c7-dkcqj   2m    31Mi   
websocket-server-56c97f4c7-n696r   1m    28Mi   
websocket-server-56c97f4c7-nczqm   1m    27Mi   
websocket-server-56c97f4c7-t7zg4   5m    95Mi   
websocket-server-56c97f4c7-vz2qh   2m    32Mi   
websocket-server-56c97f4c7-xnwvh   1m    28Mi   
1781615543
websocket-server-56c97f4c7-6q5vs   6m    99Mi   
websocket-server-56c97f4c7-c62wb   2m    31Mi   
websocket-server-56c97f4c7-dkcqj   2m    31Mi   
websocket-server-56c97f4c7-n696r   1m    28Mi   
websocket-server-56c97f4c7-nczqm   1m    27Mi   
websocket-server-56c97f4c7-t7zg4   5m    95Mi   
websocket-server-56c97f4c7-vz2qh   2m    32Mi   
websocket-server-56c97f4c7-xnwvh   1m    28Mi   
1781615548
websocket-server-56c97f4c7-6q5vs   6m    99Mi   
websocket-server-56c97f4c7-c62wb   2m    31Mi   
websocket-server-56c97f4c7-dkcqj   2m    30Mi   
websocket-server-56c97f4c7-n696r   2m    28Mi   
websocket-server-56c97f4c7-nczqm   1m    27Mi   
websocket-server-56c97f4c7-t7zg4   9m    94Mi   
websocket-server-56c97f4c7-vz2qh   6m    32Mi   
websocket-server-56c97f4c7-xnwvh   1m    28Mi   
1781615554
websocket-server-56c97f4c7-6q5vs   6m    99Mi   
websocket-server-56c97f4c7-c62wb   2m    31Mi   
websocket-server-56c97f4c7-dkcqj   2m    30Mi   
websocket-server-56c97f4c7-n696r   2m    28Mi   
websocket-server-56c97f4c7-nczqm   1m    27Mi   
websocket-server-56c97f4c7-t7zg4   9m    94Mi   
websocket-server-56c97f4c7-vz2qh   6m    32Mi   
websocket-server-56c97f4c7-xnwvh   1m    28Mi   
1781615559
websocket-server-56c97f4c7-6q5vs   6m    99Mi   
websocket-server-56c97f4c7-c62wb   2m    31Mi   
websocket-server-56c97f4c7-dkcqj   2m    30Mi   
websocket-server-56c97f4c7-n696r   2m    28Mi   
websocket-server-56c97f4c7-nczqm   1m    27Mi   
websocket-server-56c97f4c7-t7zg4   9m    94Mi   
websocket-server-56c97f4c7-vz2qh   6m    32Mi   
websocket-server-56c97f4c7-xnwvh   1m    28Mi   
1781615564
websocket-server-56c97f4c7-6q5vs   7m    97Mi   
websocket-server-56c97f4c7-c62wb   3m    31Mi   
websocket-server-56c97f4c7-dkcqj   1m    30Mi   
websocket-server-56c97f4c7-n696r   1m    28Mi   
websocket-server-56c97f4c7-nczqm   1m    27Mi   
websocket-server-56c97f4c7-t7zg4   1m    94Mi   
websocket-server-56c97f4c7-vz2qh   1m    32Mi   
websocket-server-56c97f4c7-xnwvh   0m    28Mi   
1781615569
websocket-server-56c97f4c7-6q5vs   7m    97Mi   
websocket-server-56c97f4c7-c62wb   3m    31Mi   
websocket-server-56c97f4c7-dkcqj   1m    30Mi   
websocket-server-56c97f4c7-n696r   1m    28Mi   
websocket-server-56c97f4c7-nczqm   1m    27Mi   
websocket-server-56c97f4c7-t7zg4   1m    94Mi   
websocket-server-56c97f4c7-vz2qh   1m    32Mi   
websocket-server-56c97f4c7-xnwvh   0m    28Mi   
1781615574
websocket-server-56c97f4c7-6q5vs   7m    97Mi   
websocket-server-56c97f4c7-c62wb   3m    31Mi   
websocket-server-56c97f4c7-dkcqj   1m    30Mi   
websocket-server-56c97f4c7-n696r   1m    28Mi   
websocket-server-56c97f4c7-nczqm   1m    27Mi   
websocket-server-56c97f4c7-t7zg4   1m    94Mi   
websocket-server-56c97f4c7-vz2qh   1m    32Mi   
websocket-server-56c97f4c7-xnwvh   0m    28Mi   
1781615579
websocket-server-56c97f4c7-6q5vs   1m    97Mi   
websocket-server-56c97f4c7-c62wb   1m    31Mi   
websocket-server-56c97f4c7-dkcqj   1m    30Mi   
websocket-server-56c97f4c7-n696r   1m    28Mi   
websocket-server-56c97f4c7-nczqm   1m    27Mi   
websocket-server-56c97f4c7-t7zg4   1m    94Mi   
websocket-server-56c97f4c7-vz2qh   1m    32Mi   
websocket-server-56c97f4c7-xnwvh   0m    28Mi   
1781615584
websocket-server-56c97f4c7-6q5vs   1m    97Mi   
websocket-server-56c97f4c7-c62wb   1m    31Mi   
websocket-server-56c97f4c7-dkcqj   1m    30Mi   
websocket-server-56c97f4c7-n696r   1m    28Mi   
websocket-server-56c97f4c7-nczqm   1m    27Mi   
websocket-server-56c97f4c7-t7zg4   1m    94Mi   
websocket-server-56c97f4c7-vz2qh   1m    32Mi   
websocket-server-56c97f4c7-xnwvh   0m    28Mi   
1781615589
websocket-server-56c97f4c7-6q5vs   1m    97Mi   
websocket-server-56c97f4c7-c62wb   1m    31Mi   
websocket-server-56c97f4c7-dkcqj   1m    30Mi   
websocket-server-56c97f4c7-n696r   1m    28Mi   
websocket-server-56c97f4c7-nczqm   1m    27Mi   
websocket-server-56c97f4c7-t7zg4   1m    94Mi   
websocket-server-56c97f4c7-vz2qh   1m    32Mi   
websocket-server-56c97f4c7-xnwvh   0m    28Mi   
1781615594
websocket-server-56c97f4c7-6q5vs   1m    97Mi   
websocket-server-56c97f4c7-c62wb   1m    31Mi   
websocket-server-56c97f4c7-dkcqj   1m    30Mi   
websocket-server-56c97f4c7-n696r   1m    28Mi   
websocket-server-56c97f4c7-nczqm   1m    27Mi   
websocket-server-56c97f4c7-t7zg4   1m    94Mi   
websocket-server-56c97f4c7-vz2qh   1m    32Mi   
websocket-server-56c97f4c7-xnwvh   1m    28Mi   
1781615599
websocket-server-56c97f4c7-6q5vs   1m    97Mi   
websocket-server-56c97f4c7-c62wb   1m    31Mi   
websocket-server-56c97f4c7-dkcqj   1m    30Mi   
websocket-server-56c97f4c7-n696r   1m    28Mi   
websocket-server-56c97f4c7-nczqm   1m    27Mi   
websocket-server-56c97f4c7-t7zg4   1m    94Mi   
websocket-server-56c97f4c7-vz2qh   1m    32Mi   
websocket-server-56c97f4c7-xnwvh   1m    28Mi   
1781615604
websocket-server-56c97f4c7-6q5vs   1m    97Mi   
websocket-server-56c97f4c7-c62wb   1m    31Mi   
websocket-server-56c97f4c7-dkcqj   1m    30Mi   
websocket-server-56c97f4c7-n696r   1m    28Mi   
websocket-server-56c97f4c7-nczqm   1m    27Mi   
websocket-server-56c97f4c7-t7zg4   1m    94Mi   
websocket-server-56c97f4c7-vz2qh   1m    32Mi   
websocket-server-56c97f4c7-xnwvh   1m    28Mi   
1781615609
websocket-server-56c97f4c7-6q5vs   1m    97Mi   
websocket-server-56c97f4c7-c62wb   1m    31Mi   
websocket-server-56c97f4c7-dkcqj   1m    30Mi   
websocket-server-56c97f4c7-n696r   1m    28Mi   
websocket-server-56c97f4c7-nczqm   1m    27Mi   
websocket-server-56c97f4c7-t7zg4   1m    94Mi   
websocket-server-56c97f4c7-vz2qh   1m    32Mi   
websocket-server-56c97f4c7-xnwvh   1m    28Mi   
1781615614
websocket-server-56c97f4c7-6q5vs   1m    97Mi   
websocket-server-56c97f4c7-c62wb   1m    31Mi   
websocket-server-56c97f4c7-dkcqj   1m    30Mi   
websocket-server-56c97f4c7-n696r   1m    28Mi   
websocket-server-56c97f4c7-nczqm   1m    27Mi   
websocket-server-56c97f4c7-t7zg4   1m    94Mi   
websocket-server-56c97f4c7-vz2qh   1m    32Mi   
websocket-server-56c97f4c7-xnwvh   1m    28Mi   
1781615619
websocket-server-56c97f4c7-6q5vs   1m    97Mi   
websocket-server-56c97f4c7-c62wb   1m    31Mi   
websocket-server-56c97f4c7-dkcqj   1m    30Mi   
websocket-server-56c97f4c7-n696r   1m    28Mi   
websocket-server-56c97f4c7-nczqm   1m    27Mi   
websocket-server-56c97f4c7-t7zg4   1m    94Mi   
websocket-server-56c97f4c7-vz2qh   1m    32Mi   
websocket-server-56c97f4c7-xnwvh   1m    28Mi   
1781615624
websocket-server-56c97f4c7-6q5vs   1m    97Mi   
websocket-server-56c97f4c7-c62wb   1m    31Mi   
websocket-server-56c97f4c7-dkcqj   1m    30Mi   
websocket-server-56c97f4c7-n696r   1m    28Mi   
websocket-server-56c97f4c7-nczqm   1m    27Mi   
websocket-server-56c97f4c7-t7zg4   1m    94Mi   
websocket-server-56c97f4c7-vz2qh   1m    32Mi   
websocket-server-56c97f4c7-xnwvh   1m    28Mi   
1781615629
websocket-server-56c97f4c7-6q5vs   1m    97Mi   
websocket-server-56c97f4c7-c62wb   1m    31Mi   
websocket-server-56c97f4c7-dkcqj   1m    30Mi   
websocket-server-56c97f4c7-n696r   1m    28Mi   
websocket-server-56c97f4c7-nczqm   1m    27Mi   
websocket-server-56c97f4c7-t7zg4   1m    94Mi   
websocket-server-56c97f4c7-vz2qh   1m    32Mi   
websocket-server-56c97f4c7-xnwvh   1m    28Mi   
1781615634
websocket-server-56c97f4c7-6q5vs   1m    97Mi   
websocket-server-56c97f4c7-c62wb   1m    31Mi   
websocket-server-56c97f4c7-dkcqj   1m    30Mi   
websocket-server-56c97f4c7-n696r   1m    28Mi   
websocket-server-56c97f4c7-nczqm   1m    27Mi   
websocket-server-56c97f4c7-t7zg4   1m    94Mi   
websocket-server-56c97f4c7-vz2qh   1m    32Mi   
websocket-server-56c97f4c7-xnwvh   1m    28Mi   
1781615639
websocket-server-56c97f4c7-6q5vs   1m    97Mi   
websocket-server-56c97f4c7-c62wb   1m    31Mi   
websocket-server-56c97f4c7-dkcqj   1m    30Mi   
websocket-server-56c97f4c7-n696r   1m    28Mi   
websocket-server-56c97f4c7-nczqm   1m    27Mi   
websocket-server-56c97f4c7-t7zg4   1m    94Mi   
websocket-server-56c97f4c7-vz2qh   1m    32Mi   
websocket-server-56c97f4c7-xnwvh   1m    28Mi   
1781615644
websocket-server-56c97f4c7-6q5vs   1m    97Mi   
websocket-server-56c97f4c7-c62wb   1m    31Mi   
websocket-server-56c97f4c7-dkcqj   1m    30Mi   
websocket-server-56c97f4c7-n696r   1m    28Mi   
websocket-server-56c97f4c7-nczqm   1m    27Mi   
websocket-server-56c97f4c7-t7zg4   1m    94Mi   
websocket-server-56c97f4c7-vz2qh   1m    32Mi   
websocket-server-56c97f4c7-xnwvh   1m    28Mi   
1781615649
websocket-server-56c97f4c7-6q5vs   1m    97Mi   
websocket-server-56c97f4c7-c62wb   1m    31Mi   
websocket-server-56c97f4c7-dkcqj   1m    30Mi   
websocket-server-56c97f4c7-n696r   1m    28Mi   
websocket-server-56c97f4c7-nczqm   1m    27Mi   
websocket-server-56c97f4c7-t7zg4   1m    94Mi   
websocket-server-56c97f4c7-vz2qh   1m    32Mi   
websocket-server-56c97f4c7-xnwvh   1m    28Mi   
1781615655
websocket-server-56c97f4c7-6q5vs   1m    97Mi   
websocket-server-56c97f4c7-c62wb   1m    31Mi   
websocket-server-56c97f4c7-dkcqj   1m    30Mi   
websocket-server-56c97f4c7-n696r   1m    28Mi   
websocket-server-56c97f4c7-nczqm   1m    27Mi   
websocket-server-56c97f4c7-t7zg4   1m    94Mi   
websocket-server-56c97f4c7-vz2qh   1m    32Mi   
websocket-server-56c97f4c7-xnwvh   1m    28Mi   
1781615660
websocket-server-56c97f4c7-6q5vs   1m    97Mi   
websocket-server-56c97f4c7-c62wb   1m    31Mi   
websocket-server-56c97f4c7-dkcqj   1m    30Mi   
websocket-server-56c97f4c7-n696r   1m    28Mi   
websocket-server-56c97f4c7-nczqm   1m    27Mi   
websocket-server-56c97f4c7-t7zg4   1m    94Mi   
websocket-server-56c97f4c7-vz2qh   1m    32Mi   
websocket-server-56c97f4c7-xnwvh   1m    28Mi   
1781615665
websocket-server-56c97f4c7-6q5vs   1m    97Mi   
websocket-server-56c97f4c7-c62wb   1m    31Mi   
websocket-server-56c97f4c7-dkcqj   1m    30Mi   
websocket-server-56c97f4c7-n696r   1m    28Mi   
websocket-server-56c97f4c7-nczqm   1m    27Mi   
websocket-server-56c97f4c7-t7zg4   1m    94Mi   
websocket-server-56c97f4c7-vz2qh   1m    32Mi   
websocket-server-56c97f4c7-xnwvh   1m    28Mi   
1781615670
websocket-server-56c97f4c7-6q5vs   1m    97Mi   
websocket-server-56c97f4c7-c62wb   1m    31Mi   
websocket-server-56c97f4c7-dkcqj   1m    30Mi   
websocket-server-56c97f4c7-n696r   1m    28Mi   
websocket-server-56c97f4c7-nczqm   1m    27Mi   
websocket-server-56c97f4c7-t7zg4   1m    94Mi   
websocket-server-56c97f4c7-vz2qh   1m    32Mi   
websocket-server-56c97f4c7-xnwvh   1m    28Mi   
1781615675
websocket-server-56c97f4c7-6q5vs   1m    97Mi   
websocket-server-56c97f4c7-c62wb   1m    31Mi   
websocket-server-56c97f4c7-dkcqj   1m    30Mi   
websocket-server-56c97f4c7-n696r   1m    28Mi   
websocket-server-56c97f4c7-nczqm   1m    27Mi   
websocket-server-56c97f4c7-t7zg4   1m    94Mi   
websocket-server-56c97f4c7-vz2qh   1m    32Mi   
websocket-server-56c97f4c7-xnwvh   1m    28Mi   
1781615680
websocket-server-56c97f4c7-6q5vs   1m    97Mi   
websocket-server-56c97f4c7-c62wb   1m    31Mi   
websocket-server-56c97f4c7-dkcqj   1m    30Mi   
websocket-server-56c97f4c7-n696r   1m    28Mi   
websocket-server-56c97f4c7-nczqm   1m    27Mi   
websocket-server-56c97f4c7-t7zg4   1m    94Mi   
websocket-server-56c97f4c7-vz2qh   1m    32Mi   
websocket-server-56c97f4c7-xnwvh   1m    28Mi   
1781615685
websocket-server-56c97f4c7-6q5vs   1m    97Mi   
websocket-server-56c97f4c7-c62wb   1m    31Mi   
websocket-server-56c97f4c7-dkcqj   1m    30Mi   
websocket-server-56c97f4c7-n696r   1m    28Mi   
websocket-server-56c97f4c7-nczqm   1m    27Mi   
websocket-server-56c97f4c7-t7zg4   1m    94Mi   
websocket-server-56c97f4c7-vz2qh   1m    32Mi   
websocket-server-56c97f4c7-xnwvh   1m    28Mi   
1781615690
websocket-server-56c97f4c7-6q5vs   1m    97Mi   
websocket-server-56c97f4c7-c62wb   1m    31Mi   
websocket-server-56c97f4c7-dkcqj   1m    30Mi   
websocket-server-56c97f4c7-n696r   1m    28Mi   
websocket-server-56c97f4c7-nczqm   1m    27Mi   
websocket-server-56c97f4c7-t7zg4   1m    94Mi   
websocket-server-56c97f4c7-vz2qh   1m    32Mi   
websocket-server-56c97f4c7-xnwvh   1m    28Mi   
1781615695
websocket-server-56c97f4c7-6q5vs   1m    97Mi   
websocket-server-56c97f4c7-c62wb   1m    31Mi   
websocket-server-56c97f4c7-dkcqj   1m    30Mi   
websocket-server-56c97f4c7-n696r   1m    28Mi   
websocket-server-56c97f4c7-nczqm   1m    27Mi   
websocket-server-56c97f4c7-t7zg4   1m    94Mi   
websocket-server-56c97f4c7-vz2qh   1m    32Mi   
websocket-server-56c97f4c7-xnwvh   1m    28Mi   
1781615700
websocket-server-56c97f4c7-6q5vs   1m    97Mi   
websocket-server-56c97f4c7-c62wb   1m    31Mi   
websocket-server-56c97f4c7-dkcqj   1m    30Mi   
websocket-server-56c97f4c7-n696r   1m    28Mi   
websocket-server-56c97f4c7-nczqm   1m    27Mi   
websocket-server-56c97f4c7-t7zg4   1m    94Mi   
websocket-server-56c97f4c7-vz2qh   1m    32Mi   
websocket-server-56c97f4c7-xnwvh   1m    28Mi   
1781615705
websocket-server-56c97f4c7-6q5vs   1m    97Mi   
websocket-server-56c97f4c7-c62wb   1m    31Mi   
websocket-server-56c97f4c7-dkcqj   1m    30Mi   
websocket-server-56c97f4c7-n696r   1m    28Mi   
websocket-server-56c97f4c7-nczqm   1m    27Mi   
websocket-server-56c97f4c7-t7zg4   1m    94Mi   
websocket-server-56c97f4c7-vz2qh   1m    32Mi   
websocket-server-56c97f4c7-xnwvh   1m    28Mi   
1781615710
websocket-server-56c97f4c7-6q5vs   1m    97Mi   
websocket-server-56c97f4c7-c62wb   1m    31Mi   
websocket-server-56c97f4c7-dkcqj   1m    30Mi   
websocket-server-56c97f4c7-n696r   1m    28Mi   
websocket-server-56c97f4c7-nczqm   1m    27Mi   
websocket-server-56c97f4c7-t7zg4   1m    94Mi   
websocket-server-56c97f4c7-vz2qh   1m    32Mi   
websocket-server-56c97f4c7-xnwvh   1m    28Mi   
1781615715
websocket-server-56c97f4c7-6q5vs   1m    98Mi   
websocket-server-56c97f4c7-c62wb   1m    31Mi   
websocket-server-56c97f4c7-dkcqj   1m    31Mi   
websocket-server-56c97f4c7-n696r   1m    29Mi   
websocket-server-56c97f4c7-nczqm   1m    28Mi   
websocket-server-56c97f4c7-t7zg4   1m    94Mi   
websocket-server-56c97f4c7-vz2qh   1m    33Mi   
websocket-server-56c97f4c7-xnwvh   1m    28Mi   
1781615720
websocket-server-56c97f4c7-6q5vs   1m    98Mi   
websocket-server-56c97f4c7-c62wb   1m    31Mi   
websocket-server-56c97f4c7-dkcqj   1m    31Mi   
websocket-server-56c97f4c7-n696r   1m    29Mi   
websocket-server-56c97f4c7-nczqm   1m    28Mi   
websocket-server-56c97f4c7-t7zg4   1m    94Mi   
websocket-server-56c97f4c7-vz2qh   1m    33Mi   
websocket-server-56c97f4c7-xnwvh   1m    28Mi   
1781615725
websocket-server-56c97f4c7-6q5vs   1m    98Mi   
websocket-server-56c97f4c7-c62wb   1m    31Mi   
websocket-server-56c97f4c7-dkcqj   1m    31Mi   
websocket-server-56c97f4c7-n696r   1m    29Mi   
websocket-server-56c97f4c7-nczqm   1m    28Mi   
websocket-server-56c97f4c7-t7zg4   1m    94Mi   
websocket-server-56c97f4c7-vz2qh   1m    33Mi   
websocket-server-56c97f4c7-xnwvh   1m    28Mi   
1781615730
websocket-server-56c97f4c7-6q5vs   2m    98Mi   
websocket-server-56c97f4c7-c62wb   2m    33Mi   
websocket-server-56c97f4c7-dkcqj   2m    31Mi   
websocket-server-56c97f4c7-n696r   2m    29Mi   
websocket-server-56c97f4c7-nczqm   3m    28Mi   
websocket-server-56c97f4c7-t7zg4   1m    94Mi   
websocket-server-56c97f4c7-vz2qh   4m    34Mi   
websocket-server-56c97f4c7-xnwvh   2m    28Mi   
1781615735
websocket-server-56c97f4c7-6q5vs   2m    98Mi   
websocket-server-56c97f4c7-c62wb   2m    33Mi   
websocket-server-56c97f4c7-dkcqj   2m    31Mi   
websocket-server-56c97f4c7-n696r   2m    29Mi   
websocket-server-56c97f4c7-nczqm   3m    28Mi   
websocket-server-56c97f4c7-t7zg4   1m    94Mi   
websocket-server-56c97f4c7-vz2qh   4m    34Mi   
websocket-server-56c97f4c7-xnwvh   2m    28Mi   
1781615740
websocket-server-56c97f4c7-6q5vs   2m    98Mi   
websocket-server-56c97f4c7-c62wb   2m    33Mi   
websocket-server-56c97f4c7-dkcqj   2m    31Mi   
websocket-server-56c97f4c7-n696r   2m    29Mi   
websocket-server-56c97f4c7-nczqm   3m    28Mi   
websocket-server-56c97f4c7-t7zg4   1m    94Mi   
websocket-server-56c97f4c7-vz2qh   4m    34Mi   
websocket-server-56c97f4c7-xnwvh   2m    28Mi   
1781615745
websocket-server-56c97f4c7-6q5vs   4m    98Mi   
websocket-server-56c97f4c7-c62wb   2m    33Mi   
websocket-server-56c97f4c7-dkcqj   2m    31Mi   
websocket-server-56c97f4c7-n696r   3m    30Mi   
websocket-server-56c97f4c7-nczqm   2m    28Mi   
websocket-server-56c97f4c7-t7zg4   1m    94Mi   
websocket-server-56c97f4c7-vz2qh   3m    34Mi   
websocket-server-56c97f4c7-xnwvh   3m    29Mi   
1781615751
websocket-server-56c97f4c7-6q5vs   4m    98Mi   
websocket-server-56c97f4c7-c62wb   2m    33Mi   
websocket-server-56c97f4c7-n696r   3m    30Mi   
websocket-server-56c97f4c7-t7zg4   1m    94Mi   
websocket-server-56c97f4c7-vz2qh   3m    34Mi   
websocket-server-56c97f4c7-xnwvh   3m    29Mi   
1781615756
websocket-server-56c97f4c7-6q5vs   4m    98Mi   
websocket-server-56c97f4c7-n696r   3m    30Mi   
websocket-server-56c97f4c7-t7zg4   1m    94Mi   
websocket-server-56c97f4c7-xnwvh   3m    29Mi   
1781615761
websocket-server-56c97f4c7-66tqg   23m   29Mi   
websocket-server-56c97f4c7-6q5vs   7m    98Mi   
websocket-server-56c97f4c7-9vhts   5m    30Mi   
websocket-server-56c97f4c7-t7zg4   6m    95Mi   
1781615766
websocket-server-56c97f4c7-66tqg   23m   29Mi   
websocket-server-56c97f4c7-6q5vs   7m    98Mi   
websocket-server-56c97f4c7-9vhts   5m    30Mi   
websocket-server-56c97f4c7-t7zg4   6m    95Mi   
1781615771
websocket-server-56c97f4c7-66tqg   23m   29Mi   
websocket-server-56c97f4c7-6q5vs   7m    98Mi   
websocket-server-56c97f4c7-9vhts   5m    30Mi   
websocket-server-56c97f4c7-t7zg4   6m    95Mi   
1781615776
websocket-server-56c97f4c7-5cccz   4m    29Mi   
websocket-server-56c97f4c7-66tqg   6m    31Mi   
websocket-server-56c97f4c7-6q5vs   12m   98Mi   
websocket-server-56c97f4c7-9vhts   7m    31Mi   
websocket-server-56c97f4c7-t7zg4   10m   95Mi   
1781615781
websocket-server-56c97f4c7-5cccz   4m    29Mi   
websocket-server-56c97f4c7-66tqg   6m    31Mi   
websocket-server-56c97f4c7-6q5vs   12m   98Mi   
websocket-server-56c97f4c7-9vhts   7m    31Mi   
websocket-server-56c97f4c7-t7zg4   10m   95Mi   
1781615786
websocket-server-56c97f4c7-5cccz   4m    29Mi   
websocket-server-56c97f4c7-66tqg   6m    31Mi   
websocket-server-56c97f4c7-6q5vs   12m   98Mi   
websocket-server-56c97f4c7-9vhts   7m    31Mi   
websocket-server-56c97f4c7-t7zg4   10m   95Mi   
1781615791
websocket-server-56c97f4c7-5cccz   3m    30Mi   
websocket-server-56c97f4c7-66tqg   6m    33Mi   
websocket-server-56c97f4c7-6q5vs   12m   98Mi   
websocket-server-56c97f4c7-9vhts   8m    34Mi   
websocket-server-56c97f4c7-rv74c   29m   28Mi   
websocket-server-56c97f4c7-svnb6   3m    28Mi   
websocket-server-56c97f4c7-t7zg4   12m   95Mi   
1781615796
websocket-server-56c97f4c7-5cccz   3m    30Mi   
websocket-server-56c97f4c7-66tqg   6m    33Mi   
websocket-server-56c97f4c7-6q5vs   12m   98Mi   
websocket-server-56c97f4c7-9vhts   8m    34Mi   
websocket-server-56c97f4c7-rv74c   29m   28Mi   
websocket-server-56c97f4c7-svnb6   3m    28Mi   
websocket-server-56c97f4c7-t7zg4   12m   95Mi   
1781615801
websocket-server-56c97f4c7-5cccz   3m    30Mi   
websocket-server-56c97f4c7-66tqg   6m    33Mi   
websocket-server-56c97f4c7-6q5vs   12m   98Mi   
websocket-server-56c97f4c7-9vhts   8m    34Mi   
websocket-server-56c97f4c7-rv74c   29m   28Mi   
websocket-server-56c97f4c7-svnb6   3m    28Mi   
websocket-server-56c97f4c7-t7zg4   12m   95Mi   
1781615806
websocket-server-56c97f4c7-5cccz   4m    30Mi   
websocket-server-56c97f4c7-66tqg   7m    33Mi   
websocket-server-56c97f4c7-6q5vs   12m   98Mi   
websocket-server-56c97f4c7-9vhts   8m    35Mi   
websocket-server-56c97f4c7-rv74c   2m    28Mi   
websocket-server-56c97f4c7-sftpz   23m   28Mi   
websocket-server-56c97f4c7-svnb6   3m    29Mi   
websocket-server-56c97f4c7-t7zg4   12m   96Mi   
1781615811
websocket-server-56c97f4c7-5cccz   4m    30Mi   
websocket-server-56c97f4c7-66tqg   7m    33Mi   
websocket-server-56c97f4c7-6q5vs   12m   98Mi   
websocket-server-56c97f4c7-9vhts   8m    35Mi   
websocket-server-56c97f4c7-rv74c   2m    28Mi   
websocket-server-56c97f4c7-sftpz   23m   28Mi   
websocket-server-56c97f4c7-svnb6   3m    29Mi   
websocket-server-56c97f4c7-t7zg4   12m   96Mi   
1781615816
websocket-server-56c97f4c7-5cccz   4m    30Mi   
websocket-server-56c97f4c7-66tqg   7m    33Mi   
websocket-server-56c97f4c7-6q5vs   12m   98Mi   
websocket-server-56c97f4c7-9vhts   8m    35Mi   
websocket-server-56c97f4c7-rv74c   2m    28Mi   
websocket-server-56c97f4c7-sftpz   23m   28Mi   
websocket-server-56c97f4c7-svnb6   3m    29Mi   
websocket-server-56c97f4c7-t7zg4   12m   96Mi   
1781615821
websocket-server-56c97f4c7-5cccz   5m    31Mi   
websocket-server-56c97f4c7-66tqg   8m    34Mi   
websocket-server-56c97f4c7-6q5vs   13m   98Mi   
websocket-server-56c97f4c7-9vhts   8m    35Mi   
websocket-server-56c97f4c7-rv74c   2m    28Mi   
websocket-server-56c97f4c7-sftpz   1m    28Mi   
websocket-server-56c97f4c7-svnb6   3m    29Mi   
websocket-server-56c97f4c7-t7zg4   12m   95Mi   
1781615826
websocket-server-56c97f4c7-5cccz   5m    31Mi   
websocket-server-56c97f4c7-66tqg   8m    34Mi   
websocket-server-56c97f4c7-6q5vs   13m   98Mi   
websocket-server-56c97f4c7-9vhts   8m    35Mi   
websocket-server-56c97f4c7-rv74c   2m    28Mi   
websocket-server-56c97f4c7-sftpz   1m    28Mi   
websocket-server-56c97f4c7-svnb6   3m    29Mi   
websocket-server-56c97f4c7-t7zg4   12m   95Mi   
1781615831
websocket-server-56c97f4c7-5cccz   5m    31Mi   
websocket-server-56c97f4c7-66tqg   8m    34Mi   
websocket-server-56c97f4c7-6q5vs   13m   98Mi   
websocket-server-56c97f4c7-9vhts   8m    35Mi   
websocket-server-56c97f4c7-rv74c   2m    28Mi   
websocket-server-56c97f4c7-sftpz   1m    28Mi   
websocket-server-56c97f4c7-svnb6   3m    29Mi   
websocket-server-56c97f4c7-t7zg4   12m   95Mi   
1781615836
websocket-server-56c97f4c7-5cccz   4m    31Mi   
websocket-server-56c97f4c7-66tqg   6m    34Mi   
websocket-server-56c97f4c7-6q5vs   12m   98Mi   
websocket-server-56c97f4c7-9vhts   8m    35Mi   
websocket-server-56c97f4c7-rv74c   2m    28Mi   
websocket-server-56c97f4c7-sftpz   1m    28Mi   
websocket-server-56c97f4c7-svnb6   3m    29Mi   
websocket-server-56c97f4c7-t7zg4   9m    95Mi   
1781615841
websocket-server-56c97f4c7-5cccz   4m    31Mi   
websocket-server-56c97f4c7-66tqg   6m    34Mi   
websocket-server-56c97f4c7-6q5vs   12m   98Mi   
websocket-server-56c97f4c7-9vhts   8m    35Mi   
websocket-server-56c97f4c7-rv74c   2m    28Mi   
websocket-server-56c97f4c7-sftpz   1m    28Mi   
websocket-server-56c97f4c7-svnb6   3m    29Mi   
websocket-server-56c97f4c7-t7zg4   9m    95Mi   
1781615847
websocket-server-56c97f4c7-5cccz   4m    31Mi   
websocket-server-56c97f4c7-66tqg   6m    34Mi   
websocket-server-56c97f4c7-6q5vs   12m   98Mi   
websocket-server-56c97f4c7-9vhts   8m    35Mi   
websocket-server-56c97f4c7-rv74c   2m    28Mi   
websocket-server-56c97f4c7-sftpz   1m    28Mi   
websocket-server-56c97f4c7-svnb6   3m    29Mi   
websocket-server-56c97f4c7-t7zg4   9m    95Mi   
1781615852
websocket-server-56c97f4c7-5cccz   4m    31Mi   
websocket-server-56c97f4c7-66tqg   3m    34Mi   
websocket-server-56c97f4c7-6q5vs   7m    98Mi   
websocket-server-56c97f4c7-9vhts   5m    35Mi   
websocket-server-56c97f4c7-rv74c   2m    28Mi   
websocket-server-56c97f4c7-sftpz   1m    28Mi   
websocket-server-56c97f4c7-svnb6   1m    29Mi   
websocket-server-56c97f4c7-t7zg4   5m    95Mi   
1781615857
websocket-server-56c97f4c7-5cccz   4m    31Mi   
websocket-server-56c97f4c7-66tqg   3m    34Mi   
websocket-server-56c97f4c7-6q5vs   7m    98Mi   
websocket-server-56c97f4c7-9vhts   5m    35Mi   
websocket-server-56c97f4c7-rv74c   2m    28Mi   
websocket-server-56c97f4c7-sftpz   1m    28Mi   
websocket-server-56c97f4c7-svnb6   1m    29Mi   
websocket-server-56c97f4c7-t7zg4   5m    95Mi   
1781615862
websocket-server-56c97f4c7-5cccz   4m    31Mi   
websocket-server-56c97f4c7-66tqg   3m    34Mi   
websocket-server-56c97f4c7-6q5vs   7m    98Mi   
websocket-server-56c97f4c7-9vhts   5m    35Mi   
websocket-server-56c97f4c7-rv74c   2m    28Mi   
websocket-server-56c97f4c7-sftpz   1m    28Mi   
websocket-server-56c97f4c7-svnb6   1m    29Mi   
websocket-server-56c97f4c7-t7zg4   5m    95Mi   
1781615867
websocket-server-56c97f4c7-5cccz   2m    31Mi   
websocket-server-56c97f4c7-66tqg   3m    34Mi   
websocket-server-56c97f4c7-6q5vs   5m    99Mi   
websocket-server-56c97f4c7-9vhts   3m    35Mi   
websocket-server-56c97f4c7-rv74c   1m    28Mi   
websocket-server-56c97f4c7-sftpz   1m    28Mi   
websocket-server-56c97f4c7-svnb6   2m    29Mi   
websocket-server-56c97f4c7-t7zg4   5m    95Mi   
1781615872
websocket-server-56c97f4c7-5cccz   2m    31Mi   
websocket-server-56c97f4c7-66tqg   3m    34Mi   
websocket-server-56c97f4c7-6q5vs   5m    99Mi   
websocket-server-56c97f4c7-9vhts   3m    35Mi   
websocket-server-56c97f4c7-rv74c   1m    28Mi   
websocket-server-56c97f4c7-sftpz   1m    28Mi   
websocket-server-56c97f4c7-svnb6   2m    29Mi   
websocket-server-56c97f4c7-t7zg4   5m    95Mi   
1781615877
websocket-server-56c97f4c7-5cccz   2m    31Mi   
websocket-server-56c97f4c7-66tqg   3m    34Mi   
websocket-server-56c97f4c7-6q5vs   5m    99Mi   
websocket-server-56c97f4c7-9vhts   3m    35Mi   
websocket-server-56c97f4c7-rv74c   1m    28Mi   
websocket-server-56c97f4c7-sftpz   1m    28Mi   
websocket-server-56c97f4c7-svnb6   2m    29Mi   
websocket-server-56c97f4c7-t7zg4   5m    95Mi   
1781615882
websocket-server-56c97f4c7-5cccz   2m    31Mi   
websocket-server-56c97f4c7-66tqg   3m    34Mi   
websocket-server-56c97f4c7-6q5vs   5m    98Mi   
websocket-server-56c97f4c7-9vhts   3m    34Mi   
websocket-server-56c97f4c7-rv74c   1m    28Mi   
websocket-server-56c97f4c7-sftpz   1m    28Mi   
websocket-server-56c97f4c7-svnb6   1m    29Mi   
websocket-server-56c97f4c7-t7zg4   5m    95Mi   
1781615887
websocket-server-56c97f4c7-5cccz   2m    31Mi   
websocket-server-56c97f4c7-66tqg   3m    34Mi   
websocket-server-56c97f4c7-6q5vs   5m    98Mi   
websocket-server-56c97f4c7-9vhts   3m    34Mi   
websocket-server-56c97f4c7-rv74c   1m    28Mi   
websocket-server-56c97f4c7-sftpz   1m    28Mi   
websocket-server-56c97f4c7-svnb6   1m    29Mi   
websocket-server-56c97f4c7-t7zg4   5m    95Mi   
1781615892
websocket-server-56c97f4c7-5cccz   2m    31Mi   
websocket-server-56c97f4c7-66tqg   3m    34Mi   
websocket-server-56c97f4c7-6q5vs   5m    98Mi   
websocket-server-56c97f4c7-9vhts   3m    34Mi   
websocket-server-56c97f4c7-rv74c   1m    28Mi   
websocket-server-56c97f4c7-sftpz   1m    28Mi   
websocket-server-56c97f4c7-svnb6   1m    29Mi   
websocket-server-56c97f4c7-t7zg4   5m    95Mi   
1781615897
websocket-server-56c97f4c7-5cccz   2m    31Mi   
websocket-server-56c97f4c7-66tqg   3m    34Mi   
websocket-server-56c97f4c7-6q5vs   5m    98Mi   
websocket-server-56c97f4c7-9vhts   6m    34Mi   
websocket-server-56c97f4c7-rv74c   1m    28Mi   
websocket-server-56c97f4c7-sftpz   1m    28Mi   
websocket-server-56c97f4c7-svnb6   2m    29Mi   
websocket-server-56c97f4c7-t7zg4   6m    94Mi   
1781615902
websocket-server-56c97f4c7-5cccz   2m    31Mi   
websocket-server-56c97f4c7-66tqg   3m    34Mi   
websocket-server-56c97f4c7-6q5vs   5m    98Mi   
websocket-server-56c97f4c7-9vhts   6m    34Mi   
websocket-server-56c97f4c7-rv74c   1m    28Mi   
websocket-server-56c97f4c7-sftpz   1m    28Mi   
websocket-server-56c97f4c7-svnb6   2m    29Mi   
websocket-server-56c97f4c7-t7zg4   6m    94Mi   
1781615907
websocket-server-56c97f4c7-5cccz   3m    31Mi   
websocket-server-56c97f4c7-66tqg   5m    33Mi   
websocket-server-56c97f4c7-6q5vs   5m    97Mi   
websocket-server-56c97f4c7-9vhts   1m    34Mi   
websocket-server-56c97f4c7-rv74c   1m    28Mi   
websocket-server-56c97f4c7-sftpz   1m    28Mi   
websocket-server-56c97f4c7-svnb6   2m    29Mi   
websocket-server-56c97f4c7-t7zg4   1m    94Mi   
1781615912
websocket-server-56c97f4c7-5cccz   3m    31Mi   
websocket-server-56c97f4c7-66tqg   5m    33Mi   
websocket-server-56c97f4c7-6q5vs   5m    97Mi   
websocket-server-56c97f4c7-9vhts   1m    34Mi   
websocket-server-56c97f4c7-rv74c   1m    28Mi   
websocket-server-56c97f4c7-sftpz   1m    28Mi   
websocket-server-56c97f4c7-svnb6   2m    29Mi   
websocket-server-56c97f4c7-t7zg4   1m    94Mi   
1781615917
websocket-server-56c97f4c7-5cccz   3m    31Mi   
websocket-server-56c97f4c7-66tqg   5m    33Mi   
websocket-server-56c97f4c7-6q5vs   5m    97Mi   
websocket-server-56c97f4c7-9vhts   1m    34Mi   
websocket-server-56c97f4c7-rv74c   1m    28Mi   
websocket-server-56c97f4c7-sftpz   1m    28Mi   
websocket-server-56c97f4c7-svnb6   2m    29Mi   
websocket-server-56c97f4c7-t7zg4   1m    94Mi   
1781615922
websocket-server-56c97f4c7-5cccz   1m    31Mi   
websocket-server-56c97f4c7-66tqg   1m    33Mi   
websocket-server-56c97f4c7-6q5vs   1m    97Mi   
websocket-server-56c97f4c7-9vhts   1m    34Mi   
websocket-server-56c97f4c7-rv74c   1m    28Mi   
websocket-server-56c97f4c7-sftpz   1m    28Mi   
websocket-server-56c97f4c7-svnb6   1m    29Mi   
websocket-server-56c97f4c7-t7zg4   1m    94Mi   
1781615927
websocket-server-56c97f4c7-5cccz   1m    31Mi   
websocket-server-56c97f4c7-66tqg   1m    33Mi   
websocket-server-56c97f4c7-6q5vs   1m    97Mi   
websocket-server-56c97f4c7-9vhts   1m    34Mi   
websocket-server-56c97f4c7-rv74c   1m    28Mi   
websocket-server-56c97f4c7-sftpz   1m    28Mi   
websocket-server-56c97f4c7-svnb6   1m    29Mi   
websocket-server-56c97f4c7-t7zg4   1m    94Mi   
1781615932
websocket-server-56c97f4c7-5cccz   1m    31Mi   
websocket-server-56c97f4c7-66tqg   1m    33Mi   
websocket-server-56c97f4c7-6q5vs   1m    97Mi   
websocket-server-56c97f4c7-9vhts   1m    34Mi   
websocket-server-56c97f4c7-rv74c   1m    28Mi   
websocket-server-56c97f4c7-sftpz   1m    28Mi   
websocket-server-56c97f4c7-svnb6   1m    29Mi   
websocket-server-56c97f4c7-t7zg4   1m    94Mi   
1781615937
websocket-server-56c97f4c7-5cccz   1m    31Mi   
websocket-server-56c97f4c7-66tqg   1m    33Mi   
websocket-server-56c97f4c7-6q5vs   1m    98Mi   
websocket-server-56c97f4c7-9vhts   1m    34Mi   
websocket-server-56c97f4c7-rv74c   1m    28Mi   
websocket-server-56c97f4c7-sftpz   1m    28Mi   
websocket-server-56c97f4c7-svnb6   1m    29Mi   
websocket-server-56c97f4c7-t7zg4   1m    94Mi   
1781615942
websocket-server-56c97f4c7-5cccz   1m    31Mi   
websocket-server-56c97f4c7-66tqg   1m    33Mi   
websocket-server-56c97f4c7-6q5vs   1m    98Mi   
websocket-server-56c97f4c7-9vhts   1m    34Mi   
websocket-server-56c97f4c7-rv74c   1m    28Mi   
websocket-server-56c97f4c7-sftpz   1m    28Mi   
websocket-server-56c97f4c7-svnb6   1m    29Mi   
websocket-server-56c97f4c7-t7zg4   1m    94Mi   
1781615948
websocket-server-56c97f4c7-5cccz   1m    31Mi   
websocket-server-56c97f4c7-66tqg   1m    33Mi   
websocket-server-56c97f4c7-6q5vs   1m    98Mi   
websocket-server-56c97f4c7-9vhts   1m    34Mi   
websocket-server-56c97f4c7-rv74c   1m    28Mi   
websocket-server-56c97f4c7-sftpz   1m    28Mi   
websocket-server-56c97f4c7-svnb6   1m    29Mi   
websocket-server-56c97f4c7-t7zg4   1m    94Mi   
1781615953
websocket-server-56c97f4c7-5cccz   1m    31Mi   
websocket-server-56c97f4c7-66tqg   1m    33Mi   
websocket-server-56c97f4c7-6q5vs   1m    97Mi   
websocket-server-56c97f4c7-9vhts   1m    34Mi   
websocket-server-56c97f4c7-rv74c   1m    28Mi   
websocket-server-56c97f4c7-sftpz   1m    28Mi   
websocket-server-56c97f4c7-svnb6   1m    29Mi   
websocket-server-56c97f4c7-t7zg4   1m    94Mi   
1781615958
websocket-server-56c97f4c7-5cccz   1m    31Mi   
websocket-server-56c97f4c7-66tqg   1m    33Mi   
websocket-server-56c97f4c7-6q5vs   1m    97Mi   
websocket-server-56c97f4c7-9vhts   1m    34Mi   
websocket-server-56c97f4c7-rv74c   1m    28Mi   
websocket-server-56c97f4c7-sftpz   1m    28Mi   
websocket-server-56c97f4c7-svnb6   1m    29Mi   
websocket-server-56c97f4c7-t7zg4   1m    94Mi   
1781615963
websocket-server-56c97f4c7-5cccz   1m    31Mi   
websocket-server-56c97f4c7-66tqg   1m    33Mi   
websocket-server-56c97f4c7-6q5vs   1m    97Mi   
websocket-server-56c97f4c7-9vhts   1m    34Mi   
websocket-server-56c97f4c7-rv74c   1m    28Mi   
websocket-server-56c97f4c7-sftpz   1m    28Mi   
websocket-server-56c97f4c7-svnb6   1m    29Mi   
websocket-server-56c97f4c7-t7zg4   1m    94Mi   
1781615968
websocket-server-56c97f4c7-5cccz   1m    31Mi   
websocket-server-56c97f4c7-66tqg   1m    33Mi   
websocket-server-56c97f4c7-6q5vs   1m    97Mi   
websocket-server-56c97f4c7-9vhts   1m    34Mi   
websocket-server-56c97f4c7-rv74c   1m    28Mi   
websocket-server-56c97f4c7-sftpz   1m    28Mi   
websocket-server-56c97f4c7-svnb6   1m    29Mi   
websocket-server-56c97f4c7-t7zg4   1m    94Mi   
1781615973
websocket-server-56c97f4c7-5cccz   1m    31Mi   
websocket-server-56c97f4c7-66tqg   1m    33Mi   
websocket-server-56c97f4c7-6q5vs   1m    97Mi   
websocket-server-56c97f4c7-9vhts   1m    34Mi   
websocket-server-56c97f4c7-rv74c   1m    28Mi   
websocket-server-56c97f4c7-sftpz   1m    28Mi   
websocket-server-56c97f4c7-svnb6   1m    29Mi   
websocket-server-56c97f4c7-t7zg4   1m    94Mi   
1781615978
websocket-server-56c97f4c7-5cccz   1m    31Mi   
websocket-server-56c97f4c7-66tqg   1m    33Mi   
websocket-server-56c97f4c7-6q5vs   1m    97Mi   
websocket-server-56c97f4c7-9vhts   1m    34Mi   
websocket-server-56c97f4c7-rv74c   1m    28Mi   
websocket-server-56c97f4c7-sftpz   1m    28Mi   
websocket-server-56c97f4c7-svnb6   1m    29Mi   
websocket-server-56c97f4c7-t7zg4   1m    94Mi   
1781615983
websocket-server-56c97f4c7-5cccz   1m    31Mi   
websocket-server-56c97f4c7-66tqg   1m    33Mi   
websocket-server-56c97f4c7-6q5vs   1m    97Mi   
websocket-server-56c97f4c7-9vhts   1m    34Mi   
websocket-server-56c97f4c7-rv74c   1m    28Mi   
websocket-server-56c97f4c7-sftpz   1m    28Mi   
websocket-server-56c97f4c7-svnb6   1m    29Mi   
websocket-server-56c97f4c7-t7zg4   1m    94Mi   
1781615988
websocket-server-56c97f4c7-5cccz   1m    31Mi   
websocket-server-56c97f4c7-66tqg   1m    33Mi   
websocket-server-56c97f4c7-6q5vs   1m    97Mi   
websocket-server-56c97f4c7-9vhts   1m    34Mi   
websocket-server-56c97f4c7-rv74c   1m    28Mi   
websocket-server-56c97f4c7-sftpz   1m    28Mi   
websocket-server-56c97f4c7-svnb6   1m    29Mi   
websocket-server-56c97f4c7-t7zg4   1m    94Mi   
1781615993
websocket-server-56c97f4c7-5cccz   1m    31Mi   
websocket-server-56c97f4c7-66tqg   1m    33Mi   
websocket-server-56c97f4c7-6q5vs   1m    97Mi   
websocket-server-56c97f4c7-9vhts   1m    34Mi   
websocket-server-56c97f4c7-rv74c   1m    28Mi   
websocket-server-56c97f4c7-sftpz   1m    28Mi   
websocket-server-56c97f4c7-svnb6   1m    29Mi   
websocket-server-56c97f4c7-t7zg4   1m    94Mi   
1781615998
websocket-server-56c97f4c7-5cccz   1m    31Mi   
websocket-server-56c97f4c7-66tqg   1m    33Mi   
websocket-server-56c97f4c7-6q5vs   1m    97Mi   
websocket-server-56c97f4c7-9vhts   1m    34Mi   
websocket-server-56c97f4c7-rv74c   1m    28Mi   
websocket-server-56c97f4c7-sftpz   1m    28Mi   
websocket-server-56c97f4c7-svnb6   1m    30Mi   
websocket-server-56c97f4c7-t7zg4   0m    94Mi   
1781616003
websocket-server-56c97f4c7-5cccz   1m    31Mi   
websocket-server-56c97f4c7-66tqg   1m    33Mi   
websocket-server-56c97f4c7-6q5vs   1m    97Mi   
websocket-server-56c97f4c7-9vhts   1m    34Mi   
websocket-server-56c97f4c7-rv74c   1m    28Mi   
websocket-server-56c97f4c7-sftpz   1m    28Mi   
websocket-server-56c97f4c7-svnb6   1m    30Mi   
websocket-server-56c97f4c7-t7zg4   0m    94Mi   
1781616008
websocket-server-56c97f4c7-5cccz   1m    31Mi   
websocket-server-56c97f4c7-66tqg   1m    33Mi   
websocket-server-56c97f4c7-6q5vs   1m    97Mi   
websocket-server-56c97f4c7-9vhts   1m    34Mi   
websocket-server-56c97f4c7-rv74c   1m    28Mi   
websocket-server-56c97f4c7-sftpz   1m    28Mi   
websocket-server-56c97f4c7-svnb6   1m    30Mi   
websocket-server-56c97f4c7-t7zg4   0m    94Mi   
1781616013
websocket-server-56c97f4c7-5cccz   1m    31Mi   
websocket-server-56c97f4c7-66tqg   1m    33Mi   
websocket-server-56c97f4c7-6q5vs   1m    97Mi   
websocket-server-56c97f4c7-9vhts   1m    34Mi   
websocket-server-56c97f4c7-rv74c   1m    28Mi   
websocket-server-56c97f4c7-sftpz   1m    28Mi   
websocket-server-56c97f4c7-svnb6   1m    29Mi   
websocket-server-56c97f4c7-t7zg4   1m    94Mi   
1781616018
websocket-server-56c97f4c7-5cccz   1m    31Mi   
websocket-server-56c97f4c7-66tqg   1m    33Mi   
websocket-server-56c97f4c7-6q5vs   1m    97Mi   
websocket-server-56c97f4c7-9vhts   1m    34Mi   
websocket-server-56c97f4c7-rv74c   1m    28Mi   
websocket-server-56c97f4c7-sftpz   1m    28Mi   
websocket-server-56c97f4c7-svnb6   1m    29Mi   
websocket-server-56c97f4c7-t7zg4   1m    94Mi   
1781616023
websocket-server-56c97f4c7-5cccz   1m    31Mi   
websocket-server-56c97f4c7-66tqg   1m    33Mi   
websocket-server-56c97f4c7-6q5vs   1m    97Mi   
websocket-server-56c97f4c7-9vhts   1m    34Mi   
websocket-server-56c97f4c7-rv74c   1m    28Mi   
websocket-server-56c97f4c7-sftpz   1m    28Mi   
websocket-server-56c97f4c7-svnb6   1m    29Mi   
websocket-server-56c97f4c7-t7zg4   1m    94Mi   
1781616028
websocket-server-56c97f4c7-5cccz   1m    31Mi   
websocket-server-56c97f4c7-66tqg   1m    33Mi   
websocket-server-56c97f4c7-6q5vs   1m    97Mi   
websocket-server-56c97f4c7-9vhts   1m    34Mi   
websocket-server-56c97f4c7-rv74c   0m    28Mi   
websocket-server-56c97f4c7-sftpz   1m    28Mi   
websocket-server-56c97f4c7-svnb6   0m    29Mi   
websocket-server-56c97f4c7-t7zg4   0m    94Mi   
1781616033
websocket-server-56c97f4c7-5cccz   1m    31Mi   
websocket-server-56c97f4c7-66tqg   1m    33Mi   
websocket-server-56c97f4c7-6q5vs   1m    97Mi   
websocket-server-56c97f4c7-9vhts   1m    34Mi   
websocket-server-56c97f4c7-rv74c   0m    28Mi   
websocket-server-56c97f4c7-sftpz   1m    28Mi   
websocket-server-56c97f4c7-svnb6   0m    29Mi   
websocket-server-56c97f4c7-t7zg4   0m    94Mi   
1781616038
websocket-server-56c97f4c7-5cccz   1m    31Mi   
websocket-server-56c97f4c7-66tqg   1m    33Mi   
websocket-server-56c97f4c7-6q5vs   1m    97Mi   
websocket-server-56c97f4c7-9vhts   1m    34Mi   
websocket-server-56c97f4c7-rv74c   0m    28Mi   
websocket-server-56c97f4c7-sftpz   1m    28Mi   
websocket-server-56c97f4c7-svnb6   0m    29Mi   
websocket-server-56c97f4c7-t7zg4   0m    94Mi   
1781616044
websocket-server-56c97f4c7-5cccz   1m    31Mi   
websocket-server-56c97f4c7-66tqg   1m    33Mi   
websocket-server-56c97f4c7-6q5vs   1m    97Mi   
websocket-server-56c97f4c7-9vhts   1m    34Mi   
websocket-server-56c97f4c7-rv74c   0m    28Mi   
websocket-server-56c97f4c7-sftpz   1m    28Mi   
websocket-server-56c97f4c7-svnb6   0m    29Mi   
websocket-server-56c97f4c7-t7zg4   1m    94Mi   
1781616049
websocket-server-56c97f4c7-5cccz   1m    31Mi   
websocket-server-56c97f4c7-66tqg   1m    33Mi   
websocket-server-56c97f4c7-6q5vs   1m    97Mi   
websocket-server-56c97f4c7-9vhts   1m    34Mi   
websocket-server-56c97f4c7-rv74c   0m    28Mi   
websocket-server-56c97f4c7-sftpz   1m    28Mi   
websocket-server-56c97f4c7-svnb6   0m    29Mi   
websocket-server-56c97f4c7-t7zg4   1m    94Mi   
1781616054
websocket-server-56c97f4c7-5cccz   1m    31Mi   
websocket-server-56c97f4c7-66tqg   1m    33Mi   
websocket-server-56c97f4c7-6q5vs   1m    97Mi   
websocket-server-56c97f4c7-9vhts   1m    34Mi   
websocket-server-56c97f4c7-rv74c   0m    28Mi   
websocket-server-56c97f4c7-sftpz   1m    28Mi   
websocket-server-56c97f4c7-svnb6   0m    29Mi   
websocket-server-56c97f4c7-t7zg4   1m    94Mi   
1781616059
websocket-server-56c97f4c7-5cccz   1m    31Mi   
websocket-server-56c97f4c7-66tqg   0m    33Mi   
websocket-server-56c97f4c7-6q5vs   1m    97Mi   
websocket-server-56c97f4c7-9vhts   1m    34Mi   
websocket-server-56c97f4c7-rv74c   1m    28Mi   
websocket-server-56c97f4c7-sftpz   1m    28Mi   
websocket-server-56c97f4c7-svnb6   1m    29Mi   
websocket-server-56c97f4c7-t7zg4   0m    94Mi   
1781616064
websocket-server-56c97f4c7-5cccz   1m    31Mi   
websocket-server-56c97f4c7-66tqg   0m    33Mi   
websocket-server-56c97f4c7-6q5vs   1m    97Mi   
websocket-server-56c97f4c7-9vhts   1m    34Mi   
websocket-server-56c97f4c7-rv74c   1m    28Mi   
websocket-server-56c97f4c7-sftpz   1m    28Mi   
websocket-server-56c97f4c7-svnb6   1m    29Mi   
websocket-server-56c97f4c7-t7zg4   0m    94Mi   
1781616069
websocket-server-56c97f4c7-5cccz   1m    31Mi   
websocket-server-56c97f4c7-66tqg   0m    33Mi   
websocket-server-56c97f4c7-6q5vs   1m    97Mi   
websocket-server-56c97f4c7-9vhts   1m    34Mi   
websocket-server-56c97f4c7-rv74c   1m    28Mi   
websocket-server-56c97f4c7-sftpz   1m    28Mi   
websocket-server-56c97f4c7-svnb6   1m    29Mi   
websocket-server-56c97f4c7-t7zg4   0m    94Mi   
1781616074
websocket-server-56c97f4c7-5cccz   1m    31Mi   
websocket-server-56c97f4c7-66tqg   1m    33Mi   
websocket-server-56c97f4c7-6q5vs   0m    97Mi   
websocket-server-56c97f4c7-9vhts   1m    34Mi   
websocket-server-56c97f4c7-rv74c   1m    29Mi   
websocket-server-56c97f4c7-sftpz   1m    28Mi   
websocket-server-56c97f4c7-svnb6   1m    29Mi   
websocket-server-56c97f4c7-t7zg4   0m    94Mi   
1781616079
websocket-server-56c97f4c7-5cccz   1m    31Mi   
websocket-server-56c97f4c7-66tqg   1m    33Mi   
websocket-server-56c97f4c7-6q5vs   0m    97Mi   
websocket-server-56c97f4c7-9vhts   1m    34Mi   
websocket-server-56c97f4c7-rv74c   1m    29Mi   
websocket-server-56c97f4c7-sftpz   1m    28Mi   
websocket-server-56c97f4c7-svnb6   1m    29Mi   
websocket-server-56c97f4c7-t7zg4   0m    94Mi   
1781616084
websocket-server-56c97f4c7-5cccz   1m    31Mi   
websocket-server-56c97f4c7-66tqg   1m    33Mi   
websocket-server-56c97f4c7-6q5vs   0m    97Mi   
websocket-server-56c97f4c7-9vhts   1m    34Mi   
websocket-server-56c97f4c7-rv74c   1m    29Mi   
websocket-server-56c97f4c7-sftpz   1m    28Mi   
websocket-server-56c97f4c7-svnb6   1m    29Mi   
websocket-server-56c97f4c7-t7zg4   0m    94Mi   
1781616089
websocket-server-56c97f4c7-5cccz   1m    31Mi   
websocket-server-56c97f4c7-66tqg   1m    33Mi   
websocket-server-56c97f4c7-6q5vs   1m    98Mi   
websocket-server-56c97f4c7-9vhts   1m    34Mi   
websocket-server-56c97f4c7-rv74c   1m    28Mi   
websocket-server-56c97f4c7-sftpz   1m    28Mi   
websocket-server-56c97f4c7-svnb6   1m    29Mi   
websocket-server-56c97f4c7-t7zg4   1m    94Mi   
1781616094
websocket-server-56c97f4c7-5cccz   1m    31Mi   
websocket-server-56c97f4c7-66tqg   1m    33Mi   
websocket-server-56c97f4c7-6q5vs   1m    98Mi   
websocket-server-56c97f4c7-9vhts   1m    34Mi   
websocket-server-56c97f4c7-rv74c   1m    28Mi   
websocket-server-56c97f4c7-sftpz   1m    28Mi   
websocket-server-56c97f4c7-svnb6   1m    29Mi   
websocket-server-56c97f4c7-t7zg4   1m    94Mi   
1781616099
websocket-server-56c97f4c7-5cccz   1m    31Mi   
websocket-server-56c97f4c7-66tqg   1m    33Mi   
websocket-server-56c97f4c7-6q5vs   1m    98Mi   
websocket-server-56c97f4c7-9vhts   1m    34Mi   
websocket-server-56c97f4c7-svnb6   1m    29Mi   
websocket-server-56c97f4c7-t7zg4   1m    94Mi   
1781616104
websocket-server-56c97f4c7-6q5vs   0m    97Mi   
websocket-server-56c97f4c7-9vhts   1m    34Mi   
websocket-server-56c97f4c7-svnb6   1m    29Mi   
websocket-server-56c97f4c7-t7zg4   1m    94Mi   
