1781615341,2
1781615346,2
1781615351,2
1781615356,2
1781615362,2
1781615367,2
1781615372,2
1781615377,2
1781615382,2
1781615387,2
1781615392,2
1781615397,4
1781615402,4
1781615407,4
1781615412,5
1781615417,5
1781615422,5
1781615427,6
1781615432,6
1781615437,7
1781615442,7
1781615447,8
1781615453,8
1781615458,8
1781615463,8
1781615468,8
1781615473,8
1781615478,8
1781615483,8
1781615488,8
1781615493,8
1781615498,8
1781615503,8
1781615508,8
1781615513,8
1781615518,8
1781615523,8
1781615528,8
1781615533,8
1781615538,8
1781615543,8
1781615548,8
1781615553,8
1781615558,8
1781615563,8
1781615569,8
1781615574,8
1781615579,8
1781615584,8
1781615589,8
1781615594,8
1781615599,8
1781615604,8
1781615609,8
1781615614,8
1781615619,8
1781615624,8
1781615629,8
1781615634,8
1781615639,8
1781615644,8
1781615649,8
1781615654,8
1781615659,8
1781615664,8
1781615669,8
1781615675,8
1781615680,8
1781615685,8
1781615690,8
1781615695,8
1781615700,8
1781615705,8
1781615710,8
1781615715,8
1781615720,6
1781615725,4
1781615730,2
1781615735,2
1781615740,2
1781615745,3
1781615750,4
1781615755,4
1781615760,5
1781615765,5
1781615770,7
1781615775,7
1781615781,8
1781615786,8
1781615791,8
1781615796,8
1781615801,8
1781615806,8
1781615811,8
1781615816,8
1781615821,8
1781615826,8
1781615831,8
1781615836,8
1781615841,8
1781615846,8
1781615851,8
1781615856,8
1781615861,8
1781615866,8
1781615871,8
1781615876,8
1781615881,8
1781615886,8
1781615891,8
1781615897,8
1781615902,8
1781615907,8
1781615912,8
1781615917,8
1781615922,8
1781615927,8
1781615932,8
1781615937,8
1781615942,8
1781615947,8
1781615952,8
1781615957,8
1781615962,8
1781615967,8
1781615972,8
1781615977,8
1781615982,8
1781615987,8
1781615992,8
1781615997,8
1781616002,8
1781616008,8
1781616013,8
1781616018,8
1781616023,8
1781616028,8
1781616033,8
1781616038,8
1781616043,8
1781616048,8
1781616053,8
1781616058,8
1781616063,8
1781616068,6
1781616073,4
1781616078,2
1781616083,2
1781616088,2
1781616093,2
1781616098,2
1781616103,2
1781616108,2
