1777439902
websocket-server-56c97f4c7-hfvfn   1m    28Mi   
websocket-server-56c97f4c7-hslqh   1m    28Mi   
1777439908
websocket-server-56c97f4c7-hfvfn   1m    28Mi   
websocket-server-56c97f4c7-hslqh   1m    28Mi   
1777439913
websocket-server-56c97f4c7-hfvfn   1m    28Mi   
websocket-server-56c97f4c7-hslqh   1m    28Mi   
1777439918
websocket-server-56c97f4c7-hfvfn   1m    28Mi   
websocket-server-56c97f4c7-hslqh   1m    28Mi   
1777439923
websocket-server-56c97f4c7-hfvfn   1m    28Mi   
websocket-server-56c97f4c7-hslqh   1m    28Mi   
1777439928
websocket-server-56c97f4c7-hfvfn   1m    28Mi   
websocket-server-56c97f4c7-hslqh   1m    28Mi   
1777439933
websocket-server-56c97f4c7-hfvfn   4m    30Mi   
websocket-server-56c97f4c7-hslqh   5m    31Mi   
1777439938
websocket-server-56c97f4c7-hfvfn   4m    30Mi   
websocket-server-56c97f4c7-hslqh   5m    31Mi   
1777439943
websocket-server-56c97f4c7-hfvfn   4m    30Mi   
websocket-server-56c97f4c7-hslqh   5m    31Mi   
1777439948
websocket-server-56c97f4c7-hfvfn   8m    36Mi   
websocket-server-56c97f4c7-hslqh   8m    35Mi   
1777439953
websocket-server-56c97f4c7-hfvfn   8m    36Mi   
websocket-server-56c97f4c7-hslqh   8m    35Mi   
1777439958
websocket-server-56c97f4c7-hfvfn   8m    36Mi   
websocket-server-56c97f4c7-hslqh   8m    35Mi   
1777439963
websocket-server-56c97f4c7-72vvz   24m   28Mi   
websocket-server-56c97f4c7-hfvfn   8m    36Mi   
websocket-server-56c97f4c7-hslqh   10m   37Mi   
1777439968
websocket-server-56c97f4c7-72vvz   24m   28Mi   
websocket-server-56c97f4c7-hfvfn   8m    36Mi   
websocket-server-56c97f4c7-hslqh   10m   37Mi   
1777439973
websocket-server-56c97f4c7-72vvz   24m   28Mi   
websocket-server-56c97f4c7-hfvfn   8m    36Mi   
websocket-server-56c97f4c7-hslqh   10m   37Mi   
1777439978
websocket-server-56c97f4c7-72vvz   4m    30Mi   
websocket-server-56c97f4c7-c66pp   2m    29Mi   
websocket-server-56c97f4c7-hfvfn   12m   41Mi   
websocket-server-56c97f4c7-hslqh   12m   39Mi   
websocket-server-56c97f4c7-xwhl7   23m   28Mi   
1777439983
websocket-server-56c97f4c7-72vvz   4m    30Mi   
websocket-server-56c97f4c7-c66pp   2m    29Mi   
websocket-server-56c97f4c7-hfvfn   12m   41Mi   
websocket-server-56c97f4c7-hslqh   12m   39Mi   
websocket-server-56c97f4c7-xwhl7   23m   28Mi   
1777439988
websocket-server-56c97f4c7-72vvz   4m    30Mi   
websocket-server-56c97f4c7-c66pp   2m    29Mi   
websocket-server-56c97f4c7-hfvfn   12m   41Mi   
websocket-server-56c97f4c7-hslqh   12m   39Mi   
websocket-server-56c97f4c7-xwhl7   23m   28Mi   
1777439993
websocket-server-56c97f4c7-72vvz   5m    32Mi   
websocket-server-56c97f4c7-c66pp   4m    29Mi   
websocket-server-56c97f4c7-hfvfn   14m   42Mi   
websocket-server-56c97f4c7-hslqh   12m   40Mi   
websocket-server-56c97f4c7-tvqqr   19m   28Mi   
websocket-server-56c97f4c7-xwhl7   3m    29Mi   
1777439999
websocket-server-56c97f4c7-72vvz   5m    32Mi   
websocket-server-56c97f4c7-c66pp   4m    29Mi   
websocket-server-56c97f4c7-hfvfn   14m   42Mi   
websocket-server-56c97f4c7-hslqh   12m   40Mi   
websocket-server-56c97f4c7-tvqqr   19m   28Mi   
websocket-server-56c97f4c7-xwhl7   3m    29Mi   
1777440004
websocket-server-56c97f4c7-72vvz   5m    32Mi   
websocket-server-56c97f4c7-c66pp   4m    29Mi   
websocket-server-56c97f4c7-hfvfn   14m   42Mi   
websocket-server-56c97f4c7-hslqh   12m   40Mi   
websocket-server-56c97f4c7-tvqqr   19m   28Mi   
websocket-server-56c97f4c7-xwhl7   3m    29Mi   
1777440009
websocket-server-56c97f4c7-72vvz   5m    32Mi   
websocket-server-56c97f4c7-7s58p   1m    28Mi   
websocket-server-56c97f4c7-c66pp   4m    31Mi   
websocket-server-56c97f4c7-hfvfn   14m   43Mi   
websocket-server-56c97f4c7-hslqh   13m   41Mi   
websocket-server-56c97f4c7-tvqqr   3m    29Mi   
websocket-server-56c97f4c7-xwhl7   4m    30Mi   
1777440014
websocket-server-56c97f4c7-72vvz   5m    32Mi   
websocket-server-56c97f4c7-7s58p   1m    28Mi   
websocket-server-56c97f4c7-c66pp   4m    31Mi   
websocket-server-56c97f4c7-hfvfn   14m   43Mi   
websocket-server-56c97f4c7-hslqh   13m   41Mi   
websocket-server-56c97f4c7-tvqqr   3m    29Mi   
websocket-server-56c97f4c7-xwhl7   4m    30Mi   
1777440019
websocket-server-56c97f4c7-72vvz   5m    32Mi   
websocket-server-56c97f4c7-7s58p   1m    28Mi   
websocket-server-56c97f4c7-c66pp   4m    31Mi   
websocket-server-56c97f4c7-hfvfn   14m   43Mi   
websocket-server-56c97f4c7-hslqh   13m   41Mi   
websocket-server-56c97f4c7-tvqqr   3m    29Mi   
websocket-server-56c97f4c7-xwhl7   4m    30Mi   
1777440024
websocket-server-56c97f4c7-72vvz   6m    33Mi   
websocket-server-56c97f4c7-7s58p   1m    28Mi   
websocket-server-56c97f4c7-c66pp   4m    31Mi   
websocket-server-56c97f4c7-hfvfn   14m   43Mi   
websocket-server-56c97f4c7-hslqh   14m   42Mi   
websocket-server-56c97f4c7-nvq4k   1m    27Mi   
websocket-server-56c97f4c7-tvqqr   3m    29Mi   
websocket-server-56c97f4c7-xwhl7   4m    30Mi   
1777440029
websocket-server-56c97f4c7-72vvz   6m    33Mi   
websocket-server-56c97f4c7-7s58p   1m    28Mi   
websocket-server-56c97f4c7-c66pp   4m    31Mi   
websocket-server-56c97f4c7-hfvfn   14m   43Mi   
websocket-server-56c97f4c7-hslqh   14m   42Mi   
websocket-server-56c97f4c7-nvq4k   1m    27Mi   
websocket-server-56c97f4c7-tvqqr   3m    29Mi   
websocket-server-56c97f4c7-xwhl7   4m    30Mi   
1777440034
websocket-server-56c97f4c7-72vvz   6m    33Mi   
websocket-server-56c97f4c7-7s58p   1m    28Mi   
websocket-server-56c97f4c7-c66pp   4m    31Mi   
websocket-server-56c97f4c7-hfvfn   14m   43Mi   
websocket-server-56c97f4c7-hslqh   14m   42Mi   
websocket-server-56c97f4c7-nvq4k   1m    27Mi   
websocket-server-56c97f4c7-tvqqr   3m    29Mi   
websocket-server-56c97f4c7-xwhl7   4m    30Mi   
1777440039
websocket-server-56c97f4c7-72vvz   5m    33Mi   
websocket-server-56c97f4c7-7s58p   1m    28Mi   
websocket-server-56c97f4c7-c66pp   4m    31Mi   
websocket-server-56c97f4c7-hfvfn   14m   43Mi   
websocket-server-56c97f4c7-hslqh   13m   42Mi   
websocket-server-56c97f4c7-nvq4k   1m    27Mi   
websocket-server-56c97f4c7-tvqqr   2m    29Mi   
websocket-server-56c97f4c7-xwhl7   3m    30Mi   
1777440044
websocket-server-56c97f4c7-72vvz   5m    33Mi   
websocket-server-56c97f4c7-7s58p   1m    28Mi   
websocket-server-56c97f4c7-c66pp   4m    31Mi   
websocket-server-56c97f4c7-hfvfn   14m   43Mi   
websocket-server-56c97f4c7-hslqh   13m   42Mi   
websocket-server-56c97f4c7-nvq4k   1m    27Mi   
websocket-server-56c97f4c7-tvqqr   2m    29Mi   
websocket-server-56c97f4c7-xwhl7   3m    30Mi   
1777440049
websocket-server-56c97f4c7-72vvz   5m    33Mi   
websocket-server-56c97f4c7-7s58p   1m    28Mi   
websocket-server-56c97f4c7-c66pp   4m    31Mi   
websocket-server-56c97f4c7-hfvfn   14m   43Mi   
websocket-server-56c97f4c7-hslqh   13m   42Mi   
websocket-server-56c97f4c7-nvq4k   1m    27Mi   
websocket-server-56c97f4c7-tvqqr   2m    29Mi   
websocket-server-56c97f4c7-xwhl7   3m    30Mi   
1777440054
websocket-server-56c97f4c7-72vvz   2m    33Mi   
websocket-server-56c97f4c7-7s58p   1m    28Mi   
websocket-server-56c97f4c7-c66pp   2m    31Mi   
websocket-server-56c97f4c7-hfvfn   10m   43Mi   
websocket-server-56c97f4c7-hslqh   5m    42Mi   
websocket-server-56c97f4c7-nvq4k   1m    27Mi   
websocket-server-56c97f4c7-tvqqr   1m    29Mi   
websocket-server-56c97f4c7-xwhl7   2m    30Mi   
1777440059
websocket-server-56c97f4c7-72vvz   2m    33Mi   
websocket-server-56c97f4c7-7s58p   1m    28Mi   
websocket-server-56c97f4c7-c66pp   2m    31Mi   
websocket-server-56c97f4c7-hfvfn   10m   43Mi   
websocket-server-56c97f4c7-hslqh   5m    42Mi   
websocket-server-56c97f4c7-nvq4k   1m    27Mi   
websocket-server-56c97f4c7-tvqqr   1m    29Mi   
websocket-server-56c97f4c7-xwhl7   2m    30Mi   
1777440064
websocket-server-56c97f4c7-72vvz   2m    33Mi   
websocket-server-56c97f4c7-7s58p   1m    28Mi   
websocket-server-56c97f4c7-c66pp   2m    31Mi   
websocket-server-56c97f4c7-hfvfn   10m   43Mi   
websocket-server-56c97f4c7-hslqh   5m    42Mi   
websocket-server-56c97f4c7-nvq4k   1m    27Mi   
websocket-server-56c97f4c7-tvqqr   1m    29Mi   
websocket-server-56c97f4c7-xwhl7   2m    30Mi   
1777440069
websocket-server-56c97f4c7-72vvz   2m    33Mi   
websocket-server-56c97f4c7-7s58p   1m    28Mi   
websocket-server-56c97f4c7-c66pp   2m    31Mi   
websocket-server-56c97f4c7-hfvfn   5m    43Mi   
websocket-server-56c97f4c7-hslqh   4m    42Mi   
websocket-server-56c97f4c7-nvq4k   1m    27Mi   
websocket-server-56c97f4c7-tvqqr   1m    29Mi   
websocket-server-56c97f4c7-xwhl7   1m    30Mi   
1777440074
websocket-server-56c97f4c7-72vvz   2m    33Mi   
websocket-server-56c97f4c7-7s58p   1m    28Mi   
websocket-server-56c97f4c7-c66pp   2m    31Mi   
websocket-server-56c97f4c7-hfvfn   5m    43Mi   
websocket-server-56c97f4c7-hslqh   4m    42Mi   
websocket-server-56c97f4c7-nvq4k   1m    27Mi   
websocket-server-56c97f4c7-tvqqr   1m    29Mi   
websocket-server-56c97f4c7-xwhl7   1m    30Mi   
1777440079
websocket-server-56c97f4c7-72vvz   2m    33Mi   
websocket-server-56c97f4c7-7s58p   1m    28Mi   
websocket-server-56c97f4c7-c66pp   2m    31Mi   
websocket-server-56c97f4c7-hfvfn   5m    43Mi   
websocket-server-56c97f4c7-hslqh   4m    42Mi   
websocket-server-56c97f4c7-nvq4k   1m    27Mi   
websocket-server-56c97f4c7-tvqqr   1m    29Mi   
websocket-server-56c97f4c7-xwhl7   1m    30Mi   
1777440084
websocket-server-56c97f4c7-72vvz   2m    33Mi   
websocket-server-56c97f4c7-7s58p   1m    28Mi   
websocket-server-56c97f4c7-c66pp   2m    31Mi   
websocket-server-56c97f4c7-hfvfn   4m    43Mi   
websocket-server-56c97f4c7-hslqh   4m    42Mi   
websocket-server-56c97f4c7-nvq4k   1m    27Mi   
websocket-server-56c97f4c7-tvqqr   1m    29Mi   
websocket-server-56c97f4c7-xwhl7   1m    30Mi   
1777440089
websocket-server-56c97f4c7-72vvz   2m    33Mi   
websocket-server-56c97f4c7-7s58p   1m    28Mi   
websocket-server-56c97f4c7-c66pp   2m    31Mi   
websocket-server-56c97f4c7-hfvfn   4m    43Mi   
websocket-server-56c97f4c7-hslqh   4m    42Mi   
websocket-server-56c97f4c7-nvq4k   1m    27Mi   
websocket-server-56c97f4c7-tvqqr   1m    29Mi   
websocket-server-56c97f4c7-xwhl7   1m    30Mi   
1777440094
websocket-server-56c97f4c7-72vvz   2m    33Mi   
websocket-server-56c97f4c7-7s58p   1m    28Mi   
websocket-server-56c97f4c7-c66pp   2m    31Mi   
websocket-server-56c97f4c7-hfvfn   4m    43Mi   
websocket-server-56c97f4c7-hslqh   4m    42Mi   
websocket-server-56c97f4c7-nvq4k   1m    27Mi   
websocket-server-56c97f4c7-tvqqr   1m    29Mi   
websocket-server-56c97f4c7-xwhl7   1m    30Mi   
1777440100
websocket-server-56c97f4c7-72vvz   5m    33Mi   
websocket-server-56c97f4c7-7s58p   1m    28Mi   
websocket-server-56c97f4c7-c66pp   3m    31Mi   
websocket-server-56c97f4c7-hfvfn   9m    42Mi   
websocket-server-56c97f4c7-hslqh   4m    42Mi   
websocket-server-56c97f4c7-nvq4k   1m    27Mi   
websocket-server-56c97f4c7-tvqqr   1m    29Mi   
websocket-server-56c97f4c7-xwhl7   3m    30Mi   
1777440105
websocket-server-56c97f4c7-72vvz   5m    33Mi   
websocket-server-56c97f4c7-7s58p   1m    28Mi   
websocket-server-56c97f4c7-c66pp   3m    31Mi   
websocket-server-56c97f4c7-hfvfn   9m    42Mi   
websocket-server-56c97f4c7-hslqh   4m    42Mi   
websocket-server-56c97f4c7-nvq4k   1m    27Mi   
websocket-server-56c97f4c7-tvqqr   1m    29Mi   
websocket-server-56c97f4c7-xwhl7   3m    30Mi   
1777440110
websocket-server-56c97f4c7-72vvz   5m    33Mi   
websocket-server-56c97f4c7-7s58p   1m    28Mi   
websocket-server-56c97f4c7-c66pp   3m    31Mi   
websocket-server-56c97f4c7-hfvfn   9m    42Mi   
websocket-server-56c97f4c7-hslqh   4m    42Mi   
websocket-server-56c97f4c7-nvq4k   1m    27Mi   
websocket-server-56c97f4c7-tvqqr   1m    29Mi   
websocket-server-56c97f4c7-xwhl7   3m    30Mi   
1777440115
websocket-server-56c97f4c7-72vvz   1m    33Mi   
websocket-server-56c97f4c7-7s58p   1m    28Mi   
websocket-server-56c97f4c7-c66pp   3m    31Mi   
websocket-server-56c97f4c7-hfvfn   9m    42Mi   
websocket-server-56c97f4c7-hslqh   7m    41Mi   
websocket-server-56c97f4c7-nvq4k   1m    27Mi   
websocket-server-56c97f4c7-tvqqr   1m    29Mi   
websocket-server-56c97f4c7-xwhl7   1m    30Mi   
1777440120
websocket-server-56c97f4c7-72vvz   1m    33Mi   
websocket-server-56c97f4c7-7s58p   1m    28Mi   
websocket-server-56c97f4c7-c66pp   3m    31Mi   
websocket-server-56c97f4c7-hfvfn   9m    42Mi   
websocket-server-56c97f4c7-hslqh   7m    41Mi   
websocket-server-56c97f4c7-nvq4k   1m    27Mi   
websocket-server-56c97f4c7-tvqqr   1m    29Mi   
websocket-server-56c97f4c7-xwhl7   1m    30Mi   
1777440125
websocket-server-56c97f4c7-72vvz   1m    33Mi   
websocket-server-56c97f4c7-7s58p   1m    28Mi   
websocket-server-56c97f4c7-c66pp   3m    31Mi   
websocket-server-56c97f4c7-hfvfn   9m    42Mi   
websocket-server-56c97f4c7-hslqh   7m    41Mi   
websocket-server-56c97f4c7-nvq4k   1m    27Mi   
websocket-server-56c97f4c7-tvqqr   1m    29Mi   
websocket-server-56c97f4c7-xwhl7   1m    30Mi   
1777440130
websocket-server-56c97f4c7-72vvz   1m    33Mi   
websocket-server-56c97f4c7-7s58p   1m    28Mi   
websocket-server-56c97f4c7-c66pp   1m    31Mi   
websocket-server-56c97f4c7-hfvfn   1m    42Mi   
websocket-server-56c97f4c7-hslqh   1m    41Mi   
websocket-server-56c97f4c7-nvq4k   1m    27Mi   
websocket-server-56c97f4c7-tvqqr   0m    29Mi   
websocket-server-56c97f4c7-xwhl7   1m    30Mi   
1777440135
websocket-server-56c97f4c7-72vvz   1m    33Mi   
websocket-server-56c97f4c7-7s58p   1m    28Mi   
websocket-server-56c97f4c7-c66pp   1m    31Mi   
websocket-server-56c97f4c7-hfvfn   1m    42Mi   
websocket-server-56c97f4c7-hslqh   1m    41Mi   
websocket-server-56c97f4c7-nvq4k   1m    27Mi   
websocket-server-56c97f4c7-tvqqr   0m    29Mi   
websocket-server-56c97f4c7-xwhl7   1m    30Mi   
1777440140
websocket-server-56c97f4c7-72vvz   1m    33Mi   
websocket-server-56c97f4c7-7s58p   1m    28Mi   
websocket-server-56c97f4c7-c66pp   1m    31Mi   
websocket-server-56c97f4c7-hfvfn   1m    42Mi   
websocket-server-56c97f4c7-hslqh   0m    41Mi   
websocket-server-56c97f4c7-nvq4k   1m    27Mi   
websocket-server-56c97f4c7-tvqqr   1m    29Mi   
websocket-server-56c97f4c7-xwhl7   1m    30Mi   
1777440145
websocket-server-56c97f4c7-72vvz   1m    33Mi   
websocket-server-56c97f4c7-7s58p   1m    28Mi   
websocket-server-56c97f4c7-c66pp   1m    31Mi   
websocket-server-56c97f4c7-hfvfn   1m    42Mi   
websocket-server-56c97f4c7-hslqh   0m    41Mi   
websocket-server-56c97f4c7-nvq4k   1m    27Mi   
websocket-server-56c97f4c7-tvqqr   1m    29Mi   
websocket-server-56c97f4c7-xwhl7   1m    30Mi   
1777440150
websocket-server-56c97f4c7-72vvz   1m    33Mi   
websocket-server-56c97f4c7-7s58p   1m    28Mi   
websocket-server-56c97f4c7-c66pp   1m    31Mi   
websocket-server-56c97f4c7-hfvfn   1m    42Mi   
websocket-server-56c97f4c7-hslqh   0m    41Mi   
websocket-server-56c97f4c7-nvq4k   1m    27Mi   
websocket-server-56c97f4c7-tvqqr   1m    29Mi   
websocket-server-56c97f4c7-xwhl7   1m    30Mi   
1777440155
websocket-server-56c97f4c7-72vvz   1m    33Mi   
websocket-server-56c97f4c7-7s58p   1m    28Mi   
websocket-server-56c97f4c7-c66pp   1m    31Mi   
websocket-server-56c97f4c7-hfvfn   1m    42Mi   
websocket-server-56c97f4c7-hslqh   0m    41Mi   
websocket-server-56c97f4c7-nvq4k   1m    27Mi   
websocket-server-56c97f4c7-tvqqr   1m    29Mi   
websocket-server-56c97f4c7-xwhl7   1m    30Mi   
1777440160
websocket-server-56c97f4c7-72vvz   1m    33Mi   
websocket-server-56c97f4c7-7s58p   1m    28Mi   
websocket-server-56c97f4c7-c66pp   1m    31Mi   
websocket-server-56c97f4c7-hfvfn   1m    42Mi   
websocket-server-56c97f4c7-hslqh   0m    41Mi   
websocket-server-56c97f4c7-nvq4k   1m    27Mi   
websocket-server-56c97f4c7-tvqqr   1m    29Mi   
websocket-server-56c97f4c7-xwhl7   1m    30Mi   
1777440165
websocket-server-56c97f4c7-72vvz   1m    33Mi   
websocket-server-56c97f4c7-7s58p   1m    28Mi   
websocket-server-56c97f4c7-c66pp   1m    31Mi   
websocket-server-56c97f4c7-hfvfn   1m    42Mi   
websocket-server-56c97f4c7-hslqh   0m    41Mi   
websocket-server-56c97f4c7-nvq4k   1m    27Mi   
websocket-server-56c97f4c7-tvqqr   1m    29Mi   
websocket-server-56c97f4c7-xwhl7   1m    30Mi   
1777440170
websocket-server-56c97f4c7-72vvz   1m    33Mi   
websocket-server-56c97f4c7-7s58p   2m    29Mi   
websocket-server-56c97f4c7-c66pp   1m    31Mi   
websocket-server-56c97f4c7-hfvfn   2m    42Mi   
websocket-server-56c97f4c7-hslqh   1m    41Mi   
websocket-server-56c97f4c7-nvq4k   2m    28Mi   
websocket-server-56c97f4c7-tvqqr   1m    30Mi   
websocket-server-56c97f4c7-xwhl7   1m    32Mi   
1777440175
websocket-server-56c97f4c7-72vvz   1m    33Mi   
websocket-server-56c97f4c7-7s58p   2m    29Mi   
websocket-server-56c97f4c7-c66pp   1m    31Mi   
websocket-server-56c97f4c7-hfvfn   2m    42Mi   
websocket-server-56c97f4c7-hslqh   1m    41Mi   
websocket-server-56c97f4c7-nvq4k   2m    28Mi   
websocket-server-56c97f4c7-tvqqr   1m    30Mi   
websocket-server-56c97f4c7-xwhl7   1m    32Mi   
1777440180
websocket-server-56c97f4c7-72vvz   1m    33Mi   
websocket-server-56c97f4c7-7s58p   2m    29Mi   
websocket-server-56c97f4c7-c66pp   1m    31Mi   
websocket-server-56c97f4c7-hfvfn   2m    42Mi   
websocket-server-56c97f4c7-hslqh   1m    41Mi   
websocket-server-56c97f4c7-nvq4k   2m    28Mi   
websocket-server-56c97f4c7-tvqqr   1m    30Mi   
websocket-server-56c97f4c7-xwhl7   1m    32Mi   
1777440185
websocket-server-56c97f4c7-72vvz   2m    35Mi   
websocket-server-56c97f4c7-7s58p   2m    29Mi   
websocket-server-56c97f4c7-c66pp   1m    31Mi   
websocket-server-56c97f4c7-hfvfn   3m    43Mi   
websocket-server-56c97f4c7-hslqh   2m    42Mi   
websocket-server-56c97f4c7-nvq4k   2m    28Mi   
websocket-server-56c97f4c7-tvqqr   2m    30Mi   
websocket-server-56c97f4c7-xwhl7   3m    33Mi   
1777440190
websocket-server-56c97f4c7-72vvz   2m    35Mi   
websocket-server-56c97f4c7-7s58p   2m    29Mi   
websocket-server-56c97f4c7-c66pp   1m    31Mi   
websocket-server-56c97f4c7-hfvfn   3m    43Mi   
websocket-server-56c97f4c7-hslqh   2m    42Mi   
websocket-server-56c97f4c7-nvq4k   2m    28Mi   
websocket-server-56c97f4c7-tvqqr   2m    30Mi   
websocket-server-56c97f4c7-xwhl7   3m    33Mi   
1777440195
websocket-server-56c97f4c7-72vvz   2m    35Mi   
websocket-server-56c97f4c7-7s58p   2m    29Mi   
websocket-server-56c97f4c7-c66pp   1m    31Mi   
websocket-server-56c97f4c7-hfvfn   3m    43Mi   
websocket-server-56c97f4c7-hslqh   2m    42Mi   
websocket-server-56c97f4c7-nvq4k   2m    28Mi   
websocket-server-56c97f4c7-tvqqr   2m    30Mi   
websocket-server-56c97f4c7-xwhl7   3m    33Mi   
1777440200
websocket-server-56c97f4c7-72vvz   3m    35Mi   
websocket-server-56c97f4c7-7s58p   3m    31Mi   
websocket-server-56c97f4c7-c66pp   2m    32Mi   
websocket-server-56c97f4c7-hfvfn   3m    43Mi   
websocket-server-56c97f4c7-hslqh   4m    42Mi   
websocket-server-56c97f4c7-nvq4k   3m    30Mi   
websocket-server-56c97f4c7-tvqqr   3m    31Mi   
websocket-server-56c97f4c7-xwhl7   4m    33Mi   
1777440205
websocket-server-56c97f4c7-72vvz   3m    35Mi   
websocket-server-56c97f4c7-7s58p   3m    31Mi   
websocket-server-56c97f4c7-c66pp   2m    32Mi   
websocket-server-56c97f4c7-hfvfn   3m    43Mi   
websocket-server-56c97f4c7-hslqh   4m    42Mi   
websocket-server-56c97f4c7-nvq4k   3m    30Mi   
websocket-server-56c97f4c7-tvqqr   3m    31Mi   
websocket-server-56c97f4c7-xwhl7   4m    33Mi   
1777440211
websocket-server-56c97f4c7-72vvz   3m    35Mi   
websocket-server-56c97f4c7-7s58p   3m    31Mi   
websocket-server-56c97f4c7-c66pp   2m    32Mi   
websocket-server-56c97f4c7-hfvfn   3m    43Mi   
websocket-server-56c97f4c7-hslqh   4m    42Mi   
websocket-server-56c97f4c7-nvq4k   3m    30Mi   
websocket-server-56c97f4c7-tvqqr   3m    31Mi   
websocket-server-56c97f4c7-xwhl7   4m    33Mi   
1777440216
websocket-server-56c97f4c7-72vvz   4m    37Mi   
websocket-server-56c97f4c7-7s58p   4m    32Mi   
websocket-server-56c97f4c7-c66pp   3m    33Mi   
websocket-server-56c97f4c7-hfvfn   4m    43Mi   
websocket-server-56c97f4c7-hslqh   4m    43Mi   
websocket-server-56c97f4c7-nvq4k   4m    31Mi   
websocket-server-56c97f4c7-tvqqr   4m    33Mi   
websocket-server-56c97f4c7-xwhl7   5m    34Mi   
1777440221
websocket-server-56c97f4c7-72vvz   4m    37Mi   
websocket-server-56c97f4c7-7s58p   4m    32Mi   
websocket-server-56c97f4c7-c66pp   3m    33Mi   
websocket-server-56c97f4c7-hfvfn   4m    43Mi   
websocket-server-56c97f4c7-hslqh   4m    43Mi   
websocket-server-56c97f4c7-nvq4k   4m    31Mi   
websocket-server-56c97f4c7-tvqqr   4m    33Mi   
websocket-server-56c97f4c7-xwhl7   5m    34Mi   
1777440226
websocket-server-56c97f4c7-72vvz   4m    37Mi   
websocket-server-56c97f4c7-7s58p   4m    32Mi   
websocket-server-56c97f4c7-c66pp   3m    33Mi   
websocket-server-56c97f4c7-hfvfn   4m    43Mi   
websocket-server-56c97f4c7-hslqh   4m    43Mi   
websocket-server-56c97f4c7-nvq4k   4m    31Mi   
websocket-server-56c97f4c7-tvqqr   4m    33Mi   
websocket-server-56c97f4c7-xwhl7   5m    34Mi   
1777440231
websocket-server-56c97f4c7-72vvz   5m    38Mi   
websocket-server-56c97f4c7-7s58p   5m    33Mi   
websocket-server-56c97f4c7-c66pp   5m    34Mi   
websocket-server-56c97f4c7-hfvfn   5m    43Mi   
websocket-server-56c97f4c7-hslqh   6m    43Mi   
websocket-server-56c97f4c7-nvq4k   4m    31Mi   
websocket-server-56c97f4c7-rfk9z   17m   28Mi   
websocket-server-56c97f4c7-tvqqr   5m    33Mi   
websocket-server-56c97f4c7-xwhl7   5m    34Mi   
1777440236
websocket-server-56c97f4c7-72vvz   5m    38Mi   
websocket-server-56c97f4c7-7s58p   5m    33Mi   
websocket-server-56c97f4c7-c66pp   5m    34Mi   
websocket-server-56c97f4c7-hfvfn   5m    43Mi   
websocket-server-56c97f4c7-hslqh   6m    43Mi   
websocket-server-56c97f4c7-rfk9z   17m   28Mi   
websocket-server-56c97f4c7-tvqqr   5m    33Mi   
1777440241
websocket-server-56c97f4c7-72vvz   5m    38Mi   
websocket-server-56c97f4c7-c66pp   5m    34Mi   
websocket-server-56c97f4c7-hfvfn   5m    43Mi   
websocket-server-56c97f4c7-hslqh   6m    43Mi   
websocket-server-56c97f4c7-rfk9z   17m   28Mi   
websocket-server-56c97f4c7-tvqqr   5m    33Mi   
1777440246
websocket-server-56c97f4c7-6bckx   20m   29Mi   
websocket-server-56c97f4c7-72vvz   7m    40Mi   
websocket-server-56c97f4c7-c66pp   6m    35Mi   
websocket-server-56c97f4c7-hfvfn   6m    43Mi   
websocket-server-56c97f4c7-hslqh   6m    43Mi   
websocket-server-56c97f4c7-rfk9z   17m   28Mi   
websocket-server-56c97f4c7-tvqqr   5m    33Mi   
1777440251
websocket-server-56c97f4c7-6bckx   20m   29Mi   
websocket-server-56c97f4c7-72vvz   7m    40Mi   
websocket-server-56c97f4c7-c66pp   6m    35Mi   
websocket-server-56c97f4c7-hfvfn   6m    43Mi   
websocket-server-56c97f4c7-hslqh   6m    43Mi   
websocket-server-56c97f4c7-rfk9z   17m   28Mi   
websocket-server-56c97f4c7-tvqqr   5m    33Mi   
1777440256
websocket-server-56c97f4c7-6bckx   20m   29Mi   
websocket-server-56c97f4c7-72vvz   7m    40Mi   
websocket-server-56c97f4c7-c66pp   6m    35Mi   
websocket-server-56c97f4c7-hfvfn   6m    43Mi   
websocket-server-56c97f4c7-hslqh   6m    43Mi   
websocket-server-56c97f4c7-rfk9z   17m   28Mi   
websocket-server-56c97f4c7-tvqqr   5m    33Mi   
1777440261
websocket-server-56c97f4c7-6bckx   3m    30Mi   
websocket-server-56c97f4c7-6d4cp   1m    28Mi   
websocket-server-56c97f4c7-72vvz   8m    42Mi   
websocket-server-56c97f4c7-c66pp   6m    35Mi   
websocket-server-56c97f4c7-hfvfn   7m    44Mi   
websocket-server-56c97f4c7-hslqh   8m    44Mi   
websocket-server-56c97f4c7-rfk9z   3m    30Mi   
websocket-server-56c97f4c7-rr8fm   18m   27Mi   
websocket-server-56c97f4c7-tvqqr   7m    36Mi   
websocket-server-56c97f4c7-tws79   18m   27Mi   
1777440266
websocket-server-56c97f4c7-6bckx   3m    30Mi   
websocket-server-56c97f4c7-6d4cp   1m    28Mi   
websocket-server-56c97f4c7-72vvz   8m    42Mi   
websocket-server-56c97f4c7-c66pp   6m    35Mi   
websocket-server-56c97f4c7-hfvfn   7m    44Mi   
websocket-server-56c97f4c7-hslqh   8m    44Mi   
websocket-server-56c97f4c7-rfk9z   3m    30Mi   
websocket-server-56c97f4c7-rr8fm   18m   27Mi   
websocket-server-56c97f4c7-tvqqr   7m    36Mi   
websocket-server-56c97f4c7-tws79   18m   27Mi   
1777440271
websocket-server-56c97f4c7-6bckx   3m    30Mi   
websocket-server-56c97f4c7-6d4cp   1m    28Mi   
websocket-server-56c97f4c7-72vvz   8m    42Mi   
websocket-server-56c97f4c7-c66pp   6m    35Mi   
websocket-server-56c97f4c7-hfvfn   7m    44Mi   
websocket-server-56c97f4c7-hslqh   8m    44Mi   
websocket-server-56c97f4c7-rfk9z   3m    30Mi   
websocket-server-56c97f4c7-rr8fm   18m   27Mi   
websocket-server-56c97f4c7-tvqqr   7m    36Mi   
websocket-server-56c97f4c7-tws79   18m   27Mi   
1777440276
websocket-server-56c97f4c7-6bckx   3m    30Mi   
websocket-server-56c97f4c7-6d4cp   1m    28Mi   
websocket-server-56c97f4c7-72vvz   9m    41Mi   
websocket-server-56c97f4c7-c66pp   7m    35Mi   
websocket-server-56c97f4c7-hfvfn   7m    44Mi   
websocket-server-56c97f4c7-hslqh   8m    44Mi   
websocket-server-56c97f4c7-rfk9z   3m    30Mi   
websocket-server-56c97f4c7-rr8fm   0m    27Mi   
websocket-server-56c97f4c7-tvqqr   7m    35Mi   
websocket-server-56c97f4c7-tws79   1m    27Mi   
1777440281
websocket-server-56c97f4c7-6bckx   3m    30Mi   
websocket-server-56c97f4c7-6d4cp   1m    28Mi   
websocket-server-56c97f4c7-72vvz   9m    41Mi   
websocket-server-56c97f4c7-c66pp   7m    35Mi   
websocket-server-56c97f4c7-hfvfn   7m    44Mi   
websocket-server-56c97f4c7-hslqh   8m    44Mi   
websocket-server-56c97f4c7-rfk9z   3m    30Mi   
websocket-server-56c97f4c7-rr8fm   0m    27Mi   
websocket-server-56c97f4c7-tvqqr   7m    35Mi   
websocket-server-56c97f4c7-tws79   1m    27Mi   
1777440286
websocket-server-56c97f4c7-6bckx   3m    30Mi   
websocket-server-56c97f4c7-6d4cp   1m    28Mi   
websocket-server-56c97f4c7-72vvz   9m    41Mi   
websocket-server-56c97f4c7-c66pp   7m    35Mi   
websocket-server-56c97f4c7-hfvfn   7m    44Mi   
websocket-server-56c97f4c7-hslqh   8m    44Mi   
websocket-server-56c97f4c7-rfk9z   3m    30Mi   
websocket-server-56c97f4c7-rr8fm   0m    27Mi   
websocket-server-56c97f4c7-tvqqr   7m    35Mi   
websocket-server-56c97f4c7-tws79   1m    27Mi   
1777440291
websocket-server-56c97f4c7-6bckx   2m    30Mi   
websocket-server-56c97f4c7-6d4cp   1m    28Mi   
websocket-server-56c97f4c7-72vvz   3m    42Mi   
websocket-server-56c97f4c7-c66pp   5m    36Mi   
websocket-server-56c97f4c7-hfvfn   5m    44Mi   
websocket-server-56c97f4c7-hslqh   6m    44Mi   
websocket-server-56c97f4c7-rfk9z   1m    30Mi   
websocket-server-56c97f4c7-rr8fm   1m    27Mi   
websocket-server-56c97f4c7-tvqqr   3m    35Mi   
websocket-server-56c97f4c7-tws79   1m    27Mi   
1777440296
websocket-server-56c97f4c7-6bckx   2m    30Mi   
websocket-server-56c97f4c7-6d4cp   1m    28Mi   
websocket-server-56c97f4c7-72vvz   3m    42Mi   
websocket-server-56c97f4c7-c66pp   5m    36Mi   
websocket-server-56c97f4c7-hfvfn   5m    44Mi   
websocket-server-56c97f4c7-hslqh   6m    44Mi   
websocket-server-56c97f4c7-rfk9z   1m    30Mi   
websocket-server-56c97f4c7-rr8fm   1m    27Mi   
websocket-server-56c97f4c7-tvqqr   3m    35Mi   
websocket-server-56c97f4c7-tws79   1m    27Mi   
1777440301
websocket-server-56c97f4c7-6bckx   2m    30Mi   
websocket-server-56c97f4c7-6d4cp   1m    28Mi   
websocket-server-56c97f4c7-72vvz   3m    42Mi   
websocket-server-56c97f4c7-c66pp   5m    36Mi   
websocket-server-56c97f4c7-hfvfn   5m    44Mi   
websocket-server-56c97f4c7-hslqh   6m    44Mi   
websocket-server-56c97f4c7-rfk9z   1m    30Mi   
websocket-server-56c97f4c7-rr8fm   1m    27Mi   
websocket-server-56c97f4c7-tvqqr   3m    35Mi   
websocket-server-56c97f4c7-tws79   1m    27Mi   
1777440306
websocket-server-56c97f4c7-6bckx   1m    30Mi   
websocket-server-56c97f4c7-6d4cp   1m    28Mi   
websocket-server-56c97f4c7-72vvz   3m    42Mi   
websocket-server-56c97f4c7-c66pp   2m    36Mi   
websocket-server-56c97f4c7-hfvfn   2m    44Mi   
websocket-server-56c97f4c7-hslqh   3m    44Mi   
websocket-server-56c97f4c7-rfk9z   1m    30Mi   
websocket-server-56c97f4c7-rr8fm   1m    27Mi   
websocket-server-56c97f4c7-tvqqr   2m    35Mi   
websocket-server-56c97f4c7-tws79   1m    27Mi   
1777440311
websocket-server-56c97f4c7-6bckx   1m    30Mi   
websocket-server-56c97f4c7-6d4cp   1m    28Mi   
websocket-server-56c97f4c7-72vvz   3m    42Mi   
websocket-server-56c97f4c7-c66pp   2m    36Mi   
websocket-server-56c97f4c7-hfvfn   2m    44Mi   
websocket-server-56c97f4c7-hslqh   3m    44Mi   
websocket-server-56c97f4c7-rfk9z   1m    30Mi   
websocket-server-56c97f4c7-rr8fm   1m    27Mi   
websocket-server-56c97f4c7-tvqqr   2m    35Mi   
websocket-server-56c97f4c7-tws79   1m    27Mi   
1777440316
websocket-server-56c97f4c7-6bckx   1m    30Mi   
websocket-server-56c97f4c7-6d4cp   1m    28Mi   
websocket-server-56c97f4c7-72vvz   3m    42Mi   
websocket-server-56c97f4c7-c66pp   2m    36Mi   
websocket-server-56c97f4c7-hfvfn   2m    44Mi   
websocket-server-56c97f4c7-hslqh   3m    44Mi   
websocket-server-56c97f4c7-rfk9z   1m    30Mi   
websocket-server-56c97f4c7-rr8fm   1m    27Mi   
websocket-server-56c97f4c7-tvqqr   2m    35Mi   
websocket-server-56c97f4c7-tws79   1m    27Mi   
1777440321
websocket-server-56c97f4c7-6bckx   1m    30Mi   
websocket-server-56c97f4c7-6d4cp   1m    28Mi   
websocket-server-56c97f4c7-72vvz   3m    41Mi   
websocket-server-56c97f4c7-c66pp   2m    35Mi   
websocket-server-56c97f4c7-hfvfn   2m    44Mi   
websocket-server-56c97f4c7-hslqh   3m    44Mi   
websocket-server-56c97f4c7-rfk9z   1m    30Mi   
websocket-server-56c97f4c7-rr8fm   1m    27Mi   
websocket-server-56c97f4c7-tvqqr   2m    35Mi   
websocket-server-56c97f4c7-tws79   1m    27Mi   
1777440327
websocket-server-56c97f4c7-6bckx   1m    30Mi   
websocket-server-56c97f4c7-6d4cp   1m    28Mi   
websocket-server-56c97f4c7-72vvz   3m    41Mi   
websocket-server-56c97f4c7-c66pp   2m    35Mi   
websocket-server-56c97f4c7-hfvfn   2m    44Mi   
websocket-server-56c97f4c7-hslqh   3m    44Mi   
websocket-server-56c97f4c7-rfk9z   1m    30Mi   
websocket-server-56c97f4c7-rr8fm   1m    27Mi   
websocket-server-56c97f4c7-tvqqr   2m    35Mi   
websocket-server-56c97f4c7-tws79   1m    27Mi   
1777440332
websocket-server-56c97f4c7-6bckx   1m    30Mi   
websocket-server-56c97f4c7-6d4cp   1m    28Mi   
websocket-server-56c97f4c7-72vvz   3m    41Mi   
websocket-server-56c97f4c7-c66pp   2m    35Mi   
websocket-server-56c97f4c7-hfvfn   2m    44Mi   
websocket-server-56c97f4c7-hslqh   3m    44Mi   
websocket-server-56c97f4c7-rfk9z   1m    30Mi   
websocket-server-56c97f4c7-rr8fm   1m    27Mi   
websocket-server-56c97f4c7-tvqqr   2m    35Mi   
websocket-server-56c97f4c7-tws79   1m    27Mi   
1777440337
websocket-server-56c97f4c7-6bckx   1m    30Mi   
websocket-server-56c97f4c7-6d4cp   1m    28Mi   
websocket-server-56c97f4c7-72vvz   6m    41Mi   
websocket-server-56c97f4c7-c66pp   2m    36Mi   
websocket-server-56c97f4c7-hfvfn   3m    44Mi   
websocket-server-56c97f4c7-hslqh   3m    44Mi   
websocket-server-56c97f4c7-rfk9z   1m    30Mi   
websocket-server-56c97f4c7-rr8fm   1m    27Mi   
websocket-server-56c97f4c7-tvqqr   6m    35Mi   
websocket-server-56c97f4c7-tws79   1m    27Mi   
1777440342
websocket-server-56c97f4c7-6bckx   1m    30Mi   
websocket-server-56c97f4c7-6d4cp   1m    28Mi   
websocket-server-56c97f4c7-72vvz   6m    41Mi   
websocket-server-56c97f4c7-c66pp   2m    36Mi   
websocket-server-56c97f4c7-hfvfn   3m    44Mi   
websocket-server-56c97f4c7-hslqh   3m    44Mi   
websocket-server-56c97f4c7-rfk9z   1m    30Mi   
websocket-server-56c97f4c7-rr8fm   1m    27Mi   
websocket-server-56c97f4c7-tvqqr   6m    35Mi   
websocket-server-56c97f4c7-tws79   1m    27Mi   
1777440347
websocket-server-56c97f4c7-6bckx   1m    30Mi   
websocket-server-56c97f4c7-6d4cp   1m    28Mi   
websocket-server-56c97f4c7-72vvz   6m    41Mi   
websocket-server-56c97f4c7-c66pp   2m    36Mi   
websocket-server-56c97f4c7-hfvfn   3m    44Mi   
websocket-server-56c97f4c7-hslqh   3m    44Mi   
websocket-server-56c97f4c7-rfk9z   1m    30Mi   
websocket-server-56c97f4c7-rr8fm   1m    27Mi   
websocket-server-56c97f4c7-tvqqr   6m    35Mi   
websocket-server-56c97f4c7-tws79   1m    27Mi   
1777440352
websocket-server-56c97f4c7-6bckx   3m    30Mi   
websocket-server-56c97f4c7-6d4cp   1m    28Mi   
websocket-server-56c97f4c7-72vvz   1m    41Mi   
websocket-server-56c97f4c7-c66pp   3m    35Mi   
websocket-server-56c97f4c7-hfvfn   5m    43Mi   
websocket-server-56c97f4c7-hslqh   8m    43Mi   
websocket-server-56c97f4c7-rfk9z   2m    30Mi   
websocket-server-56c97f4c7-rr8fm   1m    27Mi   
websocket-server-56c97f4c7-tvqqr   1m    35Mi   
websocket-server-56c97f4c7-tws79   1m    27Mi   
1777440357
websocket-server-56c97f4c7-6bckx   3m    30Mi   
websocket-server-56c97f4c7-6d4cp   1m    28Mi   
websocket-server-56c97f4c7-72vvz   1m    41Mi   
websocket-server-56c97f4c7-c66pp   3m    35Mi   
websocket-server-56c97f4c7-hfvfn   5m    43Mi   
websocket-server-56c97f4c7-hslqh   8m    43Mi   
websocket-server-56c97f4c7-rfk9z   2m    30Mi   
websocket-server-56c97f4c7-rr8fm   1m    27Mi   
websocket-server-56c97f4c7-tvqqr   1m    35Mi   
websocket-server-56c97f4c7-tws79   1m    27Mi   
1777440362
websocket-server-56c97f4c7-6bckx   3m    30Mi   
websocket-server-56c97f4c7-6d4cp   1m    28Mi   
websocket-server-56c97f4c7-72vvz   1m    41Mi   
websocket-server-56c97f4c7-c66pp   3m    35Mi   
websocket-server-56c97f4c7-hfvfn   5m    43Mi   
websocket-server-56c97f4c7-hslqh   8m    43Mi   
websocket-server-56c97f4c7-rfk9z   2m    30Mi   
websocket-server-56c97f4c7-rr8fm   1m    27Mi   
websocket-server-56c97f4c7-tvqqr   1m    35Mi   
websocket-server-56c97f4c7-tws79   1m    27Mi   
1777440367
websocket-server-56c97f4c7-6bckx   1m    30Mi   
websocket-server-56c97f4c7-6d4cp   1m    28Mi   
websocket-server-56c97f4c7-72vvz   1m    41Mi   
websocket-server-56c97f4c7-c66pp   1m    35Mi   
websocket-server-56c97f4c7-hfvfn   1m    43Mi   
websocket-server-56c97f4c7-hslqh   1m    43Mi   
websocket-server-56c97f4c7-rfk9z   2m    30Mi   
websocket-server-56c97f4c7-rr8fm   1m    27Mi   
websocket-server-56c97f4c7-tvqqr   1m    35Mi   
websocket-server-56c97f4c7-tws79   1m    27Mi   
1777440372
websocket-server-56c97f4c7-6bckx   1m    30Mi   
websocket-server-56c97f4c7-6d4cp   1m    28Mi   
websocket-server-56c97f4c7-72vvz   1m    41Mi   
websocket-server-56c97f4c7-c66pp   1m    35Mi   
websocket-server-56c97f4c7-hfvfn   1m    43Mi   
websocket-server-56c97f4c7-hslqh   1m    43Mi   
websocket-server-56c97f4c7-rfk9z   2m    30Mi   
websocket-server-56c97f4c7-rr8fm   1m    27Mi   
websocket-server-56c97f4c7-tvqqr   1m    35Mi   
websocket-server-56c97f4c7-tws79   1m    27Mi   
1777440377
websocket-server-56c97f4c7-6bckx   1m    30Mi   
websocket-server-56c97f4c7-6d4cp   1m    28Mi   
websocket-server-56c97f4c7-72vvz   1m    41Mi   
websocket-server-56c97f4c7-c66pp   1m    35Mi   
websocket-server-56c97f4c7-hfvfn   1m    43Mi   
websocket-server-56c97f4c7-hslqh   1m    43Mi   
websocket-server-56c97f4c7-rfk9z   2m    30Mi   
websocket-server-56c97f4c7-rr8fm   1m    27Mi   
websocket-server-56c97f4c7-tvqqr   1m    35Mi   
websocket-server-56c97f4c7-tws79   1m    27Mi   
1777440382
websocket-server-56c97f4c7-6bckx   1m    30Mi   
websocket-server-56c97f4c7-6d4cp   1m    28Mi   
websocket-server-56c97f4c7-72vvz   1m    41Mi   
websocket-server-56c97f4c7-c66pp   1m    35Mi   
websocket-server-56c97f4c7-hfvfn   1m    43Mi   
websocket-server-56c97f4c7-hslqh   1m    43Mi   
websocket-server-56c97f4c7-rfk9z   1m    30Mi   
websocket-server-56c97f4c7-rr8fm   1m    27Mi   
websocket-server-56c97f4c7-tvqqr   1m    35Mi   
websocket-server-56c97f4c7-tws79   1m    27Mi   
1777440387
websocket-server-56c97f4c7-6bckx   1m    30Mi   
websocket-server-56c97f4c7-6d4cp   1m    28Mi   
websocket-server-56c97f4c7-72vvz   1m    41Mi   
websocket-server-56c97f4c7-c66pp   1m    35Mi   
websocket-server-56c97f4c7-hfvfn   1m    43Mi   
websocket-server-56c97f4c7-hslqh   1m    43Mi   
websocket-server-56c97f4c7-rfk9z   1m    30Mi   
websocket-server-56c97f4c7-rr8fm   1m    27Mi   
websocket-server-56c97f4c7-tvqqr   1m    35Mi   
websocket-server-56c97f4c7-tws79   1m    27Mi   
1777440392
websocket-server-56c97f4c7-6bckx   1m    30Mi   
websocket-server-56c97f4c7-6d4cp   1m    28Mi   
websocket-server-56c97f4c7-72vvz   1m    41Mi   
websocket-server-56c97f4c7-c66pp   1m    35Mi   
websocket-server-56c97f4c7-hfvfn   1m    43Mi   
websocket-server-56c97f4c7-hslqh   1m    43Mi   
websocket-server-56c97f4c7-rfk9z   1m    30Mi   
websocket-server-56c97f4c7-rr8fm   1m    27Mi   
websocket-server-56c97f4c7-tvqqr   1m    35Mi   
websocket-server-56c97f4c7-tws79   1m    27Mi   
1777440397
websocket-server-56c97f4c7-6bckx   1m    30Mi   
websocket-server-56c97f4c7-6d4cp   0m    28Mi   
websocket-server-56c97f4c7-72vvz   1m    41Mi   
websocket-server-56c97f4c7-c66pp   1m    35Mi   
websocket-server-56c97f4c7-hfvfn   1m    43Mi   
websocket-server-56c97f4c7-hslqh   1m    43Mi   
websocket-server-56c97f4c7-rfk9z   1m    30Mi   
websocket-server-56c97f4c7-rr8fm   1m    27Mi   
websocket-server-56c97f4c7-tvqqr   1m    35Mi   
websocket-server-56c97f4c7-tws79   1m    27Mi   
1777440402
websocket-server-56c97f4c7-6bckx   1m    30Mi   
websocket-server-56c97f4c7-6d4cp   0m    28Mi   
websocket-server-56c97f4c7-72vvz   1m    41Mi   
websocket-server-56c97f4c7-c66pp   1m    35Mi   
websocket-server-56c97f4c7-hfvfn   1m    43Mi   
websocket-server-56c97f4c7-hslqh   1m    43Mi   
websocket-server-56c97f4c7-rfk9z   1m    30Mi   
websocket-server-56c97f4c7-rr8fm   1m    27Mi   
websocket-server-56c97f4c7-tvqqr   1m    35Mi   
websocket-server-56c97f4c7-tws79   1m    27Mi   
1777440407
websocket-server-56c97f4c7-6bckx   1m    30Mi   
websocket-server-56c97f4c7-6d4cp   0m    28Mi   
websocket-server-56c97f4c7-72vvz   1m    41Mi   
websocket-server-56c97f4c7-c66pp   1m    35Mi   
websocket-server-56c97f4c7-hfvfn   1m    43Mi   
websocket-server-56c97f4c7-hslqh   1m    43Mi   
websocket-server-56c97f4c7-rfk9z   1m    30Mi   
websocket-server-56c97f4c7-tvqqr   1m    35Mi   
websocket-server-56c97f4c7-tws79   1m    27Mi   
1777440412
websocket-server-56c97f4c7-6bckx   1m    30Mi   
websocket-server-56c97f4c7-6d4cp   0m    28Mi   
websocket-server-56c97f4c7-72vvz   1m    41Mi   
websocket-server-56c97f4c7-c66pp   1m    35Mi   
websocket-server-56c97f4c7-hfvfn   1m    43Mi   
websocket-server-56c97f4c7-hslqh   1m    43Mi   
websocket-server-56c97f4c7-rfk9z   1m    30Mi   
websocket-server-56c97f4c7-tvqqr   1m    35Mi   
1777440417
websocket-server-56c97f4c7-6bckx   1m    30Mi   
websocket-server-56c97f4c7-6d4cp   0m    28Mi   
websocket-server-56c97f4c7-72vvz   1m    41Mi   
websocket-server-56c97f4c7-c66pp   1m    35Mi   
websocket-server-56c97f4c7-hfvfn   1m    43Mi   
websocket-server-56c97f4c7-hslqh   1m    43Mi   
websocket-server-56c97f4c7-rfk9z   1m    30Mi   
websocket-server-56c97f4c7-tvqqr   1m    35Mi   
1777440422
websocket-server-56c97f4c7-6bckx   1m    30Mi   
websocket-server-56c97f4c7-6d4cp   0m    28Mi   
websocket-server-56c97f4c7-72vvz   1m    41Mi   
websocket-server-56c97f4c7-c66pp   1m    35Mi   
websocket-server-56c97f4c7-hfvfn   1m    43Mi   
websocket-server-56c97f4c7-hslqh   1m    43Mi   
websocket-server-56c97f4c7-rfk9z   1m    30Mi   
websocket-server-56c97f4c7-tvqqr   1m    35Mi   
1777440427
websocket-server-56c97f4c7-6bckx   1m    30Mi   
websocket-server-56c97f4c7-6d4cp   1m    28Mi   
websocket-server-56c97f4c7-72vvz   1m    41Mi   
websocket-server-56c97f4c7-c66pp   1m    35Mi   
websocket-server-56c97f4c7-hfvfn   1m    43Mi   
websocket-server-56c97f4c7-hslqh   1m    43Mi   
websocket-server-56c97f4c7-rfk9z   1m    30Mi   
websocket-server-56c97f4c7-tvqqr   1m    35Mi   
1777440432
websocket-server-56c97f4c7-6bckx   1m    30Mi   
websocket-server-56c97f4c7-6d4cp   1m    28Mi   
websocket-server-56c97f4c7-72vvz   1m    41Mi   
websocket-server-56c97f4c7-c66pp   1m    35Mi   
websocket-server-56c97f4c7-hfvfn   1m    43Mi   
websocket-server-56c97f4c7-hslqh   1m    43Mi   
websocket-server-56c97f4c7-rfk9z   1m    30Mi   
websocket-server-56c97f4c7-tvqqr   1m    35Mi   
1777440438
websocket-server-56c97f4c7-6bckx   1m    30Mi   
websocket-server-56c97f4c7-6d4cp   1m    28Mi   
websocket-server-56c97f4c7-72vvz   1m    41Mi   
websocket-server-56c97f4c7-c66pp   1m    35Mi   
websocket-server-56c97f4c7-hfvfn   1m    43Mi   
websocket-server-56c97f4c7-hslqh   1m    43Mi   
websocket-server-56c97f4c7-rfk9z   1m    30Mi   
websocket-server-56c97f4c7-tvqqr   1m    35Mi   
1777440443
websocket-server-56c97f4c7-6bckx   1m    30Mi   
websocket-server-56c97f4c7-6d4cp   1m    28Mi   
websocket-server-56c97f4c7-72vvz   1m    41Mi   
websocket-server-56c97f4c7-c66pp   1m    35Mi   
websocket-server-56c97f4c7-hfvfn   1m    43Mi   
websocket-server-56c97f4c7-hslqh   1m    43Mi   
websocket-server-56c97f4c7-rfk9z   1m    30Mi   
websocket-server-56c97f4c7-tvqqr   1m    35Mi   
1777440448
websocket-server-56c97f4c7-6bckx   1m    30Mi   
websocket-server-56c97f4c7-6d4cp   1m    28Mi   
websocket-server-56c97f4c7-72vvz   1m    41Mi   
websocket-server-56c97f4c7-c66pp   1m    35Mi   
websocket-server-56c97f4c7-hfvfn   1m    43Mi   
websocket-server-56c97f4c7-hslqh   1m    43Mi   
websocket-server-56c97f4c7-rfk9z   1m    30Mi   
websocket-server-56c97f4c7-tvqqr   1m    35Mi   
1777440453
websocket-server-56c97f4c7-6bckx   1m    30Mi   
websocket-server-56c97f4c7-6d4cp   1m    28Mi   
websocket-server-56c97f4c7-72vvz   1m    41Mi   
websocket-server-56c97f4c7-c66pp   1m    35Mi   
websocket-server-56c97f4c7-hfvfn   1m    43Mi   
websocket-server-56c97f4c7-hslqh   1m    43Mi   
websocket-server-56c97f4c7-rfk9z   1m    30Mi   
websocket-server-56c97f4c7-tvqqr   1m    35Mi   
1777440458
websocket-server-56c97f4c7-6bckx   1m    30Mi   
websocket-server-56c97f4c7-6d4cp   1m    28Mi   
websocket-server-56c97f4c7-72vvz   1m    41Mi   
websocket-server-56c97f4c7-c66pp   1m    35Mi   
websocket-server-56c97f4c7-hfvfn   1m    43Mi   
websocket-server-56c97f4c7-hslqh   1m    43Mi   
websocket-server-56c97f4c7-rfk9z   1m    30Mi   
websocket-server-56c97f4c7-tvqqr   0m    35Mi   
1777440463
websocket-server-56c97f4c7-6bckx   1m    30Mi   
websocket-server-56c97f4c7-6d4cp   1m    28Mi   
websocket-server-56c97f4c7-72vvz   1m    41Mi   
websocket-server-56c97f4c7-c66pp   1m    35Mi   
websocket-server-56c97f4c7-hfvfn   1m    43Mi   
websocket-server-56c97f4c7-hslqh   1m    43Mi   
websocket-server-56c97f4c7-rfk9z   1m    30Mi   
websocket-server-56c97f4c7-tvqqr   0m    35Mi   
1777440468
websocket-server-56c97f4c7-6bckx   1m    30Mi   
websocket-server-56c97f4c7-6d4cp   1m    28Mi   
websocket-server-56c97f4c7-72vvz   1m    41Mi   
websocket-server-56c97f4c7-c66pp   1m    35Mi   
websocket-server-56c97f4c7-hfvfn   1m    43Mi   
websocket-server-56c97f4c7-hslqh   1m    43Mi   
websocket-server-56c97f4c7-rfk9z   1m    30Mi   
websocket-server-56c97f4c7-tvqqr   0m    35Mi   
1777440473
websocket-server-56c97f4c7-6bckx   1m    30Mi   
websocket-server-56c97f4c7-6d4cp   0m    28Mi   
websocket-server-56c97f4c7-72vvz   1m    41Mi   
websocket-server-56c97f4c7-c66pp   1m    35Mi   
websocket-server-56c97f4c7-hfvfn   1m    43Mi   
websocket-server-56c97f4c7-hslqh   1m    43Mi   
websocket-server-56c97f4c7-rfk9z   1m    30Mi   
websocket-server-56c97f4c7-tvqqr   1m    35Mi   
1777440478
websocket-server-56c97f4c7-6bckx   1m    30Mi   
websocket-server-56c97f4c7-6d4cp   0m    28Mi   
websocket-server-56c97f4c7-72vvz   1m    41Mi   
websocket-server-56c97f4c7-c66pp   1m    35Mi   
websocket-server-56c97f4c7-hfvfn   1m    43Mi   
websocket-server-56c97f4c7-hslqh   1m    43Mi   
websocket-server-56c97f4c7-rfk9z   1m    30Mi   
websocket-server-56c97f4c7-tvqqr   1m    35Mi   
1777440483
websocket-server-56c97f4c7-72vvz   1m    41Mi   
websocket-server-56c97f4c7-c66pp   1m    35Mi   
websocket-server-56c97f4c7-hfvfn   1m    43Mi   
websocket-server-56c97f4c7-hslqh   1m    43Mi   
websocket-server-56c97f4c7-rfk9z   1m    30Mi   
websocket-server-56c97f4c7-tvqqr   1m    35Mi   
1777440488
websocket-server-56c97f4c7-c66pp   1m    35Mi   
websocket-server-56c97f4c7-hfvfn   1m    43Mi   
websocket-server-56c97f4c7-hslqh   1m    43Mi   
websocket-server-56c97f4c7-tvqqr   1m    35Mi   
1777440493
websocket-server-56c97f4c7-hfvfn   1m    43Mi   
websocket-server-56c97f4c7-hslqh   1m    43Mi   
