1777464815
websocket-server-56c97f4c7-6szjv   19m   28Mi   
websocket-server-56c97f4c7-x5kj2   1m    28Mi   
1777464820
websocket-server-56c97f4c7-6szjv   19m   28Mi   
websocket-server-56c97f4c7-x5kj2   1m    28Mi   
1777464825
websocket-server-56c97f4c7-6szjv   19m   28Mi   
websocket-server-56c97f4c7-x5kj2   1m    28Mi   
1777464830
websocket-server-56c97f4c7-6szjv   1m    28Mi   
websocket-server-56c97f4c7-x5kj2   0m    28Mi   
1777464835
websocket-server-56c97f4c7-6szjv   1m    28Mi   
websocket-server-56c97f4c7-x5kj2   0m    28Mi   
1777464840
websocket-server-56c97f4c7-6szjv   1m    28Mi   
websocket-server-56c97f4c7-x5kj2   0m    28Mi   
1777464845
websocket-server-56c97f4c7-6szjv   4m    30Mi   
websocket-server-56c97f4c7-x5kj2   4m    32Mi   
1777464850
websocket-server-56c97f4c7-6szjv   4m    30Mi   
websocket-server-56c97f4c7-x5kj2   4m    32Mi   
1777464855
websocket-server-56c97f4c7-6szjv   4m    30Mi   
websocket-server-56c97f4c7-x5kj2   4m    32Mi   
1777464861
websocket-server-56c97f4c7-6szjv   8m    36Mi   
websocket-server-56c97f4c7-x5kj2   8m    34Mi   
1777464866
websocket-server-56c97f4c7-6szjv   8m    36Mi   
websocket-server-56c97f4c7-x5kj2   8m    34Mi   
1777464871
websocket-server-56c97f4c7-6szjv   8m    36Mi   
websocket-server-56c97f4c7-x5kj2   8m    34Mi   
1777464876
websocket-server-56c97f4c7-6szjv   10m   38Mi   
websocket-server-56c97f4c7-lr47j   5m    31Mi   
websocket-server-56c97f4c7-x5kj2   9m    36Mi   
1777464881
websocket-server-56c97f4c7-6szjv   10m   38Mi   
websocket-server-56c97f4c7-lr47j   5m    31Mi   
websocket-server-56c97f4c7-x5kj2   9m    36Mi   
1777464886
websocket-server-56c97f4c7-6szjv   10m   38Mi   
websocket-server-56c97f4c7-lr47j   5m    31Mi   
websocket-server-56c97f4c7-x5kj2   9m    36Mi   
1777464891
websocket-server-56c97f4c7-6szjv   12m   40Mi   
websocket-server-56c97f4c7-hh86w   18m   28Mi   
websocket-server-56c97f4c7-lr47j   5m    32Mi   
websocket-server-56c97f4c7-x5kj2   10m   39Mi   
websocket-server-56c97f4c7-zw85r   19m   28Mi   
1777464896
websocket-server-56c97f4c7-6szjv   12m   40Mi   
websocket-server-56c97f4c7-hh86w   18m   28Mi   
websocket-server-56c97f4c7-lr47j   5m    32Mi   
websocket-server-56c97f4c7-x5kj2   10m   39Mi   
websocket-server-56c97f4c7-zw85r   19m   28Mi   
1777464901
websocket-server-56c97f4c7-6szjv   12m   40Mi   
websocket-server-56c97f4c7-hh86w   18m   28Mi   
websocket-server-56c97f4c7-lr47j   5m    32Mi   
websocket-server-56c97f4c7-x5kj2   10m   39Mi   
websocket-server-56c97f4c7-zw85r   19m   28Mi   
1777464906
websocket-server-56c97f4c7-6szjv   12m   41Mi   
websocket-server-56c97f4c7-c4t4w   18m   28Mi   
websocket-server-56c97f4c7-hh86w   2m    28Mi   
websocket-server-56c97f4c7-lr47j   6m    34Mi   
websocket-server-56c97f4c7-x5kj2   10m   39Mi   
websocket-server-56c97f4c7-zw85r   3m    30Mi   
1777464911
websocket-server-56c97f4c7-6szjv   12m   41Mi   
websocket-server-56c97f4c7-c4t4w   18m   28Mi   
websocket-server-56c97f4c7-hh86w   2m    28Mi   
websocket-server-56c97f4c7-lr47j   6m    34Mi   
websocket-server-56c97f4c7-x5kj2   10m   39Mi   
websocket-server-56c97f4c7-zw85r   3m    30Mi   
1777464916
websocket-server-56c97f4c7-6szjv   12m   41Mi   
websocket-server-56c97f4c7-c4t4w   18m   28Mi   
websocket-server-56c97f4c7-hh86w   2m    28Mi   
websocket-server-56c97f4c7-lr47j   6m    34Mi   
websocket-server-56c97f4c7-x5kj2   10m   39Mi   
websocket-server-56c97f4c7-zw85r   3m    30Mi   
1777464921
websocket-server-56c97f4c7-286hz   16m   28Mi   
websocket-server-56c97f4c7-6szjv   13m   42Mi   
websocket-server-56c97f4c7-c4t4w   2m    28Mi   
websocket-server-56c97f4c7-hh86w   3m    30Mi   
websocket-server-56c97f4c7-lr47j   7m    35Mi   
websocket-server-56c97f4c7-x5kj2   11m   40Mi   
websocket-server-56c97f4c7-zw85r   4m    31Mi   
1777464926
websocket-server-56c97f4c7-286hz   16m   28Mi   
websocket-server-56c97f4c7-6szjv   13m   42Mi   
websocket-server-56c97f4c7-c4t4w   2m    28Mi   
websocket-server-56c97f4c7-hh86w   3m    30Mi   
websocket-server-56c97f4c7-lr47j   7m    35Mi   
websocket-server-56c97f4c7-x5kj2   11m   40Mi   
websocket-server-56c97f4c7-zw85r   4m    31Mi   
1777464931
websocket-server-56c97f4c7-286hz   16m   28Mi   
websocket-server-56c97f4c7-6szjv   13m   42Mi   
websocket-server-56c97f4c7-c4t4w   2m    28Mi   
websocket-server-56c97f4c7-hh86w   3m    30Mi   
websocket-server-56c97f4c7-lr47j   7m    35Mi   
websocket-server-56c97f4c7-x5kj2   11m   40Mi   
websocket-server-56c97f4c7-zw85r   4m    31Mi   
1777464936
websocket-server-56c97f4c7-286hz   1m    28Mi   
websocket-server-56c97f4c7-6szjv   13m   42Mi   
websocket-server-56c97f4c7-c4t4w   2m    28Mi   
websocket-server-56c97f4c7-g5msc   17m   28Mi   
websocket-server-56c97f4c7-hh86w   4m    31Mi   
websocket-server-56c97f4c7-lr47j   8m    35Mi   
websocket-server-56c97f4c7-x5kj2   11m   41Mi   
websocket-server-56c97f4c7-zw85r   4m    31Mi   
1777464941
websocket-server-56c97f4c7-286hz   1m    28Mi   
websocket-server-56c97f4c7-6szjv   13m   42Mi   
websocket-server-56c97f4c7-c4t4w   2m    28Mi   
websocket-server-56c97f4c7-g5msc   17m   28Mi   
websocket-server-56c97f4c7-hh86w   4m    31Mi   
websocket-server-56c97f4c7-lr47j   8m    35Mi   
websocket-server-56c97f4c7-x5kj2   11m   41Mi   
websocket-server-56c97f4c7-zw85r   4m    31Mi   
1777464946
websocket-server-56c97f4c7-286hz   1m    28Mi   
websocket-server-56c97f4c7-6szjv   13m   42Mi   
websocket-server-56c97f4c7-c4t4w   2m    28Mi   
websocket-server-56c97f4c7-g5msc   17m   28Mi   
websocket-server-56c97f4c7-hh86w   4m    31Mi   
websocket-server-56c97f4c7-lr47j   8m    35Mi   
websocket-server-56c97f4c7-x5kj2   11m   41Mi   
websocket-server-56c97f4c7-zw85r   4m    31Mi   
1777464951
websocket-server-56c97f4c7-286hz   1m    28Mi   
websocket-server-56c97f4c7-6szjv   12m   42Mi   
websocket-server-56c97f4c7-c4t4w   2m    28Mi   
websocket-server-56c97f4c7-g5msc   1m    28Mi   
websocket-server-56c97f4c7-hh86w   4m    31Mi   
websocket-server-56c97f4c7-lr47j   8m    35Mi   
websocket-server-56c97f4c7-x5kj2   11m   40Mi   
websocket-server-56c97f4c7-zw85r   4m    31Mi   
1777464956
websocket-server-56c97f4c7-286hz   1m    28Mi   
websocket-server-56c97f4c7-6szjv   12m   42Mi   
websocket-server-56c97f4c7-c4t4w   2m    28Mi   
websocket-server-56c97f4c7-g5msc   1m    28Mi   
websocket-server-56c97f4c7-hh86w   4m    31Mi   
websocket-server-56c97f4c7-lr47j   8m    35Mi   
websocket-server-56c97f4c7-x5kj2   11m   40Mi   
websocket-server-56c97f4c7-zw85r   4m    31Mi   
1777464961
websocket-server-56c97f4c7-286hz   1m    28Mi   
websocket-server-56c97f4c7-6szjv   12m   42Mi   
websocket-server-56c97f4c7-c4t4w   2m    28Mi   
websocket-server-56c97f4c7-g5msc   1m    28Mi   
websocket-server-56c97f4c7-hh86w   4m    31Mi   
websocket-server-56c97f4c7-lr47j   8m    35Mi   
websocket-server-56c97f4c7-x5kj2   11m   40Mi   
websocket-server-56c97f4c7-zw85r   4m    31Mi   
1777464966
websocket-server-56c97f4c7-286hz   1m    28Mi   
websocket-server-56c97f4c7-6szjv   5m    42Mi   
websocket-server-56c97f4c7-c4t4w   1m    28Mi   
websocket-server-56c97f4c7-g5msc   1m    28Mi   
websocket-server-56c97f4c7-hh86w   2m    31Mi   
websocket-server-56c97f4c7-lr47j   4m    35Mi   
websocket-server-56c97f4c7-x5kj2   4m    40Mi   
websocket-server-56c97f4c7-zw85r   2m    31Mi   
1777464971
websocket-server-56c97f4c7-286hz   1m    28Mi   
websocket-server-56c97f4c7-6szjv   5m    42Mi   
websocket-server-56c97f4c7-c4t4w   1m    28Mi   
websocket-server-56c97f4c7-g5msc   1m    28Mi   
websocket-server-56c97f4c7-hh86w   2m    31Mi   
websocket-server-56c97f4c7-lr47j   4m    35Mi   
websocket-server-56c97f4c7-x5kj2   4m    40Mi   
websocket-server-56c97f4c7-zw85r   2m    31Mi   
1777464977
websocket-server-56c97f4c7-286hz   1m    28Mi   
websocket-server-56c97f4c7-6szjv   5m    42Mi   
websocket-server-56c97f4c7-c4t4w   1m    28Mi   
websocket-server-56c97f4c7-g5msc   1m    28Mi   
websocket-server-56c97f4c7-hh86w   2m    31Mi   
websocket-server-56c97f4c7-lr47j   4m    35Mi   
websocket-server-56c97f4c7-x5kj2   4m    40Mi   
websocket-server-56c97f4c7-zw85r   2m    31Mi   
1777464982
websocket-server-56c97f4c7-286hz   1m    28Mi   
websocket-server-56c97f4c7-6szjv   4m    42Mi   
websocket-server-56c97f4c7-c4t4w   1m    28Mi   
websocket-server-56c97f4c7-g5msc   1m    28Mi   
websocket-server-56c97f4c7-hh86w   1m    31Mi   
websocket-server-56c97f4c7-lr47j   3m    35Mi   
websocket-server-56c97f4c7-x5kj2   4m    40Mi   
websocket-server-56c97f4c7-zw85r   2m    31Mi   
1777464987
websocket-server-56c97f4c7-286hz   1m    28Mi   
websocket-server-56c97f4c7-6szjv   4m    42Mi   
websocket-server-56c97f4c7-c4t4w   1m    28Mi   
websocket-server-56c97f4c7-g5msc   1m    28Mi   
websocket-server-56c97f4c7-hh86w   1m    31Mi   
websocket-server-56c97f4c7-lr47j   3m    35Mi   
websocket-server-56c97f4c7-x5kj2   4m    40Mi   
websocket-server-56c97f4c7-zw85r   2m    31Mi   
1777464992
websocket-server-56c97f4c7-286hz   1m    28Mi   
websocket-server-56c97f4c7-6szjv   4m    42Mi   
websocket-server-56c97f4c7-c4t4w   1m    28Mi   
websocket-server-56c97f4c7-g5msc   1m    28Mi   
websocket-server-56c97f4c7-hh86w   1m    31Mi   
websocket-server-56c97f4c7-lr47j   3m    35Mi   
websocket-server-56c97f4c7-x5kj2   4m    40Mi   
websocket-server-56c97f4c7-zw85r   2m    31Mi   
1777464997
websocket-server-56c97f4c7-286hz   1m    28Mi   
websocket-server-56c97f4c7-6szjv   4m    42Mi   
websocket-server-56c97f4c7-c4t4w   1m    28Mi   
websocket-server-56c97f4c7-g5msc   1m    28Mi   
websocket-server-56c97f4c7-hh86w   2m    31Mi   
websocket-server-56c97f4c7-lr47j   3m    35Mi   
websocket-server-56c97f4c7-x5kj2   4m    40Mi   
websocket-server-56c97f4c7-zw85r   1m    31Mi   
1777465002
websocket-server-56c97f4c7-286hz   1m    28Mi   
websocket-server-56c97f4c7-6szjv   4m    42Mi   
websocket-server-56c97f4c7-c4t4w   1m    28Mi   
websocket-server-56c97f4c7-g5msc   1m    28Mi   
websocket-server-56c97f4c7-hh86w   2m    31Mi   
websocket-server-56c97f4c7-lr47j   3m    35Mi   
websocket-server-56c97f4c7-x5kj2   4m    40Mi   
websocket-server-56c97f4c7-zw85r   1m    31Mi   
1777465007
websocket-server-56c97f4c7-286hz   1m    28Mi   
websocket-server-56c97f4c7-6szjv   4m    42Mi   
websocket-server-56c97f4c7-c4t4w   1m    28Mi   
websocket-server-56c97f4c7-g5msc   1m    28Mi   
websocket-server-56c97f4c7-hh86w   2m    31Mi   
websocket-server-56c97f4c7-lr47j   3m    35Mi   
websocket-server-56c97f4c7-x5kj2   4m    40Mi   
websocket-server-56c97f4c7-zw85r   1m    31Mi   
1777465012
websocket-server-56c97f4c7-286hz   1m    28Mi   
websocket-server-56c97f4c7-6szjv   4m    42Mi   
websocket-server-56c97f4c7-c4t4w   1m    28Mi   
websocket-server-56c97f4c7-g5msc   1m    28Mi   
websocket-server-56c97f4c7-hh86w   1m    31Mi   
websocket-server-56c97f4c7-lr47j   3m    35Mi   
websocket-server-56c97f4c7-x5kj2   4m    40Mi   
websocket-server-56c97f4c7-zw85r   2m    31Mi   
1777465017
websocket-server-56c97f4c7-286hz   1m    28Mi   
websocket-server-56c97f4c7-6szjv   4m    42Mi   
websocket-server-56c97f4c7-c4t4w   1m    28Mi   
websocket-server-56c97f4c7-g5msc   1m    28Mi   
websocket-server-56c97f4c7-hh86w   1m    31Mi   
websocket-server-56c97f4c7-lr47j   3m    35Mi   
websocket-server-56c97f4c7-x5kj2   4m    40Mi   
websocket-server-56c97f4c7-zw85r   2m    31Mi   
1777465022
websocket-server-56c97f4c7-286hz   1m    28Mi   
websocket-server-56c97f4c7-6szjv   4m    42Mi   
websocket-server-56c97f4c7-c4t4w   1m    28Mi   
websocket-server-56c97f4c7-g5msc   1m    28Mi   
websocket-server-56c97f4c7-hh86w   1m    31Mi   
websocket-server-56c97f4c7-lr47j   3m    35Mi   
websocket-server-56c97f4c7-x5kj2   4m    40Mi   
websocket-server-56c97f4c7-zw85r   2m    31Mi   
1777465027
websocket-server-56c97f4c7-286hz   1m    28Mi   
websocket-server-56c97f4c7-6szjv   6m    41Mi   
websocket-server-56c97f4c7-c4t4w   1m    28Mi   
websocket-server-56c97f4c7-g5msc   1m    28Mi   
websocket-server-56c97f4c7-hh86w   2m    31Mi   
websocket-server-56c97f4c7-lr47j   6m    35Mi   
websocket-server-56c97f4c7-x5kj2   5m    40Mi   
websocket-server-56c97f4c7-zw85r   2m    31Mi   
1777465032
websocket-server-56c97f4c7-286hz   1m    28Mi   
websocket-server-56c97f4c7-6szjv   6m    41Mi   
websocket-server-56c97f4c7-c4t4w   1m    28Mi   
websocket-server-56c97f4c7-g5msc   1m    28Mi   
websocket-server-56c97f4c7-hh86w   2m    31Mi   
websocket-server-56c97f4c7-lr47j   6m    35Mi   
websocket-server-56c97f4c7-x5kj2   5m    40Mi   
websocket-server-56c97f4c7-zw85r   2m    31Mi   
1777465037
websocket-server-56c97f4c7-286hz   1m    28Mi   
websocket-server-56c97f4c7-6szjv   6m    41Mi   
websocket-server-56c97f4c7-c4t4w   1m    28Mi   
websocket-server-56c97f4c7-g5msc   1m    28Mi   
websocket-server-56c97f4c7-hh86w   2m    31Mi   
websocket-server-56c97f4c7-lr47j   6m    35Mi   
websocket-server-56c97f4c7-x5kj2   5m    40Mi   
websocket-server-56c97f4c7-zw85r   2m    31Mi   
1777465042
websocket-server-56c97f4c7-286hz   1m    28Mi   
websocket-server-56c97f4c7-6szjv   1m    41Mi   
websocket-server-56c97f4c7-c4t4w   1m    28Mi   
websocket-server-56c97f4c7-g5msc   1m    28Mi   
websocket-server-56c97f4c7-hh86w   1m    31Mi   
websocket-server-56c97f4c7-lr47j   1m    35Mi   
websocket-server-56c97f4c7-x5kj2   1m    40Mi   
websocket-server-56c97f4c7-zw85r   2m    31Mi   
1777465047
websocket-server-56c97f4c7-286hz   1m    28Mi   
websocket-server-56c97f4c7-6szjv   1m    41Mi   
websocket-server-56c97f4c7-c4t4w   1m    28Mi   
websocket-server-56c97f4c7-g5msc   1m    28Mi   
websocket-server-56c97f4c7-hh86w   1m    31Mi   
websocket-server-56c97f4c7-lr47j   1m    35Mi   
websocket-server-56c97f4c7-x5kj2   1m    40Mi   
websocket-server-56c97f4c7-zw85r   2m    31Mi   
1777465052
websocket-server-56c97f4c7-286hz   1m    28Mi   
websocket-server-56c97f4c7-6szjv   1m    41Mi   
websocket-server-56c97f4c7-c4t4w   1m    28Mi   
websocket-server-56c97f4c7-g5msc   1m    28Mi   
websocket-server-56c97f4c7-hh86w   1m    31Mi   
websocket-server-56c97f4c7-lr47j   1m    35Mi   
websocket-server-56c97f4c7-x5kj2   1m    40Mi   
websocket-server-56c97f4c7-zw85r   2m    31Mi   
1777465057
websocket-server-56c97f4c7-286hz   0m    28Mi   
websocket-server-56c97f4c7-6szjv   1m    41Mi   
websocket-server-56c97f4c7-c4t4w   1m    28Mi   
websocket-server-56c97f4c7-g5msc   1m    28Mi   
websocket-server-56c97f4c7-hh86w   1m    31Mi   
websocket-server-56c97f4c7-lr47j   1m    35Mi   
websocket-server-56c97f4c7-x5kj2   1m    40Mi   
websocket-server-56c97f4c7-zw85r   1m    31Mi   
1777465062
websocket-server-56c97f4c7-286hz   0m    28Mi   
websocket-server-56c97f4c7-6szjv   1m    41Mi   
websocket-server-56c97f4c7-c4t4w   1m    28Mi   
websocket-server-56c97f4c7-g5msc   1m    28Mi   
websocket-server-56c97f4c7-hh86w   1m    31Mi   
websocket-server-56c97f4c7-lr47j   1m    35Mi   
websocket-server-56c97f4c7-x5kj2   1m    40Mi   
websocket-server-56c97f4c7-zw85r   1m    31Mi   
1777465067
websocket-server-56c97f4c7-286hz   0m    28Mi   
websocket-server-56c97f4c7-6szjv   1m    41Mi   
websocket-server-56c97f4c7-c4t4w   1m    29Mi   
websocket-server-56c97f4c7-g5msc   1m    28Mi   
websocket-server-56c97f4c7-hh86w   0m    31Mi   
websocket-server-56c97f4c7-lr47j   1m    35Mi   
websocket-server-56c97f4c7-x5kj2   1m    40Mi   
websocket-server-56c97f4c7-zw85r   1m    31Mi   
1777465072
websocket-server-56c97f4c7-286hz   0m    28Mi   
websocket-server-56c97f4c7-6szjv   1m    41Mi   
websocket-server-56c97f4c7-c4t4w   1m    29Mi   
websocket-server-56c97f4c7-g5msc   1m    28Mi   
websocket-server-56c97f4c7-hh86w   0m    31Mi   
websocket-server-56c97f4c7-lr47j   1m    35Mi   
websocket-server-56c97f4c7-x5kj2   1m    40Mi   
websocket-server-56c97f4c7-zw85r   1m    31Mi   
1777465077
websocket-server-56c97f4c7-286hz   0m    28Mi   
websocket-server-56c97f4c7-6szjv   1m    41Mi   
websocket-server-56c97f4c7-c4t4w   1m    29Mi   
websocket-server-56c97f4c7-g5msc   1m    28Mi   
websocket-server-56c97f4c7-hh86w   0m    31Mi   
websocket-server-56c97f4c7-lr47j   1m    35Mi   
websocket-server-56c97f4c7-x5kj2   1m    40Mi   
websocket-server-56c97f4c7-zw85r   1m    31Mi   
1777465082
websocket-server-56c97f4c7-286hz   1m    28Mi   
websocket-server-56c97f4c7-6szjv   2m    42Mi   
websocket-server-56c97f4c7-c4t4w   2m    29Mi   
websocket-server-56c97f4c7-g5msc   1m    28Mi   
websocket-server-56c97f4c7-hh86w   1m    31Mi   
websocket-server-56c97f4c7-lr47j   1m    35Mi   
websocket-server-56c97f4c7-x5kj2   1m    40Mi   
websocket-server-56c97f4c7-zw85r   2m    32Mi   
1777465088
websocket-server-56c97f4c7-286hz   1m    28Mi   
websocket-server-56c97f4c7-6szjv   2m    42Mi   
websocket-server-56c97f4c7-c4t4w   2m    29Mi   
websocket-server-56c97f4c7-g5msc   1m    28Mi   
websocket-server-56c97f4c7-hh86w   1m    31Mi   
websocket-server-56c97f4c7-lr47j   1m    35Mi   
websocket-server-56c97f4c7-x5kj2   1m    40Mi   
websocket-server-56c97f4c7-zw85r   2m    32Mi   
1777465093
websocket-server-56c97f4c7-286hz   1m    28Mi   
websocket-server-56c97f4c7-6szjv   2m    42Mi   
websocket-server-56c97f4c7-c4t4w   2m    29Mi   
websocket-server-56c97f4c7-g5msc   1m    28Mi   
websocket-server-56c97f4c7-hh86w   1m    31Mi   
websocket-server-56c97f4c7-lr47j   1m    35Mi   
websocket-server-56c97f4c7-x5kj2   1m    40Mi   
websocket-server-56c97f4c7-zw85r   2m    32Mi   
1777465098
websocket-server-56c97f4c7-286hz   3m    29Mi   
websocket-server-56c97f4c7-6szjv   3m    42Mi   
websocket-server-56c97f4c7-c4t4w   2m    30Mi   
websocket-server-56c97f4c7-g5msc   2m    29Mi   
websocket-server-56c97f4c7-hh86w   2m    31Mi   
websocket-server-56c97f4c7-lr47j   2m    37Mi   
websocket-server-56c97f4c7-x5kj2   3m    43Mi   
websocket-server-56c97f4c7-zw85r   2m    32Mi   
1777465103
websocket-server-56c97f4c7-286hz   3m    29Mi   
websocket-server-56c97f4c7-6szjv   3m    42Mi   
websocket-server-56c97f4c7-c4t4w   2m    30Mi   
websocket-server-56c97f4c7-g5msc   2m    29Mi   
websocket-server-56c97f4c7-hh86w   2m    31Mi   
websocket-server-56c97f4c7-lr47j   2m    37Mi   
websocket-server-56c97f4c7-x5kj2   3m    43Mi   
websocket-server-56c97f4c7-zw85r   2m    32Mi   
1777465108
websocket-server-56c97f4c7-286hz   3m    29Mi   
websocket-server-56c97f4c7-6szjv   3m    42Mi   
websocket-server-56c97f4c7-c4t4w   2m    30Mi   
websocket-server-56c97f4c7-g5msc   2m    29Mi   
websocket-server-56c97f4c7-hh86w   2m    31Mi   
websocket-server-56c97f4c7-lr47j   2m    37Mi   
websocket-server-56c97f4c7-x5kj2   3m    43Mi   
websocket-server-56c97f4c7-zw85r   2m    32Mi   
1777465113
websocket-server-56c97f4c7-286hz   4m    31Mi   
websocket-server-56c97f4c7-6szjv   3m    43Mi   
websocket-server-56c97f4c7-c4t4w   3m    31Mi   
websocket-server-56c97f4c7-g5msc   3m    30Mi   
websocket-server-56c97f4c7-hh86w   2m    32Mi   
websocket-server-56c97f4c7-lr47j   3m    38Mi   
websocket-server-56c97f4c7-x5kj2   3m    42Mi   
websocket-server-56c97f4c7-zw85r   2m    33Mi   
1777465118
websocket-server-56c97f4c7-286hz   4m    31Mi   
websocket-server-56c97f4c7-6szjv   3m    43Mi   
websocket-server-56c97f4c7-c4t4w   3m    31Mi   
websocket-server-56c97f4c7-g5msc   3m    30Mi   
websocket-server-56c97f4c7-hh86w   2m    32Mi   
websocket-server-56c97f4c7-lr47j   3m    38Mi   
websocket-server-56c97f4c7-x5kj2   3m    42Mi   
websocket-server-56c97f4c7-zw85r   2m    33Mi   
1777465123
websocket-server-56c97f4c7-286hz   4m    31Mi   
websocket-server-56c97f4c7-6szjv   3m    43Mi   
websocket-server-56c97f4c7-c4t4w   3m    31Mi   
websocket-server-56c97f4c7-g5msc   3m    30Mi   
websocket-server-56c97f4c7-hh86w   2m    32Mi   
websocket-server-56c97f4c7-lr47j   3m    38Mi   
websocket-server-56c97f4c7-x5kj2   3m    42Mi   
websocket-server-56c97f4c7-zw85r   2m    33Mi   
1777465128
websocket-server-56c97f4c7-286hz   5m    32Mi   
websocket-server-56c97f4c7-6szjv   4m    43Mi   
websocket-server-56c97f4c7-c4t4w   4m    32Mi   
websocket-server-56c97f4c7-g5msc   3m    30Mi   
websocket-server-56c97f4c7-hh86w   4m    33Mi   
websocket-server-56c97f4c7-lr47j   4m    38Mi   
websocket-server-56c97f4c7-x5kj2   5m    43Mi   
websocket-server-56c97f4c7-zw85r   4m    33Mi   
1777465133
websocket-server-56c97f4c7-286hz   5m    32Mi   
websocket-server-56c97f4c7-6szjv   4m    43Mi   
websocket-server-56c97f4c7-c4t4w   4m    32Mi   
websocket-server-56c97f4c7-g5msc   3m    30Mi   
websocket-server-56c97f4c7-hh86w   4m    33Mi   
websocket-server-56c97f4c7-lr47j   4m    38Mi   
websocket-server-56c97f4c7-x5kj2   5m    43Mi   
websocket-server-56c97f4c7-zw85r   4m    33Mi   
1777465138
websocket-server-56c97f4c7-286hz   5m    32Mi   
websocket-server-56c97f4c7-6szjv   4m    43Mi   
websocket-server-56c97f4c7-c4t4w   4m    32Mi   
websocket-server-56c97f4c7-g5msc   3m    30Mi   
websocket-server-56c97f4c7-hh86w   4m    33Mi   
websocket-server-56c97f4c7-lr47j   4m    38Mi   
websocket-server-56c97f4c7-x5kj2   5m    43Mi   
websocket-server-56c97f4c7-zw85r   4m    33Mi   
1777465143
websocket-server-56c97f4c7-286hz   4m    31Mi   
websocket-server-56c97f4c7-6szjv   4m    43Mi   
websocket-server-56c97f4c7-c4t4w   4m    33Mi   
websocket-server-56c97f4c7-g5msc   5m    32Mi   
websocket-server-56c97f4c7-hh86w   5m    33Mi   
websocket-server-56c97f4c7-lr47j   5m    38Mi   
websocket-server-56c97f4c7-x5kj2   6m    43Mi   
websocket-server-56c97f4c7-zw85r   4m    33Mi   
1777465148
websocket-server-56c97f4c7-286hz   4m    31Mi   
websocket-server-56c97f4c7-6szjv   4m    43Mi   
websocket-server-56c97f4c7-c4t4w   4m    33Mi   
websocket-server-56c97f4c7-g5msc   5m    32Mi   
websocket-server-56c97f4c7-hh86w   5m    33Mi   
websocket-server-56c97f4c7-lr47j   5m    38Mi   
websocket-server-56c97f4c7-x5kj2   6m    43Mi   
websocket-server-56c97f4c7-zw85r   4m    33Mi   
1777465153
websocket-server-56c97f4c7-286hz   4m    31Mi   
websocket-server-56c97f4c7-6szjv   4m    43Mi   
websocket-server-56c97f4c7-c4t4w   4m    33Mi   
websocket-server-56c97f4c7-g5msc   5m    32Mi   
websocket-server-56c97f4c7-hh86w   5m    33Mi   
websocket-server-56c97f4c7-lr47j   5m    38Mi   
websocket-server-56c97f4c7-x5kj2   6m    43Mi   
websocket-server-56c97f4c7-zw85r   4m    33Mi   
1777465158
websocket-server-56c97f4c7-6szjv   5m    43Mi   
websocket-server-56c97f4c7-g5msc   5m    33Mi   
websocket-server-56c97f4c7-hh86w   6m    34Mi   
websocket-server-56c97f4c7-lr47j   5m    39Mi   
websocket-server-56c97f4c7-mcjgg   2m    28Mi   
websocket-server-56c97f4c7-x5kj2   7m    43Mi   
websocket-server-56c97f4c7-zw85r   6m    34Mi   
1777465163
websocket-server-56c97f4c7-6szjv   5m    43Mi   
websocket-server-56c97f4c7-g5msc   5m    33Mi   
websocket-server-56c97f4c7-hh86w   6m    34Mi   
websocket-server-56c97f4c7-lr47j   5m    39Mi   
websocket-server-56c97f4c7-mcjgg   2m    28Mi   
websocket-server-56c97f4c7-x5kj2   7m    43Mi   
websocket-server-56c97f4c7-zw85r   6m    34Mi   
1777465168
websocket-server-56c97f4c7-6szjv   5m    43Mi   
websocket-server-56c97f4c7-g5msc   5m    33Mi   
websocket-server-56c97f4c7-hh86w   6m    34Mi   
websocket-server-56c97f4c7-lr47j   5m    39Mi   
websocket-server-56c97f4c7-mcjgg   2m    28Mi   
websocket-server-56c97f4c7-x5kj2   7m    43Mi   
websocket-server-56c97f4c7-zw85r   6m    34Mi   
1777465173
websocket-server-56c97f4c7-6szjv   6m    43Mi   
websocket-server-56c97f4c7-d28t6   16m   27Mi   
websocket-server-56c97f4c7-g5msc   7m    34Mi   
websocket-server-56c97f4c7-hh86w   7m    36Mi   
websocket-server-56c97f4c7-lr47j   7m    40Mi   
websocket-server-56c97f4c7-mcjgg   2m    28Mi   
websocket-server-56c97f4c7-mn2cg   21m   28Mi   
websocket-server-56c97f4c7-x5kj2   8m    44Mi   
websocket-server-56c97f4c7-zw85r   7m    36Mi   
1777465178
websocket-server-56c97f4c7-6szjv   6m    43Mi   
websocket-server-56c97f4c7-d28t6   16m   27Mi   
websocket-server-56c97f4c7-g5msc   7m    34Mi   
websocket-server-56c97f4c7-hh86w   7m    36Mi   
websocket-server-56c97f4c7-lr47j   7m    40Mi   
websocket-server-56c97f4c7-mcjgg   2m    28Mi   
websocket-server-56c97f4c7-mn2cg   21m   28Mi   
websocket-server-56c97f4c7-x5kj2   8m    44Mi   
websocket-server-56c97f4c7-zw85r   7m    36Mi   
1777465183
websocket-server-56c97f4c7-6szjv   6m    43Mi   
websocket-server-56c97f4c7-d28t6   16m   27Mi   
websocket-server-56c97f4c7-g5msc   7m    34Mi   
websocket-server-56c97f4c7-hh86w   7m    36Mi   
websocket-server-56c97f4c7-lr47j   7m    40Mi   
websocket-server-56c97f4c7-mcjgg   2m    28Mi   
websocket-server-56c97f4c7-mn2cg   21m   28Mi   
websocket-server-56c97f4c7-x5kj2   8m    44Mi   
websocket-server-56c97f4c7-zw85r   7m    36Mi   
1777465188
websocket-server-56c97f4c7-6szjv   6m    43Mi   
websocket-server-56c97f4c7-d28t6   1m    27Mi   
websocket-server-56c97f4c7-g5msc   7m    34Mi   
websocket-server-56c97f4c7-hh86w   7m    36Mi   
websocket-server-56c97f4c7-lr47j   6m    40Mi   
websocket-server-56c97f4c7-mcjgg   2m    29Mi   
websocket-server-56c97f4c7-mn2cg   2m    28Mi   
websocket-server-56c97f4c7-vgtv5   19m   27Mi   
websocket-server-56c97f4c7-x5kj2   8m    44Mi   
websocket-server-56c97f4c7-zw85r   7m    36Mi   
1777465194
websocket-server-56c97f4c7-6szjv   6m    43Mi   
websocket-server-56c97f4c7-d28t6   1m    27Mi   
websocket-server-56c97f4c7-g5msc   7m    34Mi   
websocket-server-56c97f4c7-hh86w   7m    36Mi   
websocket-server-56c97f4c7-lr47j   6m    40Mi   
websocket-server-56c97f4c7-mcjgg   2m    29Mi   
websocket-server-56c97f4c7-mn2cg   2m    28Mi   
websocket-server-56c97f4c7-vgtv5   19m   27Mi   
websocket-server-56c97f4c7-x5kj2   8m    44Mi   
websocket-server-56c97f4c7-zw85r   7m    36Mi   
1777465199
websocket-server-56c97f4c7-6szjv   6m    43Mi   
websocket-server-56c97f4c7-d28t6   1m    27Mi   
websocket-server-56c97f4c7-g5msc   7m    34Mi   
websocket-server-56c97f4c7-hh86w   7m    36Mi   
websocket-server-56c97f4c7-lr47j   6m    40Mi   
websocket-server-56c97f4c7-mcjgg   2m    29Mi   
websocket-server-56c97f4c7-mn2cg   2m    28Mi   
websocket-server-56c97f4c7-vgtv5   19m   27Mi   
websocket-server-56c97f4c7-x5kj2   8m    44Mi   
websocket-server-56c97f4c7-zw85r   7m    36Mi   
1777465204
websocket-server-56c97f4c7-6szjv   4m    43Mi   
websocket-server-56c97f4c7-d28t6   0m    27Mi   
websocket-server-56c97f4c7-g5msc   4m    34Mi   
websocket-server-56c97f4c7-hh86w   3m    35Mi   
websocket-server-56c97f4c7-lr47j   4m    41Mi   
websocket-server-56c97f4c7-mcjgg   1m    28Mi   
websocket-server-56c97f4c7-mn2cg   1m    28Mi   
websocket-server-56c97f4c7-vgtv5   1m    27Mi   
websocket-server-56c97f4c7-x5kj2   5m    43Mi   
websocket-server-56c97f4c7-zw85r   2m    36Mi   
1777465209
websocket-server-56c97f4c7-6szjv   4m    43Mi   
websocket-server-56c97f4c7-d28t6   0m    27Mi   
websocket-server-56c97f4c7-g5msc   4m    34Mi   
websocket-server-56c97f4c7-hh86w   3m    35Mi   
websocket-server-56c97f4c7-lr47j   4m    41Mi   
websocket-server-56c97f4c7-mcjgg   1m    28Mi   
websocket-server-56c97f4c7-mn2cg   1m    28Mi   
websocket-server-56c97f4c7-vgtv5   1m    27Mi   
websocket-server-56c97f4c7-x5kj2   5m    43Mi   
websocket-server-56c97f4c7-zw85r   2m    36Mi   
1777465214
websocket-server-56c97f4c7-6szjv   4m    43Mi   
websocket-server-56c97f4c7-d28t6   0m    27Mi   
websocket-server-56c97f4c7-g5msc   4m    34Mi   
websocket-server-56c97f4c7-hh86w   3m    35Mi   
websocket-server-56c97f4c7-lr47j   4m    41Mi   
websocket-server-56c97f4c7-mcjgg   1m    28Mi   
websocket-server-56c97f4c7-mn2cg   1m    28Mi   
websocket-server-56c97f4c7-vgtv5   1m    27Mi   
websocket-server-56c97f4c7-x5kj2   5m    43Mi   
websocket-server-56c97f4c7-zw85r   2m    36Mi   
1777465219
websocket-server-56c97f4c7-6szjv   2m    43Mi   
websocket-server-56c97f4c7-d28t6   1m    27Mi   
websocket-server-56c97f4c7-g5msc   2m    34Mi   
websocket-server-56c97f4c7-hh86w   2m    36Mi   
websocket-server-56c97f4c7-lr47j   4m    41Mi   
websocket-server-56c97f4c7-mcjgg   1m    29Mi   
websocket-server-56c97f4c7-mn2cg   1m    28Mi   
websocket-server-56c97f4c7-vgtv5   1m    27Mi   
websocket-server-56c97f4c7-x5kj2   3m    43Mi   
websocket-server-56c97f4c7-zw85r   3m    36Mi   
1777465224
websocket-server-56c97f4c7-6szjv   2m    43Mi   
websocket-server-56c97f4c7-d28t6   1m    27Mi   
websocket-server-56c97f4c7-g5msc   2m    34Mi   
websocket-server-56c97f4c7-hh86w   2m    36Mi   
websocket-server-56c97f4c7-lr47j   4m    41Mi   
websocket-server-56c97f4c7-mcjgg   1m    29Mi   
websocket-server-56c97f4c7-mn2cg   1m    28Mi   
websocket-server-56c97f4c7-vgtv5   1m    27Mi   
websocket-server-56c97f4c7-x5kj2   3m    43Mi   
websocket-server-56c97f4c7-zw85r   3m    36Mi   
1777465229
websocket-server-56c97f4c7-6szjv   2m    43Mi   
websocket-server-56c97f4c7-d28t6   1m    27Mi   
websocket-server-56c97f4c7-g5msc   2m    34Mi   
websocket-server-56c97f4c7-hh86w   2m    36Mi   
websocket-server-56c97f4c7-lr47j   4m    41Mi   
websocket-server-56c97f4c7-mcjgg   1m    29Mi   
websocket-server-56c97f4c7-mn2cg   1m    28Mi   
websocket-server-56c97f4c7-vgtv5   1m    27Mi   
websocket-server-56c97f4c7-x5kj2   3m    43Mi   
websocket-server-56c97f4c7-zw85r   3m    36Mi   
1777465234
websocket-server-56c97f4c7-6szjv   2m    43Mi   
websocket-server-56c97f4c7-d28t6   1m    27Mi   
websocket-server-56c97f4c7-g5msc   2m    35Mi   
websocket-server-56c97f4c7-hh86w   2m    36Mi   
websocket-server-56c97f4c7-lr47j   2m    40Mi   
websocket-server-56c97f4c7-mcjgg   1m    28Mi   
websocket-server-56c97f4c7-mn2cg   1m    28Mi   
websocket-server-56c97f4c7-vgtv5   1m    27Mi   
websocket-server-56c97f4c7-x5kj2   3m    43Mi   
websocket-server-56c97f4c7-zw85r   2m    36Mi   
1777465239
websocket-server-56c97f4c7-6szjv   2m    43Mi   
websocket-server-56c97f4c7-d28t6   1m    27Mi   
websocket-server-56c97f4c7-g5msc   2m    35Mi   
websocket-server-56c97f4c7-hh86w   2m    36Mi   
websocket-server-56c97f4c7-lr47j   2m    40Mi   
websocket-server-56c97f4c7-mcjgg   1m    28Mi   
websocket-server-56c97f4c7-mn2cg   1m    28Mi   
websocket-server-56c97f4c7-vgtv5   1m    27Mi   
websocket-server-56c97f4c7-x5kj2   3m    43Mi   
websocket-server-56c97f4c7-zw85r   2m    36Mi   
1777465244
websocket-server-56c97f4c7-6szjv   2m    43Mi   
websocket-server-56c97f4c7-d28t6   1m    27Mi   
websocket-server-56c97f4c7-g5msc   2m    35Mi   
websocket-server-56c97f4c7-hh86w   2m    36Mi   
websocket-server-56c97f4c7-lr47j   2m    40Mi   
websocket-server-56c97f4c7-mcjgg   1m    28Mi   
websocket-server-56c97f4c7-mn2cg   1m    28Mi   
websocket-server-56c97f4c7-vgtv5   1m    27Mi   
websocket-server-56c97f4c7-x5kj2   3m    43Mi   
websocket-server-56c97f4c7-zw85r   2m    36Mi   
1777465249
websocket-server-56c97f4c7-6szjv   2m    43Mi   
websocket-server-56c97f4c7-d28t6   1m    27Mi   
websocket-server-56c97f4c7-g5msc   6m    34Mi   
websocket-server-56c97f4c7-hh86w   4m    35Mi   
websocket-server-56c97f4c7-lr47j   2m    40Mi   
websocket-server-56c97f4c7-mcjgg   1m    28Mi   
websocket-server-56c97f4c7-mn2cg   1m    28Mi   
websocket-server-56c97f4c7-vgtv5   1m    27Mi   
websocket-server-56c97f4c7-x5kj2   3m    43Mi   
websocket-server-56c97f4c7-zw85r   2m    36Mi   
1777465254
websocket-server-56c97f4c7-6szjv   2m    43Mi   
websocket-server-56c97f4c7-d28t6   1m    27Mi   
websocket-server-56c97f4c7-g5msc   6m    34Mi   
websocket-server-56c97f4c7-hh86w   4m    35Mi   
websocket-server-56c97f4c7-lr47j   2m    40Mi   
websocket-server-56c97f4c7-mcjgg   1m    28Mi   
websocket-server-56c97f4c7-mn2cg   1m    28Mi   
websocket-server-56c97f4c7-vgtv5   1m    27Mi   
websocket-server-56c97f4c7-x5kj2   3m    43Mi   
websocket-server-56c97f4c7-zw85r   2m    36Mi   
1777465259
websocket-server-56c97f4c7-6szjv   2m    43Mi   
websocket-server-56c97f4c7-d28t6   1m    27Mi   
websocket-server-56c97f4c7-g5msc   6m    34Mi   
websocket-server-56c97f4c7-hh86w   4m    35Mi   
websocket-server-56c97f4c7-lr47j   2m    40Mi   
websocket-server-56c97f4c7-mcjgg   1m    28Mi   
websocket-server-56c97f4c7-mn2cg   1m    28Mi   
websocket-server-56c97f4c7-vgtv5   1m    27Mi   
websocket-server-56c97f4c7-x5kj2   3m    43Mi   
websocket-server-56c97f4c7-zw85r   2m    36Mi   
1777465264
websocket-server-56c97f4c7-6szjv   3m    43Mi   
websocket-server-56c97f4c7-d28t6   1m    27Mi   
websocket-server-56c97f4c7-g5msc   1m    34Mi   
websocket-server-56c97f4c7-hh86w   1m    35Mi   
websocket-server-56c97f4c7-lr47j   6m    39Mi   
websocket-server-56c97f4c7-mcjgg   2m    28Mi   
websocket-server-56c97f4c7-mn2cg   2m    28Mi   
websocket-server-56c97f4c7-vgtv5   1m    27Mi   
websocket-server-56c97f4c7-x5kj2   6m    43Mi   
websocket-server-56c97f4c7-zw85r   6m    35Mi   
1777465269
websocket-server-56c97f4c7-6szjv   3m    43Mi   
websocket-server-56c97f4c7-d28t6   1m    27Mi   
websocket-server-56c97f4c7-g5msc   1m    34Mi   
websocket-server-56c97f4c7-hh86w   1m    35Mi   
websocket-server-56c97f4c7-lr47j   6m    39Mi   
websocket-server-56c97f4c7-mcjgg   2m    28Mi   
websocket-server-56c97f4c7-mn2cg   2m    28Mi   
websocket-server-56c97f4c7-vgtv5   1m    27Mi   
websocket-server-56c97f4c7-x5kj2   6m    43Mi   
websocket-server-56c97f4c7-zw85r   6m    35Mi   
1777465274
websocket-server-56c97f4c7-6szjv   3m    43Mi   
websocket-server-56c97f4c7-d28t6   1m    27Mi   
websocket-server-56c97f4c7-g5msc   1m    34Mi   
websocket-server-56c97f4c7-hh86w   1m    35Mi   
websocket-server-56c97f4c7-lr47j   6m    39Mi   
websocket-server-56c97f4c7-mcjgg   2m    28Mi   
websocket-server-56c97f4c7-mn2cg   2m    28Mi   
websocket-server-56c97f4c7-vgtv5   1m    27Mi   
websocket-server-56c97f4c7-x5kj2   6m    43Mi   
websocket-server-56c97f4c7-zw85r   6m    35Mi   
1777465279
websocket-server-56c97f4c7-6szjv   3m    43Mi   
websocket-server-56c97f4c7-d28t6   1m    27Mi   
websocket-server-56c97f4c7-g5msc   1m    34Mi   
websocket-server-56c97f4c7-hh86w   1m    35Mi   
websocket-server-56c97f4c7-lr47j   1m    39Mi   
websocket-server-56c97f4c7-mcjgg   1m    28Mi   
websocket-server-56c97f4c7-mn2cg   1m    28Mi   
websocket-server-56c97f4c7-vgtv5   1m    27Mi   
websocket-server-56c97f4c7-x5kj2   1m    43Mi   
websocket-server-56c97f4c7-zw85r   1m    35Mi   
1777465284
websocket-server-56c97f4c7-6szjv   3m    43Mi   
websocket-server-56c97f4c7-d28t6   1m    27Mi   
websocket-server-56c97f4c7-g5msc   1m    34Mi   
websocket-server-56c97f4c7-hh86w   1m    35Mi   
websocket-server-56c97f4c7-lr47j   1m    39Mi   
websocket-server-56c97f4c7-mcjgg   1m    28Mi   
websocket-server-56c97f4c7-mn2cg   1m    28Mi   
websocket-server-56c97f4c7-vgtv5   1m    27Mi   
websocket-server-56c97f4c7-x5kj2   1m    43Mi   
websocket-server-56c97f4c7-zw85r   1m    35Mi   
1777465289
websocket-server-56c97f4c7-6szjv   3m    43Mi   
websocket-server-56c97f4c7-d28t6   1m    27Mi   
websocket-server-56c97f4c7-g5msc   1m    34Mi   
websocket-server-56c97f4c7-hh86w   1m    35Mi   
websocket-server-56c97f4c7-lr47j   1m    39Mi   
websocket-server-56c97f4c7-mcjgg   1m    28Mi   
websocket-server-56c97f4c7-mn2cg   1m    28Mi   
websocket-server-56c97f4c7-vgtv5   1m    27Mi   
websocket-server-56c97f4c7-x5kj2   1m    43Mi   
websocket-server-56c97f4c7-zw85r   1m    35Mi   
1777465294
websocket-server-56c97f4c7-6szjv   1m    43Mi   
websocket-server-56c97f4c7-d28t6   1m    27Mi   
websocket-server-56c97f4c7-g5msc   1m    34Mi   
websocket-server-56c97f4c7-hh86w   1m    35Mi   
websocket-server-56c97f4c7-lr47j   1m    39Mi   
websocket-server-56c97f4c7-mcjgg   1m    28Mi   
websocket-server-56c97f4c7-mn2cg   0m    28Mi   
websocket-server-56c97f4c7-vgtv5   1m    27Mi   
websocket-server-56c97f4c7-x5kj2   1m    43Mi   
websocket-server-56c97f4c7-zw85r   0m    35Mi   
1777465299
websocket-server-56c97f4c7-6szjv   1m    43Mi   
websocket-server-56c97f4c7-d28t6   1m    27Mi   
websocket-server-56c97f4c7-g5msc   1m    34Mi   
websocket-server-56c97f4c7-hh86w   1m    35Mi   
websocket-server-56c97f4c7-lr47j   1m    39Mi   
websocket-server-56c97f4c7-mcjgg   1m    28Mi   
websocket-server-56c97f4c7-mn2cg   0m    28Mi   
websocket-server-56c97f4c7-vgtv5   1m    27Mi   
websocket-server-56c97f4c7-x5kj2   1m    43Mi   
websocket-server-56c97f4c7-zw85r   0m    35Mi   
1777465305
websocket-server-56c97f4c7-6szjv   1m    43Mi   
websocket-server-56c97f4c7-d28t6   1m    27Mi   
websocket-server-56c97f4c7-g5msc   1m    34Mi   
websocket-server-56c97f4c7-hh86w   1m    35Mi   
websocket-server-56c97f4c7-lr47j   1m    39Mi   
websocket-server-56c97f4c7-mcjgg   1m    28Mi   
websocket-server-56c97f4c7-mn2cg   0m    28Mi   
websocket-server-56c97f4c7-vgtv5   1m    27Mi   
websocket-server-56c97f4c7-x5kj2   1m    43Mi   
websocket-server-56c97f4c7-zw85r   0m    35Mi   
1777465310
websocket-server-56c97f4c7-6szjv   1m    43Mi   
websocket-server-56c97f4c7-d28t6   1m    27Mi   
websocket-server-56c97f4c7-g5msc   1m    34Mi   
websocket-server-56c97f4c7-hh86w   1m    35Mi   
websocket-server-56c97f4c7-lr47j   1m    39Mi   
websocket-server-56c97f4c7-mcjgg   1m    28Mi   
websocket-server-56c97f4c7-mn2cg   0m    28Mi   
websocket-server-56c97f4c7-vgtv5   1m    27Mi   
websocket-server-56c97f4c7-x5kj2   1m    43Mi   
websocket-server-56c97f4c7-zw85r   1m    35Mi   
1777465315
websocket-server-56c97f4c7-6szjv   1m    43Mi   
websocket-server-56c97f4c7-d28t6   1m    27Mi   
websocket-server-56c97f4c7-g5msc   1m    34Mi   
websocket-server-56c97f4c7-hh86w   1m    35Mi   
websocket-server-56c97f4c7-lr47j   1m    39Mi   
websocket-server-56c97f4c7-mcjgg   1m    28Mi   
websocket-server-56c97f4c7-mn2cg   0m    28Mi   
websocket-server-56c97f4c7-vgtv5   1m    27Mi   
websocket-server-56c97f4c7-x5kj2   1m    43Mi   
websocket-server-56c97f4c7-zw85r   1m    35Mi   
1777465320
websocket-server-56c97f4c7-6szjv   1m    43Mi   
websocket-server-56c97f4c7-d28t6   1m    27Mi   
websocket-server-56c97f4c7-g5msc   1m    34Mi   
websocket-server-56c97f4c7-hh86w   1m    35Mi   
websocket-server-56c97f4c7-lr47j   1m    39Mi   
websocket-server-56c97f4c7-mcjgg   1m    28Mi   
websocket-server-56c97f4c7-mn2cg   0m    28Mi   
websocket-server-56c97f4c7-vgtv5   1m    27Mi   
websocket-server-56c97f4c7-x5kj2   1m    43Mi   
websocket-server-56c97f4c7-zw85r   1m    35Mi   
1777465325
websocket-server-56c97f4c7-6szjv   1m    43Mi   
websocket-server-56c97f4c7-d28t6   1m    27Mi   
websocket-server-56c97f4c7-g5msc   1m    34Mi   
websocket-server-56c97f4c7-hh86w   1m    35Mi   
websocket-server-56c97f4c7-lr47j   1m    39Mi   
websocket-server-56c97f4c7-mcjgg   1m    28Mi   
websocket-server-56c97f4c7-mn2cg   1m    28Mi   
websocket-server-56c97f4c7-vgtv5   1m    27Mi   
websocket-server-56c97f4c7-x5kj2   1m    43Mi   
websocket-server-56c97f4c7-zw85r   1m    35Mi   
1777465330
websocket-server-56c97f4c7-6szjv   1m    43Mi   
websocket-server-56c97f4c7-d28t6   1m    27Mi   
websocket-server-56c97f4c7-g5msc   1m    34Mi   
websocket-server-56c97f4c7-hh86w   1m    35Mi   
websocket-server-56c97f4c7-lr47j   1m    39Mi   
websocket-server-56c97f4c7-mcjgg   1m    28Mi   
websocket-server-56c97f4c7-x5kj2   1m    43Mi   
websocket-server-56c97f4c7-zw85r   1m    35Mi   
1777465335
websocket-server-56c97f4c7-6szjv   1m    43Mi   
websocket-server-56c97f4c7-d28t6   1m    27Mi   
websocket-server-56c97f4c7-g5msc   1m    34Mi   
websocket-server-56c97f4c7-hh86w   1m    35Mi   
websocket-server-56c97f4c7-lr47j   1m    39Mi   
websocket-server-56c97f4c7-mcjgg   1m    28Mi   
websocket-server-56c97f4c7-x5kj2   1m    43Mi   
websocket-server-56c97f4c7-zw85r   1m    35Mi   
1777465340
websocket-server-56c97f4c7-6szjv   1m    43Mi   
websocket-server-56c97f4c7-d28t6   1m    27Mi   
websocket-server-56c97f4c7-g5msc   1m    34Mi   
websocket-server-56c97f4c7-hh86w   1m    35Mi   
websocket-server-56c97f4c7-lr47j   1m    39Mi   
websocket-server-56c97f4c7-mcjgg   1m    28Mi   
websocket-server-56c97f4c7-x5kj2   1m    43Mi   
websocket-server-56c97f4c7-zw85r   1m    35Mi   
1777465345
websocket-server-56c97f4c7-6szjv   1m    43Mi   
websocket-server-56c97f4c7-d28t6   1m    27Mi   
websocket-server-56c97f4c7-g5msc   1m    34Mi   
websocket-server-56c97f4c7-hh86w   1m    35Mi   
websocket-server-56c97f4c7-lr47j   1m    39Mi   
websocket-server-56c97f4c7-mcjgg   1m    28Mi   
websocket-server-56c97f4c7-x5kj2   1m    43Mi   
websocket-server-56c97f4c7-zw85r   1m    35Mi   
1777465350
websocket-server-56c97f4c7-6szjv   1m    43Mi   
websocket-server-56c97f4c7-d28t6   1m    27Mi   
websocket-server-56c97f4c7-g5msc   1m    34Mi   
websocket-server-56c97f4c7-hh86w   1m    35Mi   
websocket-server-56c97f4c7-lr47j   1m    39Mi   
websocket-server-56c97f4c7-mcjgg   1m    28Mi   
websocket-server-56c97f4c7-x5kj2   1m    43Mi   
websocket-server-56c97f4c7-zw85r   1m    35Mi   
1777465355
websocket-server-56c97f4c7-6szjv   1m    43Mi   
websocket-server-56c97f4c7-d28t6   0m    27Mi   
websocket-server-56c97f4c7-g5msc   1m    34Mi   
websocket-server-56c97f4c7-hh86w   1m    35Mi   
websocket-server-56c97f4c7-lr47j   1m    39Mi   
websocket-server-56c97f4c7-mcjgg   1m    28Mi   
websocket-server-56c97f4c7-x5kj2   1m    43Mi   
websocket-server-56c97f4c7-zw85r   1m    35Mi   
1777465360
websocket-server-56c97f4c7-6szjv   1m    43Mi   
websocket-server-56c97f4c7-d28t6   0m    27Mi   
websocket-server-56c97f4c7-g5msc   1m    34Mi   
websocket-server-56c97f4c7-hh86w   1m    35Mi   
websocket-server-56c97f4c7-lr47j   1m    39Mi   
websocket-server-56c97f4c7-mcjgg   1m    28Mi   
websocket-server-56c97f4c7-x5kj2   1m    43Mi   
websocket-server-56c97f4c7-zw85r   1m    35Mi   
1777465365
websocket-server-56c97f4c7-6szjv   1m    43Mi   
websocket-server-56c97f4c7-d28t6   0m    27Mi   
websocket-server-56c97f4c7-g5msc   1m    34Mi   
websocket-server-56c97f4c7-hh86w   1m    35Mi   
websocket-server-56c97f4c7-lr47j   1m    39Mi   
websocket-server-56c97f4c7-mcjgg   1m    28Mi   
websocket-server-56c97f4c7-x5kj2   1m    43Mi   
websocket-server-56c97f4c7-zw85r   1m    35Mi   
1777465370
websocket-server-56c97f4c7-6szjv   1m    43Mi   
websocket-server-56c97f4c7-d28t6   0m    27Mi   
websocket-server-56c97f4c7-g5msc   1m    34Mi   
websocket-server-56c97f4c7-hh86w   1m    35Mi   
websocket-server-56c97f4c7-lr47j   1m    39Mi   
websocket-server-56c97f4c7-mcjgg   1m    29Mi   
websocket-server-56c97f4c7-x5kj2   1m    43Mi   
websocket-server-56c97f4c7-zw85r   1m    35Mi   
1777465375
websocket-server-56c97f4c7-6szjv   1m    43Mi   
websocket-server-56c97f4c7-d28t6   0m    27Mi   
websocket-server-56c97f4c7-g5msc   1m    34Mi   
websocket-server-56c97f4c7-hh86w   1m    35Mi   
websocket-server-56c97f4c7-lr47j   1m    39Mi   
websocket-server-56c97f4c7-mcjgg   1m    29Mi   
websocket-server-56c97f4c7-x5kj2   1m    43Mi   
websocket-server-56c97f4c7-zw85r   1m    35Mi   
1777465380
websocket-server-56c97f4c7-6szjv   1m    43Mi   
websocket-server-56c97f4c7-d28t6   0m    27Mi   
websocket-server-56c97f4c7-g5msc   1m    34Mi   
websocket-server-56c97f4c7-hh86w   1m    35Mi   
websocket-server-56c97f4c7-lr47j   1m    39Mi   
websocket-server-56c97f4c7-mcjgg   1m    29Mi   
websocket-server-56c97f4c7-x5kj2   1m    43Mi   
websocket-server-56c97f4c7-zw85r   1m    35Mi   
1777465385
websocket-server-56c97f4c7-6szjv   1m    43Mi   
websocket-server-56c97f4c7-d28t6   1m    27Mi   
websocket-server-56c97f4c7-g5msc   1m    34Mi   
websocket-server-56c97f4c7-hh86w   1m    35Mi   
websocket-server-56c97f4c7-lr47j   1m    39Mi   
websocket-server-56c97f4c7-mcjgg   1m    28Mi   
websocket-server-56c97f4c7-x5kj2   1m    43Mi   
websocket-server-56c97f4c7-zw85r   1m    35Mi   
1777465390
websocket-server-56c97f4c7-6szjv   1m    43Mi   
websocket-server-56c97f4c7-d28t6   1m    27Mi   
websocket-server-56c97f4c7-g5msc   1m    34Mi   
websocket-server-56c97f4c7-hh86w   1m    35Mi   
websocket-server-56c97f4c7-lr47j   1m    39Mi   
websocket-server-56c97f4c7-mcjgg   1m    28Mi   
websocket-server-56c97f4c7-x5kj2   1m    43Mi   
websocket-server-56c97f4c7-zw85r   1m    35Mi   
1777465395
websocket-server-56c97f4c7-6szjv   1m    43Mi   
websocket-server-56c97f4c7-g5msc   1m    34Mi   
websocket-server-56c97f4c7-hh86w   1m    35Mi   
websocket-server-56c97f4c7-lr47j   1m    39Mi   
websocket-server-56c97f4c7-x5kj2   1m    43Mi   
websocket-server-56c97f4c7-zw85r   1m    35Mi   
1777465400
websocket-server-56c97f4c7-6szjv   1m    43Mi   
websocket-server-56c97f4c7-hh86w   1m    35Mi   
websocket-server-56c97f4c7-lr47j   1m    39Mi   
websocket-server-56c97f4c7-x5kj2   0m    43Mi   
1777465405
websocket-server-56c97f4c7-6szjv   1m    43Mi   
websocket-server-56c97f4c7-x5kj2   0m    43Mi   
