1781613843
websocket-server-56c97f4c7-6q5vs   1m    97Mi   
websocket-server-56c97f4c7-t7zg4   1m    86Mi   
1781613848
websocket-server-56c97f4c7-6q5vs   1m    97Mi   
websocket-server-56c97f4c7-t7zg4   1m    86Mi   
1781613853
websocket-server-56c97f4c7-6q5vs   1m    97Mi   
websocket-server-56c97f4c7-t7zg4   1m    86Mi   
1781613858
websocket-server-56c97f4c7-6q5vs   1m    97Mi   
websocket-server-56c97f4c7-t7zg4   1m    86Mi   
1781613863
websocket-server-56c97f4c7-6q5vs   1m    97Mi   
websocket-server-56c97f4c7-t7zg4   1m    86Mi   
1781613868
websocket-server-56c97f4c7-6q5vs   2m    98Mi   
websocket-server-56c97f4c7-t7zg4   1m    86Mi   
1781613873
websocket-server-56c97f4c7-6q5vs   2m    98Mi   
websocket-server-56c97f4c7-t7zg4   1m    86Mi   
1781613878
websocket-server-56c97f4c7-6q5vs   2m    98Mi   
websocket-server-56c97f4c7-t7zg4   1m    86Mi   
1781613883
websocket-server-56c97f4c7-6q5vs   2m    98Mi   
websocket-server-56c97f4c7-t7zg4   6m    87Mi   
1781613888
websocket-server-56c97f4c7-6q5vs   2m    98Mi   
websocket-server-56c97f4c7-t7zg4   6m    87Mi   
1781613893
websocket-server-56c97f4c7-6q5vs   2m    98Mi   
websocket-server-56c97f4c7-t7zg4   6m    87Mi   
1781613898
websocket-server-56c97f4c7-6q5vs   9m    98Mi   
websocket-server-56c97f4c7-t7zg4   13m   87Mi   
1781613903
websocket-server-56c97f4c7-6q5vs   9m    98Mi   
websocket-server-56c97f4c7-t7zg4   13m   87Mi   
1781613908
websocket-server-56c97f4c7-6q5vs   9m    98Mi   
websocket-server-56c97f4c7-t7zg4   13m   87Mi   
1781613913
websocket-server-56c97f4c7-6q5vs   13m   98Mi   
websocket-server-56c97f4c7-lvfkq   5m    30Mi   
websocket-server-56c97f4c7-t7zg4   14m   87Mi   
1781613918
websocket-server-56c97f4c7-6q5vs   13m   98Mi   
websocket-server-56c97f4c7-lvfkq   5m    30Mi   
websocket-server-56c97f4c7-t7zg4   14m   87Mi   
1781613924
websocket-server-56c97f4c7-6q5vs   13m   98Mi   
websocket-server-56c97f4c7-lvfkq   5m    30Mi   
websocket-server-56c97f4c7-t7zg4   14m   87Mi   
1781613929
websocket-server-56c97f4c7-6q5vs   14m   98Mi   
websocket-server-56c97f4c7-bx8zt   2m    28Mi   
websocket-server-56c97f4c7-j2kbw   20m   28Mi   
websocket-server-56c97f4c7-lvfkq   7m    33Mi   
websocket-server-56c97f4c7-t7zg4   14m   87Mi   
1781613934
websocket-server-56c97f4c7-6q5vs   14m   98Mi   
websocket-server-56c97f4c7-bx8zt   2m    28Mi   
websocket-server-56c97f4c7-j2kbw   20m   28Mi   
websocket-server-56c97f4c7-lvfkq   7m    33Mi   
websocket-server-56c97f4c7-t7zg4   14m   87Mi   
1781613939
websocket-server-56c97f4c7-6q5vs   14m   98Mi   
websocket-server-56c97f4c7-bx8zt   2m    28Mi   
websocket-server-56c97f4c7-j2kbw   20m   28Mi   
websocket-server-56c97f4c7-lvfkq   7m    33Mi   
websocket-server-56c97f4c7-t7zg4   14m   87Mi   
1781613944
websocket-server-56c97f4c7-6q5vs   16m   98Mi   
websocket-server-56c97f4c7-bx8zt   5m    30Mi   
websocket-server-56c97f4c7-j2kbw   4m    30Mi   
websocket-server-56c97f4c7-lvfkq   9m    33Mi   
websocket-server-56c97f4c7-sjbmx   19m   28Mi   
websocket-server-56c97f4c7-t7zg4   16m   88Mi   
1781613949
websocket-server-56c97f4c7-6q5vs   16m   98Mi   
websocket-server-56c97f4c7-bx8zt   5m    30Mi   
websocket-server-56c97f4c7-j2kbw   4m    30Mi   
websocket-server-56c97f4c7-lvfkq   9m    33Mi   
websocket-server-56c97f4c7-sjbmx   19m   28Mi   
websocket-server-56c97f4c7-t7zg4   16m   88Mi   
1781613954
websocket-server-56c97f4c7-6q5vs   16m   98Mi   
websocket-server-56c97f4c7-bx8zt   5m    30Mi   
websocket-server-56c97f4c7-j2kbw   4m    30Mi   
websocket-server-56c97f4c7-lvfkq   9m    33Mi   
websocket-server-56c97f4c7-sjbmx   19m   28Mi   
websocket-server-56c97f4c7-t7zg4   16m   88Mi   
1781613959
websocket-server-56c97f4c7-6q5vs   18m   98Mi   
websocket-server-56c97f4c7-bx8zt   5m    30Mi   
websocket-server-56c97f4c7-j2kbw   5m    31Mi   
websocket-server-56c97f4c7-lvfkq   10m   34Mi   
websocket-server-56c97f4c7-n7bpl   20m   27Mi   
websocket-server-56c97f4c7-sjbmx   3m    28Mi   
websocket-server-56c97f4c7-t7zg4   18m   87Mi   
websocket-server-56c97f4c7-xkgs9   2m    28Mi   
1781613964
websocket-server-56c97f4c7-6q5vs   18m   98Mi   
websocket-server-56c97f4c7-bx8zt   5m    30Mi   
websocket-server-56c97f4c7-j2kbw   5m    31Mi   
websocket-server-56c97f4c7-lvfkq   10m   34Mi   
websocket-server-56c97f4c7-n7bpl   20m   27Mi   
websocket-server-56c97f4c7-sjbmx   3m    28Mi   
websocket-server-56c97f4c7-t7zg4   18m   87Mi   
websocket-server-56c97f4c7-xkgs9   2m    28Mi   
1781613969
websocket-server-56c97f4c7-6q5vs   18m   98Mi   
websocket-server-56c97f4c7-bx8zt   5m    30Mi   
websocket-server-56c97f4c7-j2kbw   5m    31Mi   
websocket-server-56c97f4c7-lvfkq   10m   34Mi   
websocket-server-56c97f4c7-n7bpl   20m   27Mi   
websocket-server-56c97f4c7-sjbmx   3m    28Mi   
websocket-server-56c97f4c7-t7zg4   18m   87Mi   
websocket-server-56c97f4c7-xkgs9   2m    28Mi   
1781613974
websocket-server-56c97f4c7-6q5vs   17m   98Mi   
websocket-server-56c97f4c7-bx8zt   6m    31Mi   
websocket-server-56c97f4c7-j2kbw   5m    30Mi   
websocket-server-56c97f4c7-lvfkq   10m   35Mi   
websocket-server-56c97f4c7-n7bpl   1m    27Mi   
websocket-server-56c97f4c7-sjbmx   3m    29Mi   
websocket-server-56c97f4c7-t7zg4   18m   88Mi   
websocket-server-56c97f4c7-xkgs9   2m    28Mi   
1781613979
websocket-server-56c97f4c7-6q5vs   17m   98Mi   
websocket-server-56c97f4c7-bx8zt   6m    31Mi   
websocket-server-56c97f4c7-j2kbw   5m    30Mi   
websocket-server-56c97f4c7-lvfkq   10m   35Mi   
websocket-server-56c97f4c7-n7bpl   1m    27Mi   
websocket-server-56c97f4c7-sjbmx   3m    29Mi   
websocket-server-56c97f4c7-t7zg4   18m   88Mi   
websocket-server-56c97f4c7-xkgs9   2m    28Mi   
1781613984
websocket-server-56c97f4c7-6q5vs   17m   98Mi   
websocket-server-56c97f4c7-bx8zt   6m    31Mi   
websocket-server-56c97f4c7-j2kbw   5m    30Mi   
websocket-server-56c97f4c7-lvfkq   10m   35Mi   
websocket-server-56c97f4c7-n7bpl   1m    27Mi   
websocket-server-56c97f4c7-sjbmx   3m    29Mi   
websocket-server-56c97f4c7-t7zg4   18m   88Mi   
websocket-server-56c97f4c7-xkgs9   2m    28Mi   
1781613989
websocket-server-56c97f4c7-6q5vs   12m   98Mi   
websocket-server-56c97f4c7-bx8zt   6m    31Mi   
websocket-server-56c97f4c7-j2kbw   4m    30Mi   
websocket-server-56c97f4c7-lvfkq   7m    34Mi   
websocket-server-56c97f4c7-n7bpl   0m    27Mi   
websocket-server-56c97f4c7-sjbmx   2m    28Mi   
websocket-server-56c97f4c7-t7zg4   18m   87Mi   
websocket-server-56c97f4c7-xkgs9   1m    28Mi   
1781613994
websocket-server-56c97f4c7-6q5vs   12m   98Mi   
websocket-server-56c97f4c7-bx8zt   6m    31Mi   
websocket-server-56c97f4c7-j2kbw   4m    30Mi   
websocket-server-56c97f4c7-lvfkq   7m    34Mi   
websocket-server-56c97f4c7-n7bpl   0m    27Mi   
websocket-server-56c97f4c7-sjbmx   2m    28Mi   
websocket-server-56c97f4c7-t7zg4   18m   87Mi   
websocket-server-56c97f4c7-xkgs9   1m    28Mi   
1781613999
websocket-server-56c97f4c7-6q5vs   12m   98Mi   
websocket-server-56c97f4c7-bx8zt   6m    31Mi   
websocket-server-56c97f4c7-j2kbw   4m    30Mi   
websocket-server-56c97f4c7-lvfkq   7m    34Mi   
websocket-server-56c97f4c7-n7bpl   0m    27Mi   
websocket-server-56c97f4c7-sjbmx   2m    28Mi   
websocket-server-56c97f4c7-t7zg4   18m   87Mi   
websocket-server-56c97f4c7-xkgs9   1m    28Mi   
1781614004
websocket-server-56c97f4c7-6q5vs   12m   98Mi   
websocket-server-56c97f4c7-bx8zt   3m    31Mi   
websocket-server-56c97f4c7-j2kbw   2m    30Mi   
websocket-server-56c97f4c7-lvfkq   3m    34Mi   
websocket-server-56c97f4c7-n7bpl   1m    27Mi   
websocket-server-56c97f4c7-sjbmx   1m    28Mi   
websocket-server-56c97f4c7-t7zg4   7m    87Mi   
websocket-server-56c97f4c7-xkgs9   1m    28Mi   
1781614009
websocket-server-56c97f4c7-6q5vs   12m   98Mi   
websocket-server-56c97f4c7-bx8zt   3m    31Mi   
websocket-server-56c97f4c7-j2kbw   2m    30Mi   
websocket-server-56c97f4c7-lvfkq   3m    34Mi   
websocket-server-56c97f4c7-n7bpl   1m    27Mi   
websocket-server-56c97f4c7-sjbmx   1m    28Mi   
websocket-server-56c97f4c7-t7zg4   7m    87Mi   
websocket-server-56c97f4c7-xkgs9   1m    28Mi   
1781614015
websocket-server-56c97f4c7-6q5vs   12m   98Mi   
websocket-server-56c97f4c7-bx8zt   3m    31Mi   
websocket-server-56c97f4c7-j2kbw   2m    30Mi   
websocket-server-56c97f4c7-lvfkq   3m    34Mi   
websocket-server-56c97f4c7-n7bpl   1m    27Mi   
websocket-server-56c97f4c7-sjbmx   1m    28Mi   
websocket-server-56c97f4c7-t7zg4   7m    87Mi   
websocket-server-56c97f4c7-xkgs9   1m    28Mi   
1781614020
websocket-server-56c97f4c7-6q5vs   6m    98Mi   
websocket-server-56c97f4c7-bx8zt   2m    31Mi   
websocket-server-56c97f4c7-j2kbw   2m    30Mi   
websocket-server-56c97f4c7-lvfkq   3m    34Mi   
websocket-server-56c97f4c7-n7bpl   1m    27Mi   
websocket-server-56c97f4c7-sjbmx   1m    28Mi   
websocket-server-56c97f4c7-t7zg4   6m    87Mi   
websocket-server-56c97f4c7-xkgs9   1m    28Mi   
1781614025
websocket-server-56c97f4c7-6q5vs   6m    98Mi   
websocket-server-56c97f4c7-bx8zt   2m    31Mi   
websocket-server-56c97f4c7-j2kbw   2m    30Mi   
websocket-server-56c97f4c7-lvfkq   3m    34Mi   
websocket-server-56c97f4c7-n7bpl   1m    27Mi   
websocket-server-56c97f4c7-sjbmx   1m    28Mi   
websocket-server-56c97f4c7-t7zg4   6m    87Mi   
websocket-server-56c97f4c7-xkgs9   1m    28Mi   
1781614030
websocket-server-56c97f4c7-6q5vs   6m    98Mi   
websocket-server-56c97f4c7-bx8zt   2m    31Mi   
websocket-server-56c97f4c7-j2kbw   2m    30Mi   
websocket-server-56c97f4c7-lvfkq   3m    34Mi   
websocket-server-56c97f4c7-n7bpl   1m    27Mi   
websocket-server-56c97f4c7-sjbmx   1m    28Mi   
websocket-server-56c97f4c7-t7zg4   6m    87Mi   
websocket-server-56c97f4c7-xkgs9   1m    28Mi   
1781614035
websocket-server-56c97f4c7-6q5vs   6m    99Mi   
websocket-server-56c97f4c7-bx8zt   2m    31Mi   
websocket-server-56c97f4c7-j2kbw   2m    30Mi   
websocket-server-56c97f4c7-lvfkq   4m    34Mi   
websocket-server-56c97f4c7-n7bpl   1m    28Mi   
websocket-server-56c97f4c7-sjbmx   1m    28Mi   
websocket-server-56c97f4c7-t7zg4   6m    87Mi   
websocket-server-56c97f4c7-xkgs9   1m    28Mi   
1781614040
websocket-server-56c97f4c7-6q5vs   6m    99Mi   
websocket-server-56c97f4c7-bx8zt   2m    31Mi   
websocket-server-56c97f4c7-j2kbw   2m    30Mi   
websocket-server-56c97f4c7-lvfkq   4m    34Mi   
websocket-server-56c97f4c7-n7bpl   1m    28Mi   
websocket-server-56c97f4c7-sjbmx   1m    28Mi   
websocket-server-56c97f4c7-t7zg4   6m    87Mi   
websocket-server-56c97f4c7-xkgs9   1m    28Mi   
1781614045
websocket-server-56c97f4c7-6q5vs   6m    99Mi   
websocket-server-56c97f4c7-bx8zt   2m    31Mi   
websocket-server-56c97f4c7-j2kbw   2m    30Mi   
websocket-server-56c97f4c7-lvfkq   4m    34Mi   
websocket-server-56c97f4c7-n7bpl   1m    28Mi   
websocket-server-56c97f4c7-sjbmx   1m    28Mi   
websocket-server-56c97f4c7-t7zg4   6m    87Mi   
websocket-server-56c97f4c7-xkgs9   1m    28Mi   
1781614050
websocket-server-56c97f4c7-6q5vs   10m   97Mi   
websocket-server-56c97f4c7-bx8zt   2m    31Mi   
websocket-server-56c97f4c7-j2kbw   3m    30Mi   
websocket-server-56c97f4c7-lvfkq   7m    34Mi   
websocket-server-56c97f4c7-n7bpl   1m    27Mi   
websocket-server-56c97f4c7-sjbmx   1m    28Mi   
websocket-server-56c97f4c7-t7zg4   7m    87Mi   
websocket-server-56c97f4c7-xkgs9   1m    28Mi   
1781614055
websocket-server-56c97f4c7-6q5vs   10m   97Mi   
websocket-server-56c97f4c7-bx8zt   2m    31Mi   
websocket-server-56c97f4c7-j2kbw   3m    30Mi   
websocket-server-56c97f4c7-lvfkq   7m    34Mi   
websocket-server-56c97f4c7-n7bpl   1m    27Mi   
websocket-server-56c97f4c7-sjbmx   1m    28Mi   
websocket-server-56c97f4c7-t7zg4   7m    87Mi   
websocket-server-56c97f4c7-xkgs9   1m    28Mi   
1781614060
websocket-server-56c97f4c7-6q5vs   10m   97Mi   
websocket-server-56c97f4c7-bx8zt   2m    31Mi   
websocket-server-56c97f4c7-j2kbw   3m    30Mi   
websocket-server-56c97f4c7-lvfkq   7m    34Mi   
websocket-server-56c97f4c7-n7bpl   1m    27Mi   
websocket-server-56c97f4c7-sjbmx   1m    28Mi   
websocket-server-56c97f4c7-t7zg4   7m    87Mi   
websocket-server-56c97f4c7-xkgs9   1m    28Mi   
1781614065
websocket-server-56c97f4c7-6q5vs   1m    97Mi   
websocket-server-56c97f4c7-bx8zt   3m    31Mi   
websocket-server-56c97f4c7-j2kbw   3m    30Mi   
websocket-server-56c97f4c7-lvfkq   1m    34Mi   
websocket-server-56c97f4c7-n7bpl   1m    27Mi   
websocket-server-56c97f4c7-sjbmx   2m    29Mi   
websocket-server-56c97f4c7-t7zg4   7m    86Mi   
websocket-server-56c97f4c7-xkgs9   1m    28Mi   
1781614070
websocket-server-56c97f4c7-6q5vs   1m    97Mi   
websocket-server-56c97f4c7-bx8zt   3m    31Mi   
websocket-server-56c97f4c7-j2kbw   3m    30Mi   
websocket-server-56c97f4c7-lvfkq   1m    34Mi   
websocket-server-56c97f4c7-n7bpl   1m    27Mi   
websocket-server-56c97f4c7-sjbmx   2m    29Mi   
websocket-server-56c97f4c7-t7zg4   7m    86Mi   
websocket-server-56c97f4c7-xkgs9   1m    28Mi   
1781614075
websocket-server-56c97f4c7-6q5vs   1m    97Mi   
websocket-server-56c97f4c7-bx8zt   3m    31Mi   
websocket-server-56c97f4c7-j2kbw   3m    30Mi   
websocket-server-56c97f4c7-lvfkq   1m    34Mi   
websocket-server-56c97f4c7-n7bpl   1m    27Mi   
websocket-server-56c97f4c7-sjbmx   2m    29Mi   
websocket-server-56c97f4c7-t7zg4   7m    86Mi   
websocket-server-56c97f4c7-xkgs9   1m    28Mi   
1781614080
websocket-server-56c97f4c7-6q5vs   1m    97Mi   
websocket-server-56c97f4c7-bx8zt   1m    31Mi   
websocket-server-56c97f4c7-j2kbw   1m    30Mi   
websocket-server-56c97f4c7-lvfkq   1m    34Mi   
websocket-server-56c97f4c7-n7bpl   1m    27Mi   
websocket-server-56c97f4c7-sjbmx   1m    29Mi   
websocket-server-56c97f4c7-t7zg4   1m    86Mi   
websocket-server-56c97f4c7-xkgs9   1m    28Mi   
1781614085
websocket-server-56c97f4c7-6q5vs   1m    97Mi   
websocket-server-56c97f4c7-bx8zt   1m    31Mi   
websocket-server-56c97f4c7-j2kbw   1m    30Mi   
websocket-server-56c97f4c7-lvfkq   1m    34Mi   
websocket-server-56c97f4c7-n7bpl   1m    27Mi   
websocket-server-56c97f4c7-sjbmx   1m    29Mi   
websocket-server-56c97f4c7-t7zg4   1m    86Mi   
websocket-server-56c97f4c7-xkgs9   1m    28Mi   
1781614090
websocket-server-56c97f4c7-6q5vs   1m    97Mi   
websocket-server-56c97f4c7-bx8zt   1m    31Mi   
websocket-server-56c97f4c7-j2kbw   1m    30Mi   
websocket-server-56c97f4c7-lvfkq   1m    34Mi   
websocket-server-56c97f4c7-n7bpl   1m    27Mi   
websocket-server-56c97f4c7-sjbmx   1m    29Mi   
websocket-server-56c97f4c7-t7zg4   1m    86Mi   
websocket-server-56c97f4c7-xkgs9   1m    28Mi   
1781614095
websocket-server-56c97f4c7-6q5vs   1m    97Mi   
websocket-server-56c97f4c7-bx8zt   1m    31Mi   
websocket-server-56c97f4c7-j2kbw   1m    30Mi   
websocket-server-56c97f4c7-lvfkq   0m    34Mi   
websocket-server-56c97f4c7-n7bpl   1m    27Mi   
websocket-server-56c97f4c7-sjbmx   1m    29Mi   
websocket-server-56c97f4c7-t7zg4   1m    86Mi   
websocket-server-56c97f4c7-xkgs9   1m    28Mi   
1781614100
websocket-server-56c97f4c7-6q5vs   1m    97Mi   
websocket-server-56c97f4c7-bx8zt   1m    31Mi   
websocket-server-56c97f4c7-j2kbw   1m    30Mi   
websocket-server-56c97f4c7-lvfkq   0m    34Mi   
websocket-server-56c97f4c7-n7bpl   1m    27Mi   
websocket-server-56c97f4c7-sjbmx   1m    29Mi   
websocket-server-56c97f4c7-t7zg4   1m    86Mi   
websocket-server-56c97f4c7-xkgs9   1m    28Mi   
1781614105
websocket-server-56c97f4c7-6q5vs   1m    97Mi   
websocket-server-56c97f4c7-bx8zt   1m    31Mi   
websocket-server-56c97f4c7-j2kbw   1m    30Mi   
websocket-server-56c97f4c7-lvfkq   0m    34Mi   
websocket-server-56c97f4c7-n7bpl   1m    27Mi   
websocket-server-56c97f4c7-sjbmx   1m    29Mi   
websocket-server-56c97f4c7-t7zg4   1m    86Mi   
websocket-server-56c97f4c7-xkgs9   1m    28Mi   
1781614111
websocket-server-56c97f4c7-6q5vs   1m    97Mi   
websocket-server-56c97f4c7-bx8zt   1m    31Mi   
websocket-server-56c97f4c7-j2kbw   1m    30Mi   
websocket-server-56c97f4c7-lvfkq   1m    34Mi   
websocket-server-56c97f4c7-n7bpl   1m    27Mi   
websocket-server-56c97f4c7-sjbmx   1m    29Mi   
websocket-server-56c97f4c7-t7zg4   1m    86Mi   
websocket-server-56c97f4c7-xkgs9   1m    28Mi   
1781614116
websocket-server-56c97f4c7-6q5vs   1m    97Mi   
websocket-server-56c97f4c7-bx8zt   1m    31Mi   
websocket-server-56c97f4c7-j2kbw   1m    30Mi   
websocket-server-56c97f4c7-lvfkq   1m    34Mi   
websocket-server-56c97f4c7-n7bpl   1m    27Mi   
websocket-server-56c97f4c7-sjbmx   1m    29Mi   
websocket-server-56c97f4c7-t7zg4   1m    86Mi   
websocket-server-56c97f4c7-xkgs9   1m    28Mi   
1781614121
websocket-server-56c97f4c7-6q5vs   1m    97Mi   
websocket-server-56c97f4c7-bx8zt   1m    31Mi   
websocket-server-56c97f4c7-j2kbw   1m    30Mi   
websocket-server-56c97f4c7-lvfkq   1m    34Mi   
websocket-server-56c97f4c7-n7bpl   1m    27Mi   
websocket-server-56c97f4c7-sjbmx   1m    29Mi   
websocket-server-56c97f4c7-t7zg4   1m    86Mi   
websocket-server-56c97f4c7-xkgs9   1m    28Mi   
1781614126
websocket-server-56c97f4c7-6q5vs   1m    97Mi   
websocket-server-56c97f4c7-bx8zt   1m    31Mi   
websocket-server-56c97f4c7-j2kbw   1m    30Mi   
websocket-server-56c97f4c7-lvfkq   1m    34Mi   
websocket-server-56c97f4c7-n7bpl   1m    27Mi   
websocket-server-56c97f4c7-sjbmx   1m    29Mi   
websocket-server-56c97f4c7-t7zg4   1m    87Mi   
websocket-server-56c97f4c7-xkgs9   1m    28Mi   
1781614131
websocket-server-56c97f4c7-6q5vs   1m    97Mi   
websocket-server-56c97f4c7-bx8zt   1m    31Mi   
websocket-server-56c97f4c7-j2kbw   1m    30Mi   
websocket-server-56c97f4c7-lvfkq   1m    34Mi   
websocket-server-56c97f4c7-n7bpl   1m    27Mi   
websocket-server-56c97f4c7-sjbmx   1m    29Mi   
websocket-server-56c97f4c7-t7zg4   1m    87Mi   
websocket-server-56c97f4c7-xkgs9   1m    28Mi   
1781614136
websocket-server-56c97f4c7-6q5vs   1m    97Mi   
websocket-server-56c97f4c7-bx8zt   1m    31Mi   
websocket-server-56c97f4c7-j2kbw   1m    30Mi   
websocket-server-56c97f4c7-lvfkq   1m    34Mi   
websocket-server-56c97f4c7-n7bpl   1m    27Mi   
websocket-server-56c97f4c7-sjbmx   1m    29Mi   
websocket-server-56c97f4c7-t7zg4   1m    87Mi   
websocket-server-56c97f4c7-xkgs9   1m    28Mi   
1781614141
websocket-server-56c97f4c7-6q5vs   1m    97Mi   
websocket-server-56c97f4c7-bx8zt   1m    31Mi   
websocket-server-56c97f4c7-j2kbw   0m    30Mi   
websocket-server-56c97f4c7-lvfkq   0m    34Mi   
websocket-server-56c97f4c7-n7bpl   1m    27Mi   
websocket-server-56c97f4c7-sjbmx   0m    29Mi   
websocket-server-56c97f4c7-t7zg4   0m    86Mi   
websocket-server-56c97f4c7-xkgs9   1m    28Mi   
1781614146
websocket-server-56c97f4c7-6q5vs   1m    97Mi   
websocket-server-56c97f4c7-bx8zt   1m    31Mi   
websocket-server-56c97f4c7-j2kbw   0m    30Mi   
websocket-server-56c97f4c7-lvfkq   0m    34Mi   
websocket-server-56c97f4c7-n7bpl   1m    27Mi   
websocket-server-56c97f4c7-sjbmx   0m    29Mi   
websocket-server-56c97f4c7-t7zg4   0m    86Mi   
websocket-server-56c97f4c7-xkgs9   1m    28Mi   
1781614151
websocket-server-56c97f4c7-6q5vs   1m    97Mi   
websocket-server-56c97f4c7-bx8zt   1m    31Mi   
websocket-server-56c97f4c7-j2kbw   0m    30Mi   
websocket-server-56c97f4c7-lvfkq   0m    34Mi   
websocket-server-56c97f4c7-n7bpl   1m    27Mi   
websocket-server-56c97f4c7-sjbmx   0m    29Mi   
websocket-server-56c97f4c7-t7zg4   0m    86Mi   
websocket-server-56c97f4c7-xkgs9   1m    28Mi   
1781614156
websocket-server-56c97f4c7-6q5vs   1m    97Mi   
websocket-server-56c97f4c7-bx8zt   1m    31Mi   
websocket-server-56c97f4c7-j2kbw   1m    30Mi   
websocket-server-56c97f4c7-lvfkq   0m    34Mi   
websocket-server-56c97f4c7-n7bpl   1m    27Mi   
websocket-server-56c97f4c7-sjbmx   0m    29Mi   
websocket-server-56c97f4c7-t7zg4   1m    86Mi   
websocket-server-56c97f4c7-xkgs9   1m    28Mi   
1781614161
websocket-server-56c97f4c7-6q5vs   1m    97Mi   
websocket-server-56c97f4c7-bx8zt   1m    31Mi   
websocket-server-56c97f4c7-j2kbw   1m    30Mi   
websocket-server-56c97f4c7-lvfkq   0m    34Mi   
websocket-server-56c97f4c7-n7bpl   1m    27Mi   
websocket-server-56c97f4c7-sjbmx   0m    29Mi   
websocket-server-56c97f4c7-t7zg4   1m    86Mi   
websocket-server-56c97f4c7-xkgs9   1m    28Mi   
1781614166
websocket-server-56c97f4c7-6q5vs   1m    97Mi   
websocket-server-56c97f4c7-bx8zt   1m    31Mi   
websocket-server-56c97f4c7-j2kbw   1m    30Mi   
websocket-server-56c97f4c7-lvfkq   0m    34Mi   
websocket-server-56c97f4c7-n7bpl   1m    27Mi   
websocket-server-56c97f4c7-sjbmx   0m    29Mi   
websocket-server-56c97f4c7-t7zg4   1m    86Mi   
websocket-server-56c97f4c7-xkgs9   1m    28Mi   
1781614171
websocket-server-56c97f4c7-6q5vs   1m    97Mi   
websocket-server-56c97f4c7-bx8zt   1m    31Mi   
websocket-server-56c97f4c7-j2kbw   1m    30Mi   
websocket-server-56c97f4c7-lvfkq   1m    34Mi   
websocket-server-56c97f4c7-n7bpl   1m    27Mi   
websocket-server-56c97f4c7-sjbmx   1m    29Mi   
websocket-server-56c97f4c7-t7zg4   1m    86Mi   
websocket-server-56c97f4c7-xkgs9   1m    28Mi   
1781614176
websocket-server-56c97f4c7-6q5vs   1m    97Mi   
websocket-server-56c97f4c7-bx8zt   1m    31Mi   
websocket-server-56c97f4c7-j2kbw   1m    30Mi   
websocket-server-56c97f4c7-lvfkq   1m    34Mi   
websocket-server-56c97f4c7-n7bpl   1m    27Mi   
websocket-server-56c97f4c7-sjbmx   1m    29Mi   
websocket-server-56c97f4c7-t7zg4   1m    86Mi   
websocket-server-56c97f4c7-xkgs9   1m    28Mi   
1781614181
websocket-server-56c97f4c7-6q5vs   1m    97Mi   
websocket-server-56c97f4c7-bx8zt   1m    31Mi   
websocket-server-56c97f4c7-j2kbw   1m    30Mi   
websocket-server-56c97f4c7-lvfkq   1m    34Mi   
websocket-server-56c97f4c7-n7bpl   1m    27Mi   
websocket-server-56c97f4c7-sjbmx   1m    29Mi   
websocket-server-56c97f4c7-t7zg4   1m    86Mi   
websocket-server-56c97f4c7-xkgs9   1m    28Mi   
1781614186
websocket-server-56c97f4c7-6q5vs   2m    97Mi   
websocket-server-56c97f4c7-bx8zt   1m    31Mi   
websocket-server-56c97f4c7-j2kbw   1m    30Mi   
websocket-server-56c97f4c7-lvfkq   1m    34Mi   
websocket-server-56c97f4c7-n7bpl   1m    27Mi   
websocket-server-56c97f4c7-sjbmx   1m    29Mi   
websocket-server-56c97f4c7-t7zg4   1m    86Mi   
websocket-server-56c97f4c7-xkgs9   1m    28Mi   
1781614191
websocket-server-56c97f4c7-6q5vs   2m    97Mi   
websocket-server-56c97f4c7-bx8zt   1m    31Mi   
websocket-server-56c97f4c7-j2kbw   1m    30Mi   
websocket-server-56c97f4c7-lvfkq   1m    34Mi   
websocket-server-56c97f4c7-n7bpl   1m    27Mi   
websocket-server-56c97f4c7-sjbmx   1m    29Mi   
websocket-server-56c97f4c7-t7zg4   1m    86Mi   
websocket-server-56c97f4c7-xkgs9   1m    28Mi   
1781614196
websocket-server-56c97f4c7-6q5vs   2m    97Mi   
websocket-server-56c97f4c7-bx8zt   1m    31Mi   
websocket-server-56c97f4c7-j2kbw   1m    30Mi   
websocket-server-56c97f4c7-lvfkq   1m    34Mi   
websocket-server-56c97f4c7-n7bpl   1m    27Mi   
websocket-server-56c97f4c7-sjbmx   1m    29Mi   
websocket-server-56c97f4c7-t7zg4   1m    86Mi   
websocket-server-56c97f4c7-xkgs9   1m    28Mi   
1781614202
websocket-server-56c97f4c7-6q5vs   3m    98Mi   
websocket-server-56c97f4c7-bx8zt   2m    32Mi   
websocket-server-56c97f4c7-j2kbw   2m    31Mi   
websocket-server-56c97f4c7-lvfkq   2m    36Mi   
websocket-server-56c97f4c7-n7bpl   2m    28Mi   
websocket-server-56c97f4c7-sjbmx   1m    29Mi   
websocket-server-56c97f4c7-t7zg4   1m    86Mi   
websocket-server-56c97f4c7-xkgs9   2m    29Mi   
1781614207
websocket-server-56c97f4c7-6q5vs   3m    98Mi   
websocket-server-56c97f4c7-bx8zt   2m    32Mi   
websocket-server-56c97f4c7-j2kbw   2m    31Mi   
websocket-server-56c97f4c7-lvfkq   2m    36Mi   
websocket-server-56c97f4c7-n7bpl   2m    28Mi   
websocket-server-56c97f4c7-sjbmx   1m    29Mi   
websocket-server-56c97f4c7-t7zg4   1m    86Mi   
websocket-server-56c97f4c7-xkgs9   2m    29Mi   
1781614212
websocket-server-56c97f4c7-6q5vs   3m    98Mi   
websocket-server-56c97f4c7-bx8zt   2m    32Mi   
websocket-server-56c97f4c7-j2kbw   2m    31Mi   
websocket-server-56c97f4c7-lvfkq   2m    36Mi   
websocket-server-56c97f4c7-n7bpl   2m    28Mi   
websocket-server-56c97f4c7-sjbmx   1m    29Mi   
websocket-server-56c97f4c7-t7zg4   1m    86Mi   
websocket-server-56c97f4c7-xkgs9   2m    29Mi   
1781614217
websocket-server-56c97f4c7-6q5vs   3m    98Mi   
websocket-server-56c97f4c7-bx8zt   3m    32Mi   
websocket-server-56c97f4c7-j2kbw   3m    32Mi   
websocket-server-56c97f4c7-lvfkq   4m    37Mi   
websocket-server-56c97f4c7-n7bpl   2m    28Mi   
websocket-server-56c97f4c7-t7zg4   4m    87Mi   
websocket-server-56c97f4c7-xkgs9   2m    29Mi   
1781614222
websocket-server-56c97f4c7-6q5vs   3m    98Mi   
websocket-server-56c97f4c7-bx8zt   3m    32Mi   
websocket-server-56c97f4c7-j2kbw   3m    32Mi   
websocket-server-56c97f4c7-lvfkq   4m    37Mi   
websocket-server-56c97f4c7-t7zg4   4m    87Mi   
1781614227
websocket-server-56c97f4c7-6q5vs   3m    98Mi   
websocket-server-56c97f4c7-lvfkq   4m    37Mi   
websocket-server-56c97f4c7-t7zg4   4m    87Mi   
1781614232
websocket-server-56c97f4c7-25ccs   5m    30Mi   
websocket-server-56c97f4c7-6q5vs   9m    98Mi   
websocket-server-56c97f4c7-t7zg4   10m   87Mi   
1781614237
websocket-server-56c97f4c7-25ccs   5m    30Mi   
websocket-server-56c97f4c7-6q5vs   9m    98Mi   
websocket-server-56c97f4c7-t7zg4   10m   87Mi   
1781614242
websocket-server-56c97f4c7-25ccs   5m    30Mi   
websocket-server-56c97f4c7-6q5vs   9m    98Mi   
websocket-server-56c97f4c7-t7zg4   10m   87Mi   
1781614247
websocket-server-56c97f4c7-25ccs   8m    33Mi   
websocket-server-56c97f4c7-6q5vs   13m   98Mi   
websocket-server-56c97f4c7-85qnb   4m    29Mi   
websocket-server-56c97f4c7-c2pwq   5m    30Mi   
websocket-server-56c97f4c7-t7zg4   11m   90Mi   
1781614252
websocket-server-56c97f4c7-25ccs   8m    33Mi   
websocket-server-56c97f4c7-6q5vs   13m   98Mi   
websocket-server-56c97f4c7-85qnb   4m    29Mi   
websocket-server-56c97f4c7-c2pwq   5m    30Mi   
websocket-server-56c97f4c7-t7zg4   11m   90Mi   
1781614257
websocket-server-56c97f4c7-25ccs   9m    34Mi   
websocket-server-56c97f4c7-6q5vs   15m   98Mi   
websocket-server-56c97f4c7-85qnb   4m    30Mi   
websocket-server-56c97f4c7-c2pwq   7m    32Mi   
websocket-server-56c97f4c7-cm62k   25m   28Mi   
websocket-server-56c97f4c7-qkvhs   19m   28Mi   
websocket-server-56c97f4c7-t7zg4   16m   91Mi   
1781614262
websocket-server-56c97f4c7-25ccs   9m    34Mi   
websocket-server-56c97f4c7-6q5vs   15m   98Mi   
websocket-server-56c97f4c7-85qnb   4m    30Mi   
websocket-server-56c97f4c7-c2pwq   7m    32Mi   
websocket-server-56c97f4c7-cm62k   25m   28Mi   
websocket-server-56c97f4c7-qkvhs   19m   28Mi   
websocket-server-56c97f4c7-t7zg4   16m   91Mi   
1781614267
websocket-server-56c97f4c7-25ccs   9m    34Mi   
websocket-server-56c97f4c7-6q5vs   15m   98Mi   
websocket-server-56c97f4c7-85qnb   4m    30Mi   
websocket-server-56c97f4c7-c2pwq   7m    32Mi   
websocket-server-56c97f4c7-cm62k   25m   28Mi   
websocket-server-56c97f4c7-qkvhs   19m   28Mi   
websocket-server-56c97f4c7-t7zg4   16m   91Mi   
1781614272
websocket-server-56c97f4c7-25ccs   10m   35Mi   
websocket-server-56c97f4c7-6q5vs   17m   98Mi   
websocket-server-56c97f4c7-85qnb   5m    31Mi   
websocket-server-56c97f4c7-c2pwq   7m    32Mi   
websocket-server-56c97f4c7-cm62k   3m    28Mi   
websocket-server-56c97f4c7-qkvhs   19m   28Mi   
websocket-server-56c97f4c7-t7zg4   16m   92Mi   
1781614277
websocket-server-56c97f4c7-25ccs   10m   35Mi   
websocket-server-56c97f4c7-6q5vs   17m   98Mi   
websocket-server-56c97f4c7-85qnb   5m    31Mi   
websocket-server-56c97f4c7-c2pwq   7m    32Mi   
websocket-server-56c97f4c7-cm62k   3m    28Mi   
websocket-server-56c97f4c7-qkvhs   19m   28Mi   
websocket-server-56c97f4c7-t7zg4   16m   92Mi   
1781614282
websocket-server-56c97f4c7-25ccs   10m   35Mi   
websocket-server-56c97f4c7-6q5vs   17m   98Mi   
websocket-server-56c97f4c7-85qnb   5m    31Mi   
websocket-server-56c97f4c7-c2pwq   7m    32Mi   
websocket-server-56c97f4c7-cm62k   3m    28Mi   
websocket-server-56c97f4c7-qkvhs   19m   28Mi   
websocket-server-56c97f4c7-t7zg4   16m   92Mi   
1781614287
websocket-server-56c97f4c7-25ccs   11m   34Mi   
websocket-server-56c97f4c7-6q5vs   18m   98Mi   
websocket-server-56c97f4c7-85qnb   6m    31Mi   
websocket-server-56c97f4c7-c2pwq   8m    32Mi   
websocket-server-56c97f4c7-cm62k   4m    29Mi   
websocket-server-56c97f4c7-hs886   17m   27Mi   
websocket-server-56c97f4c7-qkvhs   3m    28Mi   
websocket-server-56c97f4c7-t7zg4   16m   92Mi   
1781614292
websocket-server-56c97f4c7-25ccs   11m   34Mi   
websocket-server-56c97f4c7-6q5vs   18m   98Mi   
websocket-server-56c97f4c7-85qnb   6m    31Mi   
websocket-server-56c97f4c7-c2pwq   8m    32Mi   
websocket-server-56c97f4c7-cm62k   4m    29Mi   
websocket-server-56c97f4c7-hs886   17m   27Mi   
websocket-server-56c97f4c7-qkvhs   3m    28Mi   
websocket-server-56c97f4c7-t7zg4   16m   92Mi   
1781614297
websocket-server-56c97f4c7-25ccs   11m   34Mi   
websocket-server-56c97f4c7-6q5vs   18m   98Mi   
websocket-server-56c97f4c7-85qnb   6m    31Mi   
websocket-server-56c97f4c7-c2pwq   8m    32Mi   
websocket-server-56c97f4c7-cm62k   4m    29Mi   
websocket-server-56c97f4c7-hs886   17m   27Mi   
websocket-server-56c97f4c7-qkvhs   3m    28Mi   
websocket-server-56c97f4c7-t7zg4   16m   92Mi   
1781614303
websocket-server-56c97f4c7-25ccs   8m    35Mi   
websocket-server-56c97f4c7-6q5vs   18m   98Mi   
websocket-server-56c97f4c7-85qnb   5m    31Mi   
websocket-server-56c97f4c7-c2pwq   6m    32Mi   
websocket-server-56c97f4c7-cm62k   4m    29Mi   
websocket-server-56c97f4c7-hs886   1m    27Mi   
websocket-server-56c97f4c7-qkvhs   3m    28Mi   
websocket-server-56c97f4c7-t7zg4   16m   92Mi   
1781614308
websocket-server-56c97f4c7-25ccs   8m    35Mi   
websocket-server-56c97f4c7-6q5vs   18m   98Mi   
websocket-server-56c97f4c7-85qnb   5m    31Mi   
websocket-server-56c97f4c7-c2pwq   6m    32Mi   
websocket-server-56c97f4c7-cm62k   4m    29Mi   
websocket-server-56c97f4c7-hs886   1m    27Mi   
websocket-server-56c97f4c7-qkvhs   3m    28Mi   
websocket-server-56c97f4c7-t7zg4   16m   92Mi   
1781614313
websocket-server-56c97f4c7-25ccs   8m    35Mi   
websocket-server-56c97f4c7-6q5vs   18m   98Mi   
websocket-server-56c97f4c7-85qnb   5m    31Mi   
websocket-server-56c97f4c7-c2pwq   6m    32Mi   
websocket-server-56c97f4c7-cm62k   4m    29Mi   
websocket-server-56c97f4c7-hs886   1m    27Mi   
websocket-server-56c97f4c7-qkvhs   3m    28Mi   
websocket-server-56c97f4c7-t7zg4   16m   92Mi   
1781614318
websocket-server-56c97f4c7-25ccs   4m    34Mi   
websocket-server-56c97f4c7-6q5vs   7m    98Mi   
websocket-server-56c97f4c7-85qnb   3m    31Mi   
websocket-server-56c97f4c7-c2pwq   3m    32Mi   
websocket-server-56c97f4c7-cm62k   3m    29Mi   
websocket-server-56c97f4c7-hs886   0m    27Mi   
websocket-server-56c97f4c7-qkvhs   1m    28Mi   
websocket-server-56c97f4c7-t7zg4   8m    92Mi   
1781614323
websocket-server-56c97f4c7-25ccs   4m    34Mi   
websocket-server-56c97f4c7-6q5vs   7m    98Mi   
websocket-server-56c97f4c7-85qnb   3m    31Mi   
websocket-server-56c97f4c7-c2pwq   3m    32Mi   
websocket-server-56c97f4c7-cm62k   3m    29Mi   
websocket-server-56c97f4c7-hs886   0m    27Mi   
websocket-server-56c97f4c7-qkvhs   1m    28Mi   
websocket-server-56c97f4c7-t7zg4   8m    92Mi   
1781614328
websocket-server-56c97f4c7-25ccs   4m    34Mi   
websocket-server-56c97f4c7-6q5vs   7m    98Mi   
websocket-server-56c97f4c7-85qnb   3m    31Mi   
websocket-server-56c97f4c7-c2pwq   3m    32Mi   
websocket-server-56c97f4c7-cm62k   3m    29Mi   
websocket-server-56c97f4c7-hs886   0m    27Mi   
websocket-server-56c97f4c7-qkvhs   1m    28Mi   
websocket-server-56c97f4c7-t7zg4   8m    92Mi   
1781614333
websocket-server-56c97f4c7-25ccs   3m    34Mi   
websocket-server-56c97f4c7-6q5vs   6m    98Mi   
websocket-server-56c97f4c7-85qnb   2m    31Mi   
websocket-server-56c97f4c7-c2pwq   3m    32Mi   
websocket-server-56c97f4c7-cm62k   2m    29Mi   
websocket-server-56c97f4c7-hs886   0m    27Mi   
websocket-server-56c97f4c7-qkvhs   1m    28Mi   
websocket-server-56c97f4c7-t7zg4   5m    92Mi   
1781614338
websocket-server-56c97f4c7-25ccs   3m    34Mi   
websocket-server-56c97f4c7-6q5vs   6m    98Mi   
websocket-server-56c97f4c7-85qnb   2m    31Mi   
websocket-server-56c97f4c7-c2pwq   3m    32Mi   
websocket-server-56c97f4c7-cm62k   2m    29Mi   
websocket-server-56c97f4c7-hs886   0m    27Mi   
websocket-server-56c97f4c7-qkvhs   1m    28Mi   
websocket-server-56c97f4c7-t7zg4   5m    92Mi   
1781614343
websocket-server-56c97f4c7-25ccs   3m    34Mi   
websocket-server-56c97f4c7-6q5vs   6m    98Mi   
websocket-server-56c97f4c7-85qnb   2m    31Mi   
websocket-server-56c97f4c7-c2pwq   3m    32Mi   
websocket-server-56c97f4c7-cm62k   2m    29Mi   
websocket-server-56c97f4c7-hs886   0m    27Mi   
websocket-server-56c97f4c7-qkvhs   1m    28Mi   
websocket-server-56c97f4c7-t7zg4   5m    92Mi   
1781614348
websocket-server-56c97f4c7-25ccs   3m    34Mi   
websocket-server-56c97f4c7-6q5vs   6m    98Mi   
websocket-server-56c97f4c7-85qnb   2m    31Mi   
websocket-server-56c97f4c7-c2pwq   3m    32Mi   
websocket-server-56c97f4c7-cm62k   2m    29Mi   
websocket-server-56c97f4c7-hs886   1m    27Mi   
websocket-server-56c97f4c7-qkvhs   1m    28Mi   
websocket-server-56c97f4c7-t7zg4   5m    92Mi   
1781614353
websocket-server-56c97f4c7-25ccs   3m    34Mi   
websocket-server-56c97f4c7-6q5vs   6m    98Mi   
websocket-server-56c97f4c7-85qnb   2m    31Mi   
websocket-server-56c97f4c7-c2pwq   3m    32Mi   
websocket-server-56c97f4c7-cm62k   2m    29Mi   
websocket-server-56c97f4c7-hs886   1m    27Mi   
websocket-server-56c97f4c7-qkvhs   1m    28Mi   
websocket-server-56c97f4c7-t7zg4   5m    92Mi   
1781614358
websocket-server-56c97f4c7-25ccs   3m    34Mi   
websocket-server-56c97f4c7-6q5vs   6m    98Mi   
websocket-server-56c97f4c7-85qnb   2m    31Mi   
websocket-server-56c97f4c7-c2pwq   3m    32Mi   
websocket-server-56c97f4c7-cm62k   2m    29Mi   
websocket-server-56c97f4c7-hs886   1m    27Mi   
websocket-server-56c97f4c7-qkvhs   1m    28Mi   
websocket-server-56c97f4c7-t7zg4   5m    92Mi   
1781614363
websocket-server-56c97f4c7-25ccs   3m    35Mi   
websocket-server-56c97f4c7-6q5vs   5m    98Mi   
websocket-server-56c97f4c7-85qnb   4m    31Mi   
websocket-server-56c97f4c7-c2pwq   3m    32Mi   
websocket-server-56c97f4c7-cm62k   3m    29Mi   
websocket-server-56c97f4c7-hs886   1m    27Mi   
websocket-server-56c97f4c7-qkvhs   1m    28Mi   
websocket-server-56c97f4c7-t7zg4   5m    92Mi   
1781614368
websocket-server-56c97f4c7-25ccs   3m    35Mi   
websocket-server-56c97f4c7-6q5vs   5m    98Mi   
websocket-server-56c97f4c7-85qnb   4m    31Mi   
websocket-server-56c97f4c7-c2pwq   3m    32Mi   
websocket-server-56c97f4c7-cm62k   3m    29Mi   
websocket-server-56c97f4c7-hs886   1m    27Mi   
websocket-server-56c97f4c7-qkvhs   1m    28Mi   
websocket-server-56c97f4c7-t7zg4   5m    92Mi   
1781614373
websocket-server-56c97f4c7-25ccs   3m    35Mi   
websocket-server-56c97f4c7-6q5vs   5m    98Mi   
websocket-server-56c97f4c7-85qnb   4m    31Mi   
websocket-server-56c97f4c7-c2pwq   3m    32Mi   
websocket-server-56c97f4c7-cm62k   3m    29Mi   
websocket-server-56c97f4c7-hs886   1m    27Mi   
websocket-server-56c97f4c7-qkvhs   1m    28Mi   
websocket-server-56c97f4c7-t7zg4   5m    92Mi   
1781614378
websocket-server-56c97f4c7-25ccs   5m    34Mi   
websocket-server-56c97f4c7-6q5vs   7m    97Mi   
websocket-server-56c97f4c7-85qnb   1m    31Mi   
websocket-server-56c97f4c7-c2pwq   3m    32Mi   
websocket-server-56c97f4c7-cm62k   1m    29Mi   
websocket-server-56c97f4c7-hs886   1m    27Mi   
websocket-server-56c97f4c7-qkvhs   2m    28Mi   
websocket-server-56c97f4c7-t7zg4   7m    91Mi   
1781614383
websocket-server-56c97f4c7-25ccs   5m    34Mi   
websocket-server-56c97f4c7-6q5vs   7m    97Mi   
websocket-server-56c97f4c7-85qnb   1m    31Mi   
websocket-server-56c97f4c7-c2pwq   3m    32Mi   
websocket-server-56c97f4c7-cm62k   1m    29Mi   
websocket-server-56c97f4c7-hs886   1m    27Mi   
websocket-server-56c97f4c7-qkvhs   2m    28Mi   
websocket-server-56c97f4c7-t7zg4   7m    91Mi   
1781614388
websocket-server-56c97f4c7-25ccs   5m    34Mi   
websocket-server-56c97f4c7-6q5vs   7m    97Mi   
websocket-server-56c97f4c7-85qnb   1m    31Mi   
websocket-server-56c97f4c7-c2pwq   3m    32Mi   
websocket-server-56c97f4c7-cm62k   1m    29Mi   
websocket-server-56c97f4c7-hs886   1m    27Mi   
websocket-server-56c97f4c7-qkvhs   2m    28Mi   
websocket-server-56c97f4c7-t7zg4   7m    91Mi   
1781614393
websocket-server-56c97f4c7-25ccs   1m    34Mi   
websocket-server-56c97f4c7-6q5vs   1m    97Mi   
websocket-server-56c97f4c7-85qnb   0m    31Mi   
websocket-server-56c97f4c7-c2pwq   1m    32Mi   
websocket-server-56c97f4c7-cm62k   0m    29Mi   
websocket-server-56c97f4c7-hs886   1m    27Mi   
websocket-server-56c97f4c7-qkvhs   1m    28Mi   
websocket-server-56c97f4c7-t7zg4   1m    91Mi   
1781614399
websocket-server-56c97f4c7-25ccs   1m    34Mi   
websocket-server-56c97f4c7-6q5vs   1m    97Mi   
websocket-server-56c97f4c7-85qnb   0m    31Mi   
websocket-server-56c97f4c7-c2pwq   1m    32Mi   
websocket-server-56c97f4c7-cm62k   0m    29Mi   
websocket-server-56c97f4c7-hs886   1m    27Mi   
websocket-server-56c97f4c7-qkvhs   1m    28Mi   
websocket-server-56c97f4c7-t7zg4   1m    91Mi   
1781614404
websocket-server-56c97f4c7-25ccs   1m    34Mi   
websocket-server-56c97f4c7-6q5vs   1m    97Mi   
websocket-server-56c97f4c7-85qnb   0m    31Mi   
websocket-server-56c97f4c7-c2pwq   1m    32Mi   
websocket-server-56c97f4c7-cm62k   0m    29Mi   
websocket-server-56c97f4c7-hs886   1m    27Mi   
websocket-server-56c97f4c7-qkvhs   1m    28Mi   
websocket-server-56c97f4c7-t7zg4   1m    91Mi   
1781614409
websocket-server-56c97f4c7-25ccs   1m    34Mi   
websocket-server-56c97f4c7-6q5vs   1m    97Mi   
websocket-server-56c97f4c7-85qnb   0m    31Mi   
websocket-server-56c97f4c7-c2pwq   1m    32Mi   
websocket-server-56c97f4c7-cm62k   0m    29Mi   
websocket-server-56c97f4c7-hs886   1m    27Mi   
websocket-server-56c97f4c7-qkvhs   1m    28Mi   
websocket-server-56c97f4c7-t7zg4   1m    91Mi   
1781614414
websocket-server-56c97f4c7-25ccs   1m    34Mi   
websocket-server-56c97f4c7-6q5vs   1m    97Mi   
websocket-server-56c97f4c7-85qnb   0m    31Mi   
websocket-server-56c97f4c7-c2pwq   1m    32Mi   
websocket-server-56c97f4c7-cm62k   0m    29Mi   
websocket-server-56c97f4c7-hs886   1m    27Mi   
websocket-server-56c97f4c7-qkvhs   1m    28Mi   
websocket-server-56c97f4c7-t7zg4   1m    91Mi   
1781614419
websocket-server-56c97f4c7-25ccs   1m    34Mi   
websocket-server-56c97f4c7-6q5vs   1m    97Mi   
websocket-server-56c97f4c7-85qnb   0m    31Mi   
websocket-server-56c97f4c7-c2pwq   1m    32Mi   
websocket-server-56c97f4c7-cm62k   0m    29Mi   
websocket-server-56c97f4c7-hs886   1m    27Mi   
websocket-server-56c97f4c7-qkvhs   1m    28Mi   
websocket-server-56c97f4c7-t7zg4   1m    91Mi   
1781614424
websocket-server-56c97f4c7-25ccs   1m    34Mi   
websocket-server-56c97f4c7-6q5vs   1m    97Mi   
websocket-server-56c97f4c7-85qnb   1m    31Mi   
websocket-server-56c97f4c7-c2pwq   1m    32Mi   
websocket-server-56c97f4c7-cm62k   1m    29Mi   
websocket-server-56c97f4c7-hs886   1m    27Mi   
websocket-server-56c97f4c7-qkvhs   1m    28Mi   
websocket-server-56c97f4c7-t7zg4   1m    91Mi   
1781614429
websocket-server-56c97f4c7-25ccs   1m    34Mi   
websocket-server-56c97f4c7-6q5vs   1m    97Mi   
websocket-server-56c97f4c7-85qnb   1m    31Mi   
websocket-server-56c97f4c7-c2pwq   1m    32Mi   
websocket-server-56c97f4c7-cm62k   1m    29Mi   
websocket-server-56c97f4c7-hs886   1m    27Mi   
websocket-server-56c97f4c7-qkvhs   1m    28Mi   
websocket-server-56c97f4c7-t7zg4   1m    91Mi   
1781614434
websocket-server-56c97f4c7-25ccs   1m    34Mi   
websocket-server-56c97f4c7-6q5vs   1m    97Mi   
websocket-server-56c97f4c7-85qnb   1m    31Mi   
websocket-server-56c97f4c7-c2pwq   1m    32Mi   
websocket-server-56c97f4c7-cm62k   1m    29Mi   
websocket-server-56c97f4c7-hs886   1m    27Mi   
websocket-server-56c97f4c7-qkvhs   1m    28Mi   
websocket-server-56c97f4c7-t7zg4   1m    91Mi   
1781614439
websocket-server-56c97f4c7-25ccs   1m    34Mi   
websocket-server-56c97f4c7-6q5vs   1m    97Mi   
websocket-server-56c97f4c7-85qnb   1m    31Mi   
websocket-server-56c97f4c7-c2pwq   1m    32Mi   
websocket-server-56c97f4c7-cm62k   1m    29Mi   
websocket-server-56c97f4c7-hs886   0m    27Mi   
websocket-server-56c97f4c7-qkvhs   0m    28Mi   
websocket-server-56c97f4c7-t7zg4   1m    91Mi   
1781614444
websocket-server-56c97f4c7-25ccs   1m    34Mi   
websocket-server-56c97f4c7-6q5vs   1m    97Mi   
websocket-server-56c97f4c7-85qnb   1m    31Mi   
websocket-server-56c97f4c7-c2pwq   1m    32Mi   
websocket-server-56c97f4c7-cm62k   1m    29Mi   
websocket-server-56c97f4c7-hs886   0m    27Mi   
websocket-server-56c97f4c7-qkvhs   0m    28Mi   
websocket-server-56c97f4c7-t7zg4   1m    91Mi   
1781614449
websocket-server-56c97f4c7-25ccs   1m    34Mi   
websocket-server-56c97f4c7-6q5vs   1m    97Mi   
websocket-server-56c97f4c7-85qnb   1m    31Mi   
websocket-server-56c97f4c7-c2pwq   1m    32Mi   
websocket-server-56c97f4c7-cm62k   1m    29Mi   
websocket-server-56c97f4c7-hs886   0m    27Mi   
websocket-server-56c97f4c7-qkvhs   0m    28Mi   
websocket-server-56c97f4c7-t7zg4   1m    91Mi   
1781614454
websocket-server-56c97f4c7-25ccs   1m    34Mi   
websocket-server-56c97f4c7-6q5vs   1m    97Mi   
websocket-server-56c97f4c7-85qnb   1m    31Mi   
websocket-server-56c97f4c7-c2pwq   1m    32Mi   
websocket-server-56c97f4c7-cm62k   1m    29Mi   
websocket-server-56c97f4c7-hs886   0m    27Mi   
websocket-server-56c97f4c7-qkvhs   1m    28Mi   
websocket-server-56c97f4c7-t7zg4   1m    91Mi   
1781614459
websocket-server-56c97f4c7-25ccs   1m    34Mi   
websocket-server-56c97f4c7-6q5vs   1m    97Mi   
websocket-server-56c97f4c7-85qnb   1m    31Mi   
websocket-server-56c97f4c7-c2pwq   1m    32Mi   
websocket-server-56c97f4c7-cm62k   1m    29Mi   
websocket-server-56c97f4c7-hs886   0m    27Mi   
websocket-server-56c97f4c7-qkvhs   1m    28Mi   
websocket-server-56c97f4c7-t7zg4   1m    91Mi   
1781614464
websocket-server-56c97f4c7-25ccs   1m    34Mi   
websocket-server-56c97f4c7-6q5vs   1m    97Mi   
websocket-server-56c97f4c7-85qnb   1m    31Mi   
websocket-server-56c97f4c7-c2pwq   1m    32Mi   
websocket-server-56c97f4c7-cm62k   1m    29Mi   
websocket-server-56c97f4c7-hs886   0m    27Mi   
websocket-server-56c97f4c7-qkvhs   1m    28Mi   
websocket-server-56c97f4c7-t7zg4   1m    91Mi   
1781614469
websocket-server-56c97f4c7-25ccs   1m    34Mi   
websocket-server-56c97f4c7-6q5vs   1m    97Mi   
websocket-server-56c97f4c7-85qnb   1m    31Mi   
websocket-server-56c97f4c7-c2pwq   1m    32Mi   
websocket-server-56c97f4c7-cm62k   1m    29Mi   
websocket-server-56c97f4c7-hs886   1m    27Mi   
websocket-server-56c97f4c7-qkvhs   1m    28Mi   
websocket-server-56c97f4c7-t7zg4   1m    91Mi   
1781614474
websocket-server-56c97f4c7-25ccs   1m    34Mi   
websocket-server-56c97f4c7-6q5vs   1m    97Mi   
websocket-server-56c97f4c7-85qnb   1m    31Mi   
websocket-server-56c97f4c7-c2pwq   1m    32Mi   
websocket-server-56c97f4c7-cm62k   1m    29Mi   
websocket-server-56c97f4c7-hs886   1m    27Mi   
websocket-server-56c97f4c7-qkvhs   1m    28Mi   
websocket-server-56c97f4c7-t7zg4   1m    91Mi   
1781614479
websocket-server-56c97f4c7-25ccs   1m    34Mi   
websocket-server-56c97f4c7-6q5vs   1m    97Mi   
websocket-server-56c97f4c7-85qnb   1m    31Mi   
websocket-server-56c97f4c7-c2pwq   1m    32Mi   
websocket-server-56c97f4c7-cm62k   1m    29Mi   
websocket-server-56c97f4c7-hs886   1m    27Mi   
websocket-server-56c97f4c7-qkvhs   1m    28Mi   
websocket-server-56c97f4c7-t7zg4   1m    91Mi   
1781614484
websocket-server-56c97f4c7-25ccs   1m    34Mi   
websocket-server-56c97f4c7-6q5vs   1m    97Mi   
websocket-server-56c97f4c7-85qnb   1m    31Mi   
websocket-server-56c97f4c7-c2pwq   1m    32Mi   
websocket-server-56c97f4c7-cm62k   1m    29Mi   
websocket-server-56c97f4c7-hs886   1m    28Mi   
websocket-server-56c97f4c7-qkvhs   1m    28Mi   
websocket-server-56c97f4c7-t7zg4   1m    91Mi   
1781614489
websocket-server-56c97f4c7-25ccs   1m    34Mi   
websocket-server-56c97f4c7-6q5vs   1m    97Mi   
websocket-server-56c97f4c7-85qnb   1m    31Mi   
websocket-server-56c97f4c7-c2pwq   1m    32Mi   
websocket-server-56c97f4c7-cm62k   1m    29Mi   
websocket-server-56c97f4c7-hs886   1m    28Mi   
websocket-server-56c97f4c7-qkvhs   1m    28Mi   
websocket-server-56c97f4c7-t7zg4   1m    91Mi   
1781614495
websocket-server-56c97f4c7-25ccs   1m    34Mi   
websocket-server-56c97f4c7-6q5vs   1m    97Mi   
websocket-server-56c97f4c7-85qnb   1m    31Mi   
websocket-server-56c97f4c7-c2pwq   1m    32Mi   
websocket-server-56c97f4c7-cm62k   1m    29Mi   
websocket-server-56c97f4c7-hs886   1m    28Mi   
websocket-server-56c97f4c7-qkvhs   1m    28Mi   
websocket-server-56c97f4c7-t7zg4   1m    91Mi   
1781614500
websocket-server-56c97f4c7-25ccs   1m    34Mi   
websocket-server-56c97f4c7-6q5vs   1m    97Mi   
websocket-server-56c97f4c7-85qnb   1m    31Mi   
websocket-server-56c97f4c7-c2pwq   1m    32Mi   
websocket-server-56c97f4c7-cm62k   1m    29Mi   
websocket-server-56c97f4c7-hs886   1m    27Mi   
websocket-server-56c97f4c7-qkvhs   1m    28Mi   
websocket-server-56c97f4c7-t7zg4   1m    91Mi   
1781614505
websocket-server-56c97f4c7-25ccs   1m    34Mi   
websocket-server-56c97f4c7-6q5vs   1m    97Mi   
websocket-server-56c97f4c7-85qnb   1m    31Mi   
websocket-server-56c97f4c7-c2pwq   1m    32Mi   
websocket-server-56c97f4c7-cm62k   1m    29Mi   
websocket-server-56c97f4c7-hs886   1m    27Mi   
websocket-server-56c97f4c7-qkvhs   1m    28Mi   
websocket-server-56c97f4c7-t7zg4   1m    91Mi   
1781614510
websocket-server-56c97f4c7-25ccs   1m    34Mi   
websocket-server-56c97f4c7-6q5vs   1m    97Mi   
websocket-server-56c97f4c7-85qnb   1m    31Mi   
websocket-server-56c97f4c7-c2pwq   1m    32Mi   
websocket-server-56c97f4c7-cm62k   1m    29Mi   
websocket-server-56c97f4c7-hs886   1m    27Mi   
websocket-server-56c97f4c7-qkvhs   1m    28Mi   
websocket-server-56c97f4c7-t7zg4   1m    91Mi   
1781614515
websocket-server-56c97f4c7-25ccs   1m    34Mi   
websocket-server-56c97f4c7-6q5vs   1m    97Mi   
websocket-server-56c97f4c7-85qnb   1m    31Mi   
websocket-server-56c97f4c7-c2pwq   1m    32Mi   
websocket-server-56c97f4c7-cm62k   1m    29Mi   
websocket-server-56c97f4c7-hs886   1m    28Mi   
websocket-server-56c97f4c7-qkvhs   1m    28Mi   
websocket-server-56c97f4c7-t7zg4   1m    91Mi   
1781614520
websocket-server-56c97f4c7-25ccs   1m    34Mi   
websocket-server-56c97f4c7-6q5vs   1m    97Mi   
websocket-server-56c97f4c7-85qnb   1m    31Mi   
websocket-server-56c97f4c7-c2pwq   1m    32Mi   
websocket-server-56c97f4c7-cm62k   1m    29Mi   
websocket-server-56c97f4c7-hs886   1m    28Mi   
websocket-server-56c97f4c7-qkvhs   1m    28Mi   
websocket-server-56c97f4c7-t7zg4   1m    91Mi   
1781614525
websocket-server-56c97f4c7-25ccs   1m    34Mi   
websocket-server-56c97f4c7-6q5vs   1m    97Mi   
websocket-server-56c97f4c7-85qnb   1m    31Mi   
websocket-server-56c97f4c7-c2pwq   1m    32Mi   
websocket-server-56c97f4c7-cm62k   1m    29Mi   
websocket-server-56c97f4c7-hs886   1m    28Mi   
websocket-server-56c97f4c7-qkvhs   1m    28Mi   
websocket-server-56c97f4c7-t7zg4   1m    91Mi   
1781614530
websocket-server-56c97f4c7-25ccs   1m    34Mi   
websocket-server-56c97f4c7-6q5vs   1m    97Mi   
websocket-server-56c97f4c7-85qnb   1m    31Mi   
websocket-server-56c97f4c7-c2pwq   1m    32Mi   
websocket-server-56c97f4c7-cm62k   0m    29Mi   
websocket-server-56c97f4c7-hs886   1m    27Mi   
websocket-server-56c97f4c7-qkvhs   1m    28Mi   
websocket-server-56c97f4c7-t7zg4   1m    91Mi   
1781614535
websocket-server-56c97f4c7-25ccs   1m    34Mi   
websocket-server-56c97f4c7-6q5vs   1m    97Mi   
websocket-server-56c97f4c7-85qnb   1m    31Mi   
websocket-server-56c97f4c7-c2pwq   1m    32Mi   
websocket-server-56c97f4c7-cm62k   0m    29Mi   
websocket-server-56c97f4c7-qkvhs   1m    28Mi   
websocket-server-56c97f4c7-t7zg4   1m    91Mi   
1781614540
websocket-server-56c97f4c7-25ccs   1m    34Mi   
websocket-server-56c97f4c7-6q5vs   1m    97Mi   
websocket-server-56c97f4c7-85qnb   1m    31Mi   
websocket-server-56c97f4c7-c2pwq   1m    32Mi   
websocket-server-56c97f4c7-t7zg4   1m    91Mi   
1781614545
websocket-server-56c97f4c7-6q5vs   1m    97Mi   
websocket-server-56c97f4c7-c2pwq   1m    32Mi   
websocket-server-56c97f4c7-t7zg4   1m    91Mi   
