1781580661
websocket-server-56c97f4c7-4qn7k   29m   27Mi   
websocket-server-56c97f4c7-6gs9r   21m   27Mi   
1781580666
websocket-server-56c97f4c7-4qn7k   29m   27Mi   
websocket-server-56c97f4c7-6gs9r   21m   27Mi   
1781580671
websocket-server-56c97f4c7-4qn7k   29m   27Mi   
websocket-server-56c97f4c7-6gs9r   21m   27Mi   
1781580676
websocket-server-56c97f4c7-4qn7k   1m    27Mi   
websocket-server-56c97f4c7-6gs9r   1m    27Mi   
1781580681
websocket-server-56c97f4c7-4qn7k   1m    27Mi   
websocket-server-56c97f4c7-6gs9r   1m    27Mi   
1781580686
websocket-server-56c97f4c7-4qn7k   1m    27Mi   
websocket-server-56c97f4c7-6gs9r   1m    27Mi   
1781580691
websocket-server-56c97f4c7-4qn7k   5m    31Mi   
websocket-server-56c97f4c7-6gs9r   3m    30Mi   
1781580696
websocket-server-56c97f4c7-4qn7k   5m    31Mi   
websocket-server-56c97f4c7-6gs9r   3m    30Mi   
1781580701
websocket-server-56c97f4c7-4qn7k   5m    31Mi   
websocket-server-56c97f4c7-6gs9r   3m    30Mi   
1781580707
websocket-server-56c97f4c7-4qn7k   8m    36Mi   
websocket-server-56c97f4c7-6gs9r   7m    35Mi   
1781580712
websocket-server-56c97f4c7-4qn7k   8m    36Mi   
websocket-server-56c97f4c7-6gs9r   7m    35Mi   
1781580717
websocket-server-56c97f4c7-4qn7k   8m    36Mi   
websocket-server-56c97f4c7-6gs9r   7m    35Mi   
1781580722
websocket-server-56c97f4c7-4qn7k   11m   39Mi   
websocket-server-56c97f4c7-6gs9r   9m    38Mi   
websocket-server-56c97f4c7-km6ts   3m    29Mi   
1781580727
websocket-server-56c97f4c7-4qn7k   11m   39Mi   
websocket-server-56c97f4c7-6gs9r   9m    38Mi   
websocket-server-56c97f4c7-km6ts   3m    29Mi   
1781580732
websocket-server-56c97f4c7-4qn7k   11m   41Mi   
websocket-server-56c97f4c7-5h58l   18m   28Mi   
websocket-server-56c97f4c7-6gs9r   10m   40Mi   
websocket-server-56c97f4c7-bddwk   2m    28Mi   
websocket-server-56c97f4c7-km6ts   4m    31Mi   
1781580737
websocket-server-56c97f4c7-4qn7k   11m   41Mi   
websocket-server-56c97f4c7-5h58l   18m   28Mi   
websocket-server-56c97f4c7-6gs9r   10m   40Mi   
websocket-server-56c97f4c7-bddwk   2m    28Mi   
websocket-server-56c97f4c7-km6ts   4m    31Mi   
1781580742
websocket-server-56c97f4c7-4qn7k   11m   41Mi   
websocket-server-56c97f4c7-5h58l   18m   28Mi   
websocket-server-56c97f4c7-6gs9r   10m   40Mi   
websocket-server-56c97f4c7-bddwk   2m    28Mi   
websocket-server-56c97f4c7-km6ts   4m    31Mi   
1781580747
websocket-server-56c97f4c7-4qn7k   12m   42Mi   
websocket-server-56c97f4c7-559nw   2m    28Mi   
websocket-server-56c97f4c7-5h58l   3m    30Mi   
websocket-server-56c97f4c7-6gs9r   11m   41Mi   
websocket-server-56c97f4c7-bddwk   2m    28Mi   
websocket-server-56c97f4c7-km6ts   5m    32Mi   
1781580752
websocket-server-56c97f4c7-4qn7k   12m   42Mi   
websocket-server-56c97f4c7-559nw   2m    28Mi   
websocket-server-56c97f4c7-5h58l   3m    30Mi   
websocket-server-56c97f4c7-6gs9r   11m   41Mi   
websocket-server-56c97f4c7-bddwk   2m    28Mi   
websocket-server-56c97f4c7-km6ts   5m    32Mi   
1781580757
websocket-server-56c97f4c7-4qn7k   12m   42Mi   
websocket-server-56c97f4c7-559nw   2m    28Mi   
websocket-server-56c97f4c7-5h58l   3m    30Mi   
websocket-server-56c97f4c7-6gs9r   11m   41Mi   
websocket-server-56c97f4c7-bddwk   2m    28Mi   
websocket-server-56c97f4c7-km6ts   5m    32Mi   
1781580762
websocket-server-56c97f4c7-4qn7k   12m   42Mi   
websocket-server-56c97f4c7-559nw   2m    29Mi   
websocket-server-56c97f4c7-5h58l   4m    31Mi   
websocket-server-56c97f4c7-6gs9r   12m   42Mi   
websocket-server-56c97f4c7-bddwk   4m    31Mi   
websocket-server-56c97f4c7-hgrpp   18m   28Mi   
websocket-server-56c97f4c7-km6ts   5m    33Mi   
1781580767
websocket-server-56c97f4c7-4qn7k   12m   42Mi   
websocket-server-56c97f4c7-559nw   2m    29Mi   
websocket-server-56c97f4c7-5h58l   4m    31Mi   
websocket-server-56c97f4c7-6gs9r   12m   42Mi   
websocket-server-56c97f4c7-bddwk   4m    31Mi   
websocket-server-56c97f4c7-hgrpp   18m   28Mi   
websocket-server-56c97f4c7-km6ts   5m    33Mi   
1781580772
websocket-server-56c97f4c7-4qn7k   12m   42Mi   
websocket-server-56c97f4c7-559nw   2m    29Mi   
websocket-server-56c97f4c7-5h58l   4m    31Mi   
websocket-server-56c97f4c7-6gs9r   12m   42Mi   
websocket-server-56c97f4c7-bddwk   4m    31Mi   
websocket-server-56c97f4c7-hgrpp   18m   28Mi   
websocket-server-56c97f4c7-km6ts   5m    33Mi   
1781580777
websocket-server-56c97f4c7-4qn7k   13m   42Mi   
websocket-server-56c97f4c7-559nw   2m    29Mi   
websocket-server-56c97f4c7-5h58l   5m    31Mi   
websocket-server-56c97f4c7-6gs9r   13m   43Mi   
websocket-server-56c97f4c7-bddwk   4m    31Mi   
websocket-server-56c97f4c7-hgrpp   1m    28Mi   
websocket-server-56c97f4c7-km6ts   6m    33Mi   
websocket-server-56c97f4c7-vbmxz   1m    27Mi   
1781580782
websocket-server-56c97f4c7-4qn7k   13m   42Mi   
websocket-server-56c97f4c7-559nw   2m    29Mi   
websocket-server-56c97f4c7-5h58l   5m    31Mi   
websocket-server-56c97f4c7-6gs9r   13m   43Mi   
websocket-server-56c97f4c7-bddwk   4m    31Mi   
websocket-server-56c97f4c7-hgrpp   1m    28Mi   
websocket-server-56c97f4c7-km6ts   6m    33Mi   
websocket-server-56c97f4c7-vbmxz   1m    27Mi   
1781580787
websocket-server-56c97f4c7-4qn7k   13m   42Mi   
websocket-server-56c97f4c7-559nw   2m    29Mi   
websocket-server-56c97f4c7-5h58l   5m    31Mi   
websocket-server-56c97f4c7-6gs9r   13m   43Mi   
websocket-server-56c97f4c7-bddwk   4m    31Mi   
websocket-server-56c97f4c7-hgrpp   1m    28Mi   
websocket-server-56c97f4c7-km6ts   6m    33Mi   
websocket-server-56c97f4c7-vbmxz   1m    27Mi   
1781580792
websocket-server-56c97f4c7-4qn7k   13m   42Mi   
websocket-server-56c97f4c7-559nw   2m    29Mi   
websocket-server-56c97f4c7-5h58l   4m    31Mi   
websocket-server-56c97f4c7-6gs9r   13m   43Mi   
websocket-server-56c97f4c7-bddwk   4m    31Mi   
websocket-server-56c97f4c7-hgrpp   1m    28Mi   
websocket-server-56c97f4c7-km6ts   4m    33Mi   
websocket-server-56c97f4c7-vbmxz   1m    27Mi   
1781580797
websocket-server-56c97f4c7-4qn7k   13m   42Mi   
websocket-server-56c97f4c7-559nw   2m    29Mi   
websocket-server-56c97f4c7-5h58l   4m    31Mi   
websocket-server-56c97f4c7-6gs9r   13m   43Mi   
websocket-server-56c97f4c7-bddwk   4m    31Mi   
websocket-server-56c97f4c7-hgrpp   1m    28Mi   
websocket-server-56c97f4c7-km6ts   4m    33Mi   
websocket-server-56c97f4c7-vbmxz   1m    27Mi   
1781580803
websocket-server-56c97f4c7-4qn7k   13m   42Mi   
websocket-server-56c97f4c7-559nw   2m    29Mi   
websocket-server-56c97f4c7-5h58l   4m    31Mi   
websocket-server-56c97f4c7-6gs9r   13m   43Mi   
websocket-server-56c97f4c7-bddwk   4m    31Mi   
websocket-server-56c97f4c7-hgrpp   1m    28Mi   
websocket-server-56c97f4c7-km6ts   4m    33Mi   
websocket-server-56c97f4c7-vbmxz   1m    27Mi   
1781580808
websocket-server-56c97f4c7-4qn7k   6m    42Mi   
websocket-server-56c97f4c7-559nw   1m    29Mi   
websocket-server-56c97f4c7-5h58l   2m    31Mi   
websocket-server-56c97f4c7-6gs9r   6m    42Mi   
websocket-server-56c97f4c7-bddwk   2m    31Mi   
websocket-server-56c97f4c7-hgrpp   1m    28Mi   
websocket-server-56c97f4c7-km6ts   4m    33Mi   
websocket-server-56c97f4c7-vbmxz   1m    27Mi   
1781580813
websocket-server-56c97f4c7-4qn7k   6m    42Mi   
websocket-server-56c97f4c7-559nw   1m    29Mi   
websocket-server-56c97f4c7-5h58l   2m    31Mi   
websocket-server-56c97f4c7-6gs9r   6m    42Mi   
websocket-server-56c97f4c7-bddwk   2m    31Mi   
websocket-server-56c97f4c7-hgrpp   1m    28Mi   
websocket-server-56c97f4c7-km6ts   4m    33Mi   
websocket-server-56c97f4c7-vbmxz   1m    27Mi   
1781580818
websocket-server-56c97f4c7-4qn7k   6m    42Mi   
websocket-server-56c97f4c7-559nw   1m    29Mi   
websocket-server-56c97f4c7-5h58l   2m    31Mi   
websocket-server-56c97f4c7-6gs9r   6m    42Mi   
websocket-server-56c97f4c7-bddwk   2m    31Mi   
websocket-server-56c97f4c7-hgrpp   1m    28Mi   
websocket-server-56c97f4c7-km6ts   4m    33Mi   
websocket-server-56c97f4c7-vbmxz   1m    27Mi   
1781580823
websocket-server-56c97f4c7-4qn7k   4m    42Mi   
websocket-server-56c97f4c7-559nw   1m    29Mi   
websocket-server-56c97f4c7-5h58l   2m    31Mi   
websocket-server-56c97f4c7-6gs9r   4m    42Mi   
websocket-server-56c97f4c7-bddwk   2m    31Mi   
websocket-server-56c97f4c7-hgrpp   1m    28Mi   
websocket-server-56c97f4c7-km6ts   2m    33Mi   
websocket-server-56c97f4c7-vbmxz   1m    27Mi   
1781580828
websocket-server-56c97f4c7-4qn7k   4m    42Mi   
websocket-server-56c97f4c7-559nw   1m    29Mi   
websocket-server-56c97f4c7-5h58l   2m    31Mi   
websocket-server-56c97f4c7-6gs9r   4m    42Mi   
websocket-server-56c97f4c7-bddwk   2m    31Mi   
websocket-server-56c97f4c7-hgrpp   1m    28Mi   
websocket-server-56c97f4c7-km6ts   2m    33Mi   
websocket-server-56c97f4c7-vbmxz   1m    27Mi   
1781580833
websocket-server-56c97f4c7-4qn7k   4m    42Mi   
websocket-server-56c97f4c7-559nw   1m    29Mi   
websocket-server-56c97f4c7-5h58l   2m    31Mi   
websocket-server-56c97f4c7-6gs9r   4m    42Mi   
websocket-server-56c97f4c7-bddwk   2m    31Mi   
websocket-server-56c97f4c7-hgrpp   1m    28Mi   
websocket-server-56c97f4c7-km6ts   2m    33Mi   
websocket-server-56c97f4c7-vbmxz   1m    27Mi   
1781580838
websocket-server-56c97f4c7-4qn7k   4m    42Mi   
websocket-server-56c97f4c7-559nw   1m    29Mi   
websocket-server-56c97f4c7-5h58l   2m    31Mi   
websocket-server-56c97f4c7-6gs9r   4m    42Mi   
websocket-server-56c97f4c7-bddwk   1m    30Mi   
websocket-server-56c97f4c7-hgrpp   1m    28Mi   
websocket-server-56c97f4c7-km6ts   2m    32Mi   
websocket-server-56c97f4c7-vbmxz   1m    27Mi   
1781580843
websocket-server-56c97f4c7-4qn7k   4m    42Mi   
websocket-server-56c97f4c7-559nw   1m    29Mi   
websocket-server-56c97f4c7-5h58l   2m    31Mi   
websocket-server-56c97f4c7-6gs9r   4m    42Mi   
websocket-server-56c97f4c7-bddwk   1m    30Mi   
websocket-server-56c97f4c7-hgrpp   1m    28Mi   
websocket-server-56c97f4c7-km6ts   2m    32Mi   
websocket-server-56c97f4c7-vbmxz   1m    27Mi   
1781580848
websocket-server-56c97f4c7-4qn7k   4m    42Mi   
websocket-server-56c97f4c7-559nw   1m    29Mi   
websocket-server-56c97f4c7-5h58l   2m    31Mi   
websocket-server-56c97f4c7-6gs9r   4m    42Mi   
websocket-server-56c97f4c7-bddwk   1m    30Mi   
websocket-server-56c97f4c7-hgrpp   1m    28Mi   
websocket-server-56c97f4c7-km6ts   2m    32Mi   
websocket-server-56c97f4c7-vbmxz   1m    27Mi   
1781580853
websocket-server-56c97f4c7-4qn7k   10m   41Mi   
websocket-server-56c97f4c7-559nw   2m    29Mi   
websocket-server-56c97f4c7-5h58l   4m    31Mi   
websocket-server-56c97f4c7-6gs9r   11m   42Mi   
websocket-server-56c97f4c7-bddwk   3m    30Mi   
websocket-server-56c97f4c7-hgrpp   1m    28Mi   
websocket-server-56c97f4c7-km6ts   2m    32Mi   
websocket-server-56c97f4c7-vbmxz   0m    27Mi   
1781580858
websocket-server-56c97f4c7-4qn7k   10m   41Mi   
websocket-server-56c97f4c7-559nw   2m    29Mi   
websocket-server-56c97f4c7-5h58l   4m    31Mi   
websocket-server-56c97f4c7-6gs9r   11m   42Mi   
websocket-server-56c97f4c7-bddwk   3m    30Mi   
websocket-server-56c97f4c7-hgrpp   1m    28Mi   
websocket-server-56c97f4c7-km6ts   2m    32Mi   
websocket-server-56c97f4c7-vbmxz   0m    27Mi   
1781580863
websocket-server-56c97f4c7-4qn7k   10m   41Mi   
websocket-server-56c97f4c7-559nw   2m    29Mi   
websocket-server-56c97f4c7-5h58l   4m    31Mi   
websocket-server-56c97f4c7-6gs9r   11m   42Mi   
websocket-server-56c97f4c7-bddwk   3m    30Mi   
websocket-server-56c97f4c7-hgrpp   1m    28Mi   
websocket-server-56c97f4c7-km6ts   2m    32Mi   
websocket-server-56c97f4c7-vbmxz   0m    27Mi   
1781580868
websocket-server-56c97f4c7-4qn7k   1m    41Mi   
websocket-server-56c97f4c7-559nw   1m    29Mi   
websocket-server-56c97f4c7-5h58l   1m    31Mi   
websocket-server-56c97f4c7-6gs9r   1m    42Mi   
websocket-server-56c97f4c7-bddwk   1m    31Mi   
websocket-server-56c97f4c7-hgrpp   1m    28Mi   
websocket-server-56c97f4c7-km6ts   3m    32Mi   
websocket-server-56c97f4c7-vbmxz   1m    27Mi   
1781580873
websocket-server-56c97f4c7-4qn7k   1m    41Mi   
websocket-server-56c97f4c7-559nw   1m    29Mi   
websocket-server-56c97f4c7-5h58l   1m    31Mi   
websocket-server-56c97f4c7-6gs9r   1m    42Mi   
websocket-server-56c97f4c7-bddwk   1m    31Mi   
websocket-server-56c97f4c7-hgrpp   1m    28Mi   
websocket-server-56c97f4c7-km6ts   3m    32Mi   
websocket-server-56c97f4c7-vbmxz   1m    27Mi   
1781580878
websocket-server-56c97f4c7-4qn7k   1m    41Mi   
websocket-server-56c97f4c7-559nw   1m    29Mi   
websocket-server-56c97f4c7-5h58l   1m    31Mi   
websocket-server-56c97f4c7-6gs9r   1m    42Mi   
websocket-server-56c97f4c7-bddwk   1m    31Mi   
websocket-server-56c97f4c7-hgrpp   1m    28Mi   
websocket-server-56c97f4c7-km6ts   3m    32Mi   
websocket-server-56c97f4c7-vbmxz   1m    27Mi   
1781580883
websocket-server-56c97f4c7-4qn7k   1m    41Mi   
websocket-server-56c97f4c7-559nw   1m    29Mi   
websocket-server-56c97f4c7-5h58l   1m    31Mi   
websocket-server-56c97f4c7-6gs9r   1m    42Mi   
websocket-server-56c97f4c7-bddwk   1m    30Mi   
websocket-server-56c97f4c7-hgrpp   1m    28Mi   
websocket-server-56c97f4c7-km6ts   1m    32Mi   
websocket-server-56c97f4c7-vbmxz   1m    27Mi   
1781580888
websocket-server-56c97f4c7-4qn7k   1m    41Mi   
websocket-server-56c97f4c7-559nw   1m    29Mi   
websocket-server-56c97f4c7-5h58l   1m    31Mi   
websocket-server-56c97f4c7-6gs9r   1m    42Mi   
websocket-server-56c97f4c7-bddwk   1m    30Mi   
websocket-server-56c97f4c7-hgrpp   1m    28Mi   
websocket-server-56c97f4c7-km6ts   1m    32Mi   
websocket-server-56c97f4c7-vbmxz   1m    27Mi   
1781580893
websocket-server-56c97f4c7-4qn7k   1m    41Mi   
websocket-server-56c97f4c7-559nw   1m    29Mi   
websocket-server-56c97f4c7-5h58l   1m    31Mi   
websocket-server-56c97f4c7-6gs9r   1m    42Mi   
websocket-server-56c97f4c7-bddwk   1m    30Mi   
websocket-server-56c97f4c7-hgrpp   1m    28Mi   
websocket-server-56c97f4c7-km6ts   1m    32Mi   
websocket-server-56c97f4c7-vbmxz   1m    27Mi   
1781580898
websocket-server-56c97f4c7-4qn7k   1m    41Mi   
websocket-server-56c97f4c7-559nw   1m    29Mi   
websocket-server-56c97f4c7-5h58l   1m    31Mi   
websocket-server-56c97f4c7-6gs9r   1m    42Mi   
websocket-server-56c97f4c7-bddwk   1m    30Mi   
websocket-server-56c97f4c7-hgrpp   1m    28Mi   
websocket-server-56c97f4c7-km6ts   1m    32Mi   
websocket-server-56c97f4c7-vbmxz   1m    27Mi   
1781580903
websocket-server-56c97f4c7-4qn7k   1m    41Mi   
websocket-server-56c97f4c7-559nw   1m    29Mi   
websocket-server-56c97f4c7-5h58l   1m    31Mi   
websocket-server-56c97f4c7-6gs9r   1m    42Mi   
websocket-server-56c97f4c7-bddwk   1m    30Mi   
websocket-server-56c97f4c7-hgrpp   1m    28Mi   
websocket-server-56c97f4c7-km6ts   1m    32Mi   
websocket-server-56c97f4c7-vbmxz   1m    27Mi   
1781580909
websocket-server-56c97f4c7-4qn7k   1m    41Mi   
websocket-server-56c97f4c7-559nw   1m    29Mi   
websocket-server-56c97f4c7-5h58l   1m    31Mi   
websocket-server-56c97f4c7-6gs9r   1m    42Mi   
websocket-server-56c97f4c7-bddwk   1m    30Mi   
websocket-server-56c97f4c7-hgrpp   1m    28Mi   
websocket-server-56c97f4c7-km6ts   1m    32Mi   
websocket-server-56c97f4c7-vbmxz   1m    27Mi   
1781580914
websocket-server-56c97f4c7-4qn7k   1m    41Mi   
websocket-server-56c97f4c7-559nw   1m    29Mi   
websocket-server-56c97f4c7-5h58l   1m    31Mi   
websocket-server-56c97f4c7-6gs9r   1m    42Mi   
websocket-server-56c97f4c7-bddwk   1m    30Mi   
websocket-server-56c97f4c7-hgrpp   1m    28Mi   
websocket-server-56c97f4c7-km6ts   1m    32Mi   
websocket-server-56c97f4c7-vbmxz   1m    28Mi   
1781580919
websocket-server-56c97f4c7-4qn7k   1m    41Mi   
websocket-server-56c97f4c7-559nw   1m    29Mi   
websocket-server-56c97f4c7-5h58l   1m    31Mi   
websocket-server-56c97f4c7-6gs9r   1m    42Mi   
websocket-server-56c97f4c7-bddwk   1m    30Mi   
websocket-server-56c97f4c7-hgrpp   1m    28Mi   
websocket-server-56c97f4c7-km6ts   1m    32Mi   
websocket-server-56c97f4c7-vbmxz   1m    28Mi   
1781580924
websocket-server-56c97f4c7-4qn7k   1m    41Mi   
websocket-server-56c97f4c7-559nw   1m    29Mi   
websocket-server-56c97f4c7-5h58l   1m    31Mi   
websocket-server-56c97f4c7-6gs9r   1m    42Mi   
websocket-server-56c97f4c7-bddwk   1m    30Mi   
websocket-server-56c97f4c7-hgrpp   1m    28Mi   
websocket-server-56c97f4c7-km6ts   1m    32Mi   
websocket-server-56c97f4c7-vbmxz   1m    28Mi   
1781580929
websocket-server-56c97f4c7-4qn7k   2m    42Mi   
websocket-server-56c97f4c7-559nw   2m    30Mi   
websocket-server-56c97f4c7-5h58l   2m    32Mi   
websocket-server-56c97f4c7-6gs9r   1m    42Mi   
websocket-server-56c97f4c7-bddwk   1m    31Mi   
websocket-server-56c97f4c7-hgrpp   1m    28Mi   
websocket-server-56c97f4c7-km6ts   2m    33Mi   
websocket-server-56c97f4c7-vbmxz   2m    28Mi   
1781580934
websocket-server-56c97f4c7-4qn7k   2m    42Mi   
websocket-server-56c97f4c7-559nw   2m    30Mi   
websocket-server-56c97f4c7-5h58l   2m    32Mi   
websocket-server-56c97f4c7-6gs9r   1m    42Mi   
websocket-server-56c97f4c7-bddwk   1m    31Mi   
websocket-server-56c97f4c7-hgrpp   1m    28Mi   
websocket-server-56c97f4c7-km6ts   2m    33Mi   
websocket-server-56c97f4c7-vbmxz   2m    28Mi   
1781580939
websocket-server-56c97f4c7-4qn7k   2m    42Mi   
websocket-server-56c97f4c7-559nw   2m    30Mi   
websocket-server-56c97f4c7-5h58l   2m    32Mi   
websocket-server-56c97f4c7-6gs9r   1m    42Mi   
websocket-server-56c97f4c7-bddwk   1m    31Mi   
websocket-server-56c97f4c7-hgrpp   1m    28Mi   
websocket-server-56c97f4c7-km6ts   2m    33Mi   
websocket-server-56c97f4c7-vbmxz   2m    28Mi   
1781580944
websocket-server-56c97f4c7-4qn7k   3m    43Mi   
websocket-server-56c97f4c7-559nw   3m    31Mi   
websocket-server-56c97f4c7-5h58l   2m    32Mi   
websocket-server-56c97f4c7-6gs9r   2m    43Mi   
websocket-server-56c97f4c7-bddwk   3m    32Mi   
websocket-server-56c97f4c7-hgrpp   2m    29Mi   
websocket-server-56c97f4c7-km6ts   3m    34Mi   
websocket-server-56c97f4c7-vbmxz   2m    29Mi   
1781580949
websocket-server-56c97f4c7-4qn7k   3m    43Mi   
websocket-server-56c97f4c7-559nw   3m    31Mi   
websocket-server-56c97f4c7-5h58l   2m    32Mi   
websocket-server-56c97f4c7-6gs9r   2m    43Mi   
websocket-server-56c97f4c7-bddwk   3m    32Mi   
websocket-server-56c97f4c7-hgrpp   2m    29Mi   
websocket-server-56c97f4c7-km6ts   3m    34Mi   
websocket-server-56c97f4c7-vbmxz   2m    29Mi   
1781580954
websocket-server-56c97f4c7-4qn7k   3m    43Mi   
websocket-server-56c97f4c7-559nw   3m    31Mi   
websocket-server-56c97f4c7-5h58l   2m    32Mi   
websocket-server-56c97f4c7-6gs9r   2m    43Mi   
websocket-server-56c97f4c7-bddwk   3m    32Mi   
websocket-server-56c97f4c7-hgrpp   2m    29Mi   
websocket-server-56c97f4c7-km6ts   3m    34Mi   
websocket-server-56c97f4c7-vbmxz   2m    29Mi   
1781580959
websocket-server-56c97f4c7-4qn7k   3m    44Mi   
websocket-server-56c97f4c7-559nw   4m    32Mi   
websocket-server-56c97f4c7-5h58l   3m    32Mi   
websocket-server-56c97f4c7-6gs9r   4m    45Mi   
websocket-server-56c97f4c7-bddwk   4m    32Mi   
websocket-server-56c97f4c7-hgrpp   3m    30Mi   
websocket-server-56c97f4c7-km6ts   3m    35Mi   
websocket-server-56c97f4c7-vbmxz   3m    29Mi   
1781580964
websocket-server-56c97f4c7-4qn7k   3m    44Mi   
websocket-server-56c97f4c7-559nw   4m    32Mi   
websocket-server-56c97f4c7-5h58l   3m    32Mi   
websocket-server-56c97f4c7-6gs9r   4m    45Mi   
websocket-server-56c97f4c7-bddwk   4m    32Mi   
websocket-server-56c97f4c7-hgrpp   3m    30Mi   
websocket-server-56c97f4c7-km6ts   3m    35Mi   
websocket-server-56c97f4c7-vbmxz   3m    29Mi   
1781580969
websocket-server-56c97f4c7-4qn7k   3m    44Mi   
websocket-server-56c97f4c7-559nw   4m    32Mi   
websocket-server-56c97f4c7-5h58l   3m    32Mi   
websocket-server-56c97f4c7-6gs9r   4m    45Mi   
websocket-server-56c97f4c7-bddwk   4m    32Mi   
websocket-server-56c97f4c7-hgrpp   3m    30Mi   
websocket-server-56c97f4c7-km6ts   3m    35Mi   
websocket-server-56c97f4c7-vbmxz   3m    29Mi   
1781580974
websocket-server-56c97f4c7-4qn7k   4m    45Mi   
websocket-server-56c97f4c7-559nw   5m    32Mi   
websocket-server-56c97f4c7-5h58l   5m    33Mi   
websocket-server-56c97f4c7-6gs9r   4m    45Mi   
websocket-server-56c97f4c7-bddwk   4m    32Mi   
websocket-server-56c97f4c7-hgrpp   4m    31Mi   
websocket-server-56c97f4c7-km6ts   4m    36Mi   
websocket-server-56c97f4c7-vbmxz   3m    30Mi   
1781580979
websocket-server-56c97f4c7-4qn7k   4m    45Mi   
websocket-server-56c97f4c7-559nw   5m    32Mi   
websocket-server-56c97f4c7-5h58l   5m    33Mi   
websocket-server-56c97f4c7-6gs9r   4m    45Mi   
websocket-server-56c97f4c7-bddwk   4m    32Mi   
websocket-server-56c97f4c7-hgrpp   4m    31Mi   
websocket-server-56c97f4c7-km6ts   4m    36Mi   
websocket-server-56c97f4c7-vbmxz   3m    30Mi   
1781580984
websocket-server-56c97f4c7-4qn7k   4m    45Mi   
websocket-server-56c97f4c7-559nw   5m    32Mi   
websocket-server-56c97f4c7-5h58l   5m    33Mi   
websocket-server-56c97f4c7-6gs9r   4m    45Mi   
websocket-server-56c97f4c7-bddwk   4m    32Mi   
websocket-server-56c97f4c7-hgrpp   4m    31Mi   
websocket-server-56c97f4c7-km6ts   4m    36Mi   
websocket-server-56c97f4c7-vbmxz   3m    30Mi   
1781580989
websocket-server-56c97f4c7-4qn7k   5m    46Mi   
websocket-server-56c97f4c7-559nw   6m    33Mi   
websocket-server-56c97f4c7-5h58l   5m    33Mi   
websocket-server-56c97f4c7-6gs9r   6m    47Mi   
websocket-server-56c97f4c7-bddwk   4m    33Mi   
websocket-server-56c97f4c7-hgrpp   5m    32Mi   
websocket-server-56c97f4c7-km6ts   4m    36Mi   
websocket-server-56c97f4c7-vbmxz   3m    30Mi   
websocket-server-56c97f4c7-zzwzn   17m   28Mi   
1781580994
websocket-server-56c97f4c7-4qn7k   5m    46Mi   
websocket-server-56c97f4c7-559nw   6m    33Mi   
websocket-server-56c97f4c7-5h58l   5m    33Mi   
websocket-server-56c97f4c7-6gs9r   6m    47Mi   
websocket-server-56c97f4c7-bddwk   4m    33Mi   
websocket-server-56c97f4c7-hgrpp   5m    32Mi   
websocket-server-56c97f4c7-km6ts   4m    36Mi   
websocket-server-56c97f4c7-zzwzn   17m   28Mi   
1781580999
websocket-server-56c97f4c7-4qn7k   5m    46Mi   
websocket-server-56c97f4c7-559nw   6m    33Mi   
websocket-server-56c97f4c7-5h58l   5m    33Mi   
websocket-server-56c97f4c7-6gs9r   6m    47Mi   
websocket-server-56c97f4c7-hgrpp   5m    32Mi   
websocket-server-56c97f4c7-zzwzn   17m   28Mi   
1781581004
websocket-server-56c97f4c7-4qn7k   6m    47Mi   
websocket-server-56c97f4c7-559nw   7m    34Mi   
websocket-server-56c97f4c7-5h58l   5m    34Mi   
websocket-server-56c97f4c7-6gs9r   7m    48Mi   
websocket-server-56c97f4c7-hgrpp   6m    34Mi   
websocket-server-56c97f4c7-msnc2   23m   28Mi   
websocket-server-56c97f4c7-zzwzn   17m   28Mi   
1781581009
websocket-server-56c97f4c7-4qn7k   6m    47Mi   
websocket-server-56c97f4c7-559nw   7m    34Mi   
websocket-server-56c97f4c7-5h58l   5m    34Mi   
websocket-server-56c97f4c7-6gs9r   7m    48Mi   
websocket-server-56c97f4c7-hgrpp   6m    34Mi   
websocket-server-56c97f4c7-msnc2   23m   28Mi   
websocket-server-56c97f4c7-zzwzn   17m   28Mi   
1781581015
websocket-server-56c97f4c7-4qn7k   6m    47Mi   
websocket-server-56c97f4c7-559nw   7m    34Mi   
websocket-server-56c97f4c7-5h58l   5m    34Mi   
websocket-server-56c97f4c7-6gs9r   7m    48Mi   
websocket-server-56c97f4c7-hgrpp   6m    34Mi   
websocket-server-56c97f4c7-msnc2   23m   28Mi   
websocket-server-56c97f4c7-zzwzn   17m   28Mi   
1781581020
websocket-server-56c97f4c7-4qn7k   7m    49Mi   
websocket-server-56c97f4c7-4w75r   18m   27Mi   
websocket-server-56c97f4c7-559nw   9m    37Mi   
websocket-server-56c97f4c7-5h58l   7m    35Mi   
websocket-server-56c97f4c7-6gs9r   8m    49Mi   
websocket-server-56c97f4c7-fxdsw   20m   28Mi   
websocket-server-56c97f4c7-hgrpp   7m    35Mi   
websocket-server-56c97f4c7-msnc2   2m    29Mi   
websocket-server-56c97f4c7-xsxch   19m   27Mi   
websocket-server-56c97f4c7-zzwzn   3m    29Mi   
1781581025
websocket-server-56c97f4c7-4qn7k   7m    49Mi   
websocket-server-56c97f4c7-4w75r   18m   27Mi   
websocket-server-56c97f4c7-559nw   9m    37Mi   
websocket-server-56c97f4c7-5h58l   7m    35Mi   
websocket-server-56c97f4c7-6gs9r   8m    49Mi   
websocket-server-56c97f4c7-fxdsw   20m   28Mi   
websocket-server-56c97f4c7-hgrpp   7m    35Mi   
websocket-server-56c97f4c7-msnc2   2m    29Mi   
websocket-server-56c97f4c7-xsxch   19m   27Mi   
websocket-server-56c97f4c7-zzwzn   3m    29Mi   
1781581030
websocket-server-56c97f4c7-4qn7k   7m    49Mi   
websocket-server-56c97f4c7-4w75r   18m   27Mi   
websocket-server-56c97f4c7-559nw   9m    37Mi   
websocket-server-56c97f4c7-5h58l   7m    35Mi   
websocket-server-56c97f4c7-6gs9r   8m    49Mi   
websocket-server-56c97f4c7-fxdsw   20m   28Mi   
websocket-server-56c97f4c7-hgrpp   7m    35Mi   
websocket-server-56c97f4c7-msnc2   2m    29Mi   
websocket-server-56c97f4c7-xsxch   19m   27Mi   
websocket-server-56c97f4c7-zzwzn   3m    29Mi   
1781581035
websocket-server-56c97f4c7-4qn7k   7m    48Mi   
websocket-server-56c97f4c7-4w75r   1m    27Mi   
websocket-server-56c97f4c7-559nw   8m    36Mi   
websocket-server-56c97f4c7-5h58l   5m    35Mi   
websocket-server-56c97f4c7-6gs9r   7m    49Mi   
websocket-server-56c97f4c7-fxdsw   1m    28Mi   
websocket-server-56c97f4c7-hgrpp   5m    35Mi   
websocket-server-56c97f4c7-msnc2   2m    29Mi   
websocket-server-56c97f4c7-xsxch   0m    27Mi   
websocket-server-56c97f4c7-zzwzn   3m    30Mi   
1781581040
websocket-server-56c97f4c7-4qn7k   7m    48Mi   
websocket-server-56c97f4c7-4w75r   1m    27Mi   
websocket-server-56c97f4c7-559nw   8m    36Mi   
websocket-server-56c97f4c7-5h58l   5m    35Mi   
websocket-server-56c97f4c7-6gs9r   7m    49Mi   
websocket-server-56c97f4c7-fxdsw   1m    28Mi   
websocket-server-56c97f4c7-hgrpp   5m    35Mi   
websocket-server-56c97f4c7-msnc2   2m    29Mi   
websocket-server-56c97f4c7-xsxch   0m    27Mi   
websocket-server-56c97f4c7-zzwzn   3m    30Mi   
1781581045
websocket-server-56c97f4c7-4qn7k   7m    48Mi   
websocket-server-56c97f4c7-4w75r   1m    27Mi   
websocket-server-56c97f4c7-559nw   8m    36Mi   
websocket-server-56c97f4c7-5h58l   5m    35Mi   
websocket-server-56c97f4c7-6gs9r   7m    49Mi   
websocket-server-56c97f4c7-fxdsw   1m    28Mi   
websocket-server-56c97f4c7-hgrpp   5m    35Mi   
websocket-server-56c97f4c7-msnc2   2m    29Mi   
websocket-server-56c97f4c7-xsxch   0m    27Mi   
websocket-server-56c97f4c7-zzwzn   3m    30Mi   
1781581050
websocket-server-56c97f4c7-4qn7k   2m    48Mi   
websocket-server-56c97f4c7-4w75r   1m    27Mi   
websocket-server-56c97f4c7-559nw   3m    36Mi   
websocket-server-56c97f4c7-5h58l   2m    35Mi   
websocket-server-56c97f4c7-6gs9r   3m    49Mi   
websocket-server-56c97f4c7-fxdsw   1m    28Mi   
websocket-server-56c97f4c7-hgrpp   5m    35Mi   
websocket-server-56c97f4c7-msnc2   1m    29Mi   
websocket-server-56c97f4c7-xsxch   1m    27Mi   
websocket-server-56c97f4c7-zzwzn   1m    29Mi   
1781581055
websocket-server-56c97f4c7-4qn7k   2m    48Mi   
websocket-server-56c97f4c7-4w75r   1m    27Mi   
websocket-server-56c97f4c7-559nw   3m    36Mi   
websocket-server-56c97f4c7-5h58l   2m    35Mi   
websocket-server-56c97f4c7-6gs9r   3m    49Mi   
websocket-server-56c97f4c7-fxdsw   1m    28Mi   
websocket-server-56c97f4c7-hgrpp   5m    35Mi   
websocket-server-56c97f4c7-msnc2   1m    29Mi   
websocket-server-56c97f4c7-xsxch   1m    27Mi   
websocket-server-56c97f4c7-zzwzn   1m    29Mi   
1781581060
websocket-server-56c97f4c7-4qn7k   2m    48Mi   
websocket-server-56c97f4c7-4w75r   1m    27Mi   
websocket-server-56c97f4c7-559nw   3m    36Mi   
websocket-server-56c97f4c7-5h58l   2m    35Mi   
websocket-server-56c97f4c7-6gs9r   3m    49Mi   
websocket-server-56c97f4c7-fxdsw   1m    28Mi   
websocket-server-56c97f4c7-hgrpp   5m    35Mi   
websocket-server-56c97f4c7-msnc2   1m    29Mi   
websocket-server-56c97f4c7-xsxch   1m    27Mi   
websocket-server-56c97f4c7-zzwzn   1m    29Mi   
1781581065
websocket-server-56c97f4c7-4qn7k   2m    48Mi   
websocket-server-56c97f4c7-4w75r   1m    27Mi   
websocket-server-56c97f4c7-559nw   3m    37Mi   
websocket-server-56c97f4c7-5h58l   2m    35Mi   
websocket-server-56c97f4c7-6gs9r   3m    49Mi   
websocket-server-56c97f4c7-fxdsw   1m    28Mi   
websocket-server-56c97f4c7-hgrpp   2m    35Mi   
websocket-server-56c97f4c7-msnc2   1m    29Mi   
websocket-server-56c97f4c7-xsxch   1m    27Mi   
websocket-server-56c97f4c7-zzwzn   1m    30Mi   
1781581070
websocket-server-56c97f4c7-4qn7k   2m    48Mi   
websocket-server-56c97f4c7-4w75r   1m    27Mi   
websocket-server-56c97f4c7-559nw   3m    37Mi   
websocket-server-56c97f4c7-5h58l   2m    35Mi   
websocket-server-56c97f4c7-6gs9r   3m    49Mi   
websocket-server-56c97f4c7-fxdsw   1m    28Mi   
websocket-server-56c97f4c7-hgrpp   2m    35Mi   
websocket-server-56c97f4c7-msnc2   1m    29Mi   
websocket-server-56c97f4c7-xsxch   1m    27Mi   
websocket-server-56c97f4c7-zzwzn   1m    30Mi   
1781581075
websocket-server-56c97f4c7-4qn7k   2m    48Mi   
websocket-server-56c97f4c7-4w75r   1m    27Mi   
websocket-server-56c97f4c7-559nw   3m    37Mi   
websocket-server-56c97f4c7-5h58l   2m    35Mi   
websocket-server-56c97f4c7-6gs9r   3m    49Mi   
websocket-server-56c97f4c7-fxdsw   1m    28Mi   
websocket-server-56c97f4c7-hgrpp   2m    35Mi   
websocket-server-56c97f4c7-msnc2   1m    29Mi   
websocket-server-56c97f4c7-xsxch   1m    27Mi   
websocket-server-56c97f4c7-zzwzn   1m    30Mi   
1781581080
websocket-server-56c97f4c7-4qn7k   2m    48Mi   
websocket-server-56c97f4c7-4w75r   1m    27Mi   
websocket-server-56c97f4c7-559nw   3m    37Mi   
websocket-server-56c97f4c7-5h58l   2m    35Mi   
websocket-server-56c97f4c7-6gs9r   3m    49Mi   
websocket-server-56c97f4c7-fxdsw   1m    28Mi   
websocket-server-56c97f4c7-hgrpp   2m    35Mi   
websocket-server-56c97f4c7-msnc2   1m    29Mi   
websocket-server-56c97f4c7-xsxch   1m    27Mi   
websocket-server-56c97f4c7-zzwzn   1m    29Mi   
1781581085
websocket-server-56c97f4c7-4qn7k   2m    48Mi   
websocket-server-56c97f4c7-4w75r   1m    27Mi   
websocket-server-56c97f4c7-559nw   3m    37Mi   
websocket-server-56c97f4c7-5h58l   2m    35Mi   
websocket-server-56c97f4c7-6gs9r   3m    49Mi   
websocket-server-56c97f4c7-fxdsw   1m    28Mi   
websocket-server-56c97f4c7-hgrpp   2m    35Mi   
websocket-server-56c97f4c7-msnc2   1m    29Mi   
websocket-server-56c97f4c7-xsxch   1m    27Mi   
websocket-server-56c97f4c7-zzwzn   1m    29Mi   
1781581090
websocket-server-56c97f4c7-4qn7k   2m    48Mi   
websocket-server-56c97f4c7-4w75r   1m    27Mi   
websocket-server-56c97f4c7-559nw   3m    37Mi   
websocket-server-56c97f4c7-5h58l   2m    35Mi   
websocket-server-56c97f4c7-6gs9r   3m    49Mi   
websocket-server-56c97f4c7-fxdsw   1m    28Mi   
websocket-server-56c97f4c7-hgrpp   2m    35Mi   
websocket-server-56c97f4c7-msnc2   1m    29Mi   
websocket-server-56c97f4c7-xsxch   1m    27Mi   
websocket-server-56c97f4c7-zzwzn   1m    29Mi   
1781581095
websocket-server-56c97f4c7-4qn7k   2m    48Mi   
websocket-server-56c97f4c7-4w75r   1m    27Mi   
websocket-server-56c97f4c7-559nw   3m    37Mi   
websocket-server-56c97f4c7-5h58l   2m    35Mi   
websocket-server-56c97f4c7-6gs9r   2m    49Mi   
websocket-server-56c97f4c7-fxdsw   2m    28Mi   
websocket-server-56c97f4c7-hgrpp   2m    35Mi   
websocket-server-56c97f4c7-msnc2   1m    29Mi   
websocket-server-56c97f4c7-xsxch   1m    27Mi   
websocket-server-56c97f4c7-zzwzn   2m    29Mi   
1781581100
websocket-server-56c97f4c7-4qn7k   2m    48Mi   
websocket-server-56c97f4c7-4w75r   1m    27Mi   
websocket-server-56c97f4c7-559nw   3m    37Mi   
websocket-server-56c97f4c7-5h58l   2m    35Mi   
websocket-server-56c97f4c7-6gs9r   2m    49Mi   
websocket-server-56c97f4c7-fxdsw   2m    28Mi   
websocket-server-56c97f4c7-hgrpp   2m    35Mi   
websocket-server-56c97f4c7-msnc2   1m    29Mi   
websocket-server-56c97f4c7-xsxch   1m    27Mi   
websocket-server-56c97f4c7-zzwzn   2m    29Mi   
1781581105
websocket-server-56c97f4c7-4qn7k   2m    48Mi   
websocket-server-56c97f4c7-4w75r   1m    27Mi   
websocket-server-56c97f4c7-559nw   3m    37Mi   
websocket-server-56c97f4c7-5h58l   2m    35Mi   
websocket-server-56c97f4c7-6gs9r   2m    49Mi   
websocket-server-56c97f4c7-fxdsw   2m    28Mi   
websocket-server-56c97f4c7-hgrpp   2m    35Mi   
websocket-server-56c97f4c7-msnc2   1m    29Mi   
websocket-server-56c97f4c7-xsxch   1m    27Mi   
websocket-server-56c97f4c7-zzwzn   2m    29Mi   
1781581110
websocket-server-56c97f4c7-4qn7k   5m    48Mi   
websocket-server-56c97f4c7-4w75r   1m    27Mi   
websocket-server-56c97f4c7-559nw   4m    36Mi   
websocket-server-56c97f4c7-5h58l   4m    35Mi   
websocket-server-56c97f4c7-6gs9r   5m    48Mi   
websocket-server-56c97f4c7-fxdsw   1m    28Mi   
websocket-server-56c97f4c7-hgrpp   3m    35Mi   
websocket-server-56c97f4c7-msnc2   2m    29Mi   
websocket-server-56c97f4c7-xsxch   1m    27Mi   
websocket-server-56c97f4c7-zzwzn   2m    29Mi   
1781581115
websocket-server-56c97f4c7-4qn7k   5m    48Mi   
websocket-server-56c97f4c7-4w75r   1m    27Mi   
websocket-server-56c97f4c7-559nw   4m    36Mi   
websocket-server-56c97f4c7-5h58l   4m    35Mi   
websocket-server-56c97f4c7-6gs9r   5m    48Mi   
websocket-server-56c97f4c7-fxdsw   1m    28Mi   
websocket-server-56c97f4c7-hgrpp   3m    35Mi   
websocket-server-56c97f4c7-msnc2   2m    29Mi   
websocket-server-56c97f4c7-xsxch   1m    27Mi   
websocket-server-56c97f4c7-zzwzn   2m    29Mi   
1781581120
websocket-server-56c97f4c7-4qn7k   5m    48Mi   
websocket-server-56c97f4c7-4w75r   1m    27Mi   
websocket-server-56c97f4c7-559nw   4m    36Mi   
websocket-server-56c97f4c7-5h58l   4m    35Mi   
websocket-server-56c97f4c7-6gs9r   5m    48Mi   
websocket-server-56c97f4c7-fxdsw   1m    28Mi   
websocket-server-56c97f4c7-hgrpp   3m    35Mi   
websocket-server-56c97f4c7-msnc2   2m    29Mi   
websocket-server-56c97f4c7-xsxch   1m    27Mi   
websocket-server-56c97f4c7-zzwzn   2m    29Mi   
1781581126
websocket-server-56c97f4c7-4qn7k   1m    48Mi   
websocket-server-56c97f4c7-4w75r   1m    27Mi   
websocket-server-56c97f4c7-559nw   4m    36Mi   
websocket-server-56c97f4c7-5h58l   1m    35Mi   
websocket-server-56c97f4c7-6gs9r   1m    48Mi   
websocket-server-56c97f4c7-fxdsw   1m    28Mi   
websocket-server-56c97f4c7-hgrpp   3m    35Mi   
websocket-server-56c97f4c7-msnc2   1m    29Mi   
websocket-server-56c97f4c7-xsxch   1m    27Mi   
websocket-server-56c97f4c7-zzwzn   2m    29Mi   
1781581131
websocket-server-56c97f4c7-4qn7k   1m    48Mi   
websocket-server-56c97f4c7-4w75r   1m    27Mi   
websocket-server-56c97f4c7-559nw   4m    36Mi   
websocket-server-56c97f4c7-5h58l   1m    35Mi   
websocket-server-56c97f4c7-6gs9r   1m    48Mi   
websocket-server-56c97f4c7-fxdsw   1m    28Mi   
websocket-server-56c97f4c7-hgrpp   3m    35Mi   
websocket-server-56c97f4c7-msnc2   1m    29Mi   
websocket-server-56c97f4c7-xsxch   1m    27Mi   
websocket-server-56c97f4c7-zzwzn   2m    29Mi   
1781581136
websocket-server-56c97f4c7-4qn7k   1m    48Mi   
websocket-server-56c97f4c7-4w75r   1m    27Mi   
websocket-server-56c97f4c7-559nw   4m    36Mi   
websocket-server-56c97f4c7-5h58l   1m    35Mi   
websocket-server-56c97f4c7-6gs9r   1m    48Mi   
websocket-server-56c97f4c7-fxdsw   1m    28Mi   
websocket-server-56c97f4c7-hgrpp   3m    35Mi   
websocket-server-56c97f4c7-msnc2   1m    29Mi   
websocket-server-56c97f4c7-xsxch   1m    27Mi   
websocket-server-56c97f4c7-zzwzn   2m    29Mi   
1781581141
websocket-server-56c97f4c7-4qn7k   1m    48Mi   
websocket-server-56c97f4c7-4w75r   1m    27Mi   
websocket-server-56c97f4c7-559nw   1m    36Mi   
websocket-server-56c97f4c7-5h58l   1m    35Mi   
websocket-server-56c97f4c7-6gs9r   1m    48Mi   
websocket-server-56c97f4c7-fxdsw   1m    28Mi   
websocket-server-56c97f4c7-hgrpp   1m    35Mi   
websocket-server-56c97f4c7-msnc2   1m    29Mi   
websocket-server-56c97f4c7-xsxch   1m    27Mi   
websocket-server-56c97f4c7-zzwzn   1m    29Mi   
1781581146
websocket-server-56c97f4c7-4qn7k   1m    48Mi   
websocket-server-56c97f4c7-4w75r   1m    27Mi   
websocket-server-56c97f4c7-559nw   1m    36Mi   
websocket-server-56c97f4c7-5h58l   1m    35Mi   
websocket-server-56c97f4c7-6gs9r   1m    48Mi   
websocket-server-56c97f4c7-fxdsw   1m    28Mi   
websocket-server-56c97f4c7-hgrpp   1m    35Mi   
websocket-server-56c97f4c7-msnc2   1m    29Mi   
websocket-server-56c97f4c7-xsxch   1m    27Mi   
websocket-server-56c97f4c7-zzwzn   1m    29Mi   
1781581151
websocket-server-56c97f4c7-4qn7k   1m    48Mi   
websocket-server-56c97f4c7-4w75r   1m    27Mi   
websocket-server-56c97f4c7-559nw   1m    36Mi   
websocket-server-56c97f4c7-5h58l   1m    35Mi   
websocket-server-56c97f4c7-6gs9r   1m    48Mi   
websocket-server-56c97f4c7-fxdsw   1m    28Mi   
websocket-server-56c97f4c7-hgrpp   1m    35Mi   
websocket-server-56c97f4c7-msnc2   1m    29Mi   
websocket-server-56c97f4c7-xsxch   1m    27Mi   
websocket-server-56c97f4c7-zzwzn   1m    29Mi   
1781581156
websocket-server-56c97f4c7-4qn7k   1m    48Mi   
websocket-server-56c97f4c7-4w75r   1m    27Mi   
websocket-server-56c97f4c7-559nw   1m    36Mi   
websocket-server-56c97f4c7-5h58l   1m    35Mi   
websocket-server-56c97f4c7-6gs9r   1m    48Mi   
websocket-server-56c97f4c7-fxdsw   1m    28Mi   
websocket-server-56c97f4c7-hgrpp   1m    35Mi   
websocket-server-56c97f4c7-msnc2   1m    29Mi   
websocket-server-56c97f4c7-zzwzn   1m    29Mi   
1781581161
websocket-server-56c97f4c7-4qn7k   1m    48Mi   
websocket-server-56c97f4c7-4w75r   1m    27Mi   
websocket-server-56c97f4c7-559nw   1m    36Mi   
websocket-server-56c97f4c7-5h58l   1m    35Mi   
websocket-server-56c97f4c7-6gs9r   1m    48Mi   
websocket-server-56c97f4c7-fxdsw   1m    28Mi   
websocket-server-56c97f4c7-hgrpp   1m    35Mi   
websocket-server-56c97f4c7-msnc2   1m    29Mi   
websocket-server-56c97f4c7-zzwzn   1m    29Mi   
1781581166
websocket-server-56c97f4c7-4qn7k   1m    48Mi   
websocket-server-56c97f4c7-4w75r   1m    27Mi   
websocket-server-56c97f4c7-559nw   1m    36Mi   
websocket-server-56c97f4c7-5h58l   1m    35Mi   
websocket-server-56c97f4c7-6gs9r   1m    48Mi   
websocket-server-56c97f4c7-fxdsw   1m    28Mi   
websocket-server-56c97f4c7-hgrpp   1m    35Mi   
websocket-server-56c97f4c7-msnc2   1m    29Mi   
websocket-server-56c97f4c7-zzwzn   1m    29Mi   
1781581171
websocket-server-56c97f4c7-4qn7k   1m    48Mi   
websocket-server-56c97f4c7-4w75r   1m    27Mi   
websocket-server-56c97f4c7-559nw   1m    36Mi   
websocket-server-56c97f4c7-5h58l   1m    35Mi   
websocket-server-56c97f4c7-6gs9r   1m    49Mi   
websocket-server-56c97f4c7-fxdsw   1m    28Mi   
websocket-server-56c97f4c7-hgrpp   1m    35Mi   
websocket-server-56c97f4c7-msnc2   1m    29Mi   
websocket-server-56c97f4c7-zzwzn   1m    29Mi   
1781581176
websocket-server-56c97f4c7-4qn7k   1m    48Mi   
websocket-server-56c97f4c7-559nw   1m    36Mi   
websocket-server-56c97f4c7-5h58l   1m    35Mi   
websocket-server-56c97f4c7-6gs9r   1m    49Mi   
websocket-server-56c97f4c7-fxdsw   1m    28Mi   
websocket-server-56c97f4c7-hgrpp   1m    35Mi   
websocket-server-56c97f4c7-msnc2   1m    29Mi   
websocket-server-56c97f4c7-zzwzn   1m    29Mi   
1781581181
websocket-server-56c97f4c7-4qn7k   1m    48Mi   
websocket-server-56c97f4c7-559nw   1m    36Mi   
websocket-server-56c97f4c7-5h58l   1m    35Mi   
websocket-server-56c97f4c7-6gs9r   1m    49Mi   
websocket-server-56c97f4c7-fxdsw   1m    28Mi   
websocket-server-56c97f4c7-hgrpp   1m    35Mi   
websocket-server-56c97f4c7-msnc2   1m    29Mi   
websocket-server-56c97f4c7-zzwzn   1m    29Mi   
1781581186
websocket-server-56c97f4c7-4qn7k   1m    48Mi   
websocket-server-56c97f4c7-559nw   1m    36Mi   
websocket-server-56c97f4c7-5h58l   1m    35Mi   
websocket-server-56c97f4c7-6gs9r   0m    48Mi   
websocket-server-56c97f4c7-fxdsw   1m    28Mi   
websocket-server-56c97f4c7-hgrpp   1m    35Mi   
websocket-server-56c97f4c7-msnc2   1m    29Mi   
websocket-server-56c97f4c7-zzwzn   1m    29Mi   
1781581191
websocket-server-56c97f4c7-4qn7k   1m    48Mi   
websocket-server-56c97f4c7-559nw   1m    36Mi   
websocket-server-56c97f4c7-5h58l   1m    35Mi   
websocket-server-56c97f4c7-6gs9r   0m    48Mi   
websocket-server-56c97f4c7-fxdsw   1m    28Mi   
websocket-server-56c97f4c7-hgrpp   1m    35Mi   
websocket-server-56c97f4c7-msnc2   1m    29Mi   
websocket-server-56c97f4c7-zzwzn   1m    29Mi   
1781581196
websocket-server-56c97f4c7-4qn7k   1m    48Mi   
websocket-server-56c97f4c7-559nw   1m    36Mi   
websocket-server-56c97f4c7-5h58l   1m    35Mi   
websocket-server-56c97f4c7-6gs9r   0m    48Mi   
websocket-server-56c97f4c7-fxdsw   1m    28Mi   
websocket-server-56c97f4c7-hgrpp   1m    35Mi   
websocket-server-56c97f4c7-msnc2   1m    29Mi   
websocket-server-56c97f4c7-zzwzn   1m    29Mi   
1781581201
websocket-server-56c97f4c7-4qn7k   1m    48Mi   
websocket-server-56c97f4c7-559nw   1m    36Mi   
websocket-server-56c97f4c7-5h58l   1m    35Mi   
websocket-server-56c97f4c7-6gs9r   1m    48Mi   
websocket-server-56c97f4c7-fxdsw   1m    28Mi   
websocket-server-56c97f4c7-hgrpp   1m    35Mi   
websocket-server-56c97f4c7-msnc2   0m    29Mi   
websocket-server-56c97f4c7-zzwzn   1m    29Mi   
1781581206
websocket-server-56c97f4c7-4qn7k   1m    48Mi   
websocket-server-56c97f4c7-559nw   1m    36Mi   
websocket-server-56c97f4c7-5h58l   1m    35Mi   
websocket-server-56c97f4c7-6gs9r   1m    48Mi   
websocket-server-56c97f4c7-fxdsw   1m    28Mi   
websocket-server-56c97f4c7-hgrpp   1m    35Mi   
websocket-server-56c97f4c7-msnc2   0m    29Mi   
websocket-server-56c97f4c7-zzwzn   1m    29Mi   
1781581211
websocket-server-56c97f4c7-4qn7k   1m    48Mi   
websocket-server-56c97f4c7-559nw   1m    36Mi   
websocket-server-56c97f4c7-5h58l   1m    35Mi   
websocket-server-56c97f4c7-6gs9r   1m    48Mi   
websocket-server-56c97f4c7-fxdsw   1m    28Mi   
websocket-server-56c97f4c7-hgrpp   1m    35Mi   
websocket-server-56c97f4c7-msnc2   0m    29Mi   
websocket-server-56c97f4c7-zzwzn   1m    29Mi   
1781581216
websocket-server-56c97f4c7-4qn7k   1m    48Mi   
websocket-server-56c97f4c7-559nw   1m    36Mi   
websocket-server-56c97f4c7-5h58l   1m    35Mi   
websocket-server-56c97f4c7-6gs9r   1m    48Mi   
websocket-server-56c97f4c7-fxdsw   1m    28Mi   
websocket-server-56c97f4c7-hgrpp   1m    35Mi   
websocket-server-56c97f4c7-msnc2   0m    29Mi   
websocket-server-56c97f4c7-zzwzn   1m    29Mi   
1781581221
websocket-server-56c97f4c7-4qn7k   1m    48Mi   
websocket-server-56c97f4c7-559nw   1m    36Mi   
websocket-server-56c97f4c7-5h58l   1m    35Mi   
websocket-server-56c97f4c7-6gs9r   1m    48Mi   
websocket-server-56c97f4c7-fxdsw   1m    28Mi   
websocket-server-56c97f4c7-hgrpp   1m    35Mi   
websocket-server-56c97f4c7-msnc2   0m    29Mi   
websocket-server-56c97f4c7-zzwzn   1m    29Mi   
1781581226
websocket-server-56c97f4c7-4qn7k   1m    48Mi   
websocket-server-56c97f4c7-559nw   1m    36Mi   
websocket-server-56c97f4c7-5h58l   1m    35Mi   
websocket-server-56c97f4c7-6gs9r   1m    48Mi   
websocket-server-56c97f4c7-fxdsw   1m    28Mi   
websocket-server-56c97f4c7-hgrpp   1m    35Mi   
websocket-server-56c97f4c7-msnc2   0m    29Mi   
websocket-server-56c97f4c7-zzwzn   1m    29Mi   
1781581231
websocket-server-56c97f4c7-4qn7k   1m    48Mi   
websocket-server-56c97f4c7-559nw   1m    36Mi   
websocket-server-56c97f4c7-5h58l   1m    35Mi   
websocket-server-56c97f4c7-6gs9r   1m    48Mi   
websocket-server-56c97f4c7-fxdsw   1m    28Mi   
websocket-server-56c97f4c7-hgrpp   1m    35Mi   
websocket-server-56c97f4c7-zzwzn   1m    29Mi   
1781581237
websocket-server-56c97f4c7-4qn7k   1m    48Mi   
websocket-server-56c97f4c7-559nw   1m    36Mi   
websocket-server-56c97f4c7-5h58l   1m    35Mi   
websocket-server-56c97f4c7-6gs9r   1m    48Mi   
websocket-server-56c97f4c7-hgrpp   1m    35Mi   
1781581242
websocket-server-56c97f4c7-4qn7k   1m    48Mi   
websocket-server-56c97f4c7-5h58l   1m    35Mi   
websocket-server-56c97f4c7-6gs9r   1m    48Mi   
1781581247
websocket-server-56c97f4c7-4qn7k   1m    48Mi   
websocket-server-56c97f4c7-6gs9r   1m    48Mi   
