1781609019
websocket-server-56c97f4c7-6q5vs   0m    50Mi   
websocket-server-56c97f4c7-t7zg4   1m    42Mi   
1781609025
websocket-server-56c97f4c7-6q5vs   1m    50Mi   
websocket-server-56c97f4c7-t7zg4   1m    42Mi   
1781609030
websocket-server-56c97f4c7-6q5vs   1m    50Mi   
websocket-server-56c97f4c7-t7zg4   1m    42Mi   
1781609035
websocket-server-56c97f4c7-6q5vs   1m    50Mi   
websocket-server-56c97f4c7-t7zg4   1m    42Mi   
1781609040
websocket-server-56c97f4c7-6q5vs   1m    50Mi   
websocket-server-56c97f4c7-t7zg4   1m    42Mi   
1781609045
websocket-server-56c97f4c7-6q5vs   1m    50Mi   
websocket-server-56c97f4c7-t7zg4   1m    42Mi   
1781609050
websocket-server-56c97f4c7-6q5vs   1m    50Mi   
websocket-server-56c97f4c7-t7zg4   1m    42Mi   
1781609055
websocket-server-56c97f4c7-6q5vs   5m    52Mi   
websocket-server-56c97f4c7-t7zg4   3m    43Mi   
1781609060
websocket-server-56c97f4c7-6q5vs   5m    52Mi   
websocket-server-56c97f4c7-t7zg4   3m    43Mi   
1781609065
websocket-server-56c97f4c7-6q5vs   5m    52Mi   
websocket-server-56c97f4c7-t7zg4   3m    43Mi   
1781609070
websocket-server-56c97f4c7-6q5vs   12m   55Mi   
websocket-server-56c97f4c7-t7zg4   10m   44Mi   
1781609075
websocket-server-56c97f4c7-6q5vs   12m   55Mi   
websocket-server-56c97f4c7-t7zg4   10m   44Mi   
1781609080
websocket-server-56c97f4c7-6q5vs   12m   55Mi   
websocket-server-56c97f4c7-t7zg4   10m   44Mi   
1781609085
websocket-server-56c97f4c7-6q5vs   15m   56Mi   
websocket-server-56c97f4c7-jm8hh   26m   28Mi   
websocket-server-56c97f4c7-t7zg4   14m   46Mi   
1781609090
websocket-server-56c97f4c7-6q5vs   15m   56Mi   
websocket-server-56c97f4c7-jm8hh   26m   28Mi   
websocket-server-56c97f4c7-t7zg4   14m   46Mi   
1781609095
websocket-server-56c97f4c7-6q5vs   15m   56Mi   
websocket-server-56c97f4c7-jm8hh   26m   28Mi   
websocket-server-56c97f4c7-t7zg4   14m   46Mi   
1781609100
websocket-server-56c97f4c7-6mb59   4m    29Mi   
websocket-server-56c97f4c7-6q5vs   17m   59Mi   
websocket-server-56c97f4c7-jm8hh   7m    31Mi   
websocket-server-56c97f4c7-t7zg4   14m   46Mi   
1781609105
websocket-server-56c97f4c7-6mb59   4m    29Mi   
websocket-server-56c97f4c7-6q5vs   17m   59Mi   
websocket-server-56c97f4c7-jm8hh   7m    31Mi   
websocket-server-56c97f4c7-t7zg4   14m   46Mi   
1781609110
websocket-server-56c97f4c7-6mb59   4m    29Mi   
websocket-server-56c97f4c7-6q5vs   17m   59Mi   
websocket-server-56c97f4c7-jm8hh   7m    31Mi   
websocket-server-56c97f4c7-t7zg4   14m   46Mi   
1781609115
websocket-server-56c97f4c7-6mb59   4m    29Mi   
websocket-server-56c97f4c7-6q5vs   18m   61Mi   
websocket-server-56c97f4c7-jm8hh   7m    33Mi   
websocket-server-56c97f4c7-t7zg4   15m   48Mi   
websocket-server-56c97f4c7-vbw77   3m    29Mi   
1781609121
websocket-server-56c97f4c7-6mb59   4m    29Mi   
websocket-server-56c97f4c7-6q5vs   18m   61Mi   
websocket-server-56c97f4c7-jm8hh   7m    33Mi   
websocket-server-56c97f4c7-t7zg4   15m   48Mi   
websocket-server-56c97f4c7-vbw77   3m    29Mi   
1781609126
websocket-server-56c97f4c7-6mb59   4m    29Mi   
websocket-server-56c97f4c7-6q5vs   18m   61Mi   
websocket-server-56c97f4c7-jm8hh   7m    33Mi   
websocket-server-56c97f4c7-t7zg4   15m   48Mi   
websocket-server-56c97f4c7-vbw77   3m    29Mi   
1781609131
websocket-server-56c97f4c7-6mb59   6m    31Mi   
websocket-server-56c97f4c7-6q5vs   19m   62Mi   
websocket-server-56c97f4c7-jm8hh   9m    34Mi   
websocket-server-56c97f4c7-lt588   2m    28Mi   
websocket-server-56c97f4c7-t7zg4   16m   49Mi   
websocket-server-56c97f4c7-vbw77   4m    29Mi   
websocket-server-56c97f4c7-xqm6t   24m   28Mi   
1781609136
websocket-server-56c97f4c7-6mb59   6m    31Mi   
websocket-server-56c97f4c7-6q5vs   19m   62Mi   
websocket-server-56c97f4c7-jm8hh   9m    34Mi   
websocket-server-56c97f4c7-lt588   2m    28Mi   
websocket-server-56c97f4c7-t7zg4   16m   49Mi   
websocket-server-56c97f4c7-vbw77   4m    29Mi   
websocket-server-56c97f4c7-xqm6t   24m   28Mi   
1781609141
websocket-server-56c97f4c7-6mb59   6m    31Mi   
websocket-server-56c97f4c7-6q5vs   19m   62Mi   
websocket-server-56c97f4c7-jm8hh   9m    34Mi   
websocket-server-56c97f4c7-lt588   2m    28Mi   
websocket-server-56c97f4c7-t7zg4   16m   49Mi   
websocket-server-56c97f4c7-vbw77   4m    29Mi   
websocket-server-56c97f4c7-xqm6t   24m   28Mi   
1781609146
websocket-server-56c97f4c7-6mb59   8m    32Mi   
websocket-server-56c97f4c7-6q5vs   18m   62Mi   
websocket-server-56c97f4c7-9xzft   1m    27Mi   
websocket-server-56c97f4c7-jm8hh   9m    34Mi   
websocket-server-56c97f4c7-lt588   2m    28Mi   
websocket-server-56c97f4c7-t7zg4   16m   49Mi   
websocket-server-56c97f4c7-vbw77   4m    30Mi   
websocket-server-56c97f4c7-xqm6t   2m    28Mi   
1781609151
websocket-server-56c97f4c7-6mb59   8m    32Mi   
websocket-server-56c97f4c7-6q5vs   18m   62Mi   
websocket-server-56c97f4c7-9xzft   1m    27Mi   
websocket-server-56c97f4c7-jm8hh   9m    34Mi   
websocket-server-56c97f4c7-lt588   2m    28Mi   
websocket-server-56c97f4c7-t7zg4   16m   49Mi   
websocket-server-56c97f4c7-vbw77   4m    30Mi   
websocket-server-56c97f4c7-xqm6t   2m    28Mi   
1781609156
websocket-server-56c97f4c7-6mb59   8m    32Mi   
websocket-server-56c97f4c7-6q5vs   18m   62Mi   
websocket-server-56c97f4c7-9xzft   1m    27Mi   
websocket-server-56c97f4c7-jm8hh   9m    34Mi   
websocket-server-56c97f4c7-lt588   2m    28Mi   
websocket-server-56c97f4c7-t7zg4   16m   49Mi   
websocket-server-56c97f4c7-vbw77   4m    30Mi   
websocket-server-56c97f4c7-xqm6t   2m    28Mi   
1781609161
websocket-server-56c97f4c7-6mb59   7m    32Mi   
websocket-server-56c97f4c7-6q5vs   17m   61Mi   
websocket-server-56c97f4c7-9xzft   1m    27Mi   
websocket-server-56c97f4c7-jm8hh   9m    34Mi   
websocket-server-56c97f4c7-lt588   2m    28Mi   
websocket-server-56c97f4c7-t7zg4   16m   49Mi   
websocket-server-56c97f4c7-vbw77   4m    30Mi   
websocket-server-56c97f4c7-xqm6t   2m    28Mi   
1781609166
websocket-server-56c97f4c7-6mb59   7m    32Mi   
websocket-server-56c97f4c7-6q5vs   17m   61Mi   
websocket-server-56c97f4c7-9xzft   1m    27Mi   
websocket-server-56c97f4c7-jm8hh   9m    34Mi   
websocket-server-56c97f4c7-lt588   2m    28Mi   
websocket-server-56c97f4c7-t7zg4   16m   49Mi   
websocket-server-56c97f4c7-vbw77   4m    30Mi   
websocket-server-56c97f4c7-xqm6t   2m    28Mi   
1781609171
websocket-server-56c97f4c7-6mb59   7m    32Mi   
websocket-server-56c97f4c7-6q5vs   17m   61Mi   
websocket-server-56c97f4c7-9xzft   1m    27Mi   
websocket-server-56c97f4c7-jm8hh   9m    34Mi   
websocket-server-56c97f4c7-lt588   2m    28Mi   
websocket-server-56c97f4c7-t7zg4   16m   49Mi   
websocket-server-56c97f4c7-vbw77   4m    30Mi   
websocket-server-56c97f4c7-xqm6t   2m    28Mi   
1781609176
websocket-server-56c97f4c7-6mb59   5m    32Mi   
websocket-server-56c97f4c7-6q5vs   8m    61Mi   
websocket-server-56c97f4c7-9xzft   1m    27Mi   
websocket-server-56c97f4c7-jm8hh   7m    34Mi   
websocket-server-56c97f4c7-lt588   2m    28Mi   
websocket-server-56c97f4c7-t7zg4   13m   49Mi   
websocket-server-56c97f4c7-vbw77   3m    30Mi   
websocket-server-56c97f4c7-xqm6t   1m    28Mi   
1781609181
websocket-server-56c97f4c7-6mb59   5m    32Mi   
websocket-server-56c97f4c7-6q5vs   8m    61Mi   
websocket-server-56c97f4c7-9xzft   1m    27Mi   
websocket-server-56c97f4c7-jm8hh   7m    34Mi   
websocket-server-56c97f4c7-lt588   2m    28Mi   
websocket-server-56c97f4c7-t7zg4   13m   49Mi   
websocket-server-56c97f4c7-vbw77   3m    30Mi   
websocket-server-56c97f4c7-xqm6t   1m    28Mi   
1781609186
websocket-server-56c97f4c7-6mb59   5m    32Mi   
websocket-server-56c97f4c7-6q5vs   8m    61Mi   
websocket-server-56c97f4c7-9xzft   1m    27Mi   
websocket-server-56c97f4c7-jm8hh   7m    34Mi   
websocket-server-56c97f4c7-lt588   2m    28Mi   
websocket-server-56c97f4c7-t7zg4   13m   49Mi   
websocket-server-56c97f4c7-vbw77   3m    30Mi   
websocket-server-56c97f4c7-xqm6t   1m    28Mi   
1781609191
websocket-server-56c97f4c7-6mb59   2m    32Mi   
websocket-server-56c97f4c7-6q5vs   6m    62Mi   
websocket-server-56c97f4c7-9xzft   1m    27Mi   
websocket-server-56c97f4c7-jm8hh   3m    34Mi   
websocket-server-56c97f4c7-lt588   1m    28Mi   
websocket-server-56c97f4c7-t7zg4   5m    49Mi   
websocket-server-56c97f4c7-vbw77   2m    30Mi   
websocket-server-56c97f4c7-xqm6t   1m    28Mi   
1781609196
websocket-server-56c97f4c7-6mb59   2m    32Mi   
websocket-server-56c97f4c7-6q5vs   6m    62Mi   
websocket-server-56c97f4c7-9xzft   1m    27Mi   
websocket-server-56c97f4c7-jm8hh   3m    34Mi   
websocket-server-56c97f4c7-lt588   1m    28Mi   
websocket-server-56c97f4c7-t7zg4   5m    49Mi   
websocket-server-56c97f4c7-vbw77   2m    30Mi   
websocket-server-56c97f4c7-xqm6t   1m    28Mi   
1781609201
websocket-server-56c97f4c7-6mb59   2m    32Mi   
websocket-server-56c97f4c7-6q5vs   6m    62Mi   
websocket-server-56c97f4c7-9xzft   1m    27Mi   
websocket-server-56c97f4c7-jm8hh   3m    34Mi   
websocket-server-56c97f4c7-lt588   1m    28Mi   
websocket-server-56c97f4c7-t7zg4   5m    49Mi   
websocket-server-56c97f4c7-vbw77   2m    30Mi   
websocket-server-56c97f4c7-xqm6t   1m    28Mi   
1781609206
websocket-server-56c97f4c7-6mb59   2m    32Mi   
websocket-server-56c97f4c7-6q5vs   6m    61Mi   
websocket-server-56c97f4c7-9xzft   1m    27Mi   
websocket-server-56c97f4c7-jm8hh   3m    34Mi   
websocket-server-56c97f4c7-lt588   1m    28Mi   
websocket-server-56c97f4c7-t7zg4   6m    49Mi   
websocket-server-56c97f4c7-vbw77   2m    30Mi   
websocket-server-56c97f4c7-xqm6t   1m    28Mi   
1781609211
websocket-server-56c97f4c7-6mb59   2m    32Mi   
websocket-server-56c97f4c7-6q5vs   6m    61Mi   
websocket-server-56c97f4c7-9xzft   1m    27Mi   
websocket-server-56c97f4c7-jm8hh   3m    34Mi   
websocket-server-56c97f4c7-lt588   1m    28Mi   
websocket-server-56c97f4c7-t7zg4   6m    49Mi   
websocket-server-56c97f4c7-vbw77   2m    30Mi   
websocket-server-56c97f4c7-xqm6t   1m    28Mi   
1781609217
websocket-server-56c97f4c7-6mb59   2m    32Mi   
websocket-server-56c97f4c7-6q5vs   6m    61Mi   
websocket-server-56c97f4c7-9xzft   1m    27Mi   
websocket-server-56c97f4c7-jm8hh   3m    34Mi   
websocket-server-56c97f4c7-lt588   1m    28Mi   
websocket-server-56c97f4c7-t7zg4   6m    49Mi   
websocket-server-56c97f4c7-vbw77   2m    30Mi   
websocket-server-56c97f4c7-xqm6t   1m    28Mi   
1781609222
websocket-server-56c97f4c7-6mb59   3m    32Mi   
websocket-server-56c97f4c7-6q5vs   9m    61Mi   
websocket-server-56c97f4c7-9xzft   1m    27Mi   
websocket-server-56c97f4c7-jm8hh   3m    34Mi   
websocket-server-56c97f4c7-lt588   1m    28Mi   
websocket-server-56c97f4c7-t7zg4   5m    49Mi   
websocket-server-56c97f4c7-vbw77   3m    30Mi   
websocket-server-56c97f4c7-xqm6t   1m    28Mi   
1781609227
websocket-server-56c97f4c7-6mb59   3m    32Mi   
websocket-server-56c97f4c7-6q5vs   9m    61Mi   
websocket-server-56c97f4c7-9xzft   1m    27Mi   
websocket-server-56c97f4c7-jm8hh   3m    34Mi   
websocket-server-56c97f4c7-lt588   1m    28Mi   
websocket-server-56c97f4c7-t7zg4   5m    49Mi   
websocket-server-56c97f4c7-vbw77   3m    30Mi   
websocket-server-56c97f4c7-xqm6t   1m    28Mi   
1781609232
websocket-server-56c97f4c7-6mb59   3m    32Mi   
websocket-server-56c97f4c7-6q5vs   9m    61Mi   
websocket-server-56c97f4c7-9xzft   1m    27Mi   
websocket-server-56c97f4c7-jm8hh   3m    34Mi   
websocket-server-56c97f4c7-lt588   1m    28Mi   
websocket-server-56c97f4c7-t7zg4   5m    49Mi   
websocket-server-56c97f4c7-vbw77   3m    30Mi   
websocket-server-56c97f4c7-xqm6t   1m    28Mi   
1781609237
websocket-server-56c97f4c7-6mb59   4m    32Mi   
websocket-server-56c97f4c7-6q5vs   9m    61Mi   
websocket-server-56c97f4c7-9xzft   0m    27Mi   
websocket-server-56c97f4c7-jm8hh   4m    34Mi   
websocket-server-56c97f4c7-lt588   1m    28Mi   
websocket-server-56c97f4c7-t7zg4   6m    48Mi   
websocket-server-56c97f4c7-vbw77   0m    30Mi   
websocket-server-56c97f4c7-xqm6t   2m    28Mi   
1781609242
websocket-server-56c97f4c7-6mb59   4m    32Mi   
websocket-server-56c97f4c7-6q5vs   9m    61Mi   
websocket-server-56c97f4c7-9xzft   0m    27Mi   
websocket-server-56c97f4c7-jm8hh   4m    34Mi   
websocket-server-56c97f4c7-lt588   1m    28Mi   
websocket-server-56c97f4c7-t7zg4   6m    48Mi   
websocket-server-56c97f4c7-vbw77   0m    30Mi   
websocket-server-56c97f4c7-xqm6t   2m    28Mi   
1781609247
websocket-server-56c97f4c7-6mb59   4m    32Mi   
websocket-server-56c97f4c7-6q5vs   9m    61Mi   
websocket-server-56c97f4c7-9xzft   0m    27Mi   
websocket-server-56c97f4c7-jm8hh   4m    34Mi   
websocket-server-56c97f4c7-lt588   1m    28Mi   
websocket-server-56c97f4c7-t7zg4   6m    48Mi   
websocket-server-56c97f4c7-vbw77   0m    30Mi   
websocket-server-56c97f4c7-xqm6t   2m    28Mi   
1781609252
websocket-server-56c97f4c7-6mb59   1m    32Mi   
websocket-server-56c97f4c7-6q5vs   1m    61Mi   
websocket-server-56c97f4c7-9xzft   2m    28Mi   
websocket-server-56c97f4c7-jm8hh   2m    35Mi   
websocket-server-56c97f4c7-lt588   2m    29Mi   
websocket-server-56c97f4c7-t7zg4   2m    49Mi   
websocket-server-56c97f4c7-vbw77   2m    31Mi   
websocket-server-56c97f4c7-xqm6t   2m    28Mi   
1781609257
websocket-server-56c97f4c7-6mb59   1m    32Mi   
websocket-server-56c97f4c7-6q5vs   1m    61Mi   
websocket-server-56c97f4c7-9xzft   2m    28Mi   
websocket-server-56c97f4c7-jm8hh   2m    35Mi   
websocket-server-56c97f4c7-lt588   2m    29Mi   
websocket-server-56c97f4c7-t7zg4   2m    49Mi   
websocket-server-56c97f4c7-vbw77   2m    31Mi   
websocket-server-56c97f4c7-xqm6t   2m    28Mi   
1781609262
websocket-server-56c97f4c7-6mb59   1m    32Mi   
websocket-server-56c97f4c7-6q5vs   1m    61Mi   
websocket-server-56c97f4c7-9xzft   2m    28Mi   
websocket-server-56c97f4c7-jm8hh   2m    35Mi   
websocket-server-56c97f4c7-lt588   2m    29Mi   
websocket-server-56c97f4c7-t7zg4   2m    49Mi   
websocket-server-56c97f4c7-vbw77   2m    31Mi   
websocket-server-56c97f4c7-xqm6t   2m    28Mi   
1781609267
websocket-server-56c97f4c7-6mb59   2m    33Mi   
websocket-server-56c97f4c7-6q5vs   3m    62Mi   
websocket-server-56c97f4c7-9xzft   2m    28Mi   
websocket-server-56c97f4c7-jm8hh   3m    35Mi   
websocket-server-56c97f4c7-lt588   3m    30Mi   
websocket-server-56c97f4c7-t7zg4   2m    49Mi   
websocket-server-56c97f4c7-vbw77   3m    31Mi   
websocket-server-56c97f4c7-xqm6t   4m    30Mi   
1781609272
websocket-server-56c97f4c7-6mb59   2m    33Mi   
websocket-server-56c97f4c7-6q5vs   3m    62Mi   
websocket-server-56c97f4c7-9xzft   2m    28Mi   
websocket-server-56c97f4c7-jm8hh   3m    35Mi   
websocket-server-56c97f4c7-lt588   3m    30Mi   
websocket-server-56c97f4c7-t7zg4   2m    49Mi   
websocket-server-56c97f4c7-vbw77   3m    31Mi   
websocket-server-56c97f4c7-xqm6t   4m    30Mi   
1781609277
websocket-server-56c97f4c7-6mb59   2m    33Mi   
websocket-server-56c97f4c7-6q5vs   7m    63Mi   
websocket-server-56c97f4c7-9xzft   2m    28Mi   
websocket-server-56c97f4c7-jm8hh   2m    35Mi   
websocket-server-56c97f4c7-lt588   3m    30Mi   
websocket-server-56c97f4c7-t7zg4   4m    50Mi   
websocket-server-56c97f4c7-vbw77   3m    31Mi   
websocket-server-56c97f4c7-xqm6t   8m    33Mi   
1781609282
websocket-server-56c97f4c7-6mb59   2m    33Mi   
websocket-server-56c97f4c7-6q5vs   7m    63Mi   
websocket-server-56c97f4c7-lt588   3m    30Mi   
websocket-server-56c97f4c7-t7zg4   4m    50Mi   
websocket-server-56c97f4c7-vbw77   3m    31Mi   
websocket-server-56c97f4c7-xqm6t   8m    33Mi   
1781609287
websocket-server-56c97f4c7-6q5vs   7m    63Mi   
websocket-server-56c97f4c7-t7zg4   4m    50Mi   
websocket-server-56c97f4c7-vbw77   3m    31Mi   
websocket-server-56c97f4c7-xqm6t   8m    33Mi   
1781609292
websocket-server-56c97f4c7-48272   22m   30Mi   
websocket-server-56c97f4c7-6q5vs   10m   65Mi   
websocket-server-56c97f4c7-t7zg4   8m    53Mi   
websocket-server-56c97f4c7-xqm6t   13m   36Mi   
1781609297
websocket-server-56c97f4c7-48272   22m   30Mi   
websocket-server-56c97f4c7-6q5vs   10m   65Mi   
websocket-server-56c97f4c7-t7zg4   8m    53Mi   
websocket-server-56c97f4c7-xqm6t   13m   36Mi   
1781609302
websocket-server-56c97f4c7-48272   22m   30Mi   
websocket-server-56c97f4c7-6q5vs   10m   65Mi   
websocket-server-56c97f4c7-t7zg4   8m    53Mi   
websocket-server-56c97f4c7-xqm6t   13m   36Mi   
1781609307
websocket-server-56c97f4c7-48272   8m    33Mi   
websocket-server-56c97f4c7-6q5vs   12m   68Mi   
websocket-server-56c97f4c7-ldclx   3m    29Mi   
websocket-server-56c97f4c7-s285z   19m   29Mi   
websocket-server-56c97f4c7-t7zg4   12m   56Mi   
websocket-server-56c97f4c7-xqm6t   14m   38Mi   
1781609312
websocket-server-56c97f4c7-48272   8m    33Mi   
websocket-server-56c97f4c7-6q5vs   12m   68Mi   
websocket-server-56c97f4c7-ldclx   3m    29Mi   
websocket-server-56c97f4c7-s285z   19m   29Mi   
websocket-server-56c97f4c7-t7zg4   12m   56Mi   
websocket-server-56c97f4c7-xqm6t   14m   38Mi   
1781609318
websocket-server-56c97f4c7-48272   8m    33Mi   
websocket-server-56c97f4c7-6q5vs   12m   68Mi   
websocket-server-56c97f4c7-ldclx   3m    29Mi   
websocket-server-56c97f4c7-s285z   19m   29Mi   
websocket-server-56c97f4c7-t7zg4   12m   56Mi   
websocket-server-56c97f4c7-xqm6t   14m   38Mi   
1781609323
websocket-server-56c97f4c7-48272   8m    33Mi   
websocket-server-56c97f4c7-6q5vs   14m   69Mi   
websocket-server-56c97f4c7-g2vlp   18m   28Mi   
websocket-server-56c97f4c7-ldclx   4m    30Mi   
websocket-server-56c97f4c7-s285z   5m    30Mi   
websocket-server-56c97f4c7-t7zg4   13m   57Mi   
websocket-server-56c97f4c7-xqm6t   15m   39Mi   
1781609328
websocket-server-56c97f4c7-48272   8m    33Mi   
websocket-server-56c97f4c7-6q5vs   14m   69Mi   
websocket-server-56c97f4c7-g2vlp   18m   28Mi   
websocket-server-56c97f4c7-ldclx   4m    30Mi   
websocket-server-56c97f4c7-s285z   5m    30Mi   
websocket-server-56c97f4c7-t7zg4   13m   57Mi   
websocket-server-56c97f4c7-xqm6t   15m   39Mi   
1781609333
websocket-server-56c97f4c7-48272   8m    33Mi   
websocket-server-56c97f4c7-6q5vs   14m   69Mi   
websocket-server-56c97f4c7-g2vlp   18m   28Mi   
websocket-server-56c97f4c7-ldclx   4m    30Mi   
websocket-server-56c97f4c7-s285z   5m    30Mi   
websocket-server-56c97f4c7-t7zg4   13m   57Mi   
websocket-server-56c97f4c7-xqm6t   15m   39Mi   
1781609338
websocket-server-56c97f4c7-48272   9m    33Mi   
websocket-server-56c97f4c7-6q5vs   15m   69Mi   
websocket-server-56c97f4c7-bsmgf   18m   27Mi   
websocket-server-56c97f4c7-g2vlp   2m    28Mi   
websocket-server-56c97f4c7-ldclx   4m    29Mi   
websocket-server-56c97f4c7-s285z   5m    30Mi   
websocket-server-56c97f4c7-t7zg4   14m   58Mi   
websocket-server-56c97f4c7-xqm6t   15m   39Mi   
1781609343
websocket-server-56c97f4c7-48272   9m    33Mi   
websocket-server-56c97f4c7-6q5vs   15m   69Mi   
websocket-server-56c97f4c7-bsmgf   18m   27Mi   
websocket-server-56c97f4c7-g2vlp   2m    28Mi   
websocket-server-56c97f4c7-ldclx   4m    29Mi   
websocket-server-56c97f4c7-s285z   5m    30Mi   
websocket-server-56c97f4c7-t7zg4   14m   58Mi   
websocket-server-56c97f4c7-xqm6t   15m   39Mi   
1781609348
websocket-server-56c97f4c7-48272   9m    33Mi   
websocket-server-56c97f4c7-6q5vs   15m   69Mi   
websocket-server-56c97f4c7-bsmgf   18m   27Mi   
websocket-server-56c97f4c7-g2vlp   2m    28Mi   
websocket-server-56c97f4c7-ldclx   4m    29Mi   
websocket-server-56c97f4c7-s285z   5m    30Mi   
websocket-server-56c97f4c7-t7zg4   14m   58Mi   
websocket-server-56c97f4c7-xqm6t   15m   39Mi   
1781609353
websocket-server-56c97f4c7-48272   9m    34Mi   
websocket-server-56c97f4c7-6q5vs   13m   69Mi   
websocket-server-56c97f4c7-bsmgf   1m    27Mi   
websocket-server-56c97f4c7-g2vlp   2m    28Mi   
websocket-server-56c97f4c7-ldclx   4m    30Mi   
websocket-server-56c97f4c7-s285z   5m    30Mi   
websocket-server-56c97f4c7-t7zg4   13m   58Mi   
websocket-server-56c97f4c7-xqm6t   15m   39Mi   
1781609358
websocket-server-56c97f4c7-48272   9m    34Mi   
websocket-server-56c97f4c7-6q5vs   13m   69Mi   
websocket-server-56c97f4c7-bsmgf   1m    27Mi   
websocket-server-56c97f4c7-g2vlp   2m    28Mi   
websocket-server-56c97f4c7-ldclx   4m    30Mi   
websocket-server-56c97f4c7-s285z   5m    30Mi   
websocket-server-56c97f4c7-t7zg4   13m   58Mi   
websocket-server-56c97f4c7-xqm6t   15m   39Mi   
1781609363
websocket-server-56c97f4c7-48272   9m    34Mi   
websocket-server-56c97f4c7-6q5vs   13m   69Mi   
websocket-server-56c97f4c7-bsmgf   1m    27Mi   
websocket-server-56c97f4c7-g2vlp   2m    28Mi   
websocket-server-56c97f4c7-ldclx   4m    30Mi   
websocket-server-56c97f4c7-s285z   5m    30Mi   
websocket-server-56c97f4c7-t7zg4   13m   58Mi   
websocket-server-56c97f4c7-xqm6t   15m   39Mi   
1781609368
websocket-server-56c97f4c7-48272   8m    34Mi   
websocket-server-56c97f4c7-6q5vs   5m    69Mi   
websocket-server-56c97f4c7-bsmgf   1m    27Mi   
websocket-server-56c97f4c7-g2vlp   2m    28Mi   
websocket-server-56c97f4c7-ldclx   4m    30Mi   
websocket-server-56c97f4c7-s285z   4m    30Mi   
websocket-server-56c97f4c7-t7zg4   10m   58Mi   
websocket-server-56c97f4c7-xqm6t   13m   39Mi   
1781609373
websocket-server-56c97f4c7-48272   8m    34Mi   
websocket-server-56c97f4c7-6q5vs   5m    69Mi   
websocket-server-56c97f4c7-bsmgf   1m    27Mi   
websocket-server-56c97f4c7-g2vlp   2m    28Mi   
websocket-server-56c97f4c7-ldclx   4m    30Mi   
websocket-server-56c97f4c7-s285z   4m    30Mi   
websocket-server-56c97f4c7-t7zg4   10m   58Mi   
websocket-server-56c97f4c7-xqm6t   13m   39Mi   
1781609378
websocket-server-56c97f4c7-48272   8m    34Mi   
websocket-server-56c97f4c7-6q5vs   5m    69Mi   
websocket-server-56c97f4c7-bsmgf   1m    27Mi   
websocket-server-56c97f4c7-g2vlp   2m    28Mi   
websocket-server-56c97f4c7-ldclx   4m    30Mi   
websocket-server-56c97f4c7-s285z   4m    30Mi   
websocket-server-56c97f4c7-t7zg4   10m   58Mi   
websocket-server-56c97f4c7-xqm6t   13m   39Mi   
1781609383
websocket-server-56c97f4c7-48272   3m    33Mi   
websocket-server-56c97f4c7-6q5vs   5m    69Mi   
websocket-server-56c97f4c7-bsmgf   0m    27Mi   
websocket-server-56c97f4c7-g2vlp   1m    28Mi   
websocket-server-56c97f4c7-ldclx   2m    29Mi   
websocket-server-56c97f4c7-s285z   2m    31Mi   
websocket-server-56c97f4c7-t7zg4   4m    58Mi   
websocket-server-56c97f4c7-xqm6t   5m    39Mi   
1781609388
websocket-server-56c97f4c7-48272   3m    33Mi   
websocket-server-56c97f4c7-6q5vs   5m    69Mi   
websocket-server-56c97f4c7-bsmgf   0m    27Mi   
websocket-server-56c97f4c7-g2vlp   1m    28Mi   
websocket-server-56c97f4c7-ldclx   2m    29Mi   
websocket-server-56c97f4c7-s285z   2m    31Mi   
websocket-server-56c97f4c7-t7zg4   4m    58Mi   
websocket-server-56c97f4c7-xqm6t   5m    39Mi   
1781609393
websocket-server-56c97f4c7-48272   3m    33Mi   
websocket-server-56c97f4c7-6q5vs   5m    69Mi   
websocket-server-56c97f4c7-bsmgf   0m    27Mi   
websocket-server-56c97f4c7-g2vlp   1m    28Mi   
websocket-server-56c97f4c7-ldclx   2m    29Mi   
websocket-server-56c97f4c7-s285z   2m    31Mi   
websocket-server-56c97f4c7-t7zg4   4m    58Mi   
websocket-server-56c97f4c7-xqm6t   5m    39Mi   
1781609398
websocket-server-56c97f4c7-48272   3m    33Mi   
websocket-server-56c97f4c7-6q5vs   4m    69Mi   
websocket-server-56c97f4c7-bsmgf   1m    27Mi   
websocket-server-56c97f4c7-g2vlp   1m    28Mi   
websocket-server-56c97f4c7-ldclx   2m    29Mi   
websocket-server-56c97f4c7-s285z   2m    30Mi   
websocket-server-56c97f4c7-t7zg4   4m    58Mi   
websocket-server-56c97f4c7-xqm6t   5m    39Mi   
1781609403
websocket-server-56c97f4c7-48272   3m    33Mi   
websocket-server-56c97f4c7-6q5vs   4m    69Mi   
websocket-server-56c97f4c7-bsmgf   1m    27Mi   
websocket-server-56c97f4c7-g2vlp   1m    28Mi   
websocket-server-56c97f4c7-ldclx   2m    29Mi   
websocket-server-56c97f4c7-s285z   2m    30Mi   
websocket-server-56c97f4c7-t7zg4   4m    58Mi   
websocket-server-56c97f4c7-xqm6t   5m    39Mi   
1781609408
websocket-server-56c97f4c7-48272   3m    33Mi   
websocket-server-56c97f4c7-6q5vs   4m    69Mi   
websocket-server-56c97f4c7-bsmgf   1m    27Mi   
websocket-server-56c97f4c7-g2vlp   1m    28Mi   
websocket-server-56c97f4c7-ldclx   2m    29Mi   
websocket-server-56c97f4c7-s285z   2m    30Mi   
websocket-server-56c97f4c7-t7zg4   4m    58Mi   
websocket-server-56c97f4c7-xqm6t   5m    39Mi   
1781609413
websocket-server-56c97f4c7-48272   3m    34Mi   
websocket-server-56c97f4c7-6q5vs   5m    68Mi   
websocket-server-56c97f4c7-bsmgf   1m    27Mi   
websocket-server-56c97f4c7-g2vlp   1m    28Mi   
websocket-server-56c97f4c7-ldclx   2m    29Mi   
websocket-server-56c97f4c7-s285z   2m    30Mi   
websocket-server-56c97f4c7-t7zg4   5m    58Mi   
websocket-server-56c97f4c7-xqm6t   5m    39Mi   
1781609419
websocket-server-56c97f4c7-48272   3m    34Mi   
websocket-server-56c97f4c7-6q5vs   5m    68Mi   
websocket-server-56c97f4c7-bsmgf   1m    27Mi   
websocket-server-56c97f4c7-g2vlp   1m    28Mi   
websocket-server-56c97f4c7-ldclx   2m    29Mi   
websocket-server-56c97f4c7-s285z   2m    30Mi   
websocket-server-56c97f4c7-t7zg4   5m    58Mi   
websocket-server-56c97f4c7-xqm6t   5m    39Mi   
1781609424
websocket-server-56c97f4c7-48272   3m    34Mi   
websocket-server-56c97f4c7-6q5vs   5m    68Mi   
websocket-server-56c97f4c7-bsmgf   1m    27Mi   
websocket-server-56c97f4c7-g2vlp   1m    28Mi   
websocket-server-56c97f4c7-ldclx   2m    29Mi   
websocket-server-56c97f4c7-s285z   2m    30Mi   
websocket-server-56c97f4c7-t7zg4   5m    58Mi   
websocket-server-56c97f4c7-xqm6t   5m    39Mi   
1781609429
websocket-server-56c97f4c7-48272   6m    33Mi   
websocket-server-56c97f4c7-6q5vs   8m    68Mi   
websocket-server-56c97f4c7-bsmgf   1m    28Mi   
websocket-server-56c97f4c7-g2vlp   1m    28Mi   
websocket-server-56c97f4c7-ldclx   3m    29Mi   
websocket-server-56c97f4c7-s285z   3m    30Mi   
websocket-server-56c97f4c7-t7zg4   7m    57Mi   
websocket-server-56c97f4c7-xqm6t   9m    38Mi   
1781609434
websocket-server-56c97f4c7-48272   6m    33Mi   
websocket-server-56c97f4c7-6q5vs   8m    68Mi   
websocket-server-56c97f4c7-bsmgf   1m    28Mi   
websocket-server-56c97f4c7-g2vlp   1m    28Mi   
websocket-server-56c97f4c7-ldclx   3m    29Mi   
websocket-server-56c97f4c7-s285z   3m    30Mi   
websocket-server-56c97f4c7-t7zg4   7m    57Mi   
websocket-server-56c97f4c7-xqm6t   9m    38Mi   
1781609439
websocket-server-56c97f4c7-48272   6m    33Mi   
websocket-server-56c97f4c7-6q5vs   8m    68Mi   
websocket-server-56c97f4c7-bsmgf   1m    28Mi   
websocket-server-56c97f4c7-g2vlp   1m    28Mi   
websocket-server-56c97f4c7-ldclx   3m    29Mi   
websocket-server-56c97f4c7-s285z   3m    30Mi   
websocket-server-56c97f4c7-t7zg4   7m    57Mi   
websocket-server-56c97f4c7-xqm6t   9m    38Mi   
1781609444
websocket-server-56c97f4c7-48272   1m    33Mi   
websocket-server-56c97f4c7-6q5vs   1m    68Mi   
websocket-server-56c97f4c7-bsmgf   1m    28Mi   
websocket-server-56c97f4c7-g2vlp   1m    28Mi   
websocket-server-56c97f4c7-ldclx   1m    29Mi   
websocket-server-56c97f4c7-s285z   1m    31Mi   
websocket-server-56c97f4c7-t7zg4   1m    57Mi   
websocket-server-56c97f4c7-xqm6t   1m    38Mi   
1781609449
websocket-server-56c97f4c7-48272   1m    33Mi   
websocket-server-56c97f4c7-6q5vs   1m    68Mi   
websocket-server-56c97f4c7-bsmgf   1m    28Mi   
websocket-server-56c97f4c7-g2vlp   1m    28Mi   
websocket-server-56c97f4c7-ldclx   1m    29Mi   
websocket-server-56c97f4c7-s285z   1m    31Mi   
websocket-server-56c97f4c7-t7zg4   1m    57Mi   
websocket-server-56c97f4c7-xqm6t   1m    38Mi   
1781609454
websocket-server-56c97f4c7-48272   1m    33Mi   
websocket-server-56c97f4c7-6q5vs   1m    68Mi   
websocket-server-56c97f4c7-bsmgf   1m    28Mi   
websocket-server-56c97f4c7-g2vlp   1m    28Mi   
websocket-server-56c97f4c7-ldclx   1m    29Mi   
websocket-server-56c97f4c7-s285z   1m    31Mi   
websocket-server-56c97f4c7-t7zg4   1m    57Mi   
websocket-server-56c97f4c7-xqm6t   1m    38Mi   
1781609459
websocket-server-56c97f4c7-48272   1m    33Mi   
websocket-server-56c97f4c7-6q5vs   1m    68Mi   
websocket-server-56c97f4c7-bsmgf   1m    28Mi   
websocket-server-56c97f4c7-g2vlp   1m    28Mi   
websocket-server-56c97f4c7-ldclx   1m    29Mi   
websocket-server-56c97f4c7-s285z   0m    30Mi   
websocket-server-56c97f4c7-t7zg4   1m    57Mi   
websocket-server-56c97f4c7-xqm6t   1m    39Mi   
1781609464
websocket-server-56c97f4c7-48272   1m    33Mi   
websocket-server-56c97f4c7-6q5vs   1m    68Mi   
websocket-server-56c97f4c7-bsmgf   1m    28Mi   
websocket-server-56c97f4c7-g2vlp   1m    28Mi   
websocket-server-56c97f4c7-ldclx   1m    29Mi   
websocket-server-56c97f4c7-s285z   0m    30Mi   
websocket-server-56c97f4c7-t7zg4   1m    57Mi   
websocket-server-56c97f4c7-xqm6t   1m    39Mi   
1781609469
websocket-server-56c97f4c7-48272   1m    33Mi   
websocket-server-56c97f4c7-6q5vs   1m    68Mi   
websocket-server-56c97f4c7-bsmgf   1m    28Mi   
websocket-server-56c97f4c7-g2vlp   1m    28Mi   
websocket-server-56c97f4c7-ldclx   1m    29Mi   
websocket-server-56c97f4c7-s285z   0m    30Mi   
websocket-server-56c97f4c7-t7zg4   1m    57Mi   
websocket-server-56c97f4c7-xqm6t   1m    39Mi   
1781609474
websocket-server-56c97f4c7-48272   1m    33Mi   
websocket-server-56c97f4c7-6q5vs   1m    68Mi   
websocket-server-56c97f4c7-bsmgf   1m    28Mi   
websocket-server-56c97f4c7-g2vlp   1m    28Mi   
websocket-server-56c97f4c7-ldclx   1m    29Mi   
websocket-server-56c97f4c7-s285z   1m    30Mi   
websocket-server-56c97f4c7-t7zg4   1m    57Mi   
websocket-server-56c97f4c7-xqm6t   1m    38Mi   
1781609479
websocket-server-56c97f4c7-48272   1m    33Mi   
websocket-server-56c97f4c7-6q5vs   1m    68Mi   
websocket-server-56c97f4c7-g2vlp   1m    28Mi   
websocket-server-56c97f4c7-s285z   1m    30Mi   
websocket-server-56c97f4c7-t7zg4   1m    57Mi   
websocket-server-56c97f4c7-xqm6t   1m    38Mi   
1781609484
websocket-server-56c97f4c7-48272   1m    33Mi   
websocket-server-56c97f4c7-6q5vs   1m    68Mi   
websocket-server-56c97f4c7-t7zg4   1m    57Mi   
websocket-server-56c97f4c7-xqm6t   1m    38Mi   
1781609489
websocket-server-56c97f4c7-6q5vs   1m    68Mi   
websocket-server-56c97f4c7-t7zg4   1m    57Mi   
1781609494
websocket-server-56c97f4c7-6q5vs   1m    68Mi   
websocket-server-56c97f4c7-t7zg4   1m    57Mi   
1781609499
websocket-server-56c97f4c7-6q5vs   1m    68Mi   
websocket-server-56c97f4c7-t7zg4   1m    57Mi   
