1781613135
websocket-server-56c97f4c7-6q5vs   1m    97Mi   
websocket-server-56c97f4c7-t7zg4   1m    86Mi   
1781613140
websocket-server-56c97f4c7-6q5vs   1m    97Mi   
websocket-server-56c97f4c7-t7zg4   1m    86Mi   
1781613145
websocket-server-56c97f4c7-6q5vs   1m    97Mi   
websocket-server-56c97f4c7-t7zg4   1m    86Mi   
1781613150
websocket-server-56c97f4c7-6q5vs   1m    97Mi   
websocket-server-56c97f4c7-t7zg4   1m    86Mi   
1781613156
websocket-server-56c97f4c7-6q5vs   1m    97Mi   
websocket-server-56c97f4c7-t7zg4   1m    86Mi   
1781613161
websocket-server-56c97f4c7-6q5vs   1m    97Mi   
websocket-server-56c97f4c7-t7zg4   1m    86Mi   
1781613166
websocket-server-56c97f4c7-6q5vs   2m    97Mi   
websocket-server-56c97f4c7-t7zg4   1m    86Mi   
1781613171
websocket-server-56c97f4c7-6q5vs   2m    97Mi   
websocket-server-56c97f4c7-t7zg4   1m    86Mi   
1781613176
websocket-server-56c97f4c7-6q5vs   2m    97Mi   
websocket-server-56c97f4c7-t7zg4   1m    86Mi   
1781613181
websocket-server-56c97f4c7-6q5vs   8m    97Mi   
websocket-server-56c97f4c7-t7zg4   5m    87Mi   
1781613186
websocket-server-56c97f4c7-6q5vs   8m    97Mi   
websocket-server-56c97f4c7-t7zg4   5m    87Mi   
1781613191
websocket-server-56c97f4c7-6q5vs   8m    97Mi   
websocket-server-56c97f4c7-t7zg4   5m    87Mi   
1781613196
websocket-server-56c97f4c7-6q5vs   8m    97Mi   
websocket-server-56c97f4c7-t7zg4   11m   87Mi   
1781613201
websocket-server-56c97f4c7-6q5vs   8m    97Mi   
websocket-server-56c97f4c7-t7zg4   11m   87Mi   
1781613206
websocket-server-56c97f4c7-6q5vs   8m    97Mi   
websocket-server-56c97f4c7-t7zg4   11m   87Mi   
1781613211
websocket-server-56c97f4c7-6q5vs   14m   98Mi   
websocket-server-56c97f4c7-q82jn   27m   29Mi   
websocket-server-56c97f4c7-t7zg4   11m   87Mi   
1781613216
websocket-server-56c97f4c7-6q5vs   14m   98Mi   
websocket-server-56c97f4c7-q82jn   27m   29Mi   
websocket-server-56c97f4c7-t7zg4   11m   87Mi   
1781613221
websocket-server-56c97f4c7-6q5vs   14m   98Mi   
websocket-server-56c97f4c7-q82jn   27m   29Mi   
websocket-server-56c97f4c7-t7zg4   11m   87Mi   
1781613226
websocket-server-56c97f4c7-547ll   20m   28Mi   
websocket-server-56c97f4c7-6q5vs   16m   98Mi   
websocket-server-56c97f4c7-brs2k   24m   28Mi   
websocket-server-56c97f4c7-q82jn   5m    31Mi   
websocket-server-56c97f4c7-t7zg4   16m   88Mi   
1781613231
websocket-server-56c97f4c7-547ll   20m   28Mi   
websocket-server-56c97f4c7-6q5vs   16m   98Mi   
websocket-server-56c97f4c7-brs2k   24m   28Mi   
websocket-server-56c97f4c7-q82jn   5m    31Mi   
websocket-server-56c97f4c7-t7zg4   16m   88Mi   
1781613236
websocket-server-56c97f4c7-547ll   20m   28Mi   
websocket-server-56c97f4c7-6q5vs   16m   98Mi   
websocket-server-56c97f4c7-brs2k   24m   28Mi   
websocket-server-56c97f4c7-q82jn   5m    31Mi   
websocket-server-56c97f4c7-t7zg4   16m   88Mi   
1781613241
websocket-server-56c97f4c7-547ll   4m    30Mi   
websocket-server-56c97f4c7-6q5vs   18m   98Mi   
websocket-server-56c97f4c7-brs2k   4m    29Mi   
websocket-server-56c97f4c7-nnm5m   2m    28Mi   
websocket-server-56c97f4c7-q82jn   7m    31Mi   
websocket-server-56c97f4c7-t7zg4   19m   87Mi   
1781613247
websocket-server-56c97f4c7-547ll   4m    30Mi   
websocket-server-56c97f4c7-6q5vs   18m   98Mi   
websocket-server-56c97f4c7-brs2k   4m    29Mi   
websocket-server-56c97f4c7-nnm5m   2m    28Mi   
websocket-server-56c97f4c7-q82jn   7m    31Mi   
websocket-server-56c97f4c7-t7zg4   19m   87Mi   
1781613252
websocket-server-56c97f4c7-547ll   4m    30Mi   
websocket-server-56c97f4c7-6q5vs   18m   98Mi   
websocket-server-56c97f4c7-brs2k   4m    29Mi   
websocket-server-56c97f4c7-nnm5m   2m    28Mi   
websocket-server-56c97f4c7-q82jn   7m    31Mi   
websocket-server-56c97f4c7-t7zg4   19m   87Mi   
1781613257
websocket-server-56c97f4c7-547ll   4m    29Mi   
websocket-server-56c97f4c7-6q5vs   17m   99Mi   
websocket-server-56c97f4c7-brs2k   5m    31Mi   
websocket-server-56c97f4c7-nnm5m   1m    28Mi   
websocket-server-56c97f4c7-q82jn   8m    33Mi   
websocket-server-56c97f4c7-t7zg4   19m   87Mi   
websocket-server-56c97f4c7-tx467   19m   27Mi   
1781613262
websocket-server-56c97f4c7-547ll   4m    29Mi   
websocket-server-56c97f4c7-6q5vs   17m   99Mi   
websocket-server-56c97f4c7-brs2k   5m    31Mi   
websocket-server-56c97f4c7-nnm5m   1m    28Mi   
websocket-server-56c97f4c7-q82jn   8m    33Mi   
websocket-server-56c97f4c7-t7zg4   19m   87Mi   
websocket-server-56c97f4c7-tx467   19m   27Mi   
1781613267
websocket-server-56c97f4c7-547ll   4m    29Mi   
websocket-server-56c97f4c7-6q5vs   17m   99Mi   
websocket-server-56c97f4c7-brs2k   5m    31Mi   
websocket-server-56c97f4c7-nnm5m   1m    28Mi   
websocket-server-56c97f4c7-q82jn   8m    33Mi   
websocket-server-56c97f4c7-t7zg4   19m   87Mi   
websocket-server-56c97f4c7-tx467   19m   27Mi   
1781613272
websocket-server-56c97f4c7-547ll   4m    30Mi   
websocket-server-56c97f4c7-6q5vs   17m   98Mi   
websocket-server-56c97f4c7-brs2k   5m    31Mi   
websocket-server-56c97f4c7-fpqmn   0m    27Mi   
websocket-server-56c97f4c7-nnm5m   3m    28Mi   
websocket-server-56c97f4c7-q82jn   7m    33Mi   
websocket-server-56c97f4c7-t7zg4   17m   88Mi   
websocket-server-56c97f4c7-tx467   1m    27Mi   
1781613277
websocket-server-56c97f4c7-547ll   4m    30Mi   
websocket-server-56c97f4c7-6q5vs   17m   98Mi   
websocket-server-56c97f4c7-brs2k   5m    31Mi   
websocket-server-56c97f4c7-fpqmn   0m    27Mi   
websocket-server-56c97f4c7-nnm5m   3m    28Mi   
websocket-server-56c97f4c7-q82jn   7m    33Mi   
websocket-server-56c97f4c7-t7zg4   17m   88Mi   
websocket-server-56c97f4c7-tx467   1m    27Mi   
1781613282
websocket-server-56c97f4c7-547ll   4m    30Mi   
websocket-server-56c97f4c7-6q5vs   17m   98Mi   
websocket-server-56c97f4c7-brs2k   5m    31Mi   
websocket-server-56c97f4c7-fpqmn   0m    27Mi   
websocket-server-56c97f4c7-nnm5m   3m    28Mi   
websocket-server-56c97f4c7-q82jn   7m    33Mi   
websocket-server-56c97f4c7-t7zg4   17m   88Mi   
websocket-server-56c97f4c7-tx467   1m    27Mi   
1781613287
websocket-server-56c97f4c7-547ll   3m    29Mi   
websocket-server-56c97f4c7-6q5vs   11m   98Mi   
websocket-server-56c97f4c7-brs2k   5m    30Mi   
websocket-server-56c97f4c7-fpqmn   1m    27Mi   
websocket-server-56c97f4c7-nnm5m   2m    28Mi   
websocket-server-56c97f4c7-q82jn   6m    33Mi   
websocket-server-56c97f4c7-t7zg4   15m   87Mi   
websocket-server-56c97f4c7-tx467   1m    27Mi   
1781613292
websocket-server-56c97f4c7-547ll   3m    29Mi   
websocket-server-56c97f4c7-6q5vs   11m   98Mi   
websocket-server-56c97f4c7-brs2k   5m    30Mi   
websocket-server-56c97f4c7-fpqmn   1m    27Mi   
websocket-server-56c97f4c7-nnm5m   2m    28Mi   
websocket-server-56c97f4c7-q82jn   6m    33Mi   
websocket-server-56c97f4c7-t7zg4   15m   87Mi   
websocket-server-56c97f4c7-tx467   1m    27Mi   
1781613297
websocket-server-56c97f4c7-547ll   3m    29Mi   
websocket-server-56c97f4c7-6q5vs   11m   98Mi   
websocket-server-56c97f4c7-brs2k   2m    31Mi   
websocket-server-56c97f4c7-fpqmn   1m    27Mi   
websocket-server-56c97f4c7-nnm5m   1m    28Mi   
websocket-server-56c97f4c7-q82jn   2m    33Mi   
websocket-server-56c97f4c7-t7zg4   7m    87Mi   
websocket-server-56c97f4c7-tx467   1m    27Mi   
1781613302
websocket-server-56c97f4c7-547ll   3m    29Mi   
websocket-server-56c97f4c7-6q5vs   11m   98Mi   
websocket-server-56c97f4c7-brs2k   2m    31Mi   
websocket-server-56c97f4c7-fpqmn   1m    27Mi   
websocket-server-56c97f4c7-nnm5m   1m    28Mi   
websocket-server-56c97f4c7-q82jn   2m    33Mi   
websocket-server-56c97f4c7-t7zg4   7m    87Mi   
websocket-server-56c97f4c7-tx467   1m    27Mi   
1781613307
websocket-server-56c97f4c7-547ll   3m    29Mi   
websocket-server-56c97f4c7-6q5vs   11m   98Mi   
websocket-server-56c97f4c7-brs2k   2m    31Mi   
websocket-server-56c97f4c7-fpqmn   1m    27Mi   
websocket-server-56c97f4c7-nnm5m   1m    28Mi   
websocket-server-56c97f4c7-q82jn   2m    33Mi   
websocket-server-56c97f4c7-t7zg4   7m    87Mi   
websocket-server-56c97f4c7-tx467   1m    27Mi   
1781613312
websocket-server-56c97f4c7-547ll   2m    30Mi   
websocket-server-56c97f4c7-6q5vs   6m    98Mi   
websocket-server-56c97f4c7-brs2k   2m    30Mi   
websocket-server-56c97f4c7-fpqmn   1m    27Mi   
websocket-server-56c97f4c7-nnm5m   1m    28Mi   
websocket-server-56c97f4c7-q82jn   3m    33Mi   
websocket-server-56c97f4c7-t7zg4   7m    87Mi   
websocket-server-56c97f4c7-tx467   1m    27Mi   
1781613317
websocket-server-56c97f4c7-547ll   2m    30Mi   
websocket-server-56c97f4c7-6q5vs   6m    98Mi   
websocket-server-56c97f4c7-brs2k   2m    30Mi   
websocket-server-56c97f4c7-fpqmn   1m    27Mi   
websocket-server-56c97f4c7-nnm5m   1m    28Mi   
websocket-server-56c97f4c7-q82jn   3m    33Mi   
websocket-server-56c97f4c7-t7zg4   7m    87Mi   
websocket-server-56c97f4c7-tx467   1m    27Mi   
1781613322
websocket-server-56c97f4c7-547ll   2m    30Mi   
websocket-server-56c97f4c7-6q5vs   6m    98Mi   
websocket-server-56c97f4c7-brs2k   2m    30Mi   
websocket-server-56c97f4c7-fpqmn   1m    27Mi   
websocket-server-56c97f4c7-nnm5m   1m    28Mi   
websocket-server-56c97f4c7-q82jn   3m    33Mi   
websocket-server-56c97f4c7-t7zg4   7m    87Mi   
websocket-server-56c97f4c7-tx467   1m    27Mi   
1781613327
websocket-server-56c97f4c7-547ll   2m    30Mi   
websocket-server-56c97f4c7-6q5vs   6m    98Mi   
websocket-server-56c97f4c7-brs2k   2m    31Mi   
websocket-server-56c97f4c7-fpqmn   1m    27Mi   
websocket-server-56c97f4c7-nnm5m   1m    29Mi   
websocket-server-56c97f4c7-q82jn   3m    33Mi   
websocket-server-56c97f4c7-t7zg4   7m    87Mi   
websocket-server-56c97f4c7-tx467   1m    27Mi   
1781613332
websocket-server-56c97f4c7-547ll   2m    30Mi   
websocket-server-56c97f4c7-6q5vs   6m    98Mi   
websocket-server-56c97f4c7-brs2k   2m    31Mi   
websocket-server-56c97f4c7-fpqmn   1m    27Mi   
websocket-server-56c97f4c7-nnm5m   1m    29Mi   
websocket-server-56c97f4c7-q82jn   3m    33Mi   
websocket-server-56c97f4c7-t7zg4   7m    87Mi   
websocket-server-56c97f4c7-tx467   1m    27Mi   
1781613338
websocket-server-56c97f4c7-547ll   2m    30Mi   
websocket-server-56c97f4c7-6q5vs   6m    98Mi   
websocket-server-56c97f4c7-brs2k   2m    31Mi   
websocket-server-56c97f4c7-fpqmn   1m    27Mi   
websocket-server-56c97f4c7-nnm5m   1m    29Mi   
websocket-server-56c97f4c7-q82jn   3m    33Mi   
websocket-server-56c97f4c7-t7zg4   7m    87Mi   
websocket-server-56c97f4c7-tx467   1m    27Mi   
1781613343
websocket-server-56c97f4c7-547ll   4m    30Mi   
websocket-server-56c97f4c7-6q5vs   6m    98Mi   
websocket-server-56c97f4c7-brs2k   3m    30Mi   
websocket-server-56c97f4c7-fpqmn   1m    27Mi   
websocket-server-56c97f4c7-nnm5m   1m    29Mi   
websocket-server-56c97f4c7-q82jn   3m    33Mi   
websocket-server-56c97f4c7-t7zg4   7m    87Mi   
websocket-server-56c97f4c7-tx467   1m    27Mi   
1781613348
websocket-server-56c97f4c7-547ll   4m    30Mi   
websocket-server-56c97f4c7-6q5vs   6m    98Mi   
websocket-server-56c97f4c7-brs2k   3m    30Mi   
websocket-server-56c97f4c7-fpqmn   1m    27Mi   
websocket-server-56c97f4c7-nnm5m   1m    29Mi   
websocket-server-56c97f4c7-q82jn   3m    33Mi   
websocket-server-56c97f4c7-t7zg4   7m    87Mi   
websocket-server-56c97f4c7-tx467   1m    27Mi   
1781613353
websocket-server-56c97f4c7-547ll   4m    30Mi   
websocket-server-56c97f4c7-6q5vs   6m    98Mi   
websocket-server-56c97f4c7-brs2k   3m    30Mi   
websocket-server-56c97f4c7-fpqmn   1m    27Mi   
websocket-server-56c97f4c7-nnm5m   1m    29Mi   
websocket-server-56c97f4c7-q82jn   3m    33Mi   
websocket-server-56c97f4c7-t7zg4   7m    87Mi   
websocket-server-56c97f4c7-tx467   1m    27Mi   
1781613358
websocket-server-56c97f4c7-547ll   1m    30Mi   
websocket-server-56c97f4c7-6q5vs   8m    97Mi   
websocket-server-56c97f4c7-brs2k   1m    31Mi   
websocket-server-56c97f4c7-fpqmn   1m    27Mi   
websocket-server-56c97f4c7-nnm5m   1m    28Mi   
websocket-server-56c97f4c7-q82jn   4m    33Mi   
websocket-server-56c97f4c7-t7zg4   5m    86Mi   
websocket-server-56c97f4c7-tx467   1m    28Mi   
1781613363
websocket-server-56c97f4c7-547ll   1m    30Mi   
websocket-server-56c97f4c7-6q5vs   8m    97Mi   
websocket-server-56c97f4c7-brs2k   1m    31Mi   
websocket-server-56c97f4c7-fpqmn   1m    27Mi   
websocket-server-56c97f4c7-nnm5m   1m    28Mi   
websocket-server-56c97f4c7-q82jn   4m    33Mi   
websocket-server-56c97f4c7-t7zg4   5m    86Mi   
websocket-server-56c97f4c7-tx467   1m    28Mi   
1781613368
websocket-server-56c97f4c7-547ll   1m    30Mi   
websocket-server-56c97f4c7-6q5vs   8m    97Mi   
websocket-server-56c97f4c7-brs2k   1m    31Mi   
websocket-server-56c97f4c7-fpqmn   1m    27Mi   
websocket-server-56c97f4c7-nnm5m   1m    28Mi   
websocket-server-56c97f4c7-q82jn   4m    33Mi   
websocket-server-56c97f4c7-t7zg4   5m    86Mi   
websocket-server-56c97f4c7-tx467   1m    28Mi   
1781613373
websocket-server-56c97f4c7-547ll   1m    30Mi   
websocket-server-56c97f4c7-6q5vs   1m    97Mi   
websocket-server-56c97f4c7-brs2k   1m    30Mi   
websocket-server-56c97f4c7-fpqmn   1m    27Mi   
websocket-server-56c97f4c7-nnm5m   1m    28Mi   
websocket-server-56c97f4c7-q82jn   1m    33Mi   
websocket-server-56c97f4c7-t7zg4   1m    86Mi   
websocket-server-56c97f4c7-tx467   1m    28Mi   
1781613378
websocket-server-56c97f4c7-547ll   1m    30Mi   
websocket-server-56c97f4c7-6q5vs   1m    97Mi   
websocket-server-56c97f4c7-brs2k   1m    30Mi   
websocket-server-56c97f4c7-fpqmn   1m    27Mi   
websocket-server-56c97f4c7-nnm5m   1m    28Mi   
websocket-server-56c97f4c7-q82jn   1m    33Mi   
websocket-server-56c97f4c7-t7zg4   1m    86Mi   
websocket-server-56c97f4c7-tx467   1m    28Mi   
1781613383
websocket-server-56c97f4c7-547ll   1m    30Mi   
websocket-server-56c97f4c7-6q5vs   1m    97Mi   
websocket-server-56c97f4c7-brs2k   1m    30Mi   
websocket-server-56c97f4c7-fpqmn   1m    27Mi   
websocket-server-56c97f4c7-nnm5m   1m    28Mi   
websocket-server-56c97f4c7-q82jn   1m    33Mi   
websocket-server-56c97f4c7-t7zg4   1m    86Mi   
websocket-server-56c97f4c7-tx467   1m    28Mi   
1781613388
websocket-server-56c97f4c7-547ll   1m    30Mi   
websocket-server-56c97f4c7-6q5vs   1m    97Mi   
websocket-server-56c97f4c7-brs2k   1m    30Mi   
websocket-server-56c97f4c7-fpqmn   1m    27Mi   
websocket-server-56c97f4c7-nnm5m   1m    28Mi   
websocket-server-56c97f4c7-q82jn   1m    33Mi   
websocket-server-56c97f4c7-t7zg4   1m    86Mi   
websocket-server-56c97f4c7-tx467   1m    28Mi   
1781613393
websocket-server-56c97f4c7-547ll   1m    30Mi   
websocket-server-56c97f4c7-6q5vs   1m    97Mi   
websocket-server-56c97f4c7-brs2k   1m    30Mi   
websocket-server-56c97f4c7-fpqmn   1m    27Mi   
websocket-server-56c97f4c7-nnm5m   1m    28Mi   
websocket-server-56c97f4c7-q82jn   1m    33Mi   
websocket-server-56c97f4c7-t7zg4   1m    86Mi   
websocket-server-56c97f4c7-tx467   1m    28Mi   
1781613398
websocket-server-56c97f4c7-547ll   1m    30Mi   
websocket-server-56c97f4c7-6q5vs   1m    97Mi   
websocket-server-56c97f4c7-brs2k   1m    30Mi   
websocket-server-56c97f4c7-fpqmn   1m    27Mi   
websocket-server-56c97f4c7-nnm5m   1m    28Mi   
websocket-server-56c97f4c7-q82jn   1m    33Mi   
websocket-server-56c97f4c7-t7zg4   1m    86Mi   
websocket-server-56c97f4c7-tx467   1m    28Mi   
1781613403
websocket-server-56c97f4c7-547ll   1m    30Mi   
websocket-server-56c97f4c7-6q5vs   1m    97Mi   
websocket-server-56c97f4c7-brs2k   1m    30Mi   
websocket-server-56c97f4c7-fpqmn   1m    27Mi   
websocket-server-56c97f4c7-nnm5m   1m    28Mi   
websocket-server-56c97f4c7-q82jn   1m    33Mi   
websocket-server-56c97f4c7-t7zg4   1m    86Mi   
websocket-server-56c97f4c7-tx467   1m    28Mi   
1781613408
websocket-server-56c97f4c7-547ll   1m    30Mi   
websocket-server-56c97f4c7-6q5vs   1m    97Mi   
websocket-server-56c97f4c7-brs2k   1m    30Mi   
websocket-server-56c97f4c7-fpqmn   1m    27Mi   
websocket-server-56c97f4c7-nnm5m   1m    28Mi   
websocket-server-56c97f4c7-q82jn   1m    33Mi   
websocket-server-56c97f4c7-t7zg4   1m    86Mi   
websocket-server-56c97f4c7-tx467   1m    28Mi   
1781613413
websocket-server-56c97f4c7-547ll   1m    30Mi   
websocket-server-56c97f4c7-6q5vs   1m    97Mi   
websocket-server-56c97f4c7-brs2k   1m    30Mi   
websocket-server-56c97f4c7-fpqmn   1m    27Mi   
websocket-server-56c97f4c7-nnm5m   1m    28Mi   
websocket-server-56c97f4c7-q82jn   1m    33Mi   
websocket-server-56c97f4c7-t7zg4   1m    86Mi   
websocket-server-56c97f4c7-tx467   1m    28Mi   
1781613418
websocket-server-56c97f4c7-547ll   1m    30Mi   
websocket-server-56c97f4c7-6q5vs   1m    97Mi   
websocket-server-56c97f4c7-brs2k   1m    30Mi   
websocket-server-56c97f4c7-fpqmn   1m    27Mi   
websocket-server-56c97f4c7-nnm5m   1m    28Mi   
websocket-server-56c97f4c7-q82jn   0m    33Mi   
websocket-server-56c97f4c7-t7zg4   0m    86Mi   
websocket-server-56c97f4c7-tx467   1m    28Mi   
1781613423
websocket-server-56c97f4c7-547ll   1m    30Mi   
websocket-server-56c97f4c7-6q5vs   1m    97Mi   
websocket-server-56c97f4c7-brs2k   1m    30Mi   
websocket-server-56c97f4c7-fpqmn   1m    27Mi   
websocket-server-56c97f4c7-nnm5m   1m    28Mi   
websocket-server-56c97f4c7-q82jn   0m    33Mi   
websocket-server-56c97f4c7-t7zg4   0m    86Mi   
websocket-server-56c97f4c7-tx467   1m    28Mi   
1781613428
websocket-server-56c97f4c7-547ll   1m    30Mi   
websocket-server-56c97f4c7-6q5vs   1m    97Mi   
websocket-server-56c97f4c7-brs2k   1m    30Mi   
websocket-server-56c97f4c7-fpqmn   1m    27Mi   
websocket-server-56c97f4c7-nnm5m   1m    28Mi   
websocket-server-56c97f4c7-q82jn   0m    33Mi   
websocket-server-56c97f4c7-t7zg4   0m    86Mi   
websocket-server-56c97f4c7-tx467   1m    28Mi   
1781613434
websocket-server-56c97f4c7-547ll   1m    30Mi   
websocket-server-56c97f4c7-6q5vs   1m    97Mi   
websocket-server-56c97f4c7-brs2k   1m    30Mi   
websocket-server-56c97f4c7-fpqmn   1m    27Mi   
websocket-server-56c97f4c7-nnm5m   1m    28Mi   
websocket-server-56c97f4c7-q82jn   1m    33Mi   
websocket-server-56c97f4c7-t7zg4   0m    86Mi   
websocket-server-56c97f4c7-tx467   1m    28Mi   
1781613439
websocket-server-56c97f4c7-547ll   1m    30Mi   
websocket-server-56c97f4c7-6q5vs   1m    97Mi   
websocket-server-56c97f4c7-brs2k   1m    30Mi   
websocket-server-56c97f4c7-fpqmn   1m    27Mi   
websocket-server-56c97f4c7-nnm5m   1m    28Mi   
websocket-server-56c97f4c7-q82jn   1m    33Mi   
websocket-server-56c97f4c7-t7zg4   0m    86Mi   
websocket-server-56c97f4c7-tx467   1m    28Mi   
1781613444
websocket-server-56c97f4c7-547ll   1m    30Mi   
websocket-server-56c97f4c7-6q5vs   1m    97Mi   
websocket-server-56c97f4c7-brs2k   1m    30Mi   
websocket-server-56c97f4c7-fpqmn   1m    27Mi   
websocket-server-56c97f4c7-nnm5m   1m    28Mi   
websocket-server-56c97f4c7-q82jn   1m    33Mi   
websocket-server-56c97f4c7-t7zg4   0m    86Mi   
websocket-server-56c97f4c7-tx467   1m    28Mi   
1781613449
websocket-server-56c97f4c7-547ll   1m    30Mi   
websocket-server-56c97f4c7-6q5vs   1m    97Mi   
websocket-server-56c97f4c7-brs2k   1m    30Mi   
websocket-server-56c97f4c7-fpqmn   1m    27Mi   
websocket-server-56c97f4c7-nnm5m   1m    29Mi   
websocket-server-56c97f4c7-q82jn   1m    33Mi   
websocket-server-56c97f4c7-t7zg4   1m    86Mi   
websocket-server-56c97f4c7-tx467   1m    28Mi   
1781613454
websocket-server-56c97f4c7-547ll   1m    30Mi   
websocket-server-56c97f4c7-6q5vs   1m    97Mi   
websocket-server-56c97f4c7-brs2k   1m    30Mi   
websocket-server-56c97f4c7-fpqmn   1m    27Mi   
websocket-server-56c97f4c7-nnm5m   1m    29Mi   
websocket-server-56c97f4c7-q82jn   1m    33Mi   
websocket-server-56c97f4c7-t7zg4   1m    86Mi   
websocket-server-56c97f4c7-tx467   1m    28Mi   
1781613459
websocket-server-56c97f4c7-547ll   1m    30Mi   
websocket-server-56c97f4c7-6q5vs   1m    97Mi   
websocket-server-56c97f4c7-brs2k   1m    30Mi   
websocket-server-56c97f4c7-fpqmn   1m    27Mi   
websocket-server-56c97f4c7-nnm5m   1m    29Mi   
websocket-server-56c97f4c7-q82jn   1m    33Mi   
websocket-server-56c97f4c7-t7zg4   1m    86Mi   
websocket-server-56c97f4c7-tx467   1m    28Mi   
1781613464
websocket-server-56c97f4c7-547ll   1m    30Mi   
websocket-server-56c97f4c7-6q5vs   1m    97Mi   
websocket-server-56c97f4c7-brs2k   1m    31Mi   
websocket-server-56c97f4c7-fpqmn   1m    27Mi   
websocket-server-56c97f4c7-nnm5m   1m    28Mi   
websocket-server-56c97f4c7-q82jn   1m    33Mi   
websocket-server-56c97f4c7-t7zg4   1m    86Mi   
websocket-server-56c97f4c7-tx467   1m    28Mi   
1781613469
websocket-server-56c97f4c7-547ll   1m    30Mi   
websocket-server-56c97f4c7-6q5vs   1m    97Mi   
websocket-server-56c97f4c7-brs2k   1m    31Mi   
websocket-server-56c97f4c7-fpqmn   1m    27Mi   
websocket-server-56c97f4c7-nnm5m   1m    28Mi   
websocket-server-56c97f4c7-q82jn   1m    33Mi   
websocket-server-56c97f4c7-t7zg4   1m    86Mi   
websocket-server-56c97f4c7-tx467   1m    28Mi   
1781613474
websocket-server-56c97f4c7-547ll   1m    30Mi   
websocket-server-56c97f4c7-6q5vs   1m    97Mi   
websocket-server-56c97f4c7-brs2k   1m    31Mi   
websocket-server-56c97f4c7-fpqmn   1m    27Mi   
websocket-server-56c97f4c7-nnm5m   1m    28Mi   
websocket-server-56c97f4c7-q82jn   1m    33Mi   
websocket-server-56c97f4c7-t7zg4   1m    86Mi   
websocket-server-56c97f4c7-tx467   1m    28Mi   
1781613479
websocket-server-56c97f4c7-547ll   2m    31Mi   
websocket-server-56c97f4c7-6q5vs   2m    97Mi   
websocket-server-56c97f4c7-brs2k   2m    32Mi   
websocket-server-56c97f4c7-fpqmn   2m    28Mi   
websocket-server-56c97f4c7-nnm5m   2m    30Mi   
websocket-server-56c97f4c7-q82jn   2m    34Mi   
websocket-server-56c97f4c7-t7zg4   2m    86Mi   
websocket-server-56c97f4c7-tx467   2m    29Mi   
1781613484
websocket-server-56c97f4c7-547ll   2m    31Mi   
websocket-server-56c97f4c7-6q5vs   2m    97Mi   
websocket-server-56c97f4c7-brs2k   2m    32Mi   
websocket-server-56c97f4c7-fpqmn   2m    28Mi   
websocket-server-56c97f4c7-nnm5m   2m    30Mi   
websocket-server-56c97f4c7-q82jn   2m    34Mi   
websocket-server-56c97f4c7-t7zg4   2m    86Mi   
websocket-server-56c97f4c7-tx467   2m    29Mi   
1781613489
websocket-server-56c97f4c7-547ll   2m    31Mi   
websocket-server-56c97f4c7-6q5vs   2m    97Mi   
websocket-server-56c97f4c7-brs2k   2m    32Mi   
websocket-server-56c97f4c7-fpqmn   2m    28Mi   
websocket-server-56c97f4c7-nnm5m   2m    30Mi   
websocket-server-56c97f4c7-q82jn   2m    34Mi   
websocket-server-56c97f4c7-t7zg4   2m    86Mi   
websocket-server-56c97f4c7-tx467   2m    29Mi   
1781613494
websocket-server-56c97f4c7-547ll   3m    32Mi   
websocket-server-56c97f4c7-6q5vs   2m    97Mi   
websocket-server-56c97f4c7-brs2k   3m    32Mi   
websocket-server-56c97f4c7-fpqmn   3m    29Mi   
websocket-server-56c97f4c7-nnm5m   3m    30Mi   
websocket-server-56c97f4c7-q82jn   3m    35Mi   
websocket-server-56c97f4c7-t7zg4   3m    87Mi   
websocket-server-56c97f4c7-tx467   3m    29Mi   
1781613499
websocket-server-56c97f4c7-547ll   3m    32Mi   
websocket-server-56c97f4c7-6q5vs   2m    97Mi   
websocket-server-56c97f4c7-brs2k   3m    32Mi   
websocket-server-56c97f4c7-fpqmn   3m    29Mi   
websocket-server-56c97f4c7-nnm5m   3m    30Mi   
websocket-server-56c97f4c7-q82jn   3m    35Mi   
websocket-server-56c97f4c7-t7zg4   3m    87Mi   
websocket-server-56c97f4c7-tx467   3m    29Mi   
1781613504
websocket-server-56c97f4c7-547ll   3m    32Mi   
websocket-server-56c97f4c7-6q5vs   2m    97Mi   
websocket-server-56c97f4c7-brs2k   3m    32Mi   
websocket-server-56c97f4c7-fpqmn   3m    29Mi   
websocket-server-56c97f4c7-nnm5m   3m    30Mi   
websocket-server-56c97f4c7-q82jn   3m    35Mi   
websocket-server-56c97f4c7-t7zg4   3m    87Mi   
websocket-server-56c97f4c7-tx467   3m    29Mi   
1781613509
websocket-server-56c97f4c7-547ll   4m    32Mi   
websocket-server-56c97f4c7-6q5vs   5m    98Mi   
websocket-server-56c97f4c7-brs2k   3m    32Mi   
websocket-server-56c97f4c7-fpqmn   3m    29Mi   
websocket-server-56c97f4c7-nnm5m   3m    30Mi   
websocket-server-56c97f4c7-q82jn   6m    37Mi   
websocket-server-56c97f4c7-t7zg4   5m    87Mi   
websocket-server-56c97f4c7-tx467   3m    29Mi   
1781613514
websocket-server-56c97f4c7-547ll   4m    32Mi   
websocket-server-56c97f4c7-6q5vs   5m    98Mi   
websocket-server-56c97f4c7-brs2k   3m    32Mi   
websocket-server-56c97f4c7-fpqmn   3m    29Mi   
websocket-server-56c97f4c7-q82jn   6m    37Mi   
websocket-server-56c97f4c7-t7zg4   5m    87Mi   
1781613519
websocket-server-56c97f4c7-547ll   4m    32Mi   
websocket-server-56c97f4c7-6q5vs   5m    98Mi   
websocket-server-56c97f4c7-q82jn   6m    37Mi   
websocket-server-56c97f4c7-t7zg4   5m    87Mi   
1781613524
websocket-server-56c97f4c7-6q5vs   6m    97Mi   
websocket-server-56c97f4c7-8svlz   21m   28Mi   
websocket-server-56c97f4c7-c4st5   4m    30Mi   
websocket-server-56c97f4c7-q82jn   7m    39Mi   
websocket-server-56c97f4c7-t7zg4   6m    87Mi   
1781613530
websocket-server-56c97f4c7-6q5vs   6m    97Mi   
websocket-server-56c97f4c7-8svlz   21m   28Mi   
websocket-server-56c97f4c7-c4st5   4m    30Mi   
websocket-server-56c97f4c7-q82jn   7m    39Mi   
websocket-server-56c97f4c7-t7zg4   6m    87Mi   
1781613535
websocket-server-56c97f4c7-6q5vs   6m    97Mi   
websocket-server-56c97f4c7-8svlz   21m   28Mi   
websocket-server-56c97f4c7-c4st5   4m    30Mi   
websocket-server-56c97f4c7-q82jn   7m    39Mi   
websocket-server-56c97f4c7-t7zg4   6m    87Mi   
1781613540
websocket-server-56c97f4c7-6q5vs   8m    98Mi   
websocket-server-56c97f4c7-8svlz   5m    31Mi   
websocket-server-56c97f4c7-c4st5   4m    30Mi   
websocket-server-56c97f4c7-jn6kw   26m   28Mi   
websocket-server-56c97f4c7-ksxsp   21m   28Mi   
websocket-server-56c97f4c7-q82jn   10m   42Mi   
websocket-server-56c97f4c7-t7zg4   9m    87Mi   
1781613545
websocket-server-56c97f4c7-6q5vs   8m    98Mi   
websocket-server-56c97f4c7-8svlz   5m    31Mi   
websocket-server-56c97f4c7-c4st5   4m    30Mi   
websocket-server-56c97f4c7-jn6kw   26m   28Mi   
websocket-server-56c97f4c7-ksxsp   21m   28Mi   
websocket-server-56c97f4c7-q82jn   10m   42Mi   
websocket-server-56c97f4c7-t7zg4   9m    87Mi   
1781613550
websocket-server-56c97f4c7-6q5vs   8m    98Mi   
websocket-server-56c97f4c7-8svlz   5m    31Mi   
websocket-server-56c97f4c7-c4st5   4m    30Mi   
websocket-server-56c97f4c7-jn6kw   26m   28Mi   
websocket-server-56c97f4c7-ksxsp   21m   28Mi   
websocket-server-56c97f4c7-q82jn   10m   42Mi   
websocket-server-56c97f4c7-t7zg4   9m    87Mi   
1781613555
websocket-server-56c97f4c7-6q5vs   8m    98Mi   
websocket-server-56c97f4c7-7jb5k   1m    28Mi   
websocket-server-56c97f4c7-8svlz   6m    33Mi   
websocket-server-56c97f4c7-c4st5   6m    32Mi   
websocket-server-56c97f4c7-jn6kw   3m    29Mi   
websocket-server-56c97f4c7-ksxsp   21m   28Mi   
websocket-server-56c97f4c7-q82jn   10m   42Mi   
websocket-server-56c97f4c7-t7zg4   11m   87Mi   
1781613560
websocket-server-56c97f4c7-6q5vs   8m    98Mi   
websocket-server-56c97f4c7-7jb5k   1m    28Mi   
websocket-server-56c97f4c7-8svlz   6m    33Mi   
websocket-server-56c97f4c7-c4st5   6m    32Mi   
websocket-server-56c97f4c7-jn6kw   3m    29Mi   
websocket-server-56c97f4c7-ksxsp   21m   28Mi   
websocket-server-56c97f4c7-q82jn   10m   42Mi   
websocket-server-56c97f4c7-t7zg4   11m   87Mi   
1781613565
websocket-server-56c97f4c7-6q5vs   8m    98Mi   
websocket-server-56c97f4c7-7jb5k   1m    28Mi   
websocket-server-56c97f4c7-8svlz   6m    33Mi   
websocket-server-56c97f4c7-c4st5   6m    32Mi   
websocket-server-56c97f4c7-jn6kw   3m    29Mi   
websocket-server-56c97f4c7-ksxsp   21m   28Mi   
websocket-server-56c97f4c7-q82jn   10m   42Mi   
websocket-server-56c97f4c7-t7zg4   11m   87Mi   
1781613570
websocket-server-56c97f4c7-6q5vs   11m   98Mi   
websocket-server-56c97f4c7-7jb5k   1m    28Mi   
websocket-server-56c97f4c7-8svlz   7m    33Mi   
websocket-server-56c97f4c7-c4st5   6m    33Mi   
websocket-server-56c97f4c7-jn6kw   3m    29Mi   
websocket-server-56c97f4c7-ksxsp   2m    28Mi   
websocket-server-56c97f4c7-q82jn   11m   42Mi   
websocket-server-56c97f4c7-s4rhp   19m   27Mi   
websocket-server-56c97f4c7-t7zg4   12m   87Mi   
1781613575
websocket-server-56c97f4c7-6q5vs   11m   98Mi   
websocket-server-56c97f4c7-7jb5k   1m    28Mi   
websocket-server-56c97f4c7-8svlz   7m    33Mi   
websocket-server-56c97f4c7-c4st5   6m    33Mi   
websocket-server-56c97f4c7-jn6kw   3m    29Mi   
websocket-server-56c97f4c7-ksxsp   2m    28Mi   
websocket-server-56c97f4c7-q82jn   11m   42Mi   
websocket-server-56c97f4c7-s4rhp   19m   27Mi   
websocket-server-56c97f4c7-t7zg4   12m   87Mi   
1781613580
websocket-server-56c97f4c7-6q5vs   11m   98Mi   
websocket-server-56c97f4c7-7jb5k   1m    28Mi   
websocket-server-56c97f4c7-8svlz   7m    33Mi   
websocket-server-56c97f4c7-c4st5   6m    33Mi   
websocket-server-56c97f4c7-jn6kw   3m    29Mi   
websocket-server-56c97f4c7-ksxsp   2m    28Mi   
websocket-server-56c97f4c7-q82jn   11m   42Mi   
websocket-server-56c97f4c7-s4rhp   19m   27Mi   
websocket-server-56c97f4c7-t7zg4   12m   87Mi   
1781613585
websocket-server-56c97f4c7-6q5vs   9m    98Mi   
websocket-server-56c97f4c7-7jb5k   1m    28Mi   
websocket-server-56c97f4c7-8svlz   7m    33Mi   
websocket-server-56c97f4c7-c4st5   8m    33Mi   
websocket-server-56c97f4c7-jn6kw   3m    29Mi   
websocket-server-56c97f4c7-ksxsp   2m    28Mi   
websocket-server-56c97f4c7-q82jn   13m   42Mi   
websocket-server-56c97f4c7-s4rhp   1m    27Mi   
websocket-server-56c97f4c7-t7zg4   14m   87Mi   
1781613590
websocket-server-56c97f4c7-6q5vs   9m    98Mi   
websocket-server-56c97f4c7-7jb5k   1m    28Mi   
websocket-server-56c97f4c7-8svlz   7m    33Mi   
websocket-server-56c97f4c7-c4st5   8m    33Mi   
websocket-server-56c97f4c7-jn6kw   3m    29Mi   
websocket-server-56c97f4c7-ksxsp   2m    28Mi   
websocket-server-56c97f4c7-q82jn   13m   42Mi   
websocket-server-56c97f4c7-s4rhp   1m    27Mi   
websocket-server-56c97f4c7-t7zg4   14m   87Mi   
1781613595
websocket-server-56c97f4c7-6q5vs   9m    98Mi   
websocket-server-56c97f4c7-7jb5k   1m    28Mi   
websocket-server-56c97f4c7-8svlz   7m    33Mi   
websocket-server-56c97f4c7-c4st5   8m    33Mi   
websocket-server-56c97f4c7-jn6kw   3m    29Mi   
websocket-server-56c97f4c7-ksxsp   2m    28Mi   
websocket-server-56c97f4c7-q82jn   13m   42Mi   
websocket-server-56c97f4c7-s4rhp   1m    27Mi   
websocket-server-56c97f4c7-t7zg4   14m   87Mi   
1781613600
websocket-server-56c97f4c7-6q5vs   4m    98Mi   
websocket-server-56c97f4c7-7jb5k   1m    28Mi   
websocket-server-56c97f4c7-8svlz   3m    33Mi   
websocket-server-56c97f4c7-c4st5   4m    32Mi   
websocket-server-56c97f4c7-jn6kw   2m    29Mi   
websocket-server-56c97f4c7-ksxsp   2m    28Mi   
websocket-server-56c97f4c7-q82jn   4m    42Mi   
websocket-server-56c97f4c7-s4rhp   1m    27Mi   
websocket-server-56c97f4c7-t7zg4   5m    87Mi   
1781613605
websocket-server-56c97f4c7-6q5vs   4m    98Mi   
websocket-server-56c97f4c7-7jb5k   1m    28Mi   
websocket-server-56c97f4c7-8svlz   3m    33Mi   
websocket-server-56c97f4c7-c4st5   4m    32Mi   
websocket-server-56c97f4c7-jn6kw   2m    29Mi   
websocket-server-56c97f4c7-ksxsp   2m    28Mi   
websocket-server-56c97f4c7-q82jn   4m    42Mi   
websocket-server-56c97f4c7-s4rhp   1m    27Mi   
websocket-server-56c97f4c7-t7zg4   5m    87Mi   
1781613610
websocket-server-56c97f4c7-6q5vs   4m    98Mi   
websocket-server-56c97f4c7-7jb5k   1m    28Mi   
websocket-server-56c97f4c7-8svlz   3m    33Mi   
websocket-server-56c97f4c7-c4st5   4m    32Mi   
websocket-server-56c97f4c7-jn6kw   2m    29Mi   
websocket-server-56c97f4c7-ksxsp   2m    28Mi   
websocket-server-56c97f4c7-q82jn   4m    42Mi   
websocket-server-56c97f4c7-s4rhp   1m    27Mi   
websocket-server-56c97f4c7-t7zg4   5m    87Mi   
1781613615
websocket-server-56c97f4c7-6q5vs   4m    98Mi   
websocket-server-56c97f4c7-7jb5k   1m    28Mi   
websocket-server-56c97f4c7-8svlz   3m    33Mi   
websocket-server-56c97f4c7-c4st5   3m    33Mi   
websocket-server-56c97f4c7-jn6kw   1m    29Mi   
websocket-server-56c97f4c7-ksxsp   1m    28Mi   
websocket-server-56c97f4c7-q82jn   5m    42Mi   
websocket-server-56c97f4c7-s4rhp   1m    27Mi   
websocket-server-56c97f4c7-t7zg4   5m    87Mi   
1781613620
websocket-server-56c97f4c7-6q5vs   4m    98Mi   
websocket-server-56c97f4c7-7jb5k   1m    28Mi   
websocket-server-56c97f4c7-8svlz   3m    33Mi   
websocket-server-56c97f4c7-c4st5   3m    33Mi   
websocket-server-56c97f4c7-jn6kw   1m    29Mi   
websocket-server-56c97f4c7-ksxsp   1m    28Mi   
websocket-server-56c97f4c7-q82jn   5m    42Mi   
websocket-server-56c97f4c7-s4rhp   1m    27Mi   
websocket-server-56c97f4c7-t7zg4   5m    87Mi   
1781613625
websocket-server-56c97f4c7-6q5vs   4m    98Mi   
websocket-server-56c97f4c7-7jb5k   1m    28Mi   
websocket-server-56c97f4c7-8svlz   3m    33Mi   
websocket-server-56c97f4c7-c4st5   3m    33Mi   
websocket-server-56c97f4c7-jn6kw   1m    29Mi   
websocket-server-56c97f4c7-ksxsp   1m    28Mi   
websocket-server-56c97f4c7-q82jn   5m    42Mi   
websocket-server-56c97f4c7-s4rhp   1m    27Mi   
websocket-server-56c97f4c7-t7zg4   5m    87Mi   
1781613630
websocket-server-56c97f4c7-6q5vs   4m    98Mi   
websocket-server-56c97f4c7-7jb5k   1m    28Mi   
websocket-server-56c97f4c7-8svlz   3m    33Mi   
websocket-server-56c97f4c7-c4st5   3m    33Mi   
websocket-server-56c97f4c7-jn6kw   1m    29Mi   
websocket-server-56c97f4c7-ksxsp   1m    28Mi   
websocket-server-56c97f4c7-q82jn   4m    42Mi   
websocket-server-56c97f4c7-s4rhp   1m    27Mi   
websocket-server-56c97f4c7-t7zg4   5m    87Mi   
1781613635
websocket-server-56c97f4c7-6q5vs   4m    98Mi   
websocket-server-56c97f4c7-7jb5k   1m    28Mi   
websocket-server-56c97f4c7-8svlz   3m    33Mi   
websocket-server-56c97f4c7-c4st5   3m    33Mi   
websocket-server-56c97f4c7-jn6kw   1m    29Mi   
websocket-server-56c97f4c7-ksxsp   1m    28Mi   
websocket-server-56c97f4c7-q82jn   4m    42Mi   
websocket-server-56c97f4c7-s4rhp   1m    27Mi   
websocket-server-56c97f4c7-t7zg4   5m    87Mi   
1781613640
websocket-server-56c97f4c7-6q5vs   4m    98Mi   
websocket-server-56c97f4c7-7jb5k   1m    28Mi   
websocket-server-56c97f4c7-8svlz   3m    33Mi   
websocket-server-56c97f4c7-c4st5   3m    33Mi   
websocket-server-56c97f4c7-jn6kw   1m    29Mi   
websocket-server-56c97f4c7-ksxsp   1m    28Mi   
websocket-server-56c97f4c7-q82jn   4m    42Mi   
websocket-server-56c97f4c7-s4rhp   1m    27Mi   
websocket-server-56c97f4c7-t7zg4   5m    87Mi   
1781613646
websocket-server-56c97f4c7-6q5vs   7m    97Mi   
websocket-server-56c97f4c7-7jb5k   1m    28Mi   
websocket-server-56c97f4c7-8svlz   6m    33Mi   
websocket-server-56c97f4c7-c4st5   3m    33Mi   
websocket-server-56c97f4c7-jn6kw   3m    29Mi   
websocket-server-56c97f4c7-ksxsp   1m    28Mi   
websocket-server-56c97f4c7-q82jn   8m    41Mi   
websocket-server-56c97f4c7-s4rhp   1m    27Mi   
websocket-server-56c97f4c7-t7zg4   6m    86Mi   
1781613651
websocket-server-56c97f4c7-6q5vs   7m    97Mi   
websocket-server-56c97f4c7-7jb5k   1m    28Mi   
websocket-server-56c97f4c7-8svlz   6m    33Mi   
websocket-server-56c97f4c7-c4st5   3m    33Mi   
websocket-server-56c97f4c7-jn6kw   3m    29Mi   
websocket-server-56c97f4c7-ksxsp   1m    28Mi   
websocket-server-56c97f4c7-q82jn   8m    41Mi   
websocket-server-56c97f4c7-s4rhp   1m    27Mi   
websocket-server-56c97f4c7-t7zg4   6m    86Mi   
1781613656
websocket-server-56c97f4c7-6q5vs   7m    97Mi   
websocket-server-56c97f4c7-7jb5k   1m    28Mi   
websocket-server-56c97f4c7-8svlz   6m    33Mi   
websocket-server-56c97f4c7-c4st5   3m    33Mi   
websocket-server-56c97f4c7-jn6kw   3m    29Mi   
websocket-server-56c97f4c7-ksxsp   1m    28Mi   
websocket-server-56c97f4c7-q82jn   8m    41Mi   
websocket-server-56c97f4c7-s4rhp   1m    27Mi   
websocket-server-56c97f4c7-t7zg4   6m    86Mi   
1781613661
websocket-server-56c97f4c7-6q5vs   1m    97Mi   
websocket-server-56c97f4c7-7jb5k   1m    28Mi   
websocket-server-56c97f4c7-8svlz   1m    33Mi   
websocket-server-56c97f4c7-c4st5   3m    32Mi   
websocket-server-56c97f4c7-jn6kw   0m    29Mi   
websocket-server-56c97f4c7-ksxsp   2m    28Mi   
websocket-server-56c97f4c7-q82jn   1m    41Mi   
websocket-server-56c97f4c7-s4rhp   1m    27Mi   
websocket-server-56c97f4c7-t7zg4   1m    86Mi   
1781613666
websocket-server-56c97f4c7-6q5vs   1m    97Mi   
websocket-server-56c97f4c7-7jb5k   1m    28Mi   
websocket-server-56c97f4c7-8svlz   1m    33Mi   
websocket-server-56c97f4c7-c4st5   3m    32Mi   
websocket-server-56c97f4c7-jn6kw   0m    29Mi   
websocket-server-56c97f4c7-ksxsp   2m    28Mi   
websocket-server-56c97f4c7-q82jn   1m    41Mi   
websocket-server-56c97f4c7-s4rhp   1m    27Mi   
websocket-server-56c97f4c7-t7zg4   1m    86Mi   
1781613671
websocket-server-56c97f4c7-6q5vs   1m    97Mi   
websocket-server-56c97f4c7-7jb5k   1m    28Mi   
websocket-server-56c97f4c7-8svlz   1m    33Mi   
websocket-server-56c97f4c7-c4st5   3m    32Mi   
websocket-server-56c97f4c7-jn6kw   0m    29Mi   
websocket-server-56c97f4c7-ksxsp   2m    28Mi   
websocket-server-56c97f4c7-q82jn   1m    41Mi   
websocket-server-56c97f4c7-s4rhp   1m    27Mi   
websocket-server-56c97f4c7-t7zg4   1m    86Mi   
1781613676
websocket-server-56c97f4c7-6q5vs   1m    97Mi   
websocket-server-56c97f4c7-7jb5k   1m    28Mi   
websocket-server-56c97f4c7-8svlz   1m    33Mi   
websocket-server-56c97f4c7-c4st5   1m    32Mi   
websocket-server-56c97f4c7-jn6kw   1m    29Mi   
websocket-server-56c97f4c7-ksxsp   1m    28Mi   
websocket-server-56c97f4c7-q82jn   1m    41Mi   
websocket-server-56c97f4c7-s4rhp   1m    27Mi   
websocket-server-56c97f4c7-t7zg4   1m    86Mi   
1781613681
websocket-server-56c97f4c7-6q5vs   1m    97Mi   
websocket-server-56c97f4c7-7jb5k   1m    28Mi   
websocket-server-56c97f4c7-8svlz   1m    33Mi   
websocket-server-56c97f4c7-c4st5   1m    32Mi   
websocket-server-56c97f4c7-jn6kw   1m    29Mi   
websocket-server-56c97f4c7-ksxsp   1m    28Mi   
websocket-server-56c97f4c7-q82jn   1m    41Mi   
websocket-server-56c97f4c7-s4rhp   1m    27Mi   
websocket-server-56c97f4c7-t7zg4   1m    86Mi   
1781613686
websocket-server-56c97f4c7-6q5vs   1m    97Mi   
websocket-server-56c97f4c7-7jb5k   1m    28Mi   
websocket-server-56c97f4c7-8svlz   1m    33Mi   
websocket-server-56c97f4c7-c4st5   1m    32Mi   
websocket-server-56c97f4c7-jn6kw   1m    29Mi   
websocket-server-56c97f4c7-ksxsp   1m    28Mi   
websocket-server-56c97f4c7-q82jn   1m    41Mi   
websocket-server-56c97f4c7-s4rhp   1m    27Mi   
websocket-server-56c97f4c7-t7zg4   1m    86Mi   
1781613691
websocket-server-56c97f4c7-6q5vs   1m    97Mi   
websocket-server-56c97f4c7-7jb5k   1m    28Mi   
websocket-server-56c97f4c7-8svlz   1m    33Mi   
websocket-server-56c97f4c7-c4st5   1m    32Mi   
websocket-server-56c97f4c7-jn6kw   0m    29Mi   
websocket-server-56c97f4c7-ksxsp   1m    28Mi   
websocket-server-56c97f4c7-q82jn   1m    41Mi   
websocket-server-56c97f4c7-s4rhp   1m    27Mi   
websocket-server-56c97f4c7-t7zg4   1m    86Mi   
1781613696
websocket-server-56c97f4c7-6q5vs   1m    97Mi   
websocket-server-56c97f4c7-7jb5k   1m    28Mi   
websocket-server-56c97f4c7-8svlz   1m    33Mi   
websocket-server-56c97f4c7-c4st5   1m    32Mi   
websocket-server-56c97f4c7-jn6kw   0m    29Mi   
websocket-server-56c97f4c7-ksxsp   1m    28Mi   
websocket-server-56c97f4c7-q82jn   1m    41Mi   
websocket-server-56c97f4c7-s4rhp   1m    27Mi   
websocket-server-56c97f4c7-t7zg4   1m    86Mi   
1781613701
websocket-server-56c97f4c7-6q5vs   1m    97Mi   
websocket-server-56c97f4c7-7jb5k   1m    28Mi   
websocket-server-56c97f4c7-8svlz   1m    33Mi   
websocket-server-56c97f4c7-c4st5   1m    32Mi   
websocket-server-56c97f4c7-jn6kw   0m    29Mi   
websocket-server-56c97f4c7-ksxsp   1m    28Mi   
websocket-server-56c97f4c7-q82jn   1m    41Mi   
websocket-server-56c97f4c7-s4rhp   1m    27Mi   
websocket-server-56c97f4c7-t7zg4   1m    86Mi   
1781613706
websocket-server-56c97f4c7-6q5vs   1m    97Mi   
websocket-server-56c97f4c7-7jb5k   1m    28Mi   
websocket-server-56c97f4c7-8svlz   1m    33Mi   
websocket-server-56c97f4c7-c4st5   1m    32Mi   
websocket-server-56c97f4c7-jn6kw   1m    29Mi   
websocket-server-56c97f4c7-ksxsp   1m    28Mi   
websocket-server-56c97f4c7-q82jn   1m    41Mi   
websocket-server-56c97f4c7-s4rhp   1m    27Mi   
websocket-server-56c97f4c7-t7zg4   1m    86Mi   
1781613711
websocket-server-56c97f4c7-6q5vs   1m    97Mi   
websocket-server-56c97f4c7-7jb5k   1m    28Mi   
websocket-server-56c97f4c7-8svlz   1m    33Mi   
websocket-server-56c97f4c7-c4st5   1m    32Mi   
websocket-server-56c97f4c7-jn6kw   1m    29Mi   
websocket-server-56c97f4c7-ksxsp   1m    28Mi   
websocket-server-56c97f4c7-q82jn   1m    41Mi   
websocket-server-56c97f4c7-s4rhp   1m    27Mi   
websocket-server-56c97f4c7-t7zg4   1m    86Mi   
1781613716
websocket-server-56c97f4c7-6q5vs   1m    97Mi   
websocket-server-56c97f4c7-7jb5k   1m    28Mi   
websocket-server-56c97f4c7-8svlz   1m    33Mi   
websocket-server-56c97f4c7-c4st5   1m    32Mi   
websocket-server-56c97f4c7-jn6kw   1m    29Mi   
websocket-server-56c97f4c7-ksxsp   1m    28Mi   
websocket-server-56c97f4c7-q82jn   1m    41Mi   
websocket-server-56c97f4c7-s4rhp   1m    27Mi   
websocket-server-56c97f4c7-t7zg4   1m    86Mi   
1781613721
websocket-server-56c97f4c7-6q5vs   1m    97Mi   
websocket-server-56c97f4c7-7jb5k   1m    28Mi   
websocket-server-56c97f4c7-8svlz   1m    33Mi   
websocket-server-56c97f4c7-c4st5   1m    32Mi   
websocket-server-56c97f4c7-jn6kw   1m    29Mi   
websocket-server-56c97f4c7-ksxsp   1m    28Mi   
websocket-server-56c97f4c7-q82jn   1m    41Mi   
websocket-server-56c97f4c7-s4rhp   1m    27Mi   
websocket-server-56c97f4c7-t7zg4   1m    86Mi   
1781613726
websocket-server-56c97f4c7-6q5vs   1m    97Mi   
websocket-server-56c97f4c7-7jb5k   1m    28Mi   
websocket-server-56c97f4c7-8svlz   1m    33Mi   
websocket-server-56c97f4c7-c4st5   1m    32Mi   
websocket-server-56c97f4c7-jn6kw   1m    29Mi   
websocket-server-56c97f4c7-ksxsp   1m    28Mi   
websocket-server-56c97f4c7-q82jn   1m    41Mi   
websocket-server-56c97f4c7-s4rhp   1m    27Mi   
websocket-server-56c97f4c7-t7zg4   1m    86Mi   
1781613731
websocket-server-56c97f4c7-6q5vs   1m    97Mi   
websocket-server-56c97f4c7-8svlz   1m    33Mi   
websocket-server-56c97f4c7-c4st5   1m    32Mi   
websocket-server-56c97f4c7-jn6kw   1m    29Mi   
websocket-server-56c97f4c7-ksxsp   1m    28Mi   
websocket-server-56c97f4c7-q82jn   1m    41Mi   
websocket-server-56c97f4c7-s4rhp   1m    27Mi   
websocket-server-56c97f4c7-t7zg4   1m    86Mi   
1781613736
websocket-server-56c97f4c7-6q5vs   1m    97Mi   
websocket-server-56c97f4c7-8svlz   1m    33Mi   
websocket-server-56c97f4c7-c4st5   1m    32Mi   
websocket-server-56c97f4c7-jn6kw   1m    29Mi   
websocket-server-56c97f4c7-ksxsp   1m    28Mi   
websocket-server-56c97f4c7-q82jn   1m    41Mi   
websocket-server-56c97f4c7-s4rhp   1m    27Mi   
websocket-server-56c97f4c7-t7zg4   1m    86Mi   
1781613741
websocket-server-56c97f4c7-6q5vs   1m    97Mi   
websocket-server-56c97f4c7-8svlz   1m    33Mi   
websocket-server-56c97f4c7-c4st5   1m    32Mi   
websocket-server-56c97f4c7-jn6kw   1m    29Mi   
websocket-server-56c97f4c7-ksxsp   1m    28Mi   
websocket-server-56c97f4c7-q82jn   1m    41Mi   
websocket-server-56c97f4c7-s4rhp   1m    27Mi   
websocket-server-56c97f4c7-t7zg4   1m    86Mi   
1781613746
websocket-server-56c97f4c7-6q5vs   1m    97Mi   
websocket-server-56c97f4c7-8svlz   1m    33Mi   
websocket-server-56c97f4c7-c4st5   1m    32Mi   
websocket-server-56c97f4c7-jn6kw   1m    29Mi   
websocket-server-56c97f4c7-ksxsp   1m    28Mi   
websocket-server-56c97f4c7-q82jn   1m    41Mi   
websocket-server-56c97f4c7-s4rhp   1m    27Mi   
websocket-server-56c97f4c7-t7zg4   1m    86Mi   
1781613751
websocket-server-56c97f4c7-6q5vs   1m    97Mi   
websocket-server-56c97f4c7-8svlz   1m    33Mi   
websocket-server-56c97f4c7-c4st5   1m    32Mi   
websocket-server-56c97f4c7-jn6kw   1m    29Mi   
websocket-server-56c97f4c7-ksxsp   1m    28Mi   
websocket-server-56c97f4c7-q82jn   1m    41Mi   
websocket-server-56c97f4c7-s4rhp   1m    27Mi   
websocket-server-56c97f4c7-t7zg4   1m    86Mi   
1781613757
websocket-server-56c97f4c7-6q5vs   1m    97Mi   
websocket-server-56c97f4c7-8svlz   1m    33Mi   
websocket-server-56c97f4c7-c4st5   1m    32Mi   
websocket-server-56c97f4c7-jn6kw   1m    29Mi   
websocket-server-56c97f4c7-ksxsp   1m    28Mi   
websocket-server-56c97f4c7-q82jn   1m    41Mi   
websocket-server-56c97f4c7-s4rhp   1m    27Mi   
websocket-server-56c97f4c7-t7zg4   1m    86Mi   
1781613762
websocket-server-56c97f4c7-6q5vs   1m    97Mi   
websocket-server-56c97f4c7-8svlz   1m    33Mi   
websocket-server-56c97f4c7-c4st5   1m    32Mi   
websocket-server-56c97f4c7-jn6kw   1m    29Mi   
websocket-server-56c97f4c7-ksxsp   1m    28Mi   
websocket-server-56c97f4c7-q82jn   1m    41Mi   
websocket-server-56c97f4c7-s4rhp   1m    27Mi   
websocket-server-56c97f4c7-t7zg4   1m    86Mi   
1781613767
websocket-server-56c97f4c7-6q5vs   1m    97Mi   
websocket-server-56c97f4c7-8svlz   1m    33Mi   
websocket-server-56c97f4c7-c4st5   1m    32Mi   
websocket-server-56c97f4c7-jn6kw   1m    29Mi   
websocket-server-56c97f4c7-ksxsp   1m    28Mi   
websocket-server-56c97f4c7-q82jn   1m    41Mi   
websocket-server-56c97f4c7-s4rhp   1m    27Mi   
websocket-server-56c97f4c7-t7zg4   1m    86Mi   
1781613772
websocket-server-56c97f4c7-6q5vs   1m    97Mi   
websocket-server-56c97f4c7-8svlz   1m    33Mi   
websocket-server-56c97f4c7-c4st5   1m    32Mi   
websocket-server-56c97f4c7-jn6kw   1m    29Mi   
websocket-server-56c97f4c7-ksxsp   1m    28Mi   
websocket-server-56c97f4c7-q82jn   1m    41Mi   
websocket-server-56c97f4c7-s4rhp   1m    27Mi   
websocket-server-56c97f4c7-t7zg4   1m    86Mi   
1781613777
websocket-server-56c97f4c7-6q5vs   1m    97Mi   
websocket-server-56c97f4c7-8svlz   1m    33Mi   
websocket-server-56c97f4c7-c4st5   1m    32Mi   
websocket-server-56c97f4c7-jn6kw   1m    29Mi   
websocket-server-56c97f4c7-ksxsp   1m    28Mi   
websocket-server-56c97f4c7-q82jn   1m    41Mi   
websocket-server-56c97f4c7-s4rhp   1m    27Mi   
websocket-server-56c97f4c7-t7zg4   1m    86Mi   
1781613782
websocket-server-56c97f4c7-6q5vs   1m    97Mi   
websocket-server-56c97f4c7-8svlz   1m    33Mi   
websocket-server-56c97f4c7-c4st5   1m    32Mi   
websocket-server-56c97f4c7-jn6kw   1m    29Mi   
websocket-server-56c97f4c7-ksxsp   1m    28Mi   
websocket-server-56c97f4c7-q82jn   0m    41Mi   
websocket-server-56c97f4c7-s4rhp   1m    27Mi   
websocket-server-56c97f4c7-t7zg4   1m    86Mi   
1781613787
websocket-server-56c97f4c7-6q5vs   1m    97Mi   
websocket-server-56c97f4c7-8svlz   1m    33Mi   
websocket-server-56c97f4c7-c4st5   1m    32Mi   
websocket-server-56c97f4c7-jn6kw   1m    29Mi   
websocket-server-56c97f4c7-ksxsp   1m    28Mi   
websocket-server-56c97f4c7-q82jn   0m    41Mi   
websocket-server-56c97f4c7-s4rhp   1m    27Mi   
websocket-server-56c97f4c7-t7zg4   1m    86Mi   
1781613792
websocket-server-56c97f4c7-6q5vs   1m    97Mi   
websocket-server-56c97f4c7-8svlz   1m    33Mi   
websocket-server-56c97f4c7-c4st5   1m    32Mi   
websocket-server-56c97f4c7-jn6kw   1m    29Mi   
websocket-server-56c97f4c7-ksxsp   1m    28Mi   
websocket-server-56c97f4c7-q82jn   0m    41Mi   
websocket-server-56c97f4c7-s4rhp   1m    27Mi   
websocket-server-56c97f4c7-t7zg4   1m    86Mi   
1781613797
websocket-server-56c97f4c7-6q5vs   1m    97Mi   
websocket-server-56c97f4c7-8svlz   1m    33Mi   
websocket-server-56c97f4c7-c4st5   1m    32Mi   
websocket-server-56c97f4c7-jn6kw   1m    29Mi   
websocket-server-56c97f4c7-ksxsp   1m    28Mi   
websocket-server-56c97f4c7-q82jn   0m    41Mi   
websocket-server-56c97f4c7-s4rhp   1m    27Mi   
websocket-server-56c97f4c7-t7zg4   1m    86Mi   
1781613802
websocket-server-56c97f4c7-6q5vs   1m    97Mi   
websocket-server-56c97f4c7-8svlz   1m    33Mi   
websocket-server-56c97f4c7-c4st5   1m    32Mi   
websocket-server-56c97f4c7-jn6kw   1m    29Mi   
websocket-server-56c97f4c7-ksxsp   1m    28Mi   
websocket-server-56c97f4c7-q82jn   0m    41Mi   
websocket-server-56c97f4c7-s4rhp   1m    27Mi   
websocket-server-56c97f4c7-t7zg4   1m    86Mi   
1781613807
websocket-server-56c97f4c7-6q5vs   1m    97Mi   
websocket-server-56c97f4c7-8svlz   1m    33Mi   
websocket-server-56c97f4c7-c4st5   1m    32Mi   
websocket-server-56c97f4c7-jn6kw   1m    29Mi   
websocket-server-56c97f4c7-ksxsp   1m    28Mi   
websocket-server-56c97f4c7-q82jn   0m    41Mi   
websocket-server-56c97f4c7-s4rhp   1m    27Mi   
websocket-server-56c97f4c7-t7zg4   1m    86Mi   
1781613812
websocket-server-56c97f4c7-6q5vs   1m    97Mi   
websocket-server-56c97f4c7-8svlz   1m    33Mi   
websocket-server-56c97f4c7-c4st5   1m    32Mi   
websocket-server-56c97f4c7-jn6kw   1m    29Mi   
websocket-server-56c97f4c7-ksxsp   1m    28Mi   
websocket-server-56c97f4c7-q82jn   1m    41Mi   
websocket-server-56c97f4c7-s4rhp   1m    27Mi   
websocket-server-56c97f4c7-t7zg4   1m    86Mi   
1781613817
websocket-server-56c97f4c7-6q5vs   1m    97Mi   
websocket-server-56c97f4c7-8svlz   1m    33Mi   
websocket-server-56c97f4c7-c4st5   1m    32Mi   
websocket-server-56c97f4c7-jn6kw   1m    29Mi   
websocket-server-56c97f4c7-q82jn   1m    41Mi   
websocket-server-56c97f4c7-t7zg4   1m    86Mi   
1781613822
websocket-server-56c97f4c7-6q5vs   1m    97Mi   
websocket-server-56c97f4c7-8svlz   1m    33Mi   
websocket-server-56c97f4c7-q82jn   1m    41Mi   
websocket-server-56c97f4c7-t7zg4   1m    86Mi   
1781613827
websocket-server-56c97f4c7-6q5vs   1m    97Mi   
websocket-server-56c97f4c7-t7zg4   1m    86Mi   
