1777438410
websocket-server-56c97f4c7-7qc5d   24m   28Mi   
websocket-server-56c97f4c7-fc7nt   19m   27Mi   
1777438415
websocket-server-56c97f4c7-7qc5d   24m   28Mi   
websocket-server-56c97f4c7-fc7nt   19m   27Mi   
1777438420
websocket-server-56c97f4c7-7qc5d   24m   28Mi   
websocket-server-56c97f4c7-fc7nt   19m   27Mi   
1777438425
websocket-server-56c97f4c7-7qc5d   1m    28Mi   
websocket-server-56c97f4c7-fc7nt   1m    28Mi   
1777438430
websocket-server-56c97f4c7-7qc5d   1m    28Mi   
websocket-server-56c97f4c7-fc7nt   1m    28Mi   
1777438435
websocket-server-56c97f4c7-7qc5d   1m    28Mi   
websocket-server-56c97f4c7-fc7nt   1m    28Mi   
1777438440
websocket-server-56c97f4c7-7qc5d   5m    32Mi   
websocket-server-56c97f4c7-fc7nt   5m    31Mi   
1777438445
websocket-server-56c97f4c7-7qc5d   5m    32Mi   
websocket-server-56c97f4c7-fc7nt   5m    31Mi   
1777438450
websocket-server-56c97f4c7-7qc5d   5m    32Mi   
websocket-server-56c97f4c7-fc7nt   5m    31Mi   
1777438455
websocket-server-56c97f4c7-7qc5d   9m    36Mi   
websocket-server-56c97f4c7-fc7nt   9m    35Mi   
1777438460
websocket-server-56c97f4c7-7qc5d   9m    36Mi   
websocket-server-56c97f4c7-fc7nt   9m    35Mi   
1777438465
websocket-server-56c97f4c7-7qc5d   9m    36Mi   
websocket-server-56c97f4c7-fc7nt   9m    35Mi   
1777438470
websocket-server-56c97f4c7-7qc5d   12m   39Mi   
websocket-server-56c97f4c7-fc7nt   11m   38Mi   
websocket-server-56c97f4c7-wgxv7   20m   29Mi   
1777438475
websocket-server-56c97f4c7-7qc5d   12m   39Mi   
websocket-server-56c97f4c7-fc7nt   11m   38Mi   
websocket-server-56c97f4c7-wgxv7   20m   29Mi   
1777438480
websocket-server-56c97f4c7-7qc5d   12m   39Mi   
websocket-server-56c97f4c7-fc7nt   11m   38Mi   
websocket-server-56c97f4c7-wgxv7   20m   29Mi   
1777438485
websocket-server-56c97f4c7-7qc5d   13m   41Mi   
websocket-server-56c97f4c7-fc7nt   12m   39Mi   
websocket-server-56c97f4c7-psxs7   19m   28Mi   
websocket-server-56c97f4c7-qx65m   18m   28Mi   
websocket-server-56c97f4c7-wgxv7   5m    31Mi   
1777438490
websocket-server-56c97f4c7-7qc5d   13m   41Mi   
websocket-server-56c97f4c7-fc7nt   12m   39Mi   
websocket-server-56c97f4c7-psxs7   19m   28Mi   
websocket-server-56c97f4c7-qx65m   18m   28Mi   
websocket-server-56c97f4c7-wgxv7   5m    31Mi   
1777438495
websocket-server-56c97f4c7-7qc5d   13m   41Mi   
websocket-server-56c97f4c7-fc7nt   12m   39Mi   
websocket-server-56c97f4c7-psxs7   19m   28Mi   
websocket-server-56c97f4c7-qx65m   18m   28Mi   
websocket-server-56c97f4c7-wgxv7   5m    31Mi   
1777438500
websocket-server-56c97f4c7-4sdm5   20m   28Mi   
websocket-server-56c97f4c7-7qc5d   14m   42Mi   
websocket-server-56c97f4c7-fc7nt   14m   41Mi   
websocket-server-56c97f4c7-psxs7   3m    29Mi   
websocket-server-56c97f4c7-qx65m   3m    28Mi   
websocket-server-56c97f4c7-wgxv7   7m    32Mi   
1777438506
websocket-server-56c97f4c7-4sdm5   20m   28Mi   
websocket-server-56c97f4c7-7qc5d   14m   42Mi   
websocket-server-56c97f4c7-fc7nt   14m   41Mi   
websocket-server-56c97f4c7-psxs7   3m    29Mi   
websocket-server-56c97f4c7-qx65m   3m    28Mi   
websocket-server-56c97f4c7-wgxv7   7m    32Mi   
1777438511
websocket-server-56c97f4c7-4sdm5   20m   28Mi   
websocket-server-56c97f4c7-7qc5d   14m   42Mi   
websocket-server-56c97f4c7-fc7nt   14m   41Mi   
websocket-server-56c97f4c7-psxs7   3m    29Mi   
websocket-server-56c97f4c7-qx65m   3m    28Mi   
websocket-server-56c97f4c7-wgxv7   7m    32Mi   
1777438516
websocket-server-56c97f4c7-4sdm5   2m    28Mi   
websocket-server-56c97f4c7-7qc5d   15m   43Mi   
websocket-server-56c97f4c7-fc7nt   14m   43Mi   
websocket-server-56c97f4c7-psxs7   4m    30Mi   
websocket-server-56c97f4c7-qx65m   3m    30Mi   
websocket-server-56c97f4c7-wgxv7   7m    34Mi   
websocket-server-56c97f4c7-zc9r2   18m   28Mi   
1777438521
websocket-server-56c97f4c7-4sdm5   2m    28Mi   
websocket-server-56c97f4c7-7qc5d   15m   43Mi   
websocket-server-56c97f4c7-fc7nt   14m   43Mi   
websocket-server-56c97f4c7-psxs7   4m    30Mi   
websocket-server-56c97f4c7-qx65m   3m    30Mi   
websocket-server-56c97f4c7-wgxv7   7m    34Mi   
websocket-server-56c97f4c7-zc9r2   18m   28Mi   
1777438526
websocket-server-56c97f4c7-4sdm5   2m    28Mi   
websocket-server-56c97f4c7-7qc5d   15m   43Mi   
websocket-server-56c97f4c7-fc7nt   14m   43Mi   
websocket-server-56c97f4c7-psxs7   4m    30Mi   
websocket-server-56c97f4c7-qx65m   3m    30Mi   
websocket-server-56c97f4c7-wgxv7   7m    34Mi   
websocket-server-56c97f4c7-zc9r2   18m   28Mi   
1777438531
websocket-server-56c97f4c7-2cjdj   21m   27Mi   
websocket-server-56c97f4c7-4sdm5   2m    28Mi   
websocket-server-56c97f4c7-7qc5d   14m   43Mi   
websocket-server-56c97f4c7-fc7nt   14m   43Mi   
websocket-server-56c97f4c7-psxs7   4m    30Mi   
websocket-server-56c97f4c7-qx65m   3m    30Mi   
websocket-server-56c97f4c7-wgxv7   7m    34Mi   
websocket-server-56c97f4c7-zc9r2   1m    28Mi   
1777438536
websocket-server-56c97f4c7-2cjdj   21m   27Mi   
websocket-server-56c97f4c7-4sdm5   2m    28Mi   
websocket-server-56c97f4c7-7qc5d   14m   43Mi   
websocket-server-56c97f4c7-fc7nt   14m   43Mi   
websocket-server-56c97f4c7-psxs7   4m    30Mi   
websocket-server-56c97f4c7-qx65m   3m    30Mi   
websocket-server-56c97f4c7-wgxv7   7m    34Mi   
websocket-server-56c97f4c7-zc9r2   1m    28Mi   
1777438541
websocket-server-56c97f4c7-2cjdj   21m   27Mi   
websocket-server-56c97f4c7-4sdm5   2m    28Mi   
websocket-server-56c97f4c7-7qc5d   14m   43Mi   
websocket-server-56c97f4c7-fc7nt   14m   43Mi   
websocket-server-56c97f4c7-psxs7   4m    30Mi   
websocket-server-56c97f4c7-qx65m   3m    30Mi   
websocket-server-56c97f4c7-wgxv7   7m    34Mi   
websocket-server-56c97f4c7-zc9r2   1m    28Mi   
1777438546
websocket-server-56c97f4c7-2cjdj   1m    27Mi   
websocket-server-56c97f4c7-4sdm5   2m    28Mi   
websocket-server-56c97f4c7-7qc5d   12m   43Mi   
websocket-server-56c97f4c7-fc7nt   14m   43Mi   
websocket-server-56c97f4c7-psxs7   3m    30Mi   
websocket-server-56c97f4c7-qx65m   3m    30Mi   
websocket-server-56c97f4c7-wgxv7   5m    34Mi   
websocket-server-56c97f4c7-zc9r2   1m    28Mi   
1777438551
websocket-server-56c97f4c7-2cjdj   1m    27Mi   
websocket-server-56c97f4c7-4sdm5   2m    28Mi   
websocket-server-56c97f4c7-7qc5d   12m   43Mi   
websocket-server-56c97f4c7-fc7nt   14m   43Mi   
websocket-server-56c97f4c7-psxs7   3m    30Mi   
websocket-server-56c97f4c7-qx65m   3m    30Mi   
websocket-server-56c97f4c7-wgxv7   5m    34Mi   
websocket-server-56c97f4c7-zc9r2   1m    28Mi   
1777438556
websocket-server-56c97f4c7-2cjdj   1m    27Mi   
websocket-server-56c97f4c7-4sdm5   2m    28Mi   
websocket-server-56c97f4c7-7qc5d   12m   43Mi   
websocket-server-56c97f4c7-fc7nt   14m   43Mi   
websocket-server-56c97f4c7-psxs7   3m    30Mi   
websocket-server-56c97f4c7-qx65m   3m    30Mi   
websocket-server-56c97f4c7-wgxv7   5m    34Mi   
websocket-server-56c97f4c7-zc9r2   1m    28Mi   
1777438561
websocket-server-56c97f4c7-2cjdj   1m    27Mi   
websocket-server-56c97f4c7-4sdm5   1m    28Mi   
websocket-server-56c97f4c7-7qc5d   12m   43Mi   
websocket-server-56c97f4c7-fc7nt   6m    43Mi   
websocket-server-56c97f4c7-psxs7   3m    30Mi   
websocket-server-56c97f4c7-qx65m   2m    30Mi   
websocket-server-56c97f4c7-wgxv7   2m    34Mi   
websocket-server-56c97f4c7-zc9r2   1m    28Mi   
1777438566
websocket-server-56c97f4c7-2cjdj   1m    27Mi   
websocket-server-56c97f4c7-4sdm5   1m    28Mi   
websocket-server-56c97f4c7-7qc5d   12m   43Mi   
websocket-server-56c97f4c7-fc7nt   6m    43Mi   
websocket-server-56c97f4c7-psxs7   3m    30Mi   
websocket-server-56c97f4c7-qx65m   2m    30Mi   
websocket-server-56c97f4c7-wgxv7   2m    34Mi   
websocket-server-56c97f4c7-zc9r2   1m    28Mi   
1777438571
websocket-server-56c97f4c7-2cjdj   1m    27Mi   
websocket-server-56c97f4c7-4sdm5   1m    28Mi   
websocket-server-56c97f4c7-7qc5d   12m   43Mi   
websocket-server-56c97f4c7-fc7nt   6m    43Mi   
websocket-server-56c97f4c7-psxs7   3m    30Mi   
websocket-server-56c97f4c7-qx65m   2m    30Mi   
websocket-server-56c97f4c7-wgxv7   2m    34Mi   
websocket-server-56c97f4c7-zc9r2   1m    28Mi   
1777438576
websocket-server-56c97f4c7-2cjdj   1m    28Mi   
websocket-server-56c97f4c7-4sdm5   1m    28Mi   
websocket-server-56c97f4c7-7qc5d   5m    43Mi   
websocket-server-56c97f4c7-fc7nt   5m    43Mi   
websocket-server-56c97f4c7-psxs7   1m    30Mi   
websocket-server-56c97f4c7-qx65m   1m    30Mi   
websocket-server-56c97f4c7-wgxv7   2m    33Mi   
websocket-server-56c97f4c7-zc9r2   1m    28Mi   
1777438581
websocket-server-56c97f4c7-2cjdj   1m    28Mi   
websocket-server-56c97f4c7-4sdm5   1m    28Mi   
websocket-server-56c97f4c7-7qc5d   5m    43Mi   
websocket-server-56c97f4c7-fc7nt   5m    43Mi   
websocket-server-56c97f4c7-psxs7   1m    30Mi   
websocket-server-56c97f4c7-qx65m   1m    30Mi   
websocket-server-56c97f4c7-wgxv7   2m    33Mi   
websocket-server-56c97f4c7-zc9r2   1m    28Mi   
1777438586
websocket-server-56c97f4c7-2cjdj   1m    28Mi   
websocket-server-56c97f4c7-4sdm5   1m    28Mi   
websocket-server-56c97f4c7-7qc5d   5m    43Mi   
websocket-server-56c97f4c7-fc7nt   5m    43Mi   
websocket-server-56c97f4c7-psxs7   1m    30Mi   
websocket-server-56c97f4c7-qx65m   1m    30Mi   
websocket-server-56c97f4c7-wgxv7   2m    33Mi   
websocket-server-56c97f4c7-zc9r2   1m    28Mi   
1777438591
websocket-server-56c97f4c7-2cjdj   0m    27Mi   
websocket-server-56c97f4c7-4sdm5   1m    28Mi   
websocket-server-56c97f4c7-7qc5d   5m    43Mi   
websocket-server-56c97f4c7-fc7nt   4m    43Mi   
websocket-server-56c97f4c7-psxs7   1m    30Mi   
websocket-server-56c97f4c7-qx65m   1m    30Mi   
websocket-server-56c97f4c7-wgxv7   2m    33Mi   
websocket-server-56c97f4c7-zc9r2   1m    28Mi   
1777438596
websocket-server-56c97f4c7-2cjdj   0m    27Mi   
websocket-server-56c97f4c7-4sdm5   1m    28Mi   
websocket-server-56c97f4c7-7qc5d   5m    43Mi   
websocket-server-56c97f4c7-fc7nt   4m    43Mi   
websocket-server-56c97f4c7-psxs7   1m    30Mi   
websocket-server-56c97f4c7-qx65m   1m    30Mi   
websocket-server-56c97f4c7-wgxv7   2m    33Mi   
websocket-server-56c97f4c7-zc9r2   1m    28Mi   
1777438601
websocket-server-56c97f4c7-2cjdj   0m    27Mi   
websocket-server-56c97f4c7-4sdm5   1m    28Mi   
websocket-server-56c97f4c7-7qc5d   5m    43Mi   
websocket-server-56c97f4c7-fc7nt   4m    43Mi   
websocket-server-56c97f4c7-psxs7   1m    30Mi   
websocket-server-56c97f4c7-qx65m   1m    30Mi   
websocket-server-56c97f4c7-wgxv7   2m    33Mi   
websocket-server-56c97f4c7-zc9r2   1m    28Mi   
1777438606
websocket-server-56c97f4c7-2cjdj   1m    27Mi   
websocket-server-56c97f4c7-4sdm5   1m    28Mi   
websocket-server-56c97f4c7-7qc5d   5m    43Mi   
websocket-server-56c97f4c7-fc7nt   5m    43Mi   
websocket-server-56c97f4c7-psxs7   3m    30Mi   
websocket-server-56c97f4c7-qx65m   1m    30Mi   
websocket-server-56c97f4c7-wgxv7   4m    34Mi   
websocket-server-56c97f4c7-zc9r2   1m    28Mi   
1777438612
websocket-server-56c97f4c7-2cjdj   1m    27Mi   
websocket-server-56c97f4c7-4sdm5   1m    28Mi   
websocket-server-56c97f4c7-7qc5d   5m    43Mi   
websocket-server-56c97f4c7-fc7nt   5m    43Mi   
websocket-server-56c97f4c7-psxs7   3m    30Mi   
websocket-server-56c97f4c7-qx65m   1m    30Mi   
websocket-server-56c97f4c7-wgxv7   4m    34Mi   
websocket-server-56c97f4c7-zc9r2   1m    28Mi   
1777438617
websocket-server-56c97f4c7-2cjdj   1m    27Mi   
websocket-server-56c97f4c7-4sdm5   1m    28Mi   
websocket-server-56c97f4c7-7qc5d   5m    43Mi   
websocket-server-56c97f4c7-fc7nt   5m    43Mi   
websocket-server-56c97f4c7-psxs7   3m    30Mi   
websocket-server-56c97f4c7-qx65m   1m    30Mi   
websocket-server-56c97f4c7-wgxv7   4m    34Mi   
websocket-server-56c97f4c7-zc9r2   1m    28Mi   
1777438622
websocket-server-56c97f4c7-2cjdj   1m    28Mi   
websocket-server-56c97f4c7-4sdm5   2m    28Mi   
websocket-server-56c97f4c7-7qc5d   11m   43Mi   
websocket-server-56c97f4c7-fc7nt   9m    42Mi   
websocket-server-56c97f4c7-psxs7   1m    30Mi   
websocket-server-56c97f4c7-qx65m   3m    30Mi   
websocket-server-56c97f4c7-wgxv7   5m    33Mi   
websocket-server-56c97f4c7-zc9r2   0m    28Mi   
1777438627
websocket-server-56c97f4c7-2cjdj   1m    28Mi   
websocket-server-56c97f4c7-4sdm5   2m    28Mi   
websocket-server-56c97f4c7-7qc5d   11m   43Mi   
websocket-server-56c97f4c7-fc7nt   9m    42Mi   
websocket-server-56c97f4c7-psxs7   1m    30Mi   
websocket-server-56c97f4c7-qx65m   3m    30Mi   
websocket-server-56c97f4c7-wgxv7   5m    33Mi   
websocket-server-56c97f4c7-zc9r2   0m    28Mi   
1777438632
websocket-server-56c97f4c7-2cjdj   1m    28Mi   
websocket-server-56c97f4c7-4sdm5   2m    28Mi   
websocket-server-56c97f4c7-7qc5d   11m   43Mi   
websocket-server-56c97f4c7-fc7nt   9m    42Mi   
websocket-server-56c97f4c7-psxs7   1m    30Mi   
websocket-server-56c97f4c7-qx65m   3m    30Mi   
websocket-server-56c97f4c7-wgxv7   5m    33Mi   
websocket-server-56c97f4c7-zc9r2   0m    28Mi   
1777438637
websocket-server-56c97f4c7-2cjdj   1m    27Mi   
websocket-server-56c97f4c7-4sdm5   1m    28Mi   
websocket-server-56c97f4c7-7qc5d   1m    43Mi   
websocket-server-56c97f4c7-fc7nt   1m    42Mi   
websocket-server-56c97f4c7-psxs7   1m    30Mi   
websocket-server-56c97f4c7-qx65m   1m    30Mi   
websocket-server-56c97f4c7-wgxv7   1m    33Mi   
websocket-server-56c97f4c7-zc9r2   0m    28Mi   
1777438642
websocket-server-56c97f4c7-2cjdj   1m    27Mi   
websocket-server-56c97f4c7-4sdm5   1m    28Mi   
websocket-server-56c97f4c7-7qc5d   1m    43Mi   
websocket-server-56c97f4c7-fc7nt   1m    42Mi   
websocket-server-56c97f4c7-psxs7   1m    30Mi   
websocket-server-56c97f4c7-qx65m   1m    30Mi   
websocket-server-56c97f4c7-wgxv7   1m    33Mi   
websocket-server-56c97f4c7-zc9r2   0m    28Mi   
1777438647
websocket-server-56c97f4c7-2cjdj   1m    27Mi   
websocket-server-56c97f4c7-4sdm5   1m    28Mi   
websocket-server-56c97f4c7-7qc5d   1m    43Mi   
websocket-server-56c97f4c7-fc7nt   1m    42Mi   
websocket-server-56c97f4c7-psxs7   1m    30Mi   
websocket-server-56c97f4c7-qx65m   1m    30Mi   
websocket-server-56c97f4c7-wgxv7   1m    33Mi   
websocket-server-56c97f4c7-zc9r2   0m    28Mi   
1777438652
websocket-server-56c97f4c7-2cjdj   1m    27Mi   
websocket-server-56c97f4c7-4sdm5   1m    28Mi   
websocket-server-56c97f4c7-7qc5d   1m    43Mi   
websocket-server-56c97f4c7-fc7nt   1m    42Mi   
websocket-server-56c97f4c7-psxs7   1m    30Mi   
websocket-server-56c97f4c7-qx65m   0m    30Mi   
websocket-server-56c97f4c7-wgxv7   1m    33Mi   
websocket-server-56c97f4c7-zc9r2   1m    28Mi   
1777438657
websocket-server-56c97f4c7-2cjdj   1m    27Mi   
websocket-server-56c97f4c7-4sdm5   1m    28Mi   
websocket-server-56c97f4c7-7qc5d   1m    43Mi   
websocket-server-56c97f4c7-fc7nt   1m    42Mi   
websocket-server-56c97f4c7-psxs7   1m    30Mi   
websocket-server-56c97f4c7-qx65m   0m    30Mi   
websocket-server-56c97f4c7-wgxv7   1m    33Mi   
websocket-server-56c97f4c7-zc9r2   1m    28Mi   
1777438662
websocket-server-56c97f4c7-2cjdj   1m    27Mi   
websocket-server-56c97f4c7-4sdm5   1m    28Mi   
websocket-server-56c97f4c7-7qc5d   1m    43Mi   
websocket-server-56c97f4c7-fc7nt   1m    42Mi   
websocket-server-56c97f4c7-psxs7   1m    30Mi   
websocket-server-56c97f4c7-qx65m   0m    30Mi   
websocket-server-56c97f4c7-wgxv7   1m    33Mi   
websocket-server-56c97f4c7-zc9r2   1m    28Mi   
1777438667
websocket-server-56c97f4c7-2cjdj   1m    27Mi   
websocket-server-56c97f4c7-4sdm5   1m    29Mi   
websocket-server-56c97f4c7-7qc5d   1m    43Mi   
websocket-server-56c97f4c7-fc7nt   1m    42Mi   
websocket-server-56c97f4c7-psxs7   1m    30Mi   
websocket-server-56c97f4c7-qx65m   0m    30Mi   
websocket-server-56c97f4c7-wgxv7   1m    33Mi   
websocket-server-56c97f4c7-zc9r2   1m    28Mi   
1777438672
websocket-server-56c97f4c7-2cjdj   1m    27Mi   
websocket-server-56c97f4c7-4sdm5   1m    29Mi   
websocket-server-56c97f4c7-7qc5d   1m    43Mi   
websocket-server-56c97f4c7-fc7nt   1m    42Mi   
websocket-server-56c97f4c7-psxs7   1m    30Mi   
websocket-server-56c97f4c7-qx65m   0m    30Mi   
websocket-server-56c97f4c7-wgxv7   1m    33Mi   
websocket-server-56c97f4c7-zc9r2   1m    28Mi   
1777438677
websocket-server-56c97f4c7-2cjdj   1m    27Mi   
websocket-server-56c97f4c7-4sdm5   1m    29Mi   
websocket-server-56c97f4c7-7qc5d   1m    43Mi   
websocket-server-56c97f4c7-fc7nt   1m    42Mi   
websocket-server-56c97f4c7-psxs7   1m    30Mi   
websocket-server-56c97f4c7-qx65m   0m    30Mi   
websocket-server-56c97f4c7-wgxv7   1m    33Mi   
websocket-server-56c97f4c7-zc9r2   1m    28Mi   
1777438682
websocket-server-56c97f4c7-2cjdj   1m    28Mi   
websocket-server-56c97f4c7-4sdm5   2m    29Mi   
websocket-server-56c97f4c7-7qc5d   1m    43Mi   
websocket-server-56c97f4c7-fc7nt   3m    42Mi   
websocket-server-56c97f4c7-psxs7   1m    30Mi   
websocket-server-56c97f4c7-qx65m   1m    31Mi   
websocket-server-56c97f4c7-wgxv7   1m    34Mi   
websocket-server-56c97f4c7-zc9r2   1m    28Mi   
1777438687
websocket-server-56c97f4c7-2cjdj   1m    28Mi   
websocket-server-56c97f4c7-4sdm5   2m    29Mi   
websocket-server-56c97f4c7-7qc5d   1m    43Mi   
websocket-server-56c97f4c7-fc7nt   3m    42Mi   
websocket-server-56c97f4c7-psxs7   1m    30Mi   
websocket-server-56c97f4c7-qx65m   1m    31Mi   
websocket-server-56c97f4c7-wgxv7   1m    34Mi   
websocket-server-56c97f4c7-zc9r2   1m    28Mi   
1777438692
websocket-server-56c97f4c7-2cjdj   1m    28Mi   
websocket-server-56c97f4c7-4sdm5   2m    29Mi   
websocket-server-56c97f4c7-7qc5d   1m    43Mi   
websocket-server-56c97f4c7-fc7nt   3m    42Mi   
websocket-server-56c97f4c7-psxs7   1m    30Mi   
websocket-server-56c97f4c7-qx65m   1m    31Mi   
websocket-server-56c97f4c7-wgxv7   1m    34Mi   
websocket-server-56c97f4c7-zc9r2   1m    28Mi   
1777438697
websocket-server-56c97f4c7-2cjdj   2m    28Mi   
websocket-server-56c97f4c7-4sdm5   3m    31Mi   
websocket-server-56c97f4c7-7qc5d   2m    43Mi   
websocket-server-56c97f4c7-fc7nt   3m    43Mi   
websocket-server-56c97f4c7-psxs7   2m    32Mi   
websocket-server-56c97f4c7-qx65m   3m    32Mi   
websocket-server-56c97f4c7-wgxv7   1m    34Mi   
websocket-server-56c97f4c7-zc9r2   2m    29Mi   
1777438702
websocket-server-56c97f4c7-2cjdj   2m    28Mi   
websocket-server-56c97f4c7-4sdm5   3m    31Mi   
websocket-server-56c97f4c7-7qc5d   2m    43Mi   
websocket-server-56c97f4c7-fc7nt   3m    43Mi   
websocket-server-56c97f4c7-psxs7   2m    32Mi   
websocket-server-56c97f4c7-qx65m   3m    32Mi   
websocket-server-56c97f4c7-wgxv7   1m    34Mi   
websocket-server-56c97f4c7-zc9r2   2m    29Mi   
1777438707
websocket-server-56c97f4c7-2cjdj   2m    28Mi   
websocket-server-56c97f4c7-4sdm5   3m    31Mi   
websocket-server-56c97f4c7-7qc5d   2m    43Mi   
websocket-server-56c97f4c7-fc7nt   3m    43Mi   
websocket-server-56c97f4c7-psxs7   2m    32Mi   
websocket-server-56c97f4c7-qx65m   3m    32Mi   
websocket-server-56c97f4c7-wgxv7   1m    34Mi   
websocket-server-56c97f4c7-zc9r2   2m    29Mi   
1777438712
websocket-server-56c97f4c7-2cjdj   4m    30Mi   
websocket-server-56c97f4c7-4sdm5   4m    32Mi   
websocket-server-56c97f4c7-7qc5d   2m    44Mi   
websocket-server-56c97f4c7-fc7nt   4m    43Mi   
websocket-server-56c97f4c7-psxs7   2m    32Mi   
websocket-server-56c97f4c7-qx65m   3m    33Mi   
websocket-server-56c97f4c7-wgxv7   3m    36Mi   
websocket-server-56c97f4c7-zc9r2   3m    30Mi   
1777438717
websocket-server-56c97f4c7-2cjdj   4m    30Mi   
websocket-server-56c97f4c7-4sdm5   4m    32Mi   
websocket-server-56c97f4c7-7qc5d   2m    44Mi   
websocket-server-56c97f4c7-fc7nt   4m    43Mi   
websocket-server-56c97f4c7-psxs7   2m    32Mi   
websocket-server-56c97f4c7-qx65m   3m    33Mi   
websocket-server-56c97f4c7-wgxv7   3m    36Mi   
websocket-server-56c97f4c7-zc9r2   3m    30Mi   
1777438723
websocket-server-56c97f4c7-2cjdj   4m    30Mi   
websocket-server-56c97f4c7-4sdm5   4m    32Mi   
websocket-server-56c97f4c7-7qc5d   2m    44Mi   
websocket-server-56c97f4c7-fc7nt   4m    43Mi   
websocket-server-56c97f4c7-psxs7   2m    32Mi   
websocket-server-56c97f4c7-qx65m   3m    33Mi   
websocket-server-56c97f4c7-wgxv7   3m    36Mi   
websocket-server-56c97f4c7-zc9r2   3m    30Mi   
1777438728
websocket-server-56c97f4c7-2cjdj   4m    31Mi   
websocket-server-56c97f4c7-4sdm5   5m    33Mi   
websocket-server-56c97f4c7-7qc5d   4m    46Mi   
websocket-server-56c97f4c7-fc7nt   5m    43Mi   
websocket-server-56c97f4c7-psxs7   4m    33Mi   
websocket-server-56c97f4c7-qx65m   4m    33Mi   
websocket-server-56c97f4c7-wgxv7   3m    36Mi   
websocket-server-56c97f4c7-zc9r2   4m    31Mi   
1777438733
websocket-server-56c97f4c7-2cjdj   4m    31Mi   
websocket-server-56c97f4c7-4sdm5   5m    33Mi   
websocket-server-56c97f4c7-7qc5d   4m    46Mi   
websocket-server-56c97f4c7-fc7nt   5m    43Mi   
websocket-server-56c97f4c7-psxs7   4m    33Mi   
websocket-server-56c97f4c7-qx65m   4m    33Mi   
websocket-server-56c97f4c7-wgxv7   3m    36Mi   
websocket-server-56c97f4c7-zc9r2   4m    31Mi   
1777438738
websocket-server-56c97f4c7-2cjdj   4m    31Mi   
websocket-server-56c97f4c7-4sdm5   5m    33Mi   
websocket-server-56c97f4c7-7qc5d   4m    46Mi   
websocket-server-56c97f4c7-fc7nt   5m    43Mi   
websocket-server-56c97f4c7-psxs7   4m    33Mi   
websocket-server-56c97f4c7-qx65m   4m    33Mi   
websocket-server-56c97f4c7-wgxv7   3m    36Mi   
websocket-server-56c97f4c7-zc9r2   4m    31Mi   
1777438743
websocket-server-56c97f4c7-2cjdj   5m    32Mi   
websocket-server-56c97f4c7-4sdm5   7m    34Mi   
websocket-server-56c97f4c7-7qc5d   4m    46Mi   
websocket-server-56c97f4c7-fc7nt   7m    43Mi   
websocket-server-56c97f4c7-lhsgk   22m   28Mi   
websocket-server-56c97f4c7-psxs7   4m    33Mi   
websocket-server-56c97f4c7-qx65m   5m    33Mi   
websocket-server-56c97f4c7-wgxv7   5m    38Mi   
websocket-server-56c97f4c7-zc9r2   4m    31Mi   
1777438748
websocket-server-56c97f4c7-2cjdj   5m    32Mi   
websocket-server-56c97f4c7-4sdm5   7m    34Mi   
websocket-server-56c97f4c7-7qc5d   4m    46Mi   
websocket-server-56c97f4c7-fc7nt   7m    43Mi   
websocket-server-56c97f4c7-lhsgk   22m   28Mi   
websocket-server-56c97f4c7-wgxv7   5m    38Mi   
1777438753
websocket-server-56c97f4c7-2cjdj   6m    33Mi   
websocket-server-56c97f4c7-4pzn7   22m   28Mi   
websocket-server-56c97f4c7-4sdm5   7m    35Mi   
websocket-server-56c97f4c7-7qc5d   5m    47Mi   
websocket-server-56c97f4c7-fc7nt   7m    43Mi   
websocket-server-56c97f4c7-lhsgk   3m    29Mi   
websocket-server-56c97f4c7-wgxv7   5m    38Mi   
1777438758
websocket-server-56c97f4c7-2cjdj   6m    33Mi   
websocket-server-56c97f4c7-4pzn7   22m   28Mi   
websocket-server-56c97f4c7-4sdm5   7m    35Mi   
websocket-server-56c97f4c7-7qc5d   5m    47Mi   
websocket-server-56c97f4c7-fc7nt   7m    43Mi   
websocket-server-56c97f4c7-lhsgk   3m    29Mi   
websocket-server-56c97f4c7-wgxv7   5m    38Mi   
1777438763
websocket-server-56c97f4c7-2cjdj   6m    33Mi   
websocket-server-56c97f4c7-4pzn7   22m   28Mi   
websocket-server-56c97f4c7-4sdm5   7m    35Mi   
websocket-server-56c97f4c7-7qc5d   5m    47Mi   
websocket-server-56c97f4c7-fc7nt   7m    43Mi   
websocket-server-56c97f4c7-lhsgk   3m    29Mi   
websocket-server-56c97f4c7-wgxv7   5m    38Mi   
1777438768
websocket-server-56c97f4c7-2cjdj   10m   36Mi   
websocket-server-56c97f4c7-4pzn7   3m    30Mi   
websocket-server-56c97f4c7-4sdm5   9m    37Mi   
websocket-server-56c97f4c7-7qc5d   8m    48Mi   
websocket-server-56c97f4c7-fc7nt   9m    44Mi   
websocket-server-56c97f4c7-lhsgk   3m    30Mi   
websocket-server-56c97f4c7-m6fjp   18m   27Mi   
websocket-server-56c97f4c7-ncsxq   27m   28Mi   
websocket-server-56c97f4c7-wgxv7   7m    40Mi   
1777438773
websocket-server-56c97f4c7-2cjdj   10m   36Mi   
websocket-server-56c97f4c7-4pzn7   3m    30Mi   
websocket-server-56c97f4c7-4sdm5   9m    37Mi   
websocket-server-56c97f4c7-7qc5d   8m    48Mi   
websocket-server-56c97f4c7-fc7nt   9m    44Mi   
websocket-server-56c97f4c7-lhsgk   3m    30Mi   
websocket-server-56c97f4c7-m6fjp   18m   27Mi   
websocket-server-56c97f4c7-ncsxq   27m   28Mi   
websocket-server-56c97f4c7-wgxv7   7m    40Mi   
1777438778
websocket-server-56c97f4c7-2cjdj   10m   36Mi   
websocket-server-56c97f4c7-4pzn7   3m    30Mi   
websocket-server-56c97f4c7-4sdm5   9m    37Mi   
websocket-server-56c97f4c7-7qc5d   8m    48Mi   
websocket-server-56c97f4c7-fc7nt   9m    44Mi   
websocket-server-56c97f4c7-lhsgk   3m    30Mi   
websocket-server-56c97f4c7-m6fjp   18m   27Mi   
websocket-server-56c97f4c7-ncsxq   27m   28Mi   
websocket-server-56c97f4c7-wgxv7   7m    40Mi   
1777438783
websocket-server-56c97f4c7-2cjdj   8m    36Mi   
websocket-server-56c97f4c7-4pzn7   2m    29Mi   
websocket-server-56c97f4c7-4sdm5   7m    37Mi   
websocket-server-56c97f4c7-7qc5d   7m    49Mi   
websocket-server-56c97f4c7-fc7nt   9m    44Mi   
websocket-server-56c97f4c7-jlv6l   18m   27Mi   
websocket-server-56c97f4c7-lhsgk   3m    30Mi   
websocket-server-56c97f4c7-m6fjp   0m    27Mi   
websocket-server-56c97f4c7-ncsxq   1m    28Mi   
websocket-server-56c97f4c7-wgxv7   7m    40Mi   
1777438788
websocket-server-56c97f4c7-2cjdj   8m    36Mi   
websocket-server-56c97f4c7-4pzn7   2m    29Mi   
websocket-server-56c97f4c7-4sdm5   7m    37Mi   
websocket-server-56c97f4c7-7qc5d   7m    49Mi   
websocket-server-56c97f4c7-fc7nt   9m    44Mi   
websocket-server-56c97f4c7-jlv6l   18m   27Mi   
websocket-server-56c97f4c7-lhsgk   3m    30Mi   
websocket-server-56c97f4c7-m6fjp   0m    27Mi   
websocket-server-56c97f4c7-ncsxq   1m    28Mi   
websocket-server-56c97f4c7-wgxv7   7m    40Mi   
1777438793
websocket-server-56c97f4c7-2cjdj   8m    36Mi   
websocket-server-56c97f4c7-4pzn7   2m    29Mi   
websocket-server-56c97f4c7-4sdm5   7m    37Mi   
websocket-server-56c97f4c7-7qc5d   7m    49Mi   
websocket-server-56c97f4c7-fc7nt   9m    44Mi   
websocket-server-56c97f4c7-jlv6l   18m   27Mi   
websocket-server-56c97f4c7-lhsgk   3m    30Mi   
websocket-server-56c97f4c7-m6fjp   0m    27Mi   
websocket-server-56c97f4c7-ncsxq   1m    28Mi   
websocket-server-56c97f4c7-wgxv7   7m    40Mi   
1777438798
websocket-server-56c97f4c7-2cjdj   4m    36Mi   
websocket-server-56c97f4c7-4pzn7   1m    29Mi   
websocket-server-56c97f4c7-4sdm5   7m    37Mi   
websocket-server-56c97f4c7-7qc5d   2m    48Mi   
websocket-server-56c97f4c7-fc7nt   5m    44Mi   
websocket-server-56c97f4c7-jlv6l   1m    27Mi   
websocket-server-56c97f4c7-lhsgk   2m    29Mi   
websocket-server-56c97f4c7-m6fjp   1m    27Mi   
websocket-server-56c97f4c7-ncsxq   1m    28Mi   
websocket-server-56c97f4c7-wgxv7   3m    40Mi   
1777438803
websocket-server-56c97f4c7-2cjdj   4m    36Mi   
websocket-server-56c97f4c7-4pzn7   1m    29Mi   
websocket-server-56c97f4c7-4sdm5   7m    37Mi   
websocket-server-56c97f4c7-7qc5d   2m    48Mi   
websocket-server-56c97f4c7-fc7nt   5m    44Mi   
websocket-server-56c97f4c7-jlv6l   1m    27Mi   
websocket-server-56c97f4c7-lhsgk   2m    29Mi   
websocket-server-56c97f4c7-m6fjp   1m    27Mi   
websocket-server-56c97f4c7-ncsxq   1m    28Mi   
websocket-server-56c97f4c7-wgxv7   3m    40Mi   
1777438808
websocket-server-56c97f4c7-2cjdj   4m    36Mi   
websocket-server-56c97f4c7-4pzn7   1m    29Mi   
websocket-server-56c97f4c7-4sdm5   7m    37Mi   
websocket-server-56c97f4c7-7qc5d   2m    48Mi   
websocket-server-56c97f4c7-fc7nt   5m    44Mi   
websocket-server-56c97f4c7-jlv6l   1m    27Mi   
websocket-server-56c97f4c7-lhsgk   2m    29Mi   
websocket-server-56c97f4c7-m6fjp   1m    27Mi   
websocket-server-56c97f4c7-ncsxq   1m    28Mi   
websocket-server-56c97f4c7-wgxv7   3m    40Mi   
1777438813
websocket-server-56c97f4c7-2cjdj   3m    36Mi   
websocket-server-56c97f4c7-4pzn7   1m    30Mi   
websocket-server-56c97f4c7-4sdm5   3m    37Mi   
websocket-server-56c97f4c7-7qc5d   3m    48Mi   
websocket-server-56c97f4c7-fc7nt   3m    44Mi   
websocket-server-56c97f4c7-jlv6l   1m    27Mi   
websocket-server-56c97f4c7-lhsgk   2m    29Mi   
websocket-server-56c97f4c7-m6fjp   1m    27Mi   
websocket-server-56c97f4c7-ncsxq   0m    28Mi   
websocket-server-56c97f4c7-wgxv7   2m    40Mi   
1777438818
websocket-server-56c97f4c7-2cjdj   3m    36Mi   
websocket-server-56c97f4c7-4pzn7   1m    30Mi   
websocket-server-56c97f4c7-4sdm5   3m    37Mi   
websocket-server-56c97f4c7-7qc5d   3m    48Mi   
websocket-server-56c97f4c7-fc7nt   3m    44Mi   
websocket-server-56c97f4c7-jlv6l   1m    27Mi   
websocket-server-56c97f4c7-lhsgk   2m    29Mi   
websocket-server-56c97f4c7-m6fjp   1m    27Mi   
websocket-server-56c97f4c7-ncsxq   0m    28Mi   
websocket-server-56c97f4c7-wgxv7   2m    40Mi   
1777438823
websocket-server-56c97f4c7-2cjdj   3m    36Mi   
websocket-server-56c97f4c7-4pzn7   1m    30Mi   
websocket-server-56c97f4c7-4sdm5   3m    37Mi   
websocket-server-56c97f4c7-7qc5d   3m    48Mi   
websocket-server-56c97f4c7-fc7nt   3m    44Mi   
websocket-server-56c97f4c7-jlv6l   1m    27Mi   
websocket-server-56c97f4c7-lhsgk   2m    29Mi   
websocket-server-56c97f4c7-m6fjp   1m    27Mi   
websocket-server-56c97f4c7-ncsxq   0m    28Mi   
websocket-server-56c97f4c7-wgxv7   2m    40Mi   
1777438829
websocket-server-56c97f4c7-2cjdj   3m    36Mi   
websocket-server-56c97f4c7-4pzn7   1m    29Mi   
websocket-server-56c97f4c7-4sdm5   3m    37Mi   
websocket-server-56c97f4c7-7qc5d   2m    49Mi   
websocket-server-56c97f4c7-fc7nt   3m    44Mi   
websocket-server-56c97f4c7-jlv6l   1m    27Mi   
websocket-server-56c97f4c7-lhsgk   1m    29Mi   
websocket-server-56c97f4c7-m6fjp   1m    27Mi   
websocket-server-56c97f4c7-ncsxq   1m    28Mi   
websocket-server-56c97f4c7-wgxv7   2m    40Mi   
1777438834
websocket-server-56c97f4c7-2cjdj   3m    36Mi   
websocket-server-56c97f4c7-4pzn7   1m    29Mi   
websocket-server-56c97f4c7-4sdm5   3m    37Mi   
websocket-server-56c97f4c7-7qc5d   2m    49Mi   
websocket-server-56c97f4c7-fc7nt   3m    44Mi   
websocket-server-56c97f4c7-jlv6l   1m    27Mi   
websocket-server-56c97f4c7-lhsgk   1m    29Mi   
websocket-server-56c97f4c7-m6fjp   1m    27Mi   
websocket-server-56c97f4c7-ncsxq   1m    28Mi   
websocket-server-56c97f4c7-wgxv7   2m    40Mi   
1777438839
websocket-server-56c97f4c7-2cjdj   3m    36Mi   
websocket-server-56c97f4c7-4pzn7   1m    29Mi   
websocket-server-56c97f4c7-4sdm5   3m    37Mi   
websocket-server-56c97f4c7-7qc5d   2m    49Mi   
websocket-server-56c97f4c7-fc7nt   3m    44Mi   
websocket-server-56c97f4c7-jlv6l   1m    27Mi   
websocket-server-56c97f4c7-lhsgk   1m    29Mi   
websocket-server-56c97f4c7-m6fjp   1m    27Mi   
websocket-server-56c97f4c7-ncsxq   1m    28Mi   
websocket-server-56c97f4c7-wgxv7   2m    40Mi   
1777438844
websocket-server-56c97f4c7-2cjdj   7m    35Mi   
websocket-server-56c97f4c7-4pzn7   1m    29Mi   
websocket-server-56c97f4c7-4sdm5   3m    37Mi   
websocket-server-56c97f4c7-7qc5d   6m    48Mi   
websocket-server-56c97f4c7-fc7nt   7m    43Mi   
websocket-server-56c97f4c7-jlv6l   1m    27Mi   
websocket-server-56c97f4c7-lhsgk   3m    30Mi   
websocket-server-56c97f4c7-m6fjp   1m    27Mi   
websocket-server-56c97f4c7-ncsxq   1m    28Mi   
websocket-server-56c97f4c7-wgxv7   5m    39Mi   
1777438849
websocket-server-56c97f4c7-2cjdj   7m    35Mi   
websocket-server-56c97f4c7-4pzn7   1m    29Mi   
websocket-server-56c97f4c7-4sdm5   3m    37Mi   
websocket-server-56c97f4c7-7qc5d   6m    48Mi   
websocket-server-56c97f4c7-fc7nt   7m    43Mi   
websocket-server-56c97f4c7-jlv6l   1m    27Mi   
websocket-server-56c97f4c7-lhsgk   3m    30Mi   
websocket-server-56c97f4c7-m6fjp   1m    27Mi   
websocket-server-56c97f4c7-ncsxq   1m    28Mi   
websocket-server-56c97f4c7-wgxv7   5m    39Mi   
1777438854
websocket-server-56c97f4c7-2cjdj   7m    35Mi   
websocket-server-56c97f4c7-4pzn7   1m    29Mi   
websocket-server-56c97f4c7-4sdm5   3m    37Mi   
websocket-server-56c97f4c7-7qc5d   6m    48Mi   
websocket-server-56c97f4c7-fc7nt   7m    43Mi   
websocket-server-56c97f4c7-jlv6l   1m    27Mi   
websocket-server-56c97f4c7-lhsgk   3m    30Mi   
websocket-server-56c97f4c7-m6fjp   1m    27Mi   
websocket-server-56c97f4c7-ncsxq   1m    28Mi   
websocket-server-56c97f4c7-wgxv7   5m    39Mi   
1777438859
websocket-server-56c97f4c7-2cjdj   1m    35Mi   
websocket-server-56c97f4c7-4pzn7   3m    29Mi   
websocket-server-56c97f4c7-4sdm5   6m    36Mi   
websocket-server-56c97f4c7-7qc5d   1m    48Mi   
websocket-server-56c97f4c7-fc7nt   1m    43Mi   
websocket-server-56c97f4c7-jlv6l   1m    27Mi   
websocket-server-56c97f4c7-lhsgk   3m    30Mi   
websocket-server-56c97f4c7-m6fjp   1m    27Mi   
websocket-server-56c97f4c7-ncsxq   1m    28Mi   
websocket-server-56c97f4c7-wgxv7   1m    39Mi   
1777438864
websocket-server-56c97f4c7-2cjdj   1m    35Mi   
websocket-server-56c97f4c7-4pzn7   3m    29Mi   
websocket-server-56c97f4c7-4sdm5   6m    36Mi   
websocket-server-56c97f4c7-7qc5d   1m    48Mi   
websocket-server-56c97f4c7-fc7nt   1m    43Mi   
websocket-server-56c97f4c7-jlv6l   1m    27Mi   
websocket-server-56c97f4c7-lhsgk   3m    30Mi   
websocket-server-56c97f4c7-m6fjp   1m    27Mi   
websocket-server-56c97f4c7-ncsxq   1m    28Mi   
websocket-server-56c97f4c7-wgxv7   1m    39Mi   
1777438869
websocket-server-56c97f4c7-2cjdj   1m    35Mi   
websocket-server-56c97f4c7-4pzn7   3m    29Mi   
websocket-server-56c97f4c7-4sdm5   6m    36Mi   
websocket-server-56c97f4c7-7qc5d   1m    48Mi   
websocket-server-56c97f4c7-fc7nt   1m    43Mi   
websocket-server-56c97f4c7-jlv6l   1m    27Mi   
websocket-server-56c97f4c7-lhsgk   3m    30Mi   
websocket-server-56c97f4c7-m6fjp   1m    27Mi   
websocket-server-56c97f4c7-ncsxq   1m    28Mi   
websocket-server-56c97f4c7-wgxv7   1m    39Mi   
1777438874
websocket-server-56c97f4c7-2cjdj   1m    35Mi   
websocket-server-56c97f4c7-4pzn7   1m    29Mi   
websocket-server-56c97f4c7-4sdm5   1m    36Mi   
websocket-server-56c97f4c7-7qc5d   1m    48Mi   
websocket-server-56c97f4c7-fc7nt   1m    43Mi   
websocket-server-56c97f4c7-jlv6l   1m    27Mi   
websocket-server-56c97f4c7-lhsgk   1m    30Mi   
websocket-server-56c97f4c7-m6fjp   1m    27Mi   
websocket-server-56c97f4c7-ncsxq   1m    28Mi   
websocket-server-56c97f4c7-wgxv7   1m    39Mi   
1777438879
websocket-server-56c97f4c7-2cjdj   1m    35Mi   
websocket-server-56c97f4c7-4pzn7   1m    29Mi   
websocket-server-56c97f4c7-4sdm5   1m    36Mi   
websocket-server-56c97f4c7-7qc5d   1m    48Mi   
websocket-server-56c97f4c7-fc7nt   1m    43Mi   
websocket-server-56c97f4c7-jlv6l   1m    27Mi   
websocket-server-56c97f4c7-lhsgk   1m    30Mi   
websocket-server-56c97f4c7-m6fjp   1m    27Mi   
websocket-server-56c97f4c7-ncsxq   1m    28Mi   
websocket-server-56c97f4c7-wgxv7   1m    39Mi   
1777438884
websocket-server-56c97f4c7-2cjdj   1m    35Mi   
websocket-server-56c97f4c7-4pzn7   1m    29Mi   
websocket-server-56c97f4c7-4sdm5   1m    36Mi   
websocket-server-56c97f4c7-7qc5d   1m    48Mi   
websocket-server-56c97f4c7-fc7nt   1m    43Mi   
websocket-server-56c97f4c7-jlv6l   1m    27Mi   
websocket-server-56c97f4c7-lhsgk   1m    30Mi   
websocket-server-56c97f4c7-m6fjp   1m    27Mi   
websocket-server-56c97f4c7-ncsxq   1m    28Mi   
websocket-server-56c97f4c7-wgxv7   1m    39Mi   
1777438889
websocket-server-56c97f4c7-2cjdj   1m    35Mi   
websocket-server-56c97f4c7-4pzn7   1m    29Mi   
websocket-server-56c97f4c7-4sdm5   1m    36Mi   
websocket-server-56c97f4c7-7qc5d   1m    48Mi   
websocket-server-56c97f4c7-fc7nt   1m    43Mi   
websocket-server-56c97f4c7-jlv6l   1m    27Mi   
websocket-server-56c97f4c7-lhsgk   1m    30Mi   
websocket-server-56c97f4c7-m6fjp   1m    27Mi   
websocket-server-56c97f4c7-ncsxq   1m    28Mi   
websocket-server-56c97f4c7-wgxv7   1m    39Mi   
1777438894
websocket-server-56c97f4c7-2cjdj   1m    35Mi   
websocket-server-56c97f4c7-4pzn7   1m    29Mi   
websocket-server-56c97f4c7-4sdm5   1m    36Mi   
websocket-server-56c97f4c7-7qc5d   1m    48Mi   
websocket-server-56c97f4c7-fc7nt   1m    43Mi   
websocket-server-56c97f4c7-jlv6l   1m    27Mi   
websocket-server-56c97f4c7-lhsgk   1m    30Mi   
websocket-server-56c97f4c7-m6fjp   1m    27Mi   
websocket-server-56c97f4c7-ncsxq   1m    28Mi   
websocket-server-56c97f4c7-wgxv7   1m    39Mi   
1777438899
websocket-server-56c97f4c7-2cjdj   1m    35Mi   
websocket-server-56c97f4c7-4pzn7   1m    29Mi   
websocket-server-56c97f4c7-4sdm5   1m    36Mi   
websocket-server-56c97f4c7-7qc5d   1m    48Mi   
websocket-server-56c97f4c7-fc7nt   1m    43Mi   
websocket-server-56c97f4c7-jlv6l   1m    27Mi   
websocket-server-56c97f4c7-lhsgk   1m    30Mi   
websocket-server-56c97f4c7-m6fjp   1m    27Mi   
websocket-server-56c97f4c7-ncsxq   1m    28Mi   
websocket-server-56c97f4c7-wgxv7   1m    39Mi   
1777438904
websocket-server-56c97f4c7-2cjdj   1m    35Mi   
websocket-server-56c97f4c7-4pzn7   1m    29Mi   
websocket-server-56c97f4c7-4sdm5   1m    36Mi   
websocket-server-56c97f4c7-7qc5d   1m    48Mi   
websocket-server-56c97f4c7-fc7nt   1m    43Mi   
websocket-server-56c97f4c7-jlv6l   1m    27Mi   
websocket-server-56c97f4c7-lhsgk   1m    30Mi   
websocket-server-56c97f4c7-m6fjp   1m    27Mi   
websocket-server-56c97f4c7-ncsxq   1m    28Mi   
websocket-server-56c97f4c7-wgxv7   1m    39Mi   
1777438909
websocket-server-56c97f4c7-2cjdj   1m    35Mi   
websocket-server-56c97f4c7-4pzn7   1m    29Mi   
websocket-server-56c97f4c7-4sdm5   1m    36Mi   
websocket-server-56c97f4c7-7qc5d   1m    48Mi   
websocket-server-56c97f4c7-fc7nt   1m    43Mi   
websocket-server-56c97f4c7-jlv6l   1m    27Mi   
websocket-server-56c97f4c7-lhsgk   1m    30Mi   
websocket-server-56c97f4c7-ncsxq   1m    28Mi   
websocket-server-56c97f4c7-wgxv7   1m    39Mi   
1777438914
websocket-server-56c97f4c7-2cjdj   1m    35Mi   
websocket-server-56c97f4c7-4pzn7   1m    29Mi   
websocket-server-56c97f4c7-4sdm5   1m    36Mi   
websocket-server-56c97f4c7-7qc5d   1m    48Mi   
websocket-server-56c97f4c7-fc7nt   1m    43Mi   
websocket-server-56c97f4c7-jlv6l   1m    27Mi   
websocket-server-56c97f4c7-lhsgk   1m    30Mi   
websocket-server-56c97f4c7-ncsxq   1m    28Mi   
websocket-server-56c97f4c7-wgxv7   1m    39Mi   
1777438919
websocket-server-56c97f4c7-2cjdj   1m    35Mi   
websocket-server-56c97f4c7-4pzn7   1m    29Mi   
websocket-server-56c97f4c7-4sdm5   1m    36Mi   
websocket-server-56c97f4c7-7qc5d   1m    48Mi   
websocket-server-56c97f4c7-fc7nt   1m    43Mi   
websocket-server-56c97f4c7-lhsgk   1m    30Mi   
websocket-server-56c97f4c7-ncsxq   1m    28Mi   
websocket-server-56c97f4c7-wgxv7   1m    39Mi   
1777438924
websocket-server-56c97f4c7-2cjdj   1m    35Mi   
websocket-server-56c97f4c7-4pzn7   1m    29Mi   
websocket-server-56c97f4c7-4sdm5   1m    36Mi   
websocket-server-56c97f4c7-7qc5d   1m    48Mi   
websocket-server-56c97f4c7-fc7nt   1m    43Mi   
websocket-server-56c97f4c7-lhsgk   1m    30Mi   
websocket-server-56c97f4c7-ncsxq   1m    28Mi   
websocket-server-56c97f4c7-wgxv7   1m    39Mi   
1777438929
websocket-server-56c97f4c7-2cjdj   1m    35Mi   
websocket-server-56c97f4c7-4pzn7   1m    29Mi   
websocket-server-56c97f4c7-4sdm5   1m    36Mi   
websocket-server-56c97f4c7-7qc5d   1m    48Mi   
websocket-server-56c97f4c7-fc7nt   1m    43Mi   
websocket-server-56c97f4c7-lhsgk   1m    30Mi   
websocket-server-56c97f4c7-ncsxq   1m    28Mi   
websocket-server-56c97f4c7-wgxv7   1m    39Mi   
1777438934
websocket-server-56c97f4c7-2cjdj   1m    35Mi   
websocket-server-56c97f4c7-4pzn7   1m    29Mi   
websocket-server-56c97f4c7-4sdm5   1m    36Mi   
websocket-server-56c97f4c7-7qc5d   1m    48Mi   
websocket-server-56c97f4c7-fc7nt   1m    43Mi   
websocket-server-56c97f4c7-lhsgk   1m    30Mi   
websocket-server-56c97f4c7-ncsxq   1m    28Mi   
websocket-server-56c97f4c7-wgxv7   1m    39Mi   
1777438939
websocket-server-56c97f4c7-2cjdj   1m    35Mi   
websocket-server-56c97f4c7-4pzn7   1m    29Mi   
websocket-server-56c97f4c7-4sdm5   1m    36Mi   
websocket-server-56c97f4c7-7qc5d   1m    48Mi   
websocket-server-56c97f4c7-fc7nt   1m    43Mi   
websocket-server-56c97f4c7-lhsgk   1m    30Mi   
websocket-server-56c97f4c7-ncsxq   1m    28Mi   
websocket-server-56c97f4c7-wgxv7   1m    39Mi   
1777438945
websocket-server-56c97f4c7-2cjdj   1m    35Mi   
websocket-server-56c97f4c7-4pzn7   1m    29Mi   
websocket-server-56c97f4c7-4sdm5   1m    36Mi   
websocket-server-56c97f4c7-7qc5d   1m    48Mi   
websocket-server-56c97f4c7-fc7nt   1m    43Mi   
websocket-server-56c97f4c7-lhsgk   1m    30Mi   
websocket-server-56c97f4c7-ncsxq   1m    28Mi   
websocket-server-56c97f4c7-wgxv7   1m    39Mi   
1777438950
websocket-server-56c97f4c7-2cjdj   1m    35Mi   
websocket-server-56c97f4c7-4pzn7   1m    29Mi   
websocket-server-56c97f4c7-4sdm5   1m    36Mi   
websocket-server-56c97f4c7-7qc5d   1m    48Mi   
websocket-server-56c97f4c7-fc7nt   1m    43Mi   
websocket-server-56c97f4c7-lhsgk   1m    30Mi   
websocket-server-56c97f4c7-ncsxq   1m    28Mi   
websocket-server-56c97f4c7-wgxv7   1m    39Mi   
1777438955
websocket-server-56c97f4c7-2cjdj   1m    35Mi   
websocket-server-56c97f4c7-4pzn7   1m    29Mi   
websocket-server-56c97f4c7-4sdm5   1m    36Mi   
websocket-server-56c97f4c7-7qc5d   1m    48Mi   
websocket-server-56c97f4c7-fc7nt   1m    43Mi   
websocket-server-56c97f4c7-lhsgk   1m    30Mi   
websocket-server-56c97f4c7-ncsxq   1m    28Mi   
websocket-server-56c97f4c7-wgxv7   1m    39Mi   
1777438960
websocket-server-56c97f4c7-2cjdj   1m    35Mi   
websocket-server-56c97f4c7-4pzn7   1m    29Mi   
websocket-server-56c97f4c7-4sdm5   1m    36Mi   
websocket-server-56c97f4c7-7qc5d   1m    48Mi   
websocket-server-56c97f4c7-fc7nt   1m    43Mi   
websocket-server-56c97f4c7-lhsgk   1m    30Mi   
websocket-server-56c97f4c7-ncsxq   1m    28Mi   
websocket-server-56c97f4c7-wgxv7   1m    39Mi   
1777438965
websocket-server-56c97f4c7-2cjdj   1m    35Mi   
websocket-server-56c97f4c7-4pzn7   1m    29Mi   
websocket-server-56c97f4c7-4sdm5   1m    36Mi   
websocket-server-56c97f4c7-7qc5d   1m    48Mi   
websocket-server-56c97f4c7-fc7nt   1m    43Mi   
websocket-server-56c97f4c7-lhsgk   1m    30Mi   
websocket-server-56c97f4c7-ncsxq   1m    28Mi   
websocket-server-56c97f4c7-wgxv7   1m    39Mi   
1777438970
websocket-server-56c97f4c7-2cjdj   1m    35Mi   
websocket-server-56c97f4c7-4pzn7   1m    29Mi   
websocket-server-56c97f4c7-4sdm5   1m    36Mi   
websocket-server-56c97f4c7-7qc5d   1m    48Mi   
websocket-server-56c97f4c7-fc7nt   1m    43Mi   
websocket-server-56c97f4c7-lhsgk   1m    30Mi   
websocket-server-56c97f4c7-ncsxq   1m    28Mi   
websocket-server-56c97f4c7-wgxv7   1m    39Mi   
1777438975
websocket-server-56c97f4c7-2cjdj   1m    35Mi   
websocket-server-56c97f4c7-4pzn7   1m    29Mi   
websocket-server-56c97f4c7-4sdm5   1m    36Mi   
websocket-server-56c97f4c7-7qc5d   1m    48Mi   
websocket-server-56c97f4c7-fc7nt   1m    43Mi   
websocket-server-56c97f4c7-lhsgk   1m    30Mi   
websocket-server-56c97f4c7-ncsxq   1m    28Mi   
websocket-server-56c97f4c7-wgxv7   1m    39Mi   
1777438980
websocket-server-56c97f4c7-2cjdj   1m    35Mi   
websocket-server-56c97f4c7-4pzn7   1m    29Mi   
websocket-server-56c97f4c7-4sdm5   1m    36Mi   
websocket-server-56c97f4c7-7qc5d   1m    48Mi   
websocket-server-56c97f4c7-fc7nt   1m    43Mi   
websocket-server-56c97f4c7-lhsgk   1m    30Mi   
websocket-server-56c97f4c7-ncsxq   1m    28Mi   
websocket-server-56c97f4c7-wgxv7   0m    39Mi   
1777438985
websocket-server-56c97f4c7-2cjdj   1m    35Mi   
websocket-server-56c97f4c7-4pzn7   1m    29Mi   
websocket-server-56c97f4c7-4sdm5   1m    36Mi   
websocket-server-56c97f4c7-7qc5d   1m    48Mi   
websocket-server-56c97f4c7-fc7nt   1m    43Mi   
websocket-server-56c97f4c7-lhsgk   1m    30Mi   
websocket-server-56c97f4c7-ncsxq   1m    28Mi   
websocket-server-56c97f4c7-wgxv7   0m    39Mi   
