1781616124
websocket-server-56c97f4c7-6q5vs   1m    97Mi   
websocket-server-56c97f4c7-t7zg4   1m    94Mi   
1781616129
websocket-server-56c97f4c7-6q5vs   1m    97Mi   
websocket-server-56c97f4c7-t7zg4   1m    94Mi   
1781616134
websocket-server-56c97f4c7-6q5vs   1m    97Mi   
websocket-server-56c97f4c7-t7zg4   1m    94Mi   
1781616139
websocket-server-56c97f4c7-6q5vs   1m    97Mi   
websocket-server-56c97f4c7-t7zg4   1m    94Mi   
1781616144
websocket-server-56c97f4c7-6q5vs   1m    97Mi   
websocket-server-56c97f4c7-t7zg4   1m    94Mi   
1781616149
websocket-server-56c97f4c7-6q5vs   1m    97Mi   
websocket-server-56c97f4c7-t7zg4   2m    95Mi   
1781616154
websocket-server-56c97f4c7-6q5vs   1m    97Mi   
websocket-server-56c97f4c7-t7zg4   2m    95Mi   
1781616159
websocket-server-56c97f4c7-6q5vs   1m    97Mi   
websocket-server-56c97f4c7-t7zg4   2m    95Mi   
1781616164
websocket-server-56c97f4c7-6q5vs   7m    98Mi   
websocket-server-56c97f4c7-t7zg4   8m    95Mi   
1781616169
websocket-server-56c97f4c7-6q5vs   7m    98Mi   
websocket-server-56c97f4c7-t7zg4   8m    95Mi   
1781616174
websocket-server-56c97f4c7-6q5vs   7m    98Mi   
websocket-server-56c97f4c7-t7zg4   8m    95Mi   
1781616179
websocket-server-56c97f4c7-6q5vs   9m    98Mi   
websocket-server-56c97f4c7-lxshh   22m   28Mi   
websocket-server-56c97f4c7-t7zg4   9m    95Mi   
1781616184
websocket-server-56c97f4c7-6q5vs   9m    98Mi   
websocket-server-56c97f4c7-lxshh   22m   28Mi   
websocket-server-56c97f4c7-t7zg4   9m    95Mi   
1781616189
websocket-server-56c97f4c7-6q5vs   9m    98Mi   
websocket-server-56c97f4c7-lxshh   22m   28Mi   
websocket-server-56c97f4c7-t7zg4   9m    95Mi   
1781616194
websocket-server-56c97f4c7-6q5vs   11m   98Mi   
websocket-server-56c97f4c7-6vhjl   21m   28Mi   
websocket-server-56c97f4c7-lxshh   4m    29Mi   
websocket-server-56c97f4c7-m4j5k   17m   28Mi   
websocket-server-56c97f4c7-t7zg4   11m   95Mi   
websocket-server-56c97f4c7-tntxz   4m    30Mi   
1781616200
websocket-server-56c97f4c7-6q5vs   11m   98Mi   
websocket-server-56c97f4c7-6vhjl   21m   28Mi   
websocket-server-56c97f4c7-lxshh   4m    29Mi   
websocket-server-56c97f4c7-m4j5k   17m   28Mi   
websocket-server-56c97f4c7-t7zg4   11m   95Mi   
websocket-server-56c97f4c7-tntxz   4m    30Mi   
1781616205
websocket-server-56c97f4c7-6q5vs   11m   98Mi   
websocket-server-56c97f4c7-6vhjl   21m   28Mi   
websocket-server-56c97f4c7-lxshh   4m    29Mi   
websocket-server-56c97f4c7-m4j5k   17m   28Mi   
websocket-server-56c97f4c7-t7zg4   11m   95Mi   
websocket-server-56c97f4c7-tntxz   4m    30Mi   
1781616210
websocket-server-56c97f4c7-6q5vs   11m   98Mi   
websocket-server-56c97f4c7-6vhjl   3m    29Mi   
websocket-server-56c97f4c7-7nc44   16m   28Mi   
websocket-server-56c97f4c7-gr4gk   17m   28Mi   
websocket-server-56c97f4c7-k79b4   20m   28Mi   
websocket-server-56c97f4c7-lxshh   4m    30Mi   
websocket-server-56c97f4c7-m4j5k   1m    28Mi   
websocket-server-56c97f4c7-t7zg4   11m   96Mi   
websocket-server-56c97f4c7-tntxz   3m    29Mi   
1781616215
websocket-server-56c97f4c7-6q5vs   11m   98Mi   
websocket-server-56c97f4c7-6vhjl   3m    29Mi   
websocket-server-56c97f4c7-7nc44   16m   28Mi   
websocket-server-56c97f4c7-gr4gk   17m   28Mi   
websocket-server-56c97f4c7-k79b4   20m   28Mi   
websocket-server-56c97f4c7-lxshh   4m    30Mi   
websocket-server-56c97f4c7-m4j5k   1m    28Mi   
websocket-server-56c97f4c7-t7zg4   11m   96Mi   
websocket-server-56c97f4c7-tntxz   3m    29Mi   
1781616220
websocket-server-56c97f4c7-6q5vs   11m   98Mi   
websocket-server-56c97f4c7-6vhjl   3m    29Mi   
websocket-server-56c97f4c7-7nc44   16m   28Mi   
websocket-server-56c97f4c7-gr4gk   17m   28Mi   
websocket-server-56c97f4c7-k79b4   20m   28Mi   
websocket-server-56c97f4c7-lxshh   4m    30Mi   
websocket-server-56c97f4c7-m4j5k   1m    28Mi   
websocket-server-56c97f4c7-t7zg4   11m   96Mi   
websocket-server-56c97f4c7-tntxz   3m    29Mi   
1781616225
websocket-server-56c97f4c7-6q5vs   11m   98Mi   
websocket-server-56c97f4c7-6vhjl   4m    30Mi   
websocket-server-56c97f4c7-7nc44   3m    29Mi   
websocket-server-56c97f4c7-gr4gk   2m    28Mi   
websocket-server-56c97f4c7-hcg7v   23m   28Mi   
websocket-server-56c97f4c7-k79b4   2m    28Mi   
websocket-server-56c97f4c7-lxshh   5m    31Mi   
websocket-server-56c97f4c7-m4j5k   3m    29Mi   
websocket-server-56c97f4c7-sbsx6   21m   28Mi   
websocket-server-56c97f4c7-t7zg4   10m   95Mi   
websocket-server-56c97f4c7-tntxz   4m    30Mi   
1781616230
websocket-server-56c97f4c7-6q5vs   11m   98Mi   
websocket-server-56c97f4c7-6vhjl   4m    30Mi   
websocket-server-56c97f4c7-7nc44   3m    29Mi   
websocket-server-56c97f4c7-gr4gk   2m    28Mi   
websocket-server-56c97f4c7-hcg7v   23m   28Mi   
websocket-server-56c97f4c7-k79b4   2m    28Mi   
websocket-server-56c97f4c7-lxshh   5m    31Mi   
websocket-server-56c97f4c7-m4j5k   3m    29Mi   
websocket-server-56c97f4c7-sbsx6   21m   28Mi   
websocket-server-56c97f4c7-t7zg4   10m   95Mi   
websocket-server-56c97f4c7-tntxz   4m    30Mi   
1781616235
websocket-server-56c97f4c7-6q5vs   11m   98Mi   
websocket-server-56c97f4c7-6vhjl   4m    30Mi   
websocket-server-56c97f4c7-7nc44   3m    29Mi   
websocket-server-56c97f4c7-gr4gk   2m    28Mi   
websocket-server-56c97f4c7-hcg7v   23m   28Mi   
websocket-server-56c97f4c7-k79b4   2m    28Mi   
websocket-server-56c97f4c7-lxshh   5m    31Mi   
websocket-server-56c97f4c7-m4j5k   3m    29Mi   
websocket-server-56c97f4c7-sbsx6   21m   28Mi   
websocket-server-56c97f4c7-t7zg4   10m   95Mi   
websocket-server-56c97f4c7-tntxz   4m    30Mi   
1781616240
websocket-server-56c97f4c7-4frpf   1m    30Mi   
websocket-server-56c97f4c7-6q5vs   12m   98Mi   
websocket-server-56c97f4c7-6vhjl   4m    31Mi   
websocket-server-56c97f4c7-7nc44   3m    29Mi   
websocket-server-56c97f4c7-9hstk   1m    28Mi   
websocket-server-56c97f4c7-gr4gk   2m    28Mi   
websocket-server-56c97f4c7-hcg7v   2m    28Mi   
websocket-server-56c97f4c7-j4bgq   16m   27Mi   
websocket-server-56c97f4c7-k79b4   4m    30Mi   
websocket-server-56c97f4c7-lxshh   5m    32Mi   
websocket-server-56c97f4c7-m4j5k   4m    29Mi   
websocket-server-56c97f4c7-sbsx6   2m    28Mi   
websocket-server-56c97f4c7-t7zg4   12m   95Mi   
websocket-server-56c97f4c7-tntxz   4m    30Mi   
1781616245
websocket-server-56c97f4c7-4frpf   1m    30Mi   
websocket-server-56c97f4c7-6q5vs   12m   98Mi   
websocket-server-56c97f4c7-6vhjl   4m    31Mi   
websocket-server-56c97f4c7-7nc44   3m    29Mi   
websocket-server-56c97f4c7-9hstk   1m    28Mi   
websocket-server-56c97f4c7-gr4gk   2m    28Mi   
websocket-server-56c97f4c7-hcg7v   2m    28Mi   
websocket-server-56c97f4c7-j4bgq   16m   27Mi   
websocket-server-56c97f4c7-k79b4   4m    30Mi   
websocket-server-56c97f4c7-lxshh   5m    32Mi   
websocket-server-56c97f4c7-m4j5k   4m    29Mi   
websocket-server-56c97f4c7-sbsx6   2m    28Mi   
websocket-server-56c97f4c7-t7zg4   12m   95Mi   
websocket-server-56c97f4c7-tntxz   4m    30Mi   
1781616250
websocket-server-56c97f4c7-4frpf   1m    30Mi   
websocket-server-56c97f4c7-6q5vs   12m   98Mi   
websocket-server-56c97f4c7-6vhjl   4m    31Mi   
websocket-server-56c97f4c7-7nc44   3m    29Mi   
websocket-server-56c97f4c7-9hstk   1m    28Mi   
websocket-server-56c97f4c7-gr4gk   2m    28Mi   
websocket-server-56c97f4c7-hcg7v   2m    28Mi   
websocket-server-56c97f4c7-j4bgq   16m   27Mi   
websocket-server-56c97f4c7-k79b4   4m    30Mi   
websocket-server-56c97f4c7-lxshh   5m    32Mi   
websocket-server-56c97f4c7-m4j5k   4m    29Mi   
websocket-server-56c97f4c7-sbsx6   2m    28Mi   
websocket-server-56c97f4c7-t7zg4   12m   95Mi   
websocket-server-56c97f4c7-tntxz   4m    30Mi   
1781616255
websocket-server-56c97f4c7-4frpf   1m    30Mi   
websocket-server-56c97f4c7-6q5vs   10m   98Mi   
websocket-server-56c97f4c7-6vhjl   4m    31Mi   
websocket-server-56c97f4c7-7nc44   3m    29Mi   
websocket-server-56c97f4c7-7xhp8   1m    28Mi   
websocket-server-56c97f4c7-9hstk   1m    28Mi   
websocket-server-56c97f4c7-g55kt   1m    27Mi   
websocket-server-56c97f4c7-gr4gk   2m    28Mi   
websocket-server-56c97f4c7-hcg7v   1m    28Mi   
websocket-server-56c97f4c7-j4bgq   1m    27Mi   
websocket-server-56c97f4c7-k79b4   3m    29Mi   
websocket-server-56c97f4c7-lxshh   5m    32Mi   
websocket-server-56c97f4c7-m4j5k   4m    30Mi   
websocket-server-56c97f4c7-sbsx6   2m    28Mi   
websocket-server-56c97f4c7-t7zg4   11m   96Mi   
websocket-server-56c97f4c7-tntxz   4m    30Mi   
1781616260
websocket-server-56c97f4c7-4frpf   1m    30Mi   
websocket-server-56c97f4c7-6q5vs   10m   98Mi   
websocket-server-56c97f4c7-6vhjl   4m    31Mi   
websocket-server-56c97f4c7-7nc44   3m    29Mi   
websocket-server-56c97f4c7-7xhp8   1m    28Mi   
websocket-server-56c97f4c7-9hstk   1m    28Mi   
websocket-server-56c97f4c7-g55kt   1m    27Mi   
websocket-server-56c97f4c7-gr4gk   2m    28Mi   
websocket-server-56c97f4c7-hcg7v   1m    28Mi   
websocket-server-56c97f4c7-j4bgq   1m    27Mi   
websocket-server-56c97f4c7-k79b4   3m    29Mi   
websocket-server-56c97f4c7-lxshh   5m    32Mi   
websocket-server-56c97f4c7-m4j5k   4m    30Mi   
websocket-server-56c97f4c7-sbsx6   2m    28Mi   
websocket-server-56c97f4c7-t7zg4   11m   96Mi   
websocket-server-56c97f4c7-tntxz   4m    30Mi   
1781616265
websocket-server-56c97f4c7-4frpf   1m    30Mi   
websocket-server-56c97f4c7-6q5vs   10m   98Mi   
websocket-server-56c97f4c7-6vhjl   4m    31Mi   
websocket-server-56c97f4c7-7nc44   3m    29Mi   
websocket-server-56c97f4c7-7xhp8   1m    28Mi   
websocket-server-56c97f4c7-9hstk   1m    28Mi   
websocket-server-56c97f4c7-g55kt   1m    27Mi   
websocket-server-56c97f4c7-gr4gk   2m    28Mi   
websocket-server-56c97f4c7-hcg7v   1m    28Mi   
websocket-server-56c97f4c7-j4bgq   1m    27Mi   
websocket-server-56c97f4c7-k79b4   3m    29Mi   
websocket-server-56c97f4c7-lxshh   5m    32Mi   
websocket-server-56c97f4c7-m4j5k   4m    30Mi   
websocket-server-56c97f4c7-sbsx6   2m    28Mi   
websocket-server-56c97f4c7-t7zg4   11m   96Mi   
websocket-server-56c97f4c7-tntxz   4m    30Mi   
1781616270
websocket-server-56c97f4c7-4frpf   1m    30Mi   
websocket-server-56c97f4c7-6q5vs   8m    98Mi   
websocket-server-56c97f4c7-6vhjl   4m    31Mi   
websocket-server-56c97f4c7-7nc44   3m    29Mi   
websocket-server-56c97f4c7-7xhp8   1m    28Mi   
websocket-server-56c97f4c7-9hstk   1m    28Mi   
websocket-server-56c97f4c7-g55kt   1m    27Mi   
websocket-server-56c97f4c7-gr4gk   2m    28Mi   
websocket-server-56c97f4c7-hcg7v   1m    28Mi   
websocket-server-56c97f4c7-j4bgq   1m    27Mi   
websocket-server-56c97f4c7-k79b4   3m    30Mi   
websocket-server-56c97f4c7-lxshh   4m    32Mi   
websocket-server-56c97f4c7-m4j5k   4m    30Mi   
websocket-server-56c97f4c7-sbsx6   2m    28Mi   
websocket-server-56c97f4c7-t7zg4   10m   95Mi   
websocket-server-56c97f4c7-tntxz   4m    30Mi   
1781616275
websocket-server-56c97f4c7-4frpf   1m    30Mi   
websocket-server-56c97f4c7-6q5vs   8m    98Mi   
websocket-server-56c97f4c7-6vhjl   4m    31Mi   
websocket-server-56c97f4c7-7nc44   3m    29Mi   
websocket-server-56c97f4c7-7xhp8   1m    28Mi   
websocket-server-56c97f4c7-9hstk   1m    28Mi   
websocket-server-56c97f4c7-g55kt   1m    27Mi   
websocket-server-56c97f4c7-gr4gk   2m    28Mi   
websocket-server-56c97f4c7-hcg7v   1m    28Mi   
websocket-server-56c97f4c7-j4bgq   1m    27Mi   
websocket-server-56c97f4c7-k79b4   3m    30Mi   
websocket-server-56c97f4c7-lxshh   4m    32Mi   
websocket-server-56c97f4c7-m4j5k   4m    30Mi   
websocket-server-56c97f4c7-sbsx6   2m    28Mi   
websocket-server-56c97f4c7-t7zg4   10m   95Mi   
websocket-server-56c97f4c7-tntxz   4m    30Mi   
1781616280
websocket-server-56c97f4c7-4frpf   1m    30Mi   
websocket-server-56c97f4c7-6q5vs   8m    98Mi   
websocket-server-56c97f4c7-6vhjl   4m    31Mi   
websocket-server-56c97f4c7-7nc44   3m    29Mi   
websocket-server-56c97f4c7-7xhp8   1m    28Mi   
websocket-server-56c97f4c7-9hstk   1m    28Mi   
websocket-server-56c97f4c7-g55kt   1m    27Mi   
websocket-server-56c97f4c7-gr4gk   2m    28Mi   
websocket-server-56c97f4c7-hcg7v   1m    28Mi   
websocket-server-56c97f4c7-j4bgq   1m    27Mi   
websocket-server-56c97f4c7-k79b4   3m    30Mi   
websocket-server-56c97f4c7-lxshh   4m    32Mi   
websocket-server-56c97f4c7-m4j5k   4m    30Mi   
websocket-server-56c97f4c7-sbsx6   2m    28Mi   
websocket-server-56c97f4c7-t7zg4   10m   95Mi   
websocket-server-56c97f4c7-tntxz   4m    30Mi   
1781616285
websocket-server-56c97f4c7-4frpf   1m    30Mi   
websocket-server-56c97f4c7-6q5vs   4m    98Mi   
websocket-server-56c97f4c7-6vhjl   3m    31Mi   
websocket-server-56c97f4c7-7nc44   1m    29Mi   
websocket-server-56c97f4c7-7xhp8   1m    27Mi   
websocket-server-56c97f4c7-9hstk   1m    28Mi   
websocket-server-56c97f4c7-g55kt   1m    27Mi   
websocket-server-56c97f4c7-gr4gk   1m    28Mi   
websocket-server-56c97f4c7-hcg7v   1m    28Mi   
websocket-server-56c97f4c7-j4bgq   1m    27Mi   
websocket-server-56c97f4c7-k79b4   1m    29Mi   
websocket-server-56c97f4c7-lxshh   2m    31Mi   
websocket-server-56c97f4c7-m4j5k   2m    30Mi   
websocket-server-56c97f4c7-sbsx6   1m    28Mi   
websocket-server-56c97f4c7-t7zg4   4m    95Mi   
websocket-server-56c97f4c7-tntxz   2m    30Mi   
1781616290
websocket-server-56c97f4c7-4frpf   1m    30Mi   
websocket-server-56c97f4c7-6q5vs   4m    98Mi   
websocket-server-56c97f4c7-6vhjl   3m    31Mi   
websocket-server-56c97f4c7-7nc44   1m    29Mi   
websocket-server-56c97f4c7-7xhp8   1m    27Mi   
websocket-server-56c97f4c7-9hstk   1m    28Mi   
websocket-server-56c97f4c7-g55kt   1m    27Mi   
websocket-server-56c97f4c7-gr4gk   1m    28Mi   
websocket-server-56c97f4c7-hcg7v   1m    28Mi   
websocket-server-56c97f4c7-j4bgq   1m    27Mi   
websocket-server-56c97f4c7-k79b4   1m    29Mi   
websocket-server-56c97f4c7-lxshh   2m    31Mi   
websocket-server-56c97f4c7-m4j5k   2m    30Mi   
websocket-server-56c97f4c7-sbsx6   1m    28Mi   
websocket-server-56c97f4c7-t7zg4   4m    95Mi   
websocket-server-56c97f4c7-tntxz   2m    30Mi   
1781616296
websocket-server-56c97f4c7-4frpf   1m    30Mi   
websocket-server-56c97f4c7-6q5vs   4m    98Mi   
websocket-server-56c97f4c7-6vhjl   3m    31Mi   
websocket-server-56c97f4c7-7nc44   1m    29Mi   
websocket-server-56c97f4c7-7xhp8   1m    27Mi   
websocket-server-56c97f4c7-9hstk   1m    28Mi   
websocket-server-56c97f4c7-g55kt   1m    27Mi   
websocket-server-56c97f4c7-gr4gk   1m    28Mi   
websocket-server-56c97f4c7-hcg7v   1m    28Mi   
websocket-server-56c97f4c7-j4bgq   1m    27Mi   
websocket-server-56c97f4c7-k79b4   1m    29Mi   
websocket-server-56c97f4c7-lxshh   2m    31Mi   
websocket-server-56c97f4c7-m4j5k   2m    30Mi   
websocket-server-56c97f4c7-sbsx6   1m    28Mi   
websocket-server-56c97f4c7-t7zg4   4m    95Mi   
websocket-server-56c97f4c7-tntxz   2m    30Mi   
1781616301
websocket-server-56c97f4c7-4frpf   1m    30Mi   
websocket-server-56c97f4c7-6q5vs   4m    98Mi   
websocket-server-56c97f4c7-6vhjl   2m    31Mi   
websocket-server-56c97f4c7-7nc44   1m    29Mi   
websocket-server-56c97f4c7-7xhp8   1m    27Mi   
websocket-server-56c97f4c7-9hstk   1m    28Mi   
websocket-server-56c97f4c7-g55kt   1m    27Mi   
websocket-server-56c97f4c7-gr4gk   1m    28Mi   
websocket-server-56c97f4c7-hcg7v   1m    28Mi   
websocket-server-56c97f4c7-j4bgq   1m    27Mi   
websocket-server-56c97f4c7-k79b4   1m    30Mi   
websocket-server-56c97f4c7-lxshh   2m    31Mi   
websocket-server-56c97f4c7-m4j5k   2m    30Mi   
websocket-server-56c97f4c7-sbsx6   1m    28Mi   
websocket-server-56c97f4c7-t7zg4   4m    95Mi   
websocket-server-56c97f4c7-tntxz   2m    30Mi   
1781616306
websocket-server-56c97f4c7-4frpf   1m    30Mi   
websocket-server-56c97f4c7-6q5vs   4m    98Mi   
websocket-server-56c97f4c7-6vhjl   2m    31Mi   
websocket-server-56c97f4c7-7nc44   1m    29Mi   
websocket-server-56c97f4c7-7xhp8   1m    27Mi   
websocket-server-56c97f4c7-9hstk   1m    28Mi   
websocket-server-56c97f4c7-g55kt   1m    27Mi   
websocket-server-56c97f4c7-gr4gk   1m    28Mi   
websocket-server-56c97f4c7-hcg7v   1m    28Mi   
websocket-server-56c97f4c7-j4bgq   1m    27Mi   
websocket-server-56c97f4c7-k79b4   1m    30Mi   
websocket-server-56c97f4c7-lxshh   2m    31Mi   
websocket-server-56c97f4c7-m4j5k   2m    30Mi   
websocket-server-56c97f4c7-sbsx6   1m    28Mi   
websocket-server-56c97f4c7-t7zg4   4m    95Mi   
websocket-server-56c97f4c7-tntxz   2m    30Mi   
1781616311
websocket-server-56c97f4c7-4frpf   1m    30Mi   
websocket-server-56c97f4c7-6q5vs   4m    98Mi   
websocket-server-56c97f4c7-6vhjl   2m    31Mi   
websocket-server-56c97f4c7-7nc44   1m    29Mi   
websocket-server-56c97f4c7-7xhp8   1m    27Mi   
websocket-server-56c97f4c7-9hstk   1m    28Mi   
websocket-server-56c97f4c7-g55kt   1m    27Mi   
websocket-server-56c97f4c7-gr4gk   1m    28Mi   
websocket-server-56c97f4c7-hcg7v   1m    28Mi   
websocket-server-56c97f4c7-j4bgq   1m    27Mi   
websocket-server-56c97f4c7-k79b4   1m    30Mi   
websocket-server-56c97f4c7-lxshh   2m    31Mi   
websocket-server-56c97f4c7-m4j5k   2m    30Mi   
websocket-server-56c97f4c7-sbsx6   1m    28Mi   
websocket-server-56c97f4c7-t7zg4   4m    95Mi   
websocket-server-56c97f4c7-tntxz   2m    30Mi   
1781616316
websocket-server-56c97f4c7-4frpf   1m    30Mi   
websocket-server-56c97f4c7-6q5vs   3m    98Mi   
websocket-server-56c97f4c7-6vhjl   2m    30Mi   
websocket-server-56c97f4c7-7nc44   1m    29Mi   
websocket-server-56c97f4c7-7xhp8   1m    27Mi   
websocket-server-56c97f4c7-9hstk   1m    28Mi   
websocket-server-56c97f4c7-g55kt   1m    27Mi   
websocket-server-56c97f4c7-gr4gk   1m    28Mi   
websocket-server-56c97f4c7-hcg7v   1m    28Mi   
websocket-server-56c97f4c7-j4bgq   1m    27Mi   
websocket-server-56c97f4c7-k79b4   1m    29Mi   
websocket-server-56c97f4c7-lxshh   2m    32Mi   
websocket-server-56c97f4c7-m4j5k   1m    30Mi   
websocket-server-56c97f4c7-sbsx6   1m    28Mi   
websocket-server-56c97f4c7-t7zg4   4m    95Mi   
websocket-server-56c97f4c7-tntxz   2m    30Mi   
1781616321
websocket-server-56c97f4c7-4frpf   1m    30Mi   
websocket-server-56c97f4c7-6q5vs   3m    98Mi   
websocket-server-56c97f4c7-6vhjl   2m    30Mi   
websocket-server-56c97f4c7-7nc44   1m    29Mi   
websocket-server-56c97f4c7-7xhp8   1m    27Mi   
websocket-server-56c97f4c7-9hstk   1m    28Mi   
websocket-server-56c97f4c7-g55kt   1m    27Mi   
websocket-server-56c97f4c7-gr4gk   1m    28Mi   
websocket-server-56c97f4c7-hcg7v   1m    28Mi   
websocket-server-56c97f4c7-j4bgq   1m    27Mi   
websocket-server-56c97f4c7-k79b4   1m    29Mi   
websocket-server-56c97f4c7-lxshh   2m    32Mi   
websocket-server-56c97f4c7-m4j5k   1m    30Mi   
websocket-server-56c97f4c7-sbsx6   1m    28Mi   
websocket-server-56c97f4c7-t7zg4   4m    95Mi   
websocket-server-56c97f4c7-tntxz   2m    30Mi   
1781616326
websocket-server-56c97f4c7-4frpf   1m    30Mi   
websocket-server-56c97f4c7-6q5vs   3m    98Mi   
websocket-server-56c97f4c7-6vhjl   2m    30Mi   
websocket-server-56c97f4c7-7nc44   1m    29Mi   
websocket-server-56c97f4c7-7xhp8   1m    27Mi   
websocket-server-56c97f4c7-9hstk   1m    28Mi   
websocket-server-56c97f4c7-g55kt   1m    27Mi   
websocket-server-56c97f4c7-gr4gk   1m    28Mi   
websocket-server-56c97f4c7-hcg7v   1m    28Mi   
websocket-server-56c97f4c7-j4bgq   1m    27Mi   
websocket-server-56c97f4c7-k79b4   1m    29Mi   
websocket-server-56c97f4c7-lxshh   2m    32Mi   
websocket-server-56c97f4c7-m4j5k   1m    30Mi   
websocket-server-56c97f4c7-sbsx6   1m    28Mi   
websocket-server-56c97f4c7-t7zg4   4m    95Mi   
websocket-server-56c97f4c7-tntxz   2m    30Mi   
1781616331
websocket-server-56c97f4c7-4frpf   1m    30Mi   
websocket-server-56c97f4c7-6q5vs   8m    97Mi   
websocket-server-56c97f4c7-6vhjl   4m    30Mi   
websocket-server-56c97f4c7-7nc44   3m    29Mi   
websocket-server-56c97f4c7-7xhp8   1m    27Mi   
websocket-server-56c97f4c7-9hstk   1m    28Mi   
websocket-server-56c97f4c7-g55kt   1m    28Mi   
websocket-server-56c97f4c7-gr4gk   1m    28Mi   
websocket-server-56c97f4c7-hcg7v   1m    28Mi   
websocket-server-56c97f4c7-j4bgq   1m    28Mi   
websocket-server-56c97f4c7-k79b4   3m    29Mi   
websocket-server-56c97f4c7-lxshh   5m    31Mi   
websocket-server-56c97f4c7-m4j5k   3m    30Mi   
websocket-server-56c97f4c7-sbsx6   1m    28Mi   
websocket-server-56c97f4c7-t7zg4   4m    95Mi   
websocket-server-56c97f4c7-tntxz   4m    30Mi   
1781616336
websocket-server-56c97f4c7-4frpf   1m    30Mi   
websocket-server-56c97f4c7-6q5vs   8m    97Mi   
websocket-server-56c97f4c7-6vhjl   4m    30Mi   
websocket-server-56c97f4c7-7nc44   3m    29Mi   
websocket-server-56c97f4c7-7xhp8   1m    27Mi   
websocket-server-56c97f4c7-9hstk   1m    28Mi   
websocket-server-56c97f4c7-g55kt   1m    28Mi   
websocket-server-56c97f4c7-gr4gk   1m    28Mi   
websocket-server-56c97f4c7-hcg7v   1m    28Mi   
websocket-server-56c97f4c7-j4bgq   1m    28Mi   
websocket-server-56c97f4c7-k79b4   3m    29Mi   
websocket-server-56c97f4c7-lxshh   5m    31Mi   
websocket-server-56c97f4c7-m4j5k   3m    30Mi   
websocket-server-56c97f4c7-sbsx6   1m    28Mi   
websocket-server-56c97f4c7-t7zg4   4m    95Mi   
websocket-server-56c97f4c7-tntxz   4m    30Mi   
1781616341
websocket-server-56c97f4c7-4frpf   1m    30Mi   
websocket-server-56c97f4c7-6q5vs   8m    97Mi   
websocket-server-56c97f4c7-6vhjl   4m    30Mi   
websocket-server-56c97f4c7-7nc44   3m    29Mi   
websocket-server-56c97f4c7-7xhp8   1m    27Mi   
websocket-server-56c97f4c7-9hstk   1m    28Mi   
websocket-server-56c97f4c7-g55kt   1m    28Mi   
websocket-server-56c97f4c7-gr4gk   1m    28Mi   
websocket-server-56c97f4c7-hcg7v   1m    28Mi   
websocket-server-56c97f4c7-j4bgq   1m    28Mi   
websocket-server-56c97f4c7-k79b4   3m    29Mi   
websocket-server-56c97f4c7-lxshh   5m    31Mi   
websocket-server-56c97f4c7-m4j5k   3m    30Mi   
websocket-server-56c97f4c7-sbsx6   1m    28Mi   
websocket-server-56c97f4c7-t7zg4   4m    95Mi   
websocket-server-56c97f4c7-tntxz   4m    30Mi   
1781616346
websocket-server-56c97f4c7-4frpf   1m    31Mi   
websocket-server-56c97f4c7-6q5vs   1m    97Mi   
websocket-server-56c97f4c7-6vhjl   1m    30Mi   
websocket-server-56c97f4c7-7nc44   1m    29Mi   
websocket-server-56c97f4c7-7xhp8   1m    28Mi   
websocket-server-56c97f4c7-9hstk   1m    28Mi   
websocket-server-56c97f4c7-g55kt   1m    28Mi   
websocket-server-56c97f4c7-gr4gk   1m    28Mi   
websocket-server-56c97f4c7-hcg7v   1m    28Mi   
websocket-server-56c97f4c7-j4bgq   1m    28Mi   
websocket-server-56c97f4c7-k79b4   1m    29Mi   
websocket-server-56c97f4c7-lxshh   1m    32Mi   
websocket-server-56c97f4c7-m4j5k   1m    30Mi   
websocket-server-56c97f4c7-sbsx6   2m    28Mi   
websocket-server-56c97f4c7-t7zg4   6m    94Mi   
websocket-server-56c97f4c7-tntxz   1m    30Mi   
1781616351
websocket-server-56c97f4c7-4frpf   1m    31Mi   
websocket-server-56c97f4c7-6q5vs   1m    97Mi   
websocket-server-56c97f4c7-6vhjl   1m    30Mi   
websocket-server-56c97f4c7-7nc44   1m    29Mi   
websocket-server-56c97f4c7-7xhp8   1m    28Mi   
websocket-server-56c97f4c7-9hstk   1m    28Mi   
websocket-server-56c97f4c7-g55kt   1m    28Mi   
websocket-server-56c97f4c7-gr4gk   1m    28Mi   
websocket-server-56c97f4c7-hcg7v   1m    28Mi   
websocket-server-56c97f4c7-j4bgq   1m    28Mi   
websocket-server-56c97f4c7-k79b4   1m    29Mi   
websocket-server-56c97f4c7-lxshh   1m    32Mi   
websocket-server-56c97f4c7-m4j5k   1m    30Mi   
websocket-server-56c97f4c7-sbsx6   2m    28Mi   
websocket-server-56c97f4c7-t7zg4   6m    94Mi   
websocket-server-56c97f4c7-tntxz   1m    30Mi   
1781616356
websocket-server-56c97f4c7-4frpf   1m    31Mi   
websocket-server-56c97f4c7-6q5vs   1m    97Mi   
websocket-server-56c97f4c7-6vhjl   1m    30Mi   
websocket-server-56c97f4c7-7nc44   1m    29Mi   
websocket-server-56c97f4c7-7xhp8   1m    28Mi   
websocket-server-56c97f4c7-9hstk   1m    28Mi   
websocket-server-56c97f4c7-g55kt   1m    28Mi   
websocket-server-56c97f4c7-gr4gk   1m    28Mi   
websocket-server-56c97f4c7-hcg7v   1m    28Mi   
websocket-server-56c97f4c7-j4bgq   1m    28Mi   
websocket-server-56c97f4c7-k79b4   1m    29Mi   
websocket-server-56c97f4c7-lxshh   1m    32Mi   
websocket-server-56c97f4c7-m4j5k   1m    30Mi   
websocket-server-56c97f4c7-sbsx6   2m    28Mi   
websocket-server-56c97f4c7-t7zg4   6m    94Mi   
websocket-server-56c97f4c7-tntxz   1m    30Mi   
1781616361
websocket-server-56c97f4c7-4frpf   1m    31Mi   
websocket-server-56c97f4c7-6q5vs   1m    97Mi   
websocket-server-56c97f4c7-6vhjl   1m    30Mi   
websocket-server-56c97f4c7-7nc44   1m    29Mi   
websocket-server-56c97f4c7-7xhp8   1m    28Mi   
websocket-server-56c97f4c7-9hstk   0m    28Mi   
websocket-server-56c97f4c7-g55kt   0m    28Mi   
websocket-server-56c97f4c7-gr4gk   1m    28Mi   
websocket-server-56c97f4c7-hcg7v   1m    28Mi   
websocket-server-56c97f4c7-j4bgq   1m    28Mi   
websocket-server-56c97f4c7-k79b4   1m    29Mi   
websocket-server-56c97f4c7-lxshh   0m    31Mi   
websocket-server-56c97f4c7-m4j5k   1m    30Mi   
websocket-server-56c97f4c7-sbsx6   1m    28Mi   
websocket-server-56c97f4c7-t7zg4   1m    94Mi   
websocket-server-56c97f4c7-tntxz   1m    30Mi   
1781616366
websocket-server-56c97f4c7-4frpf   1m    31Mi   
websocket-server-56c97f4c7-6q5vs   1m    97Mi   
websocket-server-56c97f4c7-6vhjl   1m    30Mi   
websocket-server-56c97f4c7-7nc44   1m    29Mi   
websocket-server-56c97f4c7-7xhp8   1m    28Mi   
websocket-server-56c97f4c7-9hstk   0m    28Mi   
websocket-server-56c97f4c7-g55kt   0m    28Mi   
websocket-server-56c97f4c7-gr4gk   1m    28Mi   
websocket-server-56c97f4c7-hcg7v   1m    28Mi   
websocket-server-56c97f4c7-j4bgq   1m    28Mi   
websocket-server-56c97f4c7-k79b4   1m    29Mi   
websocket-server-56c97f4c7-lxshh   0m    31Mi   
websocket-server-56c97f4c7-m4j5k   1m    30Mi   
websocket-server-56c97f4c7-sbsx6   1m    28Mi   
websocket-server-56c97f4c7-t7zg4   1m    94Mi   
websocket-server-56c97f4c7-tntxz   1m    30Mi   
1781616371
websocket-server-56c97f4c7-4frpf   1m    31Mi   
websocket-server-56c97f4c7-6q5vs   1m    97Mi   
websocket-server-56c97f4c7-6vhjl   1m    30Mi   
websocket-server-56c97f4c7-7nc44   1m    29Mi   
websocket-server-56c97f4c7-7xhp8   1m    28Mi   
websocket-server-56c97f4c7-9hstk   0m    28Mi   
websocket-server-56c97f4c7-g55kt   0m    28Mi   
websocket-server-56c97f4c7-gr4gk   1m    28Mi   
websocket-server-56c97f4c7-hcg7v   1m    28Mi   
websocket-server-56c97f4c7-j4bgq   1m    28Mi   
websocket-server-56c97f4c7-k79b4   1m    29Mi   
websocket-server-56c97f4c7-lxshh   0m    31Mi   
websocket-server-56c97f4c7-m4j5k   1m    30Mi   
websocket-server-56c97f4c7-sbsx6   1m    28Mi   
websocket-server-56c97f4c7-t7zg4   1m    94Mi   
websocket-server-56c97f4c7-tntxz   1m    30Mi   
1781616376
websocket-server-56c97f4c7-4frpf   1m    31Mi   
websocket-server-56c97f4c7-6q5vs   1m    97Mi   
websocket-server-56c97f4c7-6vhjl   1m    30Mi   
websocket-server-56c97f4c7-7nc44   0m    29Mi   
websocket-server-56c97f4c7-7xhp8   1m    27Mi   
websocket-server-56c97f4c7-9hstk   1m    28Mi   
websocket-server-56c97f4c7-g55kt   0m    28Mi   
websocket-server-56c97f4c7-gr4gk   1m    28Mi   
websocket-server-56c97f4c7-hcg7v   0m    28Mi   
websocket-server-56c97f4c7-j4bgq   0m    28Mi   
websocket-server-56c97f4c7-k79b4   1m    29Mi   
websocket-server-56c97f4c7-lxshh   1m    31Mi   
websocket-server-56c97f4c7-m4j5k   1m    30Mi   
websocket-server-56c97f4c7-sbsx6   1m    28Mi   
websocket-server-56c97f4c7-t7zg4   0m    94Mi   
websocket-server-56c97f4c7-tntxz   1m    30Mi   
1781616381
websocket-server-56c97f4c7-4frpf   1m    31Mi   
websocket-server-56c97f4c7-6q5vs   1m    97Mi   
websocket-server-56c97f4c7-6vhjl   1m    30Mi   
websocket-server-56c97f4c7-7nc44   0m    29Mi   
websocket-server-56c97f4c7-7xhp8   1m    27Mi   
websocket-server-56c97f4c7-9hstk   1m    28Mi   
websocket-server-56c97f4c7-g55kt   0m    28Mi   
websocket-server-56c97f4c7-gr4gk   1m    28Mi   
websocket-server-56c97f4c7-hcg7v   0m    28Mi   
websocket-server-56c97f4c7-j4bgq   0m    28Mi   
websocket-server-56c97f4c7-k79b4   1m    29Mi   
websocket-server-56c97f4c7-lxshh   1m    31Mi   
websocket-server-56c97f4c7-m4j5k   1m    30Mi   
websocket-server-56c97f4c7-sbsx6   1m    28Mi   
websocket-server-56c97f4c7-t7zg4   0m    94Mi   
websocket-server-56c97f4c7-tntxz   1m    30Mi   
1781616386
websocket-server-56c97f4c7-4frpf   1m    31Mi   
websocket-server-56c97f4c7-6q5vs   1m    97Mi   
websocket-server-56c97f4c7-6vhjl   1m    30Mi   
websocket-server-56c97f4c7-7nc44   0m    29Mi   
websocket-server-56c97f4c7-7xhp8   1m    27Mi   
websocket-server-56c97f4c7-9hstk   1m    28Mi   
websocket-server-56c97f4c7-g55kt   0m    28Mi   
websocket-server-56c97f4c7-gr4gk   1m    28Mi   
websocket-server-56c97f4c7-hcg7v   0m    28Mi   
websocket-server-56c97f4c7-j4bgq   0m    28Mi   
websocket-server-56c97f4c7-k79b4   1m    29Mi   
websocket-server-56c97f4c7-lxshh   1m    31Mi   
websocket-server-56c97f4c7-m4j5k   1m    30Mi   
websocket-server-56c97f4c7-sbsx6   1m    28Mi   
websocket-server-56c97f4c7-t7zg4   0m    94Mi   
websocket-server-56c97f4c7-tntxz   1m    30Mi   
1781616391
websocket-server-56c97f4c7-4frpf   1m    31Mi   
websocket-server-56c97f4c7-6q5vs   1m    97Mi   
websocket-server-56c97f4c7-6vhjl   1m    30Mi   
websocket-server-56c97f4c7-7nc44   0m    29Mi   
websocket-server-56c97f4c7-7xhp8   1m    28Mi   
websocket-server-56c97f4c7-9hstk   1m    28Mi   
websocket-server-56c97f4c7-g55kt   1m    28Mi   
websocket-server-56c97f4c7-gr4gk   1m    28Mi   
websocket-server-56c97f4c7-hcg7v   0m    28Mi   
websocket-server-56c97f4c7-j4bgq   1m    28Mi   
websocket-server-56c97f4c7-k79b4   1m    29Mi   
websocket-server-56c97f4c7-lxshh   1m    31Mi   
websocket-server-56c97f4c7-m4j5k   0m    30Mi   
websocket-server-56c97f4c7-sbsx6   1m    28Mi   
websocket-server-56c97f4c7-t7zg4   1m    94Mi   
websocket-server-56c97f4c7-tntxz   1m    31Mi   
1781616396
websocket-server-56c97f4c7-4frpf   1m    31Mi   
websocket-server-56c97f4c7-6q5vs   1m    97Mi   
websocket-server-56c97f4c7-6vhjl   1m    30Mi   
websocket-server-56c97f4c7-7nc44   0m    29Mi   
websocket-server-56c97f4c7-7xhp8   1m    28Mi   
websocket-server-56c97f4c7-9hstk   1m    28Mi   
websocket-server-56c97f4c7-g55kt   1m    28Mi   
websocket-server-56c97f4c7-gr4gk   1m    28Mi   
websocket-server-56c97f4c7-hcg7v   0m    28Mi   
websocket-server-56c97f4c7-j4bgq   1m    28Mi   
websocket-server-56c97f4c7-k79b4   1m    29Mi   
websocket-server-56c97f4c7-lxshh   1m    31Mi   
websocket-server-56c97f4c7-m4j5k   0m    30Mi   
websocket-server-56c97f4c7-sbsx6   1m    28Mi   
websocket-server-56c97f4c7-t7zg4   1m    94Mi   
websocket-server-56c97f4c7-tntxz   1m    31Mi   
1781616401
websocket-server-56c97f4c7-4frpf   1m    31Mi   
websocket-server-56c97f4c7-6q5vs   1m    97Mi   
websocket-server-56c97f4c7-6vhjl   1m    30Mi   
websocket-server-56c97f4c7-7nc44   0m    29Mi   
websocket-server-56c97f4c7-7xhp8   1m    28Mi   
websocket-server-56c97f4c7-9hstk   1m    28Mi   
websocket-server-56c97f4c7-g55kt   1m    28Mi   
websocket-server-56c97f4c7-gr4gk   1m    28Mi   
websocket-server-56c97f4c7-hcg7v   0m    28Mi   
websocket-server-56c97f4c7-j4bgq   1m    28Mi   
websocket-server-56c97f4c7-k79b4   1m    29Mi   
websocket-server-56c97f4c7-lxshh   1m    31Mi   
websocket-server-56c97f4c7-m4j5k   0m    30Mi   
websocket-server-56c97f4c7-sbsx6   1m    28Mi   
websocket-server-56c97f4c7-t7zg4   1m    94Mi   
websocket-server-56c97f4c7-tntxz   1m    31Mi   
1781616407
websocket-server-56c97f4c7-4frpf   1m    31Mi   
websocket-server-56c97f4c7-6q5vs   1m    97Mi   
websocket-server-56c97f4c7-6vhjl   1m    31Mi   
websocket-server-56c97f4c7-7nc44   1m    29Mi   
websocket-server-56c97f4c7-7xhp8   2m    28Mi   
websocket-server-56c97f4c7-9hstk   1m    28Mi   
websocket-server-56c97f4c7-g55kt   1m    28Mi   
websocket-server-56c97f4c7-gr4gk   1m    28Mi   
websocket-server-56c97f4c7-hcg7v   1m    29Mi   
websocket-server-56c97f4c7-j4bgq   2m    28Mi   
websocket-server-56c97f4c7-k79b4   1m    30Mi   
websocket-server-56c97f4c7-lxshh   2m    32Mi   
websocket-server-56c97f4c7-m4j5k   1m    31Mi   
websocket-server-56c97f4c7-sbsx6   1m    28Mi   
websocket-server-56c97f4c7-t7zg4   1m    94Mi   
websocket-server-56c97f4c7-tntxz   1m    31Mi   
1781616412
websocket-server-56c97f4c7-4frpf   1m    31Mi   
websocket-server-56c97f4c7-6q5vs   1m    97Mi   
websocket-server-56c97f4c7-6vhjl   1m    31Mi   
websocket-server-56c97f4c7-7nc44   1m    29Mi   
websocket-server-56c97f4c7-7xhp8   2m    28Mi   
websocket-server-56c97f4c7-9hstk   1m    28Mi   
websocket-server-56c97f4c7-g55kt   1m    28Mi   
websocket-server-56c97f4c7-gr4gk   1m    28Mi   
websocket-server-56c97f4c7-hcg7v   1m    29Mi   
websocket-server-56c97f4c7-j4bgq   2m    28Mi   
websocket-server-56c97f4c7-k79b4   1m    30Mi   
websocket-server-56c97f4c7-lxshh   2m    32Mi   
websocket-server-56c97f4c7-m4j5k   1m    31Mi   
websocket-server-56c97f4c7-sbsx6   1m    28Mi   
websocket-server-56c97f4c7-t7zg4   1m    94Mi   
websocket-server-56c97f4c7-tntxz   1m    31Mi   
1781616417
websocket-server-56c97f4c7-4frpf   1m    31Mi   
websocket-server-56c97f4c7-6q5vs   1m    97Mi   
websocket-server-56c97f4c7-6vhjl   1m    31Mi   
websocket-server-56c97f4c7-7nc44   1m    29Mi   
websocket-server-56c97f4c7-7xhp8   2m    28Mi   
websocket-server-56c97f4c7-9hstk   1m    28Mi   
websocket-server-56c97f4c7-g55kt   1m    28Mi   
websocket-server-56c97f4c7-gr4gk   1m    28Mi   
websocket-server-56c97f4c7-hcg7v   1m    29Mi   
websocket-server-56c97f4c7-j4bgq   2m    28Mi   
websocket-server-56c97f4c7-k79b4   1m    30Mi   
websocket-server-56c97f4c7-lxshh   2m    32Mi   
websocket-server-56c97f4c7-m4j5k   1m    31Mi   
websocket-server-56c97f4c7-sbsx6   1m    28Mi   
websocket-server-56c97f4c7-t7zg4   1m    94Mi   
websocket-server-56c97f4c7-tntxz   1m    31Mi   
1781616422
websocket-server-56c97f4c7-4frpf   1m    31Mi   
websocket-server-56c97f4c7-6q5vs   2m    97Mi   
websocket-server-56c97f4c7-6vhjl   1m    31Mi   
websocket-server-56c97f4c7-7nc44   2m    30Mi   
websocket-server-56c97f4c7-7xhp8   2m    28Mi   
websocket-server-56c97f4c7-9hstk   2m    28Mi   
websocket-server-56c97f4c7-g55kt   2m    28Mi   
websocket-server-56c97f4c7-gr4gk   1m    30Mi   
websocket-server-56c97f4c7-hcg7v   1m    29Mi   
websocket-server-56c97f4c7-j4bgq   2m    28Mi   
websocket-server-56c97f4c7-k79b4   2m    30Mi   
websocket-server-56c97f4c7-lxshh   2m    32Mi   
websocket-server-56c97f4c7-m4j5k   2m    31Mi   
websocket-server-56c97f4c7-sbsx6   2m    29Mi   
websocket-server-56c97f4c7-t7zg4   2m    94Mi   
websocket-server-56c97f4c7-tntxz   2m    31Mi   
1781616427
websocket-server-56c97f4c7-4frpf   1m    31Mi   
websocket-server-56c97f4c7-6q5vs   2m    97Mi   
websocket-server-56c97f4c7-6vhjl   1m    31Mi   
websocket-server-56c97f4c7-7nc44   2m    30Mi   
websocket-server-56c97f4c7-7xhp8   2m    28Mi   
websocket-server-56c97f4c7-9hstk   2m    28Mi   
websocket-server-56c97f4c7-g55kt   2m    28Mi   
websocket-server-56c97f4c7-gr4gk   1m    30Mi   
websocket-server-56c97f4c7-hcg7v   1m    29Mi   
websocket-server-56c97f4c7-j4bgq   2m    28Mi   
websocket-server-56c97f4c7-k79b4   2m    30Mi   
websocket-server-56c97f4c7-lxshh   2m    32Mi   
websocket-server-56c97f4c7-m4j5k   2m    31Mi   
websocket-server-56c97f4c7-sbsx6   2m    29Mi   
websocket-server-56c97f4c7-t7zg4   2m    94Mi   
websocket-server-56c97f4c7-tntxz   2m    31Mi   
1781616432
websocket-server-56c97f4c7-4frpf   1m    31Mi   
websocket-server-56c97f4c7-6q5vs   2m    97Mi   
websocket-server-56c97f4c7-6vhjl   1m    31Mi   
websocket-server-56c97f4c7-7nc44   2m    30Mi   
websocket-server-56c97f4c7-7xhp8   2m    28Mi   
websocket-server-56c97f4c7-9hstk   2m    28Mi   
websocket-server-56c97f4c7-g55kt   2m    28Mi   
websocket-server-56c97f4c7-gr4gk   1m    30Mi   
websocket-server-56c97f4c7-hcg7v   1m    29Mi   
websocket-server-56c97f4c7-j4bgq   2m    28Mi   
websocket-server-56c97f4c7-k79b4   2m    30Mi   
websocket-server-56c97f4c7-lxshh   2m    32Mi   
websocket-server-56c97f4c7-m4j5k   2m    31Mi   
websocket-server-56c97f4c7-sbsx6   2m    29Mi   
websocket-server-56c97f4c7-t7zg4   2m    94Mi   
websocket-server-56c97f4c7-tntxz   2m    31Mi   
1781616437
websocket-server-56c97f4c7-4frpf   3m    31Mi   
websocket-server-56c97f4c7-6q5vs   2m    97Mi   
websocket-server-56c97f4c7-6vhjl   2m    31Mi   
websocket-server-56c97f4c7-7nc44   2m    31Mi   
websocket-server-56c97f4c7-7xhp8   3m    29Mi   
websocket-server-56c97f4c7-9hstk   2m    29Mi   
websocket-server-56c97f4c7-g55kt   2m    28Mi   
websocket-server-56c97f4c7-gr4gk   2m    29Mi   
websocket-server-56c97f4c7-hcg7v   2m    28Mi   
websocket-server-56c97f4c7-j4bgq   3m    29Mi   
websocket-server-56c97f4c7-k79b4   2m    31Mi   
websocket-server-56c97f4c7-lxshh   2m    32Mi   
websocket-server-56c97f4c7-m4j5k   2m    31Mi   
websocket-server-56c97f4c7-sbsx6   2m    29Mi   
websocket-server-56c97f4c7-t7zg4   2m    94Mi   
websocket-server-56c97f4c7-tntxz   2m    31Mi   
1781616442
websocket-server-56c97f4c7-4frpf   3m    31Mi   
websocket-server-56c97f4c7-6q5vs   2m    97Mi   
websocket-server-56c97f4c7-6vhjl   2m    31Mi   
websocket-server-56c97f4c7-7nc44   2m    31Mi   
websocket-server-56c97f4c7-7xhp8   3m    29Mi   
websocket-server-56c97f4c7-9hstk   2m    29Mi   
websocket-server-56c97f4c7-g55kt   2m    28Mi   
websocket-server-56c97f4c7-gr4gk   2m    29Mi   
websocket-server-56c97f4c7-hcg7v   2m    28Mi   
websocket-server-56c97f4c7-j4bgq   3m    29Mi   
websocket-server-56c97f4c7-k79b4   2m    31Mi   
websocket-server-56c97f4c7-lxshh   2m    32Mi   
websocket-server-56c97f4c7-m4j5k   2m    31Mi   
websocket-server-56c97f4c7-sbsx6   2m    29Mi   
websocket-server-56c97f4c7-t7zg4   2m    94Mi   
websocket-server-56c97f4c7-tntxz   2m    31Mi   
1781616447
websocket-server-56c97f4c7-4frpf   3m    31Mi   
websocket-server-56c97f4c7-6q5vs   2m    97Mi   
websocket-server-56c97f4c7-6vhjl   2m    31Mi   
websocket-server-56c97f4c7-7nc44   2m    31Mi   
websocket-server-56c97f4c7-7xhp8   3m    29Mi   
websocket-server-56c97f4c7-9hstk   2m    29Mi   
websocket-server-56c97f4c7-g55kt   2m    28Mi   
websocket-server-56c97f4c7-gr4gk   2m    29Mi   
websocket-server-56c97f4c7-hcg7v   2m    28Mi   
websocket-server-56c97f4c7-j4bgq   3m    29Mi   
websocket-server-56c97f4c7-k79b4   2m    31Mi   
websocket-server-56c97f4c7-lxshh   2m    32Mi   
websocket-server-56c97f4c7-m4j5k   2m    31Mi   
websocket-server-56c97f4c7-sbsx6   2m    29Mi   
websocket-server-56c97f4c7-t7zg4   2m    94Mi   
websocket-server-56c97f4c7-tntxz   2m    31Mi   
1781616452
websocket-server-56c97f4c7-4frpf   3m    32Mi   
websocket-server-56c97f4c7-6q5vs   3m    97Mi   
websocket-server-56c97f4c7-6vhjl   2m    32Mi   
websocket-server-56c97f4c7-7nc44   2m    31Mi   
websocket-server-56c97f4c7-7xhp8   3m    29Mi   
websocket-server-56c97f4c7-9hstk   3m    29Mi   
websocket-server-56c97f4c7-g55kt   3m    29Mi   
websocket-server-56c97f4c7-gr4gk   2m    29Mi   
websocket-server-56c97f4c7-hcg7v   2m    29Mi   
websocket-server-56c97f4c7-j4bgq   3m    29Mi   
websocket-server-56c97f4c7-k79b4   3m    32Mi   
websocket-server-56c97f4c7-lxshh   3m    32Mi   
websocket-server-56c97f4c7-m4j5k   2m    31Mi   
websocket-server-56c97f4c7-sbsx6   3m    30Mi   
websocket-server-56c97f4c7-t7zg4   3m    95Mi   
websocket-server-56c97f4c7-tntxz   3m    32Mi   
1781616457
websocket-server-56c97f4c7-4frpf   3m    32Mi   
websocket-server-56c97f4c7-6q5vs   3m    97Mi   
websocket-server-56c97f4c7-6vhjl   2m    32Mi   
websocket-server-56c97f4c7-7nc44   2m    31Mi   
websocket-server-56c97f4c7-7xhp8   3m    29Mi   
websocket-server-56c97f4c7-9hstk   3m    29Mi   
websocket-server-56c97f4c7-g55kt   3m    29Mi   
websocket-server-56c97f4c7-gr4gk   2m    29Mi   
websocket-server-56c97f4c7-hcg7v   2m    29Mi   
websocket-server-56c97f4c7-j4bgq   3m    29Mi   
websocket-server-56c97f4c7-k79b4   3m    32Mi   
websocket-server-56c97f4c7-lxshh   3m    32Mi   
websocket-server-56c97f4c7-m4j5k   2m    31Mi   
websocket-server-56c97f4c7-sbsx6   3m    30Mi   
websocket-server-56c97f4c7-t7zg4   3m    95Mi   
websocket-server-56c97f4c7-tntxz   3m    32Mi   
1781616462
websocket-server-56c97f4c7-4frpf   3m    32Mi   
websocket-server-56c97f4c7-6q5vs   3m    97Mi   
websocket-server-56c97f4c7-6vhjl   2m    32Mi   
websocket-server-56c97f4c7-7nc44   2m    31Mi   
websocket-server-56c97f4c7-7xhp8   3m    29Mi   
websocket-server-56c97f4c7-9hstk   3m    29Mi   
websocket-server-56c97f4c7-g55kt   3m    29Mi   
websocket-server-56c97f4c7-gr4gk   2m    29Mi   
websocket-server-56c97f4c7-hcg7v   2m    29Mi   
websocket-server-56c97f4c7-j4bgq   3m    29Mi   
websocket-server-56c97f4c7-k79b4   3m    32Mi   
websocket-server-56c97f4c7-lxshh   3m    32Mi   
websocket-server-56c97f4c7-m4j5k   2m    31Mi   
websocket-server-56c97f4c7-sbsx6   3m    30Mi   
websocket-server-56c97f4c7-t7zg4   3m    95Mi   
websocket-server-56c97f4c7-tntxz   3m    32Mi   
1781616467
websocket-server-56c97f4c7-4frpf   3m    32Mi   
websocket-server-56c97f4c7-6q5vs   4m    97Mi   
websocket-server-56c97f4c7-6vhjl   4m    32Mi   
websocket-server-56c97f4c7-7nc44   3m    31Mi   
websocket-server-56c97f4c7-7xhp8   3m    29Mi   
websocket-server-56c97f4c7-9hstk   3m    29Mi   
websocket-server-56c97f4c7-g55kt   4m    29Mi   
websocket-server-56c97f4c7-gr4gk   3m    31Mi   
websocket-server-56c97f4c7-hcg7v   3m    30Mi   
websocket-server-56c97f4c7-j4bgq   3m    29Mi   
websocket-server-56c97f4c7-k79b4   4m    32Mi   
websocket-server-56c97f4c7-lxshh   4m    32Mi   
websocket-server-56c97f4c7-m4j5k   3m    32Mi   
websocket-server-56c97f4c7-sbsx6   3m    30Mi   
websocket-server-56c97f4c7-t7zg4   3m    95Mi   
websocket-server-56c97f4c7-tntxz   3m    32Mi   
1781616472
websocket-server-56c97f4c7-4frpf   3m    32Mi   
websocket-server-56c97f4c7-6q5vs   4m    97Mi   
websocket-server-56c97f4c7-6vhjl   4m    32Mi   
websocket-server-56c97f4c7-7nc44   3m    31Mi   
websocket-server-56c97f4c7-7xhp8   3m    29Mi   
websocket-server-56c97f4c7-g55kt   4m    29Mi   
websocket-server-56c97f4c7-gr4gk   3m    31Mi   
websocket-server-56c97f4c7-hcg7v   3m    30Mi   
websocket-server-56c97f4c7-k79b4   4m    32Mi   
websocket-server-56c97f4c7-lxshh   4m    32Mi   
websocket-server-56c97f4c7-m4j5k   3m    32Mi   
websocket-server-56c97f4c7-sbsx6   3m    30Mi   
websocket-server-56c97f4c7-t7zg4   3m    95Mi   
websocket-server-56c97f4c7-tntxz   3m    32Mi   
1781616477
websocket-server-56c97f4c7-4vh8f   18m   27Mi   
websocket-server-56c97f4c7-6lf8f   16m   28Mi   
websocket-server-56c97f4c7-6q5vs   5m    97Mi   
websocket-server-56c97f4c7-6vhjl   4m    32Mi   
websocket-server-56c97f4c7-7nc44   4m    32Mi   
websocket-server-56c97f4c7-7xhp8   4m    30Mi   
websocket-server-56c97f4c7-g55kt   4m    30Mi   
websocket-server-56c97f4c7-gr4gk   4m    31Mi   
websocket-server-56c97f4c7-hcg7v   3m    30Mi   
websocket-server-56c97f4c7-k79b4   4m    32Mi   
websocket-server-56c97f4c7-lxshh   4m    32Mi   
websocket-server-56c97f4c7-pln78   1m    28Mi   
websocket-server-56c97f4c7-sbsx6   5m    32Mi   
websocket-server-56c97f4c7-t7zg4   4m    95Mi   
websocket-server-56c97f4c7-tntxz   3m    32Mi   
1781616482
websocket-server-56c97f4c7-4vh8f   18m   27Mi   
websocket-server-56c97f4c7-6lf8f   16m   28Mi   
websocket-server-56c97f4c7-6q5vs   5m    97Mi   
websocket-server-56c97f4c7-6vhjl   4m    32Mi   
websocket-server-56c97f4c7-7nc44   4m    32Mi   
websocket-server-56c97f4c7-7xhp8   4m    30Mi   
websocket-server-56c97f4c7-g55kt   4m    30Mi   
websocket-server-56c97f4c7-gr4gk   4m    31Mi   
websocket-server-56c97f4c7-k79b4   4m    32Mi   
websocket-server-56c97f4c7-lxshh   4m    32Mi   
websocket-server-56c97f4c7-pln78   1m    28Mi   
websocket-server-56c97f4c7-sbsx6   5m    32Mi   
websocket-server-56c97f4c7-t7zg4   4m    95Mi   
websocket-server-56c97f4c7-tntxz   3m    32Mi   
1781616487
websocket-server-56c97f4c7-4vh8f   18m   27Mi   
websocket-server-56c97f4c7-6lf8f   16m   28Mi   
websocket-server-56c97f4c7-6q5vs   5m    97Mi   
websocket-server-56c97f4c7-6vhjl   4m    32Mi   
websocket-server-56c97f4c7-7nc44   4m    32Mi   
websocket-server-56c97f4c7-7xhp8   4m    30Mi   
websocket-server-56c97f4c7-g55kt   4m    30Mi   
websocket-server-56c97f4c7-gr4gk   4m    31Mi   
websocket-server-56c97f4c7-k79b4   4m    32Mi   
websocket-server-56c97f4c7-lxshh   4m    32Mi   
websocket-server-56c97f4c7-pln78   1m    28Mi   
websocket-server-56c97f4c7-sbsx6   5m    32Mi   
websocket-server-56c97f4c7-t7zg4   4m    95Mi   
websocket-server-56c97f4c7-tntxz   3m    32Mi   
1781616492
websocket-server-56c97f4c7-4vh8f   2m    28Mi   
websocket-server-56c97f4c7-6lf8f   1m    28Mi   
websocket-server-56c97f4c7-6q5vs   5m    97Mi   
websocket-server-56c97f4c7-6vhjl   5m    32Mi   
websocket-server-56c97f4c7-7nc44   5m    32Mi   
websocket-server-56c97f4c7-7xhp8   5m    30Mi   
websocket-server-56c97f4c7-8k98c   18m   27Mi   
websocket-server-56c97f4c7-g55kt   5m    31Mi   
websocket-server-56c97f4c7-gr4gk   4m    32Mi   
websocket-server-56c97f4c7-k79b4   6m    32Mi   
websocket-server-56c97f4c7-lxshh   5m    32Mi   
websocket-server-56c97f4c7-pln78   1m    28Mi   
websocket-server-56c97f4c7-q45bf   1m    28Mi   
websocket-server-56c97f4c7-sbsx6   6m    32Mi   
websocket-server-56c97f4c7-t7zg4   8m    87Mi   
websocket-server-56c97f4c7-tntxz   4m    32Mi   
websocket-server-56c97f4c7-zcndl   2m    28Mi   
1781616497
websocket-server-56c97f4c7-4vh8f   2m    28Mi   
websocket-server-56c97f4c7-6lf8f   1m    28Mi   
websocket-server-56c97f4c7-6q5vs   5m    97Mi   
websocket-server-56c97f4c7-6vhjl   5m    32Mi   
websocket-server-56c97f4c7-7nc44   5m    32Mi   
websocket-server-56c97f4c7-7xhp8   5m    30Mi   
websocket-server-56c97f4c7-8k98c   18m   27Mi   
websocket-server-56c97f4c7-g55kt   5m    31Mi   
websocket-server-56c97f4c7-gr4gk   4m    32Mi   
websocket-server-56c97f4c7-k79b4   6m    32Mi   
websocket-server-56c97f4c7-lxshh   5m    32Mi   
websocket-server-56c97f4c7-pln78   1m    28Mi   
websocket-server-56c97f4c7-q45bf   1m    28Mi   
websocket-server-56c97f4c7-sbsx6   6m    32Mi   
websocket-server-56c97f4c7-t7zg4   8m    87Mi   
websocket-server-56c97f4c7-tntxz   4m    32Mi   
websocket-server-56c97f4c7-zcndl   2m    28Mi   
1781616502
websocket-server-56c97f4c7-4vh8f   2m    28Mi   
websocket-server-56c97f4c7-6lf8f   1m    28Mi   
websocket-server-56c97f4c7-6q5vs   5m    97Mi   
websocket-server-56c97f4c7-6vhjl   5m    32Mi   
websocket-server-56c97f4c7-7nc44   5m    32Mi   
websocket-server-56c97f4c7-7xhp8   5m    30Mi   
websocket-server-56c97f4c7-8k98c   18m   27Mi   
websocket-server-56c97f4c7-g55kt   5m    31Mi   
websocket-server-56c97f4c7-gr4gk   4m    32Mi   
websocket-server-56c97f4c7-k79b4   6m    32Mi   
websocket-server-56c97f4c7-lxshh   5m    32Mi   
websocket-server-56c97f4c7-pln78   1m    28Mi   
websocket-server-56c97f4c7-q45bf   1m    28Mi   
websocket-server-56c97f4c7-sbsx6   6m    32Mi   
websocket-server-56c97f4c7-t7zg4   8m    87Mi   
websocket-server-56c97f4c7-tntxz   4m    32Mi   
websocket-server-56c97f4c7-zcndl   2m    28Mi   
1781616507
websocket-server-56c97f4c7-4vh8f   2m    28Mi   
websocket-server-56c97f4c7-6lf8f   1m    28Mi   
websocket-server-56c97f4c7-6q5vs   6m    98Mi   
websocket-server-56c97f4c7-6vhjl   5m    32Mi   
websocket-server-56c97f4c7-7nc44   5m    32Mi   
websocket-server-56c97f4c7-7xhp8   6m    31Mi   
websocket-server-56c97f4c7-8k98c   1m    27Mi   
websocket-server-56c97f4c7-g55kt   6m    31Mi   
websocket-server-56c97f4c7-gr4gk   4m    31Mi   
websocket-server-56c97f4c7-k79b4   5m    32Mi   
websocket-server-56c97f4c7-l9wf4   1m    27Mi   
websocket-server-56c97f4c7-lxshh   5m    33Mi   
websocket-server-56c97f4c7-pln78   1m    28Mi   
websocket-server-56c97f4c7-q45bf   1m    28Mi   
websocket-server-56c97f4c7-sbsx6   4m    32Mi   
websocket-server-56c97f4c7-t7zg4   4m    86Mi   
websocket-server-56c97f4c7-tntxz   4m    32Mi   
websocket-server-56c97f4c7-zcndl   2m    28Mi   
1781616512
websocket-server-56c97f4c7-4vh8f   2m    28Mi   
websocket-server-56c97f4c7-6lf8f   1m    28Mi   
websocket-server-56c97f4c7-6q5vs   6m    98Mi   
websocket-server-56c97f4c7-6vhjl   5m    32Mi   
websocket-server-56c97f4c7-7nc44   5m    32Mi   
websocket-server-56c97f4c7-7xhp8   6m    31Mi   
websocket-server-56c97f4c7-8k98c   1m    27Mi   
websocket-server-56c97f4c7-g55kt   6m    31Mi   
websocket-server-56c97f4c7-gr4gk   4m    31Mi   
websocket-server-56c97f4c7-k79b4   5m    32Mi   
websocket-server-56c97f4c7-l9wf4   1m    27Mi   
websocket-server-56c97f4c7-lxshh   5m    33Mi   
websocket-server-56c97f4c7-pln78   1m    28Mi   
websocket-server-56c97f4c7-q45bf   1m    28Mi   
websocket-server-56c97f4c7-sbsx6   4m    32Mi   
websocket-server-56c97f4c7-t7zg4   4m    86Mi   
websocket-server-56c97f4c7-tntxz   4m    32Mi   
websocket-server-56c97f4c7-zcndl   2m    28Mi   
1781616517
websocket-server-56c97f4c7-4vh8f   2m    28Mi   
websocket-server-56c97f4c7-6lf8f   1m    28Mi   
websocket-server-56c97f4c7-6q5vs   6m    98Mi   
websocket-server-56c97f4c7-6vhjl   5m    32Mi   
websocket-server-56c97f4c7-7nc44   5m    32Mi   
websocket-server-56c97f4c7-7xhp8   6m    31Mi   
websocket-server-56c97f4c7-8k98c   1m    27Mi   
websocket-server-56c97f4c7-g55kt   6m    31Mi   
websocket-server-56c97f4c7-gr4gk   4m    31Mi   
websocket-server-56c97f4c7-k79b4   5m    32Mi   
websocket-server-56c97f4c7-l9wf4   1m    27Mi   
websocket-server-56c97f4c7-lxshh   5m    33Mi   
websocket-server-56c97f4c7-pln78   1m    28Mi   
websocket-server-56c97f4c7-q45bf   1m    28Mi   
websocket-server-56c97f4c7-sbsx6   4m    32Mi   
websocket-server-56c97f4c7-t7zg4   4m    86Mi   
websocket-server-56c97f4c7-tntxz   4m    32Mi   
websocket-server-56c97f4c7-zcndl   2m    28Mi   
1781616523
websocket-server-56c97f4c7-4vh8f   1m    28Mi   
websocket-server-56c97f4c7-6lf8f   1m    28Mi   
websocket-server-56c97f4c7-6q5vs   4m    97Mi   
websocket-server-56c97f4c7-6vhjl   2m    32Mi   
websocket-server-56c97f4c7-7nc44   3m    32Mi   
websocket-server-56c97f4c7-7xhp8   3m    31Mi   
websocket-server-56c97f4c7-8k98c   1m    27Mi   
websocket-server-56c97f4c7-g55kt   3m    31Mi   
websocket-server-56c97f4c7-gr4gk   4m    31Mi   
websocket-server-56c97f4c7-k79b4   2m    32Mi   
websocket-server-56c97f4c7-l9wf4   1m    27Mi   
websocket-server-56c97f4c7-lxshh   2m    32Mi   
websocket-server-56c97f4c7-pln78   1m    28Mi   
websocket-server-56c97f4c7-q45bf   1m    28Mi   
websocket-server-56c97f4c7-sbsx6   2m    32Mi   
websocket-server-56c97f4c7-t7zg4   3m    86Mi   
websocket-server-56c97f4c7-tntxz   1m    32Mi   
websocket-server-56c97f4c7-zcndl   1m    28Mi   
1781616528
websocket-server-56c97f4c7-4vh8f   1m    28Mi   
websocket-server-56c97f4c7-6lf8f   1m    28Mi   
websocket-server-56c97f4c7-6q5vs   4m    97Mi   
websocket-server-56c97f4c7-6vhjl   2m    32Mi   
websocket-server-56c97f4c7-7nc44   3m    32Mi   
websocket-server-56c97f4c7-7xhp8   3m    31Mi   
websocket-server-56c97f4c7-8k98c   1m    27Mi   
websocket-server-56c97f4c7-g55kt   3m    31Mi   
websocket-server-56c97f4c7-gr4gk   4m    31Mi   
websocket-server-56c97f4c7-k79b4   2m    32Mi   
websocket-server-56c97f4c7-l9wf4   1m    27Mi   
websocket-server-56c97f4c7-lxshh   2m    32Mi   
websocket-server-56c97f4c7-pln78   1m    28Mi   
websocket-server-56c97f4c7-q45bf   1m    28Mi   
websocket-server-56c97f4c7-sbsx6   2m    32Mi   
websocket-server-56c97f4c7-t7zg4   3m    86Mi   
websocket-server-56c97f4c7-tntxz   1m    32Mi   
websocket-server-56c97f4c7-zcndl   1m    28Mi   
1781616533
websocket-server-56c97f4c7-4vh8f   1m    28Mi   
websocket-server-56c97f4c7-6lf8f   1m    28Mi   
websocket-server-56c97f4c7-6q5vs   4m    97Mi   
websocket-server-56c97f4c7-6vhjl   2m    32Mi   
websocket-server-56c97f4c7-7nc44   3m    32Mi   
websocket-server-56c97f4c7-7xhp8   3m    31Mi   
websocket-server-56c97f4c7-8k98c   1m    27Mi   
websocket-server-56c97f4c7-g55kt   3m    31Mi   
websocket-server-56c97f4c7-gr4gk   4m    31Mi   
websocket-server-56c97f4c7-k79b4   2m    32Mi   
websocket-server-56c97f4c7-l9wf4   1m    27Mi   
websocket-server-56c97f4c7-lxshh   2m    32Mi   
websocket-server-56c97f4c7-pln78   1m    28Mi   
websocket-server-56c97f4c7-q45bf   1m    28Mi   
websocket-server-56c97f4c7-sbsx6   2m    32Mi   
websocket-server-56c97f4c7-t7zg4   3m    86Mi   
websocket-server-56c97f4c7-tntxz   1m    32Mi   
websocket-server-56c97f4c7-zcndl   1m    28Mi   
1781616538
websocket-server-56c97f4c7-4vh8f   1m    28Mi   
websocket-server-56c97f4c7-6lf8f   1m    28Mi   
websocket-server-56c97f4c7-6q5vs   2m    97Mi   
websocket-server-56c97f4c7-6vhjl   2m    32Mi   
websocket-server-56c97f4c7-7nc44   2m    32Mi   
websocket-server-56c97f4c7-7xhp8   2m    31Mi   
websocket-server-56c97f4c7-8k98c   1m    27Mi   
websocket-server-56c97f4c7-g55kt   2m    31Mi   
websocket-server-56c97f4c7-gr4gk   2m    32Mi   
websocket-server-56c97f4c7-k79b4   2m    32Mi   
websocket-server-56c97f4c7-l9wf4   1m    27Mi   
websocket-server-56c97f4c7-lxshh   2m    32Mi   
websocket-server-56c97f4c7-pln78   1m    28Mi   
websocket-server-56c97f4c7-q45bf   1m    28Mi   
websocket-server-56c97f4c7-sbsx6   1m    32Mi   
websocket-server-56c97f4c7-t7zg4   1m    87Mi   
websocket-server-56c97f4c7-tntxz   1m    32Mi   
websocket-server-56c97f4c7-zcndl   1m    28Mi   
1781616543
websocket-server-56c97f4c7-4vh8f   1m    28Mi   
websocket-server-56c97f4c7-6lf8f   1m    28Mi   
websocket-server-56c97f4c7-6q5vs   2m    97Mi   
websocket-server-56c97f4c7-6vhjl   2m    32Mi   
websocket-server-56c97f4c7-7nc44   2m    32Mi   
websocket-server-56c97f4c7-7xhp8   2m    31Mi   
websocket-server-56c97f4c7-8k98c   1m    27Mi   
websocket-server-56c97f4c7-g55kt   2m    31Mi   
websocket-server-56c97f4c7-gr4gk   2m    32Mi   
websocket-server-56c97f4c7-k79b4   2m    32Mi   
websocket-server-56c97f4c7-l9wf4   1m    27Mi   
websocket-server-56c97f4c7-lxshh   2m    32Mi   
websocket-server-56c97f4c7-pln78   1m    28Mi   
websocket-server-56c97f4c7-q45bf   1m    28Mi   
websocket-server-56c97f4c7-sbsx6   1m    32Mi   
websocket-server-56c97f4c7-t7zg4   1m    87Mi   
websocket-server-56c97f4c7-tntxz   1m    32Mi   
websocket-server-56c97f4c7-zcndl   1m    28Mi   
1781616548
websocket-server-56c97f4c7-4vh8f   1m    28Mi   
websocket-server-56c97f4c7-6lf8f   1m    28Mi   
websocket-server-56c97f4c7-6q5vs   2m    97Mi   
websocket-server-56c97f4c7-6vhjl   2m    32Mi   
websocket-server-56c97f4c7-7nc44   2m    32Mi   
websocket-server-56c97f4c7-7xhp8   2m    31Mi   
websocket-server-56c97f4c7-8k98c   1m    27Mi   
websocket-server-56c97f4c7-g55kt   2m    31Mi   
websocket-server-56c97f4c7-gr4gk   2m    32Mi   
websocket-server-56c97f4c7-k79b4   2m    32Mi   
websocket-server-56c97f4c7-l9wf4   1m    27Mi   
websocket-server-56c97f4c7-lxshh   2m    32Mi   
websocket-server-56c97f4c7-pln78   1m    28Mi   
websocket-server-56c97f4c7-q45bf   1m    28Mi   
websocket-server-56c97f4c7-sbsx6   1m    32Mi   
websocket-server-56c97f4c7-t7zg4   1m    87Mi   
websocket-server-56c97f4c7-tntxz   1m    32Mi   
websocket-server-56c97f4c7-zcndl   1m    28Mi   
1781616553
websocket-server-56c97f4c7-4vh8f   1m    28Mi   
websocket-server-56c97f4c7-6lf8f   1m    28Mi   
websocket-server-56c97f4c7-6q5vs   2m    97Mi   
websocket-server-56c97f4c7-6vhjl   2m    32Mi   
websocket-server-56c97f4c7-7nc44   2m    32Mi   
websocket-server-56c97f4c7-7xhp8   2m    31Mi   
websocket-server-56c97f4c7-8k98c   1m    27Mi   
websocket-server-56c97f4c7-g55kt   2m    31Mi   
websocket-server-56c97f4c7-gr4gk   1m    32Mi   
websocket-server-56c97f4c7-k79b4   2m    32Mi   
websocket-server-56c97f4c7-l9wf4   1m    27Mi   
websocket-server-56c97f4c7-lxshh   2m    33Mi   
websocket-server-56c97f4c7-pln78   1m    28Mi   
websocket-server-56c97f4c7-q45bf   1m    28Mi   
websocket-server-56c97f4c7-sbsx6   2m    32Mi   
websocket-server-56c97f4c7-t7zg4   2m    87Mi   
websocket-server-56c97f4c7-tntxz   1m    32Mi   
websocket-server-56c97f4c7-zcndl   1m    28Mi   
1781616558
websocket-server-56c97f4c7-4vh8f   1m    28Mi   
websocket-server-56c97f4c7-6lf8f   1m    28Mi   
websocket-server-56c97f4c7-6q5vs   2m    97Mi   
websocket-server-56c97f4c7-6vhjl   2m    32Mi   
websocket-server-56c97f4c7-7nc44   2m    32Mi   
websocket-server-56c97f4c7-7xhp8   2m    31Mi   
websocket-server-56c97f4c7-8k98c   1m    27Mi   
websocket-server-56c97f4c7-g55kt   2m    31Mi   
websocket-server-56c97f4c7-gr4gk   1m    32Mi   
websocket-server-56c97f4c7-k79b4   2m    32Mi   
websocket-server-56c97f4c7-l9wf4   1m    27Mi   
websocket-server-56c97f4c7-lxshh   2m    33Mi   
websocket-server-56c97f4c7-pln78   1m    28Mi   
websocket-server-56c97f4c7-q45bf   1m    28Mi   
websocket-server-56c97f4c7-sbsx6   2m    32Mi   
websocket-server-56c97f4c7-t7zg4   2m    87Mi   
websocket-server-56c97f4c7-tntxz   1m    32Mi   
websocket-server-56c97f4c7-zcndl   1m    28Mi   
1781616563
websocket-server-56c97f4c7-4vh8f   1m    28Mi   
websocket-server-56c97f4c7-6lf8f   1m    28Mi   
websocket-server-56c97f4c7-6q5vs   2m    97Mi   
websocket-server-56c97f4c7-6vhjl   2m    32Mi   
websocket-server-56c97f4c7-7nc44   2m    32Mi   
websocket-server-56c97f4c7-7xhp8   2m    31Mi   
websocket-server-56c97f4c7-8k98c   1m    27Mi   
websocket-server-56c97f4c7-g55kt   2m    31Mi   
websocket-server-56c97f4c7-gr4gk   1m    32Mi   
websocket-server-56c97f4c7-k79b4   2m    32Mi   
websocket-server-56c97f4c7-l9wf4   1m    27Mi   
websocket-server-56c97f4c7-lxshh   2m    33Mi   
websocket-server-56c97f4c7-pln78   1m    28Mi   
websocket-server-56c97f4c7-q45bf   1m    28Mi   
websocket-server-56c97f4c7-sbsx6   2m    32Mi   
websocket-server-56c97f4c7-t7zg4   2m    87Mi   
websocket-server-56c97f4c7-tntxz   1m    32Mi   
websocket-server-56c97f4c7-zcndl   1m    28Mi   
1781616568
websocket-server-56c97f4c7-4vh8f   1m    28Mi   
websocket-server-56c97f4c7-6lf8f   1m    28Mi   
websocket-server-56c97f4c7-6q5vs   2m    97Mi   
websocket-server-56c97f4c7-6vhjl   4m    32Mi   
websocket-server-56c97f4c7-7nc44   4m    32Mi   
websocket-server-56c97f4c7-7xhp8   2m    31Mi   
websocket-server-56c97f4c7-8k98c   1m    28Mi   
websocket-server-56c97f4c7-g55kt   4m    31Mi   
websocket-server-56c97f4c7-gr4gk   1m    31Mi   
websocket-server-56c97f4c7-k79b4   2m    33Mi   
websocket-server-56c97f4c7-l9wf4   1m    27Mi   
websocket-server-56c97f4c7-lxshh   5m    32Mi   
websocket-server-56c97f4c7-pln78   1m    28Mi   
websocket-server-56c97f4c7-q45bf   1m    28Mi   
websocket-server-56c97f4c7-sbsx6   2m    32Mi   
websocket-server-56c97f4c7-t7zg4   3m    86Mi   
websocket-server-56c97f4c7-tntxz   2m    32Mi   
websocket-server-56c97f4c7-zcndl   1m    28Mi   
1781616573
websocket-server-56c97f4c7-4vh8f   1m    28Mi   
websocket-server-56c97f4c7-6lf8f   1m    28Mi   
websocket-server-56c97f4c7-6q5vs   2m    97Mi   
websocket-server-56c97f4c7-6vhjl   4m    32Mi   
websocket-server-56c97f4c7-7nc44   4m    32Mi   
websocket-server-56c97f4c7-7xhp8   2m    31Mi   
websocket-server-56c97f4c7-8k98c   1m    28Mi   
websocket-server-56c97f4c7-g55kt   4m    31Mi   
websocket-server-56c97f4c7-gr4gk   1m    31Mi   
websocket-server-56c97f4c7-k79b4   2m    33Mi   
websocket-server-56c97f4c7-l9wf4   1m    27Mi   
websocket-server-56c97f4c7-lxshh   5m    32Mi   
websocket-server-56c97f4c7-pln78   1m    28Mi   
websocket-server-56c97f4c7-q45bf   1m    28Mi   
websocket-server-56c97f4c7-sbsx6   2m    32Mi   
websocket-server-56c97f4c7-t7zg4   3m    86Mi   
websocket-server-56c97f4c7-tntxz   2m    32Mi   
websocket-server-56c97f4c7-zcndl   1m    28Mi   
1781616578
websocket-server-56c97f4c7-4vh8f   1m    28Mi   
websocket-server-56c97f4c7-6lf8f   1m    28Mi   
websocket-server-56c97f4c7-6q5vs   2m    97Mi   
websocket-server-56c97f4c7-6vhjl   4m    32Mi   
websocket-server-56c97f4c7-7nc44   4m    32Mi   
websocket-server-56c97f4c7-7xhp8   2m    31Mi   
websocket-server-56c97f4c7-8k98c   1m    28Mi   
websocket-server-56c97f4c7-g55kt   4m    31Mi   
websocket-server-56c97f4c7-gr4gk   1m    31Mi   
websocket-server-56c97f4c7-k79b4   2m    33Mi   
websocket-server-56c97f4c7-l9wf4   1m    27Mi   
websocket-server-56c97f4c7-lxshh   5m    32Mi   
websocket-server-56c97f4c7-pln78   1m    28Mi   
websocket-server-56c97f4c7-q45bf   1m    28Mi   
websocket-server-56c97f4c7-sbsx6   2m    32Mi   
websocket-server-56c97f4c7-t7zg4   3m    86Mi   
websocket-server-56c97f4c7-tntxz   2m    32Mi   
websocket-server-56c97f4c7-zcndl   1m    28Mi   
1781616583
websocket-server-56c97f4c7-4vh8f   1m    28Mi   
websocket-server-56c97f4c7-6lf8f   1m    28Mi   
websocket-server-56c97f4c7-6q5vs   3m    97Mi   
websocket-server-56c97f4c7-6vhjl   4m    32Mi   
websocket-server-56c97f4c7-7nc44   4m    32Mi   
websocket-server-56c97f4c7-7xhp8   2m    31Mi   
websocket-server-56c97f4c7-8k98c   1m    28Mi   
websocket-server-56c97f4c7-g55kt   1m    31Mi   
websocket-server-56c97f4c7-gr4gk   3m    31Mi   
websocket-server-56c97f4c7-k79b4   3m    32Mi   
websocket-server-56c97f4c7-l9wf4   1m    27Mi   
websocket-server-56c97f4c7-lxshh   1m    32Mi   
websocket-server-56c97f4c7-pln78   1m    28Mi   
websocket-server-56c97f4c7-q45bf   1m    28Mi   
websocket-server-56c97f4c7-sbsx6   3m    32Mi   
websocket-server-56c97f4c7-t7zg4   1m    86Mi   
websocket-server-56c97f4c7-tntxz   2m    32Mi   
websocket-server-56c97f4c7-zcndl   1m    28Mi   
1781616588
websocket-server-56c97f4c7-4vh8f   1m    28Mi   
websocket-server-56c97f4c7-6lf8f   1m    28Mi   
websocket-server-56c97f4c7-6q5vs   3m    97Mi   
websocket-server-56c97f4c7-6vhjl   4m    32Mi   
websocket-server-56c97f4c7-7nc44   4m    32Mi   
websocket-server-56c97f4c7-7xhp8   2m    31Mi   
websocket-server-56c97f4c7-8k98c   1m    28Mi   
websocket-server-56c97f4c7-g55kt   1m    31Mi   
websocket-server-56c97f4c7-gr4gk   3m    31Mi   
websocket-server-56c97f4c7-k79b4   3m    32Mi   
websocket-server-56c97f4c7-l9wf4   1m    27Mi   
websocket-server-56c97f4c7-lxshh   1m    32Mi   
websocket-server-56c97f4c7-pln78   1m    28Mi   
websocket-server-56c97f4c7-q45bf   1m    28Mi   
websocket-server-56c97f4c7-sbsx6   3m    32Mi   
websocket-server-56c97f4c7-t7zg4   1m    86Mi   
websocket-server-56c97f4c7-tntxz   2m    32Mi   
websocket-server-56c97f4c7-zcndl   1m    28Mi   
1781616593
websocket-server-56c97f4c7-4vh8f   1m    28Mi   
websocket-server-56c97f4c7-6lf8f   1m    28Mi   
websocket-server-56c97f4c7-6q5vs   3m    97Mi   
websocket-server-56c97f4c7-6vhjl   4m    32Mi   
websocket-server-56c97f4c7-7nc44   4m    32Mi   
websocket-server-56c97f4c7-7xhp8   2m    31Mi   
websocket-server-56c97f4c7-8k98c   1m    28Mi   
websocket-server-56c97f4c7-g55kt   1m    31Mi   
websocket-server-56c97f4c7-gr4gk   3m    31Mi   
websocket-server-56c97f4c7-k79b4   3m    32Mi   
websocket-server-56c97f4c7-l9wf4   1m    27Mi   
websocket-server-56c97f4c7-lxshh   1m    32Mi   
websocket-server-56c97f4c7-pln78   1m    28Mi   
websocket-server-56c97f4c7-q45bf   1m    28Mi   
websocket-server-56c97f4c7-sbsx6   3m    32Mi   
websocket-server-56c97f4c7-t7zg4   1m    86Mi   
websocket-server-56c97f4c7-tntxz   2m    32Mi   
websocket-server-56c97f4c7-zcndl   1m    28Mi   
1781616598
websocket-server-56c97f4c7-4vh8f   1m    28Mi   
websocket-server-56c97f4c7-6lf8f   1m    28Mi   
websocket-server-56c97f4c7-6q5vs   1m    97Mi   
websocket-server-56c97f4c7-6vhjl   1m    32Mi   
websocket-server-56c97f4c7-7nc44   1m    32Mi   
websocket-server-56c97f4c7-7xhp8   1m    31Mi   
websocket-server-56c97f4c7-8k98c   1m    28Mi   
websocket-server-56c97f4c7-g55kt   1m    31Mi   
websocket-server-56c97f4c7-gr4gk   1m    31Mi   
websocket-server-56c97f4c7-k79b4   1m    32Mi   
websocket-server-56c97f4c7-l9wf4   1m    27Mi   
websocket-server-56c97f4c7-lxshh   1m    32Mi   
websocket-server-56c97f4c7-pln78   1m    28Mi   
websocket-server-56c97f4c7-q45bf   1m    28Mi   
websocket-server-56c97f4c7-sbsx6   1m    32Mi   
websocket-server-56c97f4c7-t7zg4   1m    86Mi   
websocket-server-56c97f4c7-tntxz   2m    32Mi   
websocket-server-56c97f4c7-zcndl   1m    28Mi   
1781616603
websocket-server-56c97f4c7-4vh8f   1m    28Mi   
websocket-server-56c97f4c7-6lf8f   1m    28Mi   
websocket-server-56c97f4c7-6q5vs   1m    97Mi   
websocket-server-56c97f4c7-6vhjl   1m    32Mi   
websocket-server-56c97f4c7-7nc44   1m    32Mi   
websocket-server-56c97f4c7-7xhp8   1m    31Mi   
websocket-server-56c97f4c7-8k98c   1m    28Mi   
websocket-server-56c97f4c7-g55kt   1m    31Mi   
websocket-server-56c97f4c7-gr4gk   1m    31Mi   
websocket-server-56c97f4c7-k79b4   1m    32Mi   
websocket-server-56c97f4c7-l9wf4   1m    27Mi   
websocket-server-56c97f4c7-lxshh   1m    32Mi   
websocket-server-56c97f4c7-pln78   1m    28Mi   
websocket-server-56c97f4c7-q45bf   1m    28Mi   
websocket-server-56c97f4c7-sbsx6   1m    32Mi   
websocket-server-56c97f4c7-t7zg4   1m    86Mi   
websocket-server-56c97f4c7-tntxz   2m    32Mi   
websocket-server-56c97f4c7-zcndl   1m    28Mi   
1781616608
websocket-server-56c97f4c7-4vh8f   1m    28Mi   
websocket-server-56c97f4c7-6lf8f   1m    28Mi   
websocket-server-56c97f4c7-6q5vs   1m    97Mi   
websocket-server-56c97f4c7-6vhjl   1m    32Mi   
websocket-server-56c97f4c7-7nc44   1m    32Mi   
websocket-server-56c97f4c7-7xhp8   1m    31Mi   
websocket-server-56c97f4c7-8k98c   1m    28Mi   
websocket-server-56c97f4c7-g55kt   1m    31Mi   
websocket-server-56c97f4c7-gr4gk   1m    31Mi   
websocket-server-56c97f4c7-k79b4   1m    32Mi   
websocket-server-56c97f4c7-l9wf4   1m    27Mi   
websocket-server-56c97f4c7-lxshh   1m    32Mi   
websocket-server-56c97f4c7-pln78   1m    28Mi   
websocket-server-56c97f4c7-q45bf   1m    28Mi   
websocket-server-56c97f4c7-sbsx6   1m    32Mi   
websocket-server-56c97f4c7-t7zg4   1m    86Mi   
websocket-server-56c97f4c7-tntxz   2m    32Mi   
websocket-server-56c97f4c7-zcndl   1m    28Mi   
1781616613
websocket-server-56c97f4c7-4vh8f   1m    28Mi   
websocket-server-56c97f4c7-6lf8f   1m    28Mi   
websocket-server-56c97f4c7-6q5vs   1m    97Mi   
websocket-server-56c97f4c7-6vhjl   1m    32Mi   
websocket-server-56c97f4c7-7nc44   1m    32Mi   
websocket-server-56c97f4c7-7xhp8   0m    31Mi   
websocket-server-56c97f4c7-8k98c   1m    28Mi   
websocket-server-56c97f4c7-g55kt   1m    31Mi   
websocket-server-56c97f4c7-gr4gk   1m    31Mi   
websocket-server-56c97f4c7-k79b4   1m    32Mi   
websocket-server-56c97f4c7-l9wf4   1m    27Mi   
websocket-server-56c97f4c7-lxshh   1m    32Mi   
websocket-server-56c97f4c7-pln78   1m    28Mi   
websocket-server-56c97f4c7-q45bf   1m    28Mi   
websocket-server-56c97f4c7-sbsx6   1m    32Mi   
websocket-server-56c97f4c7-t7zg4   1m    86Mi   
websocket-server-56c97f4c7-tntxz   1m    32Mi   
websocket-server-56c97f4c7-zcndl   1m    28Mi   
1781616618
websocket-server-56c97f4c7-4vh8f   1m    28Mi   
websocket-server-56c97f4c7-6lf8f   1m    28Mi   
websocket-server-56c97f4c7-6q5vs   1m    97Mi   
websocket-server-56c97f4c7-6vhjl   1m    32Mi   
websocket-server-56c97f4c7-7nc44   1m    32Mi   
websocket-server-56c97f4c7-7xhp8   0m    31Mi   
websocket-server-56c97f4c7-8k98c   1m    28Mi   
websocket-server-56c97f4c7-g55kt   1m    31Mi   
websocket-server-56c97f4c7-gr4gk   1m    31Mi   
websocket-server-56c97f4c7-k79b4   1m    32Mi   
websocket-server-56c97f4c7-l9wf4   1m    27Mi   
websocket-server-56c97f4c7-lxshh   1m    32Mi   
websocket-server-56c97f4c7-pln78   1m    28Mi   
websocket-server-56c97f4c7-q45bf   1m    28Mi   
websocket-server-56c97f4c7-sbsx6   1m    32Mi   
websocket-server-56c97f4c7-t7zg4   1m    86Mi   
websocket-server-56c97f4c7-tntxz   1m    32Mi   
websocket-server-56c97f4c7-zcndl   1m    28Mi   
1781616623
websocket-server-56c97f4c7-4vh8f   1m    28Mi   
websocket-server-56c97f4c7-6lf8f   1m    28Mi   
websocket-server-56c97f4c7-6q5vs   1m    97Mi   
websocket-server-56c97f4c7-6vhjl   1m    32Mi   
websocket-server-56c97f4c7-7nc44   1m    32Mi   
websocket-server-56c97f4c7-7xhp8   0m    31Mi   
websocket-server-56c97f4c7-8k98c   1m    28Mi   
websocket-server-56c97f4c7-g55kt   1m    31Mi   
websocket-server-56c97f4c7-gr4gk   1m    31Mi   
websocket-server-56c97f4c7-k79b4   1m    32Mi   
websocket-server-56c97f4c7-l9wf4   1m    27Mi   
websocket-server-56c97f4c7-lxshh   1m    32Mi   
websocket-server-56c97f4c7-pln78   1m    28Mi   
websocket-server-56c97f4c7-q45bf   1m    28Mi   
websocket-server-56c97f4c7-sbsx6   1m    32Mi   
websocket-server-56c97f4c7-t7zg4   1m    86Mi   
websocket-server-56c97f4c7-tntxz   1m    32Mi   
websocket-server-56c97f4c7-zcndl   1m    28Mi   
1781616629
websocket-server-56c97f4c7-4vh8f   1m    28Mi   
websocket-server-56c97f4c7-6lf8f   1m    28Mi   
websocket-server-56c97f4c7-6q5vs   1m    97Mi   
websocket-server-56c97f4c7-6vhjl   1m    32Mi   
websocket-server-56c97f4c7-7nc44   1m    32Mi   
websocket-server-56c97f4c7-7xhp8   1m    31Mi   
websocket-server-56c97f4c7-8k98c   1m    28Mi   
websocket-server-56c97f4c7-g55kt   1m    31Mi   
websocket-server-56c97f4c7-gr4gk   1m    31Mi   
websocket-server-56c97f4c7-k79b4   1m    32Mi   
websocket-server-56c97f4c7-l9wf4   1m    27Mi   
websocket-server-56c97f4c7-lxshh   1m    32Mi   
websocket-server-56c97f4c7-pln78   1m    28Mi   
websocket-server-56c97f4c7-q45bf   1m    28Mi   
websocket-server-56c97f4c7-sbsx6   1m    32Mi   
websocket-server-56c97f4c7-t7zg4   1m    86Mi   
websocket-server-56c97f4c7-tntxz   1m    32Mi   
websocket-server-56c97f4c7-zcndl   1m    28Mi   
1781616634
websocket-server-56c97f4c7-4vh8f   1m    28Mi   
websocket-server-56c97f4c7-6lf8f   1m    28Mi   
websocket-server-56c97f4c7-6q5vs   1m    97Mi   
websocket-server-56c97f4c7-6vhjl   1m    32Mi   
websocket-server-56c97f4c7-7nc44   1m    32Mi   
websocket-server-56c97f4c7-7xhp8   1m    31Mi   
websocket-server-56c97f4c7-8k98c   1m    28Mi   
websocket-server-56c97f4c7-g55kt   1m    31Mi   
websocket-server-56c97f4c7-gr4gk   1m    31Mi   
websocket-server-56c97f4c7-k79b4   1m    32Mi   
websocket-server-56c97f4c7-l9wf4   1m    27Mi   
websocket-server-56c97f4c7-lxshh   1m    32Mi   
websocket-server-56c97f4c7-pln78   1m    28Mi   
websocket-server-56c97f4c7-q45bf   1m    28Mi   
websocket-server-56c97f4c7-sbsx6   1m    32Mi   
websocket-server-56c97f4c7-t7zg4   1m    86Mi   
websocket-server-56c97f4c7-tntxz   1m    32Mi   
websocket-server-56c97f4c7-zcndl   1m    28Mi   
1781616639
websocket-server-56c97f4c7-4vh8f   1m    28Mi   
websocket-server-56c97f4c7-6lf8f   1m    28Mi   
websocket-server-56c97f4c7-6q5vs   1m    97Mi   
websocket-server-56c97f4c7-6vhjl   1m    32Mi   
websocket-server-56c97f4c7-7nc44   1m    32Mi   
websocket-server-56c97f4c7-7xhp8   1m    31Mi   
websocket-server-56c97f4c7-8k98c   1m    28Mi   
websocket-server-56c97f4c7-g55kt   1m    31Mi   
websocket-server-56c97f4c7-gr4gk   1m    31Mi   
websocket-server-56c97f4c7-k79b4   1m    32Mi   
websocket-server-56c97f4c7-l9wf4   1m    27Mi   
websocket-server-56c97f4c7-lxshh   1m    32Mi   
websocket-server-56c97f4c7-pln78   1m    28Mi   
websocket-server-56c97f4c7-q45bf   1m    28Mi   
websocket-server-56c97f4c7-sbsx6   1m    32Mi   
websocket-server-56c97f4c7-t7zg4   1m    86Mi   
websocket-server-56c97f4c7-tntxz   1m    32Mi   
websocket-server-56c97f4c7-zcndl   1m    28Mi   
1781616644
websocket-server-56c97f4c7-4vh8f   1m    28Mi   
websocket-server-56c97f4c7-6lf8f   1m    28Mi   
websocket-server-56c97f4c7-6q5vs   1m    97Mi   
websocket-server-56c97f4c7-6vhjl   1m    32Mi   
websocket-server-56c97f4c7-7nc44   1m    32Mi   
websocket-server-56c97f4c7-7xhp8   1m    31Mi   
websocket-server-56c97f4c7-8k98c   1m    28Mi   
websocket-server-56c97f4c7-g55kt   1m    31Mi   
websocket-server-56c97f4c7-gr4gk   1m    31Mi   
websocket-server-56c97f4c7-k79b4   1m    32Mi   
websocket-server-56c97f4c7-l9wf4   1m    27Mi   
websocket-server-56c97f4c7-lxshh   1m    32Mi   
websocket-server-56c97f4c7-pln78   1m    28Mi   
websocket-server-56c97f4c7-q45bf   1m    28Mi   
websocket-server-56c97f4c7-sbsx6   1m    32Mi   
websocket-server-56c97f4c7-t7zg4   1m    86Mi   
websocket-server-56c97f4c7-tntxz   1m    32Mi   
websocket-server-56c97f4c7-zcndl   1m    28Mi   
1781616649
websocket-server-56c97f4c7-4vh8f   1m    28Mi   
websocket-server-56c97f4c7-6lf8f   1m    28Mi   
websocket-server-56c97f4c7-6q5vs   1m    97Mi   
websocket-server-56c97f4c7-6vhjl   1m    32Mi   
websocket-server-56c97f4c7-7nc44   1m    32Mi   
websocket-server-56c97f4c7-7xhp8   1m    31Mi   
websocket-server-56c97f4c7-8k98c   1m    28Mi   
websocket-server-56c97f4c7-g55kt   1m    31Mi   
websocket-server-56c97f4c7-gr4gk   1m    31Mi   
websocket-server-56c97f4c7-k79b4   1m    32Mi   
websocket-server-56c97f4c7-lxshh   1m    32Mi   
websocket-server-56c97f4c7-pln78   1m    28Mi   
websocket-server-56c97f4c7-q45bf   1m    28Mi   
websocket-server-56c97f4c7-sbsx6   1m    32Mi   
websocket-server-56c97f4c7-t7zg4   1m    86Mi   
websocket-server-56c97f4c7-tntxz   1m    32Mi   
websocket-server-56c97f4c7-zcndl   1m    28Mi   
1781616654
websocket-server-56c97f4c7-4vh8f   1m    28Mi   
websocket-server-56c97f4c7-6lf8f   1m    28Mi   
websocket-server-56c97f4c7-6q5vs   1m    97Mi   
websocket-server-56c97f4c7-6vhjl   1m    32Mi   
websocket-server-56c97f4c7-7nc44   1m    32Mi   
websocket-server-56c97f4c7-7xhp8   1m    31Mi   
websocket-server-56c97f4c7-8k98c   1m    28Mi   
websocket-server-56c97f4c7-g55kt   1m    31Mi   
websocket-server-56c97f4c7-gr4gk   1m    31Mi   
websocket-server-56c97f4c7-k79b4   1m    32Mi   
websocket-server-56c97f4c7-lxshh   1m    32Mi   
websocket-server-56c97f4c7-pln78   1m    28Mi   
websocket-server-56c97f4c7-sbsx6   1m    32Mi   
websocket-server-56c97f4c7-t7zg4   1m    86Mi   
websocket-server-56c97f4c7-tntxz   1m    32Mi   
websocket-server-56c97f4c7-zcndl   1m    28Mi   
1781616659
websocket-server-56c97f4c7-4vh8f   1m    28Mi   
websocket-server-56c97f4c7-6lf8f   1m    28Mi   
websocket-server-56c97f4c7-6q5vs   1m    97Mi   
websocket-server-56c97f4c7-6vhjl   1m    32Mi   
websocket-server-56c97f4c7-7nc44   1m    32Mi   
websocket-server-56c97f4c7-7xhp8   1m    31Mi   
websocket-server-56c97f4c7-8k98c   1m    28Mi   
websocket-server-56c97f4c7-g55kt   1m    31Mi   
websocket-server-56c97f4c7-gr4gk   0m    31Mi   
websocket-server-56c97f4c7-k79b4   1m    32Mi   
websocket-server-56c97f4c7-lxshh   1m    32Mi   
websocket-server-56c97f4c7-pln78   1m    28Mi   
websocket-server-56c97f4c7-sbsx6   1m    32Mi   
websocket-server-56c97f4c7-t7zg4   1m    86Mi   
websocket-server-56c97f4c7-tntxz   1m    32Mi   
websocket-server-56c97f4c7-zcndl   0m    28Mi   
1781616664
websocket-server-56c97f4c7-4vh8f   1m    28Mi   
websocket-server-56c97f4c7-6lf8f   1m    28Mi   
websocket-server-56c97f4c7-6q5vs   1m    97Mi   
websocket-server-56c97f4c7-6vhjl   1m    32Mi   
websocket-server-56c97f4c7-7nc44   1m    32Mi   
websocket-server-56c97f4c7-7xhp8   1m    31Mi   
websocket-server-56c97f4c7-8k98c   1m    28Mi   
websocket-server-56c97f4c7-g55kt   1m    31Mi   
websocket-server-56c97f4c7-gr4gk   0m    31Mi   
websocket-server-56c97f4c7-k79b4   1m    32Mi   
websocket-server-56c97f4c7-lxshh   1m    32Mi   
websocket-server-56c97f4c7-pln78   1m    28Mi   
websocket-server-56c97f4c7-sbsx6   1m    32Mi   
websocket-server-56c97f4c7-t7zg4   1m    86Mi   
websocket-server-56c97f4c7-tntxz   1m    32Mi   
websocket-server-56c97f4c7-zcndl   0m    28Mi   
1781616669
websocket-server-56c97f4c7-4vh8f   1m    28Mi   
websocket-server-56c97f4c7-6lf8f   1m    28Mi   
websocket-server-56c97f4c7-6q5vs   1m    97Mi   
websocket-server-56c97f4c7-6vhjl   1m    32Mi   
websocket-server-56c97f4c7-7nc44   1m    32Mi   
websocket-server-56c97f4c7-7xhp8   1m    31Mi   
websocket-server-56c97f4c7-8k98c   1m    28Mi   
websocket-server-56c97f4c7-g55kt   1m    31Mi   
websocket-server-56c97f4c7-gr4gk   0m    31Mi   
websocket-server-56c97f4c7-k79b4   1m    32Mi   
websocket-server-56c97f4c7-lxshh   1m    32Mi   
websocket-server-56c97f4c7-pln78   1m    28Mi   
websocket-server-56c97f4c7-sbsx6   1m    32Mi   
websocket-server-56c97f4c7-t7zg4   1m    86Mi   
websocket-server-56c97f4c7-tntxz   1m    32Mi   
websocket-server-56c97f4c7-zcndl   0m    28Mi   
1781616674
websocket-server-56c97f4c7-4vh8f   1m    28Mi   
websocket-server-56c97f4c7-6lf8f   1m    28Mi   
websocket-server-56c97f4c7-6q5vs   1m    97Mi   
websocket-server-56c97f4c7-6vhjl   1m    32Mi   
websocket-server-56c97f4c7-7nc44   1m    32Mi   
websocket-server-56c97f4c7-7xhp8   0m    31Mi   
websocket-server-56c97f4c7-8k98c   1m    28Mi   
websocket-server-56c97f4c7-g55kt   1m    31Mi   
websocket-server-56c97f4c7-gr4gk   1m    31Mi   
websocket-server-56c97f4c7-k79b4   1m    32Mi   
websocket-server-56c97f4c7-lxshh   0m    32Mi   
websocket-server-56c97f4c7-pln78   1m    28Mi   
websocket-server-56c97f4c7-sbsx6   1m    32Mi   
websocket-server-56c97f4c7-t7zg4   1m    86Mi   
websocket-server-56c97f4c7-tntxz   1m    32Mi   
websocket-server-56c97f4c7-zcndl   1m    28Mi   
1781616679
websocket-server-56c97f4c7-4vh8f   1m    28Mi   
websocket-server-56c97f4c7-6lf8f   1m    28Mi   
websocket-server-56c97f4c7-6q5vs   1m    97Mi   
websocket-server-56c97f4c7-6vhjl   1m    32Mi   
websocket-server-56c97f4c7-7nc44   1m    32Mi   
websocket-server-56c97f4c7-7xhp8   0m    31Mi   
websocket-server-56c97f4c7-8k98c   1m    28Mi   
websocket-server-56c97f4c7-g55kt   1m    31Mi   
websocket-server-56c97f4c7-gr4gk   1m    31Mi   
websocket-server-56c97f4c7-k79b4   1m    32Mi   
websocket-server-56c97f4c7-lxshh   0m    32Mi   
websocket-server-56c97f4c7-pln78   1m    28Mi   
websocket-server-56c97f4c7-sbsx6   1m    32Mi   
websocket-server-56c97f4c7-t7zg4   1m    86Mi   
websocket-server-56c97f4c7-tntxz   1m    32Mi   
websocket-server-56c97f4c7-zcndl   1m    28Mi   
1781616684
websocket-server-56c97f4c7-4vh8f   1m    28Mi   
websocket-server-56c97f4c7-6lf8f   1m    28Mi   
websocket-server-56c97f4c7-6q5vs   1m    97Mi   
websocket-server-56c97f4c7-6vhjl   1m    32Mi   
websocket-server-56c97f4c7-7nc44   1m    32Mi   
websocket-server-56c97f4c7-7xhp8   0m    31Mi   
websocket-server-56c97f4c7-8k98c   1m    28Mi   
websocket-server-56c97f4c7-g55kt   1m    31Mi   
websocket-server-56c97f4c7-gr4gk   1m    31Mi   
websocket-server-56c97f4c7-k79b4   1m    32Mi   
websocket-server-56c97f4c7-lxshh   0m    32Mi   
websocket-server-56c97f4c7-pln78   1m    28Mi   
websocket-server-56c97f4c7-sbsx6   1m    32Mi   
websocket-server-56c97f4c7-t7zg4   1m    86Mi   
websocket-server-56c97f4c7-tntxz   1m    32Mi   
websocket-server-56c97f4c7-zcndl   1m    28Mi   
1781616689
websocket-server-56c97f4c7-4vh8f   1m    28Mi   
websocket-server-56c97f4c7-6lf8f   1m    28Mi   
websocket-server-56c97f4c7-6q5vs   0m    97Mi   
websocket-server-56c97f4c7-6vhjl   1m    32Mi   
websocket-server-56c97f4c7-7nc44   1m    32Mi   
websocket-server-56c97f4c7-7xhp8   0m    31Mi   
websocket-server-56c97f4c7-8k98c   1m    28Mi   
websocket-server-56c97f4c7-g55kt   1m    31Mi   
websocket-server-56c97f4c7-gr4gk   1m    31Mi   
websocket-server-56c97f4c7-k79b4   1m    32Mi   
websocket-server-56c97f4c7-lxshh   1m    32Mi   
websocket-server-56c97f4c7-pln78   1m    28Mi   
websocket-server-56c97f4c7-sbsx6   1m    32Mi   
websocket-server-56c97f4c7-t7zg4   1m    86Mi   
websocket-server-56c97f4c7-tntxz   1m    32Mi   
websocket-server-56c97f4c7-zcndl   1m    28Mi   
1781616694
websocket-server-56c97f4c7-4vh8f   1m    28Mi   
websocket-server-56c97f4c7-6lf8f   1m    28Mi   
websocket-server-56c97f4c7-6q5vs   0m    97Mi   
websocket-server-56c97f4c7-6vhjl   1m    32Mi   
websocket-server-56c97f4c7-7nc44   1m    32Mi   
websocket-server-56c97f4c7-7xhp8   0m    31Mi   
websocket-server-56c97f4c7-8k98c   1m    28Mi   
websocket-server-56c97f4c7-g55kt   1m    31Mi   
websocket-server-56c97f4c7-gr4gk   1m    31Mi   
websocket-server-56c97f4c7-k79b4   1m    32Mi   
websocket-server-56c97f4c7-lxshh   1m    32Mi   
websocket-server-56c97f4c7-pln78   1m    28Mi   
websocket-server-56c97f4c7-sbsx6   1m    32Mi   
websocket-server-56c97f4c7-t7zg4   1m    86Mi   
websocket-server-56c97f4c7-tntxz   1m    32Mi   
websocket-server-56c97f4c7-zcndl   1m    28Mi   
1781616699
websocket-server-56c97f4c7-4vh8f   1m    28Mi   
websocket-server-56c97f4c7-6lf8f   1m    28Mi   
websocket-server-56c97f4c7-6q5vs   0m    97Mi   
websocket-server-56c97f4c7-6vhjl   1m    32Mi   
websocket-server-56c97f4c7-7nc44   1m    32Mi   
websocket-server-56c97f4c7-7xhp8   0m    31Mi   
websocket-server-56c97f4c7-8k98c   1m    28Mi   
websocket-server-56c97f4c7-g55kt   1m    31Mi   
websocket-server-56c97f4c7-gr4gk   1m    31Mi   
websocket-server-56c97f4c7-k79b4   1m    32Mi   
websocket-server-56c97f4c7-lxshh   1m    32Mi   
websocket-server-56c97f4c7-pln78   1m    28Mi   
websocket-server-56c97f4c7-sbsx6   1m    32Mi   
websocket-server-56c97f4c7-t7zg4   1m    86Mi   
websocket-server-56c97f4c7-tntxz   1m    32Mi   
websocket-server-56c97f4c7-zcndl   1m    28Mi   
1781616704
websocket-server-56c97f4c7-4vh8f   1m    28Mi   
websocket-server-56c97f4c7-6lf8f   1m    28Mi   
websocket-server-56c97f4c7-6q5vs   1m    97Mi   
websocket-server-56c97f4c7-6vhjl   1m    32Mi   
websocket-server-56c97f4c7-7nc44   1m    32Mi   
websocket-server-56c97f4c7-7xhp8   1m    31Mi   
websocket-server-56c97f4c7-8k98c   1m    28Mi   
websocket-server-56c97f4c7-g55kt   1m    31Mi   
websocket-server-56c97f4c7-gr4gk   0m    31Mi   
websocket-server-56c97f4c7-k79b4   1m    32Mi   
websocket-server-56c97f4c7-lxshh   1m    32Mi   
websocket-server-56c97f4c7-pln78   0m    28Mi   
websocket-server-56c97f4c7-sbsx6   1m    32Mi   
websocket-server-56c97f4c7-t7zg4   1m    86Mi   
websocket-server-56c97f4c7-tntxz   1m    32Mi   
websocket-server-56c97f4c7-zcndl   1m    28Mi   
1781616709
websocket-server-56c97f4c7-6lf8f   1m    28Mi   
websocket-server-56c97f4c7-6q5vs   1m    97Mi   
websocket-server-56c97f4c7-6vhjl   1m    32Mi   
websocket-server-56c97f4c7-7nc44   1m    32Mi   
websocket-server-56c97f4c7-7xhp8   1m    31Mi   
websocket-server-56c97f4c7-g55kt   1m    31Mi   
websocket-server-56c97f4c7-gr4gk   0m    31Mi   
websocket-server-56c97f4c7-k79b4   1m    32Mi   
websocket-server-56c97f4c7-lxshh   1m    32Mi   
websocket-server-56c97f4c7-pln78   0m    28Mi   
websocket-server-56c97f4c7-sbsx6   1m    32Mi   
websocket-server-56c97f4c7-t7zg4   1m    86Mi   
websocket-server-56c97f4c7-tntxz   1m    32Mi   
websocket-server-56c97f4c7-zcndl   1m    28Mi   
1781616714
websocket-server-56c97f4c7-6lf8f   1m    28Mi   
websocket-server-56c97f4c7-6q5vs   1m    97Mi   
websocket-server-56c97f4c7-6vhjl   1m    32Mi   
websocket-server-56c97f4c7-7nc44   1m    32Mi   
websocket-server-56c97f4c7-7xhp8   1m    31Mi   
websocket-server-56c97f4c7-g55kt   1m    31Mi   
websocket-server-56c97f4c7-gr4gk   0m    31Mi   
websocket-server-56c97f4c7-k79b4   1m    32Mi   
websocket-server-56c97f4c7-lxshh   1m    32Mi   
websocket-server-56c97f4c7-sbsx6   1m    32Mi   
websocket-server-56c97f4c7-t7zg4   1m    86Mi   
websocket-server-56c97f4c7-tntxz   1m    32Mi   
1781616719
websocket-server-56c97f4c7-6q5vs   1m    97Mi   
websocket-server-56c97f4c7-6vhjl   1m    32Mi   
websocket-server-56c97f4c7-7nc44   0m    32Mi   
websocket-server-56c97f4c7-g55kt   1m    31Mi   
websocket-server-56c97f4c7-gr4gk   1m    31Mi   
websocket-server-56c97f4c7-k79b4   1m    32Mi   
websocket-server-56c97f4c7-lxshh   1m    32Mi   
websocket-server-56c97f4c7-sbsx6   1m    32Mi   
websocket-server-56c97f4c7-t7zg4   1m    86Mi   
websocket-server-56c97f4c7-tntxz   1m    32Mi   
1781616725
websocket-server-56c97f4c7-6q5vs   1m    97Mi   
websocket-server-56c97f4c7-6vhjl   1m    32Mi   
websocket-server-56c97f4c7-7nc44   0m    32Mi   
websocket-server-56c97f4c7-g55kt   1m    31Mi   
websocket-server-56c97f4c7-gr4gk   1m    31Mi   
websocket-server-56c97f4c7-lxshh   1m    32Mi   
websocket-server-56c97f4c7-t7zg4   1m    86Mi   
websocket-server-56c97f4c7-tntxz   1m    32Mi   
1781616730
websocket-server-56c97f4c7-6q5vs   1m    97Mi   
websocket-server-56c97f4c7-7nc44   0m    32Mi   
websocket-server-56c97f4c7-g55kt   1m    31Mi   
websocket-server-56c97f4c7-lxshh   1m    32Mi   
websocket-server-56c97f4c7-t7zg4   1m    86Mi   
websocket-server-56c97f4c7-tntxz   1m    32Mi   
1781616735
websocket-server-56c97f4c7-6q5vs   1m    97Mi   
websocket-server-56c97f4c7-7nc44   0m    32Mi   
websocket-server-56c97f4c7-lxshh   1m    32Mi   
websocket-server-56c97f4c7-t7zg4   1m    86Mi   
1781616740
websocket-server-56c97f4c7-6q5vs   1m    97Mi   
websocket-server-56c97f4c7-t7zg4   1m    86Mi   
