1781616124,2
1781616129,2
1781616134,2
1781616139,2
1781616144,2
1781616149,2
1781616154,2
1781616159,2
1781616164,3
1781616169,5
1781616174,5
1781616179,6
1781616184,7
1781616189,8
1781616194,9
1781616200,9
1781616205,11
1781616210,11
1781616215,12
1781616220,13
1781616225,14
1781616230,15
1781616235,16
1781616240,16
1781616245,16
1781616250,16
1781616255,16
1781616260,16
1781616265,16
1781616270,16
1781616275,16
1781616280,16
1781616285,16
1781616290,16
1781616295,16
1781616301,16
1781616306,16
1781616311,16
1781616316,16
1781616321,16
1781616326,16
1781616331,16
1781616336,16
1781616341,16
1781616346,16
1781616351,16
1781616356,16
1781616361,16
1781616366,16
1781616371,16
1781616376,16
1781616381,16
1781616386,16
1781616391,16
1781616396,16
1781616401,16
1781616406,16
1781616411,16
1781616417,16
1781616422,16
1781616427,16
1781616432,16
1781616437,16
1781616442,14
1781616447,12
1781616452,11
1781616457,12
1781616462,13
1781616467,14
1781616472,15
1781616477,16
1781616482,17
1781616487,18
1781616492,18
1781616497,18
1781616502,18
1781616507,18
1781616512,18
1781616517,18
1781616523,18
1781616528,18
1781616533,18
1781616538,18
1781616543,18
1781616548,18
1781616553,18
1781616558,18
1781616563,18
1781616568,18
1781616573,18
1781616578,18
1781616583,18
1781616588,18
1781616593,18
1781616598,18
1781616603,18
1781616608,18
1781616613,18
1781616618,17
1781616623,16
1781616629,16
1781616634,16
1781616639,16
1781616644,16
1781616649,16
1781616654,16
1781616659,16
1781616664,16
1781616669,16
1781616674,16
1781616679,14
1781616684,12
1781616689,10
1781616694,8
1781616699,6
1781616704,4
1781616709,2
1781616714,2
1781616719,2
1781616724,2
1781616730,2
1781616735,2
1781616740,2
