1781617372
websocket-server-56c97f4c7-6q5vs   1m    97Mi   
websocket-server-56c97f4c7-t7zg4   1m    86Mi   
1781617377
websocket-server-56c97f4c7-6q5vs   1m    97Mi   
websocket-server-56c97f4c7-t7zg4   1m    86Mi   
1781617382
websocket-server-56c97f4c7-6q5vs   1m    97Mi   
websocket-server-56c97f4c7-t7zg4   1m    86Mi   
1781617387
websocket-server-56c97f4c7-6q5vs   1m    97Mi   
websocket-server-56c97f4c7-t7zg4   1m    86Mi   
1781617392
websocket-server-56c97f4c7-6q5vs   1m    97Mi   
websocket-server-56c97f4c7-t7zg4   1m    86Mi   
1781617397
websocket-server-56c97f4c7-6q5vs   1m    97Mi   
websocket-server-56c97f4c7-t7zg4   1m    86Mi   
1781617402
websocket-server-56c97f4c7-6q5vs   1m    97Mi   
websocket-server-56c97f4c7-t7zg4   1m    86Mi   
1781617407
websocket-server-56c97f4c7-6q5vs   4m    98Mi   
websocket-server-56c97f4c7-t7zg4   3m    87Mi   
1781617412
websocket-server-56c97f4c7-6q5vs   4m    98Mi   
websocket-server-56c97f4c7-t7zg4   3m    87Mi   
1781617417
websocket-server-56c97f4c7-6q5vs   4m    98Mi   
websocket-server-56c97f4c7-t7zg4   3m    87Mi   
1781617422
websocket-server-56c97f4c7-6q5vs   11m   98Mi   
websocket-server-56c97f4c7-t7zg4   10m   87Mi   
1781617427
websocket-server-56c97f4c7-6q5vs   11m   98Mi   
websocket-server-56c97f4c7-t7zg4   10m   87Mi   
1781617432
websocket-server-56c97f4c7-6q5vs   11m   98Mi   
websocket-server-56c97f4c7-t7zg4   10m   87Mi   
1781617437
websocket-server-56c97f4c7-6q5vs   15m   98Mi   
websocket-server-56c97f4c7-t7zg4   13m   88Mi   
1781617442
websocket-server-56c97f4c7-6q5vs   15m   98Mi   
websocket-server-56c97f4c7-t7zg4   13m   88Mi   
1781617448
websocket-server-56c97f4c7-6q5vs   15m   98Mi   
websocket-server-56c97f4c7-t7zg4   13m   88Mi   
1781617453
websocket-server-56c97f4c7-6q5vs   18m   98Mi   
websocket-server-56c97f4c7-qlgpc   4m    29Mi   
websocket-server-56c97f4c7-t7zg4   17m   87Mi   
1781617458
websocket-server-56c97f4c7-6q5vs   18m   98Mi   
websocket-server-56c97f4c7-qlgpc   4m    29Mi   
websocket-server-56c97f4c7-t7zg4   17m   87Mi   
1781617463
websocket-server-56c97f4c7-6q5vs   18m   98Mi   
websocket-server-56c97f4c7-qlgpc   4m    29Mi   
websocket-server-56c97f4c7-t7zg4   17m   87Mi   
1781617468
websocket-server-56c97f4c7-6q5vs   20m   98Mi   
websocket-server-56c97f4c7-qlgpc   6m    31Mi   
websocket-server-56c97f4c7-sj9lc   4m    30Mi   
websocket-server-56c97f4c7-t7zg4   18m   88Mi   
1781617473
websocket-server-56c97f4c7-6q5vs   20m   98Mi   
websocket-server-56c97f4c7-qlgpc   6m    31Mi   
websocket-server-56c97f4c7-sj9lc   4m    30Mi   
websocket-server-56c97f4c7-t7zg4   18m   88Mi   
1781617478
websocket-server-56c97f4c7-6q5vs   20m   98Mi   
websocket-server-56c97f4c7-qlgpc   6m    31Mi   
websocket-server-56c97f4c7-sj9lc   4m    30Mi   
websocket-server-56c97f4c7-t7zg4   18m   88Mi   
1781617483
websocket-server-56c97f4c7-6q5vs   20m   98Mi   
websocket-server-56c97f4c7-6zz5s   20m   28Mi   
websocket-server-56c97f4c7-qlgpc   8m    32Mi   
websocket-server-56c97f4c7-sj9lc   5m    31Mi   
websocket-server-56c97f4c7-t7zg4   19m   88Mi   
1781617488
websocket-server-56c97f4c7-6q5vs   20m   98Mi   
websocket-server-56c97f4c7-6zz5s   20m   28Mi   
websocket-server-56c97f4c7-qlgpc   8m    32Mi   
websocket-server-56c97f4c7-sj9lc   5m    31Mi   
websocket-server-56c97f4c7-t7zg4   19m   88Mi   
1781617493
websocket-server-56c97f4c7-6q5vs   20m   98Mi   
websocket-server-56c97f4c7-6zz5s   20m   28Mi   
websocket-server-56c97f4c7-qlgpc   8m    32Mi   
websocket-server-56c97f4c7-sj9lc   5m    31Mi   
websocket-server-56c97f4c7-t7zg4   19m   88Mi   
1781617498
websocket-server-56c97f4c7-6q5vs   20m   98Mi   
websocket-server-56c97f4c7-6zz5s   2m    28Mi   
websocket-server-56c97f4c7-k6xsl   21m   27Mi   
websocket-server-56c97f4c7-qlgpc   7m    33Mi   
websocket-server-56c97f4c7-sj9lc   5m    31Mi   
websocket-server-56c97f4c7-t7zg4   19m   88Mi   
1781617503
websocket-server-56c97f4c7-6q5vs   20m   98Mi   
websocket-server-56c97f4c7-6zz5s   2m    28Mi   
websocket-server-56c97f4c7-k6xsl   21m   27Mi   
websocket-server-56c97f4c7-qlgpc   7m    33Mi   
websocket-server-56c97f4c7-sj9lc   5m    31Mi   
websocket-server-56c97f4c7-t7zg4   19m   88Mi   
1781617508
websocket-server-56c97f4c7-6q5vs   20m   98Mi   
websocket-server-56c97f4c7-6zz5s   2m    28Mi   
websocket-server-56c97f4c7-k6xsl   21m   27Mi   
websocket-server-56c97f4c7-qlgpc   7m    33Mi   
websocket-server-56c97f4c7-sj9lc   5m    31Mi   
websocket-server-56c97f4c7-t7zg4   19m   88Mi   
1781617513
websocket-server-56c97f4c7-6q5vs   20m   98Mi   
websocket-server-56c97f4c7-6zz5s   2m    28Mi   
websocket-server-56c97f4c7-k6xsl   1m    27Mi   
websocket-server-56c97f4c7-qlgpc   8m    33Mi   
websocket-server-56c97f4c7-sj9lc   6m    31Mi   
websocket-server-56c97f4c7-t7zg4   24m   88Mi   
1781617518
websocket-server-56c97f4c7-6q5vs   20m   98Mi   
websocket-server-56c97f4c7-6zz5s   2m    28Mi   
websocket-server-56c97f4c7-k6xsl   1m    27Mi   
websocket-server-56c97f4c7-qlgpc   8m    33Mi   
websocket-server-56c97f4c7-sj9lc   6m    31Mi   
websocket-server-56c97f4c7-t7zg4   24m   88Mi   
1781617523
websocket-server-56c97f4c7-6q5vs   20m   98Mi   
websocket-server-56c97f4c7-6zz5s   2m    28Mi   
websocket-server-56c97f4c7-k6xsl   1m    27Mi   
websocket-server-56c97f4c7-qlgpc   8m    33Mi   
websocket-server-56c97f4c7-sj9lc   6m    31Mi   
websocket-server-56c97f4c7-t7zg4   24m   88Mi   
1781617528
websocket-server-56c97f4c7-6q5vs   19m   99Mi   
websocket-server-56c97f4c7-6zz5s   2m    28Mi   
websocket-server-56c97f4c7-k6xsl   1m    27Mi   
websocket-server-56c97f4c7-qlgpc   4m    33Mi   
websocket-server-56c97f4c7-sj9lc   3m    31Mi   
websocket-server-56c97f4c7-t7zg4   8m    88Mi   
1781617534
websocket-server-56c97f4c7-6q5vs   19m   99Mi   
websocket-server-56c97f4c7-6zz5s   2m    28Mi   
websocket-server-56c97f4c7-k6xsl   1m    27Mi   
websocket-server-56c97f4c7-qlgpc   4m    33Mi   
websocket-server-56c97f4c7-sj9lc   3m    31Mi   
websocket-server-56c97f4c7-t7zg4   8m    88Mi   
1781617539
websocket-server-56c97f4c7-6q5vs   19m   99Mi   
websocket-server-56c97f4c7-6zz5s   2m    28Mi   
websocket-server-56c97f4c7-k6xsl   1m    27Mi   
websocket-server-56c97f4c7-qlgpc   4m    33Mi   
websocket-server-56c97f4c7-sj9lc   3m    31Mi   
websocket-server-56c97f4c7-t7zg4   8m    88Mi   
1781617544
websocket-server-56c97f4c7-6q5vs   7m    98Mi   
websocket-server-56c97f4c7-6zz5s   1m    28Mi   
websocket-server-56c97f4c7-k6xsl   1m    27Mi   
websocket-server-56c97f4c7-qlgpc   3m    32Mi   
websocket-server-56c97f4c7-sj9lc   2m    31Mi   
websocket-server-56c97f4c7-t7zg4   7m    88Mi   
1781617549
websocket-server-56c97f4c7-6q5vs   7m    98Mi   
websocket-server-56c97f4c7-6zz5s   1m    28Mi   
websocket-server-56c97f4c7-k6xsl   1m    27Mi   
websocket-server-56c97f4c7-qlgpc   3m    32Mi   
websocket-server-56c97f4c7-sj9lc   2m    31Mi   
websocket-server-56c97f4c7-t7zg4   7m    88Mi   
1781617554
websocket-server-56c97f4c7-6q5vs   7m    98Mi   
websocket-server-56c97f4c7-6zz5s   1m    28Mi   
websocket-server-56c97f4c7-k6xsl   1m    27Mi   
websocket-server-56c97f4c7-qlgpc   3m    32Mi   
websocket-server-56c97f4c7-sj9lc   2m    31Mi   
websocket-server-56c97f4c7-t7zg4   7m    88Mi   
1781617559
websocket-server-56c97f4c7-6q5vs   7m    98Mi   
websocket-server-56c97f4c7-6zz5s   1m    28Mi   
websocket-server-56c97f4c7-k6xsl   1m    27Mi   
websocket-server-56c97f4c7-qlgpc   2m    33Mi   
websocket-server-56c97f4c7-sj9lc   2m    31Mi   
websocket-server-56c97f4c7-t7zg4   7m    88Mi   
1781617564
websocket-server-56c97f4c7-6q5vs   7m    98Mi   
websocket-server-56c97f4c7-6zz5s   1m    28Mi   
websocket-server-56c97f4c7-k6xsl   1m    27Mi   
websocket-server-56c97f4c7-qlgpc   2m    33Mi   
websocket-server-56c97f4c7-sj9lc   2m    31Mi   
websocket-server-56c97f4c7-t7zg4   7m    88Mi   
1781617569
websocket-server-56c97f4c7-6q5vs   7m    98Mi   
websocket-server-56c97f4c7-6zz5s   1m    28Mi   
websocket-server-56c97f4c7-k6xsl   1m    27Mi   
websocket-server-56c97f4c7-qlgpc   2m    33Mi   
websocket-server-56c97f4c7-sj9lc   2m    31Mi   
websocket-server-56c97f4c7-t7zg4   7m    88Mi   
1781617574
websocket-server-56c97f4c7-6q5vs   7m    98Mi   
websocket-server-56c97f4c7-6zz5s   2m    28Mi   
websocket-server-56c97f4c7-k6xsl   1m    27Mi   
websocket-server-56c97f4c7-qlgpc   3m    33Mi   
websocket-server-56c97f4c7-sj9lc   4m    31Mi   
websocket-server-56c97f4c7-t7zg4   6m    88Mi   
1781617579
websocket-server-56c97f4c7-6q5vs   7m    98Mi   
websocket-server-56c97f4c7-6zz5s   2m    28Mi   
websocket-server-56c97f4c7-k6xsl   1m    27Mi   
websocket-server-56c97f4c7-qlgpc   3m    33Mi   
websocket-server-56c97f4c7-sj9lc   4m    31Mi   
websocket-server-56c97f4c7-t7zg4   6m    88Mi   
1781617584
websocket-server-56c97f4c7-6q5vs   7m    98Mi   
websocket-server-56c97f4c7-6zz5s   2m    28Mi   
websocket-server-56c97f4c7-k6xsl   1m    27Mi   
websocket-server-56c97f4c7-qlgpc   3m    33Mi   
websocket-server-56c97f4c7-sj9lc   4m    31Mi   
websocket-server-56c97f4c7-t7zg4   6m    88Mi   
1781617589
websocket-server-56c97f4c7-6q5vs   9m    97Mi   
websocket-server-56c97f4c7-6zz5s   1m    28Mi   
websocket-server-56c97f4c7-k6xsl   1m    27Mi   
websocket-server-56c97f4c7-qlgpc   3m    32Mi   
websocket-server-56c97f4c7-sj9lc   1m    31Mi   
websocket-server-56c97f4c7-t7zg4   10m   86Mi   
1781617594
websocket-server-56c97f4c7-6q5vs   9m    97Mi   
websocket-server-56c97f4c7-6zz5s   1m    28Mi   
websocket-server-56c97f4c7-k6xsl   1m    27Mi   
websocket-server-56c97f4c7-qlgpc   3m    32Mi   
websocket-server-56c97f4c7-sj9lc   1m    31Mi   
websocket-server-56c97f4c7-t7zg4   10m   86Mi   
1781617599
websocket-server-56c97f4c7-6q5vs   9m    97Mi   
websocket-server-56c97f4c7-6zz5s   1m    28Mi   
websocket-server-56c97f4c7-k6xsl   1m    27Mi   
websocket-server-56c97f4c7-qlgpc   3m    32Mi   
websocket-server-56c97f4c7-sj9lc   1m    31Mi   
websocket-server-56c97f4c7-t7zg4   10m   86Mi   
1781617604
websocket-server-56c97f4c7-6q5vs   0m    97Mi   
websocket-server-56c97f4c7-6zz5s   1m    28Mi   
websocket-server-56c97f4c7-k6xsl   1m    27Mi   
websocket-server-56c97f4c7-qlgpc   3m    32Mi   
websocket-server-56c97f4c7-sj9lc   1m    31Mi   
websocket-server-56c97f4c7-t7zg4   1m    86Mi   
1781617609
websocket-server-56c97f4c7-6q5vs   0m    97Mi   
websocket-server-56c97f4c7-6zz5s   1m    28Mi   
websocket-server-56c97f4c7-k6xsl   1m    27Mi   
websocket-server-56c97f4c7-qlgpc   3m    32Mi   
websocket-server-56c97f4c7-sj9lc   1m    31Mi   
websocket-server-56c97f4c7-t7zg4   1m    86Mi   
1781617614
websocket-server-56c97f4c7-6q5vs   0m    97Mi   
websocket-server-56c97f4c7-6zz5s   1m    28Mi   
websocket-server-56c97f4c7-k6xsl   1m    27Mi   
websocket-server-56c97f4c7-qlgpc   3m    32Mi   
websocket-server-56c97f4c7-sj9lc   1m    31Mi   
websocket-server-56c97f4c7-t7zg4   1m    86Mi   
1781617619
websocket-server-56c97f4c7-6q5vs   1m    97Mi   
websocket-server-56c97f4c7-6zz5s   1m    28Mi   
websocket-server-56c97f4c7-k6xsl   1m    27Mi   
websocket-server-56c97f4c7-qlgpc   1m    32Mi   
websocket-server-56c97f4c7-sj9lc   1m    31Mi   
websocket-server-56c97f4c7-t7zg4   1m    86Mi   
1781617624
websocket-server-56c97f4c7-6q5vs   1m    97Mi   
websocket-server-56c97f4c7-6zz5s   1m    28Mi   
websocket-server-56c97f4c7-k6xsl   1m    27Mi   
websocket-server-56c97f4c7-qlgpc   1m    32Mi   
websocket-server-56c97f4c7-sj9lc   1m    31Mi   
websocket-server-56c97f4c7-t7zg4   1m    86Mi   
1781617629
websocket-server-56c97f4c7-6q5vs   1m    97Mi   
websocket-server-56c97f4c7-6zz5s   1m    28Mi   
websocket-server-56c97f4c7-k6xsl   1m    27Mi   
websocket-server-56c97f4c7-qlgpc   1m    32Mi   
websocket-server-56c97f4c7-sj9lc   1m    31Mi   
websocket-server-56c97f4c7-t7zg4   1m    86Mi   
1781617635
websocket-server-56c97f4c7-6q5vs   1m    97Mi   
websocket-server-56c97f4c7-6zz5s   1m    28Mi   
websocket-server-56c97f4c7-k6xsl   1m    27Mi   
websocket-server-56c97f4c7-qlgpc   1m    32Mi   
websocket-server-56c97f4c7-sj9lc   0m    31Mi   
websocket-server-56c97f4c7-t7zg4   1m    86Mi   
1781617640
websocket-server-56c97f4c7-6q5vs   1m    97Mi   
websocket-server-56c97f4c7-6zz5s   1m    28Mi   
websocket-server-56c97f4c7-k6xsl   1m    27Mi   
websocket-server-56c97f4c7-qlgpc   1m    32Mi   
websocket-server-56c97f4c7-sj9lc   0m    31Mi   
websocket-server-56c97f4c7-t7zg4   1m    86Mi   
1781617645
websocket-server-56c97f4c7-6q5vs   1m    97Mi   
websocket-server-56c97f4c7-6zz5s   1m    28Mi   
websocket-server-56c97f4c7-k6xsl   1m    27Mi   
websocket-server-56c97f4c7-qlgpc   1m    32Mi   
websocket-server-56c97f4c7-sj9lc   0m    31Mi   
websocket-server-56c97f4c7-t7zg4   1m    86Mi   
1781617650
websocket-server-56c97f4c7-6q5vs   3m    97Mi   
websocket-server-56c97f4c7-6zz5s   1m    29Mi   
websocket-server-56c97f4c7-k6xsl   2m    28Mi   
websocket-server-56c97f4c7-qlgpc   2m    33Mi   
websocket-server-56c97f4c7-sj9lc   2m    32Mi   
websocket-server-56c97f4c7-t7zg4   1m    86Mi   
1781617655
websocket-server-56c97f4c7-6q5vs   3m    97Mi   
websocket-server-56c97f4c7-6zz5s   1m    29Mi   
websocket-server-56c97f4c7-k6xsl   2m    28Mi   
websocket-server-56c97f4c7-qlgpc   2m    33Mi   
websocket-server-56c97f4c7-sj9lc   2m    32Mi   
websocket-server-56c97f4c7-t7zg4   1m    86Mi   
1781617660
websocket-server-56c97f4c7-6q5vs   3m    97Mi   
websocket-server-56c97f4c7-6zz5s   1m    29Mi   
websocket-server-56c97f4c7-k6xsl   2m    28Mi   
websocket-server-56c97f4c7-qlgpc   2m    33Mi   
websocket-server-56c97f4c7-sj9lc   2m    32Mi   
websocket-server-56c97f4c7-t7zg4   1m    86Mi   
1781617665
websocket-server-56c97f4c7-6q5vs   3m    97Mi   
websocket-server-56c97f4c7-6zz5s   4m    31Mi   
websocket-server-56c97f4c7-k6xsl   3m    29Mi   
websocket-server-56c97f4c7-qlgpc   2m    33Mi   
websocket-server-56c97f4c7-sj9lc   3m    32Mi   
websocket-server-56c97f4c7-t7zg4   3m    86Mi   
1781617670
websocket-server-56c97f4c7-6q5vs   3m    97Mi   
websocket-server-56c97f4c7-6zz5s   4m    31Mi   
websocket-server-56c97f4c7-k6xsl   3m    29Mi   
websocket-server-56c97f4c7-qlgpc   2m    33Mi   
websocket-server-56c97f4c7-sj9lc   3m    32Mi   
websocket-server-56c97f4c7-t7zg4   3m    86Mi   
1781617675
websocket-server-56c97f4c7-6q5vs   3m    97Mi   
websocket-server-56c97f4c7-6zz5s   4m    31Mi   
websocket-server-56c97f4c7-k6xsl   3m    29Mi   
websocket-server-56c97f4c7-qlgpc   2m    33Mi   
websocket-server-56c97f4c7-sj9lc   3m    32Mi   
websocket-server-56c97f4c7-t7zg4   3m    86Mi   
1781617680
websocket-server-56c97f4c7-6q5vs   4m    97Mi   
websocket-server-56c97f4c7-6zz5s   5m    32Mi   
websocket-server-56c97f4c7-k6xsl   5m    31Mi   
websocket-server-56c97f4c7-qlgpc   3m    35Mi   
websocket-server-56c97f4c7-sj9lc   5m    32Mi   
websocket-server-56c97f4c7-t7zg4   4m    86Mi   
1781617685
websocket-server-56c97f4c7-6q5vs   4m    97Mi   
websocket-server-56c97f4c7-6zz5s   5m    32Mi   
websocket-server-56c97f4c7-k6xsl   5m    31Mi   
websocket-server-56c97f4c7-qlgpc   3m    35Mi   
websocket-server-56c97f4c7-sj9lc   5m    32Mi   
websocket-server-56c97f4c7-t7zg4   4m    86Mi   
1781617690
websocket-server-56c97f4c7-6q5vs   4m    97Mi   
websocket-server-56c97f4c7-6zz5s   5m    32Mi   
websocket-server-56c97f4c7-k6xsl   5m    31Mi   
websocket-server-56c97f4c7-qlgpc   3m    35Mi   
websocket-server-56c97f4c7-sj9lc   5m    32Mi   
websocket-server-56c97f4c7-t7zg4   4m    86Mi   
1781617695
websocket-server-56c97f4c7-6q5vs   5m    97Mi   
websocket-server-56c97f4c7-6zz5s   6m    33Mi   
websocket-server-56c97f4c7-k6xsl   6m    32Mi   
websocket-server-56c97f4c7-qlgpc   5m    36Mi   
websocket-server-56c97f4c7-sj9lc   5m    33Mi   
websocket-server-56c97f4c7-t7zg4   5m    87Mi   
1781617700
websocket-server-56c97f4c7-6q5vs   5m    97Mi   
websocket-server-56c97f4c7-6zz5s   6m    33Mi   
websocket-server-56c97f4c7-k6xsl   6m    32Mi   
websocket-server-56c97f4c7-qlgpc   5m    36Mi   
websocket-server-56c97f4c7-sj9lc   5m    33Mi   
websocket-server-56c97f4c7-t7zg4   5m    87Mi   
1781617705
websocket-server-56c97f4c7-6q5vs   5m    97Mi   
websocket-server-56c97f4c7-6zz5s   6m    33Mi   
websocket-server-56c97f4c7-k6xsl   6m    32Mi   
websocket-server-56c97f4c7-qlgpc   5m    36Mi   
websocket-server-56c97f4c7-sj9lc   5m    33Mi   
websocket-server-56c97f4c7-t7zg4   5m    87Mi   
1781617710
websocket-server-56c97f4c7-6q5vs   5m    97Mi   
websocket-server-56c97f4c7-6zz5s   8m    34Mi   
websocket-server-56c97f4c7-k6xsl   5m    32Mi   
websocket-server-56c97f4c7-qlgpc   7m    39Mi   
websocket-server-56c97f4c7-sj9lc   5m    32Mi   
websocket-server-56c97f4c7-t7zg4   7m    87Mi   
1781617715
websocket-server-56c97f4c7-6q5vs   5m    97Mi   
websocket-server-56c97f4c7-6zz5s   8m    34Mi   
websocket-server-56c97f4c7-qlgpc   7m    39Mi   
websocket-server-56c97f4c7-t7zg4   7m    87Mi   
1781617720
websocket-server-56c97f4c7-6q5vs   5m    97Mi   
websocket-server-56c97f4c7-6zz5s   8m    34Mi   
websocket-server-56c97f4c7-qlgpc   7m    39Mi   
websocket-server-56c97f4c7-t7zg4   7m    87Mi   
1781617725
websocket-server-56c97f4c7-6q5vs   7m    97Mi   
websocket-server-56c97f4c7-6zz5s   10m   39Mi   
websocket-server-56c97f4c7-qkg26   3m    29Mi   
websocket-server-56c97f4c7-qlgpc   8m    40Mi   
websocket-server-56c97f4c7-t7zg4   8m    87Mi   
1781617731
websocket-server-56c97f4c7-6q5vs   7m    97Mi   
websocket-server-56c97f4c7-6zz5s   10m   39Mi   
websocket-server-56c97f4c7-qkg26   3m    29Mi   
websocket-server-56c97f4c7-qlgpc   8m    40Mi   
websocket-server-56c97f4c7-t7zg4   8m    87Mi   
1781617736
websocket-server-56c97f4c7-6q5vs   7m    97Mi   
websocket-server-56c97f4c7-6zz5s   10m   39Mi   
websocket-server-56c97f4c7-qkg26   3m    29Mi   
websocket-server-56c97f4c7-qlgpc   8m    40Mi   
websocket-server-56c97f4c7-t7zg4   8m    87Mi   
1781617741
websocket-server-56c97f4c7-6q5vs   9m    98Mi   
websocket-server-56c97f4c7-6zz5s   10m   39Mi   
websocket-server-56c97f4c7-bf2fh   20m   27Mi   
websocket-server-56c97f4c7-qkg26   3m    29Mi   
websocket-server-56c97f4c7-qlgpc   12m   43Mi   
websocket-server-56c97f4c7-t7zg4   11m   87Mi   
1781617746
websocket-server-56c97f4c7-6q5vs   9m    98Mi   
websocket-server-56c97f4c7-6zz5s   10m   39Mi   
websocket-server-56c97f4c7-bf2fh   20m   27Mi   
websocket-server-56c97f4c7-qkg26   3m    29Mi   
websocket-server-56c97f4c7-qlgpc   12m   43Mi   
websocket-server-56c97f4c7-t7zg4   11m   87Mi   
1781617751
websocket-server-56c97f4c7-6q5vs   9m    98Mi   
websocket-server-56c97f4c7-6zz5s   10m   39Mi   
websocket-server-56c97f4c7-bf2fh   20m   27Mi   
websocket-server-56c97f4c7-qkg26   3m    29Mi   
websocket-server-56c97f4c7-qlgpc   12m   43Mi   
websocket-server-56c97f4c7-t7zg4   11m   87Mi   
1781617756
websocket-server-56c97f4c7-6q5vs   10m   98Mi   
websocket-server-56c97f4c7-6zz5s   11m   39Mi   
websocket-server-56c97f4c7-bf2fh   16m   27Mi   
websocket-server-56c97f4c7-qkg26   3m    29Mi   
websocket-server-56c97f4c7-qlgpc   11m   42Mi   
websocket-server-56c97f4c7-spb2p   23m   27Mi   
websocket-server-56c97f4c7-t7zg4   11m   87Mi   
1781617761
websocket-server-56c97f4c7-6q5vs   10m   98Mi   
websocket-server-56c97f4c7-6zz5s   11m   39Mi   
websocket-server-56c97f4c7-bf2fh   16m   27Mi   
websocket-server-56c97f4c7-qkg26   3m    29Mi   
websocket-server-56c97f4c7-qlgpc   11m   42Mi   
websocket-server-56c97f4c7-spb2p   23m   27Mi   
websocket-server-56c97f4c7-t7zg4   11m   87Mi   
1781617766
websocket-server-56c97f4c7-6q5vs   10m   98Mi   
websocket-server-56c97f4c7-6zz5s   11m   39Mi   
websocket-server-56c97f4c7-bf2fh   16m   27Mi   
websocket-server-56c97f4c7-qkg26   3m    29Mi   
websocket-server-56c97f4c7-qlgpc   11m   42Mi   
websocket-server-56c97f4c7-spb2p   23m   27Mi   
websocket-server-56c97f4c7-t7zg4   11m   87Mi   
1781617771
websocket-server-56c97f4c7-6q5vs   7m    98Mi   
websocket-server-56c97f4c7-6zz5s   8m    39Mi   
websocket-server-56c97f4c7-bf2fh   1m    27Mi   
websocket-server-56c97f4c7-qkg26   2m    29Mi   
websocket-server-56c97f4c7-qlgpc   4m    43Mi   
websocket-server-56c97f4c7-spb2p   1m    27Mi   
websocket-server-56c97f4c7-t7zg4   5m    87Mi   
1781617776
websocket-server-56c97f4c7-6q5vs   7m    98Mi   
websocket-server-56c97f4c7-6zz5s   8m    39Mi   
websocket-server-56c97f4c7-bf2fh   1m    27Mi   
websocket-server-56c97f4c7-qkg26   2m    29Mi   
websocket-server-56c97f4c7-qlgpc   4m    43Mi   
websocket-server-56c97f4c7-spb2p   1m    27Mi   
websocket-server-56c97f4c7-t7zg4   5m    87Mi   
1781617781
websocket-server-56c97f4c7-6q5vs   7m    98Mi   
websocket-server-56c97f4c7-6zz5s   8m    39Mi   
websocket-server-56c97f4c7-bf2fh   1m    27Mi   
websocket-server-56c97f4c7-qkg26   2m    29Mi   
websocket-server-56c97f4c7-qlgpc   4m    43Mi   
websocket-server-56c97f4c7-spb2p   1m    27Mi   
websocket-server-56c97f4c7-t7zg4   5m    87Mi   
1781617786
websocket-server-56c97f4c7-6q5vs   4m    98Mi   
websocket-server-56c97f4c7-6zz5s   4m    39Mi   
websocket-server-56c97f4c7-bf2fh   1m    27Mi   
websocket-server-56c97f4c7-qkg26   1m    29Mi   
websocket-server-56c97f4c7-qlgpc   4m    42Mi   
websocket-server-56c97f4c7-spb2p   1m    27Mi   
websocket-server-56c97f4c7-t7zg4   4m    87Mi   
1781617791
websocket-server-56c97f4c7-6q5vs   4m    98Mi   
websocket-server-56c97f4c7-6zz5s   4m    39Mi   
websocket-server-56c97f4c7-bf2fh   1m    27Mi   
websocket-server-56c97f4c7-qkg26   1m    29Mi   
websocket-server-56c97f4c7-qlgpc   4m    42Mi   
websocket-server-56c97f4c7-spb2p   1m    27Mi   
websocket-server-56c97f4c7-t7zg4   4m    87Mi   
1781617796
websocket-server-56c97f4c7-6q5vs   4m    98Mi   
websocket-server-56c97f4c7-6zz5s   4m    39Mi   
websocket-server-56c97f4c7-bf2fh   1m    27Mi   
websocket-server-56c97f4c7-qkg26   1m    29Mi   
websocket-server-56c97f4c7-qlgpc   4m    42Mi   
websocket-server-56c97f4c7-spb2p   1m    27Mi   
websocket-server-56c97f4c7-t7zg4   4m    87Mi   
1781617801
websocket-server-56c97f4c7-6q5vs   4m    98Mi   
websocket-server-56c97f4c7-6zz5s   5m    39Mi   
websocket-server-56c97f4c7-bf2fh   1m    27Mi   
websocket-server-56c97f4c7-qkg26   2m    29Mi   
websocket-server-56c97f4c7-qlgpc   5m    42Mi   
websocket-server-56c97f4c7-spb2p   1m    27Mi   
websocket-server-56c97f4c7-t7zg4   5m    87Mi   
1781617806
websocket-server-56c97f4c7-6q5vs   4m    98Mi   
websocket-server-56c97f4c7-6zz5s   5m    39Mi   
websocket-server-56c97f4c7-bf2fh   1m    27Mi   
websocket-server-56c97f4c7-qkg26   2m    29Mi   
websocket-server-56c97f4c7-qlgpc   5m    42Mi   
websocket-server-56c97f4c7-spb2p   1m    27Mi   
websocket-server-56c97f4c7-t7zg4   5m    87Mi   
1781617811
websocket-server-56c97f4c7-6q5vs   4m    98Mi   
websocket-server-56c97f4c7-6zz5s   5m    39Mi   
websocket-server-56c97f4c7-bf2fh   1m    27Mi   
websocket-server-56c97f4c7-qkg26   2m    29Mi   
websocket-server-56c97f4c7-qlgpc   5m    42Mi   
websocket-server-56c97f4c7-spb2p   1m    27Mi   
websocket-server-56c97f4c7-t7zg4   5m    87Mi   
1781617816
websocket-server-56c97f4c7-6q5vs   5m    98Mi   
websocket-server-56c97f4c7-6zz5s   9m    38Mi   
websocket-server-56c97f4c7-bf2fh   1m    27Mi   
websocket-server-56c97f4c7-qkg26   2m    29Mi   
websocket-server-56c97f4c7-qlgpc   9m    41Mi   
websocket-server-56c97f4c7-spb2p   1m    27Mi   
websocket-server-56c97f4c7-t7zg4   5m    87Mi   
1781617821
websocket-server-56c97f4c7-6q5vs   5m    98Mi   
websocket-server-56c97f4c7-6zz5s   9m    38Mi   
websocket-server-56c97f4c7-bf2fh   1m    27Mi   
websocket-server-56c97f4c7-qkg26   2m    29Mi   
websocket-server-56c97f4c7-qlgpc   9m    41Mi   
websocket-server-56c97f4c7-spb2p   1m    27Mi   
websocket-server-56c97f4c7-t7zg4   5m    87Mi   
1781617827
websocket-server-56c97f4c7-6q5vs   5m    98Mi   
websocket-server-56c97f4c7-6zz5s   9m    38Mi   
websocket-server-56c97f4c7-bf2fh   1m    27Mi   
websocket-server-56c97f4c7-qkg26   2m    29Mi   
websocket-server-56c97f4c7-qlgpc   9m    41Mi   
websocket-server-56c97f4c7-spb2p   1m    27Mi   
websocket-server-56c97f4c7-t7zg4   5m    87Mi   
1781617832
websocket-server-56c97f4c7-6q5vs   4m    97Mi   
websocket-server-56c97f4c7-6zz5s   1m    38Mi   
websocket-server-56c97f4c7-bf2fh   1m    27Mi   
websocket-server-56c97f4c7-qkg26   2m    29Mi   
websocket-server-56c97f4c7-qlgpc   9m    41Mi   
websocket-server-56c97f4c7-spb2p   1m    27Mi   
websocket-server-56c97f4c7-t7zg4   5m    86Mi   
1781617837
websocket-server-56c97f4c7-6q5vs   4m    97Mi   
websocket-server-56c97f4c7-6zz5s   1m    38Mi   
websocket-server-56c97f4c7-bf2fh   1m    27Mi   
websocket-server-56c97f4c7-qkg26   2m    29Mi   
websocket-server-56c97f4c7-qlgpc   9m    41Mi   
websocket-server-56c97f4c7-spb2p   1m    27Mi   
websocket-server-56c97f4c7-t7zg4   5m    86Mi   
1781617842
websocket-server-56c97f4c7-6q5vs   4m    97Mi   
websocket-server-56c97f4c7-6zz5s   1m    38Mi   
websocket-server-56c97f4c7-bf2fh   1m    27Mi   
websocket-server-56c97f4c7-qkg26   2m    29Mi   
websocket-server-56c97f4c7-qlgpc   9m    41Mi   
websocket-server-56c97f4c7-spb2p   1m    27Mi   
websocket-server-56c97f4c7-t7zg4   5m    86Mi   
1781617847
websocket-server-56c97f4c7-6q5vs   1m    97Mi   
websocket-server-56c97f4c7-6zz5s   1m    38Mi   
websocket-server-56c97f4c7-bf2fh   1m    27Mi   
websocket-server-56c97f4c7-qkg26   1m    29Mi   
websocket-server-56c97f4c7-qlgpc   1m    41Mi   
websocket-server-56c97f4c7-spb2p   1m    27Mi   
websocket-server-56c97f4c7-t7zg4   1m    86Mi   
1781617852
websocket-server-56c97f4c7-6q5vs   1m    97Mi   
websocket-server-56c97f4c7-6zz5s   1m    38Mi   
websocket-server-56c97f4c7-bf2fh   1m    27Mi   
websocket-server-56c97f4c7-qkg26   1m    29Mi   
websocket-server-56c97f4c7-qlgpc   1m    41Mi   
websocket-server-56c97f4c7-spb2p   1m    27Mi   
websocket-server-56c97f4c7-t7zg4   1m    86Mi   
1781617857
websocket-server-56c97f4c7-6q5vs   1m    97Mi   
websocket-server-56c97f4c7-6zz5s   1m    38Mi   
websocket-server-56c97f4c7-bf2fh   1m    27Mi   
websocket-server-56c97f4c7-qkg26   1m    29Mi   
websocket-server-56c97f4c7-qlgpc   1m    41Mi   
websocket-server-56c97f4c7-spb2p   1m    27Mi   
websocket-server-56c97f4c7-t7zg4   1m    86Mi   
1781617862
websocket-server-56c97f4c7-6q5vs   1m    97Mi   
websocket-server-56c97f4c7-6zz5s   1m    38Mi   
websocket-server-56c97f4c7-bf2fh   1m    27Mi   
websocket-server-56c97f4c7-qkg26   1m    29Mi   
websocket-server-56c97f4c7-qlgpc   1m    41Mi   
websocket-server-56c97f4c7-spb2p   1m    27Mi   
websocket-server-56c97f4c7-t7zg4   1m    86Mi   
1781617867
websocket-server-56c97f4c7-6q5vs   1m    97Mi   
websocket-server-56c97f4c7-6zz5s   1m    38Mi   
websocket-server-56c97f4c7-bf2fh   1m    27Mi   
websocket-server-56c97f4c7-qkg26   1m    29Mi   
websocket-server-56c97f4c7-qlgpc   1m    41Mi   
websocket-server-56c97f4c7-spb2p   1m    27Mi   
websocket-server-56c97f4c7-t7zg4   1m    86Mi   
1781617872
websocket-server-56c97f4c7-6q5vs   1m    97Mi   
websocket-server-56c97f4c7-6zz5s   1m    38Mi   
websocket-server-56c97f4c7-bf2fh   1m    27Mi   
websocket-server-56c97f4c7-qkg26   1m    29Mi   
websocket-server-56c97f4c7-qlgpc   1m    41Mi   
websocket-server-56c97f4c7-spb2p   1m    27Mi   
websocket-server-56c97f4c7-t7zg4   1m    86Mi   
1781617877
websocket-server-56c97f4c7-6q5vs   0m    97Mi   
websocket-server-56c97f4c7-6zz5s   1m    38Mi   
websocket-server-56c97f4c7-bf2fh   1m    27Mi   
websocket-server-56c97f4c7-qkg26   1m    29Mi   
websocket-server-56c97f4c7-qlgpc   1m    41Mi   
websocket-server-56c97f4c7-spb2p   1m    27Mi   
websocket-server-56c97f4c7-t7zg4   1m    86Mi   
1781617882
websocket-server-56c97f4c7-6q5vs   0m    97Mi   
websocket-server-56c97f4c7-6zz5s   1m    38Mi   
websocket-server-56c97f4c7-bf2fh   1m    27Mi   
websocket-server-56c97f4c7-qkg26   1m    29Mi   
websocket-server-56c97f4c7-qlgpc   1m    41Mi   
websocket-server-56c97f4c7-spb2p   1m    27Mi   
websocket-server-56c97f4c7-t7zg4   1m    86Mi   
1781617887
websocket-server-56c97f4c7-6q5vs   1m    97Mi   
websocket-server-56c97f4c7-6zz5s   1m    38Mi   
websocket-server-56c97f4c7-bf2fh   1m    27Mi   
websocket-server-56c97f4c7-qkg26   1m    29Mi   
websocket-server-56c97f4c7-qlgpc   1m    41Mi   
websocket-server-56c97f4c7-spb2p   1m    27Mi   
websocket-server-56c97f4c7-t7zg4   1m    86Mi   
1781617892
websocket-server-56c97f4c7-6q5vs   1m    97Mi   
websocket-server-56c97f4c7-6zz5s   1m    38Mi   
websocket-server-56c97f4c7-qkg26   1m    29Mi   
websocket-server-56c97f4c7-qlgpc   1m    41Mi   
websocket-server-56c97f4c7-spb2p   1m    27Mi   
websocket-server-56c97f4c7-t7zg4   1m    86Mi   
1781617897
websocket-server-56c97f4c7-6q5vs   1m    97Mi   
websocket-server-56c97f4c7-6zz5s   1m    38Mi   
websocket-server-56c97f4c7-qkg26   1m    29Mi   
websocket-server-56c97f4c7-qlgpc   1m    41Mi   
websocket-server-56c97f4c7-spb2p   1m    27Mi   
websocket-server-56c97f4c7-t7zg4   1m    86Mi   
1781617902
websocket-server-56c97f4c7-6q5vs   1m    97Mi   
websocket-server-56c97f4c7-6zz5s   1m    38Mi   
websocket-server-56c97f4c7-qkg26   1m    29Mi   
websocket-server-56c97f4c7-qlgpc   1m    41Mi   
websocket-server-56c97f4c7-spb2p   1m    27Mi   
websocket-server-56c97f4c7-t7zg4   1m    86Mi   
1781617907
websocket-server-56c97f4c7-6q5vs   1m    97Mi   
websocket-server-56c97f4c7-6zz5s   1m    38Mi   
websocket-server-56c97f4c7-qkg26   1m    29Mi   
websocket-server-56c97f4c7-qlgpc   1m    41Mi   
websocket-server-56c97f4c7-spb2p   1m    27Mi   
websocket-server-56c97f4c7-t7zg4   1m    86Mi   
1781617912
websocket-server-56c97f4c7-6q5vs   1m    97Mi   
websocket-server-56c97f4c7-6zz5s   1m    38Mi   
websocket-server-56c97f4c7-qkg26   1m    29Mi   
websocket-server-56c97f4c7-qlgpc   1m    41Mi   
websocket-server-56c97f4c7-spb2p   1m    27Mi   
websocket-server-56c97f4c7-t7zg4   1m    86Mi   
1781617917
websocket-server-56c97f4c7-6q5vs   1m    97Mi   
websocket-server-56c97f4c7-6zz5s   1m    38Mi   
websocket-server-56c97f4c7-qkg26   1m    29Mi   
websocket-server-56c97f4c7-qlgpc   1m    41Mi   
websocket-server-56c97f4c7-spb2p   1m    27Mi   
websocket-server-56c97f4c7-t7zg4   1m    86Mi   
1781617922
websocket-server-56c97f4c7-6q5vs   1m    97Mi   
websocket-server-56c97f4c7-6zz5s   1m    38Mi   
websocket-server-56c97f4c7-qkg26   1m    29Mi   
websocket-server-56c97f4c7-qlgpc   1m    41Mi   
websocket-server-56c97f4c7-spb2p   1m    27Mi   
websocket-server-56c97f4c7-t7zg4   1m    86Mi   
1781617928
websocket-server-56c97f4c7-6q5vs   1m    97Mi   
websocket-server-56c97f4c7-6zz5s   1m    38Mi   
websocket-server-56c97f4c7-qkg26   1m    29Mi   
websocket-server-56c97f4c7-qlgpc   1m    41Mi   
websocket-server-56c97f4c7-spb2p   1m    27Mi   
websocket-server-56c97f4c7-t7zg4   1m    86Mi   
1781617933
websocket-server-56c97f4c7-6q5vs   1m    97Mi   
websocket-server-56c97f4c7-6zz5s   1m    38Mi   
websocket-server-56c97f4c7-qkg26   1m    29Mi   
websocket-server-56c97f4c7-qlgpc   1m    41Mi   
websocket-server-56c97f4c7-spb2p   1m    27Mi   
websocket-server-56c97f4c7-t7zg4   1m    86Mi   
1781617938
websocket-server-56c97f4c7-6q5vs   1m    97Mi   
websocket-server-56c97f4c7-6zz5s   1m    38Mi   
websocket-server-56c97f4c7-qkg26   1m    29Mi   
websocket-server-56c97f4c7-qlgpc   1m    41Mi   
websocket-server-56c97f4c7-spb2p   1m    27Mi   
websocket-server-56c97f4c7-t7zg4   1m    86Mi   
1781617943
websocket-server-56c97f4c7-6q5vs   1m    97Mi   
websocket-server-56c97f4c7-6zz5s   1m    38Mi   
websocket-server-56c97f4c7-qkg26   1m    29Mi   
websocket-server-56c97f4c7-qlgpc   1m    41Mi   
websocket-server-56c97f4c7-spb2p   1m    27Mi   
websocket-server-56c97f4c7-t7zg4   1m    86Mi   
1781617948
websocket-server-56c97f4c7-6q5vs   1m    97Mi   
websocket-server-56c97f4c7-6zz5s   1m    38Mi   
websocket-server-56c97f4c7-qkg26   1m    29Mi   
websocket-server-56c97f4c7-qlgpc   1m    41Mi   
websocket-server-56c97f4c7-spb2p   1m    27Mi   
websocket-server-56c97f4c7-t7zg4   1m    86Mi   
1781617953
websocket-server-56c97f4c7-6q5vs   1m    97Mi   
websocket-server-56c97f4c7-6zz5s   1m    38Mi   
websocket-server-56c97f4c7-qkg26   1m    29Mi   
websocket-server-56c97f4c7-qlgpc   1m    41Mi   
websocket-server-56c97f4c7-spb2p   1m    27Mi   
websocket-server-56c97f4c7-t7zg4   1m    86Mi   
1781617958
websocket-server-56c97f4c7-6q5vs   1m    97Mi   
websocket-server-56c97f4c7-6zz5s   1m    38Mi   
websocket-server-56c97f4c7-qkg26   1m    29Mi   
websocket-server-56c97f4c7-qlgpc   1m    41Mi   
websocket-server-56c97f4c7-spb2p   1m    27Mi   
websocket-server-56c97f4c7-t7zg4   1m    86Mi   
1781617963
websocket-server-56c97f4c7-6q5vs   1m    97Mi   
websocket-server-56c97f4c7-6zz5s   1m    38Mi   
websocket-server-56c97f4c7-qlgpc   1m    41Mi   
websocket-server-56c97f4c7-t7zg4   1m    86Mi   
1781617968
websocket-server-56c97f4c7-6q5vs   1m    97Mi   
websocket-server-56c97f4c7-t7zg4   1m    86Mi   
1781617973
websocket-server-56c97f4c7-6q5vs   1m    97Mi   
websocket-server-56c97f4c7-t7zg4   1m    86Mi   
