1781617372,2
1781617377,2
1781617382,2
1781617387,2
1781617392,2
1781617397,2
1781617402,2
1781617407,2
1781617412,2
1781617417,2
1781617422,2
1781617427,2
1781617432,3
1781617437,3
1781617442,3
1781617448,4
1781617453,4
1781617458,4
1781617463,5
1781617468,5
1781617473,5
1781617478,5
1781617483,6
1781617488,6
1781617493,6
1781617498,6
1781617503,6
1781617508,6
1781617513,6
1781617518,6
1781617523,6
1781617528,6
1781617533,6
1781617539,6
1781617544,6
1781617549,6
1781617554,6
1781617559,6
1781617564,6
1781617569,6
1781617574,6
1781617579,6
1781617584,6
1781617589,6
1781617594,6
1781617599,6
1781617604,6
1781617609,6
1781617614,6
1781617619,6
1781617624,6
1781617629,6
1781617634,6
1781617639,6
1781617645,6
1781617650,6
1781617655,6
1781617660,6
1781617665,6
1781617670,6
1781617675,6
1781617680,6
1781617685,6
1781617690,4
1781617695,4
1781617700,4
1781617705,4
1781617710,5
1781617715,5
1781617720,5
1781617725,5
1781617730,6
1781617735,7
1781617740,7
1781617745,7
1781617750,7
1781617755,7
1781617761,7
1781617766,7
1781617771,7
1781617776,7
1781617781,7
1781617786,7
1781617791,7
1781617796,7
1781617801,7
1781617806,7
1781617811,7
1781617816,7
1781617821,7
1781617826,7
1781617831,7
1781617836,7
1781617841,7
1781617846,7
1781617851,7
1781617856,7
1781617861,6
1781617866,6
1781617871,6
1781617877,6
1781617882,6
1781617887,6
1781617892,6
1781617897,6
1781617902,6
1781617907,6
1781617912,6
1781617917,6
1781617922,6
1781617927,6
1781617932,4
1781617937,2
1781617942,2
1781617947,2
1781617952,2
1781617957,2
1781617962,2
1781617967,2
1781617972,2
