1781611214
websocket-server-56c97f4c7-6q5vs   0m    94Mi   
websocket-server-56c97f4c7-t7zg4   1m    81Mi   
1781611219
websocket-server-56c97f4c7-6q5vs   0m    94Mi   
websocket-server-56c97f4c7-t7zg4   1m    81Mi   
1781611224
websocket-server-56c97f4c7-6q5vs   0m    94Mi   
websocket-server-56c97f4c7-t7zg4   1m    81Mi   
1781611229
websocket-server-56c97f4c7-6q5vs   1m    94Mi   
websocket-server-56c97f4c7-t7zg4   1m    81Mi   
1781611234
websocket-server-56c97f4c7-6q5vs   1m    94Mi   
websocket-server-56c97f4c7-t7zg4   1m    81Mi   
1781611239
websocket-server-56c97f4c7-6q5vs   1m    94Mi   
websocket-server-56c97f4c7-t7zg4   1m    81Mi   
1781611244
websocket-server-56c97f4c7-6q5vs   2m    94Mi   
websocket-server-56c97f4c7-t7zg4   6m    82Mi   
1781611249
websocket-server-56c97f4c7-6q5vs   2m    94Mi   
websocket-server-56c97f4c7-t7zg4   6m    82Mi   
1781611254
websocket-server-56c97f4c7-6q5vs   2m    94Mi   
websocket-server-56c97f4c7-t7zg4   6m    82Mi   
1781611259
websocket-server-56c97f4c7-6q5vs   7m    94Mi   
websocket-server-56c97f4c7-t7zg4   12m   82Mi   
1781611264
websocket-server-56c97f4c7-6q5vs   7m    94Mi   
websocket-server-56c97f4c7-t7zg4   12m   82Mi   
1781611269
websocket-server-56c97f4c7-6q5vs   7m    94Mi   
websocket-server-56c97f4c7-t7zg4   12m   82Mi   
1781611274
websocket-server-56c97f4c7-6q5vs   11m   95Mi   
websocket-server-56c97f4c7-t7zg4   17m   83Mi   
1781611279
websocket-server-56c97f4c7-6q5vs   11m   95Mi   
websocket-server-56c97f4c7-t7zg4   17m   83Mi   
1781611284
websocket-server-56c97f4c7-6q5vs   11m   95Mi   
websocket-server-56c97f4c7-t7zg4   17m   83Mi   
1781611289
websocket-server-56c97f4c7-6q5vs   14m   96Mi   
websocket-server-56c97f4c7-t7zg4   17m   83Mi   
websocket-server-56c97f4c7-xkh64   3m    29Mi   
1781611294
websocket-server-56c97f4c7-6q5vs   14m   96Mi   
websocket-server-56c97f4c7-t7zg4   17m   83Mi   
websocket-server-56c97f4c7-xkh64   3m    29Mi   
1781611300
websocket-server-56c97f4c7-6q5vs   14m   96Mi   
websocket-server-56c97f4c7-t7zg4   17m   83Mi   
websocket-server-56c97f4c7-xkh64   3m    29Mi   
1781611305
websocket-server-56c97f4c7-6q5vs   18m   96Mi   
websocket-server-56c97f4c7-b67lv   22m   29Mi   
websocket-server-56c97f4c7-qvj9q   4m    29Mi   
websocket-server-56c97f4c7-t7zg4   18m   84Mi   
websocket-server-56c97f4c7-xkh64   3m    29Mi   
1781611310
websocket-server-56c97f4c7-6q5vs   18m   96Mi   
websocket-server-56c97f4c7-b67lv   22m   29Mi   
websocket-server-56c97f4c7-qvj9q   4m    29Mi   
websocket-server-56c97f4c7-t7zg4   18m   84Mi   
websocket-server-56c97f4c7-xkh64   3m    29Mi   
1781611315
websocket-server-56c97f4c7-6q5vs   18m   96Mi   
websocket-server-56c97f4c7-b67lv   22m   29Mi   
websocket-server-56c97f4c7-qvj9q   4m    29Mi   
websocket-server-56c97f4c7-t7zg4   18m   84Mi   
websocket-server-56c97f4c7-xkh64   3m    29Mi   
1781611320
websocket-server-56c97f4c7-62j9r   19m   28Mi   
websocket-server-56c97f4c7-6q5vs   18m   96Mi   
websocket-server-56c97f4c7-b67lv   6m    30Mi   
websocket-server-56c97f4c7-qvj9q   6m    31Mi   
websocket-server-56c97f4c7-t7zg4   19m   85Mi   
websocket-server-56c97f4c7-xkh64   6m    30Mi   
1781611325
websocket-server-56c97f4c7-62j9r   19m   28Mi   
websocket-server-56c97f4c7-6q5vs   18m   96Mi   
websocket-server-56c97f4c7-b67lv   6m    30Mi   
websocket-server-56c97f4c7-qvj9q   6m    31Mi   
websocket-server-56c97f4c7-t7zg4   19m   85Mi   
websocket-server-56c97f4c7-xkh64   6m    30Mi   
1781611330
websocket-server-56c97f4c7-62j9r   19m   28Mi   
websocket-server-56c97f4c7-6q5vs   18m   96Mi   
websocket-server-56c97f4c7-b67lv   6m    30Mi   
websocket-server-56c97f4c7-qvj9q   6m    31Mi   
websocket-server-56c97f4c7-t7zg4   19m   85Mi   
websocket-server-56c97f4c7-xkh64   6m    30Mi   
1781611335
websocket-server-56c97f4c7-62j9r   4m    28Mi   
websocket-server-56c97f4c7-6q5vs   23m   96Mi   
websocket-server-56c97f4c7-b67lv   6m    30Mi   
websocket-server-56c97f4c7-h5wq6   2m    28Mi   
websocket-server-56c97f4c7-qvj9q   9m    32Mi   
websocket-server-56c97f4c7-t7zg4   23m   86Mi   
websocket-server-56c97f4c7-wwdn5   31m   27Mi   
websocket-server-56c97f4c7-xkh64   8m    31Mi   
1781611340
websocket-server-56c97f4c7-62j9r   4m    28Mi   
websocket-server-56c97f4c7-6q5vs   23m   96Mi   
websocket-server-56c97f4c7-b67lv   6m    30Mi   
websocket-server-56c97f4c7-h5wq6   2m    28Mi   
websocket-server-56c97f4c7-qvj9q   9m    32Mi   
websocket-server-56c97f4c7-t7zg4   23m   86Mi   
websocket-server-56c97f4c7-wwdn5   31m   27Mi   
websocket-server-56c97f4c7-xkh64   8m    31Mi   
1781611345
websocket-server-56c97f4c7-62j9r   4m    28Mi   
websocket-server-56c97f4c7-6q5vs   23m   96Mi   
websocket-server-56c97f4c7-b67lv   6m    30Mi   
websocket-server-56c97f4c7-h5wq6   2m    28Mi   
websocket-server-56c97f4c7-qvj9q   9m    32Mi   
websocket-server-56c97f4c7-t7zg4   23m   86Mi   
websocket-server-56c97f4c7-wwdn5   31m   27Mi   
websocket-server-56c97f4c7-xkh64   8m    31Mi   
1781611350
websocket-server-56c97f4c7-62j9r   3m    28Mi   
websocket-server-56c97f4c7-6q5vs   22m   96Mi   
websocket-server-56c97f4c7-b67lv   6m    30Mi   
websocket-server-56c97f4c7-h5wq6   2m    28Mi   
websocket-server-56c97f4c7-qvj9q   9m    32Mi   
websocket-server-56c97f4c7-t7zg4   25m   86Mi   
websocket-server-56c97f4c7-wwdn5   1m    27Mi   
websocket-server-56c97f4c7-xkh64   8m    32Mi   
1781611356
websocket-server-56c97f4c7-62j9r   3m    28Mi   
websocket-server-56c97f4c7-6q5vs   22m   96Mi   
websocket-server-56c97f4c7-b67lv   6m    30Mi   
websocket-server-56c97f4c7-h5wq6   2m    28Mi   
websocket-server-56c97f4c7-qvj9q   9m    32Mi   
websocket-server-56c97f4c7-t7zg4   25m   86Mi   
websocket-server-56c97f4c7-wwdn5   1m    27Mi   
websocket-server-56c97f4c7-xkh64   8m    32Mi   
1781611361
websocket-server-56c97f4c7-62j9r   3m    28Mi   
websocket-server-56c97f4c7-6q5vs   22m   96Mi   
websocket-server-56c97f4c7-b67lv   6m    30Mi   
websocket-server-56c97f4c7-h5wq6   2m    28Mi   
websocket-server-56c97f4c7-qvj9q   9m    32Mi   
websocket-server-56c97f4c7-t7zg4   25m   86Mi   
websocket-server-56c97f4c7-wwdn5   1m    27Mi   
websocket-server-56c97f4c7-xkh64   8m    32Mi   
1781611366
websocket-server-56c97f4c7-62j9r   3m    28Mi   
websocket-server-56c97f4c7-6q5vs   14m   96Mi   
websocket-server-56c97f4c7-b67lv   5m    30Mi   
websocket-server-56c97f4c7-h5wq6   2m    28Mi   
websocket-server-56c97f4c7-qvj9q   4m    32Mi   
websocket-server-56c97f4c7-t7zg4   24m   86Mi   
websocket-server-56c97f4c7-wwdn5   1m    27Mi   
websocket-server-56c97f4c7-xkh64   8m    32Mi   
1781611371
websocket-server-56c97f4c7-62j9r   3m    28Mi   
websocket-server-56c97f4c7-6q5vs   14m   96Mi   
websocket-server-56c97f4c7-b67lv   5m    30Mi   
websocket-server-56c97f4c7-h5wq6   2m    28Mi   
websocket-server-56c97f4c7-qvj9q   4m    32Mi   
websocket-server-56c97f4c7-t7zg4   24m   86Mi   
websocket-server-56c97f4c7-wwdn5   1m    27Mi   
websocket-server-56c97f4c7-xkh64   8m    32Mi   
1781611376
websocket-server-56c97f4c7-62j9r   3m    28Mi   
websocket-server-56c97f4c7-6q5vs   14m   96Mi   
websocket-server-56c97f4c7-b67lv   5m    30Mi   
websocket-server-56c97f4c7-h5wq6   2m    28Mi   
websocket-server-56c97f4c7-qvj9q   4m    32Mi   
websocket-server-56c97f4c7-t7zg4   24m   86Mi   
websocket-server-56c97f4c7-wwdn5   1m    27Mi   
websocket-server-56c97f4c7-xkh64   8m    32Mi   
1781611381
websocket-server-56c97f4c7-62j9r   1m    28Mi   
websocket-server-56c97f4c7-6q5vs   7m    96Mi   
websocket-server-56c97f4c7-b67lv   5m    30Mi   
websocket-server-56c97f4c7-h5wq6   1m    28Mi   
websocket-server-56c97f4c7-qvj9q   4m    32Mi   
websocket-server-56c97f4c7-t7zg4   9m    86Mi   
websocket-server-56c97f4c7-wwdn5   1m    27Mi   
websocket-server-56c97f4c7-xkh64   4m    32Mi   
1781611386
websocket-server-56c97f4c7-62j9r   1m    28Mi   
websocket-server-56c97f4c7-6q5vs   7m    96Mi   
websocket-server-56c97f4c7-b67lv   5m    30Mi   
websocket-server-56c97f4c7-h5wq6   1m    28Mi   
websocket-server-56c97f4c7-qvj9q   4m    32Mi   
websocket-server-56c97f4c7-t7zg4   9m    86Mi   
websocket-server-56c97f4c7-wwdn5   1m    27Mi   
websocket-server-56c97f4c7-xkh64   4m    32Mi   
1781611391
websocket-server-56c97f4c7-62j9r   1m    28Mi   
websocket-server-56c97f4c7-6q5vs   7m    96Mi   
websocket-server-56c97f4c7-b67lv   5m    30Mi   
websocket-server-56c97f4c7-h5wq6   1m    28Mi   
websocket-server-56c97f4c7-qvj9q   4m    32Mi   
websocket-server-56c97f4c7-t7zg4   9m    86Mi   
websocket-server-56c97f4c7-wwdn5   1m    27Mi   
websocket-server-56c97f4c7-xkh64   4m    32Mi   
1781611396
websocket-server-56c97f4c7-62j9r   1m    28Mi   
websocket-server-56c97f4c7-6q5vs   7m    96Mi   
websocket-server-56c97f4c7-b67lv   2m    30Mi   
websocket-server-56c97f4c7-h5wq6   1m    28Mi   
websocket-server-56c97f4c7-qvj9q   3m    32Mi   
websocket-server-56c97f4c7-t7zg4   7m    85Mi   
websocket-server-56c97f4c7-wwdn5   1m    27Mi   
websocket-server-56c97f4c7-xkh64   3m    31Mi   
1781611401
websocket-server-56c97f4c7-62j9r   1m    28Mi   
websocket-server-56c97f4c7-6q5vs   7m    96Mi   
websocket-server-56c97f4c7-b67lv   2m    30Mi   
websocket-server-56c97f4c7-h5wq6   1m    28Mi   
websocket-server-56c97f4c7-qvj9q   3m    32Mi   
websocket-server-56c97f4c7-t7zg4   7m    85Mi   
websocket-server-56c97f4c7-wwdn5   1m    27Mi   
websocket-server-56c97f4c7-xkh64   3m    31Mi   
1781611406
websocket-server-56c97f4c7-62j9r   1m    28Mi   
websocket-server-56c97f4c7-6q5vs   7m    96Mi   
websocket-server-56c97f4c7-b67lv   2m    30Mi   
websocket-server-56c97f4c7-h5wq6   1m    28Mi   
websocket-server-56c97f4c7-qvj9q   3m    32Mi   
websocket-server-56c97f4c7-t7zg4   7m    85Mi   
websocket-server-56c97f4c7-wwdn5   1m    27Mi   
websocket-server-56c97f4c7-xkh64   3m    31Mi   
1781611412
websocket-server-56c97f4c7-62j9r   1m    28Mi   
websocket-server-56c97f4c7-6q5vs   7m    96Mi   
websocket-server-56c97f4c7-b67lv   2m    30Mi   
websocket-server-56c97f4c7-h5wq6   1m    28Mi   
websocket-server-56c97f4c7-qvj9q   3m    32Mi   
websocket-server-56c97f4c7-t7zg4   8m    86Mi   
websocket-server-56c97f4c7-wwdn5   1m    27Mi   
websocket-server-56c97f4c7-xkh64   3m    32Mi   
1781611417
websocket-server-56c97f4c7-62j9r   1m    28Mi   
websocket-server-56c97f4c7-6q5vs   7m    96Mi   
websocket-server-56c97f4c7-b67lv   2m    30Mi   
websocket-server-56c97f4c7-h5wq6   1m    28Mi   
websocket-server-56c97f4c7-qvj9q   3m    32Mi   
websocket-server-56c97f4c7-t7zg4   8m    86Mi   
websocket-server-56c97f4c7-wwdn5   1m    27Mi   
websocket-server-56c97f4c7-xkh64   3m    32Mi   
1781611422
websocket-server-56c97f4c7-62j9r   1m    28Mi   
websocket-server-56c97f4c7-6q5vs   7m    96Mi   
websocket-server-56c97f4c7-b67lv   2m    30Mi   
websocket-server-56c97f4c7-h5wq6   1m    28Mi   
websocket-server-56c97f4c7-qvj9q   3m    32Mi   
websocket-server-56c97f4c7-t7zg4   8m    86Mi   
websocket-server-56c97f4c7-wwdn5   1m    27Mi   
websocket-server-56c97f4c7-xkh64   3m    32Mi   
1781611427
websocket-server-56c97f4c7-62j9r   3m    28Mi   
websocket-server-56c97f4c7-6q5vs   10m   95Mi   
websocket-server-56c97f4c7-b67lv   6m    30Mi   
websocket-server-56c97f4c7-h5wq6   2m    28Mi   
websocket-server-56c97f4c7-qvj9q   3m    32Mi   
websocket-server-56c97f4c7-t7zg4   18m   84Mi   
websocket-server-56c97f4c7-wwdn5   1m    28Mi   
websocket-server-56c97f4c7-xkh64   8m    31Mi   
1781611432
websocket-server-56c97f4c7-62j9r   3m    28Mi   
websocket-server-56c97f4c7-6q5vs   10m   95Mi   
websocket-server-56c97f4c7-b67lv   6m    30Mi   
websocket-server-56c97f4c7-h5wq6   2m    28Mi   
websocket-server-56c97f4c7-qvj9q   3m    32Mi   
websocket-server-56c97f4c7-t7zg4   18m   84Mi   
websocket-server-56c97f4c7-wwdn5   1m    28Mi   
websocket-server-56c97f4c7-xkh64   8m    31Mi   
1781611437
websocket-server-56c97f4c7-62j9r   3m    28Mi   
websocket-server-56c97f4c7-6q5vs   10m   95Mi   
websocket-server-56c97f4c7-b67lv   6m    30Mi   
websocket-server-56c97f4c7-h5wq6   2m    28Mi   
websocket-server-56c97f4c7-qvj9q   3m    32Mi   
websocket-server-56c97f4c7-t7zg4   18m   84Mi   
websocket-server-56c97f4c7-wwdn5   1m    28Mi   
websocket-server-56c97f4c7-xkh64   8m    31Mi   
1781611442
websocket-server-56c97f4c7-62j9r   3m    28Mi   
websocket-server-56c97f4c7-6q5vs   10m   95Mi   
websocket-server-56c97f4c7-b67lv   1m    30Mi   
websocket-server-56c97f4c7-h5wq6   0m    28Mi   
websocket-server-56c97f4c7-qvj9q   5m    32Mi   
websocket-server-56c97f4c7-t7zg4   1m    84Mi   
websocket-server-56c97f4c7-wwdn5   1m    28Mi   
websocket-server-56c97f4c7-xkh64   1m    31Mi   
1781611447
websocket-server-56c97f4c7-62j9r   3m    28Mi   
websocket-server-56c97f4c7-6q5vs   10m   95Mi   
websocket-server-56c97f4c7-b67lv   1m    30Mi   
websocket-server-56c97f4c7-h5wq6   0m    28Mi   
websocket-server-56c97f4c7-qvj9q   5m    32Mi   
websocket-server-56c97f4c7-t7zg4   1m    84Mi   
websocket-server-56c97f4c7-wwdn5   1m    28Mi   
websocket-server-56c97f4c7-xkh64   1m    31Mi   
1781611452
websocket-server-56c97f4c7-62j9r   1m    28Mi   
websocket-server-56c97f4c7-6q5vs   1m    95Mi   
websocket-server-56c97f4c7-b67lv   1m    30Mi   
websocket-server-56c97f4c7-h5wq6   0m    28Mi   
websocket-server-56c97f4c7-qvj9q   1m    32Mi   
websocket-server-56c97f4c7-t7zg4   1m    84Mi   
websocket-server-56c97f4c7-wwdn5   0m    28Mi   
websocket-server-56c97f4c7-xkh64   1m    31Mi   
1781611457
websocket-server-56c97f4c7-62j9r   1m    28Mi   
websocket-server-56c97f4c7-6q5vs   1m    95Mi   
websocket-server-56c97f4c7-b67lv   1m    30Mi   
websocket-server-56c97f4c7-h5wq6   0m    28Mi   
websocket-server-56c97f4c7-qvj9q   1m    32Mi   
websocket-server-56c97f4c7-t7zg4   1m    84Mi   
websocket-server-56c97f4c7-wwdn5   0m    28Mi   
websocket-server-56c97f4c7-xkh64   1m    31Mi   
1781611462
websocket-server-56c97f4c7-62j9r   1m    28Mi   
websocket-server-56c97f4c7-6q5vs   1m    95Mi   
websocket-server-56c97f4c7-b67lv   1m    30Mi   
websocket-server-56c97f4c7-h5wq6   0m    28Mi   
websocket-server-56c97f4c7-qvj9q   1m    32Mi   
websocket-server-56c97f4c7-t7zg4   1m    84Mi   
websocket-server-56c97f4c7-wwdn5   0m    28Mi   
websocket-server-56c97f4c7-xkh64   1m    31Mi   
1781611467
websocket-server-56c97f4c7-62j9r   1m    28Mi   
websocket-server-56c97f4c7-6q5vs   1m    95Mi   
websocket-server-56c97f4c7-b67lv   1m    30Mi   
websocket-server-56c97f4c7-h5wq6   1m    28Mi   
websocket-server-56c97f4c7-qvj9q   1m    32Mi   
websocket-server-56c97f4c7-t7zg4   0m    84Mi   
websocket-server-56c97f4c7-wwdn5   1m    28Mi   
websocket-server-56c97f4c7-xkh64   1m    31Mi   
1781611473
websocket-server-56c97f4c7-62j9r   1m    28Mi   
websocket-server-56c97f4c7-6q5vs   1m    95Mi   
websocket-server-56c97f4c7-b67lv   1m    30Mi   
websocket-server-56c97f4c7-h5wq6   1m    28Mi   
websocket-server-56c97f4c7-qvj9q   1m    32Mi   
websocket-server-56c97f4c7-t7zg4   0m    84Mi   
websocket-server-56c97f4c7-wwdn5   1m    28Mi   
websocket-server-56c97f4c7-xkh64   1m    31Mi   
1781611478
websocket-server-56c97f4c7-62j9r   1m    28Mi   
websocket-server-56c97f4c7-6q5vs   1m    95Mi   
websocket-server-56c97f4c7-b67lv   1m    30Mi   
websocket-server-56c97f4c7-h5wq6   1m    28Mi   
websocket-server-56c97f4c7-qvj9q   1m    32Mi   
websocket-server-56c97f4c7-t7zg4   0m    84Mi   
websocket-server-56c97f4c7-wwdn5   1m    28Mi   
websocket-server-56c97f4c7-xkh64   1m    31Mi   
1781611483
websocket-server-56c97f4c7-62j9r   1m    28Mi   
websocket-server-56c97f4c7-6q5vs   1m    95Mi   
websocket-server-56c97f4c7-b67lv   1m    30Mi   
websocket-server-56c97f4c7-h5wq6   1m    28Mi   
websocket-server-56c97f4c7-qvj9q   1m    32Mi   
websocket-server-56c97f4c7-t7zg4   1m    84Mi   
websocket-server-56c97f4c7-wwdn5   1m    28Mi   
websocket-server-56c97f4c7-xkh64   1m    31Mi   
1781611488
websocket-server-56c97f4c7-62j9r   1m    28Mi   
websocket-server-56c97f4c7-6q5vs   1m    95Mi   
websocket-server-56c97f4c7-b67lv   1m    30Mi   
websocket-server-56c97f4c7-h5wq6   1m    28Mi   
websocket-server-56c97f4c7-qvj9q   1m    32Mi   
websocket-server-56c97f4c7-t7zg4   1m    84Mi   
websocket-server-56c97f4c7-wwdn5   1m    28Mi   
websocket-server-56c97f4c7-xkh64   1m    31Mi   
1781611493
websocket-server-56c97f4c7-62j9r   1m    28Mi   
websocket-server-56c97f4c7-6q5vs   1m    95Mi   
websocket-server-56c97f4c7-b67lv   1m    30Mi   
websocket-server-56c97f4c7-h5wq6   1m    28Mi   
websocket-server-56c97f4c7-qvj9q   1m    32Mi   
websocket-server-56c97f4c7-t7zg4   1m    84Mi   
websocket-server-56c97f4c7-wwdn5   1m    28Mi   
websocket-server-56c97f4c7-xkh64   1m    31Mi   
1781611498
websocket-server-56c97f4c7-62j9r   1m    29Mi   
websocket-server-56c97f4c7-6q5vs   1m    95Mi   
websocket-server-56c97f4c7-b67lv   1m    30Mi   
websocket-server-56c97f4c7-h5wq6   1m    28Mi   
websocket-server-56c97f4c7-qvj9q   1m    33Mi   
websocket-server-56c97f4c7-t7zg4   1m    85Mi   
websocket-server-56c97f4c7-wwdn5   1m    28Mi   
websocket-server-56c97f4c7-xkh64   1m    32Mi   
1781611503
websocket-server-56c97f4c7-62j9r   1m    29Mi   
websocket-server-56c97f4c7-6q5vs   1m    95Mi   
websocket-server-56c97f4c7-b67lv   1m    30Mi   
websocket-server-56c97f4c7-h5wq6   1m    28Mi   
websocket-server-56c97f4c7-qvj9q   1m    33Mi   
websocket-server-56c97f4c7-t7zg4   1m    85Mi   
websocket-server-56c97f4c7-wwdn5   1m    28Mi   
websocket-server-56c97f4c7-xkh64   1m    32Mi   
1781611508
websocket-server-56c97f4c7-62j9r   1m    29Mi   
websocket-server-56c97f4c7-6q5vs   1m    95Mi   
websocket-server-56c97f4c7-b67lv   1m    30Mi   
websocket-server-56c97f4c7-h5wq6   1m    28Mi   
websocket-server-56c97f4c7-qvj9q   1m    33Mi   
websocket-server-56c97f4c7-t7zg4   1m    85Mi   
websocket-server-56c97f4c7-wwdn5   1m    28Mi   
websocket-server-56c97f4c7-xkh64   1m    32Mi   
1781611513
websocket-server-56c97f4c7-62j9r   4m    30Mi   
websocket-server-56c97f4c7-6q5vs   3m    96Mi   
websocket-server-56c97f4c7-b67lv   1m    31Mi   
websocket-server-56c97f4c7-h5wq6   3m    29Mi   
websocket-server-56c97f4c7-qvj9q   4m    33Mi   
websocket-server-56c97f4c7-t7zg4   2m    85Mi   
websocket-server-56c97f4c7-wwdn5   2m    28Mi   
websocket-server-56c97f4c7-xkh64   2m    33Mi   
1781611518
websocket-server-56c97f4c7-62j9r   4m    30Mi   
websocket-server-56c97f4c7-6q5vs   3m    96Mi   
websocket-server-56c97f4c7-b67lv   1m    31Mi   
websocket-server-56c97f4c7-h5wq6   3m    29Mi   
websocket-server-56c97f4c7-qvj9q   4m    33Mi   
websocket-server-56c97f4c7-t7zg4   2m    85Mi   
websocket-server-56c97f4c7-wwdn5   2m    28Mi   
websocket-server-56c97f4c7-xkh64   2m    33Mi   
1781611523
websocket-server-56c97f4c7-62j9r   4m    30Mi   
websocket-server-56c97f4c7-6q5vs   3m    96Mi   
websocket-server-56c97f4c7-b67lv   1m    31Mi   
websocket-server-56c97f4c7-h5wq6   3m    29Mi   
websocket-server-56c97f4c7-qvj9q   4m    33Mi   
websocket-server-56c97f4c7-t7zg4   2m    85Mi   
websocket-server-56c97f4c7-wwdn5   2m    28Mi   
websocket-server-56c97f4c7-xkh64   2m    33Mi   
1781611528
websocket-server-56c97f4c7-62j9r   5m    30Mi   
websocket-server-56c97f4c7-6q5vs   9m    95Mi   
websocket-server-56c97f4c7-b67lv   2m    31Mi   
websocket-server-56c97f4c7-h5wq6   3m    29Mi   
websocket-server-56c97f4c7-qvj9q   4m    33Mi   
websocket-server-56c97f4c7-t7zg4   10m   86Mi   
websocket-server-56c97f4c7-wwdn5   3m    28Mi   
websocket-server-56c97f4c7-xkh64   5m    34Mi   
1781611534
websocket-server-56c97f4c7-62j9r   5m    30Mi   
websocket-server-56c97f4c7-6q5vs   9m    95Mi   
websocket-server-56c97f4c7-b67lv   2m    31Mi   
websocket-server-56c97f4c7-t7zg4   10m   86Mi   
websocket-server-56c97f4c7-wwdn5   3m    28Mi   
websocket-server-56c97f4c7-xkh64   5m    34Mi   
1781611539
websocket-server-56c97f4c7-62j9r   5m    30Mi   
websocket-server-56c97f4c7-6q5vs   9m    95Mi   
websocket-server-56c97f4c7-t7zg4   10m   86Mi   
websocket-server-56c97f4c7-xkh64   5m    34Mi   
1781611544
websocket-server-56c97f4c7-6q5vs   9m    95Mi   
websocket-server-56c97f4c7-f8ssk   36m   29Mi   
websocket-server-56c97f4c7-n6jzr   36m   30Mi   
websocket-server-56c97f4c7-t7zg4   14m   86Mi   
1781611549
websocket-server-56c97f4c7-6q5vs   9m    95Mi   
websocket-server-56c97f4c7-f8ssk   36m   29Mi   
websocket-server-56c97f4c7-n6jzr   36m   30Mi   
websocket-server-56c97f4c7-t7zg4   14m   86Mi   
1781611554
websocket-server-56c97f4c7-6q5vs   9m    95Mi   
websocket-server-56c97f4c7-f8ssk   36m   29Mi   
websocket-server-56c97f4c7-n6jzr   36m   30Mi   
websocket-server-56c97f4c7-t7zg4   14m   86Mi   
1781611559
websocket-server-56c97f4c7-6q5vs   13m   96Mi   
websocket-server-56c97f4c7-f8ssk   12m   33Mi   
websocket-server-56c97f4c7-hnvnr   42m   30Mi   
websocket-server-56c97f4c7-n6jzr   9m    31Mi   
websocket-server-56c97f4c7-t7zg4   14m   86Mi   
1781611564
websocket-server-56c97f4c7-6q5vs   13m   96Mi   
websocket-server-56c97f4c7-f8ssk   12m   33Mi   
websocket-server-56c97f4c7-hnvnr   42m   30Mi   
websocket-server-56c97f4c7-n6jzr   9m    31Mi   
websocket-server-56c97f4c7-t7zg4   14m   86Mi   
1781611569
websocket-server-56c97f4c7-6q5vs   13m   96Mi   
websocket-server-56c97f4c7-f8ssk   12m   33Mi   
websocket-server-56c97f4c7-hnvnr   42m   30Mi   
websocket-server-56c97f4c7-n6jzr   9m    31Mi   
websocket-server-56c97f4c7-t7zg4   14m   86Mi   
1781611574
websocket-server-56c97f4c7-6q5vs   17m   96Mi   
websocket-server-56c97f4c7-f8ssk   12m   33Mi   
websocket-server-56c97f4c7-hnvnr   7m    31Mi   
websocket-server-56c97f4c7-n6jzr   9m    32Mi   
websocket-server-56c97f4c7-t7zg4   20m   87Mi   
websocket-server-56c97f4c7-tbwsp   36m   28Mi   
websocket-server-56c97f4c7-tz55d   2m    28Mi   
1781611579
websocket-server-56c97f4c7-6q5vs   17m   96Mi   
websocket-server-56c97f4c7-f8ssk   12m   33Mi   
websocket-server-56c97f4c7-hnvnr   7m    31Mi   
websocket-server-56c97f4c7-n6jzr   9m    32Mi   
websocket-server-56c97f4c7-t7zg4   20m   87Mi   
websocket-server-56c97f4c7-tbwsp   36m   28Mi   
websocket-server-56c97f4c7-tz55d   2m    28Mi   
1781611585
websocket-server-56c97f4c7-6q5vs   17m   96Mi   
websocket-server-56c97f4c7-f8ssk   12m   33Mi   
websocket-server-56c97f4c7-hnvnr   7m    31Mi   
websocket-server-56c97f4c7-n6jzr   9m    32Mi   
websocket-server-56c97f4c7-t7zg4   20m   87Mi   
websocket-server-56c97f4c7-tbwsp   36m   28Mi   
websocket-server-56c97f4c7-tz55d   2m    28Mi   
1781611590
websocket-server-56c97f4c7-6q5vs   19m   96Mi   
websocket-server-56c97f4c7-f8ssk   14m   35Mi   
websocket-server-56c97f4c7-hnvnr   8m    32Mi   
websocket-server-56c97f4c7-j96gn   38m   28Mi   
websocket-server-56c97f4c7-n6jzr   10m   33Mi   
websocket-server-56c97f4c7-t7zg4   20m   87Mi   
websocket-server-56c97f4c7-tbwsp   3m    28Mi   
websocket-server-56c97f4c7-tz55d   3m    28Mi   
1781611595
websocket-server-56c97f4c7-6q5vs   19m   96Mi   
websocket-server-56c97f4c7-f8ssk   14m   35Mi   
websocket-server-56c97f4c7-hnvnr   8m    32Mi   
websocket-server-56c97f4c7-j96gn   38m   28Mi   
websocket-server-56c97f4c7-n6jzr   10m   33Mi   
websocket-server-56c97f4c7-t7zg4   20m   87Mi   
websocket-server-56c97f4c7-tbwsp   3m    28Mi   
websocket-server-56c97f4c7-tz55d   3m    28Mi   
1781611600
websocket-server-56c97f4c7-6q5vs   19m   96Mi   
websocket-server-56c97f4c7-f8ssk   14m   35Mi   
websocket-server-56c97f4c7-hnvnr   8m    32Mi   
websocket-server-56c97f4c7-j96gn   38m   28Mi   
websocket-server-56c97f4c7-n6jzr   10m   33Mi   
websocket-server-56c97f4c7-t7zg4   20m   87Mi   
websocket-server-56c97f4c7-tbwsp   3m    28Mi   
websocket-server-56c97f4c7-tz55d   3m    28Mi   
1781611605
websocket-server-56c97f4c7-6q5vs   19m   96Mi   
websocket-server-56c97f4c7-f8ssk   14m   35Mi   
websocket-server-56c97f4c7-hnvnr   9m    31Mi   
websocket-server-56c97f4c7-j96gn   2m    28Mi   
websocket-server-56c97f4c7-n6jzr   10m   33Mi   
websocket-server-56c97f4c7-t7zg4   20m   87Mi   
websocket-server-56c97f4c7-tbwsp   3m    28Mi   
websocket-server-56c97f4c7-tz55d   3m    28Mi   
1781611610
websocket-server-56c97f4c7-6q5vs   19m   96Mi   
websocket-server-56c97f4c7-f8ssk   14m   35Mi   
websocket-server-56c97f4c7-hnvnr   9m    31Mi   
websocket-server-56c97f4c7-j96gn   2m    28Mi   
websocket-server-56c97f4c7-n6jzr   10m   33Mi   
websocket-server-56c97f4c7-t7zg4   20m   87Mi   
websocket-server-56c97f4c7-tbwsp   3m    28Mi   
websocket-server-56c97f4c7-tz55d   3m    28Mi   
1781611615
websocket-server-56c97f4c7-6q5vs   19m   96Mi   
websocket-server-56c97f4c7-f8ssk   14m   35Mi   
websocket-server-56c97f4c7-hnvnr   9m    31Mi   
websocket-server-56c97f4c7-j96gn   2m    28Mi   
websocket-server-56c97f4c7-n6jzr   10m   33Mi   
websocket-server-56c97f4c7-t7zg4   20m   87Mi   
websocket-server-56c97f4c7-tbwsp   3m    28Mi   
websocket-server-56c97f4c7-tz55d   3m    28Mi   
1781611620
websocket-server-56c97f4c7-6q5vs   11m   96Mi   
websocket-server-56c97f4c7-f8ssk   13m   35Mi   
websocket-server-56c97f4c7-hnvnr   7m    31Mi   
websocket-server-56c97f4c7-j96gn   2m    28Mi   
websocket-server-56c97f4c7-n6jzr   6m    32Mi   
websocket-server-56c97f4c7-t7zg4   21m   87Mi   
websocket-server-56c97f4c7-tbwsp   2m    28Mi   
websocket-server-56c97f4c7-tz55d   2m    28Mi   
1781611625
websocket-server-56c97f4c7-6q5vs   11m   96Mi   
websocket-server-56c97f4c7-f8ssk   13m   35Mi   
websocket-server-56c97f4c7-hnvnr   7m    31Mi   
websocket-server-56c97f4c7-j96gn   2m    28Mi   
websocket-server-56c97f4c7-n6jzr   6m    32Mi   
websocket-server-56c97f4c7-t7zg4   21m   87Mi   
websocket-server-56c97f4c7-tbwsp   2m    28Mi   
websocket-server-56c97f4c7-tz55d   2m    28Mi   
1781611630
websocket-server-56c97f4c7-6q5vs   11m   96Mi   
websocket-server-56c97f4c7-f8ssk   13m   35Mi   
websocket-server-56c97f4c7-hnvnr   7m    31Mi   
websocket-server-56c97f4c7-j96gn   2m    28Mi   
websocket-server-56c97f4c7-n6jzr   6m    32Mi   
websocket-server-56c97f4c7-t7zg4   21m   87Mi   
websocket-server-56c97f4c7-tbwsp   2m    28Mi   
websocket-server-56c97f4c7-tz55d   2m    28Mi   
1781611635
websocket-server-56c97f4c7-6q5vs   5m    96Mi   
websocket-server-56c97f4c7-f8ssk   4m    35Mi   
websocket-server-56c97f4c7-hnvnr   2m    31Mi   
websocket-server-56c97f4c7-j96gn   1m    28Mi   
websocket-server-56c97f4c7-n6jzr   3m    33Mi   
websocket-server-56c97f4c7-t7zg4   9m    87Mi   
websocket-server-56c97f4c7-tbwsp   1m    28Mi   
websocket-server-56c97f4c7-tz55d   1m    28Mi   
1781611641
websocket-server-56c97f4c7-6q5vs   5m    96Mi   
websocket-server-56c97f4c7-f8ssk   4m    35Mi   
websocket-server-56c97f4c7-hnvnr   2m    31Mi   
websocket-server-56c97f4c7-j96gn   1m    28Mi   
websocket-server-56c97f4c7-n6jzr   3m    33Mi   
websocket-server-56c97f4c7-t7zg4   9m    87Mi   
websocket-server-56c97f4c7-tbwsp   1m    28Mi   
websocket-server-56c97f4c7-tz55d   1m    28Mi   
1781611646
websocket-server-56c97f4c7-6q5vs   5m    96Mi   
websocket-server-56c97f4c7-f8ssk   4m    35Mi   
websocket-server-56c97f4c7-hnvnr   2m    31Mi   
websocket-server-56c97f4c7-j96gn   1m    28Mi   
websocket-server-56c97f4c7-n6jzr   3m    33Mi   
websocket-server-56c97f4c7-t7zg4   9m    87Mi   
websocket-server-56c97f4c7-tbwsp   1m    28Mi   
websocket-server-56c97f4c7-tz55d   1m    28Mi   
1781611651
websocket-server-56c97f4c7-6q5vs   6m    96Mi   
websocket-server-56c97f4c7-f8ssk   4m    35Mi   
websocket-server-56c97f4c7-hnvnr   3m    31Mi   
websocket-server-56c97f4c7-j96gn   1m    28Mi   
websocket-server-56c97f4c7-n6jzr   3m    32Mi   
websocket-server-56c97f4c7-t7zg4   6m    86Mi   
websocket-server-56c97f4c7-tbwsp   1m    28Mi   
websocket-server-56c97f4c7-tz55d   1m    28Mi   
1781611656
websocket-server-56c97f4c7-6q5vs   6m    96Mi   
websocket-server-56c97f4c7-f8ssk   4m    35Mi   
websocket-server-56c97f4c7-hnvnr   3m    31Mi   
websocket-server-56c97f4c7-j96gn   1m    28Mi   
websocket-server-56c97f4c7-n6jzr   3m    32Mi   
websocket-server-56c97f4c7-t7zg4   6m    86Mi   
websocket-server-56c97f4c7-tbwsp   1m    28Mi   
websocket-server-56c97f4c7-tz55d   1m    28Mi   
1781611661
websocket-server-56c97f4c7-6q5vs   6m    96Mi   
websocket-server-56c97f4c7-f8ssk   4m    35Mi   
websocket-server-56c97f4c7-hnvnr   3m    31Mi   
websocket-server-56c97f4c7-j96gn   1m    28Mi   
websocket-server-56c97f4c7-n6jzr   3m    32Mi   
websocket-server-56c97f4c7-t7zg4   6m    86Mi   
websocket-server-56c97f4c7-tbwsp   1m    28Mi   
websocket-server-56c97f4c7-tz55d   1m    28Mi   
1781611666
websocket-server-56c97f4c7-6q5vs   5m    96Mi   
websocket-server-56c97f4c7-f8ssk   4m    35Mi   
websocket-server-56c97f4c7-hnvnr   3m    32Mi   
websocket-server-56c97f4c7-j96gn   1m    28Mi   
websocket-server-56c97f4c7-n6jzr   3m    33Mi   
websocket-server-56c97f4c7-t7zg4   6m    86Mi   
websocket-server-56c97f4c7-tbwsp   1m    28Mi   
websocket-server-56c97f4c7-tz55d   1m    28Mi   
1781611671
websocket-server-56c97f4c7-6q5vs   5m    96Mi   
websocket-server-56c97f4c7-f8ssk   4m    35Mi   
websocket-server-56c97f4c7-hnvnr   3m    32Mi   
websocket-server-56c97f4c7-j96gn   1m    28Mi   
websocket-server-56c97f4c7-n6jzr   3m    33Mi   
websocket-server-56c97f4c7-t7zg4   6m    86Mi   
websocket-server-56c97f4c7-tbwsp   1m    28Mi   
websocket-server-56c97f4c7-tz55d   1m    28Mi   
1781611676
websocket-server-56c97f4c7-6q5vs   5m    96Mi   
websocket-server-56c97f4c7-f8ssk   4m    35Mi   
websocket-server-56c97f4c7-hnvnr   3m    32Mi   
websocket-server-56c97f4c7-j96gn   1m    28Mi   
websocket-server-56c97f4c7-n6jzr   3m    33Mi   
websocket-server-56c97f4c7-t7zg4   6m    86Mi   
websocket-server-56c97f4c7-tbwsp   1m    28Mi   
websocket-server-56c97f4c7-tz55d   1m    28Mi   
1781611681
websocket-server-56c97f4c7-6q5vs   14m   95Mi   
websocket-server-56c97f4c7-f8ssk   10m   35Mi   
websocket-server-56c97f4c7-hnvnr   2m    32Mi   
websocket-server-56c97f4c7-j96gn   2m    28Mi   
websocket-server-56c97f4c7-n6jzr   9m    32Mi   
websocket-server-56c97f4c7-t7zg4   11m   86Mi   
websocket-server-56c97f4c7-tbwsp   1m    28Mi   
websocket-server-56c97f4c7-tz55d   1m    28Mi   
1781611686
websocket-server-56c97f4c7-6q5vs   14m   95Mi   
websocket-server-56c97f4c7-f8ssk   10m   35Mi   
websocket-server-56c97f4c7-hnvnr   2m    32Mi   
websocket-server-56c97f4c7-j96gn   2m    28Mi   
websocket-server-56c97f4c7-n6jzr   9m    32Mi   
websocket-server-56c97f4c7-t7zg4   11m   86Mi   
websocket-server-56c97f4c7-tbwsp   1m    28Mi   
websocket-server-56c97f4c7-tz55d   1m    28Mi   
1781611692
websocket-server-56c97f4c7-6q5vs   14m   95Mi   
websocket-server-56c97f4c7-f8ssk   10m   35Mi   
websocket-server-56c97f4c7-hnvnr   2m    32Mi   
websocket-server-56c97f4c7-j96gn   2m    28Mi   
websocket-server-56c97f4c7-n6jzr   9m    32Mi   
websocket-server-56c97f4c7-t7zg4   11m   86Mi   
websocket-server-56c97f4c7-tbwsp   1m    28Mi   
websocket-server-56c97f4c7-tz55d   1m    28Mi   
1781611697
websocket-server-56c97f4c7-6q5vs   1m    95Mi   
websocket-server-56c97f4c7-f8ssk   1m    35Mi   
websocket-server-56c97f4c7-hnvnr   5m    31Mi   
websocket-server-56c97f4c7-j96gn   2m    28Mi   
websocket-server-56c97f4c7-n6jzr   1m    32Mi   
websocket-server-56c97f4c7-t7zg4   1m    86Mi   
websocket-server-56c97f4c7-tbwsp   2m    28Mi   
websocket-server-56c97f4c7-tz55d   2m    28Mi   
1781611702
websocket-server-56c97f4c7-6q5vs   1m    95Mi   
websocket-server-56c97f4c7-f8ssk   1m    35Mi   
websocket-server-56c97f4c7-hnvnr   5m    31Mi   
websocket-server-56c97f4c7-j96gn   2m    28Mi   
websocket-server-56c97f4c7-n6jzr   1m    32Mi   
websocket-server-56c97f4c7-t7zg4   1m    86Mi   
websocket-server-56c97f4c7-tbwsp   2m    28Mi   
websocket-server-56c97f4c7-tz55d   2m    28Mi   
1781611707
websocket-server-56c97f4c7-6q5vs   1m    95Mi   
websocket-server-56c97f4c7-f8ssk   1m    35Mi   
websocket-server-56c97f4c7-hnvnr   5m    31Mi   
websocket-server-56c97f4c7-j96gn   2m    28Mi   
websocket-server-56c97f4c7-n6jzr   1m    32Mi   
websocket-server-56c97f4c7-t7zg4   1m    86Mi   
websocket-server-56c97f4c7-tbwsp   2m    28Mi   
websocket-server-56c97f4c7-tz55d   2m    28Mi   
1781611712
websocket-server-56c97f4c7-6q5vs   1m    95Mi   
websocket-server-56c97f4c7-f8ssk   1m    35Mi   
websocket-server-56c97f4c7-hnvnr   1m    31Mi   
websocket-server-56c97f4c7-j96gn   1m    28Mi   
websocket-server-56c97f4c7-n6jzr   1m    32Mi   
websocket-server-56c97f4c7-t7zg4   1m    86Mi   
websocket-server-56c97f4c7-tbwsp   1m    28Mi   
websocket-server-56c97f4c7-tz55d   1m    28Mi   
1781611717
websocket-server-56c97f4c7-6q5vs   1m    95Mi   
websocket-server-56c97f4c7-f8ssk   1m    35Mi   
websocket-server-56c97f4c7-hnvnr   1m    31Mi   
websocket-server-56c97f4c7-j96gn   1m    28Mi   
websocket-server-56c97f4c7-n6jzr   1m    32Mi   
websocket-server-56c97f4c7-t7zg4   1m    86Mi   
websocket-server-56c97f4c7-tbwsp   1m    28Mi   
websocket-server-56c97f4c7-tz55d   1m    28Mi   
1781611722
websocket-server-56c97f4c7-6q5vs   1m    95Mi   
websocket-server-56c97f4c7-f8ssk   1m    35Mi   
websocket-server-56c97f4c7-hnvnr   1m    31Mi   
websocket-server-56c97f4c7-j96gn   1m    28Mi   
websocket-server-56c97f4c7-n6jzr   1m    32Mi   
websocket-server-56c97f4c7-t7zg4   1m    86Mi   
websocket-server-56c97f4c7-tbwsp   1m    28Mi   
websocket-server-56c97f4c7-tz55d   1m    28Mi   
1781611727
websocket-server-56c97f4c7-6q5vs   1m    95Mi   
websocket-server-56c97f4c7-f8ssk   1m    35Mi   
websocket-server-56c97f4c7-hnvnr   1m    31Mi   
websocket-server-56c97f4c7-j96gn   1m    28Mi   
websocket-server-56c97f4c7-n6jzr   1m    32Mi   
websocket-server-56c97f4c7-t7zg4   1m    86Mi   
websocket-server-56c97f4c7-tbwsp   1m    28Mi   
websocket-server-56c97f4c7-tz55d   1m    28Mi   
1781611732
websocket-server-56c97f4c7-6q5vs   1m    95Mi   
websocket-server-56c97f4c7-f8ssk   1m    35Mi   
websocket-server-56c97f4c7-hnvnr   1m    31Mi   
websocket-server-56c97f4c7-j96gn   1m    28Mi   
websocket-server-56c97f4c7-n6jzr   1m    32Mi   
websocket-server-56c97f4c7-t7zg4   1m    86Mi   
websocket-server-56c97f4c7-tbwsp   1m    28Mi   
websocket-server-56c97f4c7-tz55d   1m    28Mi   
1781611737
websocket-server-56c97f4c7-6q5vs   0m    95Mi   
websocket-server-56c97f4c7-f8ssk   1m    35Mi   
websocket-server-56c97f4c7-hnvnr   1m    31Mi   
websocket-server-56c97f4c7-j96gn   1m    28Mi   
websocket-server-56c97f4c7-n6jzr   1m    32Mi   
websocket-server-56c97f4c7-t7zg4   1m    86Mi   
websocket-server-56c97f4c7-tbwsp   1m    28Mi   
websocket-server-56c97f4c7-tz55d   1m    28Mi   
1781611743
websocket-server-56c97f4c7-6q5vs   0m    95Mi   
websocket-server-56c97f4c7-f8ssk   1m    35Mi   
websocket-server-56c97f4c7-hnvnr   1m    31Mi   
websocket-server-56c97f4c7-j96gn   1m    28Mi   
websocket-server-56c97f4c7-n6jzr   1m    32Mi   
websocket-server-56c97f4c7-t7zg4   1m    86Mi   
websocket-server-56c97f4c7-tbwsp   1m    28Mi   
websocket-server-56c97f4c7-tz55d   1m    28Mi   
1781611748
websocket-server-56c97f4c7-6q5vs   0m    95Mi   
websocket-server-56c97f4c7-f8ssk   1m    35Mi   
websocket-server-56c97f4c7-hnvnr   1m    31Mi   
websocket-server-56c97f4c7-j96gn   1m    28Mi   
websocket-server-56c97f4c7-n6jzr   1m    32Mi   
websocket-server-56c97f4c7-t7zg4   1m    86Mi   
websocket-server-56c97f4c7-tbwsp   1m    28Mi   
websocket-server-56c97f4c7-tz55d   1m    28Mi   
1781611753
websocket-server-56c97f4c7-6q5vs   1m    95Mi   
websocket-server-56c97f4c7-f8ssk   1m    35Mi   
websocket-server-56c97f4c7-hnvnr   1m    31Mi   
websocket-server-56c97f4c7-j96gn   1m    28Mi   
websocket-server-56c97f4c7-n6jzr   1m    32Mi   
websocket-server-56c97f4c7-t7zg4   1m    86Mi   
websocket-server-56c97f4c7-tbwsp   1m    28Mi   
websocket-server-56c97f4c7-tz55d   1m    28Mi   
1781611758
websocket-server-56c97f4c7-6q5vs   1m    95Mi   
websocket-server-56c97f4c7-f8ssk   1m    35Mi   
websocket-server-56c97f4c7-hnvnr   1m    31Mi   
websocket-server-56c97f4c7-j96gn   1m    28Mi   
websocket-server-56c97f4c7-n6jzr   1m    32Mi   
websocket-server-56c97f4c7-t7zg4   1m    86Mi   
websocket-server-56c97f4c7-tbwsp   1m    28Mi   
websocket-server-56c97f4c7-tz55d   1m    28Mi   
1781611763
websocket-server-56c97f4c7-6q5vs   1m    95Mi   
websocket-server-56c97f4c7-f8ssk   1m    35Mi   
websocket-server-56c97f4c7-hnvnr   1m    31Mi   
websocket-server-56c97f4c7-j96gn   1m    28Mi   
websocket-server-56c97f4c7-n6jzr   1m    32Mi   
websocket-server-56c97f4c7-t7zg4   1m    86Mi   
websocket-server-56c97f4c7-tbwsp   1m    28Mi   
websocket-server-56c97f4c7-tz55d   1m    28Mi   
1781611768
websocket-server-56c97f4c7-6q5vs   1m    95Mi   
websocket-server-56c97f4c7-f8ssk   1m    35Mi   
websocket-server-56c97f4c7-hnvnr   1m    31Mi   
websocket-server-56c97f4c7-j96gn   1m    28Mi   
websocket-server-56c97f4c7-n6jzr   1m    32Mi   
websocket-server-56c97f4c7-t7zg4   1m    86Mi   
websocket-server-56c97f4c7-tbwsp   1m    28Mi   
websocket-server-56c97f4c7-tz55d   1m    28Mi   
1781611773
websocket-server-56c97f4c7-6q5vs   1m    95Mi   
websocket-server-56c97f4c7-f8ssk   1m    35Mi   
websocket-server-56c97f4c7-hnvnr   1m    31Mi   
websocket-server-56c97f4c7-j96gn   1m    28Mi   
websocket-server-56c97f4c7-n6jzr   1m    32Mi   
websocket-server-56c97f4c7-t7zg4   1m    86Mi   
websocket-server-56c97f4c7-tbwsp   1m    28Mi   
websocket-server-56c97f4c7-tz55d   1m    28Mi   
1781611778
websocket-server-56c97f4c7-6q5vs   1m    95Mi   
websocket-server-56c97f4c7-f8ssk   1m    35Mi   
websocket-server-56c97f4c7-hnvnr   1m    31Mi   
websocket-server-56c97f4c7-j96gn   1m    28Mi   
websocket-server-56c97f4c7-n6jzr   1m    32Mi   
websocket-server-56c97f4c7-t7zg4   1m    86Mi   
websocket-server-56c97f4c7-tbwsp   1m    28Mi   
websocket-server-56c97f4c7-tz55d   1m    28Mi   
1781611783
websocket-server-56c97f4c7-6q5vs   0m    95Mi   
websocket-server-56c97f4c7-f8ssk   1m    35Mi   
websocket-server-56c97f4c7-hnvnr   0m    31Mi   
websocket-server-56c97f4c7-j96gn   1m    28Mi   
websocket-server-56c97f4c7-n6jzr   1m    32Mi   
websocket-server-56c97f4c7-t7zg4   0m    86Mi   
websocket-server-56c97f4c7-tbwsp   1m    28Mi   
websocket-server-56c97f4c7-tz55d   1m    28Mi   
1781611788
websocket-server-56c97f4c7-6q5vs   0m    95Mi   
websocket-server-56c97f4c7-hnvnr   0m    31Mi   
websocket-server-56c97f4c7-n6jzr   1m    32Mi   
websocket-server-56c97f4c7-t7zg4   0m    86Mi   
websocket-server-56c97f4c7-tbwsp   1m    28Mi   
websocket-server-56c97f4c7-tz55d   1m    28Mi   
1781611793
websocket-server-56c97f4c7-6q5vs   0m    95Mi   
websocket-server-56c97f4c7-hnvnr   0m    31Mi   
websocket-server-56c97f4c7-n6jzr   1m    32Mi   
websocket-server-56c97f4c7-t7zg4   0m    86Mi   
1781611799
websocket-server-56c97f4c7-6q5vs   1m    95Mi   
websocket-server-56c97f4c7-t7zg4   1m    86Mi   
