1777440635
websocket-server-56c97f4c7-rt6gt   17m   28Mi   
websocket-server-56c97f4c7-tv779   16m   27Mi   
1777440640
websocket-server-56c97f4c7-rt6gt   17m   28Mi   
websocket-server-56c97f4c7-tv779   16m   27Mi   
1777440645
websocket-server-56c97f4c7-rt6gt   1m    28Mi   
websocket-server-56c97f4c7-tv779   1m    27Mi   
1777440650
websocket-server-56c97f4c7-rt6gt   1m    28Mi   
websocket-server-56c97f4c7-tv779   1m    27Mi   
1777440655
websocket-server-56c97f4c7-rt6gt   1m    28Mi   
websocket-server-56c97f4c7-tv779   1m    27Mi   
1777440660
websocket-server-56c97f4c7-rt6gt   4m    31Mi   
websocket-server-56c97f4c7-tv779   3m    31Mi   
1777440665
websocket-server-56c97f4c7-rt6gt   4m    31Mi   
websocket-server-56c97f4c7-tv779   3m    31Mi   
1777440670
websocket-server-56c97f4c7-rt6gt   4m    31Mi   
websocket-server-56c97f4c7-tv779   3m    31Mi   
1777440675
websocket-server-56c97f4c7-rt6gt   8m    35Mi   
websocket-server-56c97f4c7-tv779   9m    36Mi   
1777440680
websocket-server-56c97f4c7-rt6gt   8m    35Mi   
websocket-server-56c97f4c7-tv779   9m    36Mi   
1777440685
websocket-server-56c97f4c7-rt6gt   8m    35Mi   
websocket-server-56c97f4c7-tv779   9m    36Mi   
1777440690
websocket-server-56c97f4c7-rt6gt   11m   39Mi   
websocket-server-56c97f4c7-shbjs   22m   28Mi   
websocket-server-56c97f4c7-tv779   9m    36Mi   
1777440695
websocket-server-56c97f4c7-rt6gt   11m   39Mi   
websocket-server-56c97f4c7-shbjs   22m   28Mi   
websocket-server-56c97f4c7-tv779   9m    36Mi   
1777440700
websocket-server-56c97f4c7-rt6gt   11m   39Mi   
websocket-server-56c97f4c7-shbjs   22m   28Mi   
websocket-server-56c97f4c7-tv779   9m    36Mi   
1777440705
websocket-server-56c97f4c7-c2h6g   18m   28Mi   
websocket-server-56c97f4c7-ldlq2   22m   29Mi   
websocket-server-56c97f4c7-rt6gt   12m   41Mi   
websocket-server-56c97f4c7-shbjs   21m   28Mi   
websocket-server-56c97f4c7-tv779   12m   41Mi   
1777440710
websocket-server-56c97f4c7-c2h6g   18m   28Mi   
websocket-server-56c97f4c7-ldlq2   22m   29Mi   
websocket-server-56c97f4c7-rt6gt   12m   41Mi   
websocket-server-56c97f4c7-shbjs   21m   28Mi   
websocket-server-56c97f4c7-tv779   12m   41Mi   
1777440715
websocket-server-56c97f4c7-c2h6g   18m   28Mi   
websocket-server-56c97f4c7-ldlq2   22m   29Mi   
websocket-server-56c97f4c7-rt6gt   12m   41Mi   
websocket-server-56c97f4c7-shbjs   21m   28Mi   
websocket-server-56c97f4c7-tv779   12m   41Mi   
1777440720
websocket-server-56c97f4c7-c2h6g   4m    31Mi   
websocket-server-56c97f4c7-c9c7d   20m   28Mi   
websocket-server-56c97f4c7-ldlq2   22m   29Mi   
websocket-server-56c97f4c7-rt6gt   12m   41Mi   
websocket-server-56c97f4c7-shbjs   3m    30Mi   
websocket-server-56c97f4c7-tv779   13m   42Mi   
1777440725
websocket-server-56c97f4c7-c2h6g   4m    31Mi   
websocket-server-56c97f4c7-c9c7d   20m   28Mi   
websocket-server-56c97f4c7-ldlq2   22m   29Mi   
websocket-server-56c97f4c7-rt6gt   12m   41Mi   
websocket-server-56c97f4c7-shbjs   3m    30Mi   
websocket-server-56c97f4c7-tv779   13m   42Mi   
1777440731
websocket-server-56c97f4c7-c2h6g   4m    31Mi   
websocket-server-56c97f4c7-c9c7d   20m   28Mi   
websocket-server-56c97f4c7-ldlq2   22m   29Mi   
websocket-server-56c97f4c7-rt6gt   12m   41Mi   
websocket-server-56c97f4c7-shbjs   3m    30Mi   
websocket-server-56c97f4c7-tv779   13m   42Mi   
1777440736
websocket-server-56c97f4c7-c2h6g   5m    32Mi   
websocket-server-56c97f4c7-c9c7d   18m   28Mi   
websocket-server-56c97f4c7-ldlq2   3m    30Mi   
websocket-server-56c97f4c7-rt6gt   14m   42Mi   
websocket-server-56c97f4c7-shbjs   4m    31Mi   
websocket-server-56c97f4c7-tv779   13m   42Mi   
websocket-server-56c97f4c7-vw7dk   22m   28Mi   
1777440741
websocket-server-56c97f4c7-c2h6g   5m    32Mi   
websocket-server-56c97f4c7-c9c7d   18m   28Mi   
websocket-server-56c97f4c7-ldlq2   3m    30Mi   
websocket-server-56c97f4c7-rt6gt   14m   42Mi   
websocket-server-56c97f4c7-shbjs   4m    31Mi   
websocket-server-56c97f4c7-tv779   13m   42Mi   
websocket-server-56c97f4c7-vw7dk   22m   28Mi   
1777440746
websocket-server-56c97f4c7-c2h6g   5m    32Mi   
websocket-server-56c97f4c7-c9c7d   18m   28Mi   
websocket-server-56c97f4c7-ldlq2   3m    30Mi   
websocket-server-56c97f4c7-rt6gt   14m   42Mi   
websocket-server-56c97f4c7-shbjs   4m    31Mi   
websocket-server-56c97f4c7-tv779   13m   42Mi   
websocket-server-56c97f4c7-vw7dk   22m   28Mi   
1777440751
websocket-server-56c97f4c7-c2h6g   5m    32Mi   
websocket-server-56c97f4c7-c9c7d   2m    29Mi   
websocket-server-56c97f4c7-cxhfx   16m   27Mi   
websocket-server-56c97f4c7-ldlq2   3m    30Mi   
websocket-server-56c97f4c7-rt6gt   13m   43Mi   
websocket-server-56c97f4c7-shbjs   5m    32Mi   
websocket-server-56c97f4c7-tv779   14m   43Mi   
websocket-server-56c97f4c7-vw7dk   1m    28Mi   
1777440756
websocket-server-56c97f4c7-c2h6g   5m    32Mi   
websocket-server-56c97f4c7-c9c7d   2m    29Mi   
websocket-server-56c97f4c7-cxhfx   16m   27Mi   
websocket-server-56c97f4c7-ldlq2   3m    30Mi   
websocket-server-56c97f4c7-rt6gt   13m   43Mi   
websocket-server-56c97f4c7-shbjs   5m    32Mi   
websocket-server-56c97f4c7-tv779   14m   43Mi   
websocket-server-56c97f4c7-vw7dk   1m    28Mi   
1777440761
websocket-server-56c97f4c7-c2h6g   5m    32Mi   
websocket-server-56c97f4c7-c9c7d   2m    29Mi   
websocket-server-56c97f4c7-cxhfx   16m   27Mi   
websocket-server-56c97f4c7-ldlq2   3m    30Mi   
websocket-server-56c97f4c7-rt6gt   13m   43Mi   
websocket-server-56c97f4c7-shbjs   5m    32Mi   
websocket-server-56c97f4c7-tv779   14m   43Mi   
websocket-server-56c97f4c7-vw7dk   1m    28Mi   
1777440766
websocket-server-56c97f4c7-c2h6g   5m    32Mi   
websocket-server-56c97f4c7-c9c7d   2m    29Mi   
websocket-server-56c97f4c7-cxhfx   1m    27Mi   
websocket-server-56c97f4c7-ldlq2   3m    30Mi   
websocket-server-56c97f4c7-rt6gt   12m   43Mi   
websocket-server-56c97f4c7-shbjs   4m    31Mi   
websocket-server-56c97f4c7-tv779   13m   43Mi   
websocket-server-56c97f4c7-vw7dk   1m    28Mi   
1777440771
websocket-server-56c97f4c7-c2h6g   5m    32Mi   
websocket-server-56c97f4c7-c9c7d   2m    29Mi   
websocket-server-56c97f4c7-cxhfx   1m    27Mi   
websocket-server-56c97f4c7-ldlq2   3m    30Mi   
websocket-server-56c97f4c7-rt6gt   12m   43Mi   
websocket-server-56c97f4c7-shbjs   4m    31Mi   
websocket-server-56c97f4c7-tv779   13m   43Mi   
websocket-server-56c97f4c7-vw7dk   1m    28Mi   
1777440776
websocket-server-56c97f4c7-c2h6g   5m    32Mi   
websocket-server-56c97f4c7-c9c7d   2m    29Mi   
websocket-server-56c97f4c7-cxhfx   1m    27Mi   
websocket-server-56c97f4c7-ldlq2   3m    30Mi   
websocket-server-56c97f4c7-rt6gt   12m   43Mi   
websocket-server-56c97f4c7-shbjs   4m    31Mi   
websocket-server-56c97f4c7-tv779   13m   43Mi   
websocket-server-56c97f4c7-vw7dk   1m    28Mi   
1777440781
websocket-server-56c97f4c7-c2h6g   3m    32Mi   
websocket-server-56c97f4c7-c9c7d   2m    29Mi   
websocket-server-56c97f4c7-cxhfx   1m    27Mi   
websocket-server-56c97f4c7-ldlq2   2m    30Mi   
websocket-server-56c97f4c7-rt6gt   5m    43Mi   
websocket-server-56c97f4c7-shbjs   2m    32Mi   
websocket-server-56c97f4c7-tv779   8m    43Mi   
websocket-server-56c97f4c7-vw7dk   1m    28Mi   
1777440786
websocket-server-56c97f4c7-c2h6g   3m    32Mi   
websocket-server-56c97f4c7-c9c7d   2m    29Mi   
websocket-server-56c97f4c7-cxhfx   1m    27Mi   
websocket-server-56c97f4c7-ldlq2   2m    30Mi   
websocket-server-56c97f4c7-rt6gt   5m    43Mi   
websocket-server-56c97f4c7-shbjs   2m    32Mi   
websocket-server-56c97f4c7-tv779   8m    43Mi   
websocket-server-56c97f4c7-vw7dk   1m    28Mi   
1777440791
websocket-server-56c97f4c7-c2h6g   3m    32Mi   
websocket-server-56c97f4c7-c9c7d   2m    29Mi   
websocket-server-56c97f4c7-cxhfx   1m    27Mi   
websocket-server-56c97f4c7-ldlq2   2m    30Mi   
websocket-server-56c97f4c7-rt6gt   5m    43Mi   
websocket-server-56c97f4c7-shbjs   2m    32Mi   
websocket-server-56c97f4c7-tv779   8m    43Mi   
websocket-server-56c97f4c7-vw7dk   1m    28Mi   
1777440796
websocket-server-56c97f4c7-c2h6g   2m    32Mi   
websocket-server-56c97f4c7-c9c7d   1m    29Mi   
websocket-server-56c97f4c7-cxhfx   1m    27Mi   
websocket-server-56c97f4c7-ldlq2   1m    30Mi   
websocket-server-56c97f4c7-rt6gt   5m    43Mi   
websocket-server-56c97f4c7-shbjs   2m    32Mi   
websocket-server-56c97f4c7-tv779   5m    43Mi   
websocket-server-56c97f4c7-vw7dk   1m    28Mi   
1777440801
websocket-server-56c97f4c7-c2h6g   2m    32Mi   
websocket-server-56c97f4c7-c9c7d   1m    29Mi   
websocket-server-56c97f4c7-cxhfx   1m    27Mi   
websocket-server-56c97f4c7-ldlq2   1m    30Mi   
websocket-server-56c97f4c7-rt6gt   5m    43Mi   
websocket-server-56c97f4c7-shbjs   2m    32Mi   
websocket-server-56c97f4c7-tv779   5m    43Mi   
websocket-server-56c97f4c7-vw7dk   1m    28Mi   
1777440806
websocket-server-56c97f4c7-c2h6g   2m    32Mi   
websocket-server-56c97f4c7-c9c7d   1m    29Mi   
websocket-server-56c97f4c7-cxhfx   1m    27Mi   
websocket-server-56c97f4c7-ldlq2   1m    30Mi   
websocket-server-56c97f4c7-rt6gt   5m    43Mi   
websocket-server-56c97f4c7-shbjs   2m    32Mi   
websocket-server-56c97f4c7-tv779   5m    43Mi   
websocket-server-56c97f4c7-vw7dk   1m    28Mi   
1777440811
websocket-server-56c97f4c7-c2h6g   2m    32Mi   
websocket-server-56c97f4c7-c9c7d   1m    29Mi   
websocket-server-56c97f4c7-cxhfx   1m    27Mi   
websocket-server-56c97f4c7-ldlq2   1m    30Mi   
websocket-server-56c97f4c7-rt6gt   4m    43Mi   
websocket-server-56c97f4c7-shbjs   2m    31Mi   
websocket-server-56c97f4c7-tv779   5m    43Mi   
websocket-server-56c97f4c7-vw7dk   1m    28Mi   
1777440816
websocket-server-56c97f4c7-c2h6g   2m    32Mi   
websocket-server-56c97f4c7-c9c7d   1m    29Mi   
websocket-server-56c97f4c7-cxhfx   1m    27Mi   
websocket-server-56c97f4c7-ldlq2   1m    30Mi   
websocket-server-56c97f4c7-rt6gt   4m    43Mi   
websocket-server-56c97f4c7-shbjs   2m    31Mi   
websocket-server-56c97f4c7-tv779   5m    43Mi   
websocket-server-56c97f4c7-vw7dk   1m    28Mi   
1777440821
websocket-server-56c97f4c7-c2h6g   2m    32Mi   
websocket-server-56c97f4c7-c9c7d   1m    29Mi   
websocket-server-56c97f4c7-cxhfx   1m    27Mi   
websocket-server-56c97f4c7-ldlq2   1m    30Mi   
websocket-server-56c97f4c7-rt6gt   4m    43Mi   
websocket-server-56c97f4c7-shbjs   2m    31Mi   
websocket-server-56c97f4c7-tv779   5m    43Mi   
websocket-server-56c97f4c7-vw7dk   1m    28Mi   
1777440826
websocket-server-56c97f4c7-c2h6g   2m    32Mi   
websocket-server-56c97f4c7-c9c7d   1m    29Mi   
websocket-server-56c97f4c7-cxhfx   1m    27Mi   
websocket-server-56c97f4c7-ldlq2   1m    30Mi   
websocket-server-56c97f4c7-rt6gt   5m    43Mi   
websocket-server-56c97f4c7-shbjs   2m    32Mi   
websocket-server-56c97f4c7-tv779   5m    43Mi   
websocket-server-56c97f4c7-vw7dk   1m    28Mi   
1777440831
websocket-server-56c97f4c7-c2h6g   2m    32Mi   
websocket-server-56c97f4c7-c9c7d   1m    29Mi   
websocket-server-56c97f4c7-cxhfx   1m    27Mi   
websocket-server-56c97f4c7-ldlq2   1m    30Mi   
websocket-server-56c97f4c7-rt6gt   5m    43Mi   
websocket-server-56c97f4c7-shbjs   2m    32Mi   
websocket-server-56c97f4c7-tv779   5m    43Mi   
websocket-server-56c97f4c7-vw7dk   1m    28Mi   
1777440837
websocket-server-56c97f4c7-c2h6g   2m    32Mi   
websocket-server-56c97f4c7-c9c7d   1m    29Mi   
websocket-server-56c97f4c7-cxhfx   1m    27Mi   
websocket-server-56c97f4c7-ldlq2   1m    30Mi   
websocket-server-56c97f4c7-rt6gt   5m    43Mi   
websocket-server-56c97f4c7-shbjs   2m    32Mi   
websocket-server-56c97f4c7-tv779   5m    43Mi   
websocket-server-56c97f4c7-vw7dk   1m    28Mi   
1777440842
websocket-server-56c97f4c7-c2h6g   3m    32Mi   
websocket-server-56c97f4c7-c9c7d   2m    29Mi   
websocket-server-56c97f4c7-cxhfx   1m    27Mi   
websocket-server-56c97f4c7-ldlq2   4m    30Mi   
websocket-server-56c97f4c7-rt6gt   7m    42Mi   
websocket-server-56c97f4c7-shbjs   3m    31Mi   
websocket-server-56c97f4c7-tv779   10m   42Mi   
websocket-server-56c97f4c7-vw7dk   1m    28Mi   
1777440847
websocket-server-56c97f4c7-c2h6g   3m    32Mi   
websocket-server-56c97f4c7-c9c7d   2m    29Mi   
websocket-server-56c97f4c7-cxhfx   1m    27Mi   
websocket-server-56c97f4c7-ldlq2   4m    30Mi   
websocket-server-56c97f4c7-rt6gt   7m    42Mi   
websocket-server-56c97f4c7-shbjs   3m    31Mi   
websocket-server-56c97f4c7-tv779   10m   42Mi   
websocket-server-56c97f4c7-vw7dk   1m    28Mi   
1777440852
websocket-server-56c97f4c7-c2h6g   3m    32Mi   
websocket-server-56c97f4c7-c9c7d   2m    29Mi   
websocket-server-56c97f4c7-cxhfx   1m    27Mi   
websocket-server-56c97f4c7-ldlq2   4m    30Mi   
websocket-server-56c97f4c7-rt6gt   7m    42Mi   
websocket-server-56c97f4c7-shbjs   3m    31Mi   
websocket-server-56c97f4c7-tv779   10m   42Mi   
websocket-server-56c97f4c7-vw7dk   1m    28Mi   
1777440857
websocket-server-56c97f4c7-c2h6g   1m    32Mi   
websocket-server-56c97f4c7-c9c7d   1m    29Mi   
websocket-server-56c97f4c7-cxhfx   1m    27Mi   
websocket-server-56c97f4c7-ldlq2   1m    30Mi   
websocket-server-56c97f4c7-rt6gt   1m    42Mi   
websocket-server-56c97f4c7-shbjs   1m    31Mi   
websocket-server-56c97f4c7-tv779   1m    42Mi   
websocket-server-56c97f4c7-vw7dk   1m    28Mi   
1777440862
websocket-server-56c97f4c7-c2h6g   1m    32Mi   
websocket-server-56c97f4c7-c9c7d   1m    29Mi   
websocket-server-56c97f4c7-cxhfx   1m    27Mi   
websocket-server-56c97f4c7-ldlq2   1m    30Mi   
websocket-server-56c97f4c7-rt6gt   1m    42Mi   
websocket-server-56c97f4c7-shbjs   1m    31Mi   
websocket-server-56c97f4c7-tv779   1m    42Mi   
websocket-server-56c97f4c7-vw7dk   1m    28Mi   
1777440867
websocket-server-56c97f4c7-c2h6g   1m    32Mi   
websocket-server-56c97f4c7-c9c7d   1m    29Mi   
websocket-server-56c97f4c7-cxhfx   1m    27Mi   
websocket-server-56c97f4c7-ldlq2   1m    30Mi   
websocket-server-56c97f4c7-rt6gt   1m    42Mi   
websocket-server-56c97f4c7-shbjs   1m    31Mi   
websocket-server-56c97f4c7-tv779   1m    42Mi   
websocket-server-56c97f4c7-vw7dk   1m    28Mi   
1777440872
websocket-server-56c97f4c7-c2h6g   1m    32Mi   
websocket-server-56c97f4c7-c9c7d   1m    29Mi   
websocket-server-56c97f4c7-cxhfx   1m    27Mi   
websocket-server-56c97f4c7-ldlq2   1m    30Mi   
websocket-server-56c97f4c7-rt6gt   1m    42Mi   
websocket-server-56c97f4c7-shbjs   1m    31Mi   
websocket-server-56c97f4c7-tv779   1m    42Mi   
websocket-server-56c97f4c7-vw7dk   1m    28Mi   
1777440877
websocket-server-56c97f4c7-c2h6g   1m    32Mi   
websocket-server-56c97f4c7-c9c7d   1m    29Mi   
websocket-server-56c97f4c7-cxhfx   1m    27Mi   
websocket-server-56c97f4c7-ldlq2   1m    30Mi   
websocket-server-56c97f4c7-rt6gt   1m    42Mi   
websocket-server-56c97f4c7-shbjs   1m    31Mi   
websocket-server-56c97f4c7-tv779   1m    42Mi   
websocket-server-56c97f4c7-vw7dk   1m    28Mi   
1777440882
websocket-server-56c97f4c7-c2h6g   1m    32Mi   
websocket-server-56c97f4c7-c9c7d   1m    29Mi   
websocket-server-56c97f4c7-cxhfx   1m    27Mi   
websocket-server-56c97f4c7-ldlq2   1m    30Mi   
websocket-server-56c97f4c7-rt6gt   1m    42Mi   
websocket-server-56c97f4c7-shbjs   1m    31Mi   
websocket-server-56c97f4c7-tv779   1m    42Mi   
websocket-server-56c97f4c7-vw7dk   1m    28Mi   
1777440887
websocket-server-56c97f4c7-c2h6g   1m    32Mi   
websocket-server-56c97f4c7-c9c7d   1m    29Mi   
websocket-server-56c97f4c7-cxhfx   1m    27Mi   
websocket-server-56c97f4c7-ldlq2   0m    30Mi   
websocket-server-56c97f4c7-rt6gt   1m    42Mi   
websocket-server-56c97f4c7-shbjs   1m    31Mi   
websocket-server-56c97f4c7-tv779   1m    42Mi   
websocket-server-56c97f4c7-vw7dk   1m    28Mi   
1777440892
websocket-server-56c97f4c7-c2h6g   1m    32Mi   
websocket-server-56c97f4c7-c9c7d   1m    29Mi   
websocket-server-56c97f4c7-cxhfx   1m    27Mi   
websocket-server-56c97f4c7-ldlq2   0m    30Mi   
websocket-server-56c97f4c7-rt6gt   1m    42Mi   
websocket-server-56c97f4c7-shbjs   1m    31Mi   
websocket-server-56c97f4c7-tv779   1m    42Mi   
websocket-server-56c97f4c7-vw7dk   1m    28Mi   
1777440897
websocket-server-56c97f4c7-c2h6g   1m    32Mi   
websocket-server-56c97f4c7-c9c7d   1m    29Mi   
websocket-server-56c97f4c7-cxhfx   1m    27Mi   
websocket-server-56c97f4c7-ldlq2   0m    30Mi   
websocket-server-56c97f4c7-rt6gt   1m    42Mi   
websocket-server-56c97f4c7-shbjs   1m    31Mi   
websocket-server-56c97f4c7-tv779   1m    42Mi   
websocket-server-56c97f4c7-vw7dk   1m    28Mi   
1777440902
websocket-server-56c97f4c7-c2h6g   1m    32Mi   
websocket-server-56c97f4c7-c9c7d   2m    30Mi   
websocket-server-56c97f4c7-cxhfx   1m    28Mi   
websocket-server-56c97f4c7-ldlq2   1m    31Mi   
websocket-server-56c97f4c7-rt6gt   2m    42Mi   
websocket-server-56c97f4c7-shbjs   1m    33Mi   
websocket-server-56c97f4c7-tv779   1m    43Mi   
websocket-server-56c97f4c7-vw7dk   1m    29Mi   
1777440907
websocket-server-56c97f4c7-c2h6g   1m    32Mi   
websocket-server-56c97f4c7-c9c7d   2m    30Mi   
websocket-server-56c97f4c7-cxhfx   1m    28Mi   
websocket-server-56c97f4c7-ldlq2   1m    31Mi   
websocket-server-56c97f4c7-rt6gt   2m    42Mi   
websocket-server-56c97f4c7-shbjs   1m    33Mi   
websocket-server-56c97f4c7-tv779   1m    43Mi   
websocket-server-56c97f4c7-vw7dk   1m    29Mi   
1777440912
websocket-server-56c97f4c7-c2h6g   1m    32Mi   
websocket-server-56c97f4c7-c9c7d   2m    30Mi   
websocket-server-56c97f4c7-cxhfx   1m    28Mi   
websocket-server-56c97f4c7-ldlq2   1m    31Mi   
websocket-server-56c97f4c7-rt6gt   2m    42Mi   
websocket-server-56c97f4c7-shbjs   1m    33Mi   
websocket-server-56c97f4c7-tv779   1m    43Mi   
websocket-server-56c97f4c7-vw7dk   1m    29Mi   
1777440917
websocket-server-56c97f4c7-c2h6g   2m    32Mi   
websocket-server-56c97f4c7-c9c7d   2m    30Mi   
websocket-server-56c97f4c7-cxhfx   2m    28Mi   
websocket-server-56c97f4c7-ldlq2   3m    32Mi   
websocket-server-56c97f4c7-rt6gt   2m    42Mi   
websocket-server-56c97f4c7-shbjs   3m    33Mi   
websocket-server-56c97f4c7-tv779   2m    43Mi   
websocket-server-56c97f4c7-vw7dk   2m    29Mi   
1777440922
websocket-server-56c97f4c7-c2h6g   2m    32Mi   
websocket-server-56c97f4c7-c9c7d   2m    30Mi   
websocket-server-56c97f4c7-cxhfx   2m    28Mi   
websocket-server-56c97f4c7-ldlq2   3m    32Mi   
websocket-server-56c97f4c7-rt6gt   2m    42Mi   
websocket-server-56c97f4c7-shbjs   3m    33Mi   
websocket-server-56c97f4c7-tv779   2m    43Mi   
websocket-server-56c97f4c7-vw7dk   2m    29Mi   
1777440927
websocket-server-56c97f4c7-c2h6g   2m    32Mi   
websocket-server-56c97f4c7-c9c7d   2m    30Mi   
websocket-server-56c97f4c7-cxhfx   2m    28Mi   
websocket-server-56c97f4c7-ldlq2   3m    32Mi   
websocket-server-56c97f4c7-rt6gt   2m    42Mi   
websocket-server-56c97f4c7-shbjs   3m    33Mi   
websocket-server-56c97f4c7-tv779   2m    43Mi   
websocket-server-56c97f4c7-vw7dk   2m    29Mi   
1777440932
websocket-server-56c97f4c7-c2h6g   3m    33Mi   
websocket-server-56c97f4c7-c9c7d   2m    31Mi   
websocket-server-56c97f4c7-cxhfx   2m    29Mi   
websocket-server-56c97f4c7-ldlq2   3m    33Mi   
websocket-server-56c97f4c7-rt6gt   3m    43Mi   
websocket-server-56c97f4c7-shbjs   3m    33Mi   
websocket-server-56c97f4c7-tv779   3m    45Mi   
websocket-server-56c97f4c7-vw7dk   2m    29Mi   
1777440937
websocket-server-56c97f4c7-c2h6g   3m    33Mi   
websocket-server-56c97f4c7-c9c7d   2m    31Mi   
websocket-server-56c97f4c7-cxhfx   2m    29Mi   
websocket-server-56c97f4c7-ldlq2   3m    33Mi   
websocket-server-56c97f4c7-rt6gt   3m    43Mi   
websocket-server-56c97f4c7-shbjs   3m    33Mi   
websocket-server-56c97f4c7-tv779   3m    45Mi   
websocket-server-56c97f4c7-vw7dk   2m    29Mi   
1777440942
websocket-server-56c97f4c7-c2h6g   3m    33Mi   
websocket-server-56c97f4c7-c9c7d   2m    31Mi   
websocket-server-56c97f4c7-cxhfx   2m    29Mi   
websocket-server-56c97f4c7-ldlq2   3m    33Mi   
websocket-server-56c97f4c7-rt6gt   3m    43Mi   
websocket-server-56c97f4c7-shbjs   3m    33Mi   
websocket-server-56c97f4c7-tv779   3m    45Mi   
websocket-server-56c97f4c7-vw7dk   2m    29Mi   
1777440948
websocket-server-56c97f4c7-c2h6g   4m    33Mi   
websocket-server-56c97f4c7-c9c7d   3m    32Mi   
websocket-server-56c97f4c7-cxhfx   3m    30Mi   
websocket-server-56c97f4c7-ldlq2   4m    34Mi   
websocket-server-56c97f4c7-rt6gt   4m    43Mi   
websocket-server-56c97f4c7-shbjs   4m    33Mi   
websocket-server-56c97f4c7-tv779   4m    46Mi   
websocket-server-56c97f4c7-vw7dk   4m    31Mi   
1777440953
websocket-server-56c97f4c7-c2h6g   4m    33Mi   
websocket-server-56c97f4c7-c9c7d   3m    32Mi   
websocket-server-56c97f4c7-cxhfx   3m    30Mi   
websocket-server-56c97f4c7-ldlq2   4m    34Mi   
websocket-server-56c97f4c7-rt6gt   4m    43Mi   
websocket-server-56c97f4c7-shbjs   4m    33Mi   
websocket-server-56c97f4c7-tv779   4m    46Mi   
websocket-server-56c97f4c7-vw7dk   4m    31Mi   
1777440958
websocket-server-56c97f4c7-c2h6g   4m    33Mi   
websocket-server-56c97f4c7-c9c7d   3m    32Mi   
websocket-server-56c97f4c7-cxhfx   3m    30Mi   
websocket-server-56c97f4c7-ldlq2   4m    34Mi   
websocket-server-56c97f4c7-rt6gt   4m    43Mi   
websocket-server-56c97f4c7-shbjs   4m    33Mi   
websocket-server-56c97f4c7-tv779   4m    46Mi   
websocket-server-56c97f4c7-vw7dk   4m    31Mi   
1777440963
websocket-server-56c97f4c7-c2h6g   4m    33Mi   
websocket-server-56c97f4c7-c9c7d   5m    33Mi   
websocket-server-56c97f4c7-cxhfx   4m    32Mi   
websocket-server-56c97f4c7-ldlq2   4m    33Mi   
websocket-server-56c97f4c7-rt6gt   5m    43Mi   
websocket-server-56c97f4c7-shbjs   5m    33Mi   
websocket-server-56c97f4c7-tv779   5m    47Mi   
websocket-server-56c97f4c7-vw7dk   6m    33Mi   
1777440968
websocket-server-56c97f4c7-c2h6g   4m    33Mi   
websocket-server-56c97f4c7-c9c7d   5m    33Mi   
websocket-server-56c97f4c7-cxhfx   4m    32Mi   
websocket-server-56c97f4c7-ldlq2   4m    33Mi   
websocket-server-56c97f4c7-rt6gt   5m    43Mi   
websocket-server-56c97f4c7-shbjs   5m    33Mi   
websocket-server-56c97f4c7-tv779   5m    47Mi   
websocket-server-56c97f4c7-vw7dk   6m    33Mi   
1777440973
websocket-server-56c97f4c7-c2h6g   4m    33Mi   
websocket-server-56c97f4c7-c9c7d   5m    33Mi   
websocket-server-56c97f4c7-cxhfx   4m    32Mi   
websocket-server-56c97f4c7-ldlq2   4m    33Mi   
websocket-server-56c97f4c7-rt6gt   5m    43Mi   
websocket-server-56c97f4c7-shbjs   5m    33Mi   
websocket-server-56c97f4c7-tv779   5m    47Mi   
websocket-server-56c97f4c7-vw7dk   6m    33Mi   
1777440978
websocket-server-56c97f4c7-c9c7d   6m    34Mi   
websocket-server-56c97f4c7-cxhfx   6m    33Mi   
websocket-server-56c97f4c7-fp7j8   1m    28Mi   
websocket-server-56c97f4c7-rt6gt   6m    43Mi   
websocket-server-56c97f4c7-shbjs   5m    35Mi   
websocket-server-56c97f4c7-tv779   6m    48Mi   
websocket-server-56c97f4c7-vw7dk   6m    34Mi   
1777440983
websocket-server-56c97f4c7-c9c7d   6m    34Mi   
websocket-server-56c97f4c7-cxhfx   6m    33Mi   
websocket-server-56c97f4c7-fp7j8   1m    28Mi   
websocket-server-56c97f4c7-rt6gt   6m    43Mi   
websocket-server-56c97f4c7-shbjs   5m    35Mi   
websocket-server-56c97f4c7-tv779   6m    48Mi   
websocket-server-56c97f4c7-vw7dk   6m    34Mi   
1777440988
websocket-server-56c97f4c7-c9c7d   6m    34Mi   
websocket-server-56c97f4c7-cxhfx   6m    33Mi   
websocket-server-56c97f4c7-fp7j8   1m    28Mi   
websocket-server-56c97f4c7-rt6gt   6m    43Mi   
websocket-server-56c97f4c7-shbjs   5m    35Mi   
websocket-server-56c97f4c7-tv779   6m    48Mi   
websocket-server-56c97f4c7-vw7dk   6m    34Mi   
1777440993
websocket-server-56c97f4c7-8slqj   2m    28Mi   
websocket-server-56c97f4c7-c9c7d   7m    35Mi   
websocket-server-56c97f4c7-cxhfx   7m    34Mi   
websocket-server-56c97f4c7-fp7j8   1m    28Mi   
websocket-server-56c97f4c7-rt6gt   7m    44Mi   
websocket-server-56c97f4c7-shbjs   7m    36Mi   
websocket-server-56c97f4c7-tv779   8m    49Mi   
websocket-server-56c97f4c7-vw7dk   7m    34Mi   
1777440998
websocket-server-56c97f4c7-8slqj   2m    28Mi   
websocket-server-56c97f4c7-c9c7d   7m    35Mi   
websocket-server-56c97f4c7-cxhfx   7m    34Mi   
websocket-server-56c97f4c7-fp7j8   1m    28Mi   
websocket-server-56c97f4c7-rt6gt   7m    44Mi   
websocket-server-56c97f4c7-shbjs   7m    36Mi   
websocket-server-56c97f4c7-tv779   8m    49Mi   
websocket-server-56c97f4c7-vw7dk   7m    34Mi   
1777441003
websocket-server-56c97f4c7-8slqj   2m    28Mi   
websocket-server-56c97f4c7-c9c7d   7m    35Mi   
websocket-server-56c97f4c7-cxhfx   7m    34Mi   
websocket-server-56c97f4c7-fp7j8   1m    28Mi   
websocket-server-56c97f4c7-rt6gt   7m    44Mi   
websocket-server-56c97f4c7-shbjs   7m    36Mi   
websocket-server-56c97f4c7-tv779   8m    49Mi   
websocket-server-56c97f4c7-vw7dk   7m    34Mi   
1777441008
websocket-server-56c97f4c7-8slqj   1m    28Mi   
websocket-server-56c97f4c7-c9c7d   6m    35Mi   
websocket-server-56c97f4c7-cxhfx   7m    34Mi   
websocket-server-56c97f4c7-dg2fj   0m    27Mi   
websocket-server-56c97f4c7-fp7j8   2m    28Mi   
websocket-server-56c97f4c7-rt6gt   7m    43Mi   
websocket-server-56c97f4c7-shbjs   6m    36Mi   
websocket-server-56c97f4c7-tv779   7m    49Mi   
websocket-server-56c97f4c7-vw7dk   7m    35Mi   
1777441013
websocket-server-56c97f4c7-8slqj   1m    28Mi   
websocket-server-56c97f4c7-c9c7d   6m    35Mi   
websocket-server-56c97f4c7-cxhfx   7m    34Mi   
websocket-server-56c97f4c7-dg2fj   0m    27Mi   
websocket-server-56c97f4c7-fp7j8   2m    28Mi   
websocket-server-56c97f4c7-rt6gt   7m    43Mi   
websocket-server-56c97f4c7-shbjs   6m    36Mi   
websocket-server-56c97f4c7-tv779   7m    49Mi   
websocket-server-56c97f4c7-vw7dk   7m    35Mi   
1777441018
websocket-server-56c97f4c7-8slqj   1m    28Mi   
websocket-server-56c97f4c7-c9c7d   6m    35Mi   
websocket-server-56c97f4c7-cxhfx   7m    34Mi   
websocket-server-56c97f4c7-dg2fj   0m    27Mi   
websocket-server-56c97f4c7-fp7j8   2m    28Mi   
websocket-server-56c97f4c7-rt6gt   7m    43Mi   
websocket-server-56c97f4c7-shbjs   6m    36Mi   
websocket-server-56c97f4c7-tv779   7m    49Mi   
websocket-server-56c97f4c7-vw7dk   7m    35Mi   
1777441023
websocket-server-56c97f4c7-8slqj   1m    28Mi   
websocket-server-56c97f4c7-c9c7d   2m    35Mi   
websocket-server-56c97f4c7-cxhfx   5m    34Mi   
websocket-server-56c97f4c7-dg2fj   1m    27Mi   
websocket-server-56c97f4c7-fp7j8   1m    28Mi   
websocket-server-56c97f4c7-rt6gt   2m    43Mi   
websocket-server-56c97f4c7-shbjs   2m    36Mi   
websocket-server-56c97f4c7-tv779   5m    49Mi   
websocket-server-56c97f4c7-vw7dk   5m    34Mi   
1777441028
websocket-server-56c97f4c7-8slqj   1m    28Mi   
websocket-server-56c97f4c7-c9c7d   2m    35Mi   
websocket-server-56c97f4c7-cxhfx   5m    34Mi   
websocket-server-56c97f4c7-dg2fj   1m    27Mi   
websocket-server-56c97f4c7-fp7j8   1m    28Mi   
websocket-server-56c97f4c7-rt6gt   2m    43Mi   
websocket-server-56c97f4c7-shbjs   2m    36Mi   
websocket-server-56c97f4c7-tv779   5m    49Mi   
websocket-server-56c97f4c7-vw7dk   5m    34Mi   
1777441033
websocket-server-56c97f4c7-8slqj   1m    28Mi   
websocket-server-56c97f4c7-c9c7d   2m    35Mi   
websocket-server-56c97f4c7-cxhfx   5m    34Mi   
websocket-server-56c97f4c7-dg2fj   1m    27Mi   
websocket-server-56c97f4c7-fp7j8   1m    28Mi   
websocket-server-56c97f4c7-rt6gt   2m    43Mi   
websocket-server-56c97f4c7-shbjs   2m    36Mi   
websocket-server-56c97f4c7-tv779   5m    49Mi   
websocket-server-56c97f4c7-vw7dk   5m    34Mi   
1777441038
websocket-server-56c97f4c7-8slqj   1m    28Mi   
websocket-server-56c97f4c7-c9c7d   2m    36Mi   
websocket-server-56c97f4c7-cxhfx   2m    34Mi   
websocket-server-56c97f4c7-dg2fj   1m    27Mi   
websocket-server-56c97f4c7-fp7j8   1m    28Mi   
websocket-server-56c97f4c7-rt6gt   2m    44Mi   
websocket-server-56c97f4c7-shbjs   2m    36Mi   
websocket-server-56c97f4c7-tv779   2m    49Mi   
websocket-server-56c97f4c7-vw7dk   2m    35Mi   
1777441043
websocket-server-56c97f4c7-8slqj   1m    28Mi   
websocket-server-56c97f4c7-c9c7d   2m    36Mi   
websocket-server-56c97f4c7-cxhfx   2m    34Mi   
websocket-server-56c97f4c7-dg2fj   1m    27Mi   
websocket-server-56c97f4c7-fp7j8   1m    28Mi   
websocket-server-56c97f4c7-rt6gt   2m    44Mi   
websocket-server-56c97f4c7-shbjs   2m    36Mi   
websocket-server-56c97f4c7-tv779   2m    49Mi   
websocket-server-56c97f4c7-vw7dk   2m    35Mi   
1777441048
websocket-server-56c97f4c7-8slqj   1m    28Mi   
websocket-server-56c97f4c7-c9c7d   2m    36Mi   
websocket-server-56c97f4c7-cxhfx   2m    34Mi   
websocket-server-56c97f4c7-dg2fj   1m    27Mi   
websocket-server-56c97f4c7-fp7j8   1m    28Mi   
websocket-server-56c97f4c7-rt6gt   2m    44Mi   
websocket-server-56c97f4c7-shbjs   2m    36Mi   
websocket-server-56c97f4c7-tv779   2m    49Mi   
websocket-server-56c97f4c7-vw7dk   2m    35Mi   
1777441053
websocket-server-56c97f4c7-8slqj   1m    28Mi   
websocket-server-56c97f4c7-c9c7d   2m    35Mi   
websocket-server-56c97f4c7-cxhfx   2m    34Mi   
websocket-server-56c97f4c7-dg2fj   1m    27Mi   
websocket-server-56c97f4c7-fp7j8   1m    28Mi   
websocket-server-56c97f4c7-rt6gt   2m    43Mi   
websocket-server-56c97f4c7-shbjs   2m    36Mi   
websocket-server-56c97f4c7-tv779   2m    49Mi   
websocket-server-56c97f4c7-vw7dk   2m    35Mi   
1777441058
websocket-server-56c97f4c7-8slqj   1m    28Mi   
websocket-server-56c97f4c7-c9c7d   2m    35Mi   
websocket-server-56c97f4c7-cxhfx   2m    34Mi   
websocket-server-56c97f4c7-dg2fj   1m    27Mi   
websocket-server-56c97f4c7-fp7j8   1m    28Mi   
websocket-server-56c97f4c7-rt6gt   2m    43Mi   
websocket-server-56c97f4c7-shbjs   2m    36Mi   
websocket-server-56c97f4c7-tv779   2m    49Mi   
websocket-server-56c97f4c7-vw7dk   2m    35Mi   
1777441064
websocket-server-56c97f4c7-8slqj   1m    28Mi   
websocket-server-56c97f4c7-c9c7d   2m    35Mi   
websocket-server-56c97f4c7-cxhfx   2m    34Mi   
websocket-server-56c97f4c7-dg2fj   1m    27Mi   
websocket-server-56c97f4c7-fp7j8   1m    28Mi   
websocket-server-56c97f4c7-rt6gt   2m    43Mi   
websocket-server-56c97f4c7-shbjs   2m    36Mi   
websocket-server-56c97f4c7-tv779   2m    49Mi   
websocket-server-56c97f4c7-vw7dk   2m    35Mi   
1777441069
websocket-server-56c97f4c7-8slqj   2m    28Mi   
websocket-server-56c97f4c7-c9c7d   6m    35Mi   
websocket-server-56c97f4c7-cxhfx   2m    34Mi   
websocket-server-56c97f4c7-dg2fj   1m    27Mi   
websocket-server-56c97f4c7-fp7j8   1m    28Mi   
websocket-server-56c97f4c7-rt6gt   2m    44Mi   
websocket-server-56c97f4c7-shbjs   7m    35Mi   
websocket-server-56c97f4c7-tv779   6m    49Mi   
websocket-server-56c97f4c7-vw7dk   3m    35Mi   
1777441074
websocket-server-56c97f4c7-8slqj   2m    28Mi   
websocket-server-56c97f4c7-c9c7d   6m    35Mi   
websocket-server-56c97f4c7-cxhfx   2m    34Mi   
websocket-server-56c97f4c7-dg2fj   1m    27Mi   
websocket-server-56c97f4c7-fp7j8   1m    28Mi   
websocket-server-56c97f4c7-rt6gt   2m    44Mi   
websocket-server-56c97f4c7-shbjs   7m    35Mi   
websocket-server-56c97f4c7-tv779   6m    49Mi   
websocket-server-56c97f4c7-vw7dk   3m    35Mi   
1777441079
websocket-server-56c97f4c7-8slqj   2m    28Mi   
websocket-server-56c97f4c7-c9c7d   6m    35Mi   
websocket-server-56c97f4c7-cxhfx   2m    34Mi   
websocket-server-56c97f4c7-dg2fj   1m    27Mi   
websocket-server-56c97f4c7-fp7j8   1m    28Mi   
websocket-server-56c97f4c7-rt6gt   2m    44Mi   
websocket-server-56c97f4c7-shbjs   7m    35Mi   
websocket-server-56c97f4c7-tv779   6m    49Mi   
websocket-server-56c97f4c7-vw7dk   3m    35Mi   
1777441084
websocket-server-56c97f4c7-8slqj   2m    28Mi   
websocket-server-56c97f4c7-c9c7d   6m    35Mi   
websocket-server-56c97f4c7-cxhfx   5m    34Mi   
websocket-server-56c97f4c7-dg2fj   1m    27Mi   
websocket-server-56c97f4c7-fp7j8   1m    28Mi   
websocket-server-56c97f4c7-rt6gt   6m    43Mi   
websocket-server-56c97f4c7-shbjs   1m    35Mi   
websocket-server-56c97f4c7-tv779   1m    49Mi   
websocket-server-56c97f4c7-vw7dk   5m    34Mi   
1777441089
websocket-server-56c97f4c7-8slqj   2m    28Mi   
websocket-server-56c97f4c7-c9c7d   6m    35Mi   
websocket-server-56c97f4c7-cxhfx   5m    34Mi   
websocket-server-56c97f4c7-dg2fj   1m    27Mi   
websocket-server-56c97f4c7-fp7j8   1m    28Mi   
websocket-server-56c97f4c7-rt6gt   6m    43Mi   
websocket-server-56c97f4c7-shbjs   1m    35Mi   
websocket-server-56c97f4c7-tv779   1m    49Mi   
websocket-server-56c97f4c7-vw7dk   5m    34Mi   
1777441094
websocket-server-56c97f4c7-8slqj   2m    28Mi   
websocket-server-56c97f4c7-c9c7d   6m    35Mi   
websocket-server-56c97f4c7-cxhfx   5m    34Mi   
websocket-server-56c97f4c7-dg2fj   1m    27Mi   
websocket-server-56c97f4c7-fp7j8   1m    28Mi   
websocket-server-56c97f4c7-rt6gt   6m    43Mi   
websocket-server-56c97f4c7-shbjs   1m    35Mi   
websocket-server-56c97f4c7-tv779   1m    49Mi   
websocket-server-56c97f4c7-vw7dk   5m    34Mi   
1777441099
websocket-server-56c97f4c7-8slqj   1m    28Mi   
websocket-server-56c97f4c7-c9c7d   1m    35Mi   
websocket-server-56c97f4c7-cxhfx   1m    34Mi   
websocket-server-56c97f4c7-dg2fj   1m    27Mi   
websocket-server-56c97f4c7-fp7j8   1m    28Mi   
websocket-server-56c97f4c7-rt6gt   0m    43Mi   
websocket-server-56c97f4c7-shbjs   0m    35Mi   
websocket-server-56c97f4c7-tv779   1m    49Mi   
websocket-server-56c97f4c7-vw7dk   0m    34Mi   
1777441104
websocket-server-56c97f4c7-8slqj   1m    28Mi   
websocket-server-56c97f4c7-c9c7d   1m    35Mi   
websocket-server-56c97f4c7-cxhfx   1m    34Mi   
websocket-server-56c97f4c7-dg2fj   1m    27Mi   
websocket-server-56c97f4c7-fp7j8   1m    28Mi   
websocket-server-56c97f4c7-rt6gt   0m    43Mi   
websocket-server-56c97f4c7-shbjs   0m    35Mi   
websocket-server-56c97f4c7-tv779   1m    49Mi   
websocket-server-56c97f4c7-vw7dk   0m    34Mi   
1777441109
websocket-server-56c97f4c7-8slqj   1m    28Mi   
websocket-server-56c97f4c7-c9c7d   1m    35Mi   
websocket-server-56c97f4c7-cxhfx   1m    34Mi   
websocket-server-56c97f4c7-dg2fj   1m    27Mi   
websocket-server-56c97f4c7-fp7j8   1m    28Mi   
websocket-server-56c97f4c7-rt6gt   0m    43Mi   
websocket-server-56c97f4c7-shbjs   0m    35Mi   
websocket-server-56c97f4c7-tv779   1m    49Mi   
websocket-server-56c97f4c7-vw7dk   0m    34Mi   
1777441114
websocket-server-56c97f4c7-8slqj   1m    28Mi   
websocket-server-56c97f4c7-c9c7d   1m    35Mi   
websocket-server-56c97f4c7-cxhfx   1m    34Mi   
websocket-server-56c97f4c7-dg2fj   1m    27Mi   
websocket-server-56c97f4c7-fp7j8   1m    28Mi   
websocket-server-56c97f4c7-rt6gt   1m    43Mi   
websocket-server-56c97f4c7-shbjs   0m    35Mi   
websocket-server-56c97f4c7-tv779   1m    49Mi   
websocket-server-56c97f4c7-vw7dk   0m    34Mi   
1777441119
websocket-server-56c97f4c7-8slqj   1m    28Mi   
websocket-server-56c97f4c7-c9c7d   1m    35Mi   
websocket-server-56c97f4c7-cxhfx   1m    34Mi   
websocket-server-56c97f4c7-dg2fj   1m    27Mi   
websocket-server-56c97f4c7-fp7j8   1m    28Mi   
websocket-server-56c97f4c7-rt6gt   1m    43Mi   
websocket-server-56c97f4c7-shbjs   0m    35Mi   
websocket-server-56c97f4c7-tv779   1m    49Mi   
websocket-server-56c97f4c7-vw7dk   0m    34Mi   
1777441124
websocket-server-56c97f4c7-8slqj   1m    28Mi   
websocket-server-56c97f4c7-c9c7d   1m    35Mi   
websocket-server-56c97f4c7-cxhfx   1m    34Mi   
websocket-server-56c97f4c7-dg2fj   1m    27Mi   
websocket-server-56c97f4c7-fp7j8   1m    28Mi   
websocket-server-56c97f4c7-rt6gt   1m    43Mi   
websocket-server-56c97f4c7-shbjs   0m    35Mi   
websocket-server-56c97f4c7-tv779   1m    49Mi   
websocket-server-56c97f4c7-vw7dk   0m    34Mi   
1777441129
websocket-server-56c97f4c7-8slqj   1m    28Mi   
websocket-server-56c97f4c7-c9c7d   1m    35Mi   
websocket-server-56c97f4c7-cxhfx   1m    34Mi   
websocket-server-56c97f4c7-dg2fj   1m    27Mi   
websocket-server-56c97f4c7-fp7j8   1m    28Mi   
websocket-server-56c97f4c7-rt6gt   1m    43Mi   
websocket-server-56c97f4c7-shbjs   1m    35Mi   
websocket-server-56c97f4c7-tv779   1m    49Mi   
websocket-server-56c97f4c7-vw7dk   1m    34Mi   
1777441134
websocket-server-56c97f4c7-c9c7d   1m    35Mi   
websocket-server-56c97f4c7-cxhfx   1m    34Mi   
websocket-server-56c97f4c7-dg2fj   1m    27Mi   
websocket-server-56c97f4c7-fp7j8   1m    28Mi   
websocket-server-56c97f4c7-rt6gt   1m    43Mi   
websocket-server-56c97f4c7-shbjs   1m    35Mi   
websocket-server-56c97f4c7-tv779   1m    49Mi   
websocket-server-56c97f4c7-vw7dk   1m    34Mi   
1777441139
websocket-server-56c97f4c7-c9c7d   1m    35Mi   
websocket-server-56c97f4c7-cxhfx   1m    34Mi   
websocket-server-56c97f4c7-dg2fj   1m    27Mi   
websocket-server-56c97f4c7-fp7j8   1m    28Mi   
websocket-server-56c97f4c7-rt6gt   1m    43Mi   
websocket-server-56c97f4c7-shbjs   1m    35Mi   
websocket-server-56c97f4c7-tv779   1m    49Mi   
websocket-server-56c97f4c7-vw7dk   1m    34Mi   
1777441144
websocket-server-56c97f4c7-c9c7d   1m    35Mi   
websocket-server-56c97f4c7-cxhfx   1m    34Mi   
websocket-server-56c97f4c7-dg2fj   1m    27Mi   
websocket-server-56c97f4c7-fp7j8   1m    28Mi   
websocket-server-56c97f4c7-rt6gt   1m    43Mi   
websocket-server-56c97f4c7-shbjs   1m    35Mi   
websocket-server-56c97f4c7-tv779   1m    49Mi   
websocket-server-56c97f4c7-vw7dk   1m    34Mi   
1777441149
websocket-server-56c97f4c7-c9c7d   1m    35Mi   
websocket-server-56c97f4c7-cxhfx   1m    34Mi   
websocket-server-56c97f4c7-dg2fj   1m    27Mi   
websocket-server-56c97f4c7-fp7j8   1m    28Mi   
websocket-server-56c97f4c7-rt6gt   1m    43Mi   
websocket-server-56c97f4c7-shbjs   1m    35Mi   
websocket-server-56c97f4c7-tv779   1m    49Mi   
websocket-server-56c97f4c7-vw7dk   1m    34Mi   
1777441154
websocket-server-56c97f4c7-c9c7d   1m    35Mi   
websocket-server-56c97f4c7-cxhfx   1m    34Mi   
websocket-server-56c97f4c7-dg2fj   1m    27Mi   
websocket-server-56c97f4c7-fp7j8   1m    28Mi   
websocket-server-56c97f4c7-rt6gt   1m    43Mi   
websocket-server-56c97f4c7-shbjs   1m    35Mi   
websocket-server-56c97f4c7-tv779   1m    49Mi   
websocket-server-56c97f4c7-vw7dk   1m    34Mi   
1777441159
websocket-server-56c97f4c7-c9c7d   1m    35Mi   
websocket-server-56c97f4c7-cxhfx   1m    34Mi   
websocket-server-56c97f4c7-dg2fj   0m    27Mi   
websocket-server-56c97f4c7-fp7j8   1m    28Mi   
websocket-server-56c97f4c7-rt6gt   1m    43Mi   
websocket-server-56c97f4c7-shbjs   1m    35Mi   
websocket-server-56c97f4c7-tv779   1m    49Mi   
websocket-server-56c97f4c7-vw7dk   1m    34Mi   
1777441164
websocket-server-56c97f4c7-c9c7d   1m    35Mi   
websocket-server-56c97f4c7-cxhfx   1m    34Mi   
websocket-server-56c97f4c7-dg2fj   0m    27Mi   
websocket-server-56c97f4c7-fp7j8   1m    28Mi   
websocket-server-56c97f4c7-rt6gt   1m    43Mi   
websocket-server-56c97f4c7-shbjs   1m    35Mi   
websocket-server-56c97f4c7-tv779   1m    49Mi   
websocket-server-56c97f4c7-vw7dk   1m    34Mi   
1777441169
websocket-server-56c97f4c7-c9c7d   1m    35Mi   
websocket-server-56c97f4c7-cxhfx   1m    34Mi   
websocket-server-56c97f4c7-dg2fj   0m    27Mi   
websocket-server-56c97f4c7-fp7j8   1m    28Mi   
websocket-server-56c97f4c7-rt6gt   1m    43Mi   
websocket-server-56c97f4c7-shbjs   1m    35Mi   
websocket-server-56c97f4c7-tv779   1m    49Mi   
websocket-server-56c97f4c7-vw7dk   1m    34Mi   
1777441174
websocket-server-56c97f4c7-c9c7d   1m    35Mi   
websocket-server-56c97f4c7-cxhfx   1m    34Mi   
websocket-server-56c97f4c7-dg2fj   1m    27Mi   
websocket-server-56c97f4c7-fp7j8   1m    28Mi   
websocket-server-56c97f4c7-rt6gt   1m    43Mi   
websocket-server-56c97f4c7-shbjs   1m    35Mi   
websocket-server-56c97f4c7-tv779   1m    49Mi   
websocket-server-56c97f4c7-vw7dk   1m    34Mi   
1777441179
websocket-server-56c97f4c7-c9c7d   1m    35Mi   
websocket-server-56c97f4c7-cxhfx   1m    34Mi   
websocket-server-56c97f4c7-dg2fj   1m    27Mi   
websocket-server-56c97f4c7-fp7j8   1m    28Mi   
websocket-server-56c97f4c7-rt6gt   1m    43Mi   
websocket-server-56c97f4c7-shbjs   1m    35Mi   
websocket-server-56c97f4c7-tv779   1m    49Mi   
websocket-server-56c97f4c7-vw7dk   1m    34Mi   
1777441185
websocket-server-56c97f4c7-c9c7d   1m    35Mi   
websocket-server-56c97f4c7-cxhfx   1m    34Mi   
websocket-server-56c97f4c7-dg2fj   1m    27Mi   
websocket-server-56c97f4c7-fp7j8   1m    28Mi   
websocket-server-56c97f4c7-rt6gt   1m    43Mi   
websocket-server-56c97f4c7-shbjs   1m    35Mi   
websocket-server-56c97f4c7-tv779   1m    49Mi   
websocket-server-56c97f4c7-vw7dk   1m    34Mi   
1777441190
websocket-server-56c97f4c7-c9c7d   1m    35Mi   
websocket-server-56c97f4c7-cxhfx   1m    34Mi   
websocket-server-56c97f4c7-dg2fj   1m    27Mi   
websocket-server-56c97f4c7-fp7j8   1m    28Mi   
websocket-server-56c97f4c7-rt6gt   1m    43Mi   
websocket-server-56c97f4c7-shbjs   1m    35Mi   
websocket-server-56c97f4c7-tv779   1m    49Mi   
websocket-server-56c97f4c7-vw7dk   1m    34Mi   
1777441195
websocket-server-56c97f4c7-c9c7d   1m    35Mi   
websocket-server-56c97f4c7-cxhfx   1m    34Mi   
websocket-server-56c97f4c7-dg2fj   1m    27Mi   
websocket-server-56c97f4c7-fp7j8   1m    28Mi   
websocket-server-56c97f4c7-rt6gt   1m    43Mi   
websocket-server-56c97f4c7-shbjs   1m    35Mi   
websocket-server-56c97f4c7-tv779   1m    49Mi   
websocket-server-56c97f4c7-vw7dk   1m    34Mi   
1777441200
websocket-server-56c97f4c7-c9c7d   1m    35Mi   
websocket-server-56c97f4c7-cxhfx   1m    34Mi   
websocket-server-56c97f4c7-dg2fj   1m    27Mi   
websocket-server-56c97f4c7-fp7j8   1m    28Mi   
websocket-server-56c97f4c7-rt6gt   1m    43Mi   
websocket-server-56c97f4c7-shbjs   1m    35Mi   
websocket-server-56c97f4c7-tv779   1m    49Mi   
websocket-server-56c97f4c7-vw7dk   1m    34Mi   
1777441205
websocket-server-56c97f4c7-c9c7d   1m    35Mi   
websocket-server-56c97f4c7-cxhfx   1m    34Mi   
websocket-server-56c97f4c7-dg2fj   1m    27Mi   
websocket-server-56c97f4c7-fp7j8   1m    28Mi   
websocket-server-56c97f4c7-rt6gt   1m    43Mi   
websocket-server-56c97f4c7-shbjs   1m    35Mi   
websocket-server-56c97f4c7-tv779   1m    49Mi   
websocket-server-56c97f4c7-vw7dk   1m    34Mi   
1777441210
websocket-server-56c97f4c7-c9c7d   1m    35Mi   
websocket-server-56c97f4c7-cxhfx   1m    34Mi   
websocket-server-56c97f4c7-dg2fj   1m    27Mi   
websocket-server-56c97f4c7-fp7j8   1m    28Mi   
websocket-server-56c97f4c7-rt6gt   1m    43Mi   
websocket-server-56c97f4c7-shbjs   1m    35Mi   
websocket-server-56c97f4c7-tv779   1m    49Mi   
websocket-server-56c97f4c7-vw7dk   1m    34Mi   
1777441215
websocket-server-56c97f4c7-c9c7d   1m    35Mi   
websocket-server-56c97f4c7-cxhfx   1m    34Mi   
websocket-server-56c97f4c7-rt6gt   1m    43Mi   
websocket-server-56c97f4c7-shbjs   1m    35Mi   
websocket-server-56c97f4c7-tv779   1m    49Mi   
websocket-server-56c97f4c7-vw7dk   1m    34Mi   
1777441220
websocket-server-56c97f4c7-cxhfx   1m    34Mi   
websocket-server-56c97f4c7-rt6gt   1m    43Mi   
websocket-server-56c97f4c7-tv779   1m    49Mi   
websocket-server-56c97f4c7-vw7dk   1m    34Mi   
1777441225
websocket-server-56c97f4c7-rt6gt   1m    43Mi   
websocket-server-56c97f4c7-tv779   1m    49Mi   
