1781610617
websocket-server-56c97f4c7-6q5vs   1m    91Mi   
websocket-server-56c97f4c7-t7zg4   1m    79Mi   
1781610623
websocket-server-56c97f4c7-6q5vs   1m    91Mi   
websocket-server-56c97f4c7-t7zg4   1m    79Mi   
1781610628
websocket-server-56c97f4c7-6q5vs   0m    91Mi   
websocket-server-56c97f4c7-t7zg4   1m    79Mi   
1781610633
websocket-server-56c97f4c7-6q5vs   0m    91Mi   
websocket-server-56c97f4c7-t7zg4   1m    79Mi   
1781610638
websocket-server-56c97f4c7-6q5vs   0m    91Mi   
websocket-server-56c97f4c7-t7zg4   1m    79Mi   
1781610643
websocket-server-56c97f4c7-6q5vs   2m    91Mi   
websocket-server-56c97f4c7-t7zg4   2m    80Mi   
1781610648
websocket-server-56c97f4c7-6q5vs   2m    91Mi   
websocket-server-56c97f4c7-t7zg4   2m    80Mi   
1781610653
websocket-server-56c97f4c7-6q5vs   2m    91Mi   
websocket-server-56c97f4c7-t7zg4   2m    80Mi   
1781610658
websocket-server-56c97f4c7-6q5vs   9m    92Mi   
websocket-server-56c97f4c7-t7zg4   2m    80Mi   
1781610663
websocket-server-56c97f4c7-6q5vs   9m    92Mi   
websocket-server-56c97f4c7-t7zg4   2m    80Mi   
1781610668
websocket-server-56c97f4c7-6q5vs   9m    92Mi   
websocket-server-56c97f4c7-t7zg4   2m    80Mi   
1781610673
websocket-server-56c97f4c7-6q5vs   12m   93Mi   
websocket-server-56c97f4c7-t7zg4   11m   80Mi   
websocket-server-56c97f4c7-wg6s8   26m   29Mi   
1781610678
websocket-server-56c97f4c7-6q5vs   12m   93Mi   
websocket-server-56c97f4c7-t7zg4   11m   80Mi   
websocket-server-56c97f4c7-wg6s8   26m   29Mi   
1781610683
websocket-server-56c97f4c7-6q5vs   12m   93Mi   
websocket-server-56c97f4c7-t7zg4   11m   80Mi   
websocket-server-56c97f4c7-wg6s8   26m   29Mi   
1781610688
websocket-server-56c97f4c7-6q5vs   15m   92Mi   
websocket-server-56c97f4c7-t7zg4   15m   80Mi   
websocket-server-56c97f4c7-wg6s8   6m    29Mi   
websocket-server-56c97f4c7-zcsgs   24m   29Mi   
1781610693
websocket-server-56c97f4c7-6q5vs   15m   92Mi   
websocket-server-56c97f4c7-t7zg4   15m   80Mi   
websocket-server-56c97f4c7-wg6s8   6m    29Mi   
websocket-server-56c97f4c7-zcsgs   24m   29Mi   
1781610698
websocket-server-56c97f4c7-6q5vs   15m   92Mi   
websocket-server-56c97f4c7-t7zg4   15m   80Mi   
websocket-server-56c97f4c7-wg6s8   6m    29Mi   
websocket-server-56c97f4c7-zcsgs   24m   29Mi   
1781610703
websocket-server-56c97f4c7-5msck   23m   28Mi   
websocket-server-56c97f4c7-6q5vs   15m   92Mi   
websocket-server-56c97f4c7-t7zg4   16m   81Mi   
websocket-server-56c97f4c7-wg6s8   8m    33Mi   
websocket-server-56c97f4c7-zcsgs   3m    29Mi   
1781610708
websocket-server-56c97f4c7-5msck   23m   28Mi   
websocket-server-56c97f4c7-6q5vs   15m   92Mi   
websocket-server-56c97f4c7-t7zg4   16m   81Mi   
websocket-server-56c97f4c7-wg6s8   8m    33Mi   
websocket-server-56c97f4c7-zcsgs   3m    29Mi   
1781610713
websocket-server-56c97f4c7-5msck   23m   28Mi   
websocket-server-56c97f4c7-6q5vs   15m   92Mi   
websocket-server-56c97f4c7-t7zg4   16m   81Mi   
websocket-server-56c97f4c7-wg6s8   8m    33Mi   
websocket-server-56c97f4c7-zcsgs   3m    29Mi   
1781610719
websocket-server-56c97f4c7-5msck   22m   28Mi   
websocket-server-56c97f4c7-6q5vs   15m   93Mi   
websocket-server-56c97f4c7-9m9d7   2m    28Mi   
websocket-server-56c97f4c7-t7zg4   16m   81Mi   
websocket-server-56c97f4c7-wg6s8   9m    34Mi   
websocket-server-56c97f4c7-zcsgs   4m    29Mi   
1781610724
websocket-server-56c97f4c7-5msck   22m   28Mi   
websocket-server-56c97f4c7-6q5vs   15m   93Mi   
websocket-server-56c97f4c7-9m9d7   2m    28Mi   
websocket-server-56c97f4c7-t7zg4   16m   81Mi   
websocket-server-56c97f4c7-wg6s8   9m    34Mi   
websocket-server-56c97f4c7-zcsgs   4m    29Mi   
1781610729
websocket-server-56c97f4c7-5msck   22m   28Mi   
websocket-server-56c97f4c7-6q5vs   15m   93Mi   
websocket-server-56c97f4c7-9m9d7   2m    28Mi   
websocket-server-56c97f4c7-t7zg4   16m   81Mi   
websocket-server-56c97f4c7-wg6s8   9m    34Mi   
websocket-server-56c97f4c7-zcsgs   4m    29Mi   
1781610734
websocket-server-56c97f4c7-5msck   4m    30Mi   
websocket-server-56c97f4c7-6q5vs   16m   93Mi   
websocket-server-56c97f4c7-9m9d7   3m    29Mi   
websocket-server-56c97f4c7-nwg78   1m    28Mi   
websocket-server-56c97f4c7-t7zg4   17m   82Mi   
websocket-server-56c97f4c7-wg6s8   10m   36Mi   
websocket-server-56c97f4c7-zcsgs   7m    31Mi   
1781610739
websocket-server-56c97f4c7-5msck   4m    30Mi   
websocket-server-56c97f4c7-6q5vs   16m   93Mi   
websocket-server-56c97f4c7-9m9d7   3m    29Mi   
websocket-server-56c97f4c7-nwg78   1m    28Mi   
websocket-server-56c97f4c7-t7zg4   17m   82Mi   
websocket-server-56c97f4c7-wg6s8   10m   36Mi   
websocket-server-56c97f4c7-zcsgs   7m    31Mi   
1781610744
websocket-server-56c97f4c7-5msck   4m    30Mi   
websocket-server-56c97f4c7-6q5vs   16m   93Mi   
websocket-server-56c97f4c7-9m9d7   3m    29Mi   
websocket-server-56c97f4c7-nwg78   1m    28Mi   
websocket-server-56c97f4c7-t7zg4   17m   82Mi   
websocket-server-56c97f4c7-wg6s8   10m   36Mi   
websocket-server-56c97f4c7-zcsgs   7m    31Mi   
1781610749
websocket-server-56c97f4c7-5msck   4m    30Mi   
websocket-server-56c97f4c7-6q5vs   17m   93Mi   
websocket-server-56c97f4c7-9m9d7   2m    28Mi   
websocket-server-56c97f4c7-cs88w   1m    27Mi   
websocket-server-56c97f4c7-nwg78   2m    28Mi   
websocket-server-56c97f4c7-t7zg4   17m   82Mi   
websocket-server-56c97f4c7-wg6s8   10m   35Mi   
websocket-server-56c97f4c7-zcsgs   6m    31Mi   
1781610754
websocket-server-56c97f4c7-5msck   4m    30Mi   
websocket-server-56c97f4c7-6q5vs   17m   93Mi   
websocket-server-56c97f4c7-9m9d7   2m    28Mi   
websocket-server-56c97f4c7-cs88w   1m    27Mi   
websocket-server-56c97f4c7-nwg78   2m    28Mi   
websocket-server-56c97f4c7-t7zg4   17m   82Mi   
websocket-server-56c97f4c7-wg6s8   10m   35Mi   
websocket-server-56c97f4c7-zcsgs   6m    31Mi   
1781610759
websocket-server-56c97f4c7-5msck   4m    30Mi   
websocket-server-56c97f4c7-6q5vs   17m   93Mi   
websocket-server-56c97f4c7-9m9d7   2m    28Mi   
websocket-server-56c97f4c7-cs88w   1m    27Mi   
websocket-server-56c97f4c7-nwg78   2m    28Mi   
websocket-server-56c97f4c7-t7zg4   17m   82Mi   
websocket-server-56c97f4c7-wg6s8   10m   35Mi   
websocket-server-56c97f4c7-zcsgs   6m    31Mi   
1781610764
websocket-server-56c97f4c7-5msck   4m    30Mi   
websocket-server-56c97f4c7-6q5vs   17m   93Mi   
websocket-server-56c97f4c7-9m9d7   3m    29Mi   
websocket-server-56c97f4c7-cs88w   1m    27Mi   
websocket-server-56c97f4c7-nwg78   1m    28Mi   
websocket-server-56c97f4c7-t7zg4   11m   81Mi   
websocket-server-56c97f4c7-wg6s8   11m   35Mi   
websocket-server-56c97f4c7-zcsgs   6m    31Mi   
1781610769
websocket-server-56c97f4c7-5msck   4m    30Mi   
websocket-server-56c97f4c7-6q5vs   17m   93Mi   
websocket-server-56c97f4c7-9m9d7   3m    29Mi   
websocket-server-56c97f4c7-cs88w   1m    27Mi   
websocket-server-56c97f4c7-nwg78   1m    28Mi   
websocket-server-56c97f4c7-t7zg4   11m   81Mi   
websocket-server-56c97f4c7-wg6s8   11m   35Mi   
websocket-server-56c97f4c7-zcsgs   6m    31Mi   
1781610774
websocket-server-56c97f4c7-5msck   4m    30Mi   
websocket-server-56c97f4c7-6q5vs   17m   93Mi   
websocket-server-56c97f4c7-9m9d7   3m    29Mi   
websocket-server-56c97f4c7-cs88w   1m    27Mi   
websocket-server-56c97f4c7-nwg78   1m    28Mi   
websocket-server-56c97f4c7-t7zg4   11m   81Mi   
websocket-server-56c97f4c7-wg6s8   11m   35Mi   
websocket-server-56c97f4c7-zcsgs   6m    31Mi   
1781610779
websocket-server-56c97f4c7-5msck   2m    30Mi   
websocket-server-56c97f4c7-6q5vs   8m    93Mi   
websocket-server-56c97f4c7-9m9d7   1m    29Mi   
websocket-server-56c97f4c7-cs88w   1m    27Mi   
websocket-server-56c97f4c7-nwg78   1m    28Mi   
websocket-server-56c97f4c7-t7zg4   11m   81Mi   
websocket-server-56c97f4c7-wg6s8   4m    35Mi   
websocket-server-56c97f4c7-zcsgs   4m    31Mi   
1781610784
websocket-server-56c97f4c7-5msck   2m    30Mi   
websocket-server-56c97f4c7-6q5vs   8m    93Mi   
websocket-server-56c97f4c7-9m9d7   1m    29Mi   
websocket-server-56c97f4c7-cs88w   1m    27Mi   
websocket-server-56c97f4c7-nwg78   1m    28Mi   
websocket-server-56c97f4c7-t7zg4   11m   81Mi   
websocket-server-56c97f4c7-wg6s8   4m    35Mi   
websocket-server-56c97f4c7-zcsgs   4m    31Mi   
1781610789
websocket-server-56c97f4c7-5msck   2m    30Mi   
websocket-server-56c97f4c7-6q5vs   8m    93Mi   
websocket-server-56c97f4c7-9m9d7   1m    29Mi   
websocket-server-56c97f4c7-cs88w   1m    27Mi   
websocket-server-56c97f4c7-nwg78   1m    28Mi   
websocket-server-56c97f4c7-t7zg4   11m   81Mi   
websocket-server-56c97f4c7-wg6s8   4m    35Mi   
websocket-server-56c97f4c7-zcsgs   4m    31Mi   
1781610794
websocket-server-56c97f4c7-5msck   2m    30Mi   
websocket-server-56c97f4c7-6q5vs   6m    93Mi   
websocket-server-56c97f4c7-9m9d7   1m    28Mi   
websocket-server-56c97f4c7-cs88w   1m    27Mi   
websocket-server-56c97f4c7-nwg78   1m    28Mi   
websocket-server-56c97f4c7-t7zg4   6m    81Mi   
websocket-server-56c97f4c7-wg6s8   3m    35Mi   
websocket-server-56c97f4c7-zcsgs   2m    31Mi   
1781610799
websocket-server-56c97f4c7-5msck   2m    30Mi   
websocket-server-56c97f4c7-6q5vs   6m    93Mi   
websocket-server-56c97f4c7-9m9d7   1m    28Mi   
websocket-server-56c97f4c7-cs88w   1m    27Mi   
websocket-server-56c97f4c7-nwg78   1m    28Mi   
websocket-server-56c97f4c7-t7zg4   6m    81Mi   
websocket-server-56c97f4c7-wg6s8   3m    35Mi   
websocket-server-56c97f4c7-zcsgs   2m    31Mi   
1781610804
websocket-server-56c97f4c7-5msck   2m    30Mi   
websocket-server-56c97f4c7-6q5vs   6m    93Mi   
websocket-server-56c97f4c7-9m9d7   1m    28Mi   
websocket-server-56c97f4c7-cs88w   1m    27Mi   
websocket-server-56c97f4c7-nwg78   1m    28Mi   
websocket-server-56c97f4c7-t7zg4   6m    81Mi   
websocket-server-56c97f4c7-wg6s8   3m    35Mi   
websocket-server-56c97f4c7-zcsgs   2m    31Mi   
1781610810
websocket-server-56c97f4c7-5msck   2m    30Mi   
websocket-server-56c97f4c7-6q5vs   6m    93Mi   
websocket-server-56c97f4c7-9m9d7   1m    29Mi   
websocket-server-56c97f4c7-cs88w   1m    27Mi   
websocket-server-56c97f4c7-nwg78   1m    28Mi   
websocket-server-56c97f4c7-t7zg4   6m    81Mi   
websocket-server-56c97f4c7-wg6s8   4m    35Mi   
websocket-server-56c97f4c7-zcsgs   2m    31Mi   
1781610815
websocket-server-56c97f4c7-5msck   2m    30Mi   
websocket-server-56c97f4c7-6q5vs   6m    93Mi   
websocket-server-56c97f4c7-9m9d7   1m    29Mi   
websocket-server-56c97f4c7-cs88w   1m    27Mi   
websocket-server-56c97f4c7-nwg78   1m    28Mi   
websocket-server-56c97f4c7-t7zg4   6m    81Mi   
websocket-server-56c97f4c7-wg6s8   4m    35Mi   
websocket-server-56c97f4c7-zcsgs   2m    31Mi   
1781610820
websocket-server-56c97f4c7-5msck   2m    30Mi   
websocket-server-56c97f4c7-6q5vs   6m    93Mi   
websocket-server-56c97f4c7-9m9d7   1m    29Mi   
websocket-server-56c97f4c7-cs88w   1m    27Mi   
websocket-server-56c97f4c7-nwg78   1m    28Mi   
websocket-server-56c97f4c7-t7zg4   6m    81Mi   
websocket-server-56c97f4c7-wg6s8   4m    35Mi   
websocket-server-56c97f4c7-zcsgs   2m    31Mi   
1781610825
websocket-server-56c97f4c7-5msck   2m    30Mi   
websocket-server-56c97f4c7-6q5vs   11m   92Mi   
websocket-server-56c97f4c7-9m9d7   2m    28Mi   
websocket-server-56c97f4c7-cs88w   1m    27Mi   
websocket-server-56c97f4c7-nwg78   1m    28Mi   
websocket-server-56c97f4c7-t7zg4   11m   80Mi   
websocket-server-56c97f4c7-wg6s8   10m   35Mi   
websocket-server-56c97f4c7-zcsgs   2m    31Mi   
1781610830
websocket-server-56c97f4c7-5msck   2m    30Mi   
websocket-server-56c97f4c7-6q5vs   11m   92Mi   
websocket-server-56c97f4c7-9m9d7   2m    28Mi   
websocket-server-56c97f4c7-cs88w   1m    27Mi   
websocket-server-56c97f4c7-nwg78   1m    28Mi   
websocket-server-56c97f4c7-t7zg4   11m   80Mi   
websocket-server-56c97f4c7-wg6s8   10m   35Mi   
websocket-server-56c97f4c7-zcsgs   2m    31Mi   
1781610835
websocket-server-56c97f4c7-5msck   2m    30Mi   
websocket-server-56c97f4c7-6q5vs   11m   92Mi   
websocket-server-56c97f4c7-9m9d7   2m    28Mi   
websocket-server-56c97f4c7-cs88w   1m    27Mi   
websocket-server-56c97f4c7-nwg78   1m    28Mi   
websocket-server-56c97f4c7-t7zg4   11m   80Mi   
websocket-server-56c97f4c7-wg6s8   10m   35Mi   
websocket-server-56c97f4c7-zcsgs   2m    31Mi   
1781610840
websocket-server-56c97f4c7-5msck   2m    30Mi   
websocket-server-56c97f4c7-6q5vs   1m    92Mi   
websocket-server-56c97f4c7-9m9d7   2m    28Mi   
websocket-server-56c97f4c7-cs88w   1m    27Mi   
websocket-server-56c97f4c7-nwg78   0m    28Mi   
websocket-server-56c97f4c7-t7zg4   1m    80Mi   
websocket-server-56c97f4c7-wg6s8   1m    35Mi   
websocket-server-56c97f4c7-zcsgs   3m    31Mi   
1781610845
websocket-server-56c97f4c7-5msck   2m    30Mi   
websocket-server-56c97f4c7-6q5vs   1m    92Mi   
websocket-server-56c97f4c7-9m9d7   2m    28Mi   
websocket-server-56c97f4c7-cs88w   1m    27Mi   
websocket-server-56c97f4c7-nwg78   0m    28Mi   
websocket-server-56c97f4c7-t7zg4   1m    80Mi   
websocket-server-56c97f4c7-wg6s8   1m    35Mi   
websocket-server-56c97f4c7-zcsgs   3m    31Mi   
1781610850
websocket-server-56c97f4c7-5msck   2m    30Mi   
websocket-server-56c97f4c7-6q5vs   1m    92Mi   
websocket-server-56c97f4c7-9m9d7   2m    28Mi   
websocket-server-56c97f4c7-cs88w   1m    27Mi   
websocket-server-56c97f4c7-nwg78   0m    28Mi   
websocket-server-56c97f4c7-t7zg4   1m    80Mi   
websocket-server-56c97f4c7-wg6s8   1m    35Mi   
websocket-server-56c97f4c7-zcsgs   3m    31Mi   
1781610855
websocket-server-56c97f4c7-5msck   1m    30Mi   
websocket-server-56c97f4c7-6q5vs   1m    92Mi   
websocket-server-56c97f4c7-9m9d7   1m    28Mi   
websocket-server-56c97f4c7-cs88w   1m    27Mi   
websocket-server-56c97f4c7-nwg78   1m    28Mi   
websocket-server-56c97f4c7-t7zg4   1m    80Mi   
websocket-server-56c97f4c7-wg6s8   1m    35Mi   
websocket-server-56c97f4c7-zcsgs   1m    31Mi   
1781610860
websocket-server-56c97f4c7-5msck   1m    30Mi   
websocket-server-56c97f4c7-6q5vs   1m    92Mi   
websocket-server-56c97f4c7-9m9d7   1m    28Mi   
websocket-server-56c97f4c7-cs88w   1m    27Mi   
websocket-server-56c97f4c7-nwg78   1m    28Mi   
websocket-server-56c97f4c7-t7zg4   1m    80Mi   
websocket-server-56c97f4c7-wg6s8   1m    35Mi   
websocket-server-56c97f4c7-zcsgs   1m    31Mi   
1781610865
websocket-server-56c97f4c7-5msck   1m    30Mi   
websocket-server-56c97f4c7-6q5vs   1m    92Mi   
websocket-server-56c97f4c7-9m9d7   1m    28Mi   
websocket-server-56c97f4c7-cs88w   1m    27Mi   
websocket-server-56c97f4c7-nwg78   1m    28Mi   
websocket-server-56c97f4c7-t7zg4   1m    80Mi   
websocket-server-56c97f4c7-wg6s8   1m    35Mi   
websocket-server-56c97f4c7-zcsgs   1m    31Mi   
1781610870
websocket-server-56c97f4c7-5msck   1m    30Mi   
websocket-server-56c97f4c7-6q5vs   1m    92Mi   
websocket-server-56c97f4c7-9m9d7   1m    28Mi   
websocket-server-56c97f4c7-cs88w   1m    27Mi   
websocket-server-56c97f4c7-nwg78   1m    28Mi   
websocket-server-56c97f4c7-t7zg4   1m    80Mi   
websocket-server-56c97f4c7-wg6s8   1m    35Mi   
websocket-server-56c97f4c7-zcsgs   1m    31Mi   
1781610875
websocket-server-56c97f4c7-5msck   1m    30Mi   
websocket-server-56c97f4c7-6q5vs   1m    92Mi   
websocket-server-56c97f4c7-9m9d7   1m    28Mi   
websocket-server-56c97f4c7-cs88w   1m    27Mi   
websocket-server-56c97f4c7-nwg78   1m    28Mi   
websocket-server-56c97f4c7-t7zg4   1m    80Mi   
websocket-server-56c97f4c7-wg6s8   1m    35Mi   
websocket-server-56c97f4c7-zcsgs   1m    31Mi   
1781610880
websocket-server-56c97f4c7-5msck   1m    30Mi   
websocket-server-56c97f4c7-6q5vs   1m    92Mi   
websocket-server-56c97f4c7-9m9d7   1m    28Mi   
websocket-server-56c97f4c7-cs88w   1m    27Mi   
websocket-server-56c97f4c7-nwg78   1m    28Mi   
websocket-server-56c97f4c7-t7zg4   1m    80Mi   
websocket-server-56c97f4c7-wg6s8   1m    35Mi   
websocket-server-56c97f4c7-zcsgs   1m    31Mi   
1781610885
websocket-server-56c97f4c7-5msck   1m    30Mi   
websocket-server-56c97f4c7-6q5vs   1m    92Mi   
websocket-server-56c97f4c7-9m9d7   1m    29Mi   
websocket-server-56c97f4c7-cs88w   1m    27Mi   
websocket-server-56c97f4c7-nwg78   1m    28Mi   
websocket-server-56c97f4c7-t7zg4   1m    80Mi   
websocket-server-56c97f4c7-wg6s8   1m    35Mi   
websocket-server-56c97f4c7-zcsgs   1m    31Mi   
1781610890
websocket-server-56c97f4c7-5msck   1m    30Mi   
websocket-server-56c97f4c7-6q5vs   1m    92Mi   
websocket-server-56c97f4c7-9m9d7   1m    29Mi   
websocket-server-56c97f4c7-cs88w   1m    27Mi   
websocket-server-56c97f4c7-nwg78   1m    28Mi   
websocket-server-56c97f4c7-t7zg4   1m    80Mi   
websocket-server-56c97f4c7-wg6s8   1m    35Mi   
websocket-server-56c97f4c7-zcsgs   1m    31Mi   
1781610895
websocket-server-56c97f4c7-5msck   1m    30Mi   
websocket-server-56c97f4c7-6q5vs   1m    92Mi   
websocket-server-56c97f4c7-9m9d7   1m    29Mi   
websocket-server-56c97f4c7-cs88w   1m    27Mi   
websocket-server-56c97f4c7-nwg78   1m    28Mi   
websocket-server-56c97f4c7-t7zg4   1m    80Mi   
websocket-server-56c97f4c7-wg6s8   1m    35Mi   
websocket-server-56c97f4c7-zcsgs   1m    31Mi   
1781610900
websocket-server-56c97f4c7-5msck   2m    31Mi   
websocket-server-56c97f4c7-6q5vs   1m    92Mi   
websocket-server-56c97f4c7-9m9d7   2m    30Mi   
websocket-server-56c97f4c7-cs88w   2m    28Mi   
websocket-server-56c97f4c7-nwg78   2m    29Mi   
websocket-server-56c97f4c7-t7zg4   2m    81Mi   
websocket-server-56c97f4c7-wg6s8   1m    35Mi   
websocket-server-56c97f4c7-zcsgs   3m    32Mi   
1781610906
websocket-server-56c97f4c7-5msck   2m    31Mi   
websocket-server-56c97f4c7-6q5vs   1m    92Mi   
websocket-server-56c97f4c7-9m9d7   2m    30Mi   
websocket-server-56c97f4c7-cs88w   2m    28Mi   
websocket-server-56c97f4c7-nwg78   2m    29Mi   
websocket-server-56c97f4c7-t7zg4   2m    81Mi   
websocket-server-56c97f4c7-wg6s8   1m    35Mi   
websocket-server-56c97f4c7-zcsgs   3m    32Mi   
1781610911
websocket-server-56c97f4c7-5msck   2m    31Mi   
websocket-server-56c97f4c7-6q5vs   1m    92Mi   
websocket-server-56c97f4c7-9m9d7   2m    30Mi   
websocket-server-56c97f4c7-cs88w   2m    28Mi   
websocket-server-56c97f4c7-nwg78   2m    29Mi   
websocket-server-56c97f4c7-t7zg4   2m    81Mi   
websocket-server-56c97f4c7-wg6s8   1m    35Mi   
websocket-server-56c97f4c7-zcsgs   3m    32Mi   
1781610916
websocket-server-56c97f4c7-5msck   3m    32Mi   
websocket-server-56c97f4c7-6q5vs   3m    93Mi   
websocket-server-56c97f4c7-9m9d7   4m    30Mi   
websocket-server-56c97f4c7-cs88w   3m    29Mi   
websocket-server-56c97f4c7-nwg78   3m    29Mi   
websocket-server-56c97f4c7-t7zg4   4m    81Mi   
websocket-server-56c97f4c7-wg6s8   4m    37Mi   
websocket-server-56c97f4c7-zcsgs   4m    32Mi   
1781610921
websocket-server-56c97f4c7-5msck   3m    32Mi   
websocket-server-56c97f4c7-6q5vs   3m    93Mi   
websocket-server-56c97f4c7-9m9d7   4m    30Mi   
websocket-server-56c97f4c7-cs88w   3m    29Mi   
websocket-server-56c97f4c7-nwg78   3m    29Mi   
websocket-server-56c97f4c7-t7zg4   4m    81Mi   
websocket-server-56c97f4c7-wg6s8   4m    37Mi   
websocket-server-56c97f4c7-zcsgs   4m    32Mi   
1781610926
websocket-server-56c97f4c7-5msck   3m    32Mi   
websocket-server-56c97f4c7-6q5vs   3m    93Mi   
websocket-server-56c97f4c7-9m9d7   4m    30Mi   
websocket-server-56c97f4c7-cs88w   3m    29Mi   
websocket-server-56c97f4c7-nwg78   3m    29Mi   
websocket-server-56c97f4c7-t7zg4   4m    81Mi   
websocket-server-56c97f4c7-wg6s8   4m    37Mi   
websocket-server-56c97f4c7-zcsgs   4m    32Mi   
1781610931
websocket-server-56c97f4c7-5msck   5m    32Mi   
websocket-server-56c97f4c7-6q5vs   5m    93Mi   
websocket-server-56c97f4c7-9m9d7   7m    32Mi   
websocket-server-56c97f4c7-cs88w   3m    28Mi   
websocket-server-56c97f4c7-nwg78   3m    30Mi   
websocket-server-56c97f4c7-t7zg4   4m    81Mi   
websocket-server-56c97f4c7-wg6s8   5m    37Mi   
websocket-server-56c97f4c7-zcsgs   4m    32Mi   
1781610936
websocket-server-56c97f4c7-5msck   5m    32Mi   
websocket-server-56c97f4c7-6q5vs   5m    93Mi   
websocket-server-56c97f4c7-9m9d7   7m    32Mi   
websocket-server-56c97f4c7-cs88w   3m    28Mi   
websocket-server-56c97f4c7-nwg78   3m    30Mi   
websocket-server-56c97f4c7-t7zg4   4m    81Mi   
websocket-server-56c97f4c7-wg6s8   5m    37Mi   
websocket-server-56c97f4c7-zcsgs   4m    32Mi   
1781610941
websocket-server-56c97f4c7-5msck   5m    32Mi   
websocket-server-56c97f4c7-6q5vs   5m    93Mi   
websocket-server-56c97f4c7-9m9d7   7m    32Mi   
websocket-server-56c97f4c7-t7zg4   4m    81Mi   
1781610946
websocket-server-56c97f4c7-6q5vs   8m    94Mi   
websocket-server-56c97f4c7-9m9d7   7m    33Mi   
websocket-server-56c97f4c7-g8hjt   5m    30Mi   
websocket-server-56c97f4c7-t7zg4   7m    81Mi   
websocket-server-56c97f4c7-z6qfk   4m    29Mi   
1781610951
websocket-server-56c97f4c7-6q5vs   8m    94Mi   
websocket-server-56c97f4c7-9m9d7   7m    33Mi   
websocket-server-56c97f4c7-g8hjt   5m    30Mi   
websocket-server-56c97f4c7-t7zg4   7m    81Mi   
websocket-server-56c97f4c7-z6qfk   4m    29Mi   
1781610956
websocket-server-56c97f4c7-6q5vs   8m    94Mi   
websocket-server-56c97f4c7-9m9d7   7m    33Mi   
websocket-server-56c97f4c7-g8hjt   5m    30Mi   
websocket-server-56c97f4c7-t7zg4   7m    81Mi   
websocket-server-56c97f4c7-z6qfk   4m    29Mi   
1781610961
websocket-server-56c97f4c7-6q5vs   12m   94Mi   
websocket-server-56c97f4c7-9m9d7   12m   36Mi   
websocket-server-56c97f4c7-g8hjt   7m    32Mi   
websocket-server-56c97f4c7-t7zg4   11m   82Mi   
websocket-server-56c97f4c7-x5pgp   6m    30Mi   
websocket-server-56c97f4c7-z6qfk   9m    32Mi   
1781610966
websocket-server-56c97f4c7-6q5vs   12m   94Mi   
websocket-server-56c97f4c7-9m9d7   12m   36Mi   
websocket-server-56c97f4c7-g8hjt   7m    32Mi   
websocket-server-56c97f4c7-t7zg4   11m   82Mi   
websocket-server-56c97f4c7-x5pgp   6m    30Mi   
websocket-server-56c97f4c7-z6qfk   9m    32Mi   
1781610971
websocket-server-56c97f4c7-6q5vs   12m   94Mi   
websocket-server-56c97f4c7-9m9d7   12m   36Mi   
websocket-server-56c97f4c7-g8hjt   7m    32Mi   
websocket-server-56c97f4c7-t7zg4   11m   82Mi   
websocket-server-56c97f4c7-x5pgp   6m    30Mi   
websocket-server-56c97f4c7-z6qfk   9m    32Mi   
1781610976
websocket-server-56c97f4c7-6q5vs   13m   94Mi   
websocket-server-56c97f4c7-9m9d7   13m   37Mi   
websocket-server-56c97f4c7-g8hjt   8m    32Mi   
websocket-server-56c97f4c7-prxwf   22m   28Mi   
websocket-server-56c97f4c7-t7zg4   13m   82Mi   
websocket-server-56c97f4c7-w2mc2   2m    28Mi   
websocket-server-56c97f4c7-x5pgp   5m    30Mi   
websocket-server-56c97f4c7-z6qfk   9m    34Mi   
1781610981
websocket-server-56c97f4c7-6q5vs   13m   94Mi   
websocket-server-56c97f4c7-9m9d7   13m   37Mi   
websocket-server-56c97f4c7-g8hjt   8m    32Mi   
websocket-server-56c97f4c7-prxwf   22m   28Mi   
websocket-server-56c97f4c7-t7zg4   13m   82Mi   
websocket-server-56c97f4c7-w2mc2   2m    28Mi   
websocket-server-56c97f4c7-x5pgp   5m    30Mi   
websocket-server-56c97f4c7-z6qfk   9m    34Mi   
1781610986
websocket-server-56c97f4c7-6q5vs   13m   94Mi   
websocket-server-56c97f4c7-9m9d7   13m   37Mi   
websocket-server-56c97f4c7-g8hjt   8m    32Mi   
websocket-server-56c97f4c7-prxwf   22m   28Mi   
websocket-server-56c97f4c7-t7zg4   13m   82Mi   
websocket-server-56c97f4c7-w2mc2   2m    28Mi   
websocket-server-56c97f4c7-x5pgp   5m    30Mi   
websocket-server-56c97f4c7-z6qfk   9m    34Mi   
1781610991
websocket-server-56c97f4c7-6q5vs   13m   94Mi   
websocket-server-56c97f4c7-9m9d7   12m   37Mi   
websocket-server-56c97f4c7-g8hjt   7m    32Mi   
websocket-server-56c97f4c7-prxwf   1m    28Mi   
websocket-server-56c97f4c7-t7zg4   13m   82Mi   
websocket-server-56c97f4c7-w2mc2   2m    28Mi   
websocket-server-56c97f4c7-x5pgp   6m    31Mi   
websocket-server-56c97f4c7-xfg5l   1m    28Mi   
websocket-server-56c97f4c7-z6qfk   8m    34Mi   
1781610996
websocket-server-56c97f4c7-6q5vs   13m   94Mi   
websocket-server-56c97f4c7-9m9d7   12m   37Mi   
websocket-server-56c97f4c7-g8hjt   7m    32Mi   
websocket-server-56c97f4c7-prxwf   1m    28Mi   
websocket-server-56c97f4c7-t7zg4   13m   82Mi   
websocket-server-56c97f4c7-w2mc2   2m    28Mi   
websocket-server-56c97f4c7-x5pgp   6m    31Mi   
websocket-server-56c97f4c7-xfg5l   1m    28Mi   
websocket-server-56c97f4c7-z6qfk   8m    34Mi   
1781611001
websocket-server-56c97f4c7-6q5vs   13m   94Mi   
websocket-server-56c97f4c7-9m9d7   12m   37Mi   
websocket-server-56c97f4c7-g8hjt   7m    32Mi   
websocket-server-56c97f4c7-prxwf   1m    28Mi   
websocket-server-56c97f4c7-t7zg4   13m   82Mi   
websocket-server-56c97f4c7-w2mc2   2m    28Mi   
websocket-server-56c97f4c7-x5pgp   6m    31Mi   
websocket-server-56c97f4c7-xfg5l   1m    28Mi   
websocket-server-56c97f4c7-z6qfk   8m    34Mi   
1781611007
websocket-server-56c97f4c7-6q5vs   12m   95Mi   
websocket-server-56c97f4c7-9m9d7   9m    37Mi   
websocket-server-56c97f4c7-g8hjt   6m    32Mi   
websocket-server-56c97f4c7-prxwf   1m    28Mi   
websocket-server-56c97f4c7-t7zg4   8m    82Mi   
websocket-server-56c97f4c7-w2mc2   2m    28Mi   
websocket-server-56c97f4c7-x5pgp   5m    31Mi   
websocket-server-56c97f4c7-xfg5l   1m    27Mi   
websocket-server-56c97f4c7-z6qfk   8m    34Mi   
1781611012
websocket-server-56c97f4c7-6q5vs   12m   95Mi   
websocket-server-56c97f4c7-9m9d7   9m    37Mi   
websocket-server-56c97f4c7-g8hjt   6m    32Mi   
websocket-server-56c97f4c7-prxwf   1m    28Mi   
websocket-server-56c97f4c7-t7zg4   8m    82Mi   
websocket-server-56c97f4c7-w2mc2   2m    28Mi   
websocket-server-56c97f4c7-x5pgp   5m    31Mi   
websocket-server-56c97f4c7-xfg5l   1m    27Mi   
websocket-server-56c97f4c7-z6qfk   8m    34Mi   
1781611017
websocket-server-56c97f4c7-6q5vs   12m   95Mi   
websocket-server-56c97f4c7-9m9d7   9m    37Mi   
websocket-server-56c97f4c7-g8hjt   6m    32Mi   
websocket-server-56c97f4c7-prxwf   1m    28Mi   
websocket-server-56c97f4c7-t7zg4   8m    82Mi   
websocket-server-56c97f4c7-w2mc2   2m    28Mi   
websocket-server-56c97f4c7-x5pgp   5m    31Mi   
websocket-server-56c97f4c7-xfg5l   1m    27Mi   
websocket-server-56c97f4c7-z6qfk   8m    34Mi   
1781611022
websocket-server-56c97f4c7-6q5vs   7m    94Mi   
websocket-server-56c97f4c7-9m9d7   4m    37Mi   
websocket-server-56c97f4c7-g8hjt   6m    32Mi   
websocket-server-56c97f4c7-prxwf   1m    28Mi   
websocket-server-56c97f4c7-t7zg4   8m    82Mi   
websocket-server-56c97f4c7-w2mc2   1m    28Mi   
websocket-server-56c97f4c7-x5pgp   2m    30Mi   
websocket-server-56c97f4c7-xfg5l   1m    27Mi   
websocket-server-56c97f4c7-z6qfk   3m    34Mi   
1781611027
websocket-server-56c97f4c7-6q5vs   7m    94Mi   
websocket-server-56c97f4c7-9m9d7   4m    37Mi   
websocket-server-56c97f4c7-g8hjt   6m    32Mi   
websocket-server-56c97f4c7-prxwf   1m    28Mi   
websocket-server-56c97f4c7-t7zg4   8m    82Mi   
websocket-server-56c97f4c7-w2mc2   1m    28Mi   
websocket-server-56c97f4c7-x5pgp   2m    30Mi   
websocket-server-56c97f4c7-xfg5l   1m    27Mi   
websocket-server-56c97f4c7-z6qfk   3m    34Mi   
1781611032
websocket-server-56c97f4c7-6q5vs   7m    94Mi   
websocket-server-56c97f4c7-9m9d7   4m    37Mi   
websocket-server-56c97f4c7-g8hjt   6m    32Mi   
websocket-server-56c97f4c7-prxwf   1m    28Mi   
websocket-server-56c97f4c7-t7zg4   8m    82Mi   
websocket-server-56c97f4c7-w2mc2   1m    28Mi   
websocket-server-56c97f4c7-x5pgp   2m    30Mi   
websocket-server-56c97f4c7-xfg5l   1m    27Mi   
websocket-server-56c97f4c7-z6qfk   3m    34Mi   
1781611037
websocket-server-56c97f4c7-6q5vs   4m    94Mi   
websocket-server-56c97f4c7-9m9d7   4m    37Mi   
websocket-server-56c97f4c7-g8hjt   2m    32Mi   
websocket-server-56c97f4c7-prxwf   1m    28Mi   
websocket-server-56c97f4c7-t7zg4   4m    82Mi   
websocket-server-56c97f4c7-w2mc2   1m    28Mi   
websocket-server-56c97f4c7-x5pgp   1m    30Mi   
websocket-server-56c97f4c7-xfg5l   1m    27Mi   
websocket-server-56c97f4c7-z6qfk   3m    34Mi   
1781611042
websocket-server-56c97f4c7-6q5vs   4m    94Mi   
websocket-server-56c97f4c7-9m9d7   4m    37Mi   
websocket-server-56c97f4c7-g8hjt   2m    32Mi   
websocket-server-56c97f4c7-prxwf   1m    28Mi   
websocket-server-56c97f4c7-t7zg4   4m    82Mi   
websocket-server-56c97f4c7-w2mc2   1m    28Mi   
websocket-server-56c97f4c7-x5pgp   1m    30Mi   
websocket-server-56c97f4c7-xfg5l   1m    27Mi   
websocket-server-56c97f4c7-z6qfk   3m    34Mi   
1781611047
websocket-server-56c97f4c7-6q5vs   4m    94Mi   
websocket-server-56c97f4c7-9m9d7   4m    37Mi   
websocket-server-56c97f4c7-g8hjt   2m    32Mi   
websocket-server-56c97f4c7-prxwf   1m    28Mi   
websocket-server-56c97f4c7-t7zg4   4m    82Mi   
websocket-server-56c97f4c7-w2mc2   1m    28Mi   
websocket-server-56c97f4c7-x5pgp   1m    30Mi   
websocket-server-56c97f4c7-xfg5l   1m    27Mi   
websocket-server-56c97f4c7-z6qfk   3m    34Mi   
1781611052
websocket-server-56c97f4c7-6q5vs   4m    94Mi   
websocket-server-56c97f4c7-9m9d7   4m    37Mi   
websocket-server-56c97f4c7-g8hjt   3m    32Mi   
websocket-server-56c97f4c7-prxwf   1m    28Mi   
websocket-server-56c97f4c7-t7zg4   4m    82Mi   
websocket-server-56c97f4c7-w2mc2   1m    28Mi   
websocket-server-56c97f4c7-x5pgp   2m    31Mi   
websocket-server-56c97f4c7-xfg5l   1m    27Mi   
websocket-server-56c97f4c7-z6qfk   3m    33Mi   
1781611057
websocket-server-56c97f4c7-6q5vs   4m    94Mi   
websocket-server-56c97f4c7-9m9d7   4m    37Mi   
websocket-server-56c97f4c7-g8hjt   3m    32Mi   
websocket-server-56c97f4c7-prxwf   1m    28Mi   
websocket-server-56c97f4c7-t7zg4   4m    82Mi   
websocket-server-56c97f4c7-w2mc2   1m    28Mi   
websocket-server-56c97f4c7-x5pgp   2m    31Mi   
websocket-server-56c97f4c7-xfg5l   1m    27Mi   
websocket-server-56c97f4c7-z6qfk   3m    33Mi   
1781611062
websocket-server-56c97f4c7-6q5vs   7m    94Mi   
websocket-server-56c97f4c7-9m9d7   7m    36Mi   
websocket-server-56c97f4c7-g8hjt   5m    32Mi   
websocket-server-56c97f4c7-prxwf   1m    28Mi   
websocket-server-56c97f4c7-t7zg4   4m    82Mi   
websocket-server-56c97f4c7-w2mc2   2m    28Mi   
websocket-server-56c97f4c7-x5pgp   4m    30Mi   
websocket-server-56c97f4c7-xfg5l   1m    27Mi   
websocket-server-56c97f4c7-z6qfk   5m    33Mi   
1781611067
websocket-server-56c97f4c7-6q5vs   7m    94Mi   
websocket-server-56c97f4c7-9m9d7   7m    36Mi   
websocket-server-56c97f4c7-g8hjt   5m    32Mi   
websocket-server-56c97f4c7-prxwf   1m    28Mi   
websocket-server-56c97f4c7-t7zg4   4m    82Mi   
websocket-server-56c97f4c7-w2mc2   2m    28Mi   
websocket-server-56c97f4c7-x5pgp   4m    30Mi   
websocket-server-56c97f4c7-xfg5l   1m    27Mi   
websocket-server-56c97f4c7-z6qfk   5m    33Mi   
1781611072
websocket-server-56c97f4c7-6q5vs   7m    94Mi   
websocket-server-56c97f4c7-9m9d7   7m    36Mi   
websocket-server-56c97f4c7-g8hjt   5m    32Mi   
websocket-server-56c97f4c7-prxwf   1m    28Mi   
websocket-server-56c97f4c7-t7zg4   4m    82Mi   
websocket-server-56c97f4c7-w2mc2   2m    28Mi   
websocket-server-56c97f4c7-x5pgp   4m    30Mi   
websocket-server-56c97f4c7-xfg5l   1m    27Mi   
websocket-server-56c97f4c7-z6qfk   5m    33Mi   
1781611077
websocket-server-56c97f4c7-6q5vs   1m    94Mi   
websocket-server-56c97f4c7-9m9d7   7m    36Mi   
websocket-server-56c97f4c7-g8hjt   1m    32Mi   
websocket-server-56c97f4c7-prxwf   1m    28Mi   
websocket-server-56c97f4c7-t7zg4   6m    81Mi   
websocket-server-56c97f4c7-w2mc2   1m    28Mi   
websocket-server-56c97f4c7-x5pgp   1m    30Mi   
websocket-server-56c97f4c7-xfg5l   1m    27Mi   
websocket-server-56c97f4c7-z6qfk   1m    33Mi   
1781611082
websocket-server-56c97f4c7-6q5vs   1m    94Mi   
websocket-server-56c97f4c7-9m9d7   7m    36Mi   
websocket-server-56c97f4c7-g8hjt   1m    32Mi   
websocket-server-56c97f4c7-prxwf   1m    28Mi   
websocket-server-56c97f4c7-t7zg4   6m    81Mi   
websocket-server-56c97f4c7-w2mc2   1m    28Mi   
websocket-server-56c97f4c7-x5pgp   1m    30Mi   
websocket-server-56c97f4c7-xfg5l   1m    27Mi   
websocket-server-56c97f4c7-z6qfk   1m    33Mi   
1781611087
websocket-server-56c97f4c7-6q5vs   1m    94Mi   
websocket-server-56c97f4c7-9m9d7   7m    36Mi   
websocket-server-56c97f4c7-g8hjt   1m    32Mi   
websocket-server-56c97f4c7-prxwf   1m    28Mi   
websocket-server-56c97f4c7-t7zg4   6m    81Mi   
websocket-server-56c97f4c7-x5pgp   1m    30Mi   
websocket-server-56c97f4c7-xfg5l   1m    27Mi   
websocket-server-56c97f4c7-z6qfk   1m    33Mi   
1781611092
websocket-server-56c97f4c7-6q5vs   1m    94Mi   
websocket-server-56c97f4c7-9m9d7   1m    36Mi   
websocket-server-56c97f4c7-g8hjt   1m    32Mi   
websocket-server-56c97f4c7-prxwf   1m    28Mi   
websocket-server-56c97f4c7-t7zg4   1m    81Mi   
websocket-server-56c97f4c7-x5pgp   1m    30Mi   
websocket-server-56c97f4c7-xfg5l   1m    27Mi   
websocket-server-56c97f4c7-z6qfk   1m    33Mi   
1781611097
websocket-server-56c97f4c7-6q5vs   1m    94Mi   
websocket-server-56c97f4c7-9m9d7   1m    36Mi   
websocket-server-56c97f4c7-g8hjt   1m    32Mi   
websocket-server-56c97f4c7-prxwf   1m    28Mi   
websocket-server-56c97f4c7-t7zg4   1m    81Mi   
websocket-server-56c97f4c7-x5pgp   1m    30Mi   
websocket-server-56c97f4c7-xfg5l   1m    27Mi   
websocket-server-56c97f4c7-z6qfk   1m    33Mi   
1781611103
websocket-server-56c97f4c7-6q5vs   1m    94Mi   
websocket-server-56c97f4c7-9m9d7   1m    36Mi   
websocket-server-56c97f4c7-g8hjt   1m    32Mi   
websocket-server-56c97f4c7-prxwf   1m    28Mi   
websocket-server-56c97f4c7-t7zg4   1m    81Mi   
websocket-server-56c97f4c7-x5pgp   1m    30Mi   
websocket-server-56c97f4c7-xfg5l   1m    27Mi   
websocket-server-56c97f4c7-z6qfk   1m    33Mi   
1781611108
websocket-server-56c97f4c7-6q5vs   1m    94Mi   
websocket-server-56c97f4c7-9m9d7   1m    36Mi   
websocket-server-56c97f4c7-g8hjt   1m    32Mi   
websocket-server-56c97f4c7-prxwf   1m    28Mi   
websocket-server-56c97f4c7-t7zg4   1m    81Mi   
websocket-server-56c97f4c7-x5pgp   1m    30Mi   
websocket-server-56c97f4c7-xfg5l   1m    27Mi   
websocket-server-56c97f4c7-z6qfk   1m    33Mi   
1781611113
websocket-server-56c97f4c7-6q5vs   1m    94Mi   
websocket-server-56c97f4c7-9m9d7   1m    36Mi   
websocket-server-56c97f4c7-g8hjt   1m    32Mi   
websocket-server-56c97f4c7-prxwf   1m    28Mi   
websocket-server-56c97f4c7-t7zg4   1m    81Mi   
websocket-server-56c97f4c7-x5pgp   1m    30Mi   
websocket-server-56c97f4c7-xfg5l   1m    27Mi   
websocket-server-56c97f4c7-z6qfk   1m    33Mi   
1781611118
websocket-server-56c97f4c7-6q5vs   1m    94Mi   
websocket-server-56c97f4c7-9m9d7   1m    36Mi   
websocket-server-56c97f4c7-g8hjt   1m    32Mi   
websocket-server-56c97f4c7-prxwf   1m    28Mi   
websocket-server-56c97f4c7-t7zg4   1m    81Mi   
websocket-server-56c97f4c7-x5pgp   1m    30Mi   
websocket-server-56c97f4c7-xfg5l   1m    27Mi   
websocket-server-56c97f4c7-z6qfk   1m    33Mi   
1781611123
websocket-server-56c97f4c7-6q5vs   1m    94Mi   
websocket-server-56c97f4c7-9m9d7   1m    36Mi   
websocket-server-56c97f4c7-g8hjt   1m    32Mi   
websocket-server-56c97f4c7-prxwf   1m    28Mi   
websocket-server-56c97f4c7-t7zg4   1m    81Mi   
websocket-server-56c97f4c7-x5pgp   1m    30Mi   
websocket-server-56c97f4c7-xfg5l   1m    27Mi   
websocket-server-56c97f4c7-z6qfk   1m    33Mi   
1781611128
websocket-server-56c97f4c7-6q5vs   1m    94Mi   
websocket-server-56c97f4c7-9m9d7   1m    36Mi   
websocket-server-56c97f4c7-g8hjt   1m    32Mi   
websocket-server-56c97f4c7-prxwf   1m    28Mi   
websocket-server-56c97f4c7-t7zg4   1m    81Mi   
websocket-server-56c97f4c7-x5pgp   1m    30Mi   
websocket-server-56c97f4c7-xfg5l   1m    27Mi   
websocket-server-56c97f4c7-z6qfk   1m    33Mi   
1781611133
websocket-server-56c97f4c7-6q5vs   1m    94Mi   
websocket-server-56c97f4c7-9m9d7   1m    36Mi   
websocket-server-56c97f4c7-g8hjt   1m    32Mi   
websocket-server-56c97f4c7-prxwf   1m    28Mi   
websocket-server-56c97f4c7-t7zg4   1m    81Mi   
websocket-server-56c97f4c7-x5pgp   1m    30Mi   
websocket-server-56c97f4c7-xfg5l   1m    27Mi   
websocket-server-56c97f4c7-z6qfk   1m    33Mi   
1781611138
websocket-server-56c97f4c7-6q5vs   1m    94Mi   
websocket-server-56c97f4c7-9m9d7   1m    36Mi   
websocket-server-56c97f4c7-g8hjt   1m    32Mi   
websocket-server-56c97f4c7-prxwf   1m    28Mi   
websocket-server-56c97f4c7-t7zg4   1m    81Mi   
websocket-server-56c97f4c7-x5pgp   1m    31Mi   
websocket-server-56c97f4c7-xfg5l   1m    27Mi   
websocket-server-56c97f4c7-z6qfk   1m    33Mi   
1781611143
websocket-server-56c97f4c7-6q5vs   1m    94Mi   
websocket-server-56c97f4c7-9m9d7   1m    36Mi   
websocket-server-56c97f4c7-g8hjt   1m    32Mi   
websocket-server-56c97f4c7-prxwf   1m    28Mi   
websocket-server-56c97f4c7-t7zg4   1m    81Mi   
websocket-server-56c97f4c7-x5pgp   1m    31Mi   
websocket-server-56c97f4c7-xfg5l   1m    27Mi   
websocket-server-56c97f4c7-z6qfk   1m    33Mi   
1781611148
websocket-server-56c97f4c7-6q5vs   1m    94Mi   
websocket-server-56c97f4c7-9m9d7   1m    36Mi   
websocket-server-56c97f4c7-g8hjt   1m    32Mi   
websocket-server-56c97f4c7-prxwf   1m    28Mi   
websocket-server-56c97f4c7-t7zg4   1m    81Mi   
websocket-server-56c97f4c7-x5pgp   1m    31Mi   
websocket-server-56c97f4c7-xfg5l   1m    27Mi   
websocket-server-56c97f4c7-z6qfk   1m    33Mi   
1781611153
websocket-server-56c97f4c7-6q5vs   1m    94Mi   
websocket-server-56c97f4c7-9m9d7   1m    36Mi   
websocket-server-56c97f4c7-g8hjt   1m    32Mi   
websocket-server-56c97f4c7-prxwf   1m    28Mi   
websocket-server-56c97f4c7-t7zg4   1m    81Mi   
websocket-server-56c97f4c7-x5pgp   0m    30Mi   
websocket-server-56c97f4c7-xfg5l   1m    27Mi   
websocket-server-56c97f4c7-z6qfk   1m    33Mi   
1781611158
websocket-server-56c97f4c7-6q5vs   1m    94Mi   
websocket-server-56c97f4c7-9m9d7   1m    36Mi   
websocket-server-56c97f4c7-g8hjt   1m    32Mi   
websocket-server-56c97f4c7-prxwf   1m    28Mi   
websocket-server-56c97f4c7-t7zg4   1m    81Mi   
websocket-server-56c97f4c7-x5pgp   0m    30Mi   
websocket-server-56c97f4c7-xfg5l   1m    27Mi   
websocket-server-56c97f4c7-z6qfk   1m    33Mi   
1781611163
websocket-server-56c97f4c7-6q5vs   1m    94Mi   
websocket-server-56c97f4c7-9m9d7   1m    36Mi   
websocket-server-56c97f4c7-g8hjt   1m    32Mi   
websocket-server-56c97f4c7-prxwf   1m    28Mi   
websocket-server-56c97f4c7-t7zg4   1m    81Mi   
websocket-server-56c97f4c7-x5pgp   0m    30Mi   
websocket-server-56c97f4c7-xfg5l   1m    27Mi   
websocket-server-56c97f4c7-z6qfk   1m    33Mi   
1781611168
websocket-server-56c97f4c7-6q5vs   1m    94Mi   
websocket-server-56c97f4c7-9m9d7   1m    36Mi   
websocket-server-56c97f4c7-g8hjt   1m    32Mi   
websocket-server-56c97f4c7-prxwf   0m    28Mi   
websocket-server-56c97f4c7-t7zg4   1m    81Mi   
websocket-server-56c97f4c7-x5pgp   1m    30Mi   
websocket-server-56c97f4c7-xfg5l   1m    27Mi   
websocket-server-56c97f4c7-z6qfk   1m    33Mi   
1781611173
websocket-server-56c97f4c7-6q5vs   1m    94Mi   
websocket-server-56c97f4c7-9m9d7   1m    36Mi   
websocket-server-56c97f4c7-g8hjt   1m    32Mi   
websocket-server-56c97f4c7-prxwf   0m    28Mi   
websocket-server-56c97f4c7-t7zg4   1m    81Mi   
websocket-server-56c97f4c7-x5pgp   1m    30Mi   
websocket-server-56c97f4c7-xfg5l   1m    27Mi   
websocket-server-56c97f4c7-z6qfk   1m    33Mi   
1781611178
websocket-server-56c97f4c7-6q5vs   1m    94Mi   
websocket-server-56c97f4c7-9m9d7   1m    36Mi   
websocket-server-56c97f4c7-g8hjt   1m    32Mi   
websocket-server-56c97f4c7-t7zg4   1m    81Mi   
websocket-server-56c97f4c7-xfg5l   1m    27Mi   
websocket-server-56c97f4c7-z6qfk   1m    33Mi   
1781611183
websocket-server-56c97f4c7-6q5vs   1m    94Mi   
websocket-server-56c97f4c7-9m9d7   1m    36Mi   
websocket-server-56c97f4c7-t7zg4   1m    81Mi   
websocket-server-56c97f4c7-xfg5l   1m    27Mi   
1781611188
websocket-server-56c97f4c7-6q5vs   1m    94Mi   
websocket-server-56c97f4c7-t7zg4   1m    81Mi   
