1781610617,2
1781610623,2
1781610628,2
1781610633,2
1781610638,2
1781610643,2
1781610648,2
1781610653,2
1781610658,2
1781610663,3
1781610668,3
1781610673,3
1781610678,4
1781610683,4
1781610688,4
1781610693,5
1781610698,5
1781610703,6
1781610708,6
1781610713,7
1781610719,7
1781610724,7
1781610729,8
1781610734,8
1781610739,8
1781610744,8
1781610749,8
1781610754,8
1781610759,8
1781610764,8
1781610769,8
1781610774,8
1781610779,8
1781610784,8
1781610789,8
1781610794,8
1781610799,8
1781610804,8
1781610810,8
1781610815,8
1781610820,8
1781610825,8
1781610830,8
1781610835,8
1781610840,8
1781610845,8
1781610850,8
1781610855,8
1781610860,8
1781610865,8
1781610870,8
1781610875,8
1781610880,8
1781610885,8
1781610890,8
1781610895,8
1781610900,8
1781610906,8
1781610911,6
1781610916,4
1781610921,3
1781610926,4
1781610931,5
1781610936,5
1781610941,5
1781610946,6
1781610951,6
1781610956,7
1781610961,8
1781610966,8
1781610971,9
1781610976,9
1781610981,9
1781610986,9
1781610991,9
1781610996,9
1781611001,9
1781611006,9
1781611012,9
1781611017,9
1781611022,9
1781611027,9
1781611032,9
1781611037,9
1781611042,9
1781611047,9
1781611052,9
1781611057,8
1781611062,8
1781611067,8
1781611072,8
1781611077,8
1781611082,8
1781611087,8
1781611092,8
1781611097,8
1781611102,8
1781611107,8
1781611112,8
1781611117,8
1781611122,8
1781611127,8
1781611133,8
1781611138,8
1781611143,8
1781611148,6
1781611153,4
1781611158,2
1781611163,2
1781611168,2
1781611173,2
1781611178,2
1781611183,2
1781611188,2
