1781616755
websocket-server-56c97f4c7-6q5vs   1m    97Mi   
websocket-server-56c97f4c7-t7zg4   1m    86Mi   
1781616760
websocket-server-56c97f4c7-6q5vs   1m    97Mi   
websocket-server-56c97f4c7-t7zg4   1m    86Mi   
1781616765
websocket-server-56c97f4c7-6q5vs   1m    97Mi   
websocket-server-56c97f4c7-t7zg4   1m    86Mi   
1781616770
websocket-server-56c97f4c7-6q5vs   1m    97Mi   
websocket-server-56c97f4c7-t7zg4   1m    86Mi   
1781616775
websocket-server-56c97f4c7-6q5vs   1m    97Mi   
websocket-server-56c97f4c7-t7zg4   1m    86Mi   
1781616780
websocket-server-56c97f4c7-6q5vs   2m    97Mi   
websocket-server-56c97f4c7-t7zg4   1m    86Mi   
1781616785
websocket-server-56c97f4c7-6q5vs   2m    97Mi   
websocket-server-56c97f4c7-t7zg4   1m    86Mi   
1781616790
websocket-server-56c97f4c7-6q5vs   2m    97Mi   
websocket-server-56c97f4c7-t7zg4   1m    86Mi   
1781616795
websocket-server-56c97f4c7-6q5vs   8m    98Mi   
websocket-server-56c97f4c7-t7zg4   4m    87Mi   
1781616800
websocket-server-56c97f4c7-6q5vs   8m    98Mi   
websocket-server-56c97f4c7-t7zg4   4m    87Mi   
1781616805
websocket-server-56c97f4c7-6q5vs   8m    98Mi   
websocket-server-56c97f4c7-t7zg4   4m    87Mi   
1781616810
websocket-server-56c97f4c7-6q5vs   13m   98Mi   
websocket-server-56c97f4c7-t7zg4   11m   87Mi   
1781616816
websocket-server-56c97f4c7-6q5vs   13m   98Mi   
websocket-server-56c97f4c7-t7zg4   11m   87Mi   
1781616821
websocket-server-56c97f4c7-6q5vs   13m   98Mi   
websocket-server-56c97f4c7-t7zg4   11m   87Mi   
1781616826
websocket-server-56c97f4c7-6q5vs   13m   98Mi   
websocket-server-56c97f4c7-k6bqc   4m    30Mi   
websocket-server-56c97f4c7-t7zg4   13m   87Mi   
1781616831
websocket-server-56c97f4c7-6q5vs   13m   98Mi   
websocket-server-56c97f4c7-k6bqc   4m    30Mi   
websocket-server-56c97f4c7-t7zg4   13m   87Mi   
1781616836
websocket-server-56c97f4c7-6q5vs   13m   98Mi   
websocket-server-56c97f4c7-k6bqc   4m    30Mi   
websocket-server-56c97f4c7-t7zg4   13m   87Mi   
1781616841
websocket-server-56c97f4c7-6q5vs   14m   98Mi   
websocket-server-56c97f4c7-k6bqc   7m    31Mi   
websocket-server-56c97f4c7-t7zg4   14m   87Mi   
websocket-server-56c97f4c7-vglxj   4m    29Mi   
1781616846
websocket-server-56c97f4c7-6q5vs   14m   98Mi   
websocket-server-56c97f4c7-k6bqc   7m    31Mi   
websocket-server-56c97f4c7-t7zg4   14m   87Mi   
websocket-server-56c97f4c7-vglxj   4m    29Mi   
1781616851
websocket-server-56c97f4c7-6q5vs   14m   98Mi   
websocket-server-56c97f4c7-k6bqc   7m    31Mi   
websocket-server-56c97f4c7-t7zg4   14m   87Mi   
websocket-server-56c97f4c7-vglxj   4m    29Mi   
1781616856
websocket-server-56c97f4c7-6q5vs   14m   98Mi   
websocket-server-56c97f4c7-hq8c6   19m   28Mi   
websocket-server-56c97f4c7-k6bqc   8m    34Mi   
websocket-server-56c97f4c7-mkhx7   22m   28Mi   
websocket-server-56c97f4c7-t7zg4   15m   88Mi   
websocket-server-56c97f4c7-vglxj   6m    32Mi   
1781616861
websocket-server-56c97f4c7-6q5vs   14m   98Mi   
websocket-server-56c97f4c7-hq8c6   19m   28Mi   
websocket-server-56c97f4c7-k6bqc   8m    34Mi   
websocket-server-56c97f4c7-mkhx7   22m   28Mi   
websocket-server-56c97f4c7-t7zg4   15m   88Mi   
websocket-server-56c97f4c7-vglxj   6m    32Mi   
1781616866
websocket-server-56c97f4c7-6q5vs   14m   98Mi   
websocket-server-56c97f4c7-hq8c6   19m   28Mi   
websocket-server-56c97f4c7-k6bqc   8m    34Mi   
websocket-server-56c97f4c7-mkhx7   22m   28Mi   
websocket-server-56c97f4c7-t7zg4   15m   88Mi   
websocket-server-56c97f4c7-vglxj   6m    32Mi   
1781616871
websocket-server-56c97f4c7-287sm   2m    28Mi   
websocket-server-56c97f4c7-6q5vs   16m   98Mi   
websocket-server-56c97f4c7-hq8c6   4m    29Mi   
websocket-server-56c97f4c7-k6bqc   10m   35Mi   
websocket-server-56c97f4c7-mkhx7   3m    28Mi   
websocket-server-56c97f4c7-t7zg4   15m   88Mi   
websocket-server-56c97f4c7-vglxj   6m    32Mi   
1781616876
websocket-server-56c97f4c7-287sm   2m    28Mi   
websocket-server-56c97f4c7-6q5vs   16m   98Mi   
websocket-server-56c97f4c7-hq8c6   4m    29Mi   
websocket-server-56c97f4c7-k6bqc   10m   35Mi   
websocket-server-56c97f4c7-mkhx7   3m    28Mi   
websocket-server-56c97f4c7-t7zg4   15m   88Mi   
websocket-server-56c97f4c7-vglxj   6m    32Mi   
1781616881
websocket-server-56c97f4c7-287sm   2m    28Mi   
websocket-server-56c97f4c7-6q5vs   16m   98Mi   
websocket-server-56c97f4c7-hq8c6   4m    29Mi   
websocket-server-56c97f4c7-k6bqc   10m   35Mi   
websocket-server-56c97f4c7-mkhx7   3m    28Mi   
websocket-server-56c97f4c7-t7zg4   15m   88Mi   
websocket-server-56c97f4c7-vglxj   6m    32Mi   
1781616886
websocket-server-56c97f4c7-287sm   2m    28Mi   
websocket-server-56c97f4c7-6q5vs   18m   98Mi   
websocket-server-56c97f4c7-hq8c6   4m    30Mi   
websocket-server-56c97f4c7-j475d   21m   27Mi   
websocket-server-56c97f4c7-k6bqc   9m    34Mi   
websocket-server-56c97f4c7-mkhx7   2m    28Mi   
websocket-server-56c97f4c7-t7zg4   16m   87Mi   
websocket-server-56c97f4c7-vglxj   7m    32Mi   
1781616891
websocket-server-56c97f4c7-287sm   2m    28Mi   
websocket-server-56c97f4c7-6q5vs   18m   98Mi   
websocket-server-56c97f4c7-hq8c6   4m    30Mi   
websocket-server-56c97f4c7-j475d   21m   27Mi   
websocket-server-56c97f4c7-k6bqc   9m    34Mi   
websocket-server-56c97f4c7-mkhx7   2m    28Mi   
websocket-server-56c97f4c7-t7zg4   16m   87Mi   
websocket-server-56c97f4c7-vglxj   7m    32Mi   
1781616896
websocket-server-56c97f4c7-287sm   2m    28Mi   
websocket-server-56c97f4c7-6q5vs   18m   98Mi   
websocket-server-56c97f4c7-hq8c6   4m    30Mi   
websocket-server-56c97f4c7-j475d   21m   27Mi   
websocket-server-56c97f4c7-k6bqc   9m    34Mi   
websocket-server-56c97f4c7-mkhx7   2m    28Mi   
websocket-server-56c97f4c7-t7zg4   16m   87Mi   
websocket-server-56c97f4c7-vglxj   7m    32Mi   
1781616901
websocket-server-56c97f4c7-287sm   2m    28Mi   
websocket-server-56c97f4c7-6q5vs   17m   98Mi   
websocket-server-56c97f4c7-hq8c6   4m    30Mi   
websocket-server-56c97f4c7-j475d   1m    27Mi   
websocket-server-56c97f4c7-k6bqc   9m    35Mi   
websocket-server-56c97f4c7-mkhx7   2m    28Mi   
websocket-server-56c97f4c7-t7zg4   13m   87Mi   
websocket-server-56c97f4c7-vglxj   5m    32Mi   
1781616907
websocket-server-56c97f4c7-287sm   2m    28Mi   
websocket-server-56c97f4c7-6q5vs   17m   98Mi   
websocket-server-56c97f4c7-hq8c6   4m    30Mi   
websocket-server-56c97f4c7-j475d   1m    27Mi   
websocket-server-56c97f4c7-k6bqc   9m    35Mi   
websocket-server-56c97f4c7-mkhx7   2m    28Mi   
websocket-server-56c97f4c7-t7zg4   13m   87Mi   
websocket-server-56c97f4c7-vglxj   5m    32Mi   
1781616912
websocket-server-56c97f4c7-287sm   2m    28Mi   
websocket-server-56c97f4c7-6q5vs   17m   98Mi   
websocket-server-56c97f4c7-hq8c6   4m    30Mi   
websocket-server-56c97f4c7-j475d   1m    27Mi   
websocket-server-56c97f4c7-k6bqc   9m    35Mi   
websocket-server-56c97f4c7-mkhx7   2m    28Mi   
websocket-server-56c97f4c7-t7zg4   13m   87Mi   
websocket-server-56c97f4c7-vglxj   5m    32Mi   
1781616917
websocket-server-56c97f4c7-287sm   1m    28Mi   
websocket-server-56c97f4c7-6q5vs   8m    98Mi   
websocket-server-56c97f4c7-hq8c6   3m    30Mi   
websocket-server-56c97f4c7-j475d   1m    27Mi   
websocket-server-56c97f4c7-k6bqc   3m    35Mi   
websocket-server-56c97f4c7-mkhx7   1m    28Mi   
websocket-server-56c97f4c7-t7zg4   5m    87Mi   
websocket-server-56c97f4c7-vglxj   2m    32Mi   
1781616922
websocket-server-56c97f4c7-287sm   1m    28Mi   
websocket-server-56c97f4c7-6q5vs   8m    98Mi   
websocket-server-56c97f4c7-hq8c6   3m    30Mi   
websocket-server-56c97f4c7-j475d   1m    27Mi   
websocket-server-56c97f4c7-k6bqc   3m    35Mi   
websocket-server-56c97f4c7-mkhx7   1m    28Mi   
websocket-server-56c97f4c7-t7zg4   5m    87Mi   
websocket-server-56c97f4c7-vglxj   2m    32Mi   
1781616927
websocket-server-56c97f4c7-287sm   1m    28Mi   
websocket-server-56c97f4c7-6q5vs   8m    98Mi   
websocket-server-56c97f4c7-hq8c6   3m    30Mi   
websocket-server-56c97f4c7-j475d   1m    27Mi   
websocket-server-56c97f4c7-k6bqc   3m    35Mi   
websocket-server-56c97f4c7-mkhx7   1m    28Mi   
websocket-server-56c97f4c7-t7zg4   5m    87Mi   
websocket-server-56c97f4c7-vglxj   2m    32Mi   
1781616932
websocket-server-56c97f4c7-287sm   1m    28Mi   
websocket-server-56c97f4c7-6q5vs   6m    98Mi   
websocket-server-56c97f4c7-hq8c6   1m    30Mi   
websocket-server-56c97f4c7-j475d   1m    27Mi   
websocket-server-56c97f4c7-k6bqc   3m    35Mi   
websocket-server-56c97f4c7-mkhx7   1m    28Mi   
websocket-server-56c97f4c7-t7zg4   5m    87Mi   
websocket-server-56c97f4c7-vglxj   2m    32Mi   
1781616937
websocket-server-56c97f4c7-287sm   1m    28Mi   
websocket-server-56c97f4c7-6q5vs   6m    98Mi   
websocket-server-56c97f4c7-hq8c6   1m    30Mi   
websocket-server-56c97f4c7-j475d   1m    27Mi   
websocket-server-56c97f4c7-k6bqc   3m    35Mi   
websocket-server-56c97f4c7-mkhx7   1m    28Mi   
websocket-server-56c97f4c7-t7zg4   5m    87Mi   
websocket-server-56c97f4c7-vglxj   2m    32Mi   
1781616942
websocket-server-56c97f4c7-287sm   1m    28Mi   
websocket-server-56c97f4c7-6q5vs   6m    98Mi   
websocket-server-56c97f4c7-hq8c6   1m    30Mi   
websocket-server-56c97f4c7-j475d   1m    27Mi   
websocket-server-56c97f4c7-k6bqc   3m    35Mi   
websocket-server-56c97f4c7-mkhx7   1m    28Mi   
websocket-server-56c97f4c7-t7zg4   5m    87Mi   
websocket-server-56c97f4c7-vglxj   2m    32Mi   
1781616947
websocket-server-56c97f4c7-287sm   1m    28Mi   
websocket-server-56c97f4c7-6q5vs   6m    98Mi   
websocket-server-56c97f4c7-hq8c6   2m    30Mi   
websocket-server-56c97f4c7-j475d   1m    27Mi   
websocket-server-56c97f4c7-k6bqc   3m    35Mi   
websocket-server-56c97f4c7-mkhx7   1m    28Mi   
websocket-server-56c97f4c7-t7zg4   5m    87Mi   
websocket-server-56c97f4c7-vglxj   2m    32Mi   
1781616952
websocket-server-56c97f4c7-287sm   1m    28Mi   
websocket-server-56c97f4c7-6q5vs   6m    98Mi   
websocket-server-56c97f4c7-hq8c6   2m    30Mi   
websocket-server-56c97f4c7-j475d   1m    27Mi   
websocket-server-56c97f4c7-k6bqc   3m    35Mi   
websocket-server-56c97f4c7-mkhx7   1m    28Mi   
websocket-server-56c97f4c7-t7zg4   5m    87Mi   
websocket-server-56c97f4c7-vglxj   2m    32Mi   
1781616957
websocket-server-56c97f4c7-287sm   1m    28Mi   
websocket-server-56c97f4c7-6q5vs   6m    98Mi   
websocket-server-56c97f4c7-hq8c6   2m    30Mi   
websocket-server-56c97f4c7-j475d   1m    27Mi   
websocket-server-56c97f4c7-k6bqc   3m    35Mi   
websocket-server-56c97f4c7-mkhx7   1m    28Mi   
websocket-server-56c97f4c7-t7zg4   5m    87Mi   
websocket-server-56c97f4c7-vglxj   2m    32Mi   
1781616962
websocket-server-56c97f4c7-287sm   1m    28Mi   
websocket-server-56c97f4c7-6q5vs   12m   97Mi   
websocket-server-56c97f4c7-hq8c6   2m    30Mi   
websocket-server-56c97f4c7-j475d   1m    27Mi   
websocket-server-56c97f4c7-k6bqc   3m    34Mi   
websocket-server-56c97f4c7-mkhx7   1m    28Mi   
websocket-server-56c97f4c7-t7zg4   5m    87Mi   
websocket-server-56c97f4c7-vglxj   2m    32Mi   
1781616967
websocket-server-56c97f4c7-287sm   1m    28Mi   
websocket-server-56c97f4c7-6q5vs   12m   97Mi   
websocket-server-56c97f4c7-hq8c6   2m    30Mi   
websocket-server-56c97f4c7-j475d   1m    27Mi   
websocket-server-56c97f4c7-k6bqc   3m    34Mi   
websocket-server-56c97f4c7-mkhx7   1m    28Mi   
websocket-server-56c97f4c7-t7zg4   5m    87Mi   
websocket-server-56c97f4c7-vglxj   2m    32Mi   
1781616972
websocket-server-56c97f4c7-287sm   1m    28Mi   
websocket-server-56c97f4c7-6q5vs   1m    97Mi   
websocket-server-56c97f4c7-hq8c6   2m    30Mi   
websocket-server-56c97f4c7-j475d   1m    27Mi   
websocket-server-56c97f4c7-k6bqc   4m    34Mi   
websocket-server-56c97f4c7-mkhx7   2m    28Mi   
websocket-server-56c97f4c7-t7zg4   7m    86Mi   
websocket-server-56c97f4c7-vglxj   4m    32Mi   
1781616977
websocket-server-56c97f4c7-287sm   1m    28Mi   
websocket-server-56c97f4c7-6q5vs   1m    97Mi   
websocket-server-56c97f4c7-hq8c6   2m    30Mi   
websocket-server-56c97f4c7-j475d   1m    27Mi   
websocket-server-56c97f4c7-k6bqc   4m    34Mi   
websocket-server-56c97f4c7-mkhx7   2m    28Mi   
websocket-server-56c97f4c7-t7zg4   7m    86Mi   
websocket-server-56c97f4c7-vglxj   4m    32Mi   
1781616982
websocket-server-56c97f4c7-287sm   1m    28Mi   
websocket-server-56c97f4c7-6q5vs   1m    97Mi   
websocket-server-56c97f4c7-hq8c6   2m    30Mi   
websocket-server-56c97f4c7-j475d   1m    27Mi   
websocket-server-56c97f4c7-k6bqc   4m    34Mi   
websocket-server-56c97f4c7-mkhx7   2m    28Mi   
websocket-server-56c97f4c7-t7zg4   7m    86Mi   
websocket-server-56c97f4c7-vglxj   4m    32Mi   
1781616987
websocket-server-56c97f4c7-287sm   1m    28Mi   
websocket-server-56c97f4c7-6q5vs   0m    97Mi   
websocket-server-56c97f4c7-hq8c6   1m    30Mi   
websocket-server-56c97f4c7-j475d   1m    27Mi   
websocket-server-56c97f4c7-k6bqc   1m    34Mi   
websocket-server-56c97f4c7-mkhx7   1m    28Mi   
websocket-server-56c97f4c7-t7zg4   1m    86Mi   
websocket-server-56c97f4c7-vglxj   1m    32Mi   
1781616992
websocket-server-56c97f4c7-287sm   1m    28Mi   
websocket-server-56c97f4c7-6q5vs   0m    97Mi   
websocket-server-56c97f4c7-hq8c6   1m    30Mi   
websocket-server-56c97f4c7-j475d   1m    27Mi   
websocket-server-56c97f4c7-k6bqc   1m    34Mi   
websocket-server-56c97f4c7-mkhx7   1m    28Mi   
websocket-server-56c97f4c7-t7zg4   1m    86Mi   
websocket-server-56c97f4c7-vglxj   1m    32Mi   
1781616997
websocket-server-56c97f4c7-287sm   1m    28Mi   
websocket-server-56c97f4c7-6q5vs   0m    97Mi   
websocket-server-56c97f4c7-hq8c6   1m    30Mi   
websocket-server-56c97f4c7-j475d   1m    27Mi   
websocket-server-56c97f4c7-k6bqc   1m    34Mi   
websocket-server-56c97f4c7-mkhx7   1m    28Mi   
websocket-server-56c97f4c7-t7zg4   1m    86Mi   
websocket-server-56c97f4c7-vglxj   1m    32Mi   
1781617002
websocket-server-56c97f4c7-287sm   1m    28Mi   
websocket-server-56c97f4c7-6q5vs   1m    97Mi   
websocket-server-56c97f4c7-hq8c6   1m    30Mi   
websocket-server-56c97f4c7-j475d   1m    27Mi   
websocket-server-56c97f4c7-k6bqc   1m    34Mi   
websocket-server-56c97f4c7-mkhx7   1m    28Mi   
websocket-server-56c97f4c7-t7zg4   1m    86Mi   
websocket-server-56c97f4c7-vglxj   1m    32Mi   
1781617007
websocket-server-56c97f4c7-287sm   1m    28Mi   
websocket-server-56c97f4c7-6q5vs   1m    97Mi   
websocket-server-56c97f4c7-hq8c6   1m    30Mi   
websocket-server-56c97f4c7-j475d   1m    27Mi   
websocket-server-56c97f4c7-k6bqc   1m    34Mi   
websocket-server-56c97f4c7-mkhx7   1m    28Mi   
websocket-server-56c97f4c7-t7zg4   1m    86Mi   
websocket-server-56c97f4c7-vglxj   1m    32Mi   
1781617012
websocket-server-56c97f4c7-287sm   1m    28Mi   
websocket-server-56c97f4c7-6q5vs   1m    97Mi   
websocket-server-56c97f4c7-hq8c6   1m    30Mi   
websocket-server-56c97f4c7-j475d   1m    27Mi   
websocket-server-56c97f4c7-k6bqc   1m    34Mi   
websocket-server-56c97f4c7-mkhx7   1m    28Mi   
websocket-server-56c97f4c7-t7zg4   1m    86Mi   
websocket-server-56c97f4c7-vglxj   1m    32Mi   
1781617018
websocket-server-56c97f4c7-287sm   1m    28Mi   
websocket-server-56c97f4c7-6q5vs   1m    97Mi   
websocket-server-56c97f4c7-hq8c6   1m    30Mi   
websocket-server-56c97f4c7-j475d   1m    27Mi   
websocket-server-56c97f4c7-k6bqc   1m    35Mi   
websocket-server-56c97f4c7-mkhx7   1m    28Mi   
websocket-server-56c97f4c7-t7zg4   1m    86Mi   
websocket-server-56c97f4c7-vglxj   1m    32Mi   
1781617023
websocket-server-56c97f4c7-287sm   1m    28Mi   
websocket-server-56c97f4c7-6q5vs   1m    97Mi   
websocket-server-56c97f4c7-hq8c6   1m    30Mi   
websocket-server-56c97f4c7-j475d   1m    27Mi   
websocket-server-56c97f4c7-k6bqc   1m    35Mi   
websocket-server-56c97f4c7-mkhx7   1m    28Mi   
websocket-server-56c97f4c7-t7zg4   1m    86Mi   
websocket-server-56c97f4c7-vglxj   1m    32Mi   
1781617028
websocket-server-56c97f4c7-287sm   1m    28Mi   
websocket-server-56c97f4c7-6q5vs   1m    97Mi   
websocket-server-56c97f4c7-hq8c6   1m    30Mi   
websocket-server-56c97f4c7-j475d   1m    27Mi   
websocket-server-56c97f4c7-k6bqc   1m    35Mi   
websocket-server-56c97f4c7-mkhx7   1m    28Mi   
websocket-server-56c97f4c7-t7zg4   1m    86Mi   
websocket-server-56c97f4c7-vglxj   1m    32Mi   
1781617033
websocket-server-56c97f4c7-287sm   2m    28Mi   
websocket-server-56c97f4c7-6q5vs   2m    97Mi   
websocket-server-56c97f4c7-hq8c6   1m    30Mi   
websocket-server-56c97f4c7-j475d   1m    28Mi   
websocket-server-56c97f4c7-k6bqc   2m    35Mi   
websocket-server-56c97f4c7-mkhx7   2m    29Mi   
websocket-server-56c97f4c7-t7zg4   1m    86Mi   
websocket-server-56c97f4c7-vglxj   2m    33Mi   
1781617038
websocket-server-56c97f4c7-287sm   2m    28Mi   
websocket-server-56c97f4c7-6q5vs   2m    97Mi   
websocket-server-56c97f4c7-hq8c6   1m    30Mi   
websocket-server-56c97f4c7-j475d   1m    28Mi   
websocket-server-56c97f4c7-k6bqc   2m    35Mi   
websocket-server-56c97f4c7-mkhx7   2m    29Mi   
websocket-server-56c97f4c7-t7zg4   1m    86Mi   
websocket-server-56c97f4c7-vglxj   2m    33Mi   
1781617043
websocket-server-56c97f4c7-287sm   2m    28Mi   
websocket-server-56c97f4c7-6q5vs   2m    97Mi   
websocket-server-56c97f4c7-hq8c6   1m    30Mi   
websocket-server-56c97f4c7-j475d   1m    28Mi   
websocket-server-56c97f4c7-k6bqc   2m    35Mi   
websocket-server-56c97f4c7-mkhx7   2m    29Mi   
websocket-server-56c97f4c7-t7zg4   1m    86Mi   
websocket-server-56c97f4c7-vglxj   2m    33Mi   
1781617048
websocket-server-56c97f4c7-287sm   3m    29Mi   
websocket-server-56c97f4c7-6q5vs   3m    98Mi   
websocket-server-56c97f4c7-hq8c6   3m    31Mi   
websocket-server-56c97f4c7-j475d   3m    29Mi   
websocket-server-56c97f4c7-k6bqc   3m    36Mi   
websocket-server-56c97f4c7-mkhx7   4m    31Mi   
websocket-server-56c97f4c7-t7zg4   2m    87Mi   
websocket-server-56c97f4c7-vglxj   3m    33Mi   
1781617053
websocket-server-56c97f4c7-287sm   3m    29Mi   
websocket-server-56c97f4c7-6q5vs   3m    98Mi   
websocket-server-56c97f4c7-hq8c6   3m    31Mi   
websocket-server-56c97f4c7-j475d   3m    29Mi   
websocket-server-56c97f4c7-k6bqc   3m    36Mi   
websocket-server-56c97f4c7-mkhx7   4m    31Mi   
websocket-server-56c97f4c7-t7zg4   2m    87Mi   
websocket-server-56c97f4c7-vglxj   3m    33Mi   
1781617058
websocket-server-56c97f4c7-287sm   3m    29Mi   
websocket-server-56c97f4c7-6q5vs   3m    98Mi   
websocket-server-56c97f4c7-hq8c6   3m    31Mi   
websocket-server-56c97f4c7-j475d   3m    29Mi   
websocket-server-56c97f4c7-k6bqc   3m    36Mi   
websocket-server-56c97f4c7-mkhx7   4m    31Mi   
websocket-server-56c97f4c7-t7zg4   2m    87Mi   
websocket-server-56c97f4c7-vglxj   3m    33Mi   
1781617063
websocket-server-56c97f4c7-287sm   4m    30Mi   
websocket-server-56c97f4c7-6q5vs   5m    97Mi   
websocket-server-56c97f4c7-hq8c6   4m    32Mi   
websocket-server-56c97f4c7-j475d   4m    30Mi   
websocket-server-56c97f4c7-k6bqc   3m    36Mi   
websocket-server-56c97f4c7-mkhx7   6m    32Mi   
websocket-server-56c97f4c7-t7zg4   3m    87Mi   
websocket-server-56c97f4c7-vglxj   4m    34Mi   
1781617068
websocket-server-56c97f4c7-287sm   4m    30Mi   
websocket-server-56c97f4c7-6q5vs   5m    97Mi   
websocket-server-56c97f4c7-hq8c6   4m    32Mi   
websocket-server-56c97f4c7-j475d   4m    30Mi   
websocket-server-56c97f4c7-k6bqc   3m    36Mi   
websocket-server-56c97f4c7-mkhx7   6m    32Mi   
websocket-server-56c97f4c7-t7zg4   3m    87Mi   
websocket-server-56c97f4c7-vglxj   4m    34Mi   
1781617073
websocket-server-56c97f4c7-287sm   4m    30Mi   
websocket-server-56c97f4c7-6q5vs   5m    97Mi   
websocket-server-56c97f4c7-hq8c6   4m    32Mi   
websocket-server-56c97f4c7-j475d   4m    30Mi   
websocket-server-56c97f4c7-k6bqc   3m    36Mi   
websocket-server-56c97f4c7-mkhx7   6m    32Mi   
websocket-server-56c97f4c7-t7zg4   3m    87Mi   
websocket-server-56c97f4c7-vglxj   4m    34Mi   
1781617078
websocket-server-56c97f4c7-287sm   4m    31Mi   
websocket-server-56c97f4c7-6q5vs   5m    98Mi   
websocket-server-56c97f4c7-hq8c6   4m    32Mi   
websocket-server-56c97f4c7-j475d   5m    31Mi   
websocket-server-56c97f4c7-k6bqc   4m    37Mi   
websocket-server-56c97f4c7-mkhx7   6m    32Mi   
websocket-server-56c97f4c7-t7zg4   3m    86Mi   
websocket-server-56c97f4c7-vglxj   4m    34Mi   
1781617083
websocket-server-56c97f4c7-287sm   4m    31Mi   
websocket-server-56c97f4c7-6q5vs   5m    98Mi   
websocket-server-56c97f4c7-hq8c6   4m    32Mi   
websocket-server-56c97f4c7-j475d   5m    31Mi   
websocket-server-56c97f4c7-k6bqc   4m    37Mi   
websocket-server-56c97f4c7-mkhx7   6m    32Mi   
websocket-server-56c97f4c7-t7zg4   3m    86Mi   
websocket-server-56c97f4c7-vglxj   4m    34Mi   
1781617088
websocket-server-56c97f4c7-287sm   4m    31Mi   
websocket-server-56c97f4c7-6q5vs   5m    98Mi   
websocket-server-56c97f4c7-hq8c6   4m    32Mi   
websocket-server-56c97f4c7-j475d   5m    31Mi   
websocket-server-56c97f4c7-k6bqc   4m    37Mi   
websocket-server-56c97f4c7-mkhx7   6m    32Mi   
websocket-server-56c97f4c7-t7zg4   3m    86Mi   
websocket-server-56c97f4c7-vglxj   4m    34Mi   
1781617093
websocket-server-56c97f4c7-287sm   4m    31Mi   
websocket-server-56c97f4c7-6q5vs   6m    98Mi   
websocket-server-56c97f4c7-fmjfd   18m   28Mi   
websocket-server-56c97f4c7-hq8c6   4m    32Mi   
websocket-server-56c97f4c7-j475d   6m    33Mi   
websocket-server-56c97f4c7-k6bqc   5m    38Mi   
websocket-server-56c97f4c7-mkhx7   7m    34Mi   
websocket-server-56c97f4c7-t7zg4   4m    87Mi   
websocket-server-56c97f4c7-vglxj   4m    35Mi   
1781617098
websocket-server-56c97f4c7-6q5vs   6m    98Mi   
websocket-server-56c97f4c7-fmjfd   18m   28Mi   
websocket-server-56c97f4c7-j475d   6m    33Mi   
websocket-server-56c97f4c7-k6bqc   5m    38Mi   
websocket-server-56c97f4c7-mkhx7   7m    34Mi   
websocket-server-56c97f4c7-t7zg4   4m    87Mi   
websocket-server-56c97f4c7-vglxj   4m    35Mi   
1781617103
websocket-server-56c97f4c7-6q5vs   6m    98Mi   
websocket-server-56c97f4c7-fmjfd   18m   28Mi   
websocket-server-56c97f4c7-j475d   6m    33Mi   
websocket-server-56c97f4c7-k6bqc   5m    38Mi   
websocket-server-56c97f4c7-mkhx7   7m    34Mi   
websocket-server-56c97f4c7-t7zg4   4m    87Mi   
1781617108
websocket-server-56c97f4c7-2wpwq   2m    28Mi   
websocket-server-56c97f4c7-6q5vs   9m    98Mi   
websocket-server-56c97f4c7-fmjfd   2m    28Mi   
websocket-server-56c97f4c7-j475d   8m    35Mi   
websocket-server-56c97f4c7-k6bqc   8m    40Mi   
websocket-server-56c97f4c7-mkhx7   8m    35Mi   
websocket-server-56c97f4c7-t7zg4   6m    87Mi   
1781617113
websocket-server-56c97f4c7-2wpwq   2m    28Mi   
websocket-server-56c97f4c7-6q5vs   9m    98Mi   
websocket-server-56c97f4c7-fmjfd   2m    28Mi   
websocket-server-56c97f4c7-j475d   8m    35Mi   
websocket-server-56c97f4c7-k6bqc   8m    40Mi   
websocket-server-56c97f4c7-mkhx7   8m    35Mi   
websocket-server-56c97f4c7-t7zg4   6m    87Mi   
1781617119
websocket-server-56c97f4c7-2wpwq   2m    28Mi   
websocket-server-56c97f4c7-6q5vs   9m    98Mi   
websocket-server-56c97f4c7-fmjfd   2m    28Mi   
websocket-server-56c97f4c7-j475d   8m    35Mi   
websocket-server-56c97f4c7-k6bqc   8m    40Mi   
websocket-server-56c97f4c7-mkhx7   8m    35Mi   
websocket-server-56c97f4c7-t7zg4   6m    87Mi   
1781617124
websocket-server-56c97f4c7-2wpwq   2m    28Mi   
websocket-server-56c97f4c7-6fhtf   21m   28Mi   
websocket-server-56c97f4c7-6q5vs   9m    98Mi   
websocket-server-56c97f4c7-fmjfd   4m    30Mi   
websocket-server-56c97f4c7-j475d   8m    35Mi   
websocket-server-56c97f4c7-k6bqc   8m    40Mi   
websocket-server-56c97f4c7-mkhx7   10m   36Mi   
websocket-server-56c97f4c7-t7zg4   8m    87Mi   
websocket-server-56c97f4c7-wdbzn   2m    28Mi   
1781617129
websocket-server-56c97f4c7-2wpwq   2m    28Mi   
websocket-server-56c97f4c7-6fhtf   21m   28Mi   
websocket-server-56c97f4c7-6q5vs   9m    98Mi   
websocket-server-56c97f4c7-fmjfd   4m    30Mi   
websocket-server-56c97f4c7-j475d   8m    35Mi   
websocket-server-56c97f4c7-k6bqc   8m    40Mi   
websocket-server-56c97f4c7-mkhx7   10m   36Mi   
websocket-server-56c97f4c7-t7zg4   8m    87Mi   
websocket-server-56c97f4c7-wdbzn   2m    28Mi   
1781617134
websocket-server-56c97f4c7-2wpwq   2m    28Mi   
websocket-server-56c97f4c7-6fhtf   21m   28Mi   
websocket-server-56c97f4c7-6q5vs   9m    98Mi   
websocket-server-56c97f4c7-fmjfd   4m    30Mi   
websocket-server-56c97f4c7-j475d   8m    35Mi   
websocket-server-56c97f4c7-k6bqc   8m    40Mi   
websocket-server-56c97f4c7-mkhx7   10m   36Mi   
websocket-server-56c97f4c7-t7zg4   8m    87Mi   
websocket-server-56c97f4c7-wdbzn   2m    28Mi   
1781617139
websocket-server-56c97f4c7-2wpwq   2m    29Mi   
websocket-server-56c97f4c7-6fhtf   0m    27Mi   
websocket-server-56c97f4c7-6q5vs   8m    98Mi   
websocket-server-56c97f4c7-fmjfd   3m    30Mi   
websocket-server-56c97f4c7-j475d   9m    35Mi   
websocket-server-56c97f4c7-k6bqc   6m    40Mi   
websocket-server-56c97f4c7-mkhx7   9m    36Mi   
websocket-server-56c97f4c7-pmtfr   0m    27Mi   
websocket-server-56c97f4c7-t7zg4   7m    87Mi   
websocket-server-56c97f4c7-wdbzn   2m    28Mi   
1781617144
websocket-server-56c97f4c7-2wpwq   2m    29Mi   
websocket-server-56c97f4c7-6fhtf   0m    27Mi   
websocket-server-56c97f4c7-6q5vs   8m    98Mi   
websocket-server-56c97f4c7-fmjfd   3m    30Mi   
websocket-server-56c97f4c7-j475d   9m    35Mi   
websocket-server-56c97f4c7-k6bqc   6m    40Mi   
websocket-server-56c97f4c7-mkhx7   9m    36Mi   
websocket-server-56c97f4c7-pmtfr   0m    27Mi   
websocket-server-56c97f4c7-t7zg4   7m    87Mi   
websocket-server-56c97f4c7-wdbzn   2m    28Mi   
1781617149
websocket-server-56c97f4c7-2wpwq   2m    29Mi   
websocket-server-56c97f4c7-6fhtf   0m    27Mi   
websocket-server-56c97f4c7-6q5vs   8m    98Mi   
websocket-server-56c97f4c7-fmjfd   3m    30Mi   
websocket-server-56c97f4c7-j475d   9m    35Mi   
websocket-server-56c97f4c7-k6bqc   6m    40Mi   
websocket-server-56c97f4c7-mkhx7   9m    36Mi   
websocket-server-56c97f4c7-pmtfr   0m    27Mi   
websocket-server-56c97f4c7-t7zg4   7m    87Mi   
websocket-server-56c97f4c7-wdbzn   2m    28Mi   
1781617154
websocket-server-56c97f4c7-2wpwq   2m    29Mi   
websocket-server-56c97f4c7-6fhtf   1m    27Mi   
websocket-server-56c97f4c7-6q5vs   4m    98Mi   
websocket-server-56c97f4c7-fmjfd   2m    30Mi   
websocket-server-56c97f4c7-j475d   5m    35Mi   
websocket-server-56c97f4c7-k6bqc   6m    40Mi   
websocket-server-56c97f4c7-mkhx7   5m    36Mi   
websocket-server-56c97f4c7-pmtfr   1m    27Mi   
websocket-server-56c97f4c7-t7zg4   3m    87Mi   
websocket-server-56c97f4c7-wdbzn   1m    28Mi   
1781617159
websocket-server-56c97f4c7-2wpwq   2m    29Mi   
websocket-server-56c97f4c7-6fhtf   1m    27Mi   
websocket-server-56c97f4c7-6q5vs   4m    98Mi   
websocket-server-56c97f4c7-fmjfd   2m    30Mi   
websocket-server-56c97f4c7-j475d   5m    35Mi   
websocket-server-56c97f4c7-k6bqc   6m    40Mi   
websocket-server-56c97f4c7-mkhx7   5m    36Mi   
websocket-server-56c97f4c7-pmtfr   1m    27Mi   
websocket-server-56c97f4c7-t7zg4   3m    87Mi   
websocket-server-56c97f4c7-wdbzn   1m    28Mi   
1781617164
websocket-server-56c97f4c7-2wpwq   2m    29Mi   
websocket-server-56c97f4c7-6fhtf   1m    27Mi   
websocket-server-56c97f4c7-6q5vs   4m    98Mi   
websocket-server-56c97f4c7-fmjfd   2m    30Mi   
websocket-server-56c97f4c7-j475d   5m    35Mi   
websocket-server-56c97f4c7-k6bqc   6m    40Mi   
websocket-server-56c97f4c7-mkhx7   5m    36Mi   
websocket-server-56c97f4c7-pmtfr   1m    27Mi   
websocket-server-56c97f4c7-t7zg4   3m    87Mi   
websocket-server-56c97f4c7-wdbzn   1m    28Mi   
1781617169
websocket-server-56c97f4c7-2wpwq   1m    28Mi   
websocket-server-56c97f4c7-6fhtf   1m    27Mi   
websocket-server-56c97f4c7-6q5vs   4m    98Mi   
websocket-server-56c97f4c7-fmjfd   1m    30Mi   
websocket-server-56c97f4c7-j475d   3m    35Mi   
websocket-server-56c97f4c7-k6bqc   3m    40Mi   
websocket-server-56c97f4c7-mkhx7   4m    36Mi   
websocket-server-56c97f4c7-pmtfr   1m    27Mi   
websocket-server-56c97f4c7-t7zg4   3m    87Mi   
websocket-server-56c97f4c7-wdbzn   1m    28Mi   
1781617174
websocket-server-56c97f4c7-2wpwq   1m    28Mi   
websocket-server-56c97f4c7-6fhtf   1m    27Mi   
websocket-server-56c97f4c7-6q5vs   4m    98Mi   
websocket-server-56c97f4c7-fmjfd   1m    30Mi   
websocket-server-56c97f4c7-j475d   3m    35Mi   
websocket-server-56c97f4c7-k6bqc   3m    40Mi   
websocket-server-56c97f4c7-mkhx7   4m    36Mi   
websocket-server-56c97f4c7-pmtfr   1m    27Mi   
websocket-server-56c97f4c7-t7zg4   3m    87Mi   
websocket-server-56c97f4c7-wdbzn   1m    28Mi   
1781617179
websocket-server-56c97f4c7-2wpwq   1m    28Mi   
websocket-server-56c97f4c7-6fhtf   1m    27Mi   
websocket-server-56c97f4c7-6q5vs   4m    98Mi   
websocket-server-56c97f4c7-fmjfd   1m    30Mi   
websocket-server-56c97f4c7-j475d   3m    35Mi   
websocket-server-56c97f4c7-k6bqc   3m    40Mi   
websocket-server-56c97f4c7-mkhx7   4m    36Mi   
websocket-server-56c97f4c7-pmtfr   1m    27Mi   
websocket-server-56c97f4c7-t7zg4   3m    87Mi   
websocket-server-56c97f4c7-wdbzn   1m    28Mi   
1781617184
websocket-server-56c97f4c7-2wpwq   1m    28Mi   
websocket-server-56c97f4c7-6fhtf   1m    27Mi   
websocket-server-56c97f4c7-6q5vs   4m    98Mi   
websocket-server-56c97f4c7-fmjfd   1m    30Mi   
websocket-server-56c97f4c7-j475d   3m    35Mi   
websocket-server-56c97f4c7-k6bqc   3m    40Mi   
websocket-server-56c97f4c7-mkhx7   4m    36Mi   
websocket-server-56c97f4c7-pmtfr   1m    27Mi   
websocket-server-56c97f4c7-t7zg4   3m    87Mi   
websocket-server-56c97f4c7-wdbzn   1m    28Mi   
1781617189
websocket-server-56c97f4c7-2wpwq   1m    28Mi   
websocket-server-56c97f4c7-6fhtf   1m    27Mi   
websocket-server-56c97f4c7-6q5vs   4m    98Mi   
websocket-server-56c97f4c7-fmjfd   1m    30Mi   
websocket-server-56c97f4c7-j475d   3m    35Mi   
websocket-server-56c97f4c7-k6bqc   3m    40Mi   
websocket-server-56c97f4c7-mkhx7   4m    36Mi   
websocket-server-56c97f4c7-pmtfr   1m    27Mi   
websocket-server-56c97f4c7-t7zg4   3m    87Mi   
websocket-server-56c97f4c7-wdbzn   1m    28Mi   
1781617194
websocket-server-56c97f4c7-2wpwq   1m    28Mi   
websocket-server-56c97f4c7-6fhtf   1m    27Mi   
websocket-server-56c97f4c7-6q5vs   4m    98Mi   
websocket-server-56c97f4c7-fmjfd   1m    30Mi   
websocket-server-56c97f4c7-j475d   3m    35Mi   
websocket-server-56c97f4c7-k6bqc   3m    40Mi   
websocket-server-56c97f4c7-mkhx7   4m    36Mi   
websocket-server-56c97f4c7-pmtfr   1m    27Mi   
websocket-server-56c97f4c7-t7zg4   3m    87Mi   
websocket-server-56c97f4c7-wdbzn   1m    28Mi   
1781617199
websocket-server-56c97f4c7-2wpwq   1m    28Mi   
websocket-server-56c97f4c7-6fhtf   1m    27Mi   
websocket-server-56c97f4c7-6q5vs   9m    97Mi   
websocket-server-56c97f4c7-fmjfd   3m    30Mi   
websocket-server-56c97f4c7-j475d   3m    35Mi   
websocket-server-56c97f4c7-k6bqc   3m    40Mi   
websocket-server-56c97f4c7-mkhx7   8m    36Mi   
websocket-server-56c97f4c7-pmtfr   1m    27Mi   
websocket-server-56c97f4c7-t7zg4   3m    87Mi   
websocket-server-56c97f4c7-wdbzn   1m    28Mi   
1781617204
websocket-server-56c97f4c7-2wpwq   1m    28Mi   
websocket-server-56c97f4c7-6fhtf   1m    27Mi   
websocket-server-56c97f4c7-6q5vs   9m    97Mi   
websocket-server-56c97f4c7-fmjfd   3m    30Mi   
websocket-server-56c97f4c7-j475d   3m    35Mi   
websocket-server-56c97f4c7-k6bqc   3m    40Mi   
websocket-server-56c97f4c7-mkhx7   8m    36Mi   
websocket-server-56c97f4c7-pmtfr   1m    27Mi   
websocket-server-56c97f4c7-t7zg4   3m    87Mi   
websocket-server-56c97f4c7-wdbzn   1m    28Mi   
1781617209
websocket-server-56c97f4c7-2wpwq   1m    28Mi   
websocket-server-56c97f4c7-6fhtf   1m    27Mi   
websocket-server-56c97f4c7-6q5vs   9m    97Mi   
websocket-server-56c97f4c7-fmjfd   3m    30Mi   
websocket-server-56c97f4c7-j475d   3m    35Mi   
websocket-server-56c97f4c7-k6bqc   3m    40Mi   
websocket-server-56c97f4c7-mkhx7   8m    36Mi   
websocket-server-56c97f4c7-pmtfr   1m    27Mi   
websocket-server-56c97f4c7-t7zg4   3m    87Mi   
websocket-server-56c97f4c7-wdbzn   1m    28Mi   
1781617215
websocket-server-56c97f4c7-2wpwq   1m    28Mi   
websocket-server-56c97f4c7-6fhtf   1m    27Mi   
websocket-server-56c97f4c7-6q5vs   1m    97Mi   
websocket-server-56c97f4c7-fmjfd   0m    30Mi   
websocket-server-56c97f4c7-j475d   5m    35Mi   
websocket-server-56c97f4c7-k6bqc   4m    39Mi   
websocket-server-56c97f4c7-mkhx7   1m    36Mi   
websocket-server-56c97f4c7-pmtfr   1m    27Mi   
websocket-server-56c97f4c7-t7zg4   3m    86Mi   
websocket-server-56c97f4c7-wdbzn   2m    28Mi   
1781617220
websocket-server-56c97f4c7-2wpwq   1m    28Mi   
websocket-server-56c97f4c7-6fhtf   1m    27Mi   
websocket-server-56c97f4c7-6q5vs   1m    97Mi   
websocket-server-56c97f4c7-fmjfd   0m    30Mi   
websocket-server-56c97f4c7-j475d   5m    35Mi   
websocket-server-56c97f4c7-k6bqc   4m    39Mi   
websocket-server-56c97f4c7-mkhx7   1m    36Mi   
websocket-server-56c97f4c7-pmtfr   1m    27Mi   
websocket-server-56c97f4c7-t7zg4   3m    86Mi   
websocket-server-56c97f4c7-wdbzn   2m    28Mi   
1781617225
websocket-server-56c97f4c7-2wpwq   1m    28Mi   
websocket-server-56c97f4c7-6fhtf   1m    27Mi   
websocket-server-56c97f4c7-6q5vs   1m    97Mi   
websocket-server-56c97f4c7-fmjfd   0m    30Mi   
websocket-server-56c97f4c7-j475d   5m    35Mi   
websocket-server-56c97f4c7-k6bqc   4m    39Mi   
websocket-server-56c97f4c7-mkhx7   1m    36Mi   
websocket-server-56c97f4c7-pmtfr   1m    27Mi   
websocket-server-56c97f4c7-t7zg4   3m    86Mi   
websocket-server-56c97f4c7-wdbzn   2m    28Mi   
1781617230
websocket-server-56c97f4c7-2wpwq   1m    28Mi   
websocket-server-56c97f4c7-6fhtf   1m    27Mi   
websocket-server-56c97f4c7-6q5vs   1m    97Mi   
websocket-server-56c97f4c7-fmjfd   0m    30Mi   
websocket-server-56c97f4c7-j475d   1m    35Mi   
websocket-server-56c97f4c7-k6bqc   1m    39Mi   
websocket-server-56c97f4c7-mkhx7   1m    36Mi   
websocket-server-56c97f4c7-pmtfr   1m    27Mi   
websocket-server-56c97f4c7-t7zg4   0m    86Mi   
websocket-server-56c97f4c7-wdbzn   1m    28Mi   
1781617235
websocket-server-56c97f4c7-2wpwq   1m    28Mi   
websocket-server-56c97f4c7-6fhtf   1m    27Mi   
websocket-server-56c97f4c7-6q5vs   1m    97Mi   
websocket-server-56c97f4c7-fmjfd   0m    30Mi   
websocket-server-56c97f4c7-j475d   1m    35Mi   
websocket-server-56c97f4c7-k6bqc   1m    39Mi   
websocket-server-56c97f4c7-mkhx7   1m    36Mi   
websocket-server-56c97f4c7-pmtfr   1m    27Mi   
websocket-server-56c97f4c7-t7zg4   0m    86Mi   
websocket-server-56c97f4c7-wdbzn   1m    28Mi   
1781617240
websocket-server-56c97f4c7-2wpwq   1m    28Mi   
websocket-server-56c97f4c7-6fhtf   1m    27Mi   
websocket-server-56c97f4c7-6q5vs   1m    97Mi   
websocket-server-56c97f4c7-fmjfd   0m    30Mi   
websocket-server-56c97f4c7-j475d   1m    35Mi   
websocket-server-56c97f4c7-k6bqc   1m    39Mi   
websocket-server-56c97f4c7-mkhx7   1m    36Mi   
websocket-server-56c97f4c7-pmtfr   1m    27Mi   
websocket-server-56c97f4c7-t7zg4   0m    86Mi   
websocket-server-56c97f4c7-wdbzn   1m    28Mi   
1781617245
websocket-server-56c97f4c7-2wpwq   1m    28Mi   
websocket-server-56c97f4c7-6fhtf   1m    27Mi   
websocket-server-56c97f4c7-6q5vs   1m    97Mi   
websocket-server-56c97f4c7-fmjfd   1m    30Mi   
websocket-server-56c97f4c7-j475d   1m    35Mi   
websocket-server-56c97f4c7-k6bqc   1m    39Mi   
websocket-server-56c97f4c7-mkhx7   1m    36Mi   
websocket-server-56c97f4c7-pmtfr   1m    27Mi   
websocket-server-56c97f4c7-t7zg4   1m    86Mi   
websocket-server-56c97f4c7-wdbzn   1m    28Mi   
1781617250
websocket-server-56c97f4c7-2wpwq   1m    28Mi   
websocket-server-56c97f4c7-6fhtf   1m    27Mi   
websocket-server-56c97f4c7-6q5vs   1m    97Mi   
websocket-server-56c97f4c7-fmjfd   1m    30Mi   
websocket-server-56c97f4c7-j475d   1m    35Mi   
websocket-server-56c97f4c7-k6bqc   1m    39Mi   
websocket-server-56c97f4c7-mkhx7   1m    36Mi   
websocket-server-56c97f4c7-pmtfr   1m    27Mi   
websocket-server-56c97f4c7-t7zg4   1m    86Mi   
websocket-server-56c97f4c7-wdbzn   1m    28Mi   
1781617255
websocket-server-56c97f4c7-2wpwq   1m    28Mi   
websocket-server-56c97f4c7-6fhtf   1m    27Mi   
websocket-server-56c97f4c7-6q5vs   1m    97Mi   
websocket-server-56c97f4c7-fmjfd   1m    30Mi   
websocket-server-56c97f4c7-j475d   1m    35Mi   
websocket-server-56c97f4c7-k6bqc   1m    39Mi   
websocket-server-56c97f4c7-mkhx7   1m    36Mi   
websocket-server-56c97f4c7-pmtfr   1m    27Mi   
websocket-server-56c97f4c7-t7zg4   1m    86Mi   
websocket-server-56c97f4c7-wdbzn   1m    28Mi   
1781617260
websocket-server-56c97f4c7-2wpwq   1m    28Mi   
websocket-server-56c97f4c7-6fhtf   1m    27Mi   
websocket-server-56c97f4c7-6q5vs   0m    97Mi   
websocket-server-56c97f4c7-fmjfd   1m    30Mi   
websocket-server-56c97f4c7-j475d   1m    35Mi   
websocket-server-56c97f4c7-k6bqc   1m    39Mi   
websocket-server-56c97f4c7-mkhx7   1m    36Mi   
websocket-server-56c97f4c7-pmtfr   1m    27Mi   
websocket-server-56c97f4c7-t7zg4   1m    86Mi   
websocket-server-56c97f4c7-wdbzn   1m    28Mi   
1781617265
websocket-server-56c97f4c7-2wpwq   1m    28Mi   
websocket-server-56c97f4c7-6fhtf   1m    27Mi   
websocket-server-56c97f4c7-6q5vs   0m    97Mi   
websocket-server-56c97f4c7-fmjfd   1m    30Mi   
websocket-server-56c97f4c7-j475d   1m    35Mi   
websocket-server-56c97f4c7-k6bqc   1m    39Mi   
websocket-server-56c97f4c7-mkhx7   1m    36Mi   
websocket-server-56c97f4c7-pmtfr   1m    27Mi   
websocket-server-56c97f4c7-t7zg4   1m    86Mi   
websocket-server-56c97f4c7-wdbzn   1m    28Mi   
1781617270
websocket-server-56c97f4c7-2wpwq   1m    28Mi   
websocket-server-56c97f4c7-6fhtf   1m    27Mi   
websocket-server-56c97f4c7-6q5vs   0m    97Mi   
websocket-server-56c97f4c7-fmjfd   1m    30Mi   
websocket-server-56c97f4c7-j475d   1m    35Mi   
websocket-server-56c97f4c7-k6bqc   1m    39Mi   
websocket-server-56c97f4c7-mkhx7   1m    36Mi   
websocket-server-56c97f4c7-pmtfr   1m    27Mi   
websocket-server-56c97f4c7-t7zg4   1m    86Mi   
websocket-server-56c97f4c7-wdbzn   1m    28Mi   
1781617275
websocket-server-56c97f4c7-2wpwq   1m    29Mi   
websocket-server-56c97f4c7-6q5vs   1m    97Mi   
websocket-server-56c97f4c7-fmjfd   1m    30Mi   
websocket-server-56c97f4c7-j475d   1m    35Mi   
websocket-server-56c97f4c7-k6bqc   1m    39Mi   
websocket-server-56c97f4c7-mkhx7   1m    36Mi   
websocket-server-56c97f4c7-pmtfr   1m    27Mi   
websocket-server-56c97f4c7-t7zg4   0m    86Mi   
websocket-server-56c97f4c7-wdbzn   0m    28Mi   
1781617280
websocket-server-56c97f4c7-2wpwq   1m    29Mi   
websocket-server-56c97f4c7-6q5vs   1m    97Mi   
websocket-server-56c97f4c7-fmjfd   1m    30Mi   
websocket-server-56c97f4c7-j475d   1m    35Mi   
websocket-server-56c97f4c7-k6bqc   1m    39Mi   
websocket-server-56c97f4c7-mkhx7   1m    36Mi   
websocket-server-56c97f4c7-pmtfr   1m    27Mi   
websocket-server-56c97f4c7-t7zg4   0m    86Mi   
websocket-server-56c97f4c7-wdbzn   0m    28Mi   
1781617285
websocket-server-56c97f4c7-2wpwq   1m    29Mi   
websocket-server-56c97f4c7-6q5vs   1m    97Mi   
websocket-server-56c97f4c7-j475d   1m    35Mi   
websocket-server-56c97f4c7-k6bqc   1m    39Mi   
websocket-server-56c97f4c7-mkhx7   1m    36Mi   
websocket-server-56c97f4c7-pmtfr   1m    27Mi   
websocket-server-56c97f4c7-t7zg4   0m    86Mi   
websocket-server-56c97f4c7-wdbzn   0m    28Mi   
1781617290
websocket-server-56c97f4c7-2wpwq   1m    29Mi   
websocket-server-56c97f4c7-6q5vs   0m    97Mi   
websocket-server-56c97f4c7-j475d   1m    35Mi   
websocket-server-56c97f4c7-k6bqc   1m    39Mi   
websocket-server-56c97f4c7-mkhx7   1m    36Mi   
websocket-server-56c97f4c7-pmtfr   1m    27Mi   
websocket-server-56c97f4c7-t7zg4   1m    86Mi   
websocket-server-56c97f4c7-wdbzn   1m    28Mi   
1781617295
websocket-server-56c97f4c7-2wpwq   1m    29Mi   
websocket-server-56c97f4c7-6q5vs   0m    97Mi   
websocket-server-56c97f4c7-j475d   1m    35Mi   
websocket-server-56c97f4c7-k6bqc   1m    39Mi   
websocket-server-56c97f4c7-mkhx7   1m    36Mi   
websocket-server-56c97f4c7-pmtfr   1m    27Mi   
websocket-server-56c97f4c7-t7zg4   1m    86Mi   
websocket-server-56c97f4c7-wdbzn   1m    28Mi   
1781617300
websocket-server-56c97f4c7-2wpwq   1m    29Mi   
websocket-server-56c97f4c7-6q5vs   0m    97Mi   
websocket-server-56c97f4c7-j475d   1m    35Mi   
websocket-server-56c97f4c7-k6bqc   1m    39Mi   
websocket-server-56c97f4c7-mkhx7   1m    36Mi   
websocket-server-56c97f4c7-pmtfr   1m    27Mi   
websocket-server-56c97f4c7-t7zg4   1m    86Mi   
websocket-server-56c97f4c7-wdbzn   1m    28Mi   
1781617305
websocket-server-56c97f4c7-2wpwq   1m    28Mi   
websocket-server-56c97f4c7-6q5vs   1m    97Mi   
websocket-server-56c97f4c7-j475d   1m    35Mi   
websocket-server-56c97f4c7-k6bqc   1m    39Mi   
websocket-server-56c97f4c7-mkhx7   1m    36Mi   
websocket-server-56c97f4c7-pmtfr   1m    27Mi   
websocket-server-56c97f4c7-t7zg4   1m    86Mi   
websocket-server-56c97f4c7-wdbzn   0m    28Mi   
1781617310
websocket-server-56c97f4c7-2wpwq   1m    28Mi   
websocket-server-56c97f4c7-6q5vs   1m    97Mi   
websocket-server-56c97f4c7-j475d   1m    35Mi   
websocket-server-56c97f4c7-k6bqc   1m    39Mi   
websocket-server-56c97f4c7-mkhx7   1m    36Mi   
websocket-server-56c97f4c7-pmtfr   1m    27Mi   
websocket-server-56c97f4c7-t7zg4   1m    86Mi   
websocket-server-56c97f4c7-wdbzn   0m    28Mi   
1781617316
websocket-server-56c97f4c7-2wpwq   1m    28Mi   
websocket-server-56c97f4c7-6q5vs   1m    97Mi   
websocket-server-56c97f4c7-j475d   1m    35Mi   
websocket-server-56c97f4c7-k6bqc   1m    39Mi   
websocket-server-56c97f4c7-mkhx7   1m    36Mi   
websocket-server-56c97f4c7-pmtfr   1m    27Mi   
websocket-server-56c97f4c7-t7zg4   1m    86Mi   
websocket-server-56c97f4c7-wdbzn   0m    28Mi   
1781617321
websocket-server-56c97f4c7-2wpwq   1m    28Mi   
websocket-server-56c97f4c7-6q5vs   1m    97Mi   
websocket-server-56c97f4c7-j475d   1m    35Mi   
websocket-server-56c97f4c7-k6bqc   1m    39Mi   
websocket-server-56c97f4c7-mkhx7   1m    36Mi   
websocket-server-56c97f4c7-pmtfr   0m    27Mi   
websocket-server-56c97f4c7-t7zg4   1m    86Mi   
websocket-server-56c97f4c7-wdbzn   0m    28Mi   
1781617326
websocket-server-56c97f4c7-2wpwq   1m    28Mi   
websocket-server-56c97f4c7-6q5vs   1m    97Mi   
websocket-server-56c97f4c7-j475d   1m    35Mi   
websocket-server-56c97f4c7-k6bqc   1m    39Mi   
websocket-server-56c97f4c7-mkhx7   1m    36Mi   
websocket-server-56c97f4c7-pmtfr   0m    27Mi   
websocket-server-56c97f4c7-t7zg4   1m    86Mi   
websocket-server-56c97f4c7-wdbzn   0m    28Mi   
1781617331
websocket-server-56c97f4c7-2wpwq   1m    28Mi   
websocket-server-56c97f4c7-6q5vs   1m    97Mi   
websocket-server-56c97f4c7-j475d   1m    35Mi   
websocket-server-56c97f4c7-k6bqc   1m    39Mi   
websocket-server-56c97f4c7-mkhx7   1m    36Mi   
websocket-server-56c97f4c7-pmtfr   0m    27Mi   
websocket-server-56c97f4c7-t7zg4   1m    86Mi   
websocket-server-56c97f4c7-wdbzn   0m    28Mi   
1781617336
websocket-server-56c97f4c7-2wpwq   1m    28Mi   
websocket-server-56c97f4c7-6q5vs   1m    97Mi   
websocket-server-56c97f4c7-j475d   1m    35Mi   
websocket-server-56c97f4c7-k6bqc   0m    39Mi   
websocket-server-56c97f4c7-mkhx7   1m    36Mi   
websocket-server-56c97f4c7-pmtfr   0m    27Mi   
websocket-server-56c97f4c7-t7zg4   1m    86Mi   
websocket-server-56c97f4c7-wdbzn   1m    28Mi   
1781617341
websocket-server-56c97f4c7-6q5vs   1m    97Mi   
websocket-server-56c97f4c7-j475d   1m    35Mi   
websocket-server-56c97f4c7-k6bqc   0m    39Mi   
websocket-server-56c97f4c7-mkhx7   1m    36Mi   
websocket-server-56c97f4c7-pmtfr   0m    27Mi   
websocket-server-56c97f4c7-t7zg4   1m    86Mi   
websocket-server-56c97f4c7-wdbzn   1m    28Mi   
1781617346
websocket-server-56c97f4c7-6q5vs   1m    97Mi   
websocket-server-56c97f4c7-j475d   1m    35Mi   
websocket-server-56c97f4c7-k6bqc   0m    39Mi   
websocket-server-56c97f4c7-mkhx7   1m    36Mi   
websocket-server-56c97f4c7-t7zg4   1m    86Mi   
1781617351
websocket-server-56c97f4c7-6q5vs   0m    97Mi   
websocket-server-56c97f4c7-mkhx7   1m    36Mi   
websocket-server-56c97f4c7-t7zg4   1m    86Mi   
1781617356
websocket-server-56c97f4c7-6q5vs   0m    97Mi   
websocket-server-56c97f4c7-t7zg4   1m    86Mi   
