1781616755,2
1781616760,2
1781616765,2
1781616770,2
1781616775,2
1781616780,2
1781616785,2
1781616790,2
1781616795,2
1781616800,2
1781616805,3
1781616810,3
1781616816,4
1781616821,4
1781616826,4
1781616831,5
1781616836,5
1781616841,6
1781616846,6
1781616851,7
1781616856,7
1781616861,8
1781616866,8
1781616871,8
1781616876,8
1781616881,8
1781616886,8
1781616891,8
1781616896,8
1781616901,8
1781616906,8
1781616912,8
1781616917,8
1781616922,8
1781616927,8
1781616932,8
1781616937,8
1781616942,8
1781616947,8
1781616952,8
1781616957,8
1781616962,8
1781616967,8
1781616972,8
1781616977,8
1781616982,8
1781616987,8
1781616992,8
1781616997,8
1781617002,8
1781617007,8
1781617012,8
1781617017,8
1781617023,8
1781617028,8
1781617033,8
1781617038,8
1781617043,8
1781617048,8
1781617053,8
1781617058,8
1781617063,8
1781617068,8
1781617073,6
1781617078,5
1781617083,6
1781617088,7
1781617093,7
1781617098,7
1781617103,8
1781617108,8
1781617113,9
1781617118,10
1781617123,10
1781617128,10
1781617133,10
1781617139,10
1781617144,10
1781617149,10
1781617154,10
1781617159,10
1781617164,10
1781617169,10
1781617174,10
1781617179,10
1781617184,10
1781617189,10
1781617194,10
1781617199,10
1781617204,10
1781617209,10
1781617214,10
1781617219,10
1781617224,10
1781617229,10
1781617234,10
1781617239,10
1781617244,9
1781617250,9
1781617255,8
1781617260,8
1781617265,8
1781617270,8
1781617275,8
1781617280,8
1781617285,8
1781617290,8
1781617295,8
1781617300,8
1781617305,8
1781617310,7
1781617315,5
1781617320,3
1781617325,2
1781617330,2
1781617335,2
1781617340,2
1781617345,2
1781617350,2
1781617355,2
