1781621179
websocket-server-56c97f4c7-6q5vs   1m    95Mi   
websocket-server-56c97f4c7-t7zg4   1m    94Mi   
1781621184
websocket-server-56c97f4c7-6q5vs   1m    95Mi   
websocket-server-56c97f4c7-t7zg4   1m    94Mi   
1781621189
websocket-server-56c97f4c7-6q5vs   1m    95Mi   
websocket-server-56c97f4c7-t7zg4   1m    94Mi   
1781621194
websocket-server-56c97f4c7-6q5vs   1m    95Mi   
websocket-server-56c97f4c7-t7zg4   1m    94Mi   
1781621199
websocket-server-56c97f4c7-6q5vs   1m    95Mi   
websocket-server-56c97f4c7-t7zg4   1m    94Mi   
1781621204
websocket-server-56c97f4c7-6q5vs   1m    95Mi   
websocket-server-56c97f4c7-t7zg4   1m    94Mi   
1781621209
websocket-server-56c97f4c7-6q5vs   1m    95Mi   
websocket-server-56c97f4c7-t7zg4   1m    94Mi   
1781621214
websocket-server-56c97f4c7-6q5vs   1m    95Mi   
websocket-server-56c97f4c7-t7zg4   1m    94Mi   
1781621219
websocket-server-56c97f4c7-6q5vs   5m    96Mi   
websocket-server-56c97f4c7-t7zg4   4m    94Mi   
1781621225
websocket-server-56c97f4c7-6q5vs   5m    96Mi   
websocket-server-56c97f4c7-t7zg4   4m    94Mi   
1781621230
websocket-server-56c97f4c7-6q5vs   5m    96Mi   
websocket-server-56c97f4c7-t7zg4   4m    94Mi   
1781621235
websocket-server-56c97f4c7-6q5vs   9m    96Mi   
websocket-server-56c97f4c7-t7zg4   7m    95Mi   
1781621240
websocket-server-56c97f4c7-6q5vs   9m    96Mi   
websocket-server-56c97f4c7-t7zg4   7m    95Mi   
1781621245
websocket-server-56c97f4c7-6q5vs   9m    96Mi   
websocket-server-56c97f4c7-t7zg4   7m    95Mi   
1781621250
websocket-server-56c97f4c7-6q5vs   12m   96Mi   
websocket-server-56c97f4c7-lbbw5   21m   29Mi   
websocket-server-56c97f4c7-t7zg4   14m   96Mi   
1781621255
websocket-server-56c97f4c7-6q5vs   12m   96Mi   
websocket-server-56c97f4c7-lbbw5   21m   29Mi   
websocket-server-56c97f4c7-t7zg4   14m   96Mi   
1781621260
websocket-server-56c97f4c7-6q5vs   12m   96Mi   
websocket-server-56c97f4c7-lbbw5   21m   29Mi   
websocket-server-56c97f4c7-t7zg4   14m   96Mi   
1781621265
websocket-server-56c97f4c7-6q5vs   14m   96Mi   
websocket-server-56c97f4c7-lbbw5   5m    31Mi   
websocket-server-56c97f4c7-mwwj6   3m    29Mi   
websocket-server-56c97f4c7-t7zg4   12m   96Mi   
1781621270
websocket-server-56c97f4c7-6q5vs   14m   96Mi   
websocket-server-56c97f4c7-lbbw5   5m    31Mi   
websocket-server-56c97f4c7-mwwj6   3m    29Mi   
websocket-server-56c97f4c7-t7zg4   12m   96Mi   
1781621275
websocket-server-56c97f4c7-6q5vs   14m   96Mi   
websocket-server-56c97f4c7-lbbw5   5m    31Mi   
websocket-server-56c97f4c7-mwwj6   3m    29Mi   
websocket-server-56c97f4c7-t7zg4   12m   96Mi   
1781621280
websocket-server-56c97f4c7-6q5vs   15m   96Mi   
websocket-server-56c97f4c7-9l97f   2m    28Mi   
websocket-server-56c97f4c7-h7vg5   19m   28Mi   
websocket-server-56c97f4c7-lbbw5   5m    32Mi   
websocket-server-56c97f4c7-mwwj6   4m    30Mi   
websocket-server-56c97f4c7-t7zg4   13m   96Mi   
1781621285
websocket-server-56c97f4c7-6q5vs   15m   96Mi   
websocket-server-56c97f4c7-9l97f   2m    28Mi   
websocket-server-56c97f4c7-h7vg5   19m   28Mi   
websocket-server-56c97f4c7-lbbw5   5m    32Mi   
websocket-server-56c97f4c7-mwwj6   4m    30Mi   
websocket-server-56c97f4c7-t7zg4   13m   96Mi   
1781621290
websocket-server-56c97f4c7-6q5vs   15m   96Mi   
websocket-server-56c97f4c7-9l97f   2m    28Mi   
websocket-server-56c97f4c7-h7vg5   19m   28Mi   
websocket-server-56c97f4c7-lbbw5   5m    32Mi   
websocket-server-56c97f4c7-mwwj6   4m    30Mi   
websocket-server-56c97f4c7-t7zg4   13m   96Mi   
1781621295
websocket-server-56c97f4c7-6q5vs   15m   97Mi   
websocket-server-56c97f4c7-9l97f   2m    28Mi   
websocket-server-56c97f4c7-fgc4r   1m    28Mi   
websocket-server-56c97f4c7-h7vg5   3m    30Mi   
websocket-server-56c97f4c7-lbbw5   7m    33Mi   
websocket-server-56c97f4c7-mwwj6   4m    30Mi   
websocket-server-56c97f4c7-t7zg4   14m   96Mi   
1781621300
websocket-server-56c97f4c7-6q5vs   15m   97Mi   
websocket-server-56c97f4c7-9l97f   2m    28Mi   
websocket-server-56c97f4c7-fgc4r   1m    28Mi   
websocket-server-56c97f4c7-h7vg5   3m    30Mi   
websocket-server-56c97f4c7-lbbw5   7m    33Mi   
websocket-server-56c97f4c7-mwwj6   4m    30Mi   
websocket-server-56c97f4c7-t7zg4   14m   96Mi   
1781621305
websocket-server-56c97f4c7-6q5vs   15m   97Mi   
websocket-server-56c97f4c7-9l97f   2m    28Mi   
websocket-server-56c97f4c7-fgc4r   1m    28Mi   
websocket-server-56c97f4c7-h7vg5   3m    30Mi   
websocket-server-56c97f4c7-lbbw5   7m    33Mi   
websocket-server-56c97f4c7-mwwj6   4m    30Mi   
websocket-server-56c97f4c7-t7zg4   14m   96Mi   
1781621310
websocket-server-56c97f4c7-6q5vs   16m   97Mi   
websocket-server-56c97f4c7-9l97f   3m    29Mi   
websocket-server-56c97f4c7-fgc4r   1m    28Mi   
websocket-server-56c97f4c7-h7vg5   3m    29Mi   
websocket-server-56c97f4c7-lbbw5   6m    33Mi   
websocket-server-56c97f4c7-mwwj6   4m    31Mi   
websocket-server-56c97f4c7-sst7d   1m    27Mi   
websocket-server-56c97f4c7-t7zg4   14m   96Mi   
1781621316
websocket-server-56c97f4c7-6q5vs   16m   97Mi   
websocket-server-56c97f4c7-9l97f   3m    29Mi   
websocket-server-56c97f4c7-fgc4r   1m    28Mi   
websocket-server-56c97f4c7-h7vg5   3m    29Mi   
websocket-server-56c97f4c7-lbbw5   6m    33Mi   
websocket-server-56c97f4c7-mwwj6   4m    31Mi   
websocket-server-56c97f4c7-sst7d   1m    27Mi   
websocket-server-56c97f4c7-t7zg4   14m   96Mi   
1781621321
websocket-server-56c97f4c7-6q5vs   16m   97Mi   
websocket-server-56c97f4c7-9l97f   3m    29Mi   
websocket-server-56c97f4c7-fgc4r   1m    28Mi   
websocket-server-56c97f4c7-h7vg5   3m    29Mi   
websocket-server-56c97f4c7-lbbw5   6m    33Mi   
websocket-server-56c97f4c7-mwwj6   4m    31Mi   
websocket-server-56c97f4c7-sst7d   1m    27Mi   
websocket-server-56c97f4c7-t7zg4   14m   96Mi   
1781621326
websocket-server-56c97f4c7-6q5vs   14m   96Mi   
websocket-server-56c97f4c7-9l97f   2m    29Mi   
websocket-server-56c97f4c7-fgc4r   1m    28Mi   
websocket-server-56c97f4c7-h7vg5   3m    29Mi   
websocket-server-56c97f4c7-lbbw5   5m    33Mi   
websocket-server-56c97f4c7-mwwj6   3m    31Mi   
websocket-server-56c97f4c7-sst7d   1m    27Mi   
websocket-server-56c97f4c7-t7zg4   14m   96Mi   
1781621331
websocket-server-56c97f4c7-6q5vs   14m   96Mi   
websocket-server-56c97f4c7-9l97f   2m    29Mi   
websocket-server-56c97f4c7-fgc4r   1m    28Mi   
websocket-server-56c97f4c7-h7vg5   3m    29Mi   
websocket-server-56c97f4c7-lbbw5   5m    33Mi   
websocket-server-56c97f4c7-mwwj6   3m    31Mi   
websocket-server-56c97f4c7-sst7d   1m    27Mi   
websocket-server-56c97f4c7-t7zg4   14m   96Mi   
1781621336
websocket-server-56c97f4c7-6q5vs   14m   96Mi   
websocket-server-56c97f4c7-9l97f   2m    29Mi   
websocket-server-56c97f4c7-fgc4r   1m    28Mi   
websocket-server-56c97f4c7-h7vg5   3m    29Mi   
websocket-server-56c97f4c7-lbbw5   5m    33Mi   
websocket-server-56c97f4c7-mwwj6   3m    31Mi   
websocket-server-56c97f4c7-sst7d   1m    27Mi   
websocket-server-56c97f4c7-t7zg4   14m   96Mi   
1781621341
websocket-server-56c97f4c7-6q5vs   5m    96Mi   
websocket-server-56c97f4c7-9l97f   1m    29Mi   
websocket-server-56c97f4c7-fgc4r   1m    28Mi   
websocket-server-56c97f4c7-h7vg5   2m    30Mi   
websocket-server-56c97f4c7-lbbw5   2m    33Mi   
websocket-server-56c97f4c7-mwwj6   2m    31Mi   
websocket-server-56c97f4c7-sst7d   1m    27Mi   
websocket-server-56c97f4c7-t7zg4   7m    96Mi   
1781621346
websocket-server-56c97f4c7-6q5vs   5m    96Mi   
websocket-server-56c97f4c7-9l97f   1m    29Mi   
websocket-server-56c97f4c7-fgc4r   1m    28Mi   
websocket-server-56c97f4c7-h7vg5   2m    30Mi   
websocket-server-56c97f4c7-lbbw5   2m    33Mi   
websocket-server-56c97f4c7-mwwj6   2m    31Mi   
websocket-server-56c97f4c7-sst7d   1m    27Mi   
websocket-server-56c97f4c7-t7zg4   7m    96Mi   
1781621351
websocket-server-56c97f4c7-6q5vs   5m    96Mi   
websocket-server-56c97f4c7-9l97f   1m    29Mi   
websocket-server-56c97f4c7-fgc4r   1m    28Mi   
websocket-server-56c97f4c7-h7vg5   2m    30Mi   
websocket-server-56c97f4c7-lbbw5   2m    33Mi   
websocket-server-56c97f4c7-mwwj6   2m    31Mi   
websocket-server-56c97f4c7-sst7d   1m    27Mi   
websocket-server-56c97f4c7-t7zg4   7m    96Mi   
1781621356
websocket-server-56c97f4c7-6q5vs   5m    96Mi   
websocket-server-56c97f4c7-9l97f   1m    29Mi   
websocket-server-56c97f4c7-fgc4r   1m    28Mi   
websocket-server-56c97f4c7-h7vg5   1m    29Mi   
websocket-server-56c97f4c7-lbbw5   2m    33Mi   
websocket-server-56c97f4c7-mwwj6   2m    31Mi   
websocket-server-56c97f4c7-sst7d   1m    27Mi   
websocket-server-56c97f4c7-t7zg4   5m    96Mi   
1781621361
websocket-server-56c97f4c7-6q5vs   5m    96Mi   
websocket-server-56c97f4c7-9l97f   1m    29Mi   
websocket-server-56c97f4c7-fgc4r   1m    28Mi   
websocket-server-56c97f4c7-h7vg5   1m    29Mi   
websocket-server-56c97f4c7-lbbw5   2m    33Mi   
websocket-server-56c97f4c7-mwwj6   2m    31Mi   
websocket-server-56c97f4c7-sst7d   1m    27Mi   
websocket-server-56c97f4c7-t7zg4   5m    96Mi   
1781621366
websocket-server-56c97f4c7-6q5vs   5m    96Mi   
websocket-server-56c97f4c7-9l97f   1m    29Mi   
websocket-server-56c97f4c7-fgc4r   1m    28Mi   
websocket-server-56c97f4c7-h7vg5   1m    29Mi   
websocket-server-56c97f4c7-lbbw5   2m    33Mi   
websocket-server-56c97f4c7-mwwj6   2m    31Mi   
websocket-server-56c97f4c7-sst7d   1m    27Mi   
websocket-server-56c97f4c7-t7zg4   5m    96Mi   
1781621371
websocket-server-56c97f4c7-6q5vs   5m    96Mi   
websocket-server-56c97f4c7-9l97f   1m    29Mi   
websocket-server-56c97f4c7-fgc4r   1m    28Mi   
websocket-server-56c97f4c7-h7vg5   1m    29Mi   
websocket-server-56c97f4c7-lbbw5   2m    33Mi   
websocket-server-56c97f4c7-mwwj6   2m    31Mi   
websocket-server-56c97f4c7-sst7d   1m    27Mi   
websocket-server-56c97f4c7-t7zg4   4m    96Mi   
1781621376
websocket-server-56c97f4c7-6q5vs   5m    96Mi   
websocket-server-56c97f4c7-9l97f   1m    29Mi   
websocket-server-56c97f4c7-fgc4r   1m    28Mi   
websocket-server-56c97f4c7-h7vg5   1m    29Mi   
websocket-server-56c97f4c7-lbbw5   2m    33Mi   
websocket-server-56c97f4c7-mwwj6   2m    31Mi   
websocket-server-56c97f4c7-sst7d   1m    27Mi   
websocket-server-56c97f4c7-t7zg4   4m    96Mi   
1781621381
websocket-server-56c97f4c7-6q5vs   5m    96Mi   
websocket-server-56c97f4c7-9l97f   1m    29Mi   
websocket-server-56c97f4c7-fgc4r   1m    28Mi   
websocket-server-56c97f4c7-h7vg5   1m    29Mi   
websocket-server-56c97f4c7-lbbw5   2m    33Mi   
websocket-server-56c97f4c7-mwwj6   2m    31Mi   
websocket-server-56c97f4c7-sst7d   1m    27Mi   
websocket-server-56c97f4c7-t7zg4   4m    96Mi   
1781621386
websocket-server-56c97f4c7-6q5vs   5m    96Mi   
websocket-server-56c97f4c7-9l97f   1m    29Mi   
websocket-server-56c97f4c7-fgc4r   1m    28Mi   
websocket-server-56c97f4c7-h7vg5   1m    30Mi   
websocket-server-56c97f4c7-lbbw5   6m    33Mi   
websocket-server-56c97f4c7-mwwj6   2m    31Mi   
websocket-server-56c97f4c7-sst7d   1m    27Mi   
websocket-server-56c97f4c7-t7zg4   5m    96Mi   
1781621391
websocket-server-56c97f4c7-6q5vs   5m    96Mi   
websocket-server-56c97f4c7-9l97f   1m    29Mi   
websocket-server-56c97f4c7-fgc4r   1m    28Mi   
websocket-server-56c97f4c7-h7vg5   1m    30Mi   
websocket-server-56c97f4c7-lbbw5   6m    33Mi   
websocket-server-56c97f4c7-mwwj6   2m    31Mi   
websocket-server-56c97f4c7-sst7d   1m    27Mi   
websocket-server-56c97f4c7-t7zg4   5m    96Mi   
1781621396
websocket-server-56c97f4c7-6q5vs   5m    96Mi   
websocket-server-56c97f4c7-9l97f   1m    29Mi   
websocket-server-56c97f4c7-fgc4r   1m    28Mi   
websocket-server-56c97f4c7-h7vg5   1m    30Mi   
websocket-server-56c97f4c7-lbbw5   6m    33Mi   
websocket-server-56c97f4c7-mwwj6   2m    31Mi   
websocket-server-56c97f4c7-sst7d   1m    27Mi   
websocket-server-56c97f4c7-t7zg4   5m    96Mi   
1781621401
websocket-server-56c97f4c7-6q5vs   8m    95Mi   
websocket-server-56c97f4c7-9l97f   3m    29Mi   
websocket-server-56c97f4c7-fgc4r   1m    28Mi   
websocket-server-56c97f4c7-h7vg5   2m    29Mi   
websocket-server-56c97f4c7-lbbw5   1m    33Mi   
websocket-server-56c97f4c7-mwwj6   4m    31Mi   
websocket-server-56c97f4c7-sst7d   1m    27Mi   
websocket-server-56c97f4c7-t7zg4   8m    95Mi   
1781621406
websocket-server-56c97f4c7-6q5vs   8m    95Mi   
websocket-server-56c97f4c7-9l97f   3m    29Mi   
websocket-server-56c97f4c7-fgc4r   1m    28Mi   
websocket-server-56c97f4c7-h7vg5   2m    29Mi   
websocket-server-56c97f4c7-lbbw5   1m    33Mi   
websocket-server-56c97f4c7-mwwj6   4m    31Mi   
websocket-server-56c97f4c7-sst7d   1m    27Mi   
websocket-server-56c97f4c7-t7zg4   8m    95Mi   
1781621411
websocket-server-56c97f4c7-6q5vs   8m    95Mi   
websocket-server-56c97f4c7-9l97f   3m    29Mi   
websocket-server-56c97f4c7-fgc4r   1m    28Mi   
websocket-server-56c97f4c7-h7vg5   2m    29Mi   
websocket-server-56c97f4c7-lbbw5   1m    33Mi   
websocket-server-56c97f4c7-mwwj6   4m    31Mi   
websocket-server-56c97f4c7-sst7d   1m    27Mi   
websocket-server-56c97f4c7-t7zg4   8m    95Mi   
1781621416
websocket-server-56c97f4c7-6q5vs   1m    95Mi   
websocket-server-56c97f4c7-9l97f   1m    29Mi   
websocket-server-56c97f4c7-fgc4r   1m    28Mi   
websocket-server-56c97f4c7-h7vg5   1m    29Mi   
websocket-server-56c97f4c7-lbbw5   1m    33Mi   
websocket-server-56c97f4c7-mwwj6   1m    31Mi   
websocket-server-56c97f4c7-sst7d   1m    27Mi   
websocket-server-56c97f4c7-t7zg4   1m    95Mi   
1781621422
websocket-server-56c97f4c7-6q5vs   1m    95Mi   
websocket-server-56c97f4c7-9l97f   1m    29Mi   
websocket-server-56c97f4c7-fgc4r   1m    28Mi   
websocket-server-56c97f4c7-h7vg5   1m    29Mi   
websocket-server-56c97f4c7-lbbw5   1m    33Mi   
websocket-server-56c97f4c7-mwwj6   1m    31Mi   
websocket-server-56c97f4c7-sst7d   1m    27Mi   
websocket-server-56c97f4c7-t7zg4   1m    95Mi   
1781621427
websocket-server-56c97f4c7-6q5vs   1m    95Mi   
websocket-server-56c97f4c7-9l97f   1m    29Mi   
websocket-server-56c97f4c7-fgc4r   1m    28Mi   
websocket-server-56c97f4c7-h7vg5   1m    29Mi   
websocket-server-56c97f4c7-lbbw5   1m    33Mi   
websocket-server-56c97f4c7-mwwj6   1m    31Mi   
websocket-server-56c97f4c7-sst7d   1m    27Mi   
websocket-server-56c97f4c7-t7zg4   1m    95Mi   
1781621432
websocket-server-56c97f4c7-6q5vs   0m    95Mi   
websocket-server-56c97f4c7-9l97f   1m    29Mi   
websocket-server-56c97f4c7-fgc4r   1m    28Mi   
websocket-server-56c97f4c7-h7vg5   1m    29Mi   
websocket-server-56c97f4c7-lbbw5   1m    33Mi   
websocket-server-56c97f4c7-mwwj6   1m    31Mi   
websocket-server-56c97f4c7-sst7d   0m    27Mi   
websocket-server-56c97f4c7-t7zg4   1m    95Mi   
1781621437
websocket-server-56c97f4c7-6q5vs   0m    95Mi   
websocket-server-56c97f4c7-9l97f   1m    29Mi   
websocket-server-56c97f4c7-fgc4r   1m    28Mi   
websocket-server-56c97f4c7-h7vg5   1m    29Mi   
websocket-server-56c97f4c7-lbbw5   1m    33Mi   
websocket-server-56c97f4c7-mwwj6   1m    31Mi   
websocket-server-56c97f4c7-sst7d   0m    27Mi   
websocket-server-56c97f4c7-t7zg4   1m    95Mi   
1781621442
websocket-server-56c97f4c7-6q5vs   0m    95Mi   
websocket-server-56c97f4c7-9l97f   1m    29Mi   
websocket-server-56c97f4c7-fgc4r   1m    28Mi   
websocket-server-56c97f4c7-h7vg5   1m    29Mi   
websocket-server-56c97f4c7-lbbw5   1m    33Mi   
websocket-server-56c97f4c7-mwwj6   1m    31Mi   
websocket-server-56c97f4c7-sst7d   0m    27Mi   
websocket-server-56c97f4c7-t7zg4   1m    95Mi   
1781621447
websocket-server-56c97f4c7-6q5vs   1m    95Mi   
websocket-server-56c97f4c7-9l97f   1m    29Mi   
websocket-server-56c97f4c7-fgc4r   1m    28Mi   
websocket-server-56c97f4c7-h7vg5   1m    30Mi   
websocket-server-56c97f4c7-lbbw5   1m    33Mi   
websocket-server-56c97f4c7-mwwj6   1m    31Mi   
websocket-server-56c97f4c7-sst7d   1m    28Mi   
websocket-server-56c97f4c7-t7zg4   1m    95Mi   
1781621452
websocket-server-56c97f4c7-6q5vs   1m    95Mi   
websocket-server-56c97f4c7-9l97f   1m    29Mi   
websocket-server-56c97f4c7-fgc4r   1m    28Mi   
websocket-server-56c97f4c7-h7vg5   1m    30Mi   
websocket-server-56c97f4c7-lbbw5   1m    33Mi   
websocket-server-56c97f4c7-mwwj6   1m    31Mi   
websocket-server-56c97f4c7-sst7d   1m    28Mi   
websocket-server-56c97f4c7-t7zg4   1m    95Mi   
1781621457
websocket-server-56c97f4c7-6q5vs   1m    95Mi   
websocket-server-56c97f4c7-9l97f   1m    29Mi   
websocket-server-56c97f4c7-fgc4r   1m    28Mi   
websocket-server-56c97f4c7-h7vg5   1m    30Mi   
websocket-server-56c97f4c7-lbbw5   1m    33Mi   
websocket-server-56c97f4c7-mwwj6   1m    31Mi   
websocket-server-56c97f4c7-sst7d   1m    28Mi   
websocket-server-56c97f4c7-t7zg4   1m    95Mi   
1781621462
websocket-server-56c97f4c7-6q5vs   1m    95Mi   
websocket-server-56c97f4c7-9l97f   2m    30Mi   
websocket-server-56c97f4c7-fgc4r   2m    29Mi   
websocket-server-56c97f4c7-h7vg5   2m    31Mi   
websocket-server-56c97f4c7-lbbw5   1m    34Mi   
websocket-server-56c97f4c7-mwwj6   1m    31Mi   
websocket-server-56c97f4c7-sst7d   2m    28Mi   
websocket-server-56c97f4c7-t7zg4   1m    95Mi   
1781621467
websocket-server-56c97f4c7-6q5vs   1m    95Mi   
websocket-server-56c97f4c7-9l97f   2m    30Mi   
websocket-server-56c97f4c7-fgc4r   2m    29Mi   
websocket-server-56c97f4c7-h7vg5   2m    31Mi   
websocket-server-56c97f4c7-lbbw5   1m    34Mi   
websocket-server-56c97f4c7-mwwj6   1m    31Mi   
websocket-server-56c97f4c7-sst7d   2m    28Mi   
websocket-server-56c97f4c7-t7zg4   1m    95Mi   
1781621472
websocket-server-56c97f4c7-6q5vs   2m    95Mi   
websocket-server-56c97f4c7-9l97f   3m    31Mi   
websocket-server-56c97f4c7-fgc4r   3m    30Mi   
websocket-server-56c97f4c7-h7vg5   3m    32Mi   
websocket-server-56c97f4c7-lbbw5   3m    35Mi   
websocket-server-56c97f4c7-mwwj6   3m    32Mi   
websocket-server-56c97f4c7-sst7d   2m    28Mi   
websocket-server-56c97f4c7-t7zg4   2m    95Mi   
1781621477
websocket-server-56c97f4c7-6q5vs   2m    95Mi   
websocket-server-56c97f4c7-9l97f   3m    31Mi   
websocket-server-56c97f4c7-fgc4r   3m    30Mi   
websocket-server-56c97f4c7-h7vg5   3m    32Mi   
websocket-server-56c97f4c7-lbbw5   3m    35Mi   
websocket-server-56c97f4c7-mwwj6   3m    32Mi   
websocket-server-56c97f4c7-sst7d   2m    28Mi   
websocket-server-56c97f4c7-t7zg4   2m    95Mi   
1781621482
websocket-server-56c97f4c7-6q5vs   2m    95Mi   
websocket-server-56c97f4c7-9l97f   3m    31Mi   
websocket-server-56c97f4c7-fgc4r   3m    30Mi   
websocket-server-56c97f4c7-h7vg5   3m    32Mi   
websocket-server-56c97f4c7-lbbw5   3m    35Mi   
websocket-server-56c97f4c7-mwwj6   3m    32Mi   
websocket-server-56c97f4c7-sst7d   2m    28Mi   
websocket-server-56c97f4c7-t7zg4   2m    95Mi   
1781621487
websocket-server-56c97f4c7-6q5vs   4m    96Mi   
websocket-server-56c97f4c7-9l97f   3m    32Mi   
websocket-server-56c97f4c7-fgc4r   3m    30Mi   
websocket-server-56c97f4c7-h7vg5   4m    32Mi   
websocket-server-56c97f4c7-lbbw5   4m    36Mi   
websocket-server-56c97f4c7-mwwj6   4m    32Mi   
websocket-server-56c97f4c7-sst7d   3m    29Mi   
websocket-server-56c97f4c7-t7zg4   2m    95Mi   
1781621492
websocket-server-56c97f4c7-6q5vs   4m    96Mi   
websocket-server-56c97f4c7-9l97f   3m    32Mi   
websocket-server-56c97f4c7-fgc4r   3m    30Mi   
websocket-server-56c97f4c7-h7vg5   4m    32Mi   
websocket-server-56c97f4c7-lbbw5   4m    36Mi   
websocket-server-56c97f4c7-mwwj6   4m    32Mi   
websocket-server-56c97f4c7-sst7d   3m    29Mi   
websocket-server-56c97f4c7-t7zg4   2m    95Mi   
1781621497
websocket-server-56c97f4c7-6q5vs   4m    96Mi   
websocket-server-56c97f4c7-9l97f   3m    32Mi   
websocket-server-56c97f4c7-fgc4r   3m    30Mi   
websocket-server-56c97f4c7-h7vg5   4m    32Mi   
websocket-server-56c97f4c7-lbbw5   4m    36Mi   
websocket-server-56c97f4c7-mwwj6   4m    32Mi   
websocket-server-56c97f4c7-sst7d   3m    29Mi   
websocket-server-56c97f4c7-t7zg4   2m    95Mi   
1781621502
websocket-server-56c97f4c7-6q5vs   5m    96Mi   
websocket-server-56c97f4c7-9l97f   5m    32Mi   
websocket-server-56c97f4c7-fgc4r   4m    31Mi   
websocket-server-56c97f4c7-h7vg5   4m    32Mi   
websocket-server-56c97f4c7-lbbw5   5m    37Mi   
websocket-server-56c97f4c7-mwwj6   5m    33Mi   
websocket-server-56c97f4c7-sst7d   4m    30Mi   
websocket-server-56c97f4c7-t7zg4   3m    95Mi   
1781621507
websocket-server-56c97f4c7-6q5vs   5m    96Mi   
websocket-server-56c97f4c7-9l97f   5m    32Mi   
websocket-server-56c97f4c7-fgc4r   4m    31Mi   
websocket-server-56c97f4c7-h7vg5   4m    32Mi   
websocket-server-56c97f4c7-lbbw5   5m    37Mi   
websocket-server-56c97f4c7-mwwj6   5m    33Mi   
websocket-server-56c97f4c7-sst7d   4m    30Mi   
websocket-server-56c97f4c7-t7zg4   3m    95Mi   
1781621512
websocket-server-56c97f4c7-6q5vs   5m    96Mi   
websocket-server-56c97f4c7-9l97f   5m    32Mi   
websocket-server-56c97f4c7-fgc4r   4m    31Mi   
websocket-server-56c97f4c7-h7vg5   4m    32Mi   
websocket-server-56c97f4c7-lbbw5   5m    37Mi   
websocket-server-56c97f4c7-mwwj6   5m    33Mi   
websocket-server-56c97f4c7-sst7d   4m    30Mi   
websocket-server-56c97f4c7-t7zg4   3m    95Mi   
1781621517
websocket-server-56c97f4c7-6q5vs   6m    96Mi   
websocket-server-56c97f4c7-9l97f   6m    33Mi   
websocket-server-56c97f4c7-chss6   19m   30Mi   
websocket-server-56c97f4c7-fgc4r   4m    31Mi   
websocket-server-56c97f4c7-h7vg5   4m    32Mi   
websocket-server-56c97f4c7-lbbw5   6m    38Mi   
websocket-server-56c97f4c7-mwwj6   5m    33Mi   
websocket-server-56c97f4c7-sst7d   4m    30Mi   
websocket-server-56c97f4c7-t7zg4   5m    95Mi   
1781621523
websocket-server-56c97f4c7-6q5vs   6m    96Mi   
websocket-server-56c97f4c7-9l97f   6m    33Mi   
websocket-server-56c97f4c7-chss6   19m   30Mi   
websocket-server-56c97f4c7-h7vg5   4m    32Mi   
websocket-server-56c97f4c7-lbbw5   6m    38Mi   
websocket-server-56c97f4c7-mwwj6   5m    33Mi   
websocket-server-56c97f4c7-sst7d   4m    30Mi   
websocket-server-56c97f4c7-t7zg4   5m    95Mi   
1781621528
websocket-server-56c97f4c7-6q5vs   6m    96Mi   
websocket-server-56c97f4c7-9l97f   6m    33Mi   
websocket-server-56c97f4c7-chss6   19m   30Mi   
websocket-server-56c97f4c7-lbbw5   6m    38Mi   
websocket-server-56c97f4c7-mwwj6   5m    33Mi   
websocket-server-56c97f4c7-t7zg4   5m    95Mi   
1781621533
websocket-server-56c97f4c7-6q5vs   7m    96Mi   
websocket-server-56c97f4c7-9l97f   7m    34Mi   
websocket-server-56c97f4c7-chss6   18m   30Mi   
websocket-server-56c97f4c7-lbbw5   6m    38Mi   
websocket-server-56c97f4c7-mwwj6   6m    34Mi   
websocket-server-56c97f4c7-t7zg4   5m    95Mi   
websocket-server-56c97f4c7-wnr7t   3m    29Mi   
1781621538
websocket-server-56c97f4c7-6q5vs   7m    96Mi   
websocket-server-56c97f4c7-9l97f   7m    34Mi   
websocket-server-56c97f4c7-chss6   18m   30Mi   
websocket-server-56c97f4c7-lbbw5   6m    38Mi   
websocket-server-56c97f4c7-mwwj6   6m    34Mi   
websocket-server-56c97f4c7-t7zg4   5m    95Mi   
websocket-server-56c97f4c7-wnr7t   3m    29Mi   
1781621543
websocket-server-56c97f4c7-6q5vs   7m    96Mi   
websocket-server-56c97f4c7-9l97f   7m    34Mi   
websocket-server-56c97f4c7-chss6   18m   30Mi   
websocket-server-56c97f4c7-lbbw5   6m    38Mi   
websocket-server-56c97f4c7-mwwj6   6m    34Mi   
websocket-server-56c97f4c7-t7zg4   5m    95Mi   
websocket-server-56c97f4c7-wnr7t   3m    29Mi   
1781621548
websocket-server-56c97f4c7-47shc   1m    28Mi   
websocket-server-56c97f4c7-6q5vs   8m    96Mi   
websocket-server-56c97f4c7-86mft   17m   27Mi   
websocket-server-56c97f4c7-9l97f   8m    35Mi   
websocket-server-56c97f4c7-chss6   4m    32Mi   
websocket-server-56c97f4c7-lbbw5   9m    41Mi   
websocket-server-56c97f4c7-mwwj6   9m    36Mi   
websocket-server-56c97f4c7-t7zg4   7m    95Mi   
websocket-server-56c97f4c7-wnr7t   3m    29Mi   
1781621553
websocket-server-56c97f4c7-47shc   1m    28Mi   
websocket-server-56c97f4c7-6q5vs   8m    96Mi   
websocket-server-56c97f4c7-86mft   17m   27Mi   
websocket-server-56c97f4c7-9l97f   8m    35Mi   
websocket-server-56c97f4c7-chss6   4m    32Mi   
websocket-server-56c97f4c7-lbbw5   9m    41Mi   
websocket-server-56c97f4c7-mwwj6   9m    36Mi   
websocket-server-56c97f4c7-t7zg4   7m    95Mi   
websocket-server-56c97f4c7-wnr7t   3m    29Mi   
1781621558
websocket-server-56c97f4c7-47shc   1m    28Mi   
websocket-server-56c97f4c7-6q5vs   8m    96Mi   
websocket-server-56c97f4c7-86mft   17m   27Mi   
websocket-server-56c97f4c7-9l97f   8m    35Mi   
websocket-server-56c97f4c7-chss6   4m    32Mi   
websocket-server-56c97f4c7-lbbw5   9m    41Mi   
websocket-server-56c97f4c7-mwwj6   9m    36Mi   
websocket-server-56c97f4c7-t7zg4   7m    95Mi   
websocket-server-56c97f4c7-wnr7t   3m    29Mi   
1781621563
websocket-server-56c97f4c7-47shc   1m    28Mi   
websocket-server-56c97f4c7-6q5vs   7m    96Mi   
websocket-server-56c97f4c7-86mft   1m    28Mi   
websocket-server-56c97f4c7-9l97f   7m    35Mi   
websocket-server-56c97f4c7-chss6   3m    32Mi   
websocket-server-56c97f4c7-lbbw5   9m    40Mi   
websocket-server-56c97f4c7-mwwj6   8m    36Mi   
websocket-server-56c97f4c7-t7zg4   6m    95Mi   
websocket-server-56c97f4c7-wnr7t   3m    30Mi   
websocket-server-56c97f4c7-x27jc   1m    27Mi   
1781621568
websocket-server-56c97f4c7-47shc   1m    28Mi   
websocket-server-56c97f4c7-6q5vs   7m    96Mi   
websocket-server-56c97f4c7-86mft   1m    28Mi   
websocket-server-56c97f4c7-9l97f   7m    35Mi   
websocket-server-56c97f4c7-chss6   3m    32Mi   
websocket-server-56c97f4c7-lbbw5   9m    40Mi   
websocket-server-56c97f4c7-mwwj6   8m    36Mi   
websocket-server-56c97f4c7-t7zg4   6m    95Mi   
websocket-server-56c97f4c7-wnr7t   3m    30Mi   
websocket-server-56c97f4c7-x27jc   1m    27Mi   
1781621573
websocket-server-56c97f4c7-47shc   1m    28Mi   
websocket-server-56c97f4c7-6q5vs   7m    96Mi   
websocket-server-56c97f4c7-86mft   1m    28Mi   
websocket-server-56c97f4c7-9l97f   7m    35Mi   
websocket-server-56c97f4c7-chss6   3m    32Mi   
websocket-server-56c97f4c7-lbbw5   9m    40Mi   
websocket-server-56c97f4c7-mwwj6   8m    36Mi   
websocket-server-56c97f4c7-t7zg4   6m    95Mi   
websocket-server-56c97f4c7-wnr7t   3m    30Mi   
websocket-server-56c97f4c7-x27jc   1m    27Mi   
1781621578
websocket-server-56c97f4c7-47shc   1m    28Mi   
websocket-server-56c97f4c7-6q5vs   7m    96Mi   
websocket-server-56c97f4c7-86mft   1m    27Mi   
websocket-server-56c97f4c7-9l97f   3m    35Mi   
websocket-server-56c97f4c7-chss6   2m    32Mi   
websocket-server-56c97f4c7-lbbw5   4m    41Mi   
websocket-server-56c97f4c7-mwwj6   2m    36Mi   
websocket-server-56c97f4c7-t7zg4   6m    95Mi   
websocket-server-56c97f4c7-wnr7t   2m    29Mi   
websocket-server-56c97f4c7-x27jc   1m    27Mi   
1781621583
websocket-server-56c97f4c7-47shc   1m    28Mi   
websocket-server-56c97f4c7-6q5vs   7m    96Mi   
websocket-server-56c97f4c7-86mft   1m    27Mi   
websocket-server-56c97f4c7-9l97f   3m    35Mi   
websocket-server-56c97f4c7-chss6   2m    32Mi   
websocket-server-56c97f4c7-lbbw5   4m    41Mi   
websocket-server-56c97f4c7-mwwj6   2m    36Mi   
websocket-server-56c97f4c7-t7zg4   6m    95Mi   
websocket-server-56c97f4c7-wnr7t   2m    29Mi   
websocket-server-56c97f4c7-x27jc   1m    27Mi   
1781621588
websocket-server-56c97f4c7-47shc   1m    28Mi   
websocket-server-56c97f4c7-6q5vs   7m    96Mi   
websocket-server-56c97f4c7-86mft   1m    27Mi   
websocket-server-56c97f4c7-9l97f   3m    35Mi   
websocket-server-56c97f4c7-chss6   2m    32Mi   
websocket-server-56c97f4c7-lbbw5   4m    41Mi   
websocket-server-56c97f4c7-mwwj6   2m    36Mi   
websocket-server-56c97f4c7-t7zg4   6m    95Mi   
websocket-server-56c97f4c7-wnr7t   2m    29Mi   
websocket-server-56c97f4c7-x27jc   1m    27Mi   
1781621593
websocket-server-56c97f4c7-47shc   1m    28Mi   
websocket-server-56c97f4c7-6q5vs   3m    96Mi   
websocket-server-56c97f4c7-86mft   1m    27Mi   
websocket-server-56c97f4c7-9l97f   3m    35Mi   
websocket-server-56c97f4c7-chss6   1m    32Mi   
websocket-server-56c97f4c7-lbbw5   3m    41Mi   
websocket-server-56c97f4c7-mwwj6   3m    36Mi   
websocket-server-56c97f4c7-t7zg4   2m    95Mi   
websocket-server-56c97f4c7-wnr7t   1m    29Mi   
websocket-server-56c97f4c7-x27jc   1m    27Mi   
1781621598
websocket-server-56c97f4c7-47shc   1m    28Mi   
websocket-server-56c97f4c7-6q5vs   3m    96Mi   
websocket-server-56c97f4c7-86mft   1m    27Mi   
websocket-server-56c97f4c7-9l97f   3m    35Mi   
websocket-server-56c97f4c7-chss6   1m    32Mi   
websocket-server-56c97f4c7-lbbw5   3m    41Mi   
websocket-server-56c97f4c7-mwwj6   3m    36Mi   
websocket-server-56c97f4c7-t7zg4   2m    95Mi   
websocket-server-56c97f4c7-wnr7t   1m    29Mi   
websocket-server-56c97f4c7-x27jc   1m    27Mi   
1781621603
websocket-server-56c97f4c7-47shc   1m    28Mi   
websocket-server-56c97f4c7-6q5vs   3m    96Mi   
websocket-server-56c97f4c7-86mft   1m    27Mi   
websocket-server-56c97f4c7-9l97f   3m    35Mi   
websocket-server-56c97f4c7-chss6   1m    32Mi   
websocket-server-56c97f4c7-lbbw5   3m    41Mi   
websocket-server-56c97f4c7-mwwj6   3m    36Mi   
websocket-server-56c97f4c7-t7zg4   2m    95Mi   
websocket-server-56c97f4c7-wnr7t   1m    29Mi   
websocket-server-56c97f4c7-x27jc   1m    27Mi   
1781621608
websocket-server-56c97f4c7-47shc   1m    28Mi   
websocket-server-56c97f4c7-6q5vs   3m    96Mi   
websocket-server-56c97f4c7-86mft   1m    27Mi   
websocket-server-56c97f4c7-9l97f   2m    35Mi   
websocket-server-56c97f4c7-chss6   1m    32Mi   
websocket-server-56c97f4c7-lbbw5   3m    41Mi   
websocket-server-56c97f4c7-mwwj6   3m    36Mi   
websocket-server-56c97f4c7-t7zg4   2m    95Mi   
websocket-server-56c97f4c7-wnr7t   1m    29Mi   
websocket-server-56c97f4c7-x27jc   1m    27Mi   
1781621613
websocket-server-56c97f4c7-47shc   1m    28Mi   
websocket-server-56c97f4c7-6q5vs   3m    96Mi   
websocket-server-56c97f4c7-86mft   1m    27Mi   
websocket-server-56c97f4c7-9l97f   2m    35Mi   
websocket-server-56c97f4c7-chss6   1m    32Mi   
websocket-server-56c97f4c7-lbbw5   3m    41Mi   
websocket-server-56c97f4c7-mwwj6   3m    36Mi   
websocket-server-56c97f4c7-t7zg4   2m    95Mi   
websocket-server-56c97f4c7-wnr7t   1m    29Mi   
websocket-server-56c97f4c7-x27jc   1m    27Mi   
1781621618
websocket-server-56c97f4c7-47shc   1m    28Mi   
websocket-server-56c97f4c7-6q5vs   3m    96Mi   
websocket-server-56c97f4c7-86mft   1m    27Mi   
websocket-server-56c97f4c7-9l97f   2m    35Mi   
websocket-server-56c97f4c7-chss6   1m    32Mi   
websocket-server-56c97f4c7-lbbw5   3m    41Mi   
websocket-server-56c97f4c7-mwwj6   3m    36Mi   
websocket-server-56c97f4c7-t7zg4   2m    95Mi   
websocket-server-56c97f4c7-wnr7t   1m    29Mi   
websocket-server-56c97f4c7-x27jc   1m    27Mi   
1781621624
websocket-server-56c97f4c7-47shc   1m    28Mi   
websocket-server-56c97f4c7-6q5vs   8m    95Mi   
websocket-server-56c97f4c7-86mft   1m    27Mi   
websocket-server-56c97f4c7-9l97f   7m    34Mi   
websocket-server-56c97f4c7-chss6   3m    32Mi   
websocket-server-56c97f4c7-lbbw5   3m    40Mi   
websocket-server-56c97f4c7-mwwj6   7m    36Mi   
websocket-server-56c97f4c7-t7zg4   7m    95Mi   
websocket-server-56c97f4c7-wnr7t   3m    29Mi   
websocket-server-56c97f4c7-x27jc   1m    27Mi   
1781621629
websocket-server-56c97f4c7-47shc   1m    28Mi   
websocket-server-56c97f4c7-6q5vs   8m    95Mi   
websocket-server-56c97f4c7-86mft   1m    27Mi   
websocket-server-56c97f4c7-9l97f   7m    34Mi   
websocket-server-56c97f4c7-chss6   3m    32Mi   
websocket-server-56c97f4c7-lbbw5   3m    40Mi   
websocket-server-56c97f4c7-mwwj6   7m    36Mi   
websocket-server-56c97f4c7-t7zg4   7m    95Mi   
websocket-server-56c97f4c7-wnr7t   3m    29Mi   
websocket-server-56c97f4c7-x27jc   1m    27Mi   
1781621634
websocket-server-56c97f4c7-47shc   1m    28Mi   
websocket-server-56c97f4c7-6q5vs   8m    95Mi   
websocket-server-56c97f4c7-86mft   1m    27Mi   
websocket-server-56c97f4c7-9l97f   7m    34Mi   
websocket-server-56c97f4c7-chss6   3m    32Mi   
websocket-server-56c97f4c7-lbbw5   3m    40Mi   
websocket-server-56c97f4c7-mwwj6   7m    36Mi   
websocket-server-56c97f4c7-t7zg4   7m    95Mi   
websocket-server-56c97f4c7-wnr7t   3m    29Mi   
websocket-server-56c97f4c7-x27jc   1m    27Mi   
1781621639
websocket-server-56c97f4c7-47shc   1m    28Mi   
websocket-server-56c97f4c7-6q5vs   1m    95Mi   
websocket-server-56c97f4c7-86mft   1m    28Mi   
websocket-server-56c97f4c7-9l97f   0m    34Mi   
websocket-server-56c97f4c7-chss6   1m    32Mi   
websocket-server-56c97f4c7-lbbw5   6m    40Mi   
websocket-server-56c97f4c7-mwwj6   1m    36Mi   
websocket-server-56c97f4c7-t7zg4   1m    95Mi   
websocket-server-56c97f4c7-wnr7t   0m    29Mi   
websocket-server-56c97f4c7-x27jc   1m    27Mi   
1781621644
websocket-server-56c97f4c7-47shc   1m    28Mi   
websocket-server-56c97f4c7-6q5vs   1m    95Mi   
websocket-server-56c97f4c7-86mft   1m    28Mi   
websocket-server-56c97f4c7-9l97f   0m    34Mi   
websocket-server-56c97f4c7-chss6   1m    32Mi   
websocket-server-56c97f4c7-lbbw5   6m    40Mi   
websocket-server-56c97f4c7-mwwj6   1m    36Mi   
websocket-server-56c97f4c7-t7zg4   1m    95Mi   
websocket-server-56c97f4c7-wnr7t   0m    29Mi   
websocket-server-56c97f4c7-x27jc   1m    27Mi   
1781621649
websocket-server-56c97f4c7-47shc   1m    28Mi   
websocket-server-56c97f4c7-6q5vs   1m    95Mi   
websocket-server-56c97f4c7-86mft   1m    28Mi   
websocket-server-56c97f4c7-9l97f   0m    34Mi   
websocket-server-56c97f4c7-chss6   1m    32Mi   
websocket-server-56c97f4c7-lbbw5   6m    40Mi   
websocket-server-56c97f4c7-mwwj6   1m    36Mi   
websocket-server-56c97f4c7-t7zg4   1m    95Mi   
websocket-server-56c97f4c7-wnr7t   0m    29Mi   
websocket-server-56c97f4c7-x27jc   1m    27Mi   
1781621654
websocket-server-56c97f4c7-47shc   1m    28Mi   
websocket-server-56c97f4c7-6q5vs   1m    95Mi   
websocket-server-56c97f4c7-86mft   1m    28Mi   
websocket-server-56c97f4c7-9l97f   1m    34Mi   
websocket-server-56c97f4c7-chss6   1m    32Mi   
websocket-server-56c97f4c7-lbbw5   1m    40Mi   
websocket-server-56c97f4c7-mwwj6   1m    36Mi   
websocket-server-56c97f4c7-t7zg4   1m    95Mi   
websocket-server-56c97f4c7-wnr7t   1m    29Mi   
websocket-server-56c97f4c7-x27jc   1m    27Mi   
1781621659
websocket-server-56c97f4c7-47shc   1m    28Mi   
websocket-server-56c97f4c7-6q5vs   1m    95Mi   
websocket-server-56c97f4c7-86mft   1m    28Mi   
websocket-server-56c97f4c7-9l97f   1m    34Mi   
websocket-server-56c97f4c7-chss6   1m    32Mi   
websocket-server-56c97f4c7-lbbw5   1m    40Mi   
websocket-server-56c97f4c7-mwwj6   1m    36Mi   
websocket-server-56c97f4c7-t7zg4   1m    95Mi   
websocket-server-56c97f4c7-wnr7t   1m    29Mi   
websocket-server-56c97f4c7-x27jc   1m    27Mi   
1781621664
websocket-server-56c97f4c7-47shc   1m    28Mi   
websocket-server-56c97f4c7-6q5vs   1m    95Mi   
websocket-server-56c97f4c7-86mft   1m    28Mi   
websocket-server-56c97f4c7-9l97f   1m    34Mi   
websocket-server-56c97f4c7-chss6   1m    32Mi   
websocket-server-56c97f4c7-lbbw5   1m    40Mi   
websocket-server-56c97f4c7-mwwj6   1m    36Mi   
websocket-server-56c97f4c7-t7zg4   1m    95Mi   
websocket-server-56c97f4c7-wnr7t   1m    29Mi   
websocket-server-56c97f4c7-x27jc   1m    27Mi   
1781621669
websocket-server-56c97f4c7-47shc   0m    28Mi   
websocket-server-56c97f4c7-6q5vs   1m    95Mi   
websocket-server-56c97f4c7-86mft   1m    28Mi   
websocket-server-56c97f4c7-9l97f   1m    34Mi   
websocket-server-56c97f4c7-chss6   1m    32Mi   
websocket-server-56c97f4c7-lbbw5   1m    40Mi   
websocket-server-56c97f4c7-mwwj6   1m    36Mi   
websocket-server-56c97f4c7-t7zg4   1m    95Mi   
websocket-server-56c97f4c7-wnr7t   1m    29Mi   
websocket-server-56c97f4c7-x27jc   1m    27Mi   
1781621674
websocket-server-56c97f4c7-47shc   0m    28Mi   
websocket-server-56c97f4c7-6q5vs   1m    95Mi   
websocket-server-56c97f4c7-86mft   1m    28Mi   
websocket-server-56c97f4c7-9l97f   1m    34Mi   
websocket-server-56c97f4c7-chss6   1m    32Mi   
websocket-server-56c97f4c7-lbbw5   1m    40Mi   
websocket-server-56c97f4c7-mwwj6   1m    36Mi   
websocket-server-56c97f4c7-t7zg4   1m    95Mi   
websocket-server-56c97f4c7-wnr7t   1m    29Mi   
websocket-server-56c97f4c7-x27jc   1m    27Mi   
1781621679
websocket-server-56c97f4c7-47shc   0m    28Mi   
websocket-server-56c97f4c7-6q5vs   1m    95Mi   
websocket-server-56c97f4c7-86mft   1m    28Mi   
websocket-server-56c97f4c7-9l97f   1m    34Mi   
websocket-server-56c97f4c7-chss6   1m    32Mi   
websocket-server-56c97f4c7-lbbw5   1m    40Mi   
websocket-server-56c97f4c7-mwwj6   1m    36Mi   
websocket-server-56c97f4c7-t7zg4   1m    95Mi   
websocket-server-56c97f4c7-wnr7t   1m    29Mi   
websocket-server-56c97f4c7-x27jc   1m    27Mi   
1781621684
websocket-server-56c97f4c7-47shc   1m    28Mi   
websocket-server-56c97f4c7-6q5vs   1m    95Mi   
websocket-server-56c97f4c7-86mft   1m    28Mi   
websocket-server-56c97f4c7-9l97f   1m    34Mi   
websocket-server-56c97f4c7-chss6   1m    32Mi   
websocket-server-56c97f4c7-lbbw5   1m    40Mi   
websocket-server-56c97f4c7-mwwj6   1m    36Mi   
websocket-server-56c97f4c7-t7zg4   1m    95Mi   
websocket-server-56c97f4c7-wnr7t   1m    29Mi   
websocket-server-56c97f4c7-x27jc   1m    27Mi   
1781621689
websocket-server-56c97f4c7-47shc   1m    28Mi   
websocket-server-56c97f4c7-6q5vs   1m    95Mi   
websocket-server-56c97f4c7-86mft   1m    28Mi   
websocket-server-56c97f4c7-9l97f   1m    34Mi   
websocket-server-56c97f4c7-chss6   1m    32Mi   
websocket-server-56c97f4c7-lbbw5   1m    40Mi   
websocket-server-56c97f4c7-mwwj6   1m    36Mi   
websocket-server-56c97f4c7-t7zg4   1m    95Mi   
websocket-server-56c97f4c7-wnr7t   1m    29Mi   
websocket-server-56c97f4c7-x27jc   1m    27Mi   
1781621694
websocket-server-56c97f4c7-47shc   1m    28Mi   
websocket-server-56c97f4c7-6q5vs   1m    95Mi   
websocket-server-56c97f4c7-86mft   1m    28Mi   
websocket-server-56c97f4c7-9l97f   1m    34Mi   
websocket-server-56c97f4c7-chss6   1m    32Mi   
websocket-server-56c97f4c7-lbbw5   1m    40Mi   
websocket-server-56c97f4c7-mwwj6   1m    36Mi   
websocket-server-56c97f4c7-t7zg4   1m    95Mi   
websocket-server-56c97f4c7-wnr7t   1m    29Mi   
websocket-server-56c97f4c7-x27jc   1m    27Mi   
1781621699
websocket-server-56c97f4c7-47shc   1m    28Mi   
websocket-server-56c97f4c7-6q5vs   1m    95Mi   
websocket-server-56c97f4c7-86mft   1m    28Mi   
websocket-server-56c97f4c7-9l97f   1m    34Mi   
websocket-server-56c97f4c7-chss6   1m    32Mi   
websocket-server-56c97f4c7-lbbw5   1m    40Mi   
websocket-server-56c97f4c7-mwwj6   1m    36Mi   
websocket-server-56c97f4c7-t7zg4   1m    95Mi   
websocket-server-56c97f4c7-wnr7t   1m    29Mi   
websocket-server-56c97f4c7-x27jc   1m    27Mi   
1781621704
websocket-server-56c97f4c7-47shc   1m    28Mi   
websocket-server-56c97f4c7-6q5vs   1m    95Mi   
websocket-server-56c97f4c7-86mft   1m    28Mi   
websocket-server-56c97f4c7-9l97f   1m    34Mi   
websocket-server-56c97f4c7-chss6   1m    32Mi   
websocket-server-56c97f4c7-lbbw5   1m    40Mi   
websocket-server-56c97f4c7-mwwj6   1m    36Mi   
websocket-server-56c97f4c7-t7zg4   1m    95Mi   
websocket-server-56c97f4c7-wnr7t   1m    29Mi   
1781621709
websocket-server-56c97f4c7-47shc   1m    28Mi   
websocket-server-56c97f4c7-6q5vs   1m    95Mi   
websocket-server-56c97f4c7-86mft   1m    28Mi   
websocket-server-56c97f4c7-9l97f   1m    34Mi   
websocket-server-56c97f4c7-chss6   1m    32Mi   
websocket-server-56c97f4c7-lbbw5   1m    40Mi   
websocket-server-56c97f4c7-mwwj6   1m    36Mi   
websocket-server-56c97f4c7-t7zg4   1m    95Mi   
1781621714
websocket-server-56c97f4c7-47shc   1m    28Mi   
websocket-server-56c97f4c7-6q5vs   1m    95Mi   
websocket-server-56c97f4c7-86mft   1m    28Mi   
websocket-server-56c97f4c7-9l97f   1m    34Mi   
websocket-server-56c97f4c7-chss6   1m    32Mi   
websocket-server-56c97f4c7-lbbw5   1m    40Mi   
websocket-server-56c97f4c7-mwwj6   1m    36Mi   
websocket-server-56c97f4c7-t7zg4   1m    95Mi   
1781621719
websocket-server-56c97f4c7-47shc   1m    28Mi   
websocket-server-56c97f4c7-6q5vs   1m    95Mi   
websocket-server-56c97f4c7-86mft   1m    28Mi   
websocket-server-56c97f4c7-9l97f   1m    34Mi   
websocket-server-56c97f4c7-chss6   1m    32Mi   
websocket-server-56c97f4c7-lbbw5   1m    40Mi   
websocket-server-56c97f4c7-mwwj6   1m    36Mi   
websocket-server-56c97f4c7-t7zg4   1m    95Mi   
1781621724
websocket-server-56c97f4c7-47shc   1m    28Mi   
websocket-server-56c97f4c7-6q5vs   1m    95Mi   
websocket-server-56c97f4c7-86mft   1m    28Mi   
websocket-server-56c97f4c7-9l97f   1m    34Mi   
websocket-server-56c97f4c7-chss6   1m    32Mi   
websocket-server-56c97f4c7-lbbw5   1m    40Mi   
websocket-server-56c97f4c7-mwwj6   1m    36Mi   
websocket-server-56c97f4c7-t7zg4   1m    95Mi   
1781621729
websocket-server-56c97f4c7-47shc   1m    28Mi   
websocket-server-56c97f4c7-6q5vs   0m    95Mi   
websocket-server-56c97f4c7-86mft   1m    28Mi   
websocket-server-56c97f4c7-9l97f   1m    34Mi   
websocket-server-56c97f4c7-chss6   1m    32Mi   
websocket-server-56c97f4c7-lbbw5   1m    40Mi   
websocket-server-56c97f4c7-mwwj6   1m    36Mi   
websocket-server-56c97f4c7-t7zg4   1m    95Mi   
1781621735
websocket-server-56c97f4c7-47shc   1m    28Mi   
websocket-server-56c97f4c7-6q5vs   0m    95Mi   
websocket-server-56c97f4c7-86mft   1m    28Mi   
websocket-server-56c97f4c7-9l97f   1m    34Mi   
websocket-server-56c97f4c7-chss6   1m    32Mi   
websocket-server-56c97f4c7-lbbw5   1m    40Mi   
websocket-server-56c97f4c7-mwwj6   1m    36Mi   
websocket-server-56c97f4c7-t7zg4   1m    95Mi   
1781621740
websocket-server-56c97f4c7-47shc   1m    28Mi   
websocket-server-56c97f4c7-6q5vs   0m    95Mi   
websocket-server-56c97f4c7-86mft   1m    28Mi   
websocket-server-56c97f4c7-9l97f   1m    34Mi   
websocket-server-56c97f4c7-chss6   1m    32Mi   
websocket-server-56c97f4c7-lbbw5   1m    40Mi   
websocket-server-56c97f4c7-mwwj6   1m    36Mi   
websocket-server-56c97f4c7-t7zg4   1m    95Mi   
1781621745
websocket-server-56c97f4c7-47shc   0m    28Mi   
websocket-server-56c97f4c7-6q5vs   1m    95Mi   
websocket-server-56c97f4c7-86mft   1m    28Mi   
websocket-server-56c97f4c7-9l97f   1m    34Mi   
websocket-server-56c97f4c7-chss6   1m    32Mi   
websocket-server-56c97f4c7-lbbw5   1m    40Mi   
websocket-server-56c97f4c7-mwwj6   1m    36Mi   
websocket-server-56c97f4c7-t7zg4   1m    95Mi   
1781621750
websocket-server-56c97f4c7-47shc   0m    28Mi   
websocket-server-56c97f4c7-6q5vs   1m    95Mi   
websocket-server-56c97f4c7-86mft   1m    28Mi   
websocket-server-56c97f4c7-9l97f   1m    34Mi   
websocket-server-56c97f4c7-chss6   1m    32Mi   
websocket-server-56c97f4c7-lbbw5   1m    40Mi   
websocket-server-56c97f4c7-mwwj6   1m    36Mi   
websocket-server-56c97f4c7-t7zg4   1m    95Mi   
1781621755
websocket-server-56c97f4c7-47shc   0m    28Mi   
websocket-server-56c97f4c7-6q5vs   1m    95Mi   
websocket-server-56c97f4c7-86mft   1m    28Mi   
websocket-server-56c97f4c7-9l97f   1m    34Mi   
websocket-server-56c97f4c7-chss6   1m    32Mi   
websocket-server-56c97f4c7-lbbw5   1m    40Mi   
websocket-server-56c97f4c7-mwwj6   1m    36Mi   
websocket-server-56c97f4c7-t7zg4   1m    95Mi   
1781621760
websocket-server-56c97f4c7-47shc   0m    28Mi   
websocket-server-56c97f4c7-6q5vs   1m    95Mi   
websocket-server-56c97f4c7-86mft   1m    28Mi   
websocket-server-56c97f4c7-9l97f   1m    34Mi   
websocket-server-56c97f4c7-chss6   1m    32Mi   
websocket-server-56c97f4c7-lbbw5   1m    40Mi   
websocket-server-56c97f4c7-mwwj6   1m    36Mi   
websocket-server-56c97f4c7-t7zg4   1m    95Mi   
1781621765
websocket-server-56c97f4c7-47shc   0m    28Mi   
websocket-server-56c97f4c7-6q5vs   1m    95Mi   
websocket-server-56c97f4c7-86mft   1m    28Mi   
websocket-server-56c97f4c7-9l97f   1m    34Mi   
websocket-server-56c97f4c7-lbbw5   1m    40Mi   
websocket-server-56c97f4c7-mwwj6   1m    36Mi   
websocket-server-56c97f4c7-t7zg4   1m    95Mi   
1781621770
websocket-server-56c97f4c7-6q5vs   1m    95Mi   
websocket-server-56c97f4c7-9l97f   1m    34Mi   
websocket-server-56c97f4c7-lbbw5   1m    40Mi   
websocket-server-56c97f4c7-mwwj6   1m    36Mi   
websocket-server-56c97f4c7-t7zg4   1m    95Mi   
1781621775
websocket-server-56c97f4c7-6q5vs   1m    95Mi   
websocket-server-56c97f4c7-9l97f   1m    34Mi   
websocket-server-56c97f4c7-mwwj6   1m    36Mi   
websocket-server-56c97f4c7-t7zg4   1m    95Mi   
1781621780
websocket-server-56c97f4c7-6q5vs   1m    95Mi   
websocket-server-56c97f4c7-t7zg4   1m    95Mi   
