1781614564
websocket-server-56c97f4c7-6q5vs   1m    97Mi   
websocket-server-56c97f4c7-t7zg4   1m    91Mi   
1781614569
websocket-server-56c97f4c7-6q5vs   1m    97Mi   
websocket-server-56c97f4c7-t7zg4   1m    91Mi   
1781614574
websocket-server-56c97f4c7-6q5vs   1m    97Mi   
websocket-server-56c97f4c7-t7zg4   1m    91Mi   
1781614579
websocket-server-56c97f4c7-6q5vs   1m    97Mi   
websocket-server-56c97f4c7-t7zg4   1m    91Mi   
1781614584
websocket-server-56c97f4c7-6q5vs   1m    97Mi   
websocket-server-56c97f4c7-t7zg4   1m    91Mi   
1781614589
websocket-server-56c97f4c7-6q5vs   1m    97Mi   
websocket-server-56c97f4c7-t7zg4   2m    92Mi   
1781614594
websocket-server-56c97f4c7-6q5vs   1m    97Mi   
websocket-server-56c97f4c7-t7zg4   2m    92Mi   
1781614599
websocket-server-56c97f4c7-6q5vs   1m    97Mi   
websocket-server-56c97f4c7-t7zg4   2m    92Mi   
1781614604
websocket-server-56c97f4c7-6q5vs   9m    98Mi   
websocket-server-56c97f4c7-t7zg4   11m   94Mi   
1781614609
websocket-server-56c97f4c7-6q5vs   9m    98Mi   
websocket-server-56c97f4c7-t7zg4   11m   94Mi   
1781614615
websocket-server-56c97f4c7-6q5vs   9m    98Mi   
websocket-server-56c97f4c7-t7zg4   11m   94Mi   
1781614620
websocket-server-56c97f4c7-6q5vs   14m   98Mi   
websocket-server-56c97f4c7-t7zg4   11m   94Mi   
1781614625
websocket-server-56c97f4c7-6q5vs   14m   98Mi   
websocket-server-56c97f4c7-t7zg4   11m   94Mi   
1781614630
websocket-server-56c97f4c7-6q5vs   14m   98Mi   
websocket-server-56c97f4c7-t7zg4   11m   94Mi   
1781614635
websocket-server-56c97f4c7-6q5vs   17m   98Mi   
websocket-server-56c97f4c7-t7zg4   13m   95Mi   
websocket-server-56c97f4c7-xppvx   20m   29Mi   
1781614640
websocket-server-56c97f4c7-6q5vs   17m   98Mi   
websocket-server-56c97f4c7-t7zg4   13m   95Mi   
websocket-server-56c97f4c7-xppvx   20m   29Mi   
1781614645
websocket-server-56c97f4c7-6q5vs   17m   98Mi   
websocket-server-56c97f4c7-t7zg4   13m   95Mi   
websocket-server-56c97f4c7-xppvx   20m   29Mi   
1781614650
websocket-server-56c97f4c7-6q5vs   19m   99Mi   
websocket-server-56c97f4c7-8xzkd   22m   28Mi   
websocket-server-56c97f4c7-jg8rj   4m    29Mi   
websocket-server-56c97f4c7-t7zg4   15m   95Mi   
websocket-server-56c97f4c7-xppvx   6m    30Mi   
1781614655
websocket-server-56c97f4c7-6q5vs   19m   99Mi   
websocket-server-56c97f4c7-8xzkd   22m   28Mi   
websocket-server-56c97f4c7-jg8rj   4m    29Mi   
websocket-server-56c97f4c7-t7zg4   15m   95Mi   
websocket-server-56c97f4c7-xppvx   6m    30Mi   
1781614660
websocket-server-56c97f4c7-6q5vs   19m   99Mi   
websocket-server-56c97f4c7-8xzkd   22m   28Mi   
websocket-server-56c97f4c7-jg8rj   4m    29Mi   
websocket-server-56c97f4c7-t7zg4   15m   95Mi   
websocket-server-56c97f4c7-xppvx   6m    30Mi   
1781614665
websocket-server-56c97f4c7-6q5vs   20m   99Mi   
websocket-server-56c97f4c7-8xzkd   4m    29Mi   
websocket-server-56c97f4c7-fjts7   18m   28Mi   
websocket-server-56c97f4c7-jg8rj   5m    31Mi   
websocket-server-56c97f4c7-t7zg4   16m   95Mi   
websocket-server-56c97f4c7-xppvx   6m    32Mi   
1781614670
websocket-server-56c97f4c7-6q5vs   20m   99Mi   
websocket-server-56c97f4c7-8xzkd   4m    29Mi   
websocket-server-56c97f4c7-fjts7   18m   28Mi   
websocket-server-56c97f4c7-jg8rj   5m    31Mi   
websocket-server-56c97f4c7-t7zg4   16m   95Mi   
websocket-server-56c97f4c7-xppvx   6m    32Mi   
1781614675
websocket-server-56c97f4c7-6q5vs   20m   99Mi   
websocket-server-56c97f4c7-8xzkd   4m    29Mi   
websocket-server-56c97f4c7-fjts7   18m   28Mi   
websocket-server-56c97f4c7-jg8rj   5m    31Mi   
websocket-server-56c97f4c7-t7zg4   16m   95Mi   
websocket-server-56c97f4c7-xppvx   6m    32Mi   
1781614680
websocket-server-56c97f4c7-6q5vs   20m   99Mi   
websocket-server-56c97f4c7-8xzkd   5m    30Mi   
websocket-server-56c97f4c7-fjts7   2m    28Mi   
websocket-server-56c97f4c7-jg8rj   7m    32Mi   
websocket-server-56c97f4c7-t7zg4   18m   96Mi   
websocket-server-56c97f4c7-tm8dq   17m   28Mi   
websocket-server-56c97f4c7-xppvx   7m    32Mi   
1781614685
websocket-server-56c97f4c7-6q5vs   20m   99Mi   
websocket-server-56c97f4c7-8xzkd   5m    30Mi   
websocket-server-56c97f4c7-fjts7   2m    28Mi   
websocket-server-56c97f4c7-jg8rj   7m    32Mi   
websocket-server-56c97f4c7-t7zg4   18m   96Mi   
websocket-server-56c97f4c7-tm8dq   17m   28Mi   
websocket-server-56c97f4c7-xppvx   7m    32Mi   
1781614690
websocket-server-56c97f4c7-6q5vs   20m   99Mi   
websocket-server-56c97f4c7-8xzkd   5m    30Mi   
websocket-server-56c97f4c7-fjts7   2m    28Mi   
websocket-server-56c97f4c7-jg8rj   7m    32Mi   
websocket-server-56c97f4c7-t7zg4   18m   96Mi   
websocket-server-56c97f4c7-tm8dq   17m   28Mi   
websocket-server-56c97f4c7-xppvx   7m    32Mi   
1781614695
websocket-server-56c97f4c7-6q5vs   20m   99Mi   
websocket-server-56c97f4c7-8xzkd   5m    30Mi   
websocket-server-56c97f4c7-fjts7   3m    28Mi   
websocket-server-56c97f4c7-jg8rj   7m    32Mi   
websocket-server-56c97f4c7-t7zg4   17m   96Mi   
websocket-server-56c97f4c7-tbbwl   1m    27Mi   
websocket-server-56c97f4c7-tm8dq   1m    28Mi   
websocket-server-56c97f4c7-xppvx   7m    32Mi   
1781614700
websocket-server-56c97f4c7-6q5vs   20m   99Mi   
websocket-server-56c97f4c7-8xzkd   5m    30Mi   
websocket-server-56c97f4c7-fjts7   3m    28Mi   
websocket-server-56c97f4c7-jg8rj   7m    32Mi   
websocket-server-56c97f4c7-t7zg4   17m   96Mi   
websocket-server-56c97f4c7-tbbwl   1m    27Mi   
websocket-server-56c97f4c7-tm8dq   1m    28Mi   
websocket-server-56c97f4c7-xppvx   7m    32Mi   
1781614706
websocket-server-56c97f4c7-6q5vs   20m   99Mi   
websocket-server-56c97f4c7-8xzkd   5m    30Mi   
websocket-server-56c97f4c7-fjts7   3m    28Mi   
websocket-server-56c97f4c7-jg8rj   7m    32Mi   
websocket-server-56c97f4c7-t7zg4   17m   96Mi   
websocket-server-56c97f4c7-tbbwl   1m    27Mi   
websocket-server-56c97f4c7-tm8dq   1m    28Mi   
websocket-server-56c97f4c7-xppvx   7m    32Mi   
1781614711
websocket-server-56c97f4c7-6q5vs   16m   99Mi   
websocket-server-56c97f4c7-8xzkd   5m    31Mi   
websocket-server-56c97f4c7-fjts7   3m    28Mi   
websocket-server-56c97f4c7-jg8rj   6m    32Mi   
websocket-server-56c97f4c7-t7zg4   16m   95Mi   
websocket-server-56c97f4c7-tbbwl   1m    27Mi   
websocket-server-56c97f4c7-tm8dq   1m    28Mi   
websocket-server-56c97f4c7-xppvx   7m    32Mi   
1781614716
websocket-server-56c97f4c7-6q5vs   16m   99Mi   
websocket-server-56c97f4c7-8xzkd   5m    31Mi   
websocket-server-56c97f4c7-fjts7   3m    28Mi   
websocket-server-56c97f4c7-jg8rj   6m    32Mi   
websocket-server-56c97f4c7-t7zg4   16m   95Mi   
websocket-server-56c97f4c7-tbbwl   1m    27Mi   
websocket-server-56c97f4c7-tm8dq   1m    28Mi   
websocket-server-56c97f4c7-xppvx   7m    32Mi   
1781614721
websocket-server-56c97f4c7-6q5vs   16m   99Mi   
websocket-server-56c97f4c7-8xzkd   5m    31Mi   
websocket-server-56c97f4c7-fjts7   3m    28Mi   
websocket-server-56c97f4c7-jg8rj   6m    32Mi   
websocket-server-56c97f4c7-t7zg4   16m   95Mi   
websocket-server-56c97f4c7-tbbwl   1m    27Mi   
websocket-server-56c97f4c7-tm8dq   1m    28Mi   
websocket-server-56c97f4c7-xppvx   7m    32Mi   
1781614726
websocket-server-56c97f4c7-6q5vs   16m   99Mi   
websocket-server-56c97f4c7-8xzkd   2m    30Mi   
websocket-server-56c97f4c7-fjts7   2m    28Mi   
websocket-server-56c97f4c7-jg8rj   4m    31Mi   
websocket-server-56c97f4c7-t7zg4   6m    95Mi   
websocket-server-56c97f4c7-tbbwl   1m    27Mi   
websocket-server-56c97f4c7-tm8dq   1m    28Mi   
websocket-server-56c97f4c7-xppvx   2m    32Mi   
1781614731
websocket-server-56c97f4c7-6q5vs   16m   99Mi   
websocket-server-56c97f4c7-8xzkd   2m    30Mi   
websocket-server-56c97f4c7-fjts7   2m    28Mi   
websocket-server-56c97f4c7-jg8rj   4m    31Mi   
websocket-server-56c97f4c7-t7zg4   6m    95Mi   
websocket-server-56c97f4c7-tbbwl   1m    27Mi   
websocket-server-56c97f4c7-tm8dq   1m    28Mi   
websocket-server-56c97f4c7-xppvx   2m    32Mi   
1781614736
websocket-server-56c97f4c7-6q5vs   16m   99Mi   
websocket-server-56c97f4c7-8xzkd   2m    30Mi   
websocket-server-56c97f4c7-fjts7   2m    28Mi   
websocket-server-56c97f4c7-jg8rj   4m    31Mi   
websocket-server-56c97f4c7-t7zg4   6m    95Mi   
websocket-server-56c97f4c7-tbbwl   1m    27Mi   
websocket-server-56c97f4c7-tm8dq   1m    28Mi   
websocket-server-56c97f4c7-xppvx   2m    32Mi   
1781614741
websocket-server-56c97f4c7-6q5vs   7m    98Mi   
websocket-server-56c97f4c7-8xzkd   2m    30Mi   
websocket-server-56c97f4c7-fjts7   1m    28Mi   
websocket-server-56c97f4c7-jg8rj   2m    31Mi   
websocket-server-56c97f4c7-t7zg4   6m    95Mi   
websocket-server-56c97f4c7-tbbwl   1m    27Mi   
websocket-server-56c97f4c7-tm8dq   1m    28Mi   
websocket-server-56c97f4c7-xppvx   2m    32Mi   
1781614746
websocket-server-56c97f4c7-6q5vs   7m    98Mi   
websocket-server-56c97f4c7-8xzkd   2m    30Mi   
websocket-server-56c97f4c7-fjts7   1m    28Mi   
websocket-server-56c97f4c7-jg8rj   2m    31Mi   
websocket-server-56c97f4c7-t7zg4   6m    95Mi   
websocket-server-56c97f4c7-tbbwl   1m    27Mi   
websocket-server-56c97f4c7-tm8dq   1m    28Mi   
websocket-server-56c97f4c7-xppvx   2m    32Mi   
1781614751
websocket-server-56c97f4c7-6q5vs   7m    98Mi   
websocket-server-56c97f4c7-8xzkd   2m    30Mi   
websocket-server-56c97f4c7-fjts7   1m    28Mi   
websocket-server-56c97f4c7-jg8rj   2m    31Mi   
websocket-server-56c97f4c7-t7zg4   6m    95Mi   
websocket-server-56c97f4c7-tbbwl   1m    27Mi   
websocket-server-56c97f4c7-tm8dq   1m    28Mi   
websocket-server-56c97f4c7-xppvx   2m    32Mi   
1781614756
websocket-server-56c97f4c7-6q5vs   7m    98Mi   
websocket-server-56c97f4c7-8xzkd   2m    30Mi   
websocket-server-56c97f4c7-fjts7   1m    28Mi   
websocket-server-56c97f4c7-jg8rj   2m    31Mi   
websocket-server-56c97f4c7-t7zg4   6m    95Mi   
websocket-server-56c97f4c7-tbbwl   1m    27Mi   
websocket-server-56c97f4c7-tm8dq   1m    28Mi   
websocket-server-56c97f4c7-xppvx   3m    32Mi   
1781614761
websocket-server-56c97f4c7-6q5vs   7m    98Mi   
websocket-server-56c97f4c7-8xzkd   2m    30Mi   
websocket-server-56c97f4c7-fjts7   1m    28Mi   
websocket-server-56c97f4c7-jg8rj   2m    31Mi   
websocket-server-56c97f4c7-t7zg4   6m    95Mi   
websocket-server-56c97f4c7-tbbwl   1m    27Mi   
websocket-server-56c97f4c7-tm8dq   1m    28Mi   
websocket-server-56c97f4c7-xppvx   3m    32Mi   
1781614766
websocket-server-56c97f4c7-6q5vs   7m    98Mi   
websocket-server-56c97f4c7-8xzkd   2m    30Mi   
websocket-server-56c97f4c7-fjts7   1m    28Mi   
websocket-server-56c97f4c7-jg8rj   2m    31Mi   
websocket-server-56c97f4c7-t7zg4   6m    95Mi   
websocket-server-56c97f4c7-tbbwl   1m    27Mi   
websocket-server-56c97f4c7-tm8dq   1m    28Mi   
websocket-server-56c97f4c7-xppvx   3m    32Mi   
1781614771
websocket-server-56c97f4c7-6q5vs   6m    98Mi   
websocket-server-56c97f4c7-8xzkd   4m    30Mi   
websocket-server-56c97f4c7-fjts7   2m    28Mi   
websocket-server-56c97f4c7-jg8rj   2m    32Mi   
websocket-server-56c97f4c7-t7zg4   9m    94Mi   
websocket-server-56c97f4c7-tbbwl   1m    28Mi   
websocket-server-56c97f4c7-tm8dq   1m    28Mi   
websocket-server-56c97f4c7-xppvx   4m    32Mi   
1781614776
websocket-server-56c97f4c7-6q5vs   6m    98Mi   
websocket-server-56c97f4c7-8xzkd   4m    30Mi   
websocket-server-56c97f4c7-fjts7   2m    28Mi   
websocket-server-56c97f4c7-jg8rj   2m    32Mi   
websocket-server-56c97f4c7-t7zg4   9m    94Mi   
websocket-server-56c97f4c7-tbbwl   1m    28Mi   
websocket-server-56c97f4c7-tm8dq   1m    28Mi   
websocket-server-56c97f4c7-xppvx   4m    32Mi   
1781614781
websocket-server-56c97f4c7-6q5vs   6m    98Mi   
websocket-server-56c97f4c7-8xzkd   4m    30Mi   
websocket-server-56c97f4c7-fjts7   2m    28Mi   
websocket-server-56c97f4c7-jg8rj   2m    32Mi   
websocket-server-56c97f4c7-t7zg4   9m    94Mi   
websocket-server-56c97f4c7-tbbwl   1m    28Mi   
websocket-server-56c97f4c7-tm8dq   1m    28Mi   
websocket-server-56c97f4c7-xppvx   4m    32Mi   
1781614786
websocket-server-56c97f4c7-6q5vs   7m    97Mi   
websocket-server-56c97f4c7-8xzkd   1m    30Mi   
websocket-server-56c97f4c7-fjts7   1m    28Mi   
websocket-server-56c97f4c7-jg8rj   4m    31Mi   
websocket-server-56c97f4c7-t7zg4   1m    94Mi   
websocket-server-56c97f4c7-tbbwl   1m    28Mi   
websocket-server-56c97f4c7-tm8dq   1m    28Mi   
websocket-server-56c97f4c7-xppvx   1m    32Mi   
1781614791
websocket-server-56c97f4c7-6q5vs   7m    97Mi   
websocket-server-56c97f4c7-8xzkd   1m    30Mi   
websocket-server-56c97f4c7-fjts7   1m    28Mi   
websocket-server-56c97f4c7-jg8rj   4m    31Mi   
websocket-server-56c97f4c7-t7zg4   1m    94Mi   
websocket-server-56c97f4c7-tbbwl   1m    28Mi   
websocket-server-56c97f4c7-tm8dq   1m    28Mi   
websocket-server-56c97f4c7-xppvx   1m    32Mi   
1781614796
websocket-server-56c97f4c7-6q5vs   7m    97Mi   
websocket-server-56c97f4c7-8xzkd   1m    30Mi   
websocket-server-56c97f4c7-fjts7   1m    28Mi   
websocket-server-56c97f4c7-jg8rj   4m    31Mi   
websocket-server-56c97f4c7-t7zg4   1m    94Mi   
websocket-server-56c97f4c7-tbbwl   1m    28Mi   
websocket-server-56c97f4c7-tm8dq   1m    28Mi   
websocket-server-56c97f4c7-xppvx   1m    32Mi   
1781614802
websocket-server-56c97f4c7-6q5vs   1m    97Mi   
websocket-server-56c97f4c7-8xzkd   1m    30Mi   
websocket-server-56c97f4c7-fjts7   1m    28Mi   
websocket-server-56c97f4c7-jg8rj   1m    31Mi   
websocket-server-56c97f4c7-t7zg4   1m    94Mi   
websocket-server-56c97f4c7-tbbwl   1m    28Mi   
websocket-server-56c97f4c7-tm8dq   1m    28Mi   
websocket-server-56c97f4c7-xppvx   0m    32Mi   
1781614807
websocket-server-56c97f4c7-6q5vs   1m    97Mi   
websocket-server-56c97f4c7-8xzkd   1m    30Mi   
websocket-server-56c97f4c7-fjts7   1m    28Mi   
websocket-server-56c97f4c7-jg8rj   1m    31Mi   
websocket-server-56c97f4c7-t7zg4   1m    94Mi   
websocket-server-56c97f4c7-tbbwl   1m    28Mi   
websocket-server-56c97f4c7-tm8dq   1m    28Mi   
websocket-server-56c97f4c7-xppvx   0m    32Mi   
1781614812
websocket-server-56c97f4c7-6q5vs   1m    97Mi   
websocket-server-56c97f4c7-8xzkd   1m    30Mi   
websocket-server-56c97f4c7-fjts7   1m    28Mi   
websocket-server-56c97f4c7-jg8rj   1m    31Mi   
websocket-server-56c97f4c7-t7zg4   1m    94Mi   
websocket-server-56c97f4c7-tbbwl   1m    28Mi   
websocket-server-56c97f4c7-tm8dq   1m    28Mi   
websocket-server-56c97f4c7-xppvx   0m    32Mi   
1781614817
websocket-server-56c97f4c7-6q5vs   1m    97Mi   
websocket-server-56c97f4c7-8xzkd   1m    30Mi   
websocket-server-56c97f4c7-fjts7   1m    28Mi   
websocket-server-56c97f4c7-jg8rj   1m    31Mi   
websocket-server-56c97f4c7-t7zg4   1m    94Mi   
websocket-server-56c97f4c7-tbbwl   1m    28Mi   
websocket-server-56c97f4c7-tm8dq   0m    28Mi   
websocket-server-56c97f4c7-xppvx   1m    32Mi   
1781614822
websocket-server-56c97f4c7-6q5vs   1m    97Mi   
websocket-server-56c97f4c7-8xzkd   1m    30Mi   
websocket-server-56c97f4c7-fjts7   1m    28Mi   
websocket-server-56c97f4c7-jg8rj   1m    31Mi   
websocket-server-56c97f4c7-t7zg4   1m    94Mi   
websocket-server-56c97f4c7-tbbwl   1m    28Mi   
websocket-server-56c97f4c7-tm8dq   0m    28Mi   
websocket-server-56c97f4c7-xppvx   1m    32Mi   
1781614827
websocket-server-56c97f4c7-6q5vs   1m    97Mi   
websocket-server-56c97f4c7-8xzkd   1m    30Mi   
websocket-server-56c97f4c7-fjts7   1m    28Mi   
websocket-server-56c97f4c7-jg8rj   1m    31Mi   
websocket-server-56c97f4c7-t7zg4   1m    94Mi   
websocket-server-56c97f4c7-tbbwl   1m    28Mi   
websocket-server-56c97f4c7-tm8dq   0m    28Mi   
websocket-server-56c97f4c7-xppvx   1m    32Mi   
1781614832
websocket-server-56c97f4c7-6q5vs   1m    97Mi   
websocket-server-56c97f4c7-8xzkd   1m    30Mi   
websocket-server-56c97f4c7-fjts7   1m    28Mi   
websocket-server-56c97f4c7-jg8rj   1m    31Mi   
websocket-server-56c97f4c7-t7zg4   1m    94Mi   
websocket-server-56c97f4c7-tbbwl   1m    28Mi   
websocket-server-56c97f4c7-tm8dq   1m    28Mi   
websocket-server-56c97f4c7-xppvx   1m    32Mi   
1781614837
websocket-server-56c97f4c7-6q5vs   1m    97Mi   
websocket-server-56c97f4c7-8xzkd   1m    30Mi   
websocket-server-56c97f4c7-fjts7   1m    28Mi   
websocket-server-56c97f4c7-jg8rj   1m    31Mi   
websocket-server-56c97f4c7-t7zg4   1m    94Mi   
websocket-server-56c97f4c7-tbbwl   1m    28Mi   
websocket-server-56c97f4c7-tm8dq   1m    28Mi   
websocket-server-56c97f4c7-xppvx   1m    32Mi   
1781614842
websocket-server-56c97f4c7-6q5vs   1m    97Mi   
websocket-server-56c97f4c7-8xzkd   1m    30Mi   
websocket-server-56c97f4c7-fjts7   1m    28Mi   
websocket-server-56c97f4c7-jg8rj   1m    31Mi   
websocket-server-56c97f4c7-t7zg4   1m    94Mi   
websocket-server-56c97f4c7-tbbwl   1m    28Mi   
websocket-server-56c97f4c7-tm8dq   1m    28Mi   
websocket-server-56c97f4c7-xppvx   1m    32Mi   
1781614847
websocket-server-56c97f4c7-6q5vs   1m    97Mi   
websocket-server-56c97f4c7-8xzkd   1m    30Mi   
websocket-server-56c97f4c7-fjts7   1m    28Mi   
websocket-server-56c97f4c7-jg8rj   1m    31Mi   
websocket-server-56c97f4c7-t7zg4   1m    94Mi   
websocket-server-56c97f4c7-tbbwl   1m    28Mi   
websocket-server-56c97f4c7-tm8dq   1m    28Mi   
websocket-server-56c97f4c7-xppvx   1m    32Mi   
1781614852
websocket-server-56c97f4c7-6q5vs   1m    97Mi   
websocket-server-56c97f4c7-8xzkd   1m    30Mi   
websocket-server-56c97f4c7-fjts7   1m    28Mi   
websocket-server-56c97f4c7-jg8rj   1m    31Mi   
websocket-server-56c97f4c7-t7zg4   1m    94Mi   
websocket-server-56c97f4c7-tbbwl   1m    28Mi   
websocket-server-56c97f4c7-tm8dq   1m    28Mi   
websocket-server-56c97f4c7-xppvx   1m    32Mi   
1781614857
websocket-server-56c97f4c7-6q5vs   1m    97Mi   
websocket-server-56c97f4c7-8xzkd   1m    30Mi   
websocket-server-56c97f4c7-fjts7   1m    28Mi   
websocket-server-56c97f4c7-jg8rj   1m    31Mi   
websocket-server-56c97f4c7-t7zg4   1m    94Mi   
websocket-server-56c97f4c7-tbbwl   1m    28Mi   
websocket-server-56c97f4c7-tm8dq   1m    28Mi   
websocket-server-56c97f4c7-xppvx   1m    32Mi   
1781614862
websocket-server-56c97f4c7-6q5vs   1m    97Mi   
websocket-server-56c97f4c7-8xzkd   1m    30Mi   
websocket-server-56c97f4c7-fjts7   1m    28Mi   
websocket-server-56c97f4c7-jg8rj   1m    31Mi   
websocket-server-56c97f4c7-t7zg4   1m    94Mi   
websocket-server-56c97f4c7-tbbwl   1m    28Mi   
websocket-server-56c97f4c7-tm8dq   1m    28Mi   
websocket-server-56c97f4c7-xppvx   1m    32Mi   
1781614867
websocket-server-56c97f4c7-6q5vs   1m    97Mi   
websocket-server-56c97f4c7-8xzkd   1m    30Mi   
websocket-server-56c97f4c7-fjts7   1m    28Mi   
websocket-server-56c97f4c7-jg8rj   1m    31Mi   
websocket-server-56c97f4c7-t7zg4   1m    94Mi   
websocket-server-56c97f4c7-tbbwl   1m    28Mi   
websocket-server-56c97f4c7-tm8dq   1m    28Mi   
websocket-server-56c97f4c7-xppvx   1m    32Mi   
1781614872
websocket-server-56c97f4c7-6q5vs   1m    97Mi   
websocket-server-56c97f4c7-8xzkd   1m    30Mi   
websocket-server-56c97f4c7-fjts7   1m    28Mi   
websocket-server-56c97f4c7-jg8rj   1m    31Mi   
websocket-server-56c97f4c7-t7zg4   1m    94Mi   
websocket-server-56c97f4c7-tbbwl   1m    28Mi   
websocket-server-56c97f4c7-tm8dq   1m    28Mi   
websocket-server-56c97f4c7-xppvx   1m    32Mi   
1781614877
websocket-server-56c97f4c7-6q5vs   1m    97Mi   
websocket-server-56c97f4c7-8xzkd   1m    30Mi   
websocket-server-56c97f4c7-fjts7   1m    28Mi   
websocket-server-56c97f4c7-jg8rj   1m    31Mi   
websocket-server-56c97f4c7-t7zg4   1m    94Mi   
websocket-server-56c97f4c7-tbbwl   1m    28Mi   
websocket-server-56c97f4c7-tm8dq   1m    28Mi   
websocket-server-56c97f4c7-xppvx   1m    32Mi   
1781614882
websocket-server-56c97f4c7-6q5vs   1m    97Mi   
websocket-server-56c97f4c7-8xzkd   1m    30Mi   
websocket-server-56c97f4c7-fjts7   1m    28Mi   
websocket-server-56c97f4c7-jg8rj   1m    31Mi   
websocket-server-56c97f4c7-t7zg4   1m    94Mi   
websocket-server-56c97f4c7-tbbwl   1m    28Mi   
websocket-server-56c97f4c7-tm8dq   1m    28Mi   
websocket-server-56c97f4c7-xppvx   1m    32Mi   
1781614887
websocket-server-56c97f4c7-6q5vs   1m    97Mi   
websocket-server-56c97f4c7-8xzkd   1m    30Mi   
websocket-server-56c97f4c7-fjts7   1m    28Mi   
websocket-server-56c97f4c7-jg8rj   1m    31Mi   
websocket-server-56c97f4c7-t7zg4   1m    94Mi   
websocket-server-56c97f4c7-tbbwl   1m    28Mi   
websocket-server-56c97f4c7-tm8dq   1m    28Mi   
websocket-server-56c97f4c7-xppvx   0m    32Mi   
1781614893
websocket-server-56c97f4c7-6q5vs   1m    97Mi   
websocket-server-56c97f4c7-8xzkd   1m    30Mi   
websocket-server-56c97f4c7-fjts7   1m    28Mi   
websocket-server-56c97f4c7-jg8rj   1m    31Mi   
websocket-server-56c97f4c7-t7zg4   1m    94Mi   
websocket-server-56c97f4c7-tbbwl   1m    28Mi   
websocket-server-56c97f4c7-tm8dq   1m    28Mi   
websocket-server-56c97f4c7-xppvx   0m    32Mi   
1781614898
websocket-server-56c97f4c7-6q5vs   1m    97Mi   
websocket-server-56c97f4c7-8xzkd   1m    30Mi   
websocket-server-56c97f4c7-fjts7   1m    28Mi   
websocket-server-56c97f4c7-jg8rj   1m    31Mi   
websocket-server-56c97f4c7-t7zg4   1m    94Mi   
websocket-server-56c97f4c7-tbbwl   1m    28Mi   
websocket-server-56c97f4c7-tm8dq   1m    28Mi   
websocket-server-56c97f4c7-xppvx   0m    32Mi   
1781614903
websocket-server-56c97f4c7-6q5vs   1m    97Mi   
websocket-server-56c97f4c7-8xzkd   1m    30Mi   
websocket-server-56c97f4c7-fjts7   1m    28Mi   
websocket-server-56c97f4c7-jg8rj   1m    31Mi   
websocket-server-56c97f4c7-t7zg4   1m    94Mi   
websocket-server-56c97f4c7-tbbwl   1m    28Mi   
websocket-server-56c97f4c7-tm8dq   1m    28Mi   
websocket-server-56c97f4c7-xppvx   0m    32Mi   
1781614908
websocket-server-56c97f4c7-6q5vs   1m    97Mi   
websocket-server-56c97f4c7-8xzkd   1m    30Mi   
websocket-server-56c97f4c7-fjts7   1m    28Mi   
websocket-server-56c97f4c7-jg8rj   1m    31Mi   
websocket-server-56c97f4c7-t7zg4   1m    94Mi   
websocket-server-56c97f4c7-tbbwl   1m    28Mi   
websocket-server-56c97f4c7-tm8dq   1m    28Mi   
websocket-server-56c97f4c7-xppvx   0m    32Mi   
1781614913
websocket-server-56c97f4c7-6q5vs   1m    97Mi   
websocket-server-56c97f4c7-8xzkd   1m    30Mi   
websocket-server-56c97f4c7-fjts7   1m    28Mi   
websocket-server-56c97f4c7-jg8rj   1m    31Mi   
websocket-server-56c97f4c7-t7zg4   1m    94Mi   
websocket-server-56c97f4c7-tbbwl   1m    28Mi   
websocket-server-56c97f4c7-tm8dq   1m    28Mi   
websocket-server-56c97f4c7-xppvx   0m    32Mi   
1781614918
websocket-server-56c97f4c7-6q5vs   1m    97Mi   
websocket-server-56c97f4c7-8xzkd   1m    30Mi   
websocket-server-56c97f4c7-fjts7   1m    28Mi   
websocket-server-56c97f4c7-jg8rj   1m    32Mi   
websocket-server-56c97f4c7-t7zg4   1m    94Mi   
websocket-server-56c97f4c7-tbbwl   1m    28Mi   
websocket-server-56c97f4c7-tm8dq   1m    28Mi   
websocket-server-56c97f4c7-xppvx   1m    32Mi   
1781614923
websocket-server-56c97f4c7-6q5vs   1m    97Mi   
websocket-server-56c97f4c7-8xzkd   1m    30Mi   
websocket-server-56c97f4c7-fjts7   1m    28Mi   
websocket-server-56c97f4c7-jg8rj   1m    32Mi   
websocket-server-56c97f4c7-t7zg4   1m    94Mi   
websocket-server-56c97f4c7-tbbwl   1m    28Mi   
websocket-server-56c97f4c7-tm8dq   1m    28Mi   
websocket-server-56c97f4c7-xppvx   1m    32Mi   
1781614928
websocket-server-56c97f4c7-6q5vs   1m    97Mi   
websocket-server-56c97f4c7-8xzkd   1m    30Mi   
websocket-server-56c97f4c7-fjts7   1m    28Mi   
websocket-server-56c97f4c7-jg8rj   1m    32Mi   
websocket-server-56c97f4c7-t7zg4   1m    94Mi   
websocket-server-56c97f4c7-tbbwl   1m    28Mi   
websocket-server-56c97f4c7-tm8dq   1m    28Mi   
websocket-server-56c97f4c7-xppvx   1m    32Mi   
1781614933
websocket-server-56c97f4c7-6q5vs   2m    97Mi   
websocket-server-56c97f4c7-8xzkd   2m    31Mi   
websocket-server-56c97f4c7-fjts7   1m    29Mi   
websocket-server-56c97f4c7-jg8rj   2m    32Mi   
websocket-server-56c97f4c7-t7zg4   1m    94Mi   
websocket-server-56c97f4c7-tbbwl   1m    28Mi   
websocket-server-56c97f4c7-tm8dq   3m    29Mi   
websocket-server-56c97f4c7-xppvx   2m    33Mi   
1781614938
websocket-server-56c97f4c7-6q5vs   2m    97Mi   
websocket-server-56c97f4c7-8xzkd   2m    31Mi   
websocket-server-56c97f4c7-fjts7   1m    29Mi   
websocket-server-56c97f4c7-jg8rj   2m    32Mi   
websocket-server-56c97f4c7-t7zg4   1m    94Mi   
websocket-server-56c97f4c7-tbbwl   1m    28Mi   
websocket-server-56c97f4c7-tm8dq   3m    29Mi   
websocket-server-56c97f4c7-xppvx   2m    33Mi   
1781614943
websocket-server-56c97f4c7-6q5vs   2m    97Mi   
websocket-server-56c97f4c7-8xzkd   2m    31Mi   
websocket-server-56c97f4c7-fjts7   1m    29Mi   
websocket-server-56c97f4c7-jg8rj   2m    32Mi   
websocket-server-56c97f4c7-t7zg4   1m    94Mi   
websocket-server-56c97f4c7-tbbwl   1m    28Mi   
websocket-server-56c97f4c7-tm8dq   3m    29Mi   
websocket-server-56c97f4c7-xppvx   2m    33Mi   
1781614948
websocket-server-56c97f4c7-6q5vs   3m    97Mi   
websocket-server-56c97f4c7-8xzkd   3m    32Mi   
websocket-server-56c97f4c7-fjts7   3m    30Mi   
websocket-server-56c97f4c7-jg8rj   3m    33Mi   
websocket-server-56c97f4c7-t7zg4   3m    94Mi   
websocket-server-56c97f4c7-tbbwl   2m    29Mi   
websocket-server-56c97f4c7-tm8dq   4m    30Mi   
websocket-server-56c97f4c7-xppvx   3m    33Mi   
1781614953
websocket-server-56c97f4c7-6q5vs   3m    97Mi   
websocket-server-56c97f4c7-8xzkd   3m    32Mi   
websocket-server-56c97f4c7-fjts7   3m    30Mi   
websocket-server-56c97f4c7-jg8rj   3m    33Mi   
websocket-server-56c97f4c7-t7zg4   3m    94Mi   
websocket-server-56c97f4c7-tbbwl   2m    29Mi   
websocket-server-56c97f4c7-tm8dq   4m    30Mi   
websocket-server-56c97f4c7-xppvx   3m    33Mi   
1781614958
websocket-server-56c97f4c7-6q5vs   3m    97Mi   
websocket-server-56c97f4c7-8xzkd   3m    32Mi   
websocket-server-56c97f4c7-fjts7   3m    30Mi   
websocket-server-56c97f4c7-jg8rj   3m    33Mi   
websocket-server-56c97f4c7-t7zg4   3m    94Mi   
websocket-server-56c97f4c7-tbbwl   2m    29Mi   
websocket-server-56c97f4c7-tm8dq   4m    30Mi   
websocket-server-56c97f4c7-xppvx   3m    33Mi   
1781614963
websocket-server-56c97f4c7-6q5vs   6m    98Mi   
websocket-server-56c97f4c7-8xzkd   5m    32Mi   
websocket-server-56c97f4c7-fjts7   3m    30Mi   
websocket-server-56c97f4c7-jg8rj   5m    35Mi   
websocket-server-56c97f4c7-t7zg4   5m    94Mi   
websocket-server-56c97f4c7-tbbwl   2m    28Mi   
websocket-server-56c97f4c7-tm8dq   4m    30Mi   
websocket-server-56c97f4c7-xppvx   3m    33Mi   
1781614968
websocket-server-56c97f4c7-6q5vs   6m    98Mi   
websocket-server-56c97f4c7-8xzkd   5m    32Mi   
websocket-server-56c97f4c7-fjts7   3m    30Mi   
websocket-server-56c97f4c7-jg8rj   5m    35Mi   
websocket-server-56c97f4c7-t7zg4   5m    94Mi   
websocket-server-56c97f4c7-tbbwl   2m    28Mi   
websocket-server-56c97f4c7-tm8dq   4m    30Mi   
websocket-server-56c97f4c7-xppvx   3m    33Mi   
1781614973
websocket-server-56c97f4c7-6q5vs   6m    98Mi   
websocket-server-56c97f4c7-8xzkd   5m    32Mi   
websocket-server-56c97f4c7-jg8rj   5m    35Mi   
websocket-server-56c97f4c7-t7zg4   5m    94Mi   
websocket-server-56c97f4c7-tm8dq   4m    30Mi   
websocket-server-56c97f4c7-xppvx   3m    33Mi   
1781614978
websocket-server-56c97f4c7-6q5vs   7m    98Mi   
websocket-server-56c97f4c7-8xzkd   7m    33Mi   
websocket-server-56c97f4c7-jg8rj   5m    35Mi   
websocket-server-56c97f4c7-qt86r   21m   30Mi   
websocket-server-56c97f4c7-t7zg4   7m    95Mi   
1781614984
websocket-server-56c97f4c7-6q5vs   7m    98Mi   
websocket-server-56c97f4c7-8xzkd   7m    33Mi   
websocket-server-56c97f4c7-jg8rj   5m    35Mi   
websocket-server-56c97f4c7-qt86r   21m   30Mi   
websocket-server-56c97f4c7-t7zg4   7m    95Mi   
1781614989
websocket-server-56c97f4c7-6q5vs   7m    98Mi   
websocket-server-56c97f4c7-8xzkd   7m    33Mi   
websocket-server-56c97f4c7-jg8rj   5m    35Mi   
websocket-server-56c97f4c7-qt86r   21m   30Mi   
websocket-server-56c97f4c7-t7zg4   7m    95Mi   
1781614994
websocket-server-56c97f4c7-6q5vs   7m    98Mi   
websocket-server-56c97f4c7-8xzkd   7m    33Mi   
websocket-server-56c97f4c7-j7x85   21m   28Mi   
websocket-server-56c97f4c7-jg8rj   8m    38Mi   
websocket-server-56c97f4c7-qt86r   8m    30Mi   
websocket-server-56c97f4c7-t7zg4   10m   95Mi   
1781614999
websocket-server-56c97f4c7-6q5vs   7m    98Mi   
websocket-server-56c97f4c7-8xzkd   7m    33Mi   
websocket-server-56c97f4c7-j7x85   21m   28Mi   
websocket-server-56c97f4c7-jg8rj   8m    38Mi   
websocket-server-56c97f4c7-qt86r   8m    30Mi   
websocket-server-56c97f4c7-t7zg4   10m   95Mi   
1781615004
websocket-server-56c97f4c7-6q5vs   7m    98Mi   
websocket-server-56c97f4c7-8xzkd   7m    33Mi   
websocket-server-56c97f4c7-j7x85   21m   28Mi   
websocket-server-56c97f4c7-jg8rj   8m    38Mi   
websocket-server-56c97f4c7-qt86r   8m    30Mi   
websocket-server-56c97f4c7-t7zg4   10m   95Mi   
1781615009
websocket-server-56c97f4c7-6q5vs   10m   98Mi   
websocket-server-56c97f4c7-8xzkd   11m   37Mi   
websocket-server-56c97f4c7-j7x85   4m    30Mi   
websocket-server-56c97f4c7-jg8rj   11m   40Mi   
websocket-server-56c97f4c7-qt86r   6m    32Mi   
websocket-server-56c97f4c7-t7zg4   12m   95Mi   
websocket-server-56c97f4c7-wtbxb   18m   28Mi   
1781615014
websocket-server-56c97f4c7-6q5vs   10m   98Mi   
websocket-server-56c97f4c7-8xzkd   11m   37Mi   
websocket-server-56c97f4c7-j7x85   4m    30Mi   
websocket-server-56c97f4c7-jg8rj   11m   40Mi   
websocket-server-56c97f4c7-qt86r   6m    32Mi   
websocket-server-56c97f4c7-t7zg4   12m   95Mi   
websocket-server-56c97f4c7-wtbxb   18m   28Mi   
1781615019
websocket-server-56c97f4c7-6q5vs   10m   98Mi   
websocket-server-56c97f4c7-8xzkd   11m   37Mi   
websocket-server-56c97f4c7-j7x85   4m    30Mi   
websocket-server-56c97f4c7-jg8rj   11m   40Mi   
websocket-server-56c97f4c7-qt86r   6m    32Mi   
websocket-server-56c97f4c7-t7zg4   12m   95Mi   
websocket-server-56c97f4c7-wtbxb   18m   28Mi   
1781615024
websocket-server-56c97f4c7-6q5vs   12m   98Mi   
websocket-server-56c97f4c7-8xzkd   12m   37Mi   
websocket-server-56c97f4c7-gxsgh   1m    27Mi   
websocket-server-56c97f4c7-j7x85   4m    29Mi   
websocket-server-56c97f4c7-jg8rj   12m   40Mi   
websocket-server-56c97f4c7-qt86r   7m    32Mi   
websocket-server-56c97f4c7-t7zg4   13m   95Mi   
websocket-server-56c97f4c7-wtbxb   1m    28Mi   
1781615029
websocket-server-56c97f4c7-6q5vs   12m   98Mi   
websocket-server-56c97f4c7-8xzkd   12m   37Mi   
websocket-server-56c97f4c7-gxsgh   1m    27Mi   
websocket-server-56c97f4c7-j7x85   4m    29Mi   
websocket-server-56c97f4c7-jg8rj   12m   40Mi   
websocket-server-56c97f4c7-qt86r   7m    32Mi   
websocket-server-56c97f4c7-t7zg4   13m   95Mi   
websocket-server-56c97f4c7-wtbxb   1m    28Mi   
1781615034
websocket-server-56c97f4c7-6q5vs   12m   98Mi   
websocket-server-56c97f4c7-8xzkd   12m   37Mi   
websocket-server-56c97f4c7-gxsgh   1m    27Mi   
websocket-server-56c97f4c7-j7x85   4m    29Mi   
websocket-server-56c97f4c7-jg8rj   12m   40Mi   
websocket-server-56c97f4c7-qt86r   7m    32Mi   
websocket-server-56c97f4c7-t7zg4   13m   95Mi   
websocket-server-56c97f4c7-wtbxb   1m    28Mi   
1781615039
websocket-server-56c97f4c7-6q5vs   13m   98Mi   
websocket-server-56c97f4c7-8xzkd   10m   37Mi   
websocket-server-56c97f4c7-gxsgh   1m    27Mi   
websocket-server-56c97f4c7-j7x85   4m    29Mi   
websocket-server-56c97f4c7-jg8rj   12m   40Mi   
websocket-server-56c97f4c7-qt86r   8m    32Mi   
websocket-server-56c97f4c7-t7zg4   12m   95Mi   
websocket-server-56c97f4c7-wtbxb   1m    28Mi   
1781615044
websocket-server-56c97f4c7-6q5vs   13m   98Mi   
websocket-server-56c97f4c7-8xzkd   10m   37Mi   
websocket-server-56c97f4c7-gxsgh   1m    27Mi   
websocket-server-56c97f4c7-j7x85   4m    29Mi   
websocket-server-56c97f4c7-jg8rj   12m   40Mi   
websocket-server-56c97f4c7-qt86r   8m    32Mi   
websocket-server-56c97f4c7-t7zg4   12m   95Mi   
websocket-server-56c97f4c7-wtbxb   1m    28Mi   
1781615049
websocket-server-56c97f4c7-6q5vs   13m   98Mi   
websocket-server-56c97f4c7-8xzkd   10m   37Mi   
websocket-server-56c97f4c7-gxsgh   1m    27Mi   
websocket-server-56c97f4c7-j7x85   4m    29Mi   
websocket-server-56c97f4c7-jg8rj   12m   40Mi   
websocket-server-56c97f4c7-qt86r   8m    32Mi   
websocket-server-56c97f4c7-t7zg4   12m   95Mi   
websocket-server-56c97f4c7-wtbxb   1m    28Mi   
1781615054
websocket-server-56c97f4c7-6q5vs   8m    98Mi   
websocket-server-56c97f4c7-8xzkd   3m    37Mi   
websocket-server-56c97f4c7-gxsgh   1m    27Mi   
websocket-server-56c97f4c7-j7x85   2m    29Mi   
websocket-server-56c97f4c7-jg8rj   5m    40Mi   
websocket-server-56c97f4c7-qt86r   3m    32Mi   
websocket-server-56c97f4c7-t7zg4   4m    95Mi   
websocket-server-56c97f4c7-wtbxb   1m    28Mi   
1781615059
websocket-server-56c97f4c7-6q5vs   8m    98Mi   
websocket-server-56c97f4c7-8xzkd   3m    37Mi   
websocket-server-56c97f4c7-gxsgh   1m    27Mi   
websocket-server-56c97f4c7-j7x85   2m    29Mi   
websocket-server-56c97f4c7-jg8rj   5m    40Mi   
websocket-server-56c97f4c7-qt86r   3m    32Mi   
websocket-server-56c97f4c7-t7zg4   4m    95Mi   
websocket-server-56c97f4c7-wtbxb   1m    28Mi   
1781615064
websocket-server-56c97f4c7-6q5vs   8m    98Mi   
websocket-server-56c97f4c7-8xzkd   3m    37Mi   
websocket-server-56c97f4c7-gxsgh   1m    27Mi   
websocket-server-56c97f4c7-j7x85   2m    29Mi   
websocket-server-56c97f4c7-jg8rj   5m    40Mi   
websocket-server-56c97f4c7-qt86r   3m    32Mi   
websocket-server-56c97f4c7-t7zg4   4m    95Mi   
websocket-server-56c97f4c7-wtbxb   1m    28Mi   
1781615069
websocket-server-56c97f4c7-6q5vs   3m    98Mi   
websocket-server-56c97f4c7-8xzkd   4m    37Mi   
websocket-server-56c97f4c7-gxsgh   1m    27Mi   
websocket-server-56c97f4c7-j7x85   2m    29Mi   
websocket-server-56c97f4c7-jg8rj   3m    40Mi   
websocket-server-56c97f4c7-qt86r   2m    32Mi   
websocket-server-56c97f4c7-t7zg4   4m    95Mi   
websocket-server-56c97f4c7-wtbxb   1m    28Mi   
1781615075
websocket-server-56c97f4c7-6q5vs   3m    98Mi   
websocket-server-56c97f4c7-8xzkd   4m    37Mi   
websocket-server-56c97f4c7-gxsgh   1m    27Mi   
websocket-server-56c97f4c7-j7x85   2m    29Mi   
websocket-server-56c97f4c7-jg8rj   3m    40Mi   
websocket-server-56c97f4c7-qt86r   2m    32Mi   
websocket-server-56c97f4c7-t7zg4   4m    95Mi   
websocket-server-56c97f4c7-wtbxb   1m    28Mi   
1781615080
websocket-server-56c97f4c7-6q5vs   3m    98Mi   
websocket-server-56c97f4c7-8xzkd   4m    37Mi   
websocket-server-56c97f4c7-gxsgh   1m    27Mi   
websocket-server-56c97f4c7-j7x85   2m    29Mi   
websocket-server-56c97f4c7-jg8rj   3m    40Mi   
websocket-server-56c97f4c7-qt86r   2m    32Mi   
websocket-server-56c97f4c7-t7zg4   4m    95Mi   
websocket-server-56c97f4c7-wtbxb   1m    28Mi   
1781615085
websocket-server-56c97f4c7-6q5vs   4m    98Mi   
websocket-server-56c97f4c7-8xzkd   4m    37Mi   
websocket-server-56c97f4c7-gxsgh   1m    27Mi   
websocket-server-56c97f4c7-j7x85   1m    29Mi   
websocket-server-56c97f4c7-jg8rj   4m    40Mi   
websocket-server-56c97f4c7-qt86r   2m    32Mi   
websocket-server-56c97f4c7-t7zg4   4m    95Mi   
websocket-server-56c97f4c7-wtbxb   1m    28Mi   
1781615090
websocket-server-56c97f4c7-6q5vs   4m    98Mi   
websocket-server-56c97f4c7-8xzkd   4m    37Mi   
websocket-server-56c97f4c7-gxsgh   1m    27Mi   
websocket-server-56c97f4c7-j7x85   1m    29Mi   
websocket-server-56c97f4c7-jg8rj   4m    40Mi   
websocket-server-56c97f4c7-qt86r   2m    32Mi   
websocket-server-56c97f4c7-t7zg4   4m    95Mi   
websocket-server-56c97f4c7-wtbxb   1m    28Mi   
1781615095
websocket-server-56c97f4c7-6q5vs   4m    98Mi   
websocket-server-56c97f4c7-8xzkd   4m    37Mi   
websocket-server-56c97f4c7-gxsgh   1m    27Mi   
websocket-server-56c97f4c7-j7x85   1m    29Mi   
websocket-server-56c97f4c7-jg8rj   4m    40Mi   
websocket-server-56c97f4c7-qt86r   2m    32Mi   
websocket-server-56c97f4c7-t7zg4   4m    95Mi   
websocket-server-56c97f4c7-wtbxb   1m    28Mi   
1781615100
websocket-server-56c97f4c7-6q5vs   4m    98Mi   
websocket-server-56c97f4c7-8xzkd   9m    36Mi   
websocket-server-56c97f4c7-gxsgh   1m    27Mi   
websocket-server-56c97f4c7-j7x85   3m    29Mi   
websocket-server-56c97f4c7-jg8rj   4m    40Mi   
websocket-server-56c97f4c7-qt86r   3m    32Mi   
websocket-server-56c97f4c7-t7zg4   4m    95Mi   
websocket-server-56c97f4c7-wtbxb   1m    28Mi   
1781615105
websocket-server-56c97f4c7-6q5vs   4m    98Mi   
websocket-server-56c97f4c7-8xzkd   9m    36Mi   
websocket-server-56c97f4c7-gxsgh   1m    27Mi   
websocket-server-56c97f4c7-j7x85   3m    29Mi   
websocket-server-56c97f4c7-jg8rj   4m    40Mi   
websocket-server-56c97f4c7-qt86r   3m    32Mi   
websocket-server-56c97f4c7-t7zg4   4m    95Mi   
websocket-server-56c97f4c7-wtbxb   1m    28Mi   
1781615110
websocket-server-56c97f4c7-6q5vs   4m    98Mi   
websocket-server-56c97f4c7-8xzkd   9m    36Mi   
websocket-server-56c97f4c7-gxsgh   1m    27Mi   
websocket-server-56c97f4c7-j7x85   3m    29Mi   
websocket-server-56c97f4c7-jg8rj   4m    40Mi   
websocket-server-56c97f4c7-qt86r   3m    32Mi   
websocket-server-56c97f4c7-t7zg4   4m    95Mi   
websocket-server-56c97f4c7-wtbxb   1m    28Mi   
1781615115
websocket-server-56c97f4c7-6q5vs   4m    97Mi   
websocket-server-56c97f4c7-8xzkd   1m    36Mi   
websocket-server-56c97f4c7-gxsgh   1m    28Mi   
websocket-server-56c97f4c7-j7x85   3m    29Mi   
websocket-server-56c97f4c7-jg8rj   6m    39Mi   
websocket-server-56c97f4c7-qt86r   4m    32Mi   
websocket-server-56c97f4c7-t7zg4   6m    94Mi   
websocket-server-56c97f4c7-wtbxb   1m    28Mi   
1781615120
websocket-server-56c97f4c7-6q5vs   4m    97Mi   
websocket-server-56c97f4c7-8xzkd   1m    36Mi   
websocket-server-56c97f4c7-gxsgh   1m    28Mi   
websocket-server-56c97f4c7-j7x85   3m    29Mi   
websocket-server-56c97f4c7-jg8rj   6m    39Mi   
websocket-server-56c97f4c7-qt86r   4m    32Mi   
websocket-server-56c97f4c7-t7zg4   6m    94Mi   
websocket-server-56c97f4c7-wtbxb   1m    28Mi   
1781615125
websocket-server-56c97f4c7-6q5vs   4m    97Mi   
websocket-server-56c97f4c7-8xzkd   1m    36Mi   
websocket-server-56c97f4c7-gxsgh   1m    28Mi   
websocket-server-56c97f4c7-j7x85   3m    29Mi   
websocket-server-56c97f4c7-jg8rj   6m    39Mi   
websocket-server-56c97f4c7-qt86r   4m    32Mi   
websocket-server-56c97f4c7-t7zg4   6m    94Mi   
websocket-server-56c97f4c7-wtbxb   1m    28Mi   
1781615130
websocket-server-56c97f4c7-6q5vs   1m    97Mi   
websocket-server-56c97f4c7-8xzkd   1m    36Mi   
websocket-server-56c97f4c7-gxsgh   1m    28Mi   
websocket-server-56c97f4c7-j7x85   1m    29Mi   
websocket-server-56c97f4c7-jg8rj   1m    39Mi   
websocket-server-56c97f4c7-qt86r   1m    32Mi   
websocket-server-56c97f4c7-t7zg4   1m    94Mi   
websocket-server-56c97f4c7-wtbxb   1m    28Mi   
1781615135
websocket-server-56c97f4c7-6q5vs   1m    97Mi   
websocket-server-56c97f4c7-8xzkd   1m    36Mi   
websocket-server-56c97f4c7-gxsgh   1m    28Mi   
websocket-server-56c97f4c7-j7x85   1m    29Mi   
websocket-server-56c97f4c7-jg8rj   1m    39Mi   
websocket-server-56c97f4c7-qt86r   1m    32Mi   
websocket-server-56c97f4c7-t7zg4   1m    94Mi   
websocket-server-56c97f4c7-wtbxb   1m    28Mi   
1781615140
websocket-server-56c97f4c7-6q5vs   1m    97Mi   
websocket-server-56c97f4c7-8xzkd   1m    36Mi   
websocket-server-56c97f4c7-gxsgh   1m    28Mi   
websocket-server-56c97f4c7-j7x85   1m    29Mi   
websocket-server-56c97f4c7-jg8rj   1m    39Mi   
websocket-server-56c97f4c7-qt86r   1m    32Mi   
websocket-server-56c97f4c7-t7zg4   1m    94Mi   
websocket-server-56c97f4c7-wtbxb   1m    28Mi   
1781615145
websocket-server-56c97f4c7-6q5vs   1m    97Mi   
websocket-server-56c97f4c7-8xzkd   0m    36Mi   
websocket-server-56c97f4c7-gxsgh   1m    28Mi   
websocket-server-56c97f4c7-j7x85   1m    29Mi   
websocket-server-56c97f4c7-jg8rj   1m    39Mi   
websocket-server-56c97f4c7-qt86r   1m    32Mi   
websocket-server-56c97f4c7-t7zg4   1m    94Mi   
websocket-server-56c97f4c7-wtbxb   1m    28Mi   
1781615150
websocket-server-56c97f4c7-6q5vs   1m    97Mi   
websocket-server-56c97f4c7-8xzkd   0m    36Mi   
websocket-server-56c97f4c7-gxsgh   1m    28Mi   
websocket-server-56c97f4c7-j7x85   1m    29Mi   
websocket-server-56c97f4c7-jg8rj   1m    39Mi   
websocket-server-56c97f4c7-qt86r   1m    32Mi   
websocket-server-56c97f4c7-t7zg4   1m    94Mi   
websocket-server-56c97f4c7-wtbxb   1m    28Mi   
1781615155
websocket-server-56c97f4c7-6q5vs   1m    97Mi   
websocket-server-56c97f4c7-8xzkd   0m    36Mi   
websocket-server-56c97f4c7-gxsgh   1m    28Mi   
websocket-server-56c97f4c7-j7x85   1m    29Mi   
websocket-server-56c97f4c7-jg8rj   1m    39Mi   
websocket-server-56c97f4c7-qt86r   1m    32Mi   
websocket-server-56c97f4c7-t7zg4   1m    94Mi   
websocket-server-56c97f4c7-wtbxb   1m    28Mi   
1781615160
websocket-server-56c97f4c7-6q5vs   1m    97Mi   
websocket-server-56c97f4c7-8xzkd   1m    36Mi   
websocket-server-56c97f4c7-gxsgh   1m    28Mi   
websocket-server-56c97f4c7-j7x85   1m    29Mi   
websocket-server-56c97f4c7-jg8rj   1m    39Mi   
websocket-server-56c97f4c7-qt86r   1m    32Mi   
websocket-server-56c97f4c7-t7zg4   1m    94Mi   
websocket-server-56c97f4c7-wtbxb   1m    28Mi   
1781615166
websocket-server-56c97f4c7-6q5vs   1m    97Mi   
websocket-server-56c97f4c7-8xzkd   1m    36Mi   
websocket-server-56c97f4c7-gxsgh   1m    28Mi   
websocket-server-56c97f4c7-j7x85   1m    29Mi   
websocket-server-56c97f4c7-jg8rj   1m    39Mi   
websocket-server-56c97f4c7-qt86r   1m    32Mi   
websocket-server-56c97f4c7-t7zg4   1m    94Mi   
websocket-server-56c97f4c7-wtbxb   1m    28Mi   
1781615171
websocket-server-56c97f4c7-6q5vs   1m    97Mi   
websocket-server-56c97f4c7-8xzkd   1m    36Mi   
websocket-server-56c97f4c7-gxsgh   1m    28Mi   
websocket-server-56c97f4c7-j7x85   1m    29Mi   
websocket-server-56c97f4c7-jg8rj   1m    39Mi   
websocket-server-56c97f4c7-qt86r   1m    32Mi   
websocket-server-56c97f4c7-t7zg4   1m    94Mi   
websocket-server-56c97f4c7-wtbxb   1m    28Mi   
1781615176
websocket-server-56c97f4c7-6q5vs   1m    97Mi   
websocket-server-56c97f4c7-8xzkd   1m    36Mi   
websocket-server-56c97f4c7-gxsgh   1m    28Mi   
websocket-server-56c97f4c7-j7x85   1m    29Mi   
websocket-server-56c97f4c7-jg8rj   1m    39Mi   
websocket-server-56c97f4c7-qt86r   1m    32Mi   
websocket-server-56c97f4c7-t7zg4   1m    94Mi   
websocket-server-56c97f4c7-wtbxb   1m    28Mi   
1781615181
websocket-server-56c97f4c7-6q5vs   1m    97Mi   
websocket-server-56c97f4c7-8xzkd   1m    36Mi   
websocket-server-56c97f4c7-gxsgh   1m    28Mi   
websocket-server-56c97f4c7-j7x85   1m    29Mi   
websocket-server-56c97f4c7-jg8rj   1m    39Mi   
websocket-server-56c97f4c7-qt86r   1m    32Mi   
websocket-server-56c97f4c7-t7zg4   1m    94Mi   
websocket-server-56c97f4c7-wtbxb   1m    28Mi   
1781615186
websocket-server-56c97f4c7-6q5vs   1m    97Mi   
websocket-server-56c97f4c7-8xzkd   1m    36Mi   
websocket-server-56c97f4c7-gxsgh   1m    28Mi   
websocket-server-56c97f4c7-j7x85   1m    29Mi   
websocket-server-56c97f4c7-jg8rj   1m    39Mi   
websocket-server-56c97f4c7-qt86r   1m    32Mi   
websocket-server-56c97f4c7-t7zg4   1m    94Mi   
websocket-server-56c97f4c7-wtbxb   1m    28Mi   
1781615191
websocket-server-56c97f4c7-6q5vs   1m    97Mi   
websocket-server-56c97f4c7-8xzkd   1m    36Mi   
websocket-server-56c97f4c7-gxsgh   1m    28Mi   
websocket-server-56c97f4c7-j7x85   1m    29Mi   
websocket-server-56c97f4c7-jg8rj   1m    39Mi   
websocket-server-56c97f4c7-qt86r   1m    32Mi   
websocket-server-56c97f4c7-t7zg4   1m    94Mi   
websocket-server-56c97f4c7-wtbxb   1m    28Mi   
1781615196
websocket-server-56c97f4c7-6q5vs   1m    97Mi   
websocket-server-56c97f4c7-8xzkd   1m    36Mi   
websocket-server-56c97f4c7-gxsgh   1m    28Mi   
websocket-server-56c97f4c7-j7x85   1m    29Mi   
websocket-server-56c97f4c7-jg8rj   1m    39Mi   
websocket-server-56c97f4c7-qt86r   1m    32Mi   
websocket-server-56c97f4c7-t7zg4   1m    94Mi   
websocket-server-56c97f4c7-wtbxb   1m    28Mi   
1781615201
websocket-server-56c97f4c7-6q5vs   1m    97Mi   
websocket-server-56c97f4c7-8xzkd   1m    36Mi   
websocket-server-56c97f4c7-gxsgh   1m    28Mi   
websocket-server-56c97f4c7-j7x85   1m    29Mi   
websocket-server-56c97f4c7-jg8rj   1m    39Mi   
websocket-server-56c97f4c7-qt86r   1m    32Mi   
websocket-server-56c97f4c7-t7zg4   1m    94Mi   
websocket-server-56c97f4c7-wtbxb   1m    28Mi   
1781615206
websocket-server-56c97f4c7-6q5vs   1m    97Mi   
websocket-server-56c97f4c7-8xzkd   1m    36Mi   
websocket-server-56c97f4c7-gxsgh   1m    28Mi   
websocket-server-56c97f4c7-j7x85   1m    29Mi   
websocket-server-56c97f4c7-jg8rj   1m    39Mi   
websocket-server-56c97f4c7-qt86r   1m    32Mi   
websocket-server-56c97f4c7-t7zg4   1m    94Mi   
websocket-server-56c97f4c7-wtbxb   0m    28Mi   
1781615211
websocket-server-56c97f4c7-6q5vs   1m    97Mi   
websocket-server-56c97f4c7-8xzkd   1m    36Mi   
websocket-server-56c97f4c7-gxsgh   1m    28Mi   
websocket-server-56c97f4c7-j7x85   1m    29Mi   
websocket-server-56c97f4c7-jg8rj   1m    39Mi   
websocket-server-56c97f4c7-qt86r   1m    32Mi   
websocket-server-56c97f4c7-t7zg4   1m    94Mi   
websocket-server-56c97f4c7-wtbxb   0m    28Mi   
1781615216
websocket-server-56c97f4c7-6q5vs   1m    97Mi   
websocket-server-56c97f4c7-8xzkd   1m    36Mi   
websocket-server-56c97f4c7-gxsgh   1m    28Mi   
websocket-server-56c97f4c7-j7x85   1m    29Mi   
websocket-server-56c97f4c7-jg8rj   1m    39Mi   
websocket-server-56c97f4c7-qt86r   1m    32Mi   
websocket-server-56c97f4c7-t7zg4   1m    94Mi   
websocket-server-56c97f4c7-wtbxb   0m    28Mi   
1781615221
websocket-server-56c97f4c7-6q5vs   1m    97Mi   
websocket-server-56c97f4c7-8xzkd   1m    36Mi   
websocket-server-56c97f4c7-gxsgh   1m    28Mi   
websocket-server-56c97f4c7-j7x85   1m    29Mi   
websocket-server-56c97f4c7-jg8rj   1m    39Mi   
websocket-server-56c97f4c7-qt86r   1m    32Mi   
websocket-server-56c97f4c7-t7zg4   0m    94Mi   
websocket-server-56c97f4c7-wtbxb   1m    28Mi   
1781615226
websocket-server-56c97f4c7-6q5vs   1m    97Mi   
websocket-server-56c97f4c7-8xzkd   1m    36Mi   
websocket-server-56c97f4c7-gxsgh   1m    28Mi   
websocket-server-56c97f4c7-j7x85   1m    29Mi   
websocket-server-56c97f4c7-jg8rj   1m    39Mi   
websocket-server-56c97f4c7-qt86r   1m    32Mi   
websocket-server-56c97f4c7-t7zg4   0m    94Mi   
websocket-server-56c97f4c7-wtbxb   1m    28Mi   
1781615231
websocket-server-56c97f4c7-6q5vs   1m    97Mi   
websocket-server-56c97f4c7-8xzkd   1m    36Mi   
websocket-server-56c97f4c7-gxsgh   1m    28Mi   
websocket-server-56c97f4c7-j7x85   1m    29Mi   
websocket-server-56c97f4c7-jg8rj   1m    39Mi   
websocket-server-56c97f4c7-qt86r   1m    32Mi   
websocket-server-56c97f4c7-t7zg4   0m    94Mi   
websocket-server-56c97f4c7-wtbxb   1m    28Mi   
1781615236
websocket-server-56c97f4c7-6q5vs   1m    97Mi   
websocket-server-56c97f4c7-8xzkd   1m    36Mi   
websocket-server-56c97f4c7-gxsgh   1m    28Mi   
websocket-server-56c97f4c7-j7x85   1m    29Mi   
websocket-server-56c97f4c7-jg8rj   1m    39Mi   
websocket-server-56c97f4c7-qt86r   1m    32Mi   
websocket-server-56c97f4c7-t7zg4   1m    94Mi   
websocket-server-56c97f4c7-wtbxb   1m    28Mi   
1781615241
websocket-server-56c97f4c7-6q5vs   1m    97Mi   
websocket-server-56c97f4c7-8xzkd   1m    36Mi   
websocket-server-56c97f4c7-gxsgh   1m    28Mi   
websocket-server-56c97f4c7-j7x85   1m    29Mi   
websocket-server-56c97f4c7-jg8rj   1m    39Mi   
websocket-server-56c97f4c7-qt86r   1m    32Mi   
websocket-server-56c97f4c7-t7zg4   1m    94Mi   
websocket-server-56c97f4c7-wtbxb   1m    28Mi   
1781615246
websocket-server-56c97f4c7-6q5vs   1m    97Mi   
websocket-server-56c97f4c7-8xzkd   1m    36Mi   
websocket-server-56c97f4c7-gxsgh   1m    28Mi   
websocket-server-56c97f4c7-j7x85   1m    29Mi   
websocket-server-56c97f4c7-jg8rj   1m    39Mi   
websocket-server-56c97f4c7-qt86r   1m    32Mi   
websocket-server-56c97f4c7-t7zg4   1m    94Mi   
websocket-server-56c97f4c7-wtbxb   1m    28Mi   
1781615251
websocket-server-56c97f4c7-6q5vs   1m    97Mi   
websocket-server-56c97f4c7-8xzkd   1m    36Mi   
websocket-server-56c97f4c7-gxsgh   1m    28Mi   
websocket-server-56c97f4c7-j7x85   1m    29Mi   
websocket-server-56c97f4c7-jg8rj   1m    39Mi   
websocket-server-56c97f4c7-qt86r   1m    32Mi   
websocket-server-56c97f4c7-t7zg4   1m    94Mi   
websocket-server-56c97f4c7-wtbxb   1m    28Mi   
1781615256
websocket-server-56c97f4c7-6q5vs   1m    97Mi   
websocket-server-56c97f4c7-8xzkd   1m    36Mi   
websocket-server-56c97f4c7-gxsgh   1m    28Mi   
websocket-server-56c97f4c7-j7x85   1m    29Mi   
websocket-server-56c97f4c7-jg8rj   1m    39Mi   
websocket-server-56c97f4c7-qt86r   1m    32Mi   
websocket-server-56c97f4c7-t7zg4   1m    94Mi   
websocket-server-56c97f4c7-wtbxb   1m    28Mi   
1781615262
websocket-server-56c97f4c7-6q5vs   1m    97Mi   
websocket-server-56c97f4c7-8xzkd   1m    36Mi   
websocket-server-56c97f4c7-gxsgh   1m    28Mi   
websocket-server-56c97f4c7-j7x85   1m    29Mi   
websocket-server-56c97f4c7-jg8rj   1m    39Mi   
websocket-server-56c97f4c7-qt86r   1m    32Mi   
websocket-server-56c97f4c7-t7zg4   1m    94Mi   
websocket-server-56c97f4c7-wtbxb   1m    28Mi   
1781615267
websocket-server-56c97f4c7-6q5vs   1m    97Mi   
websocket-server-56c97f4c7-8xzkd   1m    36Mi   
websocket-server-56c97f4c7-gxsgh   1m    28Mi   
websocket-server-56c97f4c7-j7x85   1m    29Mi   
websocket-server-56c97f4c7-jg8rj   1m    40Mi   
websocket-server-56c97f4c7-qt86r   1m    32Mi   
websocket-server-56c97f4c7-t7zg4   1m    94Mi   
websocket-server-56c97f4c7-wtbxb   1m    28Mi   
1781615272
websocket-server-56c97f4c7-6q5vs   1m    97Mi   
websocket-server-56c97f4c7-8xzkd   1m    36Mi   
websocket-server-56c97f4c7-gxsgh   1m    28Mi   
websocket-server-56c97f4c7-j7x85   1m    29Mi   
websocket-server-56c97f4c7-jg8rj   1m    40Mi   
websocket-server-56c97f4c7-qt86r   1m    32Mi   
websocket-server-56c97f4c7-t7zg4   1m    94Mi   
websocket-server-56c97f4c7-wtbxb   1m    28Mi   
1781615277
websocket-server-56c97f4c7-6q5vs   1m    97Mi   
websocket-server-56c97f4c7-8xzkd   1m    36Mi   
websocket-server-56c97f4c7-gxsgh   1m    28Mi   
websocket-server-56c97f4c7-j7x85   1m    29Mi   
websocket-server-56c97f4c7-jg8rj   1m    40Mi   
websocket-server-56c97f4c7-qt86r   1m    32Mi   
websocket-server-56c97f4c7-t7zg4   1m    94Mi   
websocket-server-56c97f4c7-wtbxb   1m    28Mi   
1781615282
websocket-server-56c97f4c7-6q5vs   1m    97Mi   
websocket-server-56c97f4c7-8xzkd   1m    36Mi   
websocket-server-56c97f4c7-gxsgh   1m    28Mi   
websocket-server-56c97f4c7-j7x85   1m    29Mi   
websocket-server-56c97f4c7-jg8rj   1m    40Mi   
websocket-server-56c97f4c7-qt86r   1m    32Mi   
websocket-server-56c97f4c7-t7zg4   1m    94Mi   
websocket-server-56c97f4c7-wtbxb   1m    28Mi   
1781615287
websocket-server-56c97f4c7-6q5vs   1m    97Mi   
websocket-server-56c97f4c7-8xzkd   1m    36Mi   
websocket-server-56c97f4c7-gxsgh   1m    28Mi   
websocket-server-56c97f4c7-j7x85   1m    29Mi   
websocket-server-56c97f4c7-jg8rj   1m    40Mi   
websocket-server-56c97f4c7-qt86r   1m    32Mi   
websocket-server-56c97f4c7-t7zg4   1m    94Mi   
websocket-server-56c97f4c7-wtbxb   1m    28Mi   
1781615292
websocket-server-56c97f4c7-6q5vs   1m    97Mi   
websocket-server-56c97f4c7-8xzkd   1m    36Mi   
websocket-server-56c97f4c7-gxsgh   1m    28Mi   
websocket-server-56c97f4c7-j7x85   1m    29Mi   
websocket-server-56c97f4c7-jg8rj   1m    40Mi   
websocket-server-56c97f4c7-qt86r   1m    32Mi   
websocket-server-56c97f4c7-t7zg4   1m    94Mi   
websocket-server-56c97f4c7-wtbxb   1m    28Mi   
1781615297
websocket-server-56c97f4c7-6q5vs   1m    97Mi   
websocket-server-56c97f4c7-8xzkd   0m    36Mi   
websocket-server-56c97f4c7-gxsgh   1m    28Mi   
websocket-server-56c97f4c7-j7x85   0m    29Mi   
websocket-server-56c97f4c7-jg8rj   1m    39Mi   
websocket-server-56c97f4c7-qt86r   1m    32Mi   
websocket-server-56c97f4c7-t7zg4   1m    94Mi   
websocket-server-56c97f4c7-wtbxb   1m    28Mi   
1781615302
websocket-server-56c97f4c7-6q5vs   1m    97Mi   
websocket-server-56c97f4c7-8xzkd   0m    36Mi   
websocket-server-56c97f4c7-gxsgh   1m    28Mi   
websocket-server-56c97f4c7-j7x85   0m    29Mi   
websocket-server-56c97f4c7-jg8rj   1m    39Mi   
websocket-server-56c97f4c7-qt86r   1m    32Mi   
websocket-server-56c97f4c7-t7zg4   1m    94Mi   
websocket-server-56c97f4c7-wtbxb   1m    28Mi   
1781615307
websocket-server-56c97f4c7-6q5vs   1m    97Mi   
websocket-server-56c97f4c7-8xzkd   0m    36Mi   
websocket-server-56c97f4c7-gxsgh   1m    28Mi   
websocket-server-56c97f4c7-jg8rj   1m    39Mi   
websocket-server-56c97f4c7-qt86r   1m    32Mi   
websocket-server-56c97f4c7-t7zg4   1m    94Mi   
1781615312
websocket-server-56c97f4c7-6q5vs   1m    97Mi   
websocket-server-56c97f4c7-8xzkd   0m    36Mi   
websocket-server-56c97f4c7-jg8rj   1m    39Mi   
websocket-server-56c97f4c7-t7zg4   1m    94Mi   
