1781608558
websocket-server-56c97f4c7-6q5vs   1m    27Mi   
websocket-server-56c97f4c7-t7zg4   1m    27Mi   
1781608563
websocket-server-56c97f4c7-6q5vs   1m    27Mi   
websocket-server-56c97f4c7-t7zg4   1m    27Mi   
1781608568
websocket-server-56c97f4c7-6q5vs   1m    27Mi   
websocket-server-56c97f4c7-t7zg4   1m    27Mi   
1781608573
websocket-server-56c97f4c7-6q5vs   1m    28Mi   
websocket-server-56c97f4c7-t7zg4   0m    27Mi   
1781608578
websocket-server-56c97f4c7-6q5vs   1m    28Mi   
websocket-server-56c97f4c7-t7zg4   0m    27Mi   
1781608584
websocket-server-56c97f4c7-6q5vs   1m    28Mi   
websocket-server-56c97f4c7-t7zg4   0m    27Mi   
1781608589
websocket-server-56c97f4c7-6q5vs   1m    28Mi   
websocket-server-56c97f4c7-t7zg4   4m    30Mi   
1781608594
websocket-server-56c97f4c7-6q5vs   1m    28Mi   
websocket-server-56c97f4c7-t7zg4   4m    30Mi   
1781608599
websocket-server-56c97f4c7-6q5vs   1m    28Mi   
websocket-server-56c97f4c7-t7zg4   4m    30Mi   
1781608604
websocket-server-56c97f4c7-6q5vs   9m    33Mi   
websocket-server-56c97f4c7-t7zg4   10m   33Mi   
1781608609
websocket-server-56c97f4c7-6q5vs   9m    33Mi   
websocket-server-56c97f4c7-t7zg4   10m   33Mi   
1781608614
websocket-server-56c97f4c7-6q5vs   9m    33Mi   
websocket-server-56c97f4c7-t7zg4   10m   33Mi   
1781608619
websocket-server-56c97f4c7-6q5vs   14m   36Mi   
websocket-server-56c97f4c7-t7zg4   14m   36Mi   
websocket-server-56c97f4c7-vl8gn   10m   30Mi   
1781608624
websocket-server-56c97f4c7-6q5vs   14m   36Mi   
websocket-server-56c97f4c7-t7zg4   14m   36Mi   
websocket-server-56c97f4c7-vl8gn   10m   30Mi   
1781608629
websocket-server-56c97f4c7-6q5vs   14m   36Mi   
websocket-server-56c97f4c7-t7zg4   14m   36Mi   
websocket-server-56c97f4c7-vl8gn   10m   30Mi   
1781608634
websocket-server-56c97f4c7-6q5vs   16m   39Mi   
websocket-server-56c97f4c7-dg47h   3m    29Mi   
websocket-server-56c97f4c7-ns6kf   24m   28Mi   
websocket-server-56c97f4c7-t7zg4   14m   38Mi   
websocket-server-56c97f4c7-vl8gn   7m    30Mi   
1781608639
websocket-server-56c97f4c7-6q5vs   16m   39Mi   
websocket-server-56c97f4c7-dg47h   3m    29Mi   
websocket-server-56c97f4c7-ns6kf   24m   28Mi   
websocket-server-56c97f4c7-t7zg4   14m   38Mi   
websocket-server-56c97f4c7-vl8gn   7m    30Mi   
1781608644
websocket-server-56c97f4c7-6q5vs   16m   39Mi   
websocket-server-56c97f4c7-dg47h   3m    29Mi   
websocket-server-56c97f4c7-ns6kf   24m   28Mi   
websocket-server-56c97f4c7-t7zg4   14m   38Mi   
websocket-server-56c97f4c7-vl8gn   7m    30Mi   
1781608649
websocket-server-56c97f4c7-6q5vs   17m   41Mi   
websocket-server-56c97f4c7-dg47h   5m    30Mi   
websocket-server-56c97f4c7-ns6kf   3m    29Mi   
websocket-server-56c97f4c7-t7zg4   15m   39Mi   
websocket-server-56c97f4c7-vl8gn   7m    32Mi   
websocket-server-56c97f4c7-z6qcr   25m   28Mi   
1781608654
websocket-server-56c97f4c7-6q5vs   17m   41Mi   
websocket-server-56c97f4c7-dg47h   5m    30Mi   
websocket-server-56c97f4c7-ns6kf   3m    29Mi   
websocket-server-56c97f4c7-t7zg4   15m   39Mi   
websocket-server-56c97f4c7-vl8gn   7m    32Mi   
websocket-server-56c97f4c7-z6qcr   25m   28Mi   
1781608659
websocket-server-56c97f4c7-6q5vs   17m   41Mi   
websocket-server-56c97f4c7-dg47h   5m    30Mi   
websocket-server-56c97f4c7-ns6kf   3m    29Mi   
websocket-server-56c97f4c7-t7zg4   15m   39Mi   
websocket-server-56c97f4c7-vl8gn   7m    32Mi   
websocket-server-56c97f4c7-z6qcr   25m   28Mi   
1781608664
websocket-server-56c97f4c7-66cw6   12m   28Mi   
websocket-server-56c97f4c7-6q5vs   20m   42Mi   
websocket-server-56c97f4c7-dg47h   6m    31Mi   
websocket-server-56c97f4c7-ns6kf   4m    29Mi   
websocket-server-56c97f4c7-t7zg4   16m   41Mi   
websocket-server-56c97f4c7-vl8gn   8m    33Mi   
websocket-server-56c97f4c7-z6qcr   23m   28Mi   
1781608669
websocket-server-56c97f4c7-66cw6   12m   28Mi   
websocket-server-56c97f4c7-6q5vs   20m   42Mi   
websocket-server-56c97f4c7-dg47h   6m    31Mi   
websocket-server-56c97f4c7-ns6kf   4m    29Mi   
websocket-server-56c97f4c7-t7zg4   16m   41Mi   
websocket-server-56c97f4c7-vl8gn   8m    33Mi   
websocket-server-56c97f4c7-z6qcr   23m   28Mi   
1781608674
websocket-server-56c97f4c7-66cw6   12m   28Mi   
websocket-server-56c97f4c7-6q5vs   20m   42Mi   
websocket-server-56c97f4c7-dg47h   6m    31Mi   
websocket-server-56c97f4c7-ns6kf   4m    29Mi   
websocket-server-56c97f4c7-t7zg4   16m   41Mi   
websocket-server-56c97f4c7-vl8gn   8m    33Mi   
websocket-server-56c97f4c7-z6qcr   23m   28Mi   
1781608679
websocket-server-56c97f4c7-66cw6   1m    28Mi   
websocket-server-56c97f4c7-6q5vs   18m   43Mi   
websocket-server-56c97f4c7-dg47h   6m    31Mi   
websocket-server-56c97f4c7-flls7   25m   27Mi   
websocket-server-56c97f4c7-ns6kf   5m    30Mi   
websocket-server-56c97f4c7-t7zg4   16m   41Mi   
websocket-server-56c97f4c7-vl8gn   9m    33Mi   
websocket-server-56c97f4c7-z6qcr   3m    28Mi   
1781608684
websocket-server-56c97f4c7-66cw6   1m    28Mi   
websocket-server-56c97f4c7-6q5vs   18m   43Mi   
websocket-server-56c97f4c7-dg47h   6m    31Mi   
websocket-server-56c97f4c7-flls7   25m   27Mi   
websocket-server-56c97f4c7-ns6kf   5m    30Mi   
websocket-server-56c97f4c7-t7zg4   16m   41Mi   
websocket-server-56c97f4c7-vl8gn   9m    33Mi   
websocket-server-56c97f4c7-z6qcr   3m    28Mi   
1781608690
websocket-server-56c97f4c7-66cw6   1m    28Mi   
websocket-server-56c97f4c7-6q5vs   18m   43Mi   
websocket-server-56c97f4c7-dg47h   6m    31Mi   
websocket-server-56c97f4c7-flls7   25m   27Mi   
websocket-server-56c97f4c7-ns6kf   5m    30Mi   
websocket-server-56c97f4c7-t7zg4   16m   41Mi   
websocket-server-56c97f4c7-vl8gn   9m    33Mi   
websocket-server-56c97f4c7-z6qcr   3m    28Mi   
1781608695
websocket-server-56c97f4c7-66cw6   2m    28Mi   
websocket-server-56c97f4c7-6q5vs   19m   43Mi   
websocket-server-56c97f4c7-dg47h   6m    31Mi   
websocket-server-56c97f4c7-flls7   1m    27Mi   
websocket-server-56c97f4c7-ns6kf   5m    30Mi   
websocket-server-56c97f4c7-t7zg4   17m   41Mi   
websocket-server-56c97f4c7-vl8gn   8m    34Mi   
websocket-server-56c97f4c7-z6qcr   3m    29Mi   
1781608700
websocket-server-56c97f4c7-66cw6   2m    28Mi   
websocket-server-56c97f4c7-6q5vs   19m   43Mi   
websocket-server-56c97f4c7-dg47h   6m    31Mi   
websocket-server-56c97f4c7-flls7   1m    27Mi   
websocket-server-56c97f4c7-ns6kf   5m    30Mi   
websocket-server-56c97f4c7-t7zg4   17m   41Mi   
websocket-server-56c97f4c7-vl8gn   8m    34Mi   
websocket-server-56c97f4c7-z6qcr   3m    29Mi   
1781608705
websocket-server-56c97f4c7-66cw6   2m    28Mi   
websocket-server-56c97f4c7-6q5vs   19m   43Mi   
websocket-server-56c97f4c7-dg47h   6m    31Mi   
websocket-server-56c97f4c7-flls7   1m    27Mi   
websocket-server-56c97f4c7-ns6kf   5m    30Mi   
websocket-server-56c97f4c7-t7zg4   17m   41Mi   
websocket-server-56c97f4c7-vl8gn   8m    34Mi   
websocket-server-56c97f4c7-z6qcr   3m    29Mi   
1781608710
websocket-server-56c97f4c7-66cw6   1m    28Mi   
websocket-server-56c97f4c7-6q5vs   10m   43Mi   
websocket-server-56c97f4c7-dg47h   3m    31Mi   
websocket-server-56c97f4c7-flls7   0m    27Mi   
websocket-server-56c97f4c7-ns6kf   3m    30Mi   
websocket-server-56c97f4c7-t7zg4   7m    41Mi   
websocket-server-56c97f4c7-vl8gn   4m    33Mi   
websocket-server-56c97f4c7-z6qcr   2m    29Mi   
1781608715
websocket-server-56c97f4c7-66cw6   1m    28Mi   
websocket-server-56c97f4c7-6q5vs   10m   43Mi   
websocket-server-56c97f4c7-dg47h   3m    31Mi   
websocket-server-56c97f4c7-flls7   0m    27Mi   
websocket-server-56c97f4c7-ns6kf   3m    30Mi   
websocket-server-56c97f4c7-t7zg4   7m    41Mi   
websocket-server-56c97f4c7-vl8gn   4m    33Mi   
websocket-server-56c97f4c7-z6qcr   2m    29Mi   
1781608720
websocket-server-56c97f4c7-66cw6   1m    28Mi   
websocket-server-56c97f4c7-6q5vs   10m   43Mi   
websocket-server-56c97f4c7-dg47h   3m    31Mi   
websocket-server-56c97f4c7-flls7   0m    27Mi   
websocket-server-56c97f4c7-ns6kf   3m    30Mi   
websocket-server-56c97f4c7-t7zg4   7m    41Mi   
websocket-server-56c97f4c7-vl8gn   4m    33Mi   
websocket-server-56c97f4c7-z6qcr   2m    29Mi   
1781608725
websocket-server-56c97f4c7-66cw6   1m    28Mi   
websocket-server-56c97f4c7-6q5vs   7m    43Mi   
websocket-server-56c97f4c7-dg47h   2m    31Mi   
websocket-server-56c97f4c7-flls7   1m    27Mi   
websocket-server-56c97f4c7-ns6kf   2m    30Mi   
websocket-server-56c97f4c7-t7zg4   6m    41Mi   
websocket-server-56c97f4c7-vl8gn   3m    33Mi   
websocket-server-56c97f4c7-z6qcr   1m    29Mi   
1781608730
websocket-server-56c97f4c7-66cw6   1m    28Mi   
websocket-server-56c97f4c7-6q5vs   7m    43Mi   
websocket-server-56c97f4c7-dg47h   2m    31Mi   
websocket-server-56c97f4c7-flls7   1m    27Mi   
websocket-server-56c97f4c7-ns6kf   2m    30Mi   
websocket-server-56c97f4c7-t7zg4   6m    41Mi   
websocket-server-56c97f4c7-vl8gn   3m    33Mi   
websocket-server-56c97f4c7-z6qcr   1m    29Mi   
1781608735
websocket-server-56c97f4c7-66cw6   1m    28Mi   
websocket-server-56c97f4c7-6q5vs   7m    43Mi   
websocket-server-56c97f4c7-dg47h   2m    31Mi   
websocket-server-56c97f4c7-flls7   1m    27Mi   
websocket-server-56c97f4c7-ns6kf   2m    30Mi   
websocket-server-56c97f4c7-t7zg4   6m    41Mi   
websocket-server-56c97f4c7-vl8gn   3m    33Mi   
websocket-server-56c97f4c7-z6qcr   1m    29Mi   
1781608740
websocket-server-56c97f4c7-66cw6   1m    28Mi   
websocket-server-56c97f4c7-6q5vs   6m    43Mi   
websocket-server-56c97f4c7-dg47h   2m    31Mi   
websocket-server-56c97f4c7-flls7   1m    27Mi   
websocket-server-56c97f4c7-ns6kf   2m    30Mi   
websocket-server-56c97f4c7-t7zg4   6m    41Mi   
websocket-server-56c97f4c7-vl8gn   3m    33Mi   
websocket-server-56c97f4c7-z6qcr   1m    29Mi   
1781608745
websocket-server-56c97f4c7-66cw6   1m    28Mi   
websocket-server-56c97f4c7-6q5vs   6m    43Mi   
websocket-server-56c97f4c7-dg47h   2m    31Mi   
websocket-server-56c97f4c7-flls7   1m    27Mi   
websocket-server-56c97f4c7-ns6kf   2m    30Mi   
websocket-server-56c97f4c7-t7zg4   6m    41Mi   
websocket-server-56c97f4c7-vl8gn   3m    33Mi   
websocket-server-56c97f4c7-z6qcr   1m    29Mi   
1781608750
websocket-server-56c97f4c7-66cw6   1m    28Mi   
websocket-server-56c97f4c7-6q5vs   6m    43Mi   
websocket-server-56c97f4c7-dg47h   2m    31Mi   
websocket-server-56c97f4c7-flls7   1m    27Mi   
websocket-server-56c97f4c7-ns6kf   2m    30Mi   
websocket-server-56c97f4c7-t7zg4   6m    41Mi   
websocket-server-56c97f4c7-vl8gn   3m    33Mi   
websocket-server-56c97f4c7-z6qcr   1m    29Mi   
1781608755
websocket-server-56c97f4c7-66cw6   1m    28Mi   
websocket-server-56c97f4c7-6q5vs   6m    43Mi   
websocket-server-56c97f4c7-dg47h   2m    31Mi   
websocket-server-56c97f4c7-flls7   1m    27Mi   
websocket-server-56c97f4c7-ns6kf   3m    30Mi   
websocket-server-56c97f4c7-t7zg4   10m   40Mi   
websocket-server-56c97f4c7-vl8gn   3m    33Mi   
websocket-server-56c97f4c7-z6qcr   2m    29Mi   
1781608760
websocket-server-56c97f4c7-66cw6   1m    28Mi   
websocket-server-56c97f4c7-6q5vs   6m    43Mi   
websocket-server-56c97f4c7-dg47h   2m    31Mi   
websocket-server-56c97f4c7-flls7   1m    27Mi   
websocket-server-56c97f4c7-ns6kf   3m    30Mi   
websocket-server-56c97f4c7-t7zg4   10m   40Mi   
websocket-server-56c97f4c7-vl8gn   3m    33Mi   
websocket-server-56c97f4c7-z6qcr   2m    29Mi   
1781608765
websocket-server-56c97f4c7-66cw6   1m    28Mi   
websocket-server-56c97f4c7-6q5vs   6m    43Mi   
websocket-server-56c97f4c7-dg47h   2m    31Mi   
websocket-server-56c97f4c7-flls7   1m    27Mi   
websocket-server-56c97f4c7-ns6kf   3m    30Mi   
websocket-server-56c97f4c7-t7zg4   10m   40Mi   
websocket-server-56c97f4c7-vl8gn   3m    33Mi   
websocket-server-56c97f4c7-z6qcr   2m    29Mi   
1781608770
websocket-server-56c97f4c7-66cw6   2m    28Mi   
websocket-server-56c97f4c7-6q5vs   8m    43Mi   
websocket-server-56c97f4c7-dg47h   4m    32Mi   
websocket-server-56c97f4c7-flls7   3m    28Mi   
websocket-server-56c97f4c7-ns6kf   3m    30Mi   
websocket-server-56c97f4c7-t7zg4   2m    42Mi   
websocket-server-56c97f4c7-vl8gn   7m    34Mi   
websocket-server-56c97f4c7-z6qcr   2m    30Mi   
1781608775
websocket-server-56c97f4c7-66cw6   2m    28Mi   
websocket-server-56c97f4c7-6q5vs   8m    43Mi   
websocket-server-56c97f4c7-dg47h   4m    32Mi   
websocket-server-56c97f4c7-flls7   3m    28Mi   
websocket-server-56c97f4c7-ns6kf   3m    30Mi   
websocket-server-56c97f4c7-t7zg4   2m    42Mi   
websocket-server-56c97f4c7-vl8gn   7m    34Mi   
websocket-server-56c97f4c7-z6qcr   2m    30Mi   
1781608780
websocket-server-56c97f4c7-66cw6   2m    28Mi   
websocket-server-56c97f4c7-6q5vs   8m    43Mi   
websocket-server-56c97f4c7-dg47h   4m    32Mi   
websocket-server-56c97f4c7-flls7   3m    28Mi   
websocket-server-56c97f4c7-ns6kf   3m    30Mi   
websocket-server-56c97f4c7-t7zg4   2m    42Mi   
websocket-server-56c97f4c7-vl8gn   7m    34Mi   
websocket-server-56c97f4c7-z6qcr   2m    30Mi   
1781608785
websocket-server-56c97f4c7-66cw6   3m    29Mi   
websocket-server-56c97f4c7-6q5vs   4m    44Mi   
websocket-server-56c97f4c7-dg47h   4m    32Mi   
websocket-server-56c97f4c7-flls7   4m    29Mi   
websocket-server-56c97f4c7-ns6kf   3m    32Mi   
websocket-server-56c97f4c7-t7zg4   4m    41Mi   
websocket-server-56c97f4c7-vl8gn   3m    34Mi   
websocket-server-56c97f4c7-z6qcr   3m    30Mi   
1781608790
websocket-server-56c97f4c7-66cw6   3m    29Mi   
websocket-server-56c97f4c7-6q5vs   4m    44Mi   
websocket-server-56c97f4c7-dg47h   4m    32Mi   
websocket-server-56c97f4c7-flls7   4m    29Mi   
websocket-server-56c97f4c7-ns6kf   3m    32Mi   
websocket-server-56c97f4c7-t7zg4   4m    41Mi   
websocket-server-56c97f4c7-vl8gn   3m    34Mi   
websocket-server-56c97f4c7-z6qcr   3m    30Mi   
1781608795
websocket-server-56c97f4c7-66cw6   3m    29Mi   
websocket-server-56c97f4c7-6q5vs   4m    44Mi   
websocket-server-56c97f4c7-dg47h   4m    32Mi   
websocket-server-56c97f4c7-flls7   4m    29Mi   
websocket-server-56c97f4c7-ns6kf   3m    32Mi   
websocket-server-56c97f4c7-t7zg4   4m    41Mi   
websocket-server-56c97f4c7-vl8gn   3m    34Mi   
websocket-server-56c97f4c7-z6qcr   3m    30Mi   
1781608801
websocket-server-56c97f4c7-66cw6   2m    29Mi   
websocket-server-56c97f4c7-6q5vs   6m    46Mi   
websocket-server-56c97f4c7-dg47h   4m    32Mi   
websocket-server-56c97f4c7-flls7   3m    29Mi   
websocket-server-56c97f4c7-ns6kf   6m    33Mi   
websocket-server-56c97f4c7-t7zg4   4m    41Mi   
websocket-server-56c97f4c7-vl8gn   4m    35Mi   
websocket-server-56c97f4c7-z6qcr   4m    31Mi   
1781608806
websocket-server-56c97f4c7-66cw6   2m    29Mi   
websocket-server-56c97f4c7-6q5vs   6m    46Mi   
websocket-server-56c97f4c7-dg47h   4m    32Mi   
websocket-server-56c97f4c7-flls7   3m    29Mi   
websocket-server-56c97f4c7-ns6kf   6m    33Mi   
websocket-server-56c97f4c7-t7zg4   4m    41Mi   
websocket-server-56c97f4c7-vl8gn   4m    35Mi   
websocket-server-56c97f4c7-z6qcr   4m    31Mi   
1781608811
websocket-server-56c97f4c7-6q5vs   6m    46Mi   
websocket-server-56c97f4c7-dg47h   4m    32Mi   
websocket-server-56c97f4c7-ns6kf   6m    33Mi   
websocket-server-56c97f4c7-t7zg4   4m    41Mi   
websocket-server-56c97f4c7-vl8gn   4m    35Mi   
websocket-server-56c97f4c7-z6qcr   4m    31Mi   
1781608816
websocket-server-56c97f4c7-6q5vs   6m    46Mi   
websocket-server-56c97f4c7-dg47h   4m    32Mi   
websocket-server-56c97f4c7-dk7nm   3m    29Mi   
websocket-server-56c97f4c7-ns6kf   8m    34Mi   
websocket-server-56c97f4c7-t7zg4   6m    42Mi   
websocket-server-56c97f4c7-z6qcr   4m    31Mi   
1781608821
websocket-server-56c97f4c7-6q5vs   6m    46Mi   
websocket-server-56c97f4c7-dk7nm   3m    29Mi   
websocket-server-56c97f4c7-ns6kf   8m    34Mi   
websocket-server-56c97f4c7-t7zg4   6m    42Mi   
1781608826
websocket-server-56c97f4c7-6q5vs   6m    46Mi   
websocket-server-56c97f4c7-dk7nm   3m    29Mi   
websocket-server-56c97f4c7-ns6kf   8m    34Mi   
websocket-server-56c97f4c7-t7zg4   6m    42Mi   
1781608831
websocket-server-56c97f4c7-6q5vs   10m   48Mi   
websocket-server-56c97f4c7-dk7nm   7m    32Mi   
websocket-server-56c97f4c7-kvps2   22m   29Mi   
websocket-server-56c97f4c7-ns6kf   13m   37Mi   
websocket-server-56c97f4c7-qtc48   20m   29Mi   
websocket-server-56c97f4c7-t7zg4   10m   42Mi   
1781608836
websocket-server-56c97f4c7-6q5vs   10m   48Mi   
websocket-server-56c97f4c7-dk7nm   7m    32Mi   
websocket-server-56c97f4c7-kvps2   22m   29Mi   
websocket-server-56c97f4c7-ns6kf   13m   37Mi   
websocket-server-56c97f4c7-qtc48   20m   29Mi   
websocket-server-56c97f4c7-t7zg4   10m   42Mi   
1781608841
websocket-server-56c97f4c7-6q5vs   10m   48Mi   
websocket-server-56c97f4c7-dk7nm   7m    32Mi   
websocket-server-56c97f4c7-kvps2   22m   29Mi   
websocket-server-56c97f4c7-ns6kf   13m   37Mi   
websocket-server-56c97f4c7-qtc48   20m   29Mi   
websocket-server-56c97f4c7-t7zg4   10m   42Mi   
1781608846
websocket-server-56c97f4c7-4f2k2   19m   28Mi   
websocket-server-56c97f4c7-6q5vs   13m   51Mi   
websocket-server-56c97f4c7-btxd9   17m   28Mi   
websocket-server-56c97f4c7-dk7nm   7m    33Mi   
websocket-server-56c97f4c7-hzfjw   17m   28Mi   
websocket-server-56c97f4c7-kvps2   5m    30Mi   
websocket-server-56c97f4c7-ns6kf   14m   39Mi   
websocket-server-56c97f4c7-qtc48   6m    31Mi   
websocket-server-56c97f4c7-t7zg4   12m   43Mi   
1781608851
websocket-server-56c97f4c7-4f2k2   19m   28Mi   
websocket-server-56c97f4c7-6q5vs   13m   51Mi   
websocket-server-56c97f4c7-btxd9   17m   28Mi   
websocket-server-56c97f4c7-dk7nm   7m    33Mi   
websocket-server-56c97f4c7-hzfjw   17m   28Mi   
websocket-server-56c97f4c7-kvps2   5m    30Mi   
websocket-server-56c97f4c7-ns6kf   14m   39Mi   
websocket-server-56c97f4c7-qtc48   6m    31Mi   
websocket-server-56c97f4c7-t7zg4   12m   43Mi   
1781608856
websocket-server-56c97f4c7-4f2k2   19m   28Mi   
websocket-server-56c97f4c7-6q5vs   13m   51Mi   
websocket-server-56c97f4c7-btxd9   17m   28Mi   
websocket-server-56c97f4c7-dk7nm   7m    33Mi   
websocket-server-56c97f4c7-hzfjw   17m   28Mi   
websocket-server-56c97f4c7-kvps2   5m    30Mi   
websocket-server-56c97f4c7-ns6kf   14m   39Mi   
websocket-server-56c97f4c7-qtc48   6m    31Mi   
websocket-server-56c97f4c7-t7zg4   12m   43Mi   
1781608861
websocket-server-56c97f4c7-4f2k2   2m    28Mi   
websocket-server-56c97f4c7-6q5vs   13m   51Mi   
websocket-server-56c97f4c7-btxd9   1m    28Mi   
websocket-server-56c97f4c7-dk7nm   8m    33Mi   
websocket-server-56c97f4c7-hzfjw   2m    28Mi   
websocket-server-56c97f4c7-kvps2   5m    30Mi   
websocket-server-56c97f4c7-ns6kf   14m   39Mi   
websocket-server-56c97f4c7-qtc48   6m    31Mi   
websocket-server-56c97f4c7-t7zg4   12m   43Mi   
1781608866
websocket-server-56c97f4c7-4f2k2   2m    28Mi   
websocket-server-56c97f4c7-6q5vs   13m   51Mi   
websocket-server-56c97f4c7-btxd9   1m    28Mi   
websocket-server-56c97f4c7-dk7nm   8m    33Mi   
websocket-server-56c97f4c7-hzfjw   2m    28Mi   
websocket-server-56c97f4c7-kvps2   5m    30Mi   
websocket-server-56c97f4c7-ns6kf   14m   39Mi   
websocket-server-56c97f4c7-qtc48   6m    31Mi   
websocket-server-56c97f4c7-t7zg4   12m   43Mi   
1781608871
websocket-server-56c97f4c7-4f2k2   2m    28Mi   
websocket-server-56c97f4c7-6q5vs   13m   51Mi   
websocket-server-56c97f4c7-btxd9   1m    28Mi   
websocket-server-56c97f4c7-dk7nm   8m    33Mi   
websocket-server-56c97f4c7-hzfjw   2m    28Mi   
websocket-server-56c97f4c7-kvps2   5m    30Mi   
websocket-server-56c97f4c7-ns6kf   14m   39Mi   
websocket-server-56c97f4c7-qtc48   6m    31Mi   
websocket-server-56c97f4c7-t7zg4   12m   43Mi   
1781608876
websocket-server-56c97f4c7-4f2k2   2m    28Mi   
websocket-server-56c97f4c7-6q5vs   12m   51Mi   
websocket-server-56c97f4c7-btxd9   1m    28Mi   
websocket-server-56c97f4c7-dk7nm   8m    33Mi   
websocket-server-56c97f4c7-hzfjw   2m    28Mi   
websocket-server-56c97f4c7-kvps2   6m    30Mi   
websocket-server-56c97f4c7-ns6kf   13m   38Mi   
websocket-server-56c97f4c7-qtc48   6m    31Mi   
websocket-server-56c97f4c7-t7zg4   12m   43Mi   
1781608881
websocket-server-56c97f4c7-4f2k2   2m    28Mi   
websocket-server-56c97f4c7-6q5vs   12m   51Mi   
websocket-server-56c97f4c7-btxd9   1m    28Mi   
websocket-server-56c97f4c7-dk7nm   8m    33Mi   
websocket-server-56c97f4c7-hzfjw   2m    28Mi   
websocket-server-56c97f4c7-kvps2   6m    30Mi   
websocket-server-56c97f4c7-ns6kf   13m   38Mi   
websocket-server-56c97f4c7-qtc48   6m    31Mi   
websocket-server-56c97f4c7-t7zg4   12m   43Mi   
1781608886
websocket-server-56c97f4c7-4f2k2   2m    28Mi   
websocket-server-56c97f4c7-6q5vs   12m   51Mi   
websocket-server-56c97f4c7-btxd9   1m    28Mi   
websocket-server-56c97f4c7-dk7nm   8m    33Mi   
websocket-server-56c97f4c7-hzfjw   2m    28Mi   
websocket-server-56c97f4c7-kvps2   6m    30Mi   
websocket-server-56c97f4c7-ns6kf   13m   38Mi   
websocket-server-56c97f4c7-qtc48   6m    31Mi   
websocket-server-56c97f4c7-t7zg4   12m   43Mi   
1781608891
websocket-server-56c97f4c7-4f2k2   1m    28Mi   
websocket-server-56c97f4c7-6q5vs   4m    51Mi   
websocket-server-56c97f4c7-btxd9   1m    28Mi   
websocket-server-56c97f4c7-dk7nm   7m    32Mi   
websocket-server-56c97f4c7-kvps2   3m    31Mi   
websocket-server-56c97f4c7-ns6kf   5m    39Mi   
websocket-server-56c97f4c7-qtc48   4m    31Mi   
websocket-server-56c97f4c7-t7zg4   6m    43Mi   
1781608897
websocket-server-56c97f4c7-4f2k2   1m    28Mi   
websocket-server-56c97f4c7-6q5vs   4m    51Mi   
websocket-server-56c97f4c7-btxd9   1m    28Mi   
websocket-server-56c97f4c7-dk7nm   7m    32Mi   
websocket-server-56c97f4c7-kvps2   3m    31Mi   
websocket-server-56c97f4c7-ns6kf   5m    39Mi   
websocket-server-56c97f4c7-qtc48   4m    31Mi   
websocket-server-56c97f4c7-t7zg4   6m    43Mi   
1781608902
websocket-server-56c97f4c7-4f2k2   1m    28Mi   
websocket-server-56c97f4c7-6q5vs   4m    51Mi   
websocket-server-56c97f4c7-btxd9   1m    28Mi   
websocket-server-56c97f4c7-dk7nm   7m    32Mi   
websocket-server-56c97f4c7-kvps2   3m    31Mi   
websocket-server-56c97f4c7-ns6kf   5m    39Mi   
websocket-server-56c97f4c7-qtc48   4m    31Mi   
websocket-server-56c97f4c7-t7zg4   6m    43Mi   
1781608907
websocket-server-56c97f4c7-4f2k2   1m    28Mi   
websocket-server-56c97f4c7-6q5vs   4m    51Mi   
websocket-server-56c97f4c7-btxd9   1m    28Mi   
websocket-server-56c97f4c7-dk7nm   3m    33Mi   
websocket-server-56c97f4c7-kvps2   3m    31Mi   
websocket-server-56c97f4c7-ns6kf   5m    39Mi   
websocket-server-56c97f4c7-qtc48   2m    31Mi   
websocket-server-56c97f4c7-t7zg4   4m    43Mi   
1781608912
websocket-server-56c97f4c7-4f2k2   1m    28Mi   
websocket-server-56c97f4c7-6q5vs   4m    51Mi   
websocket-server-56c97f4c7-btxd9   1m    28Mi   
websocket-server-56c97f4c7-dk7nm   3m    33Mi   
websocket-server-56c97f4c7-kvps2   3m    31Mi   
websocket-server-56c97f4c7-ns6kf   5m    39Mi   
websocket-server-56c97f4c7-qtc48   2m    31Mi   
websocket-server-56c97f4c7-t7zg4   4m    43Mi   
1781608917
websocket-server-56c97f4c7-4f2k2   1m    28Mi   
websocket-server-56c97f4c7-6q5vs   4m    51Mi   
websocket-server-56c97f4c7-btxd9   1m    28Mi   
websocket-server-56c97f4c7-dk7nm   3m    33Mi   
websocket-server-56c97f4c7-kvps2   3m    31Mi   
websocket-server-56c97f4c7-ns6kf   5m    39Mi   
websocket-server-56c97f4c7-qtc48   2m    31Mi   
websocket-server-56c97f4c7-t7zg4   4m    43Mi   
1781608922
websocket-server-56c97f4c7-4f2k2   1m    28Mi   
websocket-server-56c97f4c7-6q5vs   4m    51Mi   
websocket-server-56c97f4c7-btxd9   1m    28Mi   
websocket-server-56c97f4c7-dk7nm   3m    33Mi   
websocket-server-56c97f4c7-kvps2   2m    31Mi   
websocket-server-56c97f4c7-ns6kf   4m    39Mi   
websocket-server-56c97f4c7-qtc48   2m    31Mi   
websocket-server-56c97f4c7-t7zg4   4m    43Mi   
1781608927
websocket-server-56c97f4c7-4f2k2   1m    28Mi   
websocket-server-56c97f4c7-6q5vs   4m    51Mi   
websocket-server-56c97f4c7-btxd9   1m    28Mi   
websocket-server-56c97f4c7-dk7nm   3m    33Mi   
websocket-server-56c97f4c7-kvps2   2m    31Mi   
websocket-server-56c97f4c7-ns6kf   4m    39Mi   
websocket-server-56c97f4c7-qtc48   2m    31Mi   
websocket-server-56c97f4c7-t7zg4   4m    43Mi   
1781608932
websocket-server-56c97f4c7-4f2k2   1m    28Mi   
websocket-server-56c97f4c7-6q5vs   4m    51Mi   
websocket-server-56c97f4c7-btxd9   1m    28Mi   
websocket-server-56c97f4c7-dk7nm   3m    33Mi   
websocket-server-56c97f4c7-kvps2   2m    31Mi   
websocket-server-56c97f4c7-ns6kf   4m    39Mi   
websocket-server-56c97f4c7-qtc48   2m    31Mi   
websocket-server-56c97f4c7-t7zg4   4m    43Mi   
1781608937
websocket-server-56c97f4c7-4f2k2   1m    28Mi   
websocket-server-56c97f4c7-6q5vs   8m    50Mi   
websocket-server-56c97f4c7-btxd9   1m    28Mi   
websocket-server-56c97f4c7-dk7nm   2m    32Mi   
websocket-server-56c97f4c7-kvps2   4m    30Mi   
websocket-server-56c97f4c7-ns6kf   5m    39Mi   
websocket-server-56c97f4c7-qtc48   2m    31Mi   
websocket-server-56c97f4c7-t7zg4   4m    43Mi   
1781608942
websocket-server-56c97f4c7-4f2k2   1m    28Mi   
websocket-server-56c97f4c7-6q5vs   8m    50Mi   
websocket-server-56c97f4c7-btxd9   1m    28Mi   
websocket-server-56c97f4c7-dk7nm   2m    32Mi   
websocket-server-56c97f4c7-kvps2   4m    30Mi   
websocket-server-56c97f4c7-ns6kf   5m    39Mi   
websocket-server-56c97f4c7-qtc48   2m    31Mi   
websocket-server-56c97f4c7-t7zg4   4m    43Mi   
1781608947
websocket-server-56c97f4c7-4f2k2   1m    28Mi   
websocket-server-56c97f4c7-6q5vs   8m    50Mi   
websocket-server-56c97f4c7-btxd9   1m    28Mi   
websocket-server-56c97f4c7-dk7nm   4m    32Mi   
websocket-server-56c97f4c7-kvps2   1m    30Mi   
websocket-server-56c97f4c7-ns6kf   9m    38Mi   
websocket-server-56c97f4c7-qtc48   2m    31Mi   
websocket-server-56c97f4c7-t7zg4   7m    42Mi   
1781608952
websocket-server-56c97f4c7-4f2k2   1m    28Mi   
websocket-server-56c97f4c7-6q5vs   8m    50Mi   
websocket-server-56c97f4c7-btxd9   1m    28Mi   
websocket-server-56c97f4c7-dk7nm   4m    32Mi   
websocket-server-56c97f4c7-kvps2   1m    30Mi   
websocket-server-56c97f4c7-ns6kf   9m    38Mi   
websocket-server-56c97f4c7-qtc48   2m    31Mi   
websocket-server-56c97f4c7-t7zg4   7m    42Mi   
1781608957
websocket-server-56c97f4c7-4f2k2   1m    28Mi   
websocket-server-56c97f4c7-6q5vs   8m    50Mi   
websocket-server-56c97f4c7-btxd9   1m    28Mi   
websocket-server-56c97f4c7-dk7nm   4m    32Mi   
websocket-server-56c97f4c7-kvps2   1m    30Mi   
websocket-server-56c97f4c7-ns6kf   9m    38Mi   
websocket-server-56c97f4c7-qtc48   2m    31Mi   
websocket-server-56c97f4c7-t7zg4   7m    42Mi   
1781608962
websocket-server-56c97f4c7-4f2k2   1m    28Mi   
websocket-server-56c97f4c7-6q5vs   1m    50Mi   
websocket-server-56c97f4c7-btxd9   1m    28Mi   
websocket-server-56c97f4c7-dk7nm   1m    32Mi   
websocket-server-56c97f4c7-kvps2   1m    30Mi   
websocket-server-56c97f4c7-ns6kf   1m    38Mi   
websocket-server-56c97f4c7-qtc48   2m    31Mi   
websocket-server-56c97f4c7-t7zg4   1m    42Mi   
1781608967
websocket-server-56c97f4c7-4f2k2   1m    28Mi   
websocket-server-56c97f4c7-6q5vs   1m    50Mi   
websocket-server-56c97f4c7-btxd9   1m    28Mi   
websocket-server-56c97f4c7-dk7nm   1m    32Mi   
websocket-server-56c97f4c7-kvps2   1m    30Mi   
websocket-server-56c97f4c7-ns6kf   1m    38Mi   
websocket-server-56c97f4c7-qtc48   2m    31Mi   
websocket-server-56c97f4c7-t7zg4   1m    42Mi   
1781608972
websocket-server-56c97f4c7-4f2k2   1m    28Mi   
websocket-server-56c97f4c7-6q5vs   1m    50Mi   
websocket-server-56c97f4c7-btxd9   1m    28Mi   
websocket-server-56c97f4c7-dk7nm   1m    32Mi   
websocket-server-56c97f4c7-kvps2   1m    30Mi   
websocket-server-56c97f4c7-ns6kf   1m    38Mi   
websocket-server-56c97f4c7-qtc48   2m    31Mi   
websocket-server-56c97f4c7-t7zg4   1m    42Mi   
1781608977
websocket-server-56c97f4c7-4f2k2   1m    28Mi   
websocket-server-56c97f4c7-6q5vs   1m    50Mi   
websocket-server-56c97f4c7-btxd9   1m    28Mi   
websocket-server-56c97f4c7-dk7nm   1m    32Mi   
websocket-server-56c97f4c7-kvps2   1m    30Mi   
websocket-server-56c97f4c7-ns6kf   1m    38Mi   
websocket-server-56c97f4c7-qtc48   1m    31Mi   
websocket-server-56c97f4c7-t7zg4   1m    42Mi   
1781608982
websocket-server-56c97f4c7-4f2k2   1m    28Mi   
websocket-server-56c97f4c7-6q5vs   1m    50Mi   
websocket-server-56c97f4c7-btxd9   1m    28Mi   
websocket-server-56c97f4c7-dk7nm   1m    32Mi   
websocket-server-56c97f4c7-kvps2   1m    30Mi   
websocket-server-56c97f4c7-ns6kf   1m    38Mi   
websocket-server-56c97f4c7-qtc48   1m    31Mi   
websocket-server-56c97f4c7-t7zg4   1m    42Mi   
1781608987
websocket-server-56c97f4c7-6q5vs   1m    50Mi   
websocket-server-56c97f4c7-dk7nm   1m    32Mi   
websocket-server-56c97f4c7-kvps2   1m    30Mi   
websocket-server-56c97f4c7-ns6kf   1m    38Mi   
websocket-server-56c97f4c7-qtc48   1m    31Mi   
websocket-server-56c97f4c7-t7zg4   1m    42Mi   
1781608993
websocket-server-56c97f4c7-6q5vs   1m    51Mi   
websocket-server-56c97f4c7-kvps2   1m    30Mi   
websocket-server-56c97f4c7-ns6kf   1m    38Mi   
websocket-server-56c97f4c7-t7zg4   1m    42Mi   
1781608998
websocket-server-56c97f4c7-6q5vs   1m    51Mi   
websocket-server-56c97f4c7-t7zg4   1m    42Mi   
1781609003
websocket-server-56c97f4c7-6q5vs   1m    51Mi   
websocket-server-56c97f4c7-t7zg4   1m    42Mi   
