1781608553,2
1781608558,2
1781608563,2
1781608568,2
1781608573,2
1781608578,2
1781608584,2
1781608589,2
1781608594,2
1781608599,2
1781608604,3
1781608609,3
1781608614,4
1781608619,4
1781608624,5
1781608629,5
1781608634,5
1781608639,6
1781608644,6
1781608649,7
1781608654,7
1781608659,8
1781608664,8
1781608669,8
1781608674,8
1781608679,8
1781608684,8
1781608689,8
1781608695,8
1781608700,8
1781608705,8
1781608710,8
1781608715,8
1781608720,8
1781608725,8
1781608730,8
1781608735,8
1781608740,8
1781608745,8
1781608750,8
1781608755,8
1781608760,8
1781608765,8
1781608770,8
1781608775,8
1781608780,6
1781608785,5
1781608790,3
1781608795,4
1781608800,4
1781608805,4
1781608811,5
1781608816,6
1781608821,6
1781608826,7
1781608831,9
1781608836,9
1781608841,9
1781608846,9
1781608851,9
1781608856,9
1781608861,8
1781608866,8
1781608871,8
1781608876,8
1781608881,8
1781608886,8
1781608891,8
1781608896,8
1781608901,8
1781608906,8
1781608911,8
1781608916,8
1781608921,8
1781608927,8
1781608932,8
1781608937,8
1781608942,8
1781608947,8
1781608952,8
1781608957,8
1781608962,4
1781608967,2
1781608972,2
1781608977,2
1781608982,2
1781608987,2
1781608992,2
1781608997,2
1781609002,2
