1781619245
websocket-server-56c97f4c7-6q5vs   1m    95Mi   
websocket-server-56c97f4c7-t7zg4   1m    88Mi   
1781619250
websocket-server-56c97f4c7-6q5vs   1m    95Mi   
websocket-server-56c97f4c7-t7zg4   1m    88Mi   
1781619255
websocket-server-56c97f4c7-6q5vs   1m    95Mi   
websocket-server-56c97f4c7-t7zg4   1m    88Mi   
1781619260
websocket-server-56c97f4c7-6q5vs   1m    95Mi   
websocket-server-56c97f4c7-t7zg4   1m    88Mi   
1781619265
websocket-server-56c97f4c7-6q5vs   1m    95Mi   
websocket-server-56c97f4c7-t7zg4   1m    88Mi   
1781619270
websocket-server-56c97f4c7-6q5vs   2m    95Mi   
websocket-server-56c97f4c7-t7zg4   1m    88Mi   
1781619275
websocket-server-56c97f4c7-6q5vs   2m    95Mi   
websocket-server-56c97f4c7-t7zg4   1m    88Mi   
1781619280
websocket-server-56c97f4c7-6q5vs   2m    95Mi   
websocket-server-56c97f4c7-t7zg4   1m    88Mi   
1781619285
websocket-server-56c97f4c7-6q5vs   2m    95Mi   
websocket-server-56c97f4c7-t7zg4   6m    89Mi   
1781619290
websocket-server-56c97f4c7-6q5vs   2m    95Mi   
websocket-server-56c97f4c7-t7zg4   6m    89Mi   
1781619295
websocket-server-56c97f4c7-6q5vs   2m    95Mi   
websocket-server-56c97f4c7-t7zg4   6m    89Mi   
1781619300
websocket-server-56c97f4c7-6q5vs   10m   96Mi   
websocket-server-56c97f4c7-t7zg4   11m   90Mi   
1781619306
websocket-server-56c97f4c7-6q5vs   10m   96Mi   
websocket-server-56c97f4c7-t7zg4   11m   90Mi   
1781619311
websocket-server-56c97f4c7-6q5vs   10m   96Mi   
websocket-server-56c97f4c7-t7zg4   11m   90Mi   
1781619316
websocket-server-56c97f4c7-6q5vs   13m   96Mi   
websocket-server-56c97f4c7-t7zg4   14m   91Mi   
1781619321
websocket-server-56c97f4c7-6q5vs   13m   96Mi   
websocket-server-56c97f4c7-t7zg4   14m   91Mi   
1781619326
websocket-server-56c97f4c7-6q5vs   13m   96Mi   
websocket-server-56c97f4c7-t7zg4   14m   91Mi   
1781619331
websocket-server-56c97f4c7-48p2b   3m    29Mi   
websocket-server-56c97f4c7-6q5vs   15m   97Mi   
websocket-server-56c97f4c7-mdbq4   3m    28Mi   
websocket-server-56c97f4c7-t7zg4   14m   92Mi   
1781619336
websocket-server-56c97f4c7-48p2b   3m    29Mi   
websocket-server-56c97f4c7-6q5vs   15m   97Mi   
websocket-server-56c97f4c7-mdbq4   3m    28Mi   
websocket-server-56c97f4c7-t7zg4   14m   92Mi   
1781619341
websocket-server-56c97f4c7-48p2b   3m    29Mi   
websocket-server-56c97f4c7-6q5vs   15m   97Mi   
websocket-server-56c97f4c7-mdbq4   3m    28Mi   
websocket-server-56c97f4c7-t7zg4   14m   92Mi   
1781619346
websocket-server-56c97f4c7-48p2b   5m    31Mi   
websocket-server-56c97f4c7-6q5vs   16m   96Mi   
websocket-server-56c97f4c7-mdbq4   5m    31Mi   
websocket-server-56c97f4c7-t7zg4   15m   95Mi   
1781619351
websocket-server-56c97f4c7-48p2b   5m    31Mi   
websocket-server-56c97f4c7-6q5vs   16m   96Mi   
websocket-server-56c97f4c7-mdbq4   5m    31Mi   
websocket-server-56c97f4c7-t7zg4   15m   95Mi   
1781619356
websocket-server-56c97f4c7-48p2b   5m    31Mi   
websocket-server-56c97f4c7-6q5vs   16m   96Mi   
websocket-server-56c97f4c7-mdbq4   5m    31Mi   
websocket-server-56c97f4c7-t7zg4   15m   95Mi   
1781619361
websocket-server-56c97f4c7-48p2b   6m    32Mi   
websocket-server-56c97f4c7-6jmpp   18m   28Mi   
websocket-server-56c97f4c7-6q5vs   17m   96Mi   
websocket-server-56c97f4c7-mdbq4   5m    31Mi   
websocket-server-56c97f4c7-slmrt   2m    28Mi   
websocket-server-56c97f4c7-t7zg4   20m   95Mi   
1781619366
websocket-server-56c97f4c7-48p2b   6m    32Mi   
websocket-server-56c97f4c7-6jmpp   18m   28Mi   
websocket-server-56c97f4c7-6q5vs   17m   96Mi   
websocket-server-56c97f4c7-mdbq4   5m    31Mi   
websocket-server-56c97f4c7-slmrt   2m    28Mi   
websocket-server-56c97f4c7-t7zg4   20m   95Mi   
1781619371
websocket-server-56c97f4c7-48p2b   6m    32Mi   
websocket-server-56c97f4c7-6jmpp   18m   28Mi   
websocket-server-56c97f4c7-6q5vs   17m   96Mi   
websocket-server-56c97f4c7-mdbq4   5m    31Mi   
websocket-server-56c97f4c7-slmrt   2m    28Mi   
websocket-server-56c97f4c7-t7zg4   20m   95Mi   
1781619376
websocket-server-56c97f4c7-48p2b   6m    32Mi   
websocket-server-56c97f4c7-6jmpp   2m    28Mi   
websocket-server-56c97f4c7-6q5vs   16m   96Mi   
websocket-server-56c97f4c7-g62sl   1m    27Mi   
websocket-server-56c97f4c7-mdbq4   5m    31Mi   
websocket-server-56c97f4c7-slmrt   2m    28Mi   
websocket-server-56c97f4c7-t7zg4   17m   95Mi   
1781619381
websocket-server-56c97f4c7-48p2b   6m    32Mi   
websocket-server-56c97f4c7-6jmpp   2m    28Mi   
websocket-server-56c97f4c7-6q5vs   16m   96Mi   
websocket-server-56c97f4c7-g62sl   1m    27Mi   
websocket-server-56c97f4c7-mdbq4   5m    31Mi   
websocket-server-56c97f4c7-slmrt   2m    28Mi   
websocket-server-56c97f4c7-t7zg4   17m   95Mi   
1781619386
websocket-server-56c97f4c7-48p2b   6m    32Mi   
websocket-server-56c97f4c7-6jmpp   2m    28Mi   
websocket-server-56c97f4c7-6q5vs   16m   96Mi   
websocket-server-56c97f4c7-g62sl   1m    27Mi   
websocket-server-56c97f4c7-mdbq4   5m    31Mi   
websocket-server-56c97f4c7-slmrt   2m    28Mi   
websocket-server-56c97f4c7-t7zg4   17m   95Mi   
1781619391
websocket-server-56c97f4c7-48p2b   6m    32Mi   
websocket-server-56c97f4c7-6jmpp   2m    28Mi   
websocket-server-56c97f4c7-6q5vs   14m   96Mi   
websocket-server-56c97f4c7-g62sl   1m    27Mi   
websocket-server-56c97f4c7-gthln   17m   27Mi   
websocket-server-56c97f4c7-mdbq4   4m    31Mi   
websocket-server-56c97f4c7-slmrt   2m    28Mi   
websocket-server-56c97f4c7-t7zg4   16m   95Mi   
1781619396
websocket-server-56c97f4c7-48p2b   6m    32Mi   
websocket-server-56c97f4c7-6jmpp   2m    28Mi   
websocket-server-56c97f4c7-6q5vs   14m   96Mi   
websocket-server-56c97f4c7-g62sl   1m    27Mi   
websocket-server-56c97f4c7-gthln   17m   27Mi   
websocket-server-56c97f4c7-mdbq4   4m    31Mi   
websocket-server-56c97f4c7-slmrt   2m    28Mi   
websocket-server-56c97f4c7-t7zg4   16m   95Mi   
1781619401
websocket-server-56c97f4c7-48p2b   6m    32Mi   
websocket-server-56c97f4c7-6jmpp   2m    28Mi   
websocket-server-56c97f4c7-6q5vs   14m   96Mi   
websocket-server-56c97f4c7-g62sl   1m    27Mi   
websocket-server-56c97f4c7-gthln   17m   27Mi   
websocket-server-56c97f4c7-mdbq4   4m    31Mi   
websocket-server-56c97f4c7-slmrt   2m    28Mi   
websocket-server-56c97f4c7-t7zg4   16m   95Mi   
1781619407
websocket-server-56c97f4c7-48p2b   3m    32Mi   
websocket-server-56c97f4c7-6jmpp   1m    28Mi   
websocket-server-56c97f4c7-6q5vs   14m   96Mi   
websocket-server-56c97f4c7-g62sl   1m    27Mi   
websocket-server-56c97f4c7-gthln   0m    27Mi   
websocket-server-56c97f4c7-mdbq4   4m    31Mi   
websocket-server-56c97f4c7-slmrt   1m    28Mi   
websocket-server-56c97f4c7-t7zg4   6m    95Mi   
1781619412
websocket-server-56c97f4c7-48p2b   3m    32Mi   
websocket-server-56c97f4c7-6jmpp   1m    28Mi   
websocket-server-56c97f4c7-6q5vs   14m   96Mi   
websocket-server-56c97f4c7-g62sl   1m    27Mi   
websocket-server-56c97f4c7-gthln   0m    27Mi   
websocket-server-56c97f4c7-mdbq4   4m    31Mi   
websocket-server-56c97f4c7-slmrt   1m    28Mi   
websocket-server-56c97f4c7-t7zg4   6m    95Mi   
1781619417
websocket-server-56c97f4c7-48p2b   3m    32Mi   
websocket-server-56c97f4c7-6jmpp   1m    28Mi   
websocket-server-56c97f4c7-6q5vs   14m   96Mi   
websocket-server-56c97f4c7-g62sl   1m    27Mi   
websocket-server-56c97f4c7-gthln   0m    27Mi   
websocket-server-56c97f4c7-mdbq4   4m    31Mi   
websocket-server-56c97f4c7-slmrt   1m    28Mi   
websocket-server-56c97f4c7-t7zg4   6m    95Mi   
1781619422
websocket-server-56c97f4c7-48p2b   2m    32Mi   
websocket-server-56c97f4c7-6jmpp   1m    28Mi   
websocket-server-56c97f4c7-6q5vs   6m    96Mi   
websocket-server-56c97f4c7-g62sl   0m    27Mi   
websocket-server-56c97f4c7-gthln   1m    27Mi   
websocket-server-56c97f4c7-mdbq4   2m    31Mi   
websocket-server-56c97f4c7-slmrt   1m    28Mi   
websocket-server-56c97f4c7-t7zg4   6m    95Mi   
1781619427
websocket-server-56c97f4c7-48p2b   2m    32Mi   
websocket-server-56c97f4c7-6jmpp   1m    28Mi   
websocket-server-56c97f4c7-6q5vs   6m    96Mi   
websocket-server-56c97f4c7-g62sl   0m    27Mi   
websocket-server-56c97f4c7-gthln   1m    27Mi   
websocket-server-56c97f4c7-mdbq4   2m    31Mi   
websocket-server-56c97f4c7-slmrt   1m    28Mi   
websocket-server-56c97f4c7-t7zg4   6m    95Mi   
1781619432
websocket-server-56c97f4c7-48p2b   2m    32Mi   
websocket-server-56c97f4c7-6jmpp   1m    28Mi   
websocket-server-56c97f4c7-6q5vs   6m    96Mi   
websocket-server-56c97f4c7-g62sl   0m    27Mi   
websocket-server-56c97f4c7-gthln   1m    27Mi   
websocket-server-56c97f4c7-mdbq4   2m    31Mi   
websocket-server-56c97f4c7-slmrt   1m    28Mi   
websocket-server-56c97f4c7-t7zg4   6m    95Mi   
1781619437
websocket-server-56c97f4c7-48p2b   2m    32Mi   
websocket-server-56c97f4c7-6jmpp   1m    28Mi   
websocket-server-56c97f4c7-6q5vs   6m    96Mi   
websocket-server-56c97f4c7-g62sl   1m    27Mi   
websocket-server-56c97f4c7-gthln   0m    27Mi   
websocket-server-56c97f4c7-mdbq4   2m    31Mi   
websocket-server-56c97f4c7-slmrt   1m    28Mi   
websocket-server-56c97f4c7-t7zg4   6m    95Mi   
1781619442
websocket-server-56c97f4c7-48p2b   2m    32Mi   
websocket-server-56c97f4c7-6jmpp   1m    28Mi   
websocket-server-56c97f4c7-6q5vs   6m    96Mi   
websocket-server-56c97f4c7-g62sl   1m    27Mi   
websocket-server-56c97f4c7-gthln   0m    27Mi   
websocket-server-56c97f4c7-mdbq4   2m    31Mi   
websocket-server-56c97f4c7-slmrt   1m    28Mi   
websocket-server-56c97f4c7-t7zg4   6m    95Mi   
1781619447
websocket-server-56c97f4c7-48p2b   2m    32Mi   
websocket-server-56c97f4c7-6jmpp   1m    28Mi   
websocket-server-56c97f4c7-6q5vs   6m    96Mi   
websocket-server-56c97f4c7-g62sl   1m    27Mi   
websocket-server-56c97f4c7-gthln   0m    27Mi   
websocket-server-56c97f4c7-mdbq4   2m    31Mi   
websocket-server-56c97f4c7-slmrt   1m    28Mi   
websocket-server-56c97f4c7-t7zg4   6m    95Mi   
1781619452
websocket-server-56c97f4c7-48p2b   2m    32Mi   
websocket-server-56c97f4c7-6jmpp   1m    28Mi   
websocket-server-56c97f4c7-6q5vs   6m    96Mi   
websocket-server-56c97f4c7-g62sl   1m    28Mi   
websocket-server-56c97f4c7-gthln   0m    27Mi   
websocket-server-56c97f4c7-mdbq4   2m    31Mi   
websocket-server-56c97f4c7-slmrt   2m    28Mi   
websocket-server-56c97f4c7-t7zg4   11m   94Mi   
1781619457
websocket-server-56c97f4c7-48p2b   2m    32Mi   
websocket-server-56c97f4c7-6jmpp   1m    28Mi   
websocket-server-56c97f4c7-6q5vs   6m    96Mi   
websocket-server-56c97f4c7-g62sl   1m    28Mi   
websocket-server-56c97f4c7-gthln   0m    27Mi   
websocket-server-56c97f4c7-mdbq4   2m    31Mi   
websocket-server-56c97f4c7-slmrt   2m    28Mi   
websocket-server-56c97f4c7-t7zg4   11m   94Mi   
1781619462
websocket-server-56c97f4c7-48p2b   3m    32Mi   
websocket-server-56c97f4c7-6jmpp   1m    28Mi   
websocket-server-56c97f4c7-6q5vs   8m    95Mi   
websocket-server-56c97f4c7-g62sl   0m    28Mi   
websocket-server-56c97f4c7-gthln   1m    27Mi   
websocket-server-56c97f4c7-mdbq4   3m    31Mi   
websocket-server-56c97f4c7-slmrt   0m    28Mi   
websocket-server-56c97f4c7-t7zg4   1m    94Mi   
1781619467
websocket-server-56c97f4c7-48p2b   3m    32Mi   
websocket-server-56c97f4c7-6jmpp   1m    28Mi   
websocket-server-56c97f4c7-6q5vs   8m    95Mi   
websocket-server-56c97f4c7-g62sl   0m    28Mi   
websocket-server-56c97f4c7-gthln   1m    27Mi   
websocket-server-56c97f4c7-mdbq4   3m    31Mi   
websocket-server-56c97f4c7-slmrt   0m    28Mi   
websocket-server-56c97f4c7-t7zg4   1m    94Mi   
1781619472
websocket-server-56c97f4c7-48p2b   3m    32Mi   
websocket-server-56c97f4c7-6jmpp   1m    28Mi   
websocket-server-56c97f4c7-6q5vs   8m    95Mi   
websocket-server-56c97f4c7-g62sl   0m    28Mi   
websocket-server-56c97f4c7-gthln   1m    27Mi   
websocket-server-56c97f4c7-mdbq4   3m    31Mi   
websocket-server-56c97f4c7-slmrt   0m    28Mi   
websocket-server-56c97f4c7-t7zg4   1m    94Mi   
1781619477
websocket-server-56c97f4c7-48p2b   0m    32Mi   
websocket-server-56c97f4c7-6jmpp   1m    28Mi   
websocket-server-56c97f4c7-6q5vs   1m    95Mi   
websocket-server-56c97f4c7-g62sl   0m    28Mi   
websocket-server-56c97f4c7-gthln   1m    27Mi   
websocket-server-56c97f4c7-mdbq4   1m    31Mi   
websocket-server-56c97f4c7-slmrt   1m    28Mi   
websocket-server-56c97f4c7-t7zg4   0m    94Mi   
1781619482
websocket-server-56c97f4c7-48p2b   0m    32Mi   
websocket-server-56c97f4c7-6jmpp   1m    28Mi   
websocket-server-56c97f4c7-6q5vs   1m    95Mi   
websocket-server-56c97f4c7-g62sl   0m    28Mi   
websocket-server-56c97f4c7-gthln   1m    27Mi   
websocket-server-56c97f4c7-mdbq4   1m    31Mi   
websocket-server-56c97f4c7-slmrt   1m    28Mi   
websocket-server-56c97f4c7-t7zg4   0m    94Mi   
1781619487
websocket-server-56c97f4c7-48p2b   0m    32Mi   
websocket-server-56c97f4c7-6jmpp   1m    28Mi   
websocket-server-56c97f4c7-6q5vs   1m    95Mi   
websocket-server-56c97f4c7-g62sl   0m    28Mi   
websocket-server-56c97f4c7-gthln   1m    27Mi   
websocket-server-56c97f4c7-mdbq4   1m    31Mi   
websocket-server-56c97f4c7-slmrt   1m    28Mi   
websocket-server-56c97f4c7-t7zg4   0m    94Mi   
1781619492
websocket-server-56c97f4c7-48p2b   0m    32Mi   
websocket-server-56c97f4c7-6jmpp   1m    28Mi   
websocket-server-56c97f4c7-6q5vs   1m    95Mi   
websocket-server-56c97f4c7-g62sl   1m    28Mi   
websocket-server-56c97f4c7-gthln   1m    28Mi   
websocket-server-56c97f4c7-mdbq4   0m    31Mi   
websocket-server-56c97f4c7-slmrt   0m    28Mi   
websocket-server-56c97f4c7-t7zg4   1m    94Mi   
1781619497
websocket-server-56c97f4c7-48p2b   0m    32Mi   
websocket-server-56c97f4c7-6jmpp   1m    28Mi   
websocket-server-56c97f4c7-6q5vs   1m    95Mi   
websocket-server-56c97f4c7-g62sl   1m    28Mi   
websocket-server-56c97f4c7-gthln   1m    28Mi   
websocket-server-56c97f4c7-mdbq4   0m    31Mi   
websocket-server-56c97f4c7-slmrt   0m    28Mi   
websocket-server-56c97f4c7-t7zg4   1m    94Mi   
1781619502
websocket-server-56c97f4c7-48p2b   0m    32Mi   
websocket-server-56c97f4c7-6jmpp   1m    28Mi   
websocket-server-56c97f4c7-6q5vs   1m    95Mi   
websocket-server-56c97f4c7-g62sl   1m    28Mi   
websocket-server-56c97f4c7-gthln   1m    28Mi   
websocket-server-56c97f4c7-mdbq4   0m    31Mi   
websocket-server-56c97f4c7-slmrt   0m    28Mi   
websocket-server-56c97f4c7-t7zg4   1m    94Mi   
1781619507
websocket-server-56c97f4c7-48p2b   1m    32Mi   
websocket-server-56c97f4c7-6jmpp   0m    28Mi   
websocket-server-56c97f4c7-6q5vs   0m    95Mi   
websocket-server-56c97f4c7-g62sl   0m    28Mi   
websocket-server-56c97f4c7-gthln   1m    27Mi   
websocket-server-56c97f4c7-mdbq4   0m    31Mi   
websocket-server-56c97f4c7-slmrt   1m    28Mi   
websocket-server-56c97f4c7-t7zg4   1m    94Mi   
1781619512
websocket-server-56c97f4c7-48p2b   1m    32Mi   
websocket-server-56c97f4c7-6jmpp   0m    28Mi   
websocket-server-56c97f4c7-6q5vs   0m    95Mi   
websocket-server-56c97f4c7-g62sl   0m    28Mi   
websocket-server-56c97f4c7-gthln   1m    27Mi   
websocket-server-56c97f4c7-mdbq4   0m    31Mi   
websocket-server-56c97f4c7-slmrt   1m    28Mi   
websocket-server-56c97f4c7-t7zg4   1m    94Mi   
1781619518
websocket-server-56c97f4c7-48p2b   1m    32Mi   
websocket-server-56c97f4c7-6jmpp   0m    28Mi   
websocket-server-56c97f4c7-6q5vs   0m    95Mi   
websocket-server-56c97f4c7-g62sl   0m    28Mi   
websocket-server-56c97f4c7-gthln   1m    27Mi   
websocket-server-56c97f4c7-mdbq4   0m    31Mi   
websocket-server-56c97f4c7-slmrt   1m    28Mi   
websocket-server-56c97f4c7-t7zg4   1m    94Mi   
1781619523
websocket-server-56c97f4c7-48p2b   2m    32Mi   
websocket-server-56c97f4c7-6jmpp   1m    29Mi   
websocket-server-56c97f4c7-6q5vs   2m    95Mi   
websocket-server-56c97f4c7-g62sl   2m    28Mi   
websocket-server-56c97f4c7-gthln   2m    28Mi   
websocket-server-56c97f4c7-mdbq4   1m    31Mi   
websocket-server-56c97f4c7-slmrt   1m    28Mi   
websocket-server-56c97f4c7-t7zg4   1m    94Mi   
1781619528
websocket-server-56c97f4c7-48p2b   2m    32Mi   
websocket-server-56c97f4c7-6jmpp   1m    29Mi   
websocket-server-56c97f4c7-6q5vs   2m    95Mi   
websocket-server-56c97f4c7-g62sl   2m    28Mi   
websocket-server-56c97f4c7-gthln   2m    28Mi   
websocket-server-56c97f4c7-mdbq4   1m    31Mi   
websocket-server-56c97f4c7-slmrt   1m    28Mi   
websocket-server-56c97f4c7-t7zg4   1m    94Mi   
1781619533
websocket-server-56c97f4c7-48p2b   2m    32Mi   
websocket-server-56c97f4c7-6jmpp   1m    29Mi   
websocket-server-56c97f4c7-6q5vs   2m    95Mi   
websocket-server-56c97f4c7-g62sl   2m    28Mi   
websocket-server-56c97f4c7-gthln   2m    28Mi   
websocket-server-56c97f4c7-mdbq4   1m    31Mi   
websocket-server-56c97f4c7-slmrt   1m    28Mi   
websocket-server-56c97f4c7-t7zg4   1m    94Mi   
1781619538
websocket-server-56c97f4c7-48p2b   3m    33Mi   
websocket-server-56c97f4c7-6jmpp   2m    29Mi   
websocket-server-56c97f4c7-6q5vs   2m    95Mi   
websocket-server-56c97f4c7-g62sl   3m    29Mi   
websocket-server-56c97f4c7-gthln   2m    29Mi   
websocket-server-56c97f4c7-mdbq4   3m    32Mi   
websocket-server-56c97f4c7-slmrt   2m    30Mi   
websocket-server-56c97f4c7-t7zg4   2m    94Mi   
1781619543
websocket-server-56c97f4c7-48p2b   3m    33Mi   
websocket-server-56c97f4c7-6jmpp   2m    29Mi   
websocket-server-56c97f4c7-6q5vs   2m    95Mi   
websocket-server-56c97f4c7-g62sl   3m    29Mi   
websocket-server-56c97f4c7-gthln   2m    29Mi   
websocket-server-56c97f4c7-mdbq4   3m    32Mi   
websocket-server-56c97f4c7-slmrt   2m    30Mi   
websocket-server-56c97f4c7-t7zg4   2m    94Mi   
1781619548
websocket-server-56c97f4c7-48p2b   3m    33Mi   
websocket-server-56c97f4c7-6jmpp   2m    29Mi   
websocket-server-56c97f4c7-6q5vs   2m    95Mi   
websocket-server-56c97f4c7-g62sl   3m    29Mi   
websocket-server-56c97f4c7-gthln   2m    29Mi   
websocket-server-56c97f4c7-mdbq4   3m    32Mi   
websocket-server-56c97f4c7-slmrt   2m    30Mi   
websocket-server-56c97f4c7-t7zg4   2m    94Mi   
1781619553
websocket-server-56c97f4c7-48p2b   4m    35Mi   
websocket-server-56c97f4c7-6jmpp   3m    31Mi   
websocket-server-56c97f4c7-6q5vs   4m    95Mi   
websocket-server-56c97f4c7-g62sl   4m    30Mi   
websocket-server-56c97f4c7-gthln   4m    30Mi   
websocket-server-56c97f4c7-mdbq4   4m    32Mi   
websocket-server-56c97f4c7-slmrt   4m    30Mi   
websocket-server-56c97f4c7-t7zg4   3m    94Mi   
1781619558
websocket-server-56c97f4c7-48p2b   4m    35Mi   
websocket-server-56c97f4c7-6jmpp   3m    31Mi   
websocket-server-56c97f4c7-6q5vs   4m    95Mi   
websocket-server-56c97f4c7-g62sl   4m    30Mi   
websocket-server-56c97f4c7-gthln   4m    30Mi   
websocket-server-56c97f4c7-mdbq4   4m    32Mi   
websocket-server-56c97f4c7-slmrt   4m    30Mi   
websocket-server-56c97f4c7-t7zg4   3m    94Mi   
1781619563
websocket-server-56c97f4c7-48p2b   4m    35Mi   
websocket-server-56c97f4c7-6jmpp   3m    31Mi   
websocket-server-56c97f4c7-6q5vs   4m    95Mi   
websocket-server-56c97f4c7-g62sl   4m    30Mi   
websocket-server-56c97f4c7-gthln   4m    30Mi   
websocket-server-56c97f4c7-mdbq4   4m    32Mi   
websocket-server-56c97f4c7-slmrt   4m    30Mi   
websocket-server-56c97f4c7-t7zg4   3m    94Mi   
1781619568
websocket-server-56c97f4c7-48p2b   5m    36Mi   
websocket-server-56c97f4c7-6jmpp   5m    32Mi   
websocket-server-56c97f4c7-6q5vs   5m    95Mi   
websocket-server-56c97f4c7-g62sl   5m    31Mi   
websocket-server-56c97f4c7-gthln   5m    30Mi   
websocket-server-56c97f4c7-mdbq4   5m    32Mi   
websocket-server-56c97f4c7-slmrt   4m    31Mi   
websocket-server-56c97f4c7-t7zg4   5m    94Mi   
1781619573
websocket-server-56c97f4c7-48p2b   5m    36Mi   
websocket-server-56c97f4c7-6jmpp   5m    32Mi   
websocket-server-56c97f4c7-6q5vs   5m    95Mi   
websocket-server-56c97f4c7-g62sl   5m    31Mi   
websocket-server-56c97f4c7-gthln   5m    30Mi   
websocket-server-56c97f4c7-mdbq4   5m    32Mi   
websocket-server-56c97f4c7-slmrt   4m    31Mi   
websocket-server-56c97f4c7-t7zg4   5m    94Mi   
1781619578
websocket-server-56c97f4c7-48p2b   5m    36Mi   
websocket-server-56c97f4c7-6jmpp   5m    32Mi   
websocket-server-56c97f4c7-6q5vs   5m    95Mi   
websocket-server-56c97f4c7-g62sl   5m    31Mi   
websocket-server-56c97f4c7-gthln   5m    30Mi   
websocket-server-56c97f4c7-mdbq4   5m    32Mi   
websocket-server-56c97f4c7-slmrt   4m    31Mi   
websocket-server-56c97f4c7-t7zg4   5m    94Mi   
1781619583
websocket-server-56c97f4c7-48p2b   6m    37Mi   
websocket-server-56c97f4c7-6jmpp   6m    32Mi   
websocket-server-56c97f4c7-6q5vs   6m    96Mi   
websocket-server-56c97f4c7-g62sl   5m    31Mi   
websocket-server-56c97f4c7-gthln   5m    31Mi   
websocket-server-56c97f4c7-mdbq4   5m    32Mi   
websocket-server-56c97f4c7-slmrt   5m    32Mi   
websocket-server-56c97f4c7-t7zg4   5m    94Mi   
1781619588
websocket-server-56c97f4c7-48p2b   6m    37Mi   
websocket-server-56c97f4c7-6jmpp   6m    32Mi   
websocket-server-56c97f4c7-6q5vs   6m    96Mi   
websocket-server-56c97f4c7-g62sl   5m    31Mi   
websocket-server-56c97f4c7-gthln   5m    31Mi   
websocket-server-56c97f4c7-mdbq4   5m    32Mi   
websocket-server-56c97f4c7-slmrt   5m    32Mi   
websocket-server-56c97f4c7-t7zg4   5m    94Mi   
1781619593
websocket-server-56c97f4c7-48p2b   6m    37Mi   
websocket-server-56c97f4c7-6jmpp   6m    32Mi   
websocket-server-56c97f4c7-6q5vs   6m    96Mi   
websocket-server-56c97f4c7-g62sl   5m    31Mi   
websocket-server-56c97f4c7-gthln   5m    31Mi   
websocket-server-56c97f4c7-mdbq4   5m    32Mi   
websocket-server-56c97f4c7-slmrt   5m    32Mi   
websocket-server-56c97f4c7-t7zg4   5m    94Mi   
1781619598
websocket-server-56c97f4c7-48p2b   5m    36Mi   
websocket-server-56c97f4c7-6d29g   19m   28Mi   
websocket-server-56c97f4c7-6jmpp   6m    32Mi   
websocket-server-56c97f4c7-6q5vs   8m    96Mi   
websocket-server-56c97f4c7-g62sl   7m    33Mi   
websocket-server-56c97f4c7-gthln   7m    32Mi   
websocket-server-56c97f4c7-mdbq4   5m    32Mi   
websocket-server-56c97f4c7-slmrt   7m    33Mi   
websocket-server-56c97f4c7-t7zg4   7m    94Mi   
1781619603
websocket-server-56c97f4c7-6d29g   19m   28Mi   
websocket-server-56c97f4c7-6jmpp   6m    32Mi   
websocket-server-56c97f4c7-6q5vs   8m    96Mi   
websocket-server-56c97f4c7-g62sl   7m    33Mi   
websocket-server-56c97f4c7-gthln   7m    32Mi   
websocket-server-56c97f4c7-slmrt   7m    33Mi   
websocket-server-56c97f4c7-t7zg4   7m    94Mi   
1781619608
websocket-server-56c97f4c7-6d29g   19m   28Mi   
websocket-server-56c97f4c7-6jmpp   6m    32Mi   
websocket-server-56c97f4c7-6q5vs   8m    96Mi   
websocket-server-56c97f4c7-g62sl   7m    33Mi   
websocket-server-56c97f4c7-gthln   7m    32Mi   
websocket-server-56c97f4c7-slmrt   7m    33Mi   
websocket-server-56c97f4c7-t7zg4   7m    94Mi   
1781619613
websocket-server-56c97f4c7-6d29g   1m    28Mi   
websocket-server-56c97f4c7-6jmpp   7m    34Mi   
websocket-server-56c97f4c7-6q5vs   8m    96Mi   
websocket-server-56c97f4c7-g62sl   7m    33Mi   
websocket-server-56c97f4c7-gthln   7m    33Mi   
websocket-server-56c97f4c7-s7lv8   21m   28Mi   
websocket-server-56c97f4c7-slmrt   9m    35Mi   
websocket-server-56c97f4c7-t7zg4   8m    94Mi   
1781619618
websocket-server-56c97f4c7-6d29g   1m    28Mi   
websocket-server-56c97f4c7-6jmpp   7m    34Mi   
websocket-server-56c97f4c7-6q5vs   8m    96Mi   
websocket-server-56c97f4c7-g62sl   7m    33Mi   
websocket-server-56c97f4c7-gthln   7m    33Mi   
websocket-server-56c97f4c7-s7lv8   21m   28Mi   
websocket-server-56c97f4c7-slmrt   9m    35Mi   
websocket-server-56c97f4c7-t7zg4   8m    94Mi   
1781619624
websocket-server-56c97f4c7-6d29g   1m    28Mi   
websocket-server-56c97f4c7-6jmpp   7m    34Mi   
websocket-server-56c97f4c7-6q5vs   8m    96Mi   
websocket-server-56c97f4c7-g62sl   7m    33Mi   
websocket-server-56c97f4c7-gthln   7m    33Mi   
websocket-server-56c97f4c7-s7lv8   21m   28Mi   
websocket-server-56c97f4c7-slmrt   9m    35Mi   
websocket-server-56c97f4c7-t7zg4   8m    94Mi   
1781619629
websocket-server-56c97f4c7-6d29g   2m    28Mi   
websocket-server-56c97f4c7-6jmpp   8m    34Mi   
websocket-server-56c97f4c7-6q5vs   8m    96Mi   
websocket-server-56c97f4c7-g62sl   8m    35Mi   
websocket-server-56c97f4c7-gthln   8m    34Mi   
websocket-server-56c97f4c7-s7lv8   21m   28Mi   
websocket-server-56c97f4c7-slmrt   8m    35Mi   
websocket-server-56c97f4c7-t7zg4   7m    95Mi   
websocket-server-56c97f4c7-v6s7t   17m   27Mi   
1781619634
websocket-server-56c97f4c7-6d29g   2m    28Mi   
websocket-server-56c97f4c7-6jmpp   8m    34Mi   
websocket-server-56c97f4c7-6q5vs   8m    96Mi   
websocket-server-56c97f4c7-g62sl   8m    35Mi   
websocket-server-56c97f4c7-gthln   8m    34Mi   
websocket-server-56c97f4c7-s7lv8   21m   28Mi   
websocket-server-56c97f4c7-slmrt   8m    35Mi   
websocket-server-56c97f4c7-t7zg4   7m    95Mi   
websocket-server-56c97f4c7-v6s7t   17m   27Mi   
1781619639
websocket-server-56c97f4c7-6d29g   2m    28Mi   
websocket-server-56c97f4c7-6jmpp   8m    34Mi   
websocket-server-56c97f4c7-6q5vs   8m    96Mi   
websocket-server-56c97f4c7-g62sl   8m    35Mi   
websocket-server-56c97f4c7-gthln   8m    34Mi   
websocket-server-56c97f4c7-s7lv8   21m   28Mi   
websocket-server-56c97f4c7-slmrt   8m    35Mi   
websocket-server-56c97f4c7-t7zg4   7m    95Mi   
websocket-server-56c97f4c7-v6s7t   17m   27Mi   
1781619644
websocket-server-56c97f4c7-6d29g   1m    28Mi   
websocket-server-56c97f4c7-6jmpp   3m    34Mi   
websocket-server-56c97f4c7-6q5vs   5m    96Mi   
websocket-server-56c97f4c7-g62sl   6m    34Mi   
websocket-server-56c97f4c7-gthln   5m    34Mi   
websocket-server-56c97f4c7-s7lv8   1m    28Mi   
websocket-server-56c97f4c7-slmrt   3m    35Mi   
websocket-server-56c97f4c7-t7zg4   6m    94Mi   
websocket-server-56c97f4c7-v6s7t   0m    27Mi   
1781619649
websocket-server-56c97f4c7-6d29g   1m    28Mi   
websocket-server-56c97f4c7-6jmpp   3m    34Mi   
websocket-server-56c97f4c7-6q5vs   5m    96Mi   
websocket-server-56c97f4c7-g62sl   6m    34Mi   
websocket-server-56c97f4c7-gthln   5m    34Mi   
websocket-server-56c97f4c7-s7lv8   1m    28Mi   
websocket-server-56c97f4c7-slmrt   3m    35Mi   
websocket-server-56c97f4c7-t7zg4   6m    94Mi   
websocket-server-56c97f4c7-v6s7t   0m    27Mi   
1781619654
websocket-server-56c97f4c7-6d29g   1m    28Mi   
websocket-server-56c97f4c7-6jmpp   3m    34Mi   
websocket-server-56c97f4c7-6q5vs   5m    96Mi   
websocket-server-56c97f4c7-g62sl   6m    34Mi   
websocket-server-56c97f4c7-gthln   5m    34Mi   
websocket-server-56c97f4c7-s7lv8   1m    28Mi   
websocket-server-56c97f4c7-slmrt   3m    35Mi   
websocket-server-56c97f4c7-t7zg4   6m    94Mi   
websocket-server-56c97f4c7-v6s7t   0m    27Mi   
1781619659
websocket-server-56c97f4c7-6d29g   1m    28Mi   
websocket-server-56c97f4c7-6jmpp   3m    34Mi   
websocket-server-56c97f4c7-6q5vs   3m    96Mi   
websocket-server-56c97f4c7-g62sl   3m    35Mi   
websocket-server-56c97f4c7-gthln   3m    34Mi   
websocket-server-56c97f4c7-s7lv8   1m    28Mi   
websocket-server-56c97f4c7-slmrt   3m    35Mi   
websocket-server-56c97f4c7-t7zg4   3m    94Mi   
websocket-server-56c97f4c7-v6s7t   0m    27Mi   
1781619664
websocket-server-56c97f4c7-6d29g   1m    28Mi   
websocket-server-56c97f4c7-6jmpp   3m    34Mi   
websocket-server-56c97f4c7-6q5vs   3m    96Mi   
websocket-server-56c97f4c7-g62sl   3m    35Mi   
websocket-server-56c97f4c7-gthln   3m    34Mi   
websocket-server-56c97f4c7-s7lv8   1m    28Mi   
websocket-server-56c97f4c7-slmrt   3m    35Mi   
websocket-server-56c97f4c7-t7zg4   3m    94Mi   
websocket-server-56c97f4c7-v6s7t   0m    27Mi   
1781619669
websocket-server-56c97f4c7-6d29g   1m    28Mi   
websocket-server-56c97f4c7-6jmpp   3m    34Mi   
websocket-server-56c97f4c7-6q5vs   3m    96Mi   
websocket-server-56c97f4c7-g62sl   3m    35Mi   
websocket-server-56c97f4c7-gthln   3m    34Mi   
websocket-server-56c97f4c7-s7lv8   1m    28Mi   
websocket-server-56c97f4c7-slmrt   3m    35Mi   
websocket-server-56c97f4c7-t7zg4   3m    94Mi   
websocket-server-56c97f4c7-v6s7t   0m    27Mi   
1781619674
websocket-server-56c97f4c7-6d29g   1m    28Mi   
websocket-server-56c97f4c7-6jmpp   3m    34Mi   
websocket-server-56c97f4c7-6q5vs   2m    96Mi   
websocket-server-56c97f4c7-g62sl   3m    35Mi   
websocket-server-56c97f4c7-gthln   3m    34Mi   
websocket-server-56c97f4c7-s7lv8   1m    28Mi   
websocket-server-56c97f4c7-slmrt   3m    35Mi   
websocket-server-56c97f4c7-t7zg4   3m    94Mi   
websocket-server-56c97f4c7-v6s7t   1m    27Mi   
1781619679
websocket-server-56c97f4c7-6d29g   1m    28Mi   
websocket-server-56c97f4c7-6jmpp   3m    34Mi   
websocket-server-56c97f4c7-6q5vs   2m    96Mi   
websocket-server-56c97f4c7-g62sl   3m    35Mi   
websocket-server-56c97f4c7-gthln   3m    34Mi   
websocket-server-56c97f4c7-s7lv8   1m    28Mi   
websocket-server-56c97f4c7-slmrt   3m    35Mi   
websocket-server-56c97f4c7-t7zg4   3m    94Mi   
websocket-server-56c97f4c7-v6s7t   1m    27Mi   
1781619684
websocket-server-56c97f4c7-6d29g   1m    28Mi   
websocket-server-56c97f4c7-6jmpp   3m    34Mi   
websocket-server-56c97f4c7-6q5vs   2m    96Mi   
websocket-server-56c97f4c7-g62sl   3m    35Mi   
websocket-server-56c97f4c7-gthln   3m    34Mi   
websocket-server-56c97f4c7-s7lv8   1m    28Mi   
websocket-server-56c97f4c7-slmrt   3m    35Mi   
websocket-server-56c97f4c7-t7zg4   3m    94Mi   
websocket-server-56c97f4c7-v6s7t   1m    27Mi   
1781619689
websocket-server-56c97f4c7-6d29g   1m    28Mi   
websocket-server-56c97f4c7-6jmpp   3m    34Mi   
websocket-server-56c97f4c7-6q5vs   5m    95Mi   
websocket-server-56c97f4c7-g62sl   5m    34Mi   
websocket-server-56c97f4c7-gthln   5m    34Mi   
websocket-server-56c97f4c7-s7lv8   1m    28Mi   
websocket-server-56c97f4c7-slmrt   3m    35Mi   
websocket-server-56c97f4c7-t7zg4   6m    94Mi   
websocket-server-56c97f4c7-v6s7t   0m    27Mi   
1781619694
websocket-server-56c97f4c7-6d29g   1m    28Mi   
websocket-server-56c97f4c7-6jmpp   3m    34Mi   
websocket-server-56c97f4c7-6q5vs   5m    95Mi   
websocket-server-56c97f4c7-g62sl   5m    34Mi   
websocket-server-56c97f4c7-gthln   5m    34Mi   
websocket-server-56c97f4c7-s7lv8   1m    28Mi   
websocket-server-56c97f4c7-slmrt   3m    35Mi   
websocket-server-56c97f4c7-t7zg4   6m    94Mi   
websocket-server-56c97f4c7-v6s7t   0m    27Mi   
1781619699
websocket-server-56c97f4c7-6d29g   1m    28Mi   
websocket-server-56c97f4c7-6jmpp   3m    34Mi   
websocket-server-56c97f4c7-6q5vs   5m    95Mi   
websocket-server-56c97f4c7-g62sl   5m    34Mi   
websocket-server-56c97f4c7-gthln   5m    34Mi   
websocket-server-56c97f4c7-s7lv8   1m    28Mi   
websocket-server-56c97f4c7-slmrt   3m    35Mi   
websocket-server-56c97f4c7-t7zg4   6m    94Mi   
websocket-server-56c97f4c7-v6s7t   0m    27Mi   
1781619704
websocket-server-56c97f4c7-6d29g   2m    28Mi   
websocket-server-56c97f4c7-6jmpp   3m    33Mi   
websocket-server-56c97f4c7-6q5vs   1m    95Mi   
websocket-server-56c97f4c7-g62sl   0m    34Mi   
websocket-server-56c97f4c7-gthln   0m    34Mi   
websocket-server-56c97f4c7-s7lv8   2m    28Mi   
websocket-server-56c97f4c7-slmrt   5m    34Mi   
websocket-server-56c97f4c7-t7zg4   1m    94Mi   
websocket-server-56c97f4c7-v6s7t   0m    27Mi   
1781619709
websocket-server-56c97f4c7-6d29g   2m    28Mi   
websocket-server-56c97f4c7-6jmpp   3m    33Mi   
websocket-server-56c97f4c7-6q5vs   1m    95Mi   
websocket-server-56c97f4c7-g62sl   0m    34Mi   
websocket-server-56c97f4c7-gthln   0m    34Mi   
websocket-server-56c97f4c7-s7lv8   2m    28Mi   
websocket-server-56c97f4c7-slmrt   5m    34Mi   
websocket-server-56c97f4c7-t7zg4   1m    94Mi   
websocket-server-56c97f4c7-v6s7t   0m    27Mi   
1781619714
websocket-server-56c97f4c7-6d29g   2m    28Mi   
websocket-server-56c97f4c7-6jmpp   3m    33Mi   
websocket-server-56c97f4c7-6q5vs   1m    95Mi   
websocket-server-56c97f4c7-g62sl   0m    34Mi   
websocket-server-56c97f4c7-gthln   0m    34Mi   
websocket-server-56c97f4c7-s7lv8   2m    28Mi   
websocket-server-56c97f4c7-slmrt   5m    34Mi   
websocket-server-56c97f4c7-t7zg4   1m    94Mi   
websocket-server-56c97f4c7-v6s7t   0m    27Mi   
1781619719
websocket-server-56c97f4c7-6d29g   1m    28Mi   
websocket-server-56c97f4c7-6jmpp   3m    33Mi   
websocket-server-56c97f4c7-6q5vs   0m    95Mi   
websocket-server-56c97f4c7-g62sl   1m    34Mi   
websocket-server-56c97f4c7-gthln   0m    34Mi   
websocket-server-56c97f4c7-s7lv8   1m    28Mi   
websocket-server-56c97f4c7-slmrt   1m    34Mi   
websocket-server-56c97f4c7-t7zg4   0m    94Mi   
websocket-server-56c97f4c7-v6s7t   1m    27Mi   
1781619724
websocket-server-56c97f4c7-6d29g   1m    28Mi   
websocket-server-56c97f4c7-6jmpp   3m    33Mi   
websocket-server-56c97f4c7-6q5vs   0m    95Mi   
websocket-server-56c97f4c7-g62sl   1m    34Mi   
websocket-server-56c97f4c7-gthln   0m    34Mi   
websocket-server-56c97f4c7-s7lv8   1m    28Mi   
websocket-server-56c97f4c7-slmrt   1m    34Mi   
websocket-server-56c97f4c7-t7zg4   0m    94Mi   
websocket-server-56c97f4c7-v6s7t   1m    27Mi   
1781619729
websocket-server-56c97f4c7-6d29g   1m    28Mi   
websocket-server-56c97f4c7-6jmpp   3m    33Mi   
websocket-server-56c97f4c7-6q5vs   0m    95Mi   
websocket-server-56c97f4c7-g62sl   1m    34Mi   
websocket-server-56c97f4c7-gthln   0m    34Mi   
websocket-server-56c97f4c7-s7lv8   1m    28Mi   
websocket-server-56c97f4c7-slmrt   1m    34Mi   
websocket-server-56c97f4c7-t7zg4   0m    94Mi   
websocket-server-56c97f4c7-v6s7t   1m    27Mi   
1781619734
websocket-server-56c97f4c7-6d29g   0m    28Mi   
websocket-server-56c97f4c7-6jmpp   1m    33Mi   
websocket-server-56c97f4c7-6q5vs   0m    95Mi   
websocket-server-56c97f4c7-g62sl   1m    34Mi   
websocket-server-56c97f4c7-gthln   1m    34Mi   
websocket-server-56c97f4c7-s7lv8   1m    28Mi   
websocket-server-56c97f4c7-slmrt   0m    34Mi   
websocket-server-56c97f4c7-t7zg4   0m    94Mi   
websocket-server-56c97f4c7-v6s7t   1m    27Mi   
1781619740
websocket-server-56c97f4c7-6d29g   0m    28Mi   
websocket-server-56c97f4c7-6jmpp   1m    33Mi   
websocket-server-56c97f4c7-6q5vs   0m    95Mi   
websocket-server-56c97f4c7-g62sl   1m    34Mi   
websocket-server-56c97f4c7-gthln   1m    34Mi   
websocket-server-56c97f4c7-s7lv8   1m    28Mi   
websocket-server-56c97f4c7-slmrt   0m    34Mi   
websocket-server-56c97f4c7-t7zg4   0m    94Mi   
websocket-server-56c97f4c7-v6s7t   1m    27Mi   
1781619745
websocket-server-56c97f4c7-6d29g   0m    28Mi   
websocket-server-56c97f4c7-6jmpp   1m    33Mi   
websocket-server-56c97f4c7-6q5vs   0m    95Mi   
websocket-server-56c97f4c7-g62sl   1m    34Mi   
websocket-server-56c97f4c7-gthln   1m    34Mi   
websocket-server-56c97f4c7-s7lv8   1m    28Mi   
websocket-server-56c97f4c7-slmrt   0m    34Mi   
websocket-server-56c97f4c7-t7zg4   0m    94Mi   
websocket-server-56c97f4c7-v6s7t   1m    27Mi   
1781619750
websocket-server-56c97f4c7-6d29g   0m    28Mi   
websocket-server-56c97f4c7-6jmpp   0m    33Mi   
websocket-server-56c97f4c7-6q5vs   1m    95Mi   
websocket-server-56c97f4c7-g62sl   0m    34Mi   
websocket-server-56c97f4c7-gthln   1m    34Mi   
websocket-server-56c97f4c7-s7lv8   0m    28Mi   
websocket-server-56c97f4c7-slmrt   1m    34Mi   
websocket-server-56c97f4c7-t7zg4   1m    94Mi   
websocket-server-56c97f4c7-v6s7t   1m    27Mi   
1781619755
websocket-server-56c97f4c7-6d29g   0m    28Mi   
websocket-server-56c97f4c7-6jmpp   0m    33Mi   
websocket-server-56c97f4c7-6q5vs   1m    95Mi   
websocket-server-56c97f4c7-g62sl   0m    34Mi   
websocket-server-56c97f4c7-gthln   1m    34Mi   
websocket-server-56c97f4c7-s7lv8   0m    28Mi   
websocket-server-56c97f4c7-slmrt   1m    34Mi   
websocket-server-56c97f4c7-t7zg4   1m    94Mi   
websocket-server-56c97f4c7-v6s7t   1m    27Mi   
1781619760
websocket-server-56c97f4c7-6d29g   0m    28Mi   
websocket-server-56c97f4c7-6jmpp   0m    33Mi   
websocket-server-56c97f4c7-6q5vs   1m    95Mi   
websocket-server-56c97f4c7-g62sl   0m    34Mi   
websocket-server-56c97f4c7-gthln   1m    34Mi   
websocket-server-56c97f4c7-s7lv8   0m    28Mi   
websocket-server-56c97f4c7-slmrt   1m    34Mi   
websocket-server-56c97f4c7-t7zg4   1m    94Mi   
websocket-server-56c97f4c7-v6s7t   1m    27Mi   
1781619765
websocket-server-56c97f4c7-6d29g   1m    28Mi   
websocket-server-56c97f4c7-6jmpp   0m    33Mi   
websocket-server-56c97f4c7-6q5vs   0m    95Mi   
websocket-server-56c97f4c7-g62sl   1m    34Mi   
websocket-server-56c97f4c7-gthln   0m    34Mi   
websocket-server-56c97f4c7-s7lv8   1m    28Mi   
websocket-server-56c97f4c7-slmrt   1m    34Mi   
websocket-server-56c97f4c7-t7zg4   1m    94Mi   
websocket-server-56c97f4c7-v6s7t   0m    27Mi   
1781619770
websocket-server-56c97f4c7-6d29g   1m    28Mi   
websocket-server-56c97f4c7-6jmpp   0m    33Mi   
websocket-server-56c97f4c7-6q5vs   0m    95Mi   
websocket-server-56c97f4c7-g62sl   1m    34Mi   
websocket-server-56c97f4c7-gthln   0m    34Mi   
websocket-server-56c97f4c7-s7lv8   1m    28Mi   
websocket-server-56c97f4c7-slmrt   1m    34Mi   
websocket-server-56c97f4c7-t7zg4   1m    94Mi   
websocket-server-56c97f4c7-v6s7t   0m    27Mi   
1781619775
websocket-server-56c97f4c7-6d29g   1m    28Mi   
websocket-server-56c97f4c7-6jmpp   0m    33Mi   
websocket-server-56c97f4c7-6q5vs   0m    95Mi   
websocket-server-56c97f4c7-g62sl   1m    34Mi   
websocket-server-56c97f4c7-gthln   0m    34Mi   
websocket-server-56c97f4c7-s7lv8   1m    28Mi   
websocket-server-56c97f4c7-slmrt   1m    34Mi   
websocket-server-56c97f4c7-t7zg4   1m    94Mi   
websocket-server-56c97f4c7-v6s7t   0m    27Mi   
1781619780
websocket-server-56c97f4c7-6d29g   1m    28Mi   
websocket-server-56c97f4c7-6jmpp   1m    33Mi   
websocket-server-56c97f4c7-6q5vs   0m    95Mi   
websocket-server-56c97f4c7-g62sl   0m    34Mi   
websocket-server-56c97f4c7-gthln   1m    34Mi   
websocket-server-56c97f4c7-s7lv8   1m    28Mi   
websocket-server-56c97f4c7-slmrt   1m    34Mi   
websocket-server-56c97f4c7-t7zg4   0m    94Mi   
websocket-server-56c97f4c7-v6s7t   0m    27Mi   
1781619785
websocket-server-56c97f4c7-6d29g   1m    28Mi   
websocket-server-56c97f4c7-6jmpp   1m    33Mi   
websocket-server-56c97f4c7-6q5vs   0m    95Mi   
websocket-server-56c97f4c7-g62sl   0m    34Mi   
websocket-server-56c97f4c7-gthln   1m    34Mi   
websocket-server-56c97f4c7-s7lv8   1m    28Mi   
websocket-server-56c97f4c7-slmrt   1m    34Mi   
websocket-server-56c97f4c7-t7zg4   0m    94Mi   
websocket-server-56c97f4c7-v6s7t   0m    27Mi   
1781619790
websocket-server-56c97f4c7-6d29g   1m    28Mi   
websocket-server-56c97f4c7-6jmpp   1m    33Mi   
websocket-server-56c97f4c7-6q5vs   0m    95Mi   
websocket-server-56c97f4c7-g62sl   0m    34Mi   
websocket-server-56c97f4c7-gthln   1m    34Mi   
websocket-server-56c97f4c7-s7lv8   1m    28Mi   
websocket-server-56c97f4c7-slmrt   1m    34Mi   
websocket-server-56c97f4c7-t7zg4   0m    94Mi   
websocket-server-56c97f4c7-v6s7t   0m    27Mi   
1781619795
websocket-server-56c97f4c7-6d29g   0m    28Mi   
websocket-server-56c97f4c7-6jmpp   1m    33Mi   
websocket-server-56c97f4c7-6q5vs   1m    95Mi   
websocket-server-56c97f4c7-g62sl   0m    34Mi   
websocket-server-56c97f4c7-gthln   0m    34Mi   
websocket-server-56c97f4c7-s7lv8   0m    28Mi   
websocket-server-56c97f4c7-slmrt   0m    34Mi   
websocket-server-56c97f4c7-t7zg4   1m    94Mi   
websocket-server-56c97f4c7-v6s7t   1m    27Mi   
1781619800
websocket-server-56c97f4c7-6d29g   0m    28Mi   
websocket-server-56c97f4c7-6jmpp   1m    33Mi   
websocket-server-56c97f4c7-6q5vs   1m    95Mi   
websocket-server-56c97f4c7-g62sl   0m    34Mi   
websocket-server-56c97f4c7-gthln   0m    34Mi   
websocket-server-56c97f4c7-slmrt   0m    34Mi   
websocket-server-56c97f4c7-t7zg4   1m    94Mi   
websocket-server-56c97f4c7-v6s7t   1m    27Mi   
1781619805
websocket-server-56c97f4c7-6d29g   0m    28Mi   
websocket-server-56c97f4c7-6jmpp   1m    33Mi   
websocket-server-56c97f4c7-6q5vs   1m    95Mi   
websocket-server-56c97f4c7-g62sl   0m    34Mi   
websocket-server-56c97f4c7-gthln   0m    34Mi   
websocket-server-56c97f4c7-slmrt   0m    34Mi   
websocket-server-56c97f4c7-t7zg4   1m    94Mi   
websocket-server-56c97f4c7-v6s7t   1m    27Mi   
1781619810
websocket-server-56c97f4c7-6d29g   0m    28Mi   
websocket-server-56c97f4c7-6jmpp   0m    33Mi   
websocket-server-56c97f4c7-6q5vs   1m    95Mi   
websocket-server-56c97f4c7-g62sl   1m    34Mi   
websocket-server-56c97f4c7-gthln   0m    34Mi   
websocket-server-56c97f4c7-slmrt   1m    34Mi   
websocket-server-56c97f4c7-t7zg4   0m    94Mi   
websocket-server-56c97f4c7-v6s7t   0m    27Mi   
1781619815
websocket-server-56c97f4c7-6d29g   0m    28Mi   
websocket-server-56c97f4c7-6jmpp   0m    33Mi   
websocket-server-56c97f4c7-6q5vs   1m    95Mi   
websocket-server-56c97f4c7-g62sl   1m    34Mi   
websocket-server-56c97f4c7-gthln   0m    34Mi   
websocket-server-56c97f4c7-slmrt   1m    34Mi   
websocket-server-56c97f4c7-t7zg4   0m    94Mi   
websocket-server-56c97f4c7-v6s7t   0m    27Mi   
1781619820
websocket-server-56c97f4c7-6d29g   0m    28Mi   
websocket-server-56c97f4c7-6jmpp   0m    33Mi   
websocket-server-56c97f4c7-6q5vs   1m    95Mi   
websocket-server-56c97f4c7-g62sl   1m    34Mi   
websocket-server-56c97f4c7-gthln   0m    34Mi   
websocket-server-56c97f4c7-slmrt   1m    34Mi   
websocket-server-56c97f4c7-t7zg4   0m    94Mi   
websocket-server-56c97f4c7-v6s7t   0m    27Mi   
1781619825
websocket-server-56c97f4c7-6d29g   1m    28Mi   
websocket-server-56c97f4c7-6jmpp   1m    33Mi   
websocket-server-56c97f4c7-6q5vs   0m    95Mi   
websocket-server-56c97f4c7-g62sl   1m    34Mi   
websocket-server-56c97f4c7-gthln   1m    34Mi   
websocket-server-56c97f4c7-slmrt   1m    34Mi   
websocket-server-56c97f4c7-t7zg4   1m    94Mi   
websocket-server-56c97f4c7-v6s7t   1m    27Mi   
1781619830
websocket-server-56c97f4c7-6d29g   1m    28Mi   
websocket-server-56c97f4c7-6jmpp   1m    33Mi   
websocket-server-56c97f4c7-6q5vs   0m    95Mi   
websocket-server-56c97f4c7-g62sl   1m    34Mi   
websocket-server-56c97f4c7-gthln   1m    34Mi   
websocket-server-56c97f4c7-slmrt   1m    34Mi   
websocket-server-56c97f4c7-t7zg4   1m    94Mi   
1781619835
websocket-server-56c97f4c7-6jmpp   1m    33Mi   
websocket-server-56c97f4c7-6q5vs   0m    95Mi   
websocket-server-56c97f4c7-g62sl   1m    34Mi   
websocket-server-56c97f4c7-gthln   1m    34Mi   
websocket-server-56c97f4c7-slmrt   1m    34Mi   
websocket-server-56c97f4c7-t7zg4   1m    94Mi   
1781619840
websocket-server-56c97f4c7-6jmpp   0m    33Mi   
websocket-server-56c97f4c7-6q5vs   0m    95Mi   
websocket-server-56c97f4c7-g62sl   0m    34Mi   
websocket-server-56c97f4c7-slmrt   1m    34Mi   
websocket-server-56c97f4c7-t7zg4   0m    94Mi   
1781619845
websocket-server-56c97f4c7-6q5vs   0m    95Mi   
websocket-server-56c97f4c7-g62sl   0m    34Mi   
websocket-server-56c97f4c7-t7zg4   0m    94Mi   
1781619850
websocket-server-56c97f4c7-6q5vs   0m    95Mi   
websocket-server-56c97f4c7-t7zg4   0m    94Mi   
1781619856
websocket-server-56c97f4c7-6q5vs   1m    95Mi   
websocket-server-56c97f4c7-t7zg4   1m    94Mi   
1781619861
websocket-server-56c97f4c7-6q5vs   1m    95Mi   
websocket-server-56c97f4c7-t7zg4   1m    94Mi   
