1781622412
websocket-server-56c97f4c7-6q5vs   1m    95Mi   
websocket-server-56c97f4c7-t7zg4   1m    95Mi   
1781622417
websocket-server-56c97f4c7-6q5vs   1m    95Mi   
websocket-server-56c97f4c7-t7zg4   1m    95Mi   
1781622422
websocket-server-56c97f4c7-6q5vs   1m    95Mi   
websocket-server-56c97f4c7-t7zg4   1m    95Mi   
1781622427
websocket-server-56c97f4c7-6q5vs   1m    95Mi   
websocket-server-56c97f4c7-t7zg4   1m    95Mi   
1781622432
websocket-server-56c97f4c7-6q5vs   1m    95Mi   
websocket-server-56c97f4c7-t7zg4   1m    95Mi   
1781622437
websocket-server-56c97f4c7-6q5vs   1m    95Mi   
websocket-server-56c97f4c7-t7zg4   1m    95Mi   
1781622442
websocket-server-56c97f4c7-6q5vs   1m    95Mi   
websocket-server-56c97f4c7-t7zg4   1m    95Mi   
1781622447
websocket-server-56c97f4c7-6q5vs   4m    96Mi   
websocket-server-56c97f4c7-t7zg4   1m    95Mi   
1781622452
websocket-server-56c97f4c7-6q5vs   4m    96Mi   
websocket-server-56c97f4c7-t7zg4   1m    95Mi   
1781622457
websocket-server-56c97f4c7-6q5vs   4m    96Mi   
websocket-server-56c97f4c7-t7zg4   1m    95Mi   
1781622462
websocket-server-56c97f4c7-6q5vs   4m    96Mi   
websocket-server-56c97f4c7-t7zg4   8m    96Mi   
1781622467
websocket-server-56c97f4c7-6q5vs   4m    96Mi   
websocket-server-56c97f4c7-t7zg4   8m    96Mi   
1781622473
websocket-server-56c97f4c7-6q5vs   4m    96Mi   
websocket-server-56c97f4c7-t7zg4   8m    96Mi   
1781622478
websocket-server-56c97f4c7-4bfmp   25m   28Mi   
websocket-server-56c97f4c7-6q5vs   12m   96Mi   
websocket-server-56c97f4c7-t7zg4   11m   96Mi   
1781622483
websocket-server-56c97f4c7-4bfmp   25m   28Mi   
websocket-server-56c97f4c7-6q5vs   12m   96Mi   
websocket-server-56c97f4c7-t7zg4   11m   96Mi   
1781622488
websocket-server-56c97f4c7-4bfmp   25m   28Mi   
websocket-server-56c97f4c7-6q5vs   12m   96Mi   
websocket-server-56c97f4c7-t7zg4   11m   96Mi   
1781622493
websocket-server-56c97f4c7-4bfmp   5m    30Mi   
websocket-server-56c97f4c7-4qc7j   4m    29Mi   
websocket-server-56c97f4c7-6q5vs   12m   96Mi   
websocket-server-56c97f4c7-t7zg4   13m   96Mi   
1781622498
websocket-server-56c97f4c7-4bfmp   5m    30Mi   
websocket-server-56c97f4c7-4qc7j   4m    29Mi   
websocket-server-56c97f4c7-6q5vs   12m   96Mi   
websocket-server-56c97f4c7-t7zg4   13m   96Mi   
1781622503
websocket-server-56c97f4c7-4bfmp   5m    30Mi   
websocket-server-56c97f4c7-4qc7j   4m    29Mi   
websocket-server-56c97f4c7-6q5vs   12m   96Mi   
websocket-server-56c97f4c7-t7zg4   13m   96Mi   
1781622508
websocket-server-56c97f4c7-26q6s   21m   28Mi   
websocket-server-56c97f4c7-4bfmp   7m    33Mi   
websocket-server-56c97f4c7-4qc7j   5m    31Mi   
websocket-server-56c97f4c7-6q5vs   14m   96Mi   
websocket-server-56c97f4c7-j2xsh   2m    28Mi   
websocket-server-56c97f4c7-t7zg4   14m   96Mi   
1781622513
websocket-server-56c97f4c7-26q6s   21m   28Mi   
websocket-server-56c97f4c7-4bfmp   7m    33Mi   
websocket-server-56c97f4c7-4qc7j   5m    31Mi   
websocket-server-56c97f4c7-6q5vs   14m   96Mi   
websocket-server-56c97f4c7-j2xsh   2m    28Mi   
websocket-server-56c97f4c7-t7zg4   14m   96Mi   
1781622518
websocket-server-56c97f4c7-26q6s   21m   28Mi   
websocket-server-56c97f4c7-4bfmp   7m    33Mi   
websocket-server-56c97f4c7-4qc7j   5m    31Mi   
websocket-server-56c97f4c7-6q5vs   14m   96Mi   
websocket-server-56c97f4c7-j2xsh   2m    28Mi   
websocket-server-56c97f4c7-t7zg4   14m   96Mi   
1781622523
websocket-server-56c97f4c7-26q6s   3m    28Mi   
websocket-server-56c97f4c7-4bfmp   8m    34Mi   
websocket-server-56c97f4c7-4qc7j   5m    31Mi   
websocket-server-56c97f4c7-6q5vs   14m   96Mi   
websocket-server-56c97f4c7-j2xsh   3m    29Mi   
websocket-server-56c97f4c7-t7zg4   15m   96Mi   
websocket-server-56c97f4c7-zhfls   18m   28Mi   
1781622528
websocket-server-56c97f4c7-26q6s   3m    28Mi   
websocket-server-56c97f4c7-4bfmp   8m    34Mi   
websocket-server-56c97f4c7-4qc7j   5m    31Mi   
websocket-server-56c97f4c7-6q5vs   14m   96Mi   
websocket-server-56c97f4c7-j2xsh   3m    29Mi   
websocket-server-56c97f4c7-t7zg4   15m   96Mi   
websocket-server-56c97f4c7-zhfls   18m   28Mi   
1781622533
websocket-server-56c97f4c7-26q6s   3m    28Mi   
websocket-server-56c97f4c7-4bfmp   8m    34Mi   
websocket-server-56c97f4c7-4qc7j   5m    31Mi   
websocket-server-56c97f4c7-6q5vs   14m   96Mi   
websocket-server-56c97f4c7-j2xsh   3m    29Mi   
websocket-server-56c97f4c7-t7zg4   15m   96Mi   
websocket-server-56c97f4c7-zhfls   18m   28Mi   
1781622538
websocket-server-56c97f4c7-26q6s   2m    28Mi   
websocket-server-56c97f4c7-4bfmp   9m    35Mi   
websocket-server-56c97f4c7-4qc7j   6m    32Mi   
websocket-server-56c97f4c7-6q5vs   14m   96Mi   
websocket-server-56c97f4c7-j2xsh   3m    29Mi   
websocket-server-56c97f4c7-sn6lz   1m    27Mi   
websocket-server-56c97f4c7-t7zg4   16m   96Mi   
websocket-server-56c97f4c7-zhfls   1m    28Mi   
1781622543
websocket-server-56c97f4c7-26q6s   2m    28Mi   
websocket-server-56c97f4c7-4bfmp   9m    35Mi   
websocket-server-56c97f4c7-4qc7j   6m    32Mi   
websocket-server-56c97f4c7-6q5vs   14m   96Mi   
websocket-server-56c97f4c7-j2xsh   3m    29Mi   
websocket-server-56c97f4c7-sn6lz   1m    27Mi   
websocket-server-56c97f4c7-t7zg4   16m   96Mi   
websocket-server-56c97f4c7-zhfls   1m    28Mi   
1781622548
websocket-server-56c97f4c7-26q6s   2m    28Mi   
websocket-server-56c97f4c7-4bfmp   9m    35Mi   
websocket-server-56c97f4c7-4qc7j   6m    32Mi   
websocket-server-56c97f4c7-6q5vs   14m   96Mi   
websocket-server-56c97f4c7-j2xsh   3m    29Mi   
websocket-server-56c97f4c7-sn6lz   1m    27Mi   
websocket-server-56c97f4c7-t7zg4   16m   96Mi   
websocket-server-56c97f4c7-zhfls   1m    28Mi   
1781622553
websocket-server-56c97f4c7-26q6s   2m    28Mi   
websocket-server-56c97f4c7-4bfmp   8m    35Mi   
websocket-server-56c97f4c7-4qc7j   6m    31Mi   
websocket-server-56c97f4c7-6q5vs   14m   97Mi   
websocket-server-56c97f4c7-j2xsh   3m    29Mi   
websocket-server-56c97f4c7-sn6lz   1m    27Mi   
websocket-server-56c97f4c7-t7zg4   16m   96Mi   
websocket-server-56c97f4c7-zhfls   1m    28Mi   
1781622558
websocket-server-56c97f4c7-26q6s   2m    28Mi   
websocket-server-56c97f4c7-4bfmp   8m    35Mi   
websocket-server-56c97f4c7-4qc7j   6m    31Mi   
websocket-server-56c97f4c7-6q5vs   14m   97Mi   
websocket-server-56c97f4c7-j2xsh   3m    29Mi   
websocket-server-56c97f4c7-sn6lz   1m    27Mi   
websocket-server-56c97f4c7-t7zg4   16m   96Mi   
websocket-server-56c97f4c7-zhfls   1m    28Mi   
1781622563
websocket-server-56c97f4c7-26q6s   2m    28Mi   
websocket-server-56c97f4c7-4bfmp   8m    35Mi   
websocket-server-56c97f4c7-4qc7j   6m    31Mi   
websocket-server-56c97f4c7-6q5vs   14m   97Mi   
websocket-server-56c97f4c7-j2xsh   3m    29Mi   
websocket-server-56c97f4c7-sn6lz   1m    27Mi   
websocket-server-56c97f4c7-t7zg4   16m   96Mi   
websocket-server-56c97f4c7-zhfls   1m    28Mi   
1781622569
websocket-server-56c97f4c7-26q6s   1m    28Mi   
websocket-server-56c97f4c7-4bfmp   7m    35Mi   
websocket-server-56c97f4c7-4qc7j   3m    32Mi   
websocket-server-56c97f4c7-6q5vs   10m   96Mi   
websocket-server-56c97f4c7-j2xsh   2m    29Mi   
websocket-server-56c97f4c7-sn6lz   1m    27Mi   
websocket-server-56c97f4c7-t7zg4   16m   96Mi   
websocket-server-56c97f4c7-zhfls   1m    28Mi   
1781622574
websocket-server-56c97f4c7-26q6s   1m    28Mi   
websocket-server-56c97f4c7-4bfmp   7m    35Mi   
websocket-server-56c97f4c7-4qc7j   3m    32Mi   
websocket-server-56c97f4c7-6q5vs   10m   96Mi   
websocket-server-56c97f4c7-j2xsh   2m    29Mi   
websocket-server-56c97f4c7-sn6lz   1m    27Mi   
websocket-server-56c97f4c7-t7zg4   16m   96Mi   
websocket-server-56c97f4c7-zhfls   1m    28Mi   
1781622579
websocket-server-56c97f4c7-26q6s   1m    28Mi   
websocket-server-56c97f4c7-4bfmp   7m    35Mi   
websocket-server-56c97f4c7-4qc7j   3m    32Mi   
websocket-server-56c97f4c7-6q5vs   10m   96Mi   
websocket-server-56c97f4c7-j2xsh   2m    29Mi   
websocket-server-56c97f4c7-sn6lz   1m    27Mi   
websocket-server-56c97f4c7-t7zg4   16m   96Mi   
websocket-server-56c97f4c7-zhfls   1m    28Mi   
1781622584
websocket-server-56c97f4c7-26q6s   1m    28Mi   
websocket-server-56c97f4c7-4bfmp   3m    35Mi   
websocket-server-56c97f4c7-4qc7j   2m    32Mi   
websocket-server-56c97f4c7-6q5vs   5m    96Mi   
websocket-server-56c97f4c7-j2xsh   1m    29Mi   
websocket-server-56c97f4c7-sn6lz   1m    27Mi   
websocket-server-56c97f4c7-t7zg4   6m    96Mi   
websocket-server-56c97f4c7-zhfls   1m    28Mi   
1781622589
websocket-server-56c97f4c7-26q6s   1m    28Mi   
websocket-server-56c97f4c7-4bfmp   3m    35Mi   
websocket-server-56c97f4c7-4qc7j   2m    32Mi   
websocket-server-56c97f4c7-6q5vs   5m    96Mi   
websocket-server-56c97f4c7-j2xsh   1m    29Mi   
websocket-server-56c97f4c7-sn6lz   1m    27Mi   
websocket-server-56c97f4c7-t7zg4   6m    96Mi   
websocket-server-56c97f4c7-zhfls   1m    28Mi   
1781622594
websocket-server-56c97f4c7-26q6s   1m    28Mi   
websocket-server-56c97f4c7-4bfmp   3m    35Mi   
websocket-server-56c97f4c7-4qc7j   2m    32Mi   
websocket-server-56c97f4c7-6q5vs   5m    96Mi   
websocket-server-56c97f4c7-j2xsh   1m    29Mi   
websocket-server-56c97f4c7-sn6lz   1m    27Mi   
websocket-server-56c97f4c7-t7zg4   6m    96Mi   
websocket-server-56c97f4c7-zhfls   1m    28Mi   
1781622599
websocket-server-56c97f4c7-26q6s   1m    28Mi   
websocket-server-56c97f4c7-4bfmp   3m    35Mi   
websocket-server-56c97f4c7-4qc7j   2m    32Mi   
websocket-server-56c97f4c7-6q5vs   5m    96Mi   
websocket-server-56c97f4c7-j2xsh   1m    29Mi   
websocket-server-56c97f4c7-sn6lz   1m    27Mi   
websocket-server-56c97f4c7-t7zg4   6m    96Mi   
websocket-server-56c97f4c7-zhfls   1m    28Mi   
1781622604
websocket-server-56c97f4c7-26q6s   1m    28Mi   
websocket-server-56c97f4c7-4bfmp   3m    35Mi   
websocket-server-56c97f4c7-4qc7j   2m    32Mi   
websocket-server-56c97f4c7-6q5vs   5m    96Mi   
websocket-server-56c97f4c7-j2xsh   1m    29Mi   
websocket-server-56c97f4c7-sn6lz   1m    27Mi   
websocket-server-56c97f4c7-t7zg4   6m    96Mi   
websocket-server-56c97f4c7-zhfls   1m    28Mi   
1781622609
websocket-server-56c97f4c7-26q6s   1m    28Mi   
websocket-server-56c97f4c7-4bfmp   3m    35Mi   
websocket-server-56c97f4c7-4qc7j   2m    32Mi   
websocket-server-56c97f4c7-6q5vs   5m    96Mi   
websocket-server-56c97f4c7-j2xsh   1m    29Mi   
websocket-server-56c97f4c7-sn6lz   1m    27Mi   
websocket-server-56c97f4c7-t7zg4   6m    96Mi   
websocket-server-56c97f4c7-zhfls   1m    28Mi   
1781622614
websocket-server-56c97f4c7-26q6s   1m    28Mi   
websocket-server-56c97f4c7-4bfmp   3m    35Mi   
websocket-server-56c97f4c7-4qc7j   2m    32Mi   
websocket-server-56c97f4c7-6q5vs   4m    96Mi   
websocket-server-56c97f4c7-j2xsh   1m    29Mi   
websocket-server-56c97f4c7-sn6lz   1m    27Mi   
websocket-server-56c97f4c7-t7zg4   5m    96Mi   
websocket-server-56c97f4c7-zhfls   1m    28Mi   
1781622619
websocket-server-56c97f4c7-26q6s   1m    28Mi   
websocket-server-56c97f4c7-4bfmp   3m    35Mi   
websocket-server-56c97f4c7-4qc7j   2m    32Mi   
websocket-server-56c97f4c7-6q5vs   4m    96Mi   
websocket-server-56c97f4c7-j2xsh   1m    29Mi   
websocket-server-56c97f4c7-sn6lz   1m    27Mi   
websocket-server-56c97f4c7-t7zg4   5m    96Mi   
websocket-server-56c97f4c7-zhfls   1m    28Mi   
1781622624
websocket-server-56c97f4c7-26q6s   1m    28Mi   
websocket-server-56c97f4c7-4bfmp   3m    35Mi   
websocket-server-56c97f4c7-4qc7j   2m    32Mi   
websocket-server-56c97f4c7-6q5vs   4m    96Mi   
websocket-server-56c97f4c7-j2xsh   1m    29Mi   
websocket-server-56c97f4c7-sn6lz   1m    27Mi   
websocket-server-56c97f4c7-t7zg4   5m    96Mi   
websocket-server-56c97f4c7-zhfls   1m    28Mi   
1781622629
websocket-server-56c97f4c7-26q6s   2m    28Mi   
websocket-server-56c97f4c7-4bfmp   4m    35Mi   
websocket-server-56c97f4c7-4qc7j   3m    31Mi   
websocket-server-56c97f4c7-6q5vs   10m   95Mi   
websocket-server-56c97f4c7-j2xsh   2m    29Mi   
websocket-server-56c97f4c7-sn6lz   1m    28Mi   
websocket-server-56c97f4c7-t7zg4   5m    95Mi   
websocket-server-56c97f4c7-zhfls   1m    28Mi   
1781622634
websocket-server-56c97f4c7-26q6s   2m    28Mi   
websocket-server-56c97f4c7-4bfmp   4m    35Mi   
websocket-server-56c97f4c7-4qc7j   3m    31Mi   
websocket-server-56c97f4c7-6q5vs   10m   95Mi   
websocket-server-56c97f4c7-j2xsh   2m    29Mi   
websocket-server-56c97f4c7-sn6lz   1m    28Mi   
websocket-server-56c97f4c7-t7zg4   5m    95Mi   
websocket-server-56c97f4c7-zhfls   1m    28Mi   
1781622639
websocket-server-56c97f4c7-26q6s   2m    28Mi   
websocket-server-56c97f4c7-4bfmp   4m    35Mi   
websocket-server-56c97f4c7-4qc7j   3m    31Mi   
websocket-server-56c97f4c7-6q5vs   10m   95Mi   
websocket-server-56c97f4c7-j2xsh   2m    29Mi   
websocket-server-56c97f4c7-sn6lz   1m    28Mi   
websocket-server-56c97f4c7-t7zg4   5m    95Mi   
websocket-server-56c97f4c7-zhfls   1m    28Mi   
1781622644
websocket-server-56c97f4c7-26q6s   1m    28Mi   
websocket-server-56c97f4c7-4bfmp   1m    35Mi   
websocket-server-56c97f4c7-4qc7j   1m    32Mi   
websocket-server-56c97f4c7-6q5vs   0m    95Mi   
websocket-server-56c97f4c7-j2xsh   1m    29Mi   
websocket-server-56c97f4c7-sn6lz   1m    28Mi   
websocket-server-56c97f4c7-t7zg4   1m    95Mi   
websocket-server-56c97f4c7-zhfls   1m    28Mi   
1781622649
websocket-server-56c97f4c7-26q6s   1m    28Mi   
websocket-server-56c97f4c7-4bfmp   1m    35Mi   
websocket-server-56c97f4c7-4qc7j   1m    32Mi   
websocket-server-56c97f4c7-6q5vs   0m    95Mi   
websocket-server-56c97f4c7-j2xsh   1m    29Mi   
websocket-server-56c97f4c7-sn6lz   1m    28Mi   
websocket-server-56c97f4c7-t7zg4   1m    95Mi   
websocket-server-56c97f4c7-zhfls   1m    28Mi   
1781622654
websocket-server-56c97f4c7-26q6s   1m    28Mi   
websocket-server-56c97f4c7-4bfmp   1m    35Mi   
websocket-server-56c97f4c7-4qc7j   1m    32Mi   
websocket-server-56c97f4c7-6q5vs   0m    95Mi   
websocket-server-56c97f4c7-j2xsh   1m    29Mi   
websocket-server-56c97f4c7-sn6lz   1m    28Mi   
websocket-server-56c97f4c7-t7zg4   1m    95Mi   
websocket-server-56c97f4c7-zhfls   1m    28Mi   
1781622659
websocket-server-56c97f4c7-26q6s   1m    28Mi   
websocket-server-56c97f4c7-4bfmp   1m    35Mi   
websocket-server-56c97f4c7-4qc7j   0m    31Mi   
websocket-server-56c97f4c7-6q5vs   0m    95Mi   
websocket-server-56c97f4c7-j2xsh   0m    29Mi   
websocket-server-56c97f4c7-sn6lz   1m    28Mi   
websocket-server-56c97f4c7-t7zg4   1m    95Mi   
websocket-server-56c97f4c7-zhfls   1m    28Mi   
1781622664
websocket-server-56c97f4c7-26q6s   1m    28Mi   
websocket-server-56c97f4c7-4bfmp   1m    35Mi   
websocket-server-56c97f4c7-4qc7j   0m    31Mi   
websocket-server-56c97f4c7-6q5vs   0m    95Mi   
websocket-server-56c97f4c7-j2xsh   0m    29Mi   
websocket-server-56c97f4c7-sn6lz   1m    28Mi   
websocket-server-56c97f4c7-t7zg4   1m    95Mi   
websocket-server-56c97f4c7-zhfls   1m    28Mi   
1781622669
websocket-server-56c97f4c7-26q6s   1m    28Mi   
websocket-server-56c97f4c7-4bfmp   1m    35Mi   
websocket-server-56c97f4c7-4qc7j   0m    31Mi   
websocket-server-56c97f4c7-6q5vs   0m    95Mi   
websocket-server-56c97f4c7-j2xsh   0m    29Mi   
websocket-server-56c97f4c7-sn6lz   1m    28Mi   
websocket-server-56c97f4c7-t7zg4   1m    95Mi   
websocket-server-56c97f4c7-zhfls   1m    28Mi   
1781622675
websocket-server-56c97f4c7-26q6s   1m    28Mi   
websocket-server-56c97f4c7-4bfmp   1m    35Mi   
websocket-server-56c97f4c7-4qc7j   1m    31Mi   
websocket-server-56c97f4c7-6q5vs   1m    95Mi   
websocket-server-56c97f4c7-j2xsh   1m    29Mi   
websocket-server-56c97f4c7-sn6lz   1m    28Mi   
websocket-server-56c97f4c7-t7zg4   1m    95Mi   
websocket-server-56c97f4c7-zhfls   1m    28Mi   
1781622680
websocket-server-56c97f4c7-26q6s   1m    28Mi   
websocket-server-56c97f4c7-4bfmp   1m    35Mi   
websocket-server-56c97f4c7-4qc7j   1m    31Mi   
websocket-server-56c97f4c7-6q5vs   1m    95Mi   
websocket-server-56c97f4c7-j2xsh   1m    29Mi   
websocket-server-56c97f4c7-sn6lz   1m    28Mi   
websocket-server-56c97f4c7-t7zg4   1m    95Mi   
websocket-server-56c97f4c7-zhfls   1m    28Mi   
1781622685
websocket-server-56c97f4c7-26q6s   1m    28Mi   
websocket-server-56c97f4c7-4bfmp   1m    35Mi   
websocket-server-56c97f4c7-4qc7j   1m    31Mi   
websocket-server-56c97f4c7-6q5vs   1m    95Mi   
websocket-server-56c97f4c7-j2xsh   1m    29Mi   
websocket-server-56c97f4c7-sn6lz   1m    28Mi   
websocket-server-56c97f4c7-t7zg4   1m    95Mi   
websocket-server-56c97f4c7-zhfls   1m    28Mi   
1781622690
websocket-server-56c97f4c7-26q6s   1m    29Mi   
websocket-server-56c97f4c7-4bfmp   1m    35Mi   
websocket-server-56c97f4c7-4qc7j   1m    32Mi   
websocket-server-56c97f4c7-6q5vs   1m    95Mi   
websocket-server-56c97f4c7-j2xsh   2m    30Mi   
websocket-server-56c97f4c7-sn6lz   2m    28Mi   
websocket-server-56c97f4c7-t7zg4   1m    95Mi   
websocket-server-56c97f4c7-zhfls   1m    28Mi   
1781622695
websocket-server-56c97f4c7-26q6s   1m    29Mi   
websocket-server-56c97f4c7-4bfmp   1m    35Mi   
websocket-server-56c97f4c7-4qc7j   1m    32Mi   
websocket-server-56c97f4c7-6q5vs   1m    95Mi   
websocket-server-56c97f4c7-j2xsh   2m    30Mi   
websocket-server-56c97f4c7-sn6lz   2m    28Mi   
websocket-server-56c97f4c7-t7zg4   1m    95Mi   
websocket-server-56c97f4c7-zhfls   1m    28Mi   
1781622700
websocket-server-56c97f4c7-26q6s   1m    29Mi   
websocket-server-56c97f4c7-4bfmp   1m    35Mi   
websocket-server-56c97f4c7-4qc7j   1m    32Mi   
websocket-server-56c97f4c7-6q5vs   1m    95Mi   
websocket-server-56c97f4c7-j2xsh   2m    30Mi   
websocket-server-56c97f4c7-sn6lz   2m    28Mi   
websocket-server-56c97f4c7-t7zg4   1m    95Mi   
websocket-server-56c97f4c7-zhfls   1m    28Mi   
1781622705
websocket-server-56c97f4c7-26q6s   1m    29Mi   
websocket-server-56c97f4c7-4bfmp   3m    36Mi   
websocket-server-56c97f4c7-4qc7j   2m    33Mi   
websocket-server-56c97f4c7-6q5vs   2m    95Mi   
websocket-server-56c97f4c7-j2xsh   2m    31Mi   
websocket-server-56c97f4c7-sn6lz   3m    29Mi   
websocket-server-56c97f4c7-t7zg4   2m    95Mi   
websocket-server-56c97f4c7-zhfls   2m    29Mi   
1781622710
websocket-server-56c97f4c7-26q6s   1m    29Mi   
websocket-server-56c97f4c7-4bfmp   3m    36Mi   
websocket-server-56c97f4c7-4qc7j   2m    33Mi   
websocket-server-56c97f4c7-6q5vs   2m    95Mi   
websocket-server-56c97f4c7-j2xsh   2m    31Mi   
websocket-server-56c97f4c7-sn6lz   3m    29Mi   
websocket-server-56c97f4c7-t7zg4   2m    95Mi   
websocket-server-56c97f4c7-zhfls   2m    29Mi   
1781622715
websocket-server-56c97f4c7-26q6s   1m    29Mi   
websocket-server-56c97f4c7-4bfmp   3m    36Mi   
websocket-server-56c97f4c7-4qc7j   2m    33Mi   
websocket-server-56c97f4c7-6q5vs   2m    95Mi   
websocket-server-56c97f4c7-j2xsh   2m    31Mi   
websocket-server-56c97f4c7-sn6lz   3m    29Mi   
websocket-server-56c97f4c7-t7zg4   2m    95Mi   
websocket-server-56c97f4c7-zhfls   2m    29Mi   
1781622720
websocket-server-56c97f4c7-26q6s   3m    30Mi   
websocket-server-56c97f4c7-4bfmp   4m    37Mi   
websocket-server-56c97f4c7-4qc7j   3m    34Mi   
websocket-server-56c97f4c7-6q5vs   4m    95Mi   
websocket-server-56c97f4c7-j2xsh   3m    31Mi   
websocket-server-56c97f4c7-sn6lz   4m    30Mi   
websocket-server-56c97f4c7-t7zg4   3m    95Mi   
websocket-server-56c97f4c7-zhfls   3m    30Mi   
1781622725
websocket-server-56c97f4c7-26q6s   3m    30Mi   
websocket-server-56c97f4c7-4bfmp   4m    37Mi   
websocket-server-56c97f4c7-4qc7j   3m    34Mi   
websocket-server-56c97f4c7-6q5vs   4m    95Mi   
websocket-server-56c97f4c7-j2xsh   3m    31Mi   
websocket-server-56c97f4c7-sn6lz   4m    30Mi   
websocket-server-56c97f4c7-t7zg4   3m    95Mi   
websocket-server-56c97f4c7-zhfls   3m    30Mi   
1781622730
websocket-server-56c97f4c7-26q6s   3m    30Mi   
websocket-server-56c97f4c7-4bfmp   4m    37Mi   
websocket-server-56c97f4c7-4qc7j   3m    34Mi   
websocket-server-56c97f4c7-6q5vs   4m    95Mi   
websocket-server-56c97f4c7-j2xsh   3m    31Mi   
websocket-server-56c97f4c7-sn6lz   4m    30Mi   
websocket-server-56c97f4c7-t7zg4   3m    95Mi   
websocket-server-56c97f4c7-zhfls   3m    30Mi   
1781622735
websocket-server-56c97f4c7-26q6s   5m    32Mi   
websocket-server-56c97f4c7-4bfmp   5m    37Mi   
websocket-server-56c97f4c7-4qc7j   3m    34Mi   
websocket-server-56c97f4c7-6q5vs   4m    96Mi   
websocket-server-56c97f4c7-j2xsh   4m    32Mi   
websocket-server-56c97f4c7-sn6lz   6m    31Mi   
websocket-server-56c97f4c7-t7zg4   5m    95Mi   
websocket-server-56c97f4c7-zhfls   4m    31Mi   
1781622740
websocket-server-56c97f4c7-26q6s   5m    32Mi   
websocket-server-56c97f4c7-4bfmp   5m    37Mi   
websocket-server-56c97f4c7-4qc7j   3m    34Mi   
websocket-server-56c97f4c7-6q5vs   4m    96Mi   
websocket-server-56c97f4c7-j2xsh   4m    32Mi   
websocket-server-56c97f4c7-sn6lz   6m    31Mi   
websocket-server-56c97f4c7-t7zg4   5m    95Mi   
websocket-server-56c97f4c7-zhfls   4m    31Mi   
1781622745
websocket-server-56c97f4c7-26q6s   5m    32Mi   
websocket-server-56c97f4c7-4bfmp   5m    37Mi   
websocket-server-56c97f4c7-4qc7j   3m    34Mi   
websocket-server-56c97f4c7-6q5vs   4m    96Mi   
websocket-server-56c97f4c7-j2xsh   4m    32Mi   
websocket-server-56c97f4c7-sn6lz   6m    31Mi   
websocket-server-56c97f4c7-t7zg4   5m    95Mi   
websocket-server-56c97f4c7-zhfls   4m    31Mi   
1781622750
websocket-server-56c97f4c7-26q6s   6m    32Mi   
websocket-server-56c97f4c7-4bfmp   7m    38Mi   
websocket-server-56c97f4c7-4qc7j   5m    35Mi   
websocket-server-56c97f4c7-6q5vs   5m    96Mi   
websocket-server-56c97f4c7-j2xsh   6m    32Mi   
websocket-server-56c97f4c7-sn6lz   7m    33Mi   
websocket-server-56c97f4c7-t7zg4   6m    96Mi   
websocket-server-56c97f4c7-zhfls   5m    32Mi   
1781622755
websocket-server-56c97f4c7-26q6s   6m    32Mi   
websocket-server-56c97f4c7-4bfmp   7m    38Mi   
websocket-server-56c97f4c7-4qc7j   5m    35Mi   
websocket-server-56c97f4c7-6q5vs   5m    96Mi   
websocket-server-56c97f4c7-j2xsh   6m    32Mi   
websocket-server-56c97f4c7-sn6lz   7m    33Mi   
websocket-server-56c97f4c7-t7zg4   6m    96Mi   
websocket-server-56c97f4c7-zhfls   5m    32Mi   
1781622760
websocket-server-56c97f4c7-26q6s   6m    32Mi   
websocket-server-56c97f4c7-4bfmp   7m    38Mi   
websocket-server-56c97f4c7-4qc7j   5m    35Mi   
websocket-server-56c97f4c7-6q5vs   5m    96Mi   
websocket-server-56c97f4c7-j2xsh   6m    32Mi   
websocket-server-56c97f4c7-sn6lz   7m    33Mi   
websocket-server-56c97f4c7-t7zg4   6m    96Mi   
websocket-server-56c97f4c7-zhfls   5m    32Mi   
1781622765
websocket-server-56c97f4c7-4bfmp   7m    39Mi   
websocket-server-56c97f4c7-4qc7j   6m    36Mi   
websocket-server-56c97f4c7-6q5vs   6m    96Mi   
websocket-server-56c97f4c7-j2xsh   6m    33Mi   
websocket-server-56c97f4c7-sn6lz   7m    33Mi   
websocket-server-56c97f4c7-t7zg4   7m    96Mi   
websocket-server-56c97f4c7-vtxgd   22m   28Mi   
websocket-server-56c97f4c7-zhfls   5m    32Mi   
1781622770
websocket-server-56c97f4c7-4bfmp   7m    39Mi   
websocket-server-56c97f4c7-4qc7j   6m    36Mi   
websocket-server-56c97f4c7-6q5vs   6m    96Mi   
websocket-server-56c97f4c7-j2xsh   6m    33Mi   
websocket-server-56c97f4c7-sn6lz   7m    33Mi   
websocket-server-56c97f4c7-t7zg4   7m    96Mi   
websocket-server-56c97f4c7-vtxgd   22m   28Mi   
1781622775
websocket-server-56c97f4c7-4bfmp   7m    39Mi   
websocket-server-56c97f4c7-4qc7j   6m    36Mi   
websocket-server-56c97f4c7-6q5vs   6m    96Mi   
websocket-server-56c97f4c7-j2xsh   6m    33Mi   
websocket-server-56c97f4c7-sn6lz   7m    33Mi   
websocket-server-56c97f4c7-t7zg4   7m    96Mi   
websocket-server-56c97f4c7-vtxgd   22m   28Mi   
1781622780
websocket-server-56c97f4c7-4bfmp   7m    39Mi   
websocket-server-56c97f4c7-4qc7j   6m    36Mi   
websocket-server-56c97f4c7-6q5vs   7m    96Mi   
websocket-server-56c97f4c7-j2xsh   7m    34Mi   
websocket-server-56c97f4c7-rnc87   19m   28Mi   
websocket-server-56c97f4c7-sn6lz   7m    35Mi   
websocket-server-56c97f4c7-t7zg4   8m    96Mi   
websocket-server-56c97f4c7-vtxgd   2m    28Mi   
1781622786
websocket-server-56c97f4c7-4bfmp   7m    39Mi   
websocket-server-56c97f4c7-4qc7j   6m    36Mi   
websocket-server-56c97f4c7-6q5vs   7m    96Mi   
websocket-server-56c97f4c7-j2xsh   7m    34Mi   
websocket-server-56c97f4c7-rnc87   19m   28Mi   
websocket-server-56c97f4c7-sn6lz   7m    35Mi   
websocket-server-56c97f4c7-t7zg4   8m    96Mi   
websocket-server-56c97f4c7-vtxgd   2m    28Mi   
1781622791
websocket-server-56c97f4c7-4bfmp   7m    39Mi   
websocket-server-56c97f4c7-4qc7j   6m    36Mi   
websocket-server-56c97f4c7-6q5vs   7m    96Mi   
websocket-server-56c97f4c7-j2xsh   7m    34Mi   
websocket-server-56c97f4c7-rnc87   19m   28Mi   
websocket-server-56c97f4c7-sn6lz   7m    35Mi   
websocket-server-56c97f4c7-t7zg4   8m    96Mi   
websocket-server-56c97f4c7-vtxgd   2m    28Mi   
1781622796
websocket-server-56c97f4c7-4bfmp   8m    40Mi   
websocket-server-56c97f4c7-4qc7j   7m    38Mi   
websocket-server-56c97f4c7-6q5vs   8m    96Mi   
websocket-server-56c97f4c7-h24j2   1m    27Mi   
websocket-server-56c97f4c7-j2xsh   8m    34Mi   
websocket-server-56c97f4c7-rnc87   2m    28Mi   
websocket-server-56c97f4c7-sn6lz   8m    35Mi   
websocket-server-56c97f4c7-t7zg4   8m    96Mi   
websocket-server-56c97f4c7-vtxgd   2m    28Mi   
1781622801
websocket-server-56c97f4c7-4bfmp   8m    40Mi   
websocket-server-56c97f4c7-4qc7j   7m    38Mi   
websocket-server-56c97f4c7-6q5vs   8m    96Mi   
websocket-server-56c97f4c7-h24j2   1m    27Mi   
websocket-server-56c97f4c7-j2xsh   8m    34Mi   
websocket-server-56c97f4c7-rnc87   2m    28Mi   
websocket-server-56c97f4c7-sn6lz   8m    35Mi   
websocket-server-56c97f4c7-t7zg4   8m    96Mi   
websocket-server-56c97f4c7-vtxgd   2m    28Mi   
1781622806
websocket-server-56c97f4c7-4bfmp   8m    40Mi   
websocket-server-56c97f4c7-4qc7j   7m    38Mi   
websocket-server-56c97f4c7-6q5vs   8m    96Mi   
websocket-server-56c97f4c7-h24j2   1m    27Mi   
websocket-server-56c97f4c7-j2xsh   8m    34Mi   
websocket-server-56c97f4c7-rnc87   2m    28Mi   
websocket-server-56c97f4c7-sn6lz   8m    35Mi   
websocket-server-56c97f4c7-t7zg4   8m    96Mi   
websocket-server-56c97f4c7-vtxgd   2m    28Mi   
1781622811
websocket-server-56c97f4c7-4bfmp   6m    40Mi   
websocket-server-56c97f4c7-4qc7j   2m    38Mi   
websocket-server-56c97f4c7-6q5vs   5m    96Mi   
websocket-server-56c97f4c7-h24j2   1m    27Mi   
websocket-server-56c97f4c7-j2xsh   5m    34Mi   
websocket-server-56c97f4c7-rnc87   1m    28Mi   
websocket-server-56c97f4c7-sn6lz   5m    34Mi   
websocket-server-56c97f4c7-t7zg4   6m    96Mi   
websocket-server-56c97f4c7-vtxgd   1m    28Mi   
1781622816
websocket-server-56c97f4c7-4bfmp   6m    40Mi   
websocket-server-56c97f4c7-4qc7j   2m    38Mi   
websocket-server-56c97f4c7-6q5vs   5m    96Mi   
websocket-server-56c97f4c7-h24j2   1m    27Mi   
websocket-server-56c97f4c7-j2xsh   5m    34Mi   
websocket-server-56c97f4c7-rnc87   1m    28Mi   
websocket-server-56c97f4c7-sn6lz   5m    34Mi   
websocket-server-56c97f4c7-t7zg4   6m    96Mi   
websocket-server-56c97f4c7-vtxgd   1m    28Mi   
1781622821
websocket-server-56c97f4c7-4bfmp   6m    40Mi   
websocket-server-56c97f4c7-4qc7j   2m    38Mi   
websocket-server-56c97f4c7-6q5vs   5m    96Mi   
websocket-server-56c97f4c7-h24j2   1m    27Mi   
websocket-server-56c97f4c7-j2xsh   5m    34Mi   
websocket-server-56c97f4c7-rnc87   1m    28Mi   
websocket-server-56c97f4c7-sn6lz   5m    34Mi   
websocket-server-56c97f4c7-t7zg4   6m    96Mi   
websocket-server-56c97f4c7-vtxgd   1m    28Mi   
1781622826
websocket-server-56c97f4c7-4bfmp   3m    40Mi   
websocket-server-56c97f4c7-4qc7j   3m    38Mi   
websocket-server-56c97f4c7-6q5vs   3m    96Mi   
websocket-server-56c97f4c7-h24j2   1m    27Mi   
websocket-server-56c97f4c7-j2xsh   3m    34Mi   
websocket-server-56c97f4c7-rnc87   1m    28Mi   
websocket-server-56c97f4c7-sn6lz   3m    35Mi   
websocket-server-56c97f4c7-t7zg4   3m    96Mi   
websocket-server-56c97f4c7-vtxgd   1m    28Mi   
1781622831
websocket-server-56c97f4c7-4bfmp   3m    40Mi   
websocket-server-56c97f4c7-4qc7j   3m    38Mi   
websocket-server-56c97f4c7-6q5vs   3m    96Mi   
websocket-server-56c97f4c7-h24j2   1m    27Mi   
websocket-server-56c97f4c7-j2xsh   3m    34Mi   
websocket-server-56c97f4c7-rnc87   1m    28Mi   
websocket-server-56c97f4c7-sn6lz   3m    35Mi   
websocket-server-56c97f4c7-t7zg4   3m    96Mi   
websocket-server-56c97f4c7-vtxgd   1m    28Mi   
1781622836
websocket-server-56c97f4c7-4bfmp   3m    40Mi   
websocket-server-56c97f4c7-4qc7j   3m    38Mi   
websocket-server-56c97f4c7-6q5vs   3m    96Mi   
websocket-server-56c97f4c7-h24j2   1m    27Mi   
websocket-server-56c97f4c7-j2xsh   3m    34Mi   
websocket-server-56c97f4c7-rnc87   1m    28Mi   
websocket-server-56c97f4c7-sn6lz   3m    35Mi   
websocket-server-56c97f4c7-t7zg4   3m    96Mi   
websocket-server-56c97f4c7-vtxgd   1m    28Mi   
1781622841
websocket-server-56c97f4c7-4bfmp   3m    40Mi   
websocket-server-56c97f4c7-4qc7j   3m    38Mi   
websocket-server-56c97f4c7-6q5vs   2m    96Mi   
websocket-server-56c97f4c7-h24j2   1m    27Mi   
websocket-server-56c97f4c7-j2xsh   2m    34Mi   
websocket-server-56c97f4c7-rnc87   1m    28Mi   
websocket-server-56c97f4c7-sn6lz   3m    35Mi   
websocket-server-56c97f4c7-t7zg4   3m    96Mi   
websocket-server-56c97f4c7-vtxgd   1m    28Mi   
1781622846
websocket-server-56c97f4c7-4bfmp   3m    40Mi   
websocket-server-56c97f4c7-4qc7j   3m    38Mi   
websocket-server-56c97f4c7-6q5vs   2m    96Mi   
websocket-server-56c97f4c7-h24j2   1m    27Mi   
websocket-server-56c97f4c7-j2xsh   2m    34Mi   
websocket-server-56c97f4c7-rnc87   1m    28Mi   
websocket-server-56c97f4c7-sn6lz   3m    35Mi   
websocket-server-56c97f4c7-t7zg4   3m    96Mi   
websocket-server-56c97f4c7-vtxgd   1m    28Mi   
1781622851
websocket-server-56c97f4c7-4bfmp   3m    40Mi   
websocket-server-56c97f4c7-4qc7j   3m    38Mi   
websocket-server-56c97f4c7-6q5vs   2m    96Mi   
websocket-server-56c97f4c7-h24j2   1m    27Mi   
websocket-server-56c97f4c7-j2xsh   2m    34Mi   
websocket-server-56c97f4c7-rnc87   1m    28Mi   
websocket-server-56c97f4c7-sn6lz   3m    35Mi   
websocket-server-56c97f4c7-t7zg4   3m    96Mi   
websocket-server-56c97f4c7-vtxgd   1m    28Mi   
1781622856
websocket-server-56c97f4c7-4bfmp   3m    40Mi   
websocket-server-56c97f4c7-4qc7j   2m    38Mi   
websocket-server-56c97f4c7-6q5vs   2m    96Mi   
websocket-server-56c97f4c7-h24j2   1m    27Mi   
websocket-server-56c97f4c7-j2xsh   3m    34Mi   
websocket-server-56c97f4c7-rnc87   1m    28Mi   
websocket-server-56c97f4c7-sn6lz   3m    35Mi   
websocket-server-56c97f4c7-t7zg4   3m    96Mi   
websocket-server-56c97f4c7-vtxgd   1m    28Mi   
1781622861
websocket-server-56c97f4c7-4bfmp   3m    40Mi   
websocket-server-56c97f4c7-4qc7j   2m    38Mi   
websocket-server-56c97f4c7-6q5vs   2m    96Mi   
websocket-server-56c97f4c7-h24j2   1m    27Mi   
websocket-server-56c97f4c7-j2xsh   3m    34Mi   
websocket-server-56c97f4c7-rnc87   1m    28Mi   
websocket-server-56c97f4c7-sn6lz   3m    35Mi   
websocket-server-56c97f4c7-t7zg4   3m    96Mi   
websocket-server-56c97f4c7-vtxgd   1m    28Mi   
1781622866
websocket-server-56c97f4c7-4bfmp   3m    40Mi   
websocket-server-56c97f4c7-4qc7j   2m    38Mi   
websocket-server-56c97f4c7-6q5vs   2m    96Mi   
websocket-server-56c97f4c7-h24j2   1m    27Mi   
websocket-server-56c97f4c7-j2xsh   3m    34Mi   
websocket-server-56c97f4c7-rnc87   1m    28Mi   
websocket-server-56c97f4c7-sn6lz   3m    35Mi   
websocket-server-56c97f4c7-t7zg4   3m    96Mi   
websocket-server-56c97f4c7-vtxgd   1m    28Mi   
1781622871
websocket-server-56c97f4c7-4bfmp   7m    39Mi   
websocket-server-56c97f4c7-4qc7j   4m    37Mi   
websocket-server-56c97f4c7-6q5vs   5m    95Mi   
websocket-server-56c97f4c7-h24j2   1m    28Mi   
websocket-server-56c97f4c7-j2xsh   5m    34Mi   
websocket-server-56c97f4c7-rnc87   2m    28Mi   
websocket-server-56c97f4c7-sn6lz   4m    34Mi   
websocket-server-56c97f4c7-t7zg4   8m    95Mi   
websocket-server-56c97f4c7-vtxgd   1m    28Mi   
1781622876
websocket-server-56c97f4c7-4bfmp   7m    39Mi   
websocket-server-56c97f4c7-4qc7j   4m    37Mi   
websocket-server-56c97f4c7-6q5vs   5m    95Mi   
websocket-server-56c97f4c7-h24j2   1m    28Mi   
websocket-server-56c97f4c7-j2xsh   5m    34Mi   
websocket-server-56c97f4c7-rnc87   2m    28Mi   
websocket-server-56c97f4c7-sn6lz   4m    34Mi   
websocket-server-56c97f4c7-t7zg4   8m    95Mi   
websocket-server-56c97f4c7-vtxgd   1m    28Mi   
1781622882
websocket-server-56c97f4c7-4bfmp   7m    39Mi   
websocket-server-56c97f4c7-4qc7j   4m    37Mi   
websocket-server-56c97f4c7-6q5vs   5m    95Mi   
websocket-server-56c97f4c7-h24j2   1m    28Mi   
websocket-server-56c97f4c7-j2xsh   5m    34Mi   
websocket-server-56c97f4c7-rnc87   2m    28Mi   
websocket-server-56c97f4c7-sn6lz   4m    34Mi   
websocket-server-56c97f4c7-t7zg4   8m    95Mi   
websocket-server-56c97f4c7-vtxgd   1m    28Mi   
1781622887
websocket-server-56c97f4c7-4bfmp   1m    39Mi   
websocket-server-56c97f4c7-4qc7j   4m    37Mi   
websocket-server-56c97f4c7-6q5vs   1m    95Mi   
websocket-server-56c97f4c7-h24j2   1m    28Mi   
websocket-server-56c97f4c7-j2xsh   1m    34Mi   
websocket-server-56c97f4c7-rnc87   1m    28Mi   
websocket-server-56c97f4c7-sn6lz   1m    34Mi   
websocket-server-56c97f4c7-t7zg4   1m    95Mi   
websocket-server-56c97f4c7-vtxgd   1m    28Mi   
1781622892
websocket-server-56c97f4c7-4bfmp   1m    39Mi   
websocket-server-56c97f4c7-4qc7j   4m    37Mi   
websocket-server-56c97f4c7-6q5vs   1m    95Mi   
websocket-server-56c97f4c7-h24j2   1m    28Mi   
websocket-server-56c97f4c7-j2xsh   1m    34Mi   
websocket-server-56c97f4c7-rnc87   1m    28Mi   
websocket-server-56c97f4c7-sn6lz   1m    34Mi   
websocket-server-56c97f4c7-t7zg4   1m    95Mi   
websocket-server-56c97f4c7-vtxgd   1m    28Mi   
1781622897
websocket-server-56c97f4c7-4bfmp   1m    39Mi   
websocket-server-56c97f4c7-4qc7j   4m    37Mi   
websocket-server-56c97f4c7-6q5vs   1m    95Mi   
websocket-server-56c97f4c7-h24j2   1m    28Mi   
websocket-server-56c97f4c7-j2xsh   1m    34Mi   
websocket-server-56c97f4c7-rnc87   1m    28Mi   
websocket-server-56c97f4c7-sn6lz   1m    34Mi   
websocket-server-56c97f4c7-t7zg4   1m    95Mi   
websocket-server-56c97f4c7-vtxgd   1m    28Mi   
1781622902
websocket-server-56c97f4c7-4bfmp   1m    39Mi   
websocket-server-56c97f4c7-4qc7j   1m    37Mi   
websocket-server-56c97f4c7-6q5vs   1m    95Mi   
websocket-server-56c97f4c7-h24j2   1m    28Mi   
websocket-server-56c97f4c7-j2xsh   1m    34Mi   
websocket-server-56c97f4c7-rnc87   1m    28Mi   
websocket-server-56c97f4c7-sn6lz   1m    34Mi   
websocket-server-56c97f4c7-t7zg4   1m    95Mi   
websocket-server-56c97f4c7-vtxgd   1m    28Mi   
1781622907
websocket-server-56c97f4c7-4bfmp   1m    39Mi   
websocket-server-56c97f4c7-4qc7j   1m    37Mi   
websocket-server-56c97f4c7-6q5vs   1m    95Mi   
websocket-server-56c97f4c7-h24j2   1m    28Mi   
websocket-server-56c97f4c7-j2xsh   1m    34Mi   
websocket-server-56c97f4c7-rnc87   1m    28Mi   
websocket-server-56c97f4c7-sn6lz   1m    34Mi   
websocket-server-56c97f4c7-t7zg4   1m    95Mi   
websocket-server-56c97f4c7-vtxgd   1m    28Mi   
1781622912
websocket-server-56c97f4c7-4bfmp   1m    39Mi   
websocket-server-56c97f4c7-4qc7j   1m    37Mi   
websocket-server-56c97f4c7-6q5vs   1m    95Mi   
websocket-server-56c97f4c7-h24j2   1m    28Mi   
websocket-server-56c97f4c7-j2xsh   1m    34Mi   
websocket-server-56c97f4c7-rnc87   1m    28Mi   
websocket-server-56c97f4c7-sn6lz   1m    34Mi   
websocket-server-56c97f4c7-t7zg4   1m    95Mi   
websocket-server-56c97f4c7-vtxgd   1m    28Mi   
1781622917
websocket-server-56c97f4c7-4bfmp   1m    39Mi   
websocket-server-56c97f4c7-4qc7j   1m    37Mi   
websocket-server-56c97f4c7-6q5vs   1m    95Mi   
websocket-server-56c97f4c7-h24j2   1m    28Mi   
websocket-server-56c97f4c7-j2xsh   1m    34Mi   
websocket-server-56c97f4c7-rnc87   1m    28Mi   
websocket-server-56c97f4c7-sn6lz   1m    34Mi   
websocket-server-56c97f4c7-t7zg4   1m    95Mi   
websocket-server-56c97f4c7-vtxgd   1m    28Mi   
1781622922
websocket-server-56c97f4c7-4bfmp   1m    39Mi   
websocket-server-56c97f4c7-4qc7j   1m    37Mi   
websocket-server-56c97f4c7-6q5vs   1m    95Mi   
websocket-server-56c97f4c7-h24j2   1m    28Mi   
websocket-server-56c97f4c7-j2xsh   1m    34Mi   
websocket-server-56c97f4c7-rnc87   1m    28Mi   
websocket-server-56c97f4c7-sn6lz   1m    34Mi   
websocket-server-56c97f4c7-t7zg4   1m    95Mi   
websocket-server-56c97f4c7-vtxgd   1m    28Mi   
1781622927
websocket-server-56c97f4c7-4bfmp   1m    39Mi   
websocket-server-56c97f4c7-4qc7j   1m    37Mi   
websocket-server-56c97f4c7-6q5vs   1m    95Mi   
websocket-server-56c97f4c7-h24j2   1m    28Mi   
websocket-server-56c97f4c7-j2xsh   1m    34Mi   
websocket-server-56c97f4c7-rnc87   1m    28Mi   
websocket-server-56c97f4c7-sn6lz   1m    34Mi   
websocket-server-56c97f4c7-t7zg4   1m    95Mi   
websocket-server-56c97f4c7-vtxgd   1m    28Mi   
1781622932
websocket-server-56c97f4c7-4bfmp   1m    39Mi   
websocket-server-56c97f4c7-4qc7j   1m    37Mi   
websocket-server-56c97f4c7-6q5vs   1m    95Mi   
websocket-server-56c97f4c7-h24j2   1m    28Mi   
websocket-server-56c97f4c7-j2xsh   1m    34Mi   
websocket-server-56c97f4c7-rnc87   1m    28Mi   
websocket-server-56c97f4c7-sn6lz   1m    34Mi   
websocket-server-56c97f4c7-t7zg4   1m    95Mi   
websocket-server-56c97f4c7-vtxgd   1m    28Mi   
1781622937
websocket-server-56c97f4c7-4bfmp   1m    39Mi   
websocket-server-56c97f4c7-4qc7j   1m    37Mi   
websocket-server-56c97f4c7-6q5vs   1m    95Mi   
websocket-server-56c97f4c7-h24j2   1m    28Mi   
websocket-server-56c97f4c7-j2xsh   1m    34Mi   
websocket-server-56c97f4c7-rnc87   1m    28Mi   
websocket-server-56c97f4c7-sn6lz   1m    34Mi   
websocket-server-56c97f4c7-t7zg4   1m    95Mi   
websocket-server-56c97f4c7-vtxgd   1m    28Mi   
1781622942
websocket-server-56c97f4c7-4bfmp   1m    39Mi   
websocket-server-56c97f4c7-4qc7j   1m    37Mi   
websocket-server-56c97f4c7-6q5vs   1m    95Mi   
websocket-server-56c97f4c7-h24j2   1m    28Mi   
websocket-server-56c97f4c7-j2xsh   1m    34Mi   
websocket-server-56c97f4c7-rnc87   1m    28Mi   
websocket-server-56c97f4c7-sn6lz   1m    34Mi   
websocket-server-56c97f4c7-t7zg4   1m    95Mi   
1781622947
websocket-server-56c97f4c7-4bfmp   1m    39Mi   
websocket-server-56c97f4c7-4qc7j   1m    37Mi   
websocket-server-56c97f4c7-6q5vs   1m    95Mi   
websocket-server-56c97f4c7-h24j2   1m    28Mi   
websocket-server-56c97f4c7-j2xsh   1m    34Mi   
websocket-server-56c97f4c7-rnc87   1m    28Mi   
websocket-server-56c97f4c7-sn6lz   1m    34Mi   
websocket-server-56c97f4c7-t7zg4   1m    95Mi   
1781622952
websocket-server-56c97f4c7-4bfmp   1m    39Mi   
websocket-server-56c97f4c7-4qc7j   1m    37Mi   
websocket-server-56c97f4c7-6q5vs   1m    95Mi   
websocket-server-56c97f4c7-h24j2   1m    28Mi   
websocket-server-56c97f4c7-j2xsh   1m    34Mi   
websocket-server-56c97f4c7-rnc87   1m    28Mi   
websocket-server-56c97f4c7-sn6lz   1m    34Mi   
websocket-server-56c97f4c7-t7zg4   1m    95Mi   
1781622957
websocket-server-56c97f4c7-4bfmp   1m    39Mi   
websocket-server-56c97f4c7-4qc7j   1m    37Mi   
websocket-server-56c97f4c7-6q5vs   1m    95Mi   
websocket-server-56c97f4c7-h24j2   1m    28Mi   
websocket-server-56c97f4c7-j2xsh   1m    34Mi   
websocket-server-56c97f4c7-rnc87   1m    28Mi   
websocket-server-56c97f4c7-sn6lz   1m    34Mi   
websocket-server-56c97f4c7-t7zg4   1m    95Mi   
1781622962
websocket-server-56c97f4c7-4bfmp   1m    39Mi   
websocket-server-56c97f4c7-4qc7j   1m    37Mi   
websocket-server-56c97f4c7-6q5vs   1m    95Mi   
websocket-server-56c97f4c7-h24j2   1m    28Mi   
websocket-server-56c97f4c7-j2xsh   1m    34Mi   
websocket-server-56c97f4c7-rnc87   1m    28Mi   
websocket-server-56c97f4c7-sn6lz   1m    34Mi   
websocket-server-56c97f4c7-t7zg4   1m    95Mi   
1781622967
websocket-server-56c97f4c7-4bfmp   1m    39Mi   
websocket-server-56c97f4c7-4qc7j   1m    37Mi   
websocket-server-56c97f4c7-6q5vs   1m    95Mi   
websocket-server-56c97f4c7-h24j2   1m    28Mi   
websocket-server-56c97f4c7-j2xsh   1m    34Mi   
websocket-server-56c97f4c7-rnc87   1m    28Mi   
websocket-server-56c97f4c7-sn6lz   1m    34Mi   
websocket-server-56c97f4c7-t7zg4   1m    95Mi   
1781622973
websocket-server-56c97f4c7-4bfmp   1m    39Mi   
websocket-server-56c97f4c7-4qc7j   1m    37Mi   
websocket-server-56c97f4c7-6q5vs   1m    95Mi   
websocket-server-56c97f4c7-h24j2   1m    28Mi   
websocket-server-56c97f4c7-j2xsh   1m    34Mi   
websocket-server-56c97f4c7-rnc87   1m    28Mi   
websocket-server-56c97f4c7-sn6lz   1m    34Mi   
websocket-server-56c97f4c7-t7zg4   1m    95Mi   
1781622978
websocket-server-56c97f4c7-4bfmp   1m    39Mi   
websocket-server-56c97f4c7-4qc7j   1m    37Mi   
websocket-server-56c97f4c7-6q5vs   1m    95Mi   
websocket-server-56c97f4c7-h24j2   1m    28Mi   
websocket-server-56c97f4c7-j2xsh   1m    34Mi   
websocket-server-56c97f4c7-rnc87   1m    28Mi   
websocket-server-56c97f4c7-sn6lz   1m    34Mi   
websocket-server-56c97f4c7-t7zg4   1m    95Mi   
1781622983
websocket-server-56c97f4c7-4bfmp   1m    39Mi   
websocket-server-56c97f4c7-4qc7j   1m    37Mi   
websocket-server-56c97f4c7-6q5vs   1m    95Mi   
websocket-server-56c97f4c7-h24j2   1m    28Mi   
websocket-server-56c97f4c7-j2xsh   1m    34Mi   
websocket-server-56c97f4c7-rnc87   1m    28Mi   
websocket-server-56c97f4c7-sn6lz   1m    34Mi   
websocket-server-56c97f4c7-t7zg4   1m    95Mi   
1781622988
websocket-server-56c97f4c7-4bfmp   1m    39Mi   
websocket-server-56c97f4c7-4qc7j   1m    37Mi   
websocket-server-56c97f4c7-6q5vs   1m    95Mi   
websocket-server-56c97f4c7-h24j2   1m    28Mi   
websocket-server-56c97f4c7-j2xsh   1m    34Mi   
websocket-server-56c97f4c7-rnc87   1m    28Mi   
websocket-server-56c97f4c7-sn6lz   1m    34Mi   
websocket-server-56c97f4c7-t7zg4   1m    95Mi   
1781622993
websocket-server-56c97f4c7-4bfmp   1m    39Mi   
websocket-server-56c97f4c7-4qc7j   1m    37Mi   
websocket-server-56c97f4c7-6q5vs   1m    95Mi   
websocket-server-56c97f4c7-h24j2   1m    28Mi   
websocket-server-56c97f4c7-j2xsh   1m    34Mi   
websocket-server-56c97f4c7-rnc87   1m    28Mi   
websocket-server-56c97f4c7-sn6lz   1m    34Mi   
websocket-server-56c97f4c7-t7zg4   1m    95Mi   
1781622998
websocket-server-56c97f4c7-4bfmp   1m    39Mi   
websocket-server-56c97f4c7-4qc7j   1m    37Mi   
websocket-server-56c97f4c7-6q5vs   1m    95Mi   
websocket-server-56c97f4c7-h24j2   1m    28Mi   
websocket-server-56c97f4c7-j2xsh   1m    34Mi   
websocket-server-56c97f4c7-sn6lz   1m    34Mi   
websocket-server-56c97f4c7-t7zg4   1m    95Mi   
1781623003
websocket-server-56c97f4c7-4bfmp   1m    39Mi   
websocket-server-56c97f4c7-6q5vs   1m    95Mi   
websocket-server-56c97f4c7-j2xsh   1m    34Mi   
websocket-server-56c97f4c7-sn6lz   1m    34Mi   
websocket-server-56c97f4c7-t7zg4   1m    95Mi   
1781623008
websocket-server-56c97f4c7-6q5vs   1m    95Mi   
websocket-server-56c97f4c7-t7zg4   1m    95Mi   
1781623013
websocket-server-56c97f4c7-6q5vs   1m    95Mi   
websocket-server-56c97f4c7-t7zg4   1m    95Mi   
