1781622412,2
1781622417,2
1781622422,2
1781622427,2
1781622432,2
1781622437,2
1781622442,2
1781622447,2
1781622452,2
1781622457,3
1781622462,3
1781622467,3
1781622473,4
1781622478,4
1781622483,4
1781622488,5
1781622493,5
1781622498,6
1781622503,6
1781622508,7
1781622513,7
1781622518,8
1781622523,8
1781622528,8
1781622533,8
1781622538,8
1781622543,8
1781622548,8
1781622553,8
1781622558,8
1781622563,8
1781622569,8
1781622574,8
1781622579,8
1781622584,8
1781622589,8
1781622594,8
1781622599,8
1781622604,8
1781622609,8
1781622614,8
1781622619,8
1781622624,8
1781622629,8
1781622634,8
1781622639,8
1781622644,8
1781622649,8
1781622654,8
1781622659,8
1781622664,8
1781622669,8
1781622674,8
1781622679,8
1781622685,8
1781622690,8
1781622695,8
1781622700,8
1781622705,8
1781622710,8
1781622715,8
1781622720,8
1781622725,8
1781622730,8
1781622735,7
1781622740,6
1781622745,6
1781622750,6
1781622755,7
1781622760,8
1781622765,8
1781622770,8
1781622775,9
1781622780,9
1781622785,9
1781622790,9
1781622795,9
1781622801,9
1781622806,9
1781622811,9
1781622816,9
1781622821,9
1781622826,9
1781622831,9
1781622836,9
1781622841,9
1781622846,9
1781622851,9
1781622856,9
1781622861,9
1781622866,9
1781622871,9
1781622876,9
1781622881,9
1781622886,9
1781622891,9
1781622896,9
1781622901,9
1781622906,9
1781622912,8
1781622917,8
1781622922,8
1781622927,8
1781622932,8
1781622937,8
1781622942,8
1781622947,8
1781622952,8
1781622957,8
1781622962,8
1781622967,7
1781622972,5
1781622977,2
1781622982,2
1781622987,2
1781622992,2
1781622997,2
1781623002,2
1781623007,2
1781623012,2
