1781610051
websocket-server-56c97f4c7-6q5vs   1m    87Mi   
websocket-server-56c97f4c7-t7zg4   1m    74Mi   
1781610056
websocket-server-56c97f4c7-6q5vs   1m    87Mi   
websocket-server-56c97f4c7-t7zg4   1m    74Mi   
1781610062
websocket-server-56c97f4c7-6q5vs   1m    87Mi   
websocket-server-56c97f4c7-t7zg4   1m    74Mi   
1781610067
websocket-server-56c97f4c7-6q5vs   1m    87Mi   
websocket-server-56c97f4c7-t7zg4   1m    74Mi   
1781610072
websocket-server-56c97f4c7-6q5vs   1m    87Mi   
websocket-server-56c97f4c7-t7zg4   1m    74Mi   
1781610077
websocket-server-56c97f4c7-6q5vs   1m    87Mi   
websocket-server-56c97f4c7-t7zg4   1m    74Mi   
1781610082
websocket-server-56c97f4c7-6q5vs   1m    87Mi   
websocket-server-56c97f4c7-t7zg4   1m    74Mi   
1781610087
websocket-server-56c97f4c7-6q5vs   1m    87Mi   
websocket-server-56c97f4c7-t7zg4   1m    74Mi   
1781610092
websocket-server-56c97f4c7-6q5vs   10m   89Mi   
websocket-server-56c97f4c7-t7zg4   4m    76Mi   
1781610097
websocket-server-56c97f4c7-6q5vs   10m   89Mi   
websocket-server-56c97f4c7-t7zg4   4m    76Mi   
1781610102
websocket-server-56c97f4c7-6q5vs   10m   89Mi   
websocket-server-56c97f4c7-t7zg4   4m    76Mi   
1781610107
websocket-server-56c97f4c7-6q5vs   13m   89Mi   
websocket-server-56c97f4c7-t7zg4   12m   78Mi   
1781610112
websocket-server-56c97f4c7-6q5vs   13m   89Mi   
websocket-server-56c97f4c7-t7zg4   12m   78Mi   
1781610117
websocket-server-56c97f4c7-6q5vs   16m   90Mi   
websocket-server-56c97f4c7-766s8   4m    29Mi   
websocket-server-56c97f4c7-t7zg4   12m   79Mi   
1781610122
websocket-server-56c97f4c7-6q5vs   16m   90Mi   
websocket-server-56c97f4c7-766s8   4m    29Mi   
websocket-server-56c97f4c7-t7zg4   12m   79Mi   
1781610127
websocket-server-56c97f4c7-6q5vs   16m   90Mi   
websocket-server-56c97f4c7-766s8   4m    29Mi   
websocket-server-56c97f4c7-t7zg4   12m   79Mi   
1781610132
websocket-server-56c97f4c7-6q5vs   18m   90Mi   
websocket-server-56c97f4c7-766s8   7m    31Mi   
websocket-server-56c97f4c7-dfhp7   4m    29Mi   
websocket-server-56c97f4c7-t7zg4   14m   79Mi   
1781610137
websocket-server-56c97f4c7-6q5vs   18m   90Mi   
websocket-server-56c97f4c7-766s8   7m    31Mi   
websocket-server-56c97f4c7-dfhp7   4m    29Mi   
websocket-server-56c97f4c7-t7zg4   14m   79Mi   
1781610142
websocket-server-56c97f4c7-6q5vs   18m   90Mi   
websocket-server-56c97f4c7-766s8   7m    31Mi   
websocket-server-56c97f4c7-dfhp7   4m    29Mi   
websocket-server-56c97f4c7-t7zg4   14m   79Mi   
1781610147
websocket-server-56c97f4c7-6q5vs   18m   90Mi   
websocket-server-56c97f4c7-766s8   8m    33Mi   
websocket-server-56c97f4c7-dfhp7   5m    31Mi   
websocket-server-56c97f4c7-lnglh   18m   28Mi   
websocket-server-56c97f4c7-t7zg4   14m   79Mi   
websocket-server-56c97f4c7-tt5w7   2m    28Mi   
1781610152
websocket-server-56c97f4c7-6q5vs   18m   90Mi   
websocket-server-56c97f4c7-766s8   8m    33Mi   
websocket-server-56c97f4c7-dfhp7   5m    31Mi   
websocket-server-56c97f4c7-lnglh   18m   28Mi   
websocket-server-56c97f4c7-t7zg4   14m   79Mi   
websocket-server-56c97f4c7-tt5w7   2m    28Mi   
1781610157
websocket-server-56c97f4c7-6q5vs   18m   90Mi   
websocket-server-56c97f4c7-766s8   8m    33Mi   
websocket-server-56c97f4c7-dfhp7   5m    31Mi   
websocket-server-56c97f4c7-lnglh   18m   28Mi   
websocket-server-56c97f4c7-t7zg4   14m   79Mi   
websocket-server-56c97f4c7-tt5w7   2m    28Mi   
1781610163
websocket-server-56c97f4c7-6q5vs   18m   91Mi   
websocket-server-56c97f4c7-766s8   10m   34Mi   
websocket-server-56c97f4c7-dfhp7   6m    31Mi   
websocket-server-56c97f4c7-khvq7   2m    28Mi   
websocket-server-56c97f4c7-lnglh   5m    30Mi   
websocket-server-56c97f4c7-t7zg4   15m   79Mi   
websocket-server-56c97f4c7-tt5w7   3m    28Mi   
1781610168
websocket-server-56c97f4c7-6q5vs   18m   91Mi   
websocket-server-56c97f4c7-766s8   10m   34Mi   
websocket-server-56c97f4c7-dfhp7   6m    31Mi   
websocket-server-56c97f4c7-khvq7   2m    28Mi   
websocket-server-56c97f4c7-lnglh   5m    30Mi   
websocket-server-56c97f4c7-t7zg4   15m   79Mi   
websocket-server-56c97f4c7-tt5w7   3m    28Mi   
1781610173
websocket-server-56c97f4c7-6q5vs   18m   91Mi   
websocket-server-56c97f4c7-766s8   10m   34Mi   
websocket-server-56c97f4c7-dfhp7   6m    31Mi   
websocket-server-56c97f4c7-khvq7   2m    28Mi   
websocket-server-56c97f4c7-lnglh   5m    30Mi   
websocket-server-56c97f4c7-t7zg4   15m   79Mi   
websocket-server-56c97f4c7-tt5w7   3m    28Mi   
1781610178
websocket-server-56c97f4c7-6q5vs   19m   90Mi   
websocket-server-56c97f4c7-766s8   10m   35Mi   
websocket-server-56c97f4c7-ckv99   1m    27Mi   
websocket-server-56c97f4c7-dfhp7   6m    32Mi   
websocket-server-56c97f4c7-khvq7   1m    28Mi   
websocket-server-56c97f4c7-lnglh   4m    30Mi   
websocket-server-56c97f4c7-t7zg4   16m   79Mi   
websocket-server-56c97f4c7-tt5w7   3m    29Mi   
1781610183
websocket-server-56c97f4c7-6q5vs   19m   90Mi   
websocket-server-56c97f4c7-766s8   10m   35Mi   
websocket-server-56c97f4c7-ckv99   1m    27Mi   
websocket-server-56c97f4c7-dfhp7   6m    32Mi   
websocket-server-56c97f4c7-khvq7   1m    28Mi   
websocket-server-56c97f4c7-lnglh   4m    30Mi   
websocket-server-56c97f4c7-t7zg4   16m   79Mi   
websocket-server-56c97f4c7-tt5w7   3m    29Mi   
1781610188
websocket-server-56c97f4c7-6q5vs   19m   90Mi   
websocket-server-56c97f4c7-766s8   10m   35Mi   
websocket-server-56c97f4c7-ckv99   1m    27Mi   
websocket-server-56c97f4c7-dfhp7   6m    32Mi   
websocket-server-56c97f4c7-khvq7   1m    28Mi   
websocket-server-56c97f4c7-lnglh   4m    30Mi   
websocket-server-56c97f4c7-t7zg4   16m   79Mi   
websocket-server-56c97f4c7-tt5w7   3m    29Mi   
1781610193
websocket-server-56c97f4c7-6q5vs   18m   91Mi   
websocket-server-56c97f4c7-766s8   10m   35Mi   
websocket-server-56c97f4c7-ckv99   0m    27Mi   
websocket-server-56c97f4c7-dfhp7   6m    31Mi   
websocket-server-56c97f4c7-khvq7   2m    28Mi   
websocket-server-56c97f4c7-lnglh   4m    30Mi   
websocket-server-56c97f4c7-t7zg4   16m   79Mi   
websocket-server-56c97f4c7-tt5w7   2m    28Mi   
1781610198
websocket-server-56c97f4c7-6q5vs   18m   91Mi   
websocket-server-56c97f4c7-766s8   10m   35Mi   
websocket-server-56c97f4c7-ckv99   0m    27Mi   
websocket-server-56c97f4c7-dfhp7   6m    31Mi   
websocket-server-56c97f4c7-khvq7   2m    28Mi   
websocket-server-56c97f4c7-lnglh   4m    30Mi   
websocket-server-56c97f4c7-t7zg4   16m   79Mi   
websocket-server-56c97f4c7-tt5w7   2m    28Mi   
1781610203
websocket-server-56c97f4c7-6q5vs   18m   91Mi   
websocket-server-56c97f4c7-766s8   10m   35Mi   
websocket-server-56c97f4c7-ckv99   0m    27Mi   
websocket-server-56c97f4c7-dfhp7   6m    31Mi   
websocket-server-56c97f4c7-khvq7   2m    28Mi   
websocket-server-56c97f4c7-lnglh   4m    30Mi   
websocket-server-56c97f4c7-t7zg4   16m   79Mi   
websocket-server-56c97f4c7-tt5w7   2m    28Mi   
1781610208
websocket-server-56c97f4c7-6q5vs   12m   90Mi   
websocket-server-56c97f4c7-766s8   5m    35Mi   
websocket-server-56c97f4c7-ckv99   1m    27Mi   
websocket-server-56c97f4c7-dfhp7   2m    31Mi   
websocket-server-56c97f4c7-khvq7   1m    28Mi   
websocket-server-56c97f4c7-lnglh   3m    30Mi   
websocket-server-56c97f4c7-t7zg4   8m    79Mi   
websocket-server-56c97f4c7-tt5w7   1m    29Mi   
1781610213
websocket-server-56c97f4c7-6q5vs   12m   90Mi   
websocket-server-56c97f4c7-766s8   5m    35Mi   
websocket-server-56c97f4c7-ckv99   1m    27Mi   
websocket-server-56c97f4c7-dfhp7   2m    31Mi   
websocket-server-56c97f4c7-khvq7   1m    28Mi   
websocket-server-56c97f4c7-lnglh   3m    30Mi   
websocket-server-56c97f4c7-t7zg4   8m    79Mi   
websocket-server-56c97f4c7-tt5w7   1m    29Mi   
1781610218
websocket-server-56c97f4c7-6q5vs   12m   90Mi   
websocket-server-56c97f4c7-766s8   5m    35Mi   
websocket-server-56c97f4c7-ckv99   1m    27Mi   
websocket-server-56c97f4c7-dfhp7   2m    31Mi   
websocket-server-56c97f4c7-khvq7   1m    28Mi   
websocket-server-56c97f4c7-lnglh   3m    30Mi   
websocket-server-56c97f4c7-t7zg4   8m    79Mi   
websocket-server-56c97f4c7-tt5w7   1m    29Mi   
1781610223
websocket-server-56c97f4c7-6q5vs   7m    91Mi   
websocket-server-56c97f4c7-766s8   4m    35Mi   
websocket-server-56c97f4c7-ckv99   1m    27Mi   
websocket-server-56c97f4c7-dfhp7   2m    31Mi   
websocket-server-56c97f4c7-khvq7   1m    28Mi   
websocket-server-56c97f4c7-lnglh   2m    30Mi   
websocket-server-56c97f4c7-t7zg4   5m    79Mi   
websocket-server-56c97f4c7-tt5w7   1m    28Mi   
1781610228
websocket-server-56c97f4c7-6q5vs   7m    91Mi   
websocket-server-56c97f4c7-766s8   4m    35Mi   
websocket-server-56c97f4c7-ckv99   1m    27Mi   
websocket-server-56c97f4c7-dfhp7   2m    31Mi   
websocket-server-56c97f4c7-khvq7   1m    28Mi   
websocket-server-56c97f4c7-lnglh   2m    30Mi   
websocket-server-56c97f4c7-t7zg4   5m    79Mi   
websocket-server-56c97f4c7-tt5w7   1m    28Mi   
1781610233
websocket-server-56c97f4c7-6q5vs   7m    91Mi   
websocket-server-56c97f4c7-766s8   4m    35Mi   
websocket-server-56c97f4c7-ckv99   1m    27Mi   
websocket-server-56c97f4c7-dfhp7   2m    31Mi   
websocket-server-56c97f4c7-khvq7   1m    28Mi   
websocket-server-56c97f4c7-lnglh   2m    30Mi   
websocket-server-56c97f4c7-t7zg4   5m    79Mi   
websocket-server-56c97f4c7-tt5w7   1m    28Mi   
1781610238
websocket-server-56c97f4c7-6q5vs   6m    91Mi   
websocket-server-56c97f4c7-766s8   3m    35Mi   
websocket-server-56c97f4c7-ckv99   1m    27Mi   
websocket-server-56c97f4c7-dfhp7   2m    31Mi   
websocket-server-56c97f4c7-khvq7   1m    28Mi   
websocket-server-56c97f4c7-lnglh   2m    30Mi   
websocket-server-56c97f4c7-t7zg4   6m    79Mi   
websocket-server-56c97f4c7-tt5w7   1m    28Mi   
1781610243
websocket-server-56c97f4c7-6q5vs   6m    91Mi   
websocket-server-56c97f4c7-766s8   3m    35Mi   
websocket-server-56c97f4c7-ckv99   1m    27Mi   
websocket-server-56c97f4c7-dfhp7   2m    31Mi   
websocket-server-56c97f4c7-khvq7   1m    28Mi   
websocket-server-56c97f4c7-lnglh   2m    30Mi   
websocket-server-56c97f4c7-t7zg4   6m    79Mi   
websocket-server-56c97f4c7-tt5w7   1m    28Mi   
1781610248
websocket-server-56c97f4c7-6q5vs   6m    91Mi   
websocket-server-56c97f4c7-766s8   3m    35Mi   
websocket-server-56c97f4c7-ckv99   1m    27Mi   
websocket-server-56c97f4c7-dfhp7   2m    31Mi   
websocket-server-56c97f4c7-khvq7   1m    28Mi   
websocket-server-56c97f4c7-lnglh   2m    30Mi   
websocket-server-56c97f4c7-t7zg4   6m    79Mi   
websocket-server-56c97f4c7-tt5w7   1m    28Mi   
1781610253
websocket-server-56c97f4c7-6q5vs   12m   89Mi   
websocket-server-56c97f4c7-766s8   4m    35Mi   
websocket-server-56c97f4c7-ckv99   1m    28Mi   
websocket-server-56c97f4c7-dfhp7   5m    31Mi   
websocket-server-56c97f4c7-khvq7   1m    28Mi   
websocket-server-56c97f4c7-lnglh   3m    30Mi   
websocket-server-56c97f4c7-t7zg4   10m   78Mi   
websocket-server-56c97f4c7-tt5w7   1m    29Mi   
1781610259
websocket-server-56c97f4c7-6q5vs   12m   89Mi   
websocket-server-56c97f4c7-766s8   4m    35Mi   
websocket-server-56c97f4c7-ckv99   1m    28Mi   
websocket-server-56c97f4c7-dfhp7   5m    31Mi   
websocket-server-56c97f4c7-khvq7   1m    28Mi   
websocket-server-56c97f4c7-lnglh   3m    30Mi   
websocket-server-56c97f4c7-t7zg4   10m   78Mi   
websocket-server-56c97f4c7-tt5w7   1m    29Mi   
1781610264
websocket-server-56c97f4c7-6q5vs   12m   89Mi   
websocket-server-56c97f4c7-766s8   4m    35Mi   
websocket-server-56c97f4c7-ckv99   1m    28Mi   
websocket-server-56c97f4c7-dfhp7   5m    31Mi   
websocket-server-56c97f4c7-khvq7   1m    28Mi   
websocket-server-56c97f4c7-lnglh   3m    30Mi   
websocket-server-56c97f4c7-t7zg4   10m   78Mi   
websocket-server-56c97f4c7-tt5w7   1m    29Mi   
1781610269
websocket-server-56c97f4c7-6q5vs   1m    89Mi   
websocket-server-56c97f4c7-766s8   5m    34Mi   
websocket-server-56c97f4c7-ckv99   0m    27Mi   
websocket-server-56c97f4c7-dfhp7   1m    31Mi   
websocket-server-56c97f4c7-khvq7   1m    28Mi   
websocket-server-56c97f4c7-lnglh   1m    30Mi   
websocket-server-56c97f4c7-t7zg4   1m    78Mi   
websocket-server-56c97f4c7-tt5w7   2m    28Mi   
1781610274
websocket-server-56c97f4c7-6q5vs   1m    89Mi   
websocket-server-56c97f4c7-766s8   5m    34Mi   
websocket-server-56c97f4c7-ckv99   0m    27Mi   
websocket-server-56c97f4c7-dfhp7   1m    31Mi   
websocket-server-56c97f4c7-khvq7   1m    28Mi   
websocket-server-56c97f4c7-lnglh   1m    30Mi   
websocket-server-56c97f4c7-t7zg4   1m    78Mi   
websocket-server-56c97f4c7-tt5w7   2m    28Mi   
1781610279
websocket-server-56c97f4c7-6q5vs   1m    89Mi   
websocket-server-56c97f4c7-766s8   5m    34Mi   
websocket-server-56c97f4c7-ckv99   0m    27Mi   
websocket-server-56c97f4c7-dfhp7   1m    31Mi   
websocket-server-56c97f4c7-khvq7   1m    28Mi   
websocket-server-56c97f4c7-lnglh   1m    30Mi   
websocket-server-56c97f4c7-t7zg4   1m    78Mi   
websocket-server-56c97f4c7-tt5w7   2m    28Mi   
1781610284
websocket-server-56c97f4c7-6q5vs   1m    89Mi   
websocket-server-56c97f4c7-766s8   1m    34Mi   
websocket-server-56c97f4c7-ckv99   1m    27Mi   
websocket-server-56c97f4c7-dfhp7   1m    32Mi   
websocket-server-56c97f4c7-khvq7   1m    28Mi   
websocket-server-56c97f4c7-lnglh   1m    30Mi   
websocket-server-56c97f4c7-t7zg4   1m    78Mi   
websocket-server-56c97f4c7-tt5w7   1m    28Mi   
1781610289
websocket-server-56c97f4c7-6q5vs   1m    89Mi   
websocket-server-56c97f4c7-766s8   1m    34Mi   
websocket-server-56c97f4c7-ckv99   1m    27Mi   
websocket-server-56c97f4c7-dfhp7   1m    32Mi   
websocket-server-56c97f4c7-khvq7   1m    28Mi   
websocket-server-56c97f4c7-lnglh   1m    30Mi   
websocket-server-56c97f4c7-t7zg4   1m    78Mi   
websocket-server-56c97f4c7-tt5w7   1m    28Mi   
1781610294
websocket-server-56c97f4c7-6q5vs   1m    89Mi   
websocket-server-56c97f4c7-766s8   1m    34Mi   
websocket-server-56c97f4c7-ckv99   1m    27Mi   
websocket-server-56c97f4c7-dfhp7   1m    32Mi   
websocket-server-56c97f4c7-khvq7   1m    28Mi   
websocket-server-56c97f4c7-lnglh   1m    30Mi   
websocket-server-56c97f4c7-t7zg4   1m    78Mi   
websocket-server-56c97f4c7-tt5w7   1m    28Mi   
1781610299
websocket-server-56c97f4c7-6q5vs   1m    90Mi   
websocket-server-56c97f4c7-766s8   1m    34Mi   
websocket-server-56c97f4c7-ckv99   1m    27Mi   
websocket-server-56c97f4c7-dfhp7   0m    31Mi   
websocket-server-56c97f4c7-khvq7   1m    28Mi   
websocket-server-56c97f4c7-lnglh   1m    30Mi   
websocket-server-56c97f4c7-t7zg4   1m    78Mi   
websocket-server-56c97f4c7-tt5w7   1m    28Mi   
1781610304
websocket-server-56c97f4c7-6q5vs   1m    90Mi   
websocket-server-56c97f4c7-766s8   1m    34Mi   
websocket-server-56c97f4c7-ckv99   1m    27Mi   
websocket-server-56c97f4c7-dfhp7   0m    31Mi   
websocket-server-56c97f4c7-khvq7   1m    28Mi   
websocket-server-56c97f4c7-lnglh   1m    30Mi   
websocket-server-56c97f4c7-t7zg4   1m    78Mi   
websocket-server-56c97f4c7-tt5w7   1m    28Mi   
1781610309
websocket-server-56c97f4c7-6q5vs   1m    90Mi   
websocket-server-56c97f4c7-766s8   1m    34Mi   
websocket-server-56c97f4c7-ckv99   1m    27Mi   
websocket-server-56c97f4c7-dfhp7   0m    31Mi   
websocket-server-56c97f4c7-khvq7   1m    28Mi   
websocket-server-56c97f4c7-lnglh   1m    30Mi   
websocket-server-56c97f4c7-t7zg4   1m    78Mi   
websocket-server-56c97f4c7-tt5w7   1m    28Mi   
1781610314
websocket-server-56c97f4c7-6q5vs   3m    90Mi   
websocket-server-56c97f4c7-766s8   1m    35Mi   
websocket-server-56c97f4c7-ckv99   3m    28Mi   
websocket-server-56c97f4c7-dfhp7   1m    31Mi   
websocket-server-56c97f4c7-khvq7   1m    28Mi   
websocket-server-56c97f4c7-lnglh   2m    31Mi   
websocket-server-56c97f4c7-t7zg4   2m    78Mi   
websocket-server-56c97f4c7-tt5w7   2m    29Mi   
1781610319
websocket-server-56c97f4c7-6q5vs   3m    90Mi   
websocket-server-56c97f4c7-766s8   1m    35Mi   
websocket-server-56c97f4c7-ckv99   3m    28Mi   
websocket-server-56c97f4c7-dfhp7   1m    31Mi   
websocket-server-56c97f4c7-khvq7   1m    28Mi   
websocket-server-56c97f4c7-lnglh   2m    31Mi   
websocket-server-56c97f4c7-t7zg4   2m    78Mi   
websocket-server-56c97f4c7-tt5w7   2m    29Mi   
1781610324
websocket-server-56c97f4c7-6q5vs   3m    90Mi   
websocket-server-56c97f4c7-766s8   1m    35Mi   
websocket-server-56c97f4c7-ckv99   3m    28Mi   
websocket-server-56c97f4c7-dfhp7   1m    31Mi   
websocket-server-56c97f4c7-khvq7   1m    28Mi   
websocket-server-56c97f4c7-lnglh   2m    31Mi   
websocket-server-56c97f4c7-t7zg4   2m    78Mi   
websocket-server-56c97f4c7-tt5w7   2m    29Mi   
1781610329
websocket-server-56c97f4c7-6q5vs   6m    91Mi   
websocket-server-56c97f4c7-766s8   3m    36Mi   
websocket-server-56c97f4c7-ckv99   3m    28Mi   
websocket-server-56c97f4c7-dfhp7   1m    31Mi   
websocket-server-56c97f4c7-khvq7   4m    30Mi   
websocket-server-56c97f4c7-lnglh   2m    31Mi   
websocket-server-56c97f4c7-t7zg4   5m    78Mi   
websocket-server-56c97f4c7-tt5w7   3m    29Mi   
1781610334
websocket-server-56c97f4c7-6q5vs   6m    91Mi   
websocket-server-56c97f4c7-766s8   3m    36Mi   
websocket-server-56c97f4c7-ckv99   3m    28Mi   
websocket-server-56c97f4c7-dfhp7   1m    31Mi   
websocket-server-56c97f4c7-khvq7   4m    30Mi   
websocket-server-56c97f4c7-lnglh   2m    31Mi   
websocket-server-56c97f4c7-t7zg4   5m    78Mi   
websocket-server-56c97f4c7-tt5w7   3m    29Mi   
1781610339
websocket-server-56c97f4c7-6q5vs   6m    91Mi   
websocket-server-56c97f4c7-766s8   3m    36Mi   
websocket-server-56c97f4c7-ckv99   3m    28Mi   
websocket-server-56c97f4c7-khvq7   4m    30Mi   
websocket-server-56c97f4c7-lnglh   2m    31Mi   
websocket-server-56c97f4c7-t7zg4   5m    78Mi   
websocket-server-56c97f4c7-tt5w7   3m    29Mi   
1781610344
websocket-server-56c97f4c7-49thr   26m   28Mi   
websocket-server-56c97f4c7-6q5vs   6m    91Mi   
websocket-server-56c97f4c7-766s8   3m    36Mi   
websocket-server-56c97f4c7-khvq7   3m    30Mi   
websocket-server-56c97f4c7-lnglh   4m    32Mi   
websocket-server-56c97f4c7-t7zg4   8m    79Mi   
1781610350
websocket-server-56c97f4c7-49thr   26m   28Mi   
websocket-server-56c97f4c7-6q5vs   6m    91Mi   
websocket-server-56c97f4c7-lnglh   4m    32Mi   
websocket-server-56c97f4c7-t7zg4   8m    79Mi   
1781610355
websocket-server-56c97f4c7-49thr   26m   28Mi   
websocket-server-56c97f4c7-6q5vs   6m    91Mi   
websocket-server-56c97f4c7-t7zg4   8m    79Mi   
1781610360
websocket-server-56c97f4c7-49thr   9m    33Mi   
websocket-server-56c97f4c7-6pfgn   6m    30Mi   
websocket-server-56c97f4c7-6q5vs   11m   91Mi   
websocket-server-56c97f4c7-t7zg4   11m   79Mi   
1781610365
websocket-server-56c97f4c7-49thr   9m    33Mi   
websocket-server-56c97f4c7-6pfgn   6m    30Mi   
websocket-server-56c97f4c7-6q5vs   11m   91Mi   
websocket-server-56c97f4c7-t7zg4   11m   79Mi   
1781610370
websocket-server-56c97f4c7-49thr   9m    33Mi   
websocket-server-56c97f4c7-6pfgn   6m    30Mi   
websocket-server-56c97f4c7-6q5vs   11m   91Mi   
websocket-server-56c97f4c7-t7zg4   11m   79Mi   
1781610375
websocket-server-56c97f4c7-49thr   10m   34Mi   
websocket-server-56c97f4c7-6pfgn   6m    31Mi   
websocket-server-56c97f4c7-6q5vs   17m   92Mi   
websocket-server-56c97f4c7-hzzrz   20m   29Mi   
websocket-server-56c97f4c7-k5q8f   23m   28Mi   
websocket-server-56c97f4c7-t7zg4   13m   79Mi   
1781610380
websocket-server-56c97f4c7-49thr   10m   34Mi   
websocket-server-56c97f4c7-6pfgn   6m    31Mi   
websocket-server-56c97f4c7-6q5vs   17m   92Mi   
websocket-server-56c97f4c7-hzzrz   20m   29Mi   
websocket-server-56c97f4c7-k5q8f   23m   28Mi   
websocket-server-56c97f4c7-t7zg4   13m   79Mi   
1781610385
websocket-server-56c97f4c7-49thr   10m   34Mi   
websocket-server-56c97f4c7-6pfgn   6m    31Mi   
websocket-server-56c97f4c7-6q5vs   17m   92Mi   
websocket-server-56c97f4c7-hzzrz   20m   29Mi   
websocket-server-56c97f4c7-k5q8f   23m   28Mi   
websocket-server-56c97f4c7-t7zg4   13m   79Mi   
1781610390
websocket-server-56c97f4c7-49thr   12m   35Mi   
websocket-server-56c97f4c7-6pfgn   9m    33Mi   
websocket-server-56c97f4c7-6q5vs   17m   92Mi   
websocket-server-56c97f4c7-hzzrz   6m    30Mi   
websocket-server-56c97f4c7-k5q8f   3m    29Mi   
websocket-server-56c97f4c7-rlqxp   2m    28Mi   
websocket-server-56c97f4c7-t7zg4   14m   80Mi   
1781610395
websocket-server-56c97f4c7-49thr   12m   35Mi   
websocket-server-56c97f4c7-6pfgn   9m    33Mi   
websocket-server-56c97f4c7-6q5vs   17m   92Mi   
websocket-server-56c97f4c7-hzzrz   6m    30Mi   
websocket-server-56c97f4c7-k5q8f   3m    29Mi   
websocket-server-56c97f4c7-rlqxp   2m    28Mi   
websocket-server-56c97f4c7-t7zg4   14m   80Mi   
1781610400
websocket-server-56c97f4c7-49thr   12m   35Mi   
websocket-server-56c97f4c7-6pfgn   9m    33Mi   
websocket-server-56c97f4c7-6q5vs   17m   92Mi   
websocket-server-56c97f4c7-hzzrz   6m    30Mi   
websocket-server-56c97f4c7-k5q8f   3m    29Mi   
websocket-server-56c97f4c7-rlqxp   2m    28Mi   
websocket-server-56c97f4c7-t7zg4   14m   80Mi   
1781610405
websocket-server-56c97f4c7-49thr   12m   36Mi   
websocket-server-56c97f4c7-6pfgn   9m    33Mi   
websocket-server-56c97f4c7-6q5vs   17m   92Mi   
websocket-server-56c97f4c7-hzzrz   5m    30Mi   
websocket-server-56c97f4c7-k5q8f   4m    29Mi   
websocket-server-56c97f4c7-mg7n2   1m    28Mi   
websocket-server-56c97f4c7-rlqxp   2m    28Mi   
websocket-server-56c97f4c7-t7zg4   14m   79Mi   
1781610410
websocket-server-56c97f4c7-49thr   12m   36Mi   
websocket-server-56c97f4c7-6pfgn   9m    33Mi   
websocket-server-56c97f4c7-6q5vs   17m   92Mi   
websocket-server-56c97f4c7-hzzrz   5m    30Mi   
websocket-server-56c97f4c7-k5q8f   4m    29Mi   
websocket-server-56c97f4c7-mg7n2   1m    28Mi   
websocket-server-56c97f4c7-rlqxp   2m    28Mi   
websocket-server-56c97f4c7-t7zg4   14m   79Mi   
1781610415
websocket-server-56c97f4c7-49thr   12m   36Mi   
websocket-server-56c97f4c7-6pfgn   9m    33Mi   
websocket-server-56c97f4c7-6q5vs   17m   92Mi   
websocket-server-56c97f4c7-hzzrz   5m    30Mi   
websocket-server-56c97f4c7-k5q8f   4m    29Mi   
websocket-server-56c97f4c7-mg7n2   1m    28Mi   
websocket-server-56c97f4c7-rlqxp   2m    28Mi   
websocket-server-56c97f4c7-t7zg4   14m   79Mi   
1781610420
websocket-server-56c97f4c7-49thr   11m   36Mi   
websocket-server-56c97f4c7-6pfgn   8m    33Mi   
websocket-server-56c97f4c7-6q5vs   18m   92Mi   
websocket-server-56c97f4c7-hzzrz   5m    30Mi   
websocket-server-56c97f4c7-k5q8f   4m    29Mi   
websocket-server-56c97f4c7-mg7n2   1m    28Mi   
websocket-server-56c97f4c7-rlqxp   2m    28Mi   
websocket-server-56c97f4c7-t7zg4   15m   80Mi   
1781610425
websocket-server-56c97f4c7-49thr   11m   36Mi   
websocket-server-56c97f4c7-6pfgn   8m    33Mi   
websocket-server-56c97f4c7-6q5vs   18m   92Mi   
websocket-server-56c97f4c7-hzzrz   5m    30Mi   
websocket-server-56c97f4c7-k5q8f   4m    29Mi   
websocket-server-56c97f4c7-mg7n2   1m    28Mi   
websocket-server-56c97f4c7-rlqxp   2m    28Mi   
websocket-server-56c97f4c7-t7zg4   15m   80Mi   
1781610430
websocket-server-56c97f4c7-49thr   11m   36Mi   
websocket-server-56c97f4c7-6pfgn   8m    33Mi   
websocket-server-56c97f4c7-6q5vs   18m   92Mi   
websocket-server-56c97f4c7-hzzrz   5m    30Mi   
websocket-server-56c97f4c7-k5q8f   4m    29Mi   
websocket-server-56c97f4c7-mg7n2   1m    28Mi   
websocket-server-56c97f4c7-rlqxp   2m    28Mi   
websocket-server-56c97f4c7-t7zg4   15m   80Mi   
1781610435
websocket-server-56c97f4c7-49thr   7m    36Mi   
websocket-server-56c97f4c7-6pfgn   6m    33Mi   
websocket-server-56c97f4c7-6q5vs   11m   92Mi   
websocket-server-56c97f4c7-hzzrz   3m    30Mi   
websocket-server-56c97f4c7-k5q8f   1m    29Mi   
websocket-server-56c97f4c7-mg7n2   1m    28Mi   
websocket-server-56c97f4c7-rlqxp   1m    28Mi   
websocket-server-56c97f4c7-t7zg4   10m   79Mi   
1781610440
websocket-server-56c97f4c7-49thr   7m    36Mi   
websocket-server-56c97f4c7-6pfgn   6m    33Mi   
websocket-server-56c97f4c7-6q5vs   11m   92Mi   
websocket-server-56c97f4c7-hzzrz   3m    30Mi   
websocket-server-56c97f4c7-k5q8f   1m    29Mi   
websocket-server-56c97f4c7-mg7n2   1m    28Mi   
websocket-server-56c97f4c7-rlqxp   1m    28Mi   
websocket-server-56c97f4c7-t7zg4   10m   79Mi   
1781610446
websocket-server-56c97f4c7-49thr   7m    36Mi   
websocket-server-56c97f4c7-6pfgn   6m    33Mi   
websocket-server-56c97f4c7-6q5vs   11m   92Mi   
websocket-server-56c97f4c7-hzzrz   3m    30Mi   
websocket-server-56c97f4c7-k5q8f   1m    29Mi   
websocket-server-56c97f4c7-mg7n2   1m    28Mi   
websocket-server-56c97f4c7-rlqxp   1m    28Mi   
websocket-server-56c97f4c7-t7zg4   10m   79Mi   
1781610451
websocket-server-56c97f4c7-49thr   4m    36Mi   
websocket-server-56c97f4c7-6pfgn   3m    33Mi   
websocket-server-56c97f4c7-6q5vs   6m    92Mi   
websocket-server-56c97f4c7-hzzrz   3m    30Mi   
websocket-server-56c97f4c7-k5q8f   2m    29Mi   
websocket-server-56c97f4c7-mg7n2   1m    28Mi   
websocket-server-56c97f4c7-rlqxp   1m    28Mi   
websocket-server-56c97f4c7-t7zg4   5m    80Mi   
1781610456
websocket-server-56c97f4c7-49thr   4m    36Mi   
websocket-server-56c97f4c7-6pfgn   3m    33Mi   
websocket-server-56c97f4c7-6q5vs   6m    92Mi   
websocket-server-56c97f4c7-hzzrz   3m    30Mi   
websocket-server-56c97f4c7-k5q8f   2m    29Mi   
websocket-server-56c97f4c7-mg7n2   1m    28Mi   
websocket-server-56c97f4c7-rlqxp   1m    28Mi   
websocket-server-56c97f4c7-t7zg4   5m    80Mi   
1781610461
websocket-server-56c97f4c7-49thr   4m    36Mi   
websocket-server-56c97f4c7-6pfgn   3m    33Mi   
websocket-server-56c97f4c7-6q5vs   6m    92Mi   
websocket-server-56c97f4c7-hzzrz   3m    30Mi   
websocket-server-56c97f4c7-k5q8f   2m    29Mi   
websocket-server-56c97f4c7-mg7n2   1m    28Mi   
websocket-server-56c97f4c7-rlqxp   1m    28Mi   
websocket-server-56c97f4c7-t7zg4   5m    80Mi   
1781610466
websocket-server-56c97f4c7-49thr   4m    36Mi   
websocket-server-56c97f4c7-6pfgn   3m    33Mi   
websocket-server-56c97f4c7-6q5vs   6m    92Mi   
websocket-server-56c97f4c7-hzzrz   2m    30Mi   
websocket-server-56c97f4c7-k5q8f   1m    29Mi   
websocket-server-56c97f4c7-mg7n2   1m    28Mi   
websocket-server-56c97f4c7-rlqxp   1m    28Mi   
websocket-server-56c97f4c7-t7zg4   4m    80Mi   
1781610471
websocket-server-56c97f4c7-49thr   4m    36Mi   
websocket-server-56c97f4c7-6pfgn   3m    33Mi   
websocket-server-56c97f4c7-6q5vs   6m    92Mi   
websocket-server-56c97f4c7-hzzrz   2m    30Mi   
websocket-server-56c97f4c7-k5q8f   1m    29Mi   
websocket-server-56c97f4c7-mg7n2   1m    28Mi   
websocket-server-56c97f4c7-rlqxp   1m    28Mi   
websocket-server-56c97f4c7-t7zg4   4m    80Mi   
1781610476
websocket-server-56c97f4c7-49thr   4m    36Mi   
websocket-server-56c97f4c7-6pfgn   3m    33Mi   
websocket-server-56c97f4c7-6q5vs   6m    92Mi   
websocket-server-56c97f4c7-hzzrz   2m    30Mi   
websocket-server-56c97f4c7-k5q8f   1m    29Mi   
websocket-server-56c97f4c7-mg7n2   1m    28Mi   
websocket-server-56c97f4c7-rlqxp   1m    28Mi   
websocket-server-56c97f4c7-t7zg4   4m    80Mi   
1781610481
websocket-server-56c97f4c7-49thr   4m    36Mi   
websocket-server-56c97f4c7-6pfgn   3m    33Mi   
websocket-server-56c97f4c7-6q5vs   9m    91Mi   
websocket-server-56c97f4c7-hzzrz   2m    30Mi   
websocket-server-56c97f4c7-k5q8f   3m    29Mi   
websocket-server-56c97f4c7-mg7n2   1m    28Mi   
websocket-server-56c97f4c7-rlqxp   1m    28Mi   
websocket-server-56c97f4c7-t7zg4   5m    79Mi   
1781610486
websocket-server-56c97f4c7-49thr   4m    36Mi   
websocket-server-56c97f4c7-6pfgn   3m    33Mi   
websocket-server-56c97f4c7-6q5vs   9m    91Mi   
websocket-server-56c97f4c7-hzzrz   2m    30Mi   
websocket-server-56c97f4c7-k5q8f   3m    29Mi   
websocket-server-56c97f4c7-mg7n2   1m    28Mi   
websocket-server-56c97f4c7-rlqxp   1m    28Mi   
websocket-server-56c97f4c7-t7zg4   5m    79Mi   
1781610491
websocket-server-56c97f4c7-49thr   4m    36Mi   
websocket-server-56c97f4c7-6pfgn   3m    33Mi   
websocket-server-56c97f4c7-6q5vs   9m    91Mi   
websocket-server-56c97f4c7-hzzrz   2m    30Mi   
websocket-server-56c97f4c7-k5q8f   3m    29Mi   
websocket-server-56c97f4c7-mg7n2   1m    28Mi   
websocket-server-56c97f4c7-rlqxp   1m    28Mi   
websocket-server-56c97f4c7-t7zg4   5m    79Mi   
1781610496
websocket-server-56c97f4c7-49thr   6m    35Mi   
websocket-server-56c97f4c7-6pfgn   3m    33Mi   
websocket-server-56c97f4c7-6q5vs   1m    91Mi   
websocket-server-56c97f4c7-hzzrz   3m    30Mi   
websocket-server-56c97f4c7-k5q8f   1m    29Mi   
websocket-server-56c97f4c7-mg7n2   1m    28Mi   
websocket-server-56c97f4c7-rlqxp   1m    28Mi   
websocket-server-56c97f4c7-t7zg4   5m    79Mi   
1781610501
websocket-server-56c97f4c7-49thr   6m    35Mi   
websocket-server-56c97f4c7-6pfgn   3m    33Mi   
websocket-server-56c97f4c7-6q5vs   1m    91Mi   
websocket-server-56c97f4c7-hzzrz   3m    30Mi   
websocket-server-56c97f4c7-k5q8f   1m    29Mi   
websocket-server-56c97f4c7-mg7n2   1m    28Mi   
websocket-server-56c97f4c7-rlqxp   1m    28Mi   
websocket-server-56c97f4c7-t7zg4   5m    79Mi   
1781610506
websocket-server-56c97f4c7-49thr   6m    35Mi   
websocket-server-56c97f4c7-6pfgn   3m    33Mi   
websocket-server-56c97f4c7-6q5vs   1m    91Mi   
websocket-server-56c97f4c7-hzzrz   3m    30Mi   
websocket-server-56c97f4c7-k5q8f   1m    29Mi   
websocket-server-56c97f4c7-mg7n2   1m    28Mi   
websocket-server-56c97f4c7-rlqxp   1m    28Mi   
websocket-server-56c97f4c7-t7zg4   5m    79Mi   
1781610511
websocket-server-56c97f4c7-49thr   1m    35Mi   
websocket-server-56c97f4c7-6pfgn   1m    33Mi   
websocket-server-56c97f4c7-6q5vs   1m    91Mi   
websocket-server-56c97f4c7-hzzrz   0m    30Mi   
websocket-server-56c97f4c7-k5q8f   1m    29Mi   
websocket-server-56c97f4c7-mg7n2   1m    28Mi   
websocket-server-56c97f4c7-rlqxp   0m    28Mi   
websocket-server-56c97f4c7-t7zg4   1m    79Mi   
1781610516
websocket-server-56c97f4c7-49thr   1m    35Mi   
websocket-server-56c97f4c7-6pfgn   1m    33Mi   
websocket-server-56c97f4c7-6q5vs   1m    91Mi   
websocket-server-56c97f4c7-hzzrz   0m    30Mi   
websocket-server-56c97f4c7-k5q8f   1m    29Mi   
websocket-server-56c97f4c7-mg7n2   1m    28Mi   
websocket-server-56c97f4c7-rlqxp   0m    28Mi   
websocket-server-56c97f4c7-t7zg4   1m    79Mi   
1781610521
websocket-server-56c97f4c7-49thr   1m    35Mi   
websocket-server-56c97f4c7-6pfgn   1m    33Mi   
websocket-server-56c97f4c7-6q5vs   1m    91Mi   
websocket-server-56c97f4c7-hzzrz   0m    30Mi   
websocket-server-56c97f4c7-k5q8f   1m    29Mi   
websocket-server-56c97f4c7-mg7n2   1m    28Mi   
websocket-server-56c97f4c7-rlqxp   0m    28Mi   
websocket-server-56c97f4c7-t7zg4   1m    79Mi   
1781610526
websocket-server-56c97f4c7-49thr   1m    35Mi   
websocket-server-56c97f4c7-6pfgn   1m    33Mi   
websocket-server-56c97f4c7-6q5vs   1m    91Mi   
websocket-server-56c97f4c7-hzzrz   1m    30Mi   
websocket-server-56c97f4c7-k5q8f   1m    29Mi   
websocket-server-56c97f4c7-mg7n2   1m    28Mi   
websocket-server-56c97f4c7-rlqxp   1m    28Mi   
websocket-server-56c97f4c7-t7zg4   1m    79Mi   
1781610531
websocket-server-56c97f4c7-49thr   1m    35Mi   
websocket-server-56c97f4c7-6pfgn   1m    33Mi   
websocket-server-56c97f4c7-6q5vs   1m    91Mi   
websocket-server-56c97f4c7-hzzrz   1m    30Mi   
websocket-server-56c97f4c7-k5q8f   1m    29Mi   
websocket-server-56c97f4c7-mg7n2   1m    28Mi   
websocket-server-56c97f4c7-rlqxp   1m    28Mi   
websocket-server-56c97f4c7-t7zg4   1m    79Mi   
1781610536
websocket-server-56c97f4c7-49thr   1m    35Mi   
websocket-server-56c97f4c7-6pfgn   1m    33Mi   
websocket-server-56c97f4c7-6q5vs   1m    91Mi   
websocket-server-56c97f4c7-hzzrz   1m    30Mi   
websocket-server-56c97f4c7-k5q8f   1m    29Mi   
websocket-server-56c97f4c7-mg7n2   1m    28Mi   
websocket-server-56c97f4c7-rlqxp   1m    28Mi   
websocket-server-56c97f4c7-t7zg4   1m    79Mi   
1781610541
websocket-server-56c97f4c7-49thr   1m    35Mi   
websocket-server-56c97f4c7-6pfgn   1m    33Mi   
websocket-server-56c97f4c7-6q5vs   1m    91Mi   
websocket-server-56c97f4c7-hzzrz   1m    30Mi   
websocket-server-56c97f4c7-k5q8f   1m    29Mi   
websocket-server-56c97f4c7-mg7n2   1m    28Mi   
websocket-server-56c97f4c7-rlqxp   1m    28Mi   
websocket-server-56c97f4c7-t7zg4   1m    79Mi   
1781610547
websocket-server-56c97f4c7-49thr   1m    35Mi   
websocket-server-56c97f4c7-6pfgn   1m    33Mi   
websocket-server-56c97f4c7-6q5vs   1m    91Mi   
websocket-server-56c97f4c7-hzzrz   1m    30Mi   
websocket-server-56c97f4c7-k5q8f   1m    29Mi   
websocket-server-56c97f4c7-mg7n2   1m    28Mi   
websocket-server-56c97f4c7-rlqxp   1m    28Mi   
websocket-server-56c97f4c7-t7zg4   1m    79Mi   
1781610552
websocket-server-56c97f4c7-49thr   1m    35Mi   
websocket-server-56c97f4c7-6pfgn   1m    33Mi   
websocket-server-56c97f4c7-6q5vs   1m    91Mi   
websocket-server-56c97f4c7-hzzrz   1m    30Mi   
websocket-server-56c97f4c7-k5q8f   1m    29Mi   
websocket-server-56c97f4c7-mg7n2   1m    28Mi   
websocket-server-56c97f4c7-rlqxp   1m    28Mi   
websocket-server-56c97f4c7-t7zg4   1m    79Mi   
1781610557
websocket-server-56c97f4c7-49thr   1m    35Mi   
websocket-server-56c97f4c7-6pfgn   1m    33Mi   
websocket-server-56c97f4c7-6q5vs   1m    91Mi   
websocket-server-56c97f4c7-hzzrz   1m    30Mi   
websocket-server-56c97f4c7-k5q8f   1m    29Mi   
websocket-server-56c97f4c7-mg7n2   1m    28Mi   
websocket-server-56c97f4c7-rlqxp   1m    28Mi   
websocket-server-56c97f4c7-t7zg4   1m    79Mi   
1781610562
websocket-server-56c97f4c7-49thr   1m    35Mi   
websocket-server-56c97f4c7-6pfgn   1m    33Mi   
websocket-server-56c97f4c7-6q5vs   1m    91Mi   
websocket-server-56c97f4c7-hzzrz   1m    30Mi   
websocket-server-56c97f4c7-k5q8f   1m    29Mi   
websocket-server-56c97f4c7-mg7n2   1m    28Mi   
websocket-server-56c97f4c7-rlqxp   1m    28Mi   
websocket-server-56c97f4c7-t7zg4   1m    79Mi   
1781610567
websocket-server-56c97f4c7-49thr   1m    35Mi   
websocket-server-56c97f4c7-6pfgn   1m    33Mi   
websocket-server-56c97f4c7-6q5vs   1m    91Mi   
websocket-server-56c97f4c7-hzzrz   1m    30Mi   
websocket-server-56c97f4c7-mg7n2   1m    28Mi   
websocket-server-56c97f4c7-rlqxp   1m    28Mi   
websocket-server-56c97f4c7-t7zg4   1m    79Mi   
1781610572
websocket-server-56c97f4c7-49thr   1m    35Mi   
websocket-server-56c97f4c7-6q5vs   1m    91Mi   
websocket-server-56c97f4c7-mg7n2   1m    28Mi   
websocket-server-56c97f4c7-rlqxp   1m    28Mi   
websocket-server-56c97f4c7-t7zg4   1m    79Mi   
1781610577
websocket-server-56c97f4c7-6q5vs   1m    91Mi   
websocket-server-56c97f4c7-mg7n2   1m    28Mi   
websocket-server-56c97f4c7-t7zg4   1m    79Mi   
1781610582
websocket-server-56c97f4c7-6q5vs   1m    91Mi   
websocket-server-56c97f4c7-t7zg4   1m    79Mi   
1781610587
websocket-server-56c97f4c7-6q5vs   1m    91Mi   
websocket-server-56c97f4c7-t7zg4   1m    79Mi   
1781610592
websocket-server-56c97f4c7-6q5vs   1m    91Mi   
websocket-server-56c97f4c7-t7zg4   1m    79Mi   
