1781618614
websocket-server-56c97f4c7-6q5vs   1m    95Mi   
websocket-server-56c97f4c7-t7zg4   1m    88Mi   
1781618619
websocket-server-56c97f4c7-6q5vs   1m    95Mi   
websocket-server-56c97f4c7-t7zg4   1m    88Mi   
1781618624
websocket-server-56c97f4c7-6q5vs   1m    95Mi   
websocket-server-56c97f4c7-t7zg4   1m    88Mi   
1781618629
websocket-server-56c97f4c7-6q5vs   1m    95Mi   
websocket-server-56c97f4c7-t7zg4   1m    88Mi   
1781618634
websocket-server-56c97f4c7-6q5vs   1m    95Mi   
websocket-server-56c97f4c7-t7zg4   1m    88Mi   
1781618639
websocket-server-56c97f4c7-6q5vs   1m    95Mi   
websocket-server-56c97f4c7-t7zg4   1m    88Mi   
1781618644
websocket-server-56c97f4c7-6q5vs   1m    95Mi   
websocket-server-56c97f4c7-t7zg4   1m    88Mi   
1781618649
websocket-server-56c97f4c7-6q5vs   1m    95Mi   
websocket-server-56c97f4c7-t7zg4   1m    88Mi   
1781618654
websocket-server-56c97f4c7-6q5vs   5m    96Mi   
websocket-server-56c97f4c7-t7zg4   6m    89Mi   
1781618659
websocket-server-56c97f4c7-6q5vs   5m    96Mi   
websocket-server-56c97f4c7-t7zg4   6m    89Mi   
1781618664
websocket-server-56c97f4c7-6q5vs   5m    96Mi   
websocket-server-56c97f4c7-t7zg4   6m    89Mi   
1781618669
websocket-server-56c97f4c7-6q5vs   8m    96Mi   
websocket-server-56c97f4c7-t7zg4   6m    89Mi   
1781618675
websocket-server-56c97f4c7-6q5vs   8m    96Mi   
websocket-server-56c97f4c7-t7zg4   6m    89Mi   
1781618680
websocket-server-56c97f4c7-6q5vs   8m    96Mi   
websocket-server-56c97f4c7-t7zg4   6m    89Mi   
1781618685
websocket-server-56c97f4c7-6q5vs   10m   96Mi   
websocket-server-56c97f4c7-7hxdf   4m    29Mi   
websocket-server-56c97f4c7-t7zg4   11m   89Mi   
1781618690
websocket-server-56c97f4c7-6q5vs   10m   96Mi   
websocket-server-56c97f4c7-7hxdf   4m    29Mi   
websocket-server-56c97f4c7-t7zg4   11m   89Mi   
1781618695
websocket-server-56c97f4c7-6q5vs   10m   96Mi   
websocket-server-56c97f4c7-7hxdf   4m    29Mi   
websocket-server-56c97f4c7-t7zg4   11m   89Mi   
1781618700
websocket-server-56c97f4c7-6q5vs   13m   96Mi   
websocket-server-56c97f4c7-7hxdf   6m    32Mi   
websocket-server-56c97f4c7-kwwgc   18m   28Mi   
websocket-server-56c97f4c7-t7zg4   13m   89Mi   
1781618705
websocket-server-56c97f4c7-6q5vs   13m   96Mi   
websocket-server-56c97f4c7-7hxdf   6m    32Mi   
websocket-server-56c97f4c7-kwwgc   18m   28Mi   
websocket-server-56c97f4c7-t7zg4   13m   89Mi   
1781618710
websocket-server-56c97f4c7-6q5vs   13m   96Mi   
websocket-server-56c97f4c7-7hxdf   6m    32Mi   
websocket-server-56c97f4c7-kwwgc   18m   28Mi   
websocket-server-56c97f4c7-t7zg4   13m   89Mi   
1781618715
websocket-server-56c97f4c7-2t8lh   23m   28Mi   
websocket-server-56c97f4c7-6ckv5   18m   28Mi   
websocket-server-56c97f4c7-6q5vs   15m   96Mi   
websocket-server-56c97f4c7-7hxdf   8m    34Mi   
websocket-server-56c97f4c7-kwwgc   4m    31Mi   
websocket-server-56c97f4c7-t7zg4   14m   89Mi   
1781618720
websocket-server-56c97f4c7-2t8lh   23m   28Mi   
websocket-server-56c97f4c7-6ckv5   18m   28Mi   
websocket-server-56c97f4c7-6q5vs   15m   96Mi   
websocket-server-56c97f4c7-7hxdf   8m    34Mi   
websocket-server-56c97f4c7-kwwgc   4m    31Mi   
websocket-server-56c97f4c7-t7zg4   14m   89Mi   
1781618725
websocket-server-56c97f4c7-2t8lh   23m   28Mi   
websocket-server-56c97f4c7-6ckv5   18m   28Mi   
websocket-server-56c97f4c7-6q5vs   15m   96Mi   
websocket-server-56c97f4c7-7hxdf   8m    34Mi   
websocket-server-56c97f4c7-kwwgc   4m    31Mi   
websocket-server-56c97f4c7-t7zg4   14m   89Mi   
1781618730
websocket-server-56c97f4c7-2t8lh   2m    28Mi   
websocket-server-56c97f4c7-6ckv5   3m    29Mi   
websocket-server-56c97f4c7-6q5vs   15m   96Mi   
websocket-server-56c97f4c7-7hxdf   8m    35Mi   
websocket-server-56c97f4c7-kwwgc   4m    31Mi   
websocket-server-56c97f4c7-t7zg4   14m   89Mi   
websocket-server-56c97f4c7-vwhm5   2m    28Mi   
1781618735
websocket-server-56c97f4c7-2t8lh   2m    28Mi   
websocket-server-56c97f4c7-6ckv5   3m    29Mi   
websocket-server-56c97f4c7-6q5vs   15m   96Mi   
websocket-server-56c97f4c7-7hxdf   8m    35Mi   
websocket-server-56c97f4c7-kwwgc   4m    31Mi   
websocket-server-56c97f4c7-t7zg4   14m   89Mi   
websocket-server-56c97f4c7-vwhm5   2m    28Mi   
1781618740
websocket-server-56c97f4c7-2t8lh   2m    28Mi   
websocket-server-56c97f4c7-6ckv5   3m    29Mi   
websocket-server-56c97f4c7-6q5vs   15m   96Mi   
websocket-server-56c97f4c7-7hxdf   8m    35Mi   
websocket-server-56c97f4c7-kwwgc   4m    31Mi   
websocket-server-56c97f4c7-t7zg4   14m   89Mi   
websocket-server-56c97f4c7-vwhm5   2m    28Mi   
1781618745
websocket-server-56c97f4c7-2t8lh   2m    28Mi   
websocket-server-56c97f4c7-6ckv5   3m    29Mi   
websocket-server-56c97f4c7-6q5vs   14m   96Mi   
websocket-server-56c97f4c7-7hxdf   8m    35Mi   
websocket-server-56c97f4c7-kwwgc   5m    31Mi   
websocket-server-56c97f4c7-t7zg4   15m   89Mi   
websocket-server-56c97f4c7-vj98r   16m   27Mi   
websocket-server-56c97f4c7-vwhm5   1m    28Mi   
1781618750
websocket-server-56c97f4c7-2t8lh   2m    28Mi   
websocket-server-56c97f4c7-6ckv5   3m    29Mi   
websocket-server-56c97f4c7-6q5vs   14m   96Mi   
websocket-server-56c97f4c7-7hxdf   8m    35Mi   
websocket-server-56c97f4c7-kwwgc   5m    31Mi   
websocket-server-56c97f4c7-t7zg4   15m   89Mi   
websocket-server-56c97f4c7-vj98r   16m   27Mi   
websocket-server-56c97f4c7-vwhm5   1m    28Mi   
1781618755
websocket-server-56c97f4c7-2t8lh   2m    28Mi   
websocket-server-56c97f4c7-6ckv5   3m    29Mi   
websocket-server-56c97f4c7-6q5vs   14m   96Mi   
websocket-server-56c97f4c7-7hxdf   8m    35Mi   
websocket-server-56c97f4c7-kwwgc   5m    31Mi   
websocket-server-56c97f4c7-t7zg4   15m   89Mi   
websocket-server-56c97f4c7-vj98r   16m   27Mi   
websocket-server-56c97f4c7-vwhm5   1m    28Mi   
1781618760
websocket-server-56c97f4c7-2t8lh   2m    28Mi   
websocket-server-56c97f4c7-6ckv5   3m    29Mi   
websocket-server-56c97f4c7-6q5vs   14m   96Mi   
websocket-server-56c97f4c7-7hxdf   8m    35Mi   
websocket-server-56c97f4c7-kwwgc   5m    31Mi   
websocket-server-56c97f4c7-t7zg4   13m   90Mi   
websocket-server-56c97f4c7-vj98r   1m    27Mi   
websocket-server-56c97f4c7-vwhm5   1m    28Mi   
1781618765
websocket-server-56c97f4c7-2t8lh   2m    28Mi   
websocket-server-56c97f4c7-6ckv5   3m    29Mi   
websocket-server-56c97f4c7-6q5vs   14m   96Mi   
websocket-server-56c97f4c7-7hxdf   8m    35Mi   
websocket-server-56c97f4c7-kwwgc   5m    31Mi   
websocket-server-56c97f4c7-t7zg4   13m   90Mi   
websocket-server-56c97f4c7-vj98r   1m    27Mi   
websocket-server-56c97f4c7-vwhm5   1m    28Mi   
1781618770
websocket-server-56c97f4c7-2t8lh   2m    28Mi   
websocket-server-56c97f4c7-6ckv5   3m    29Mi   
websocket-server-56c97f4c7-6q5vs   14m   96Mi   
websocket-server-56c97f4c7-7hxdf   8m    35Mi   
websocket-server-56c97f4c7-kwwgc   5m    31Mi   
websocket-server-56c97f4c7-t7zg4   13m   90Mi   
websocket-server-56c97f4c7-vj98r   1m    27Mi   
websocket-server-56c97f4c7-vwhm5   1m    28Mi   
1781618776
websocket-server-56c97f4c7-2t8lh   1m    28Mi   
websocket-server-56c97f4c7-6ckv5   2m    29Mi   
websocket-server-56c97f4c7-6q5vs   9m    96Mi   
websocket-server-56c97f4c7-7hxdf   4m    35Mi   
websocket-server-56c97f4c7-kwwgc   3m    31Mi   
websocket-server-56c97f4c7-t7zg4   5m    89Mi   
websocket-server-56c97f4c7-vj98r   1m    27Mi   
websocket-server-56c97f4c7-vwhm5   1m    28Mi   
1781618781
websocket-server-56c97f4c7-2t8lh   1m    28Mi   
websocket-server-56c97f4c7-6ckv5   2m    29Mi   
websocket-server-56c97f4c7-6q5vs   9m    96Mi   
websocket-server-56c97f4c7-7hxdf   4m    35Mi   
websocket-server-56c97f4c7-kwwgc   3m    31Mi   
websocket-server-56c97f4c7-t7zg4   5m    89Mi   
websocket-server-56c97f4c7-vj98r   1m    27Mi   
websocket-server-56c97f4c7-vwhm5   1m    28Mi   
1781618786
websocket-server-56c97f4c7-2t8lh   1m    28Mi   
websocket-server-56c97f4c7-6ckv5   2m    29Mi   
websocket-server-56c97f4c7-6q5vs   9m    96Mi   
websocket-server-56c97f4c7-7hxdf   4m    35Mi   
websocket-server-56c97f4c7-kwwgc   3m    31Mi   
websocket-server-56c97f4c7-t7zg4   5m    89Mi   
websocket-server-56c97f4c7-vj98r   1m    27Mi   
websocket-server-56c97f4c7-vwhm5   1m    28Mi   
1781618791
websocket-server-56c97f4c7-2t8lh   1m    28Mi   
websocket-server-56c97f4c7-6ckv5   1m    29Mi   
websocket-server-56c97f4c7-6q5vs   5m    96Mi   
websocket-server-56c97f4c7-7hxdf   3m    34Mi   
websocket-server-56c97f4c7-kwwgc   3m    31Mi   
websocket-server-56c97f4c7-t7zg4   5m    89Mi   
websocket-server-56c97f4c7-vj98r   1m    27Mi   
websocket-server-56c97f4c7-vwhm5   1m    28Mi   
1781618796
websocket-server-56c97f4c7-2t8lh   1m    28Mi   
websocket-server-56c97f4c7-6ckv5   1m    29Mi   
websocket-server-56c97f4c7-6q5vs   5m    96Mi   
websocket-server-56c97f4c7-7hxdf   3m    34Mi   
websocket-server-56c97f4c7-kwwgc   3m    31Mi   
websocket-server-56c97f4c7-t7zg4   5m    89Mi   
websocket-server-56c97f4c7-vj98r   1m    27Mi   
websocket-server-56c97f4c7-vwhm5   1m    28Mi   
1781618801
websocket-server-56c97f4c7-2t8lh   1m    28Mi   
websocket-server-56c97f4c7-6ckv5   1m    29Mi   
websocket-server-56c97f4c7-6q5vs   5m    96Mi   
websocket-server-56c97f4c7-7hxdf   3m    34Mi   
websocket-server-56c97f4c7-kwwgc   3m    31Mi   
websocket-server-56c97f4c7-t7zg4   5m    89Mi   
websocket-server-56c97f4c7-vj98r   1m    27Mi   
websocket-server-56c97f4c7-vwhm5   1m    28Mi   
1781618806
websocket-server-56c97f4c7-2t8lh   1m    28Mi   
websocket-server-56c97f4c7-6ckv5   1m    29Mi   
websocket-server-56c97f4c7-6q5vs   5m    96Mi   
websocket-server-56c97f4c7-7hxdf   3m    35Mi   
websocket-server-56c97f4c7-kwwgc   2m    31Mi   
websocket-server-56c97f4c7-t7zg4   5m    89Mi   
websocket-server-56c97f4c7-vj98r   1m    27Mi   
websocket-server-56c97f4c7-vwhm5   1m    28Mi   
1781618811
websocket-server-56c97f4c7-2t8lh   1m    28Mi   
websocket-server-56c97f4c7-6ckv5   1m    29Mi   
websocket-server-56c97f4c7-6q5vs   5m    96Mi   
websocket-server-56c97f4c7-7hxdf   3m    35Mi   
websocket-server-56c97f4c7-kwwgc   2m    31Mi   
websocket-server-56c97f4c7-t7zg4   5m    89Mi   
websocket-server-56c97f4c7-vj98r   1m    27Mi   
websocket-server-56c97f4c7-vwhm5   1m    28Mi   
1781618816
websocket-server-56c97f4c7-2t8lh   1m    28Mi   
websocket-server-56c97f4c7-6ckv5   1m    29Mi   
websocket-server-56c97f4c7-6q5vs   5m    96Mi   
websocket-server-56c97f4c7-7hxdf   3m    35Mi   
websocket-server-56c97f4c7-kwwgc   2m    31Mi   
websocket-server-56c97f4c7-t7zg4   5m    89Mi   
websocket-server-56c97f4c7-vj98r   1m    27Mi   
websocket-server-56c97f4c7-vwhm5   1m    28Mi   
1781618821
websocket-server-56c97f4c7-2t8lh   2m    28Mi   
websocket-server-56c97f4c7-6ckv5   1m    29Mi   
websocket-server-56c97f4c7-6q5vs   12m   95Mi   
websocket-server-56c97f4c7-7hxdf   4m    34Mi   
websocket-server-56c97f4c7-kwwgc   2m    31Mi   
websocket-server-56c97f4c7-t7zg4   9m    88Mi   
websocket-server-56c97f4c7-vj98r   1m    27Mi   
websocket-server-56c97f4c7-vwhm5   1m    28Mi   
1781618826
websocket-server-56c97f4c7-2t8lh   2m    28Mi   
websocket-server-56c97f4c7-6ckv5   1m    29Mi   
websocket-server-56c97f4c7-6q5vs   12m   95Mi   
websocket-server-56c97f4c7-7hxdf   4m    34Mi   
websocket-server-56c97f4c7-kwwgc   2m    31Mi   
websocket-server-56c97f4c7-t7zg4   9m    88Mi   
websocket-server-56c97f4c7-vj98r   1m    27Mi   
websocket-server-56c97f4c7-vwhm5   1m    28Mi   
1781618831
websocket-server-56c97f4c7-2t8lh   2m    28Mi   
websocket-server-56c97f4c7-6ckv5   1m    29Mi   
websocket-server-56c97f4c7-6q5vs   12m   95Mi   
websocket-server-56c97f4c7-7hxdf   4m    34Mi   
websocket-server-56c97f4c7-kwwgc   2m    31Mi   
websocket-server-56c97f4c7-t7zg4   9m    88Mi   
websocket-server-56c97f4c7-vj98r   1m    27Mi   
websocket-server-56c97f4c7-vwhm5   1m    28Mi   
1781618836
websocket-server-56c97f4c7-2t8lh   1m    28Mi   
websocket-server-56c97f4c7-6ckv5   2m    29Mi   
websocket-server-56c97f4c7-6q5vs   1m    95Mi   
websocket-server-56c97f4c7-7hxdf   4m    34Mi   
websocket-server-56c97f4c7-kwwgc   2m    31Mi   
websocket-server-56c97f4c7-t7zg4   1m    88Mi   
websocket-server-56c97f4c7-vj98r   0m    27Mi   
websocket-server-56c97f4c7-vwhm5   1m    28Mi   
1781618841
websocket-server-56c97f4c7-2t8lh   1m    28Mi   
websocket-server-56c97f4c7-6ckv5   2m    29Mi   
websocket-server-56c97f4c7-6q5vs   1m    95Mi   
websocket-server-56c97f4c7-7hxdf   4m    34Mi   
websocket-server-56c97f4c7-kwwgc   2m    31Mi   
websocket-server-56c97f4c7-t7zg4   1m    88Mi   
websocket-server-56c97f4c7-vj98r   0m    27Mi   
websocket-server-56c97f4c7-vwhm5   1m    28Mi   
1781618846
websocket-server-56c97f4c7-2t8lh   1m    28Mi   
websocket-server-56c97f4c7-6ckv5   2m    29Mi   
websocket-server-56c97f4c7-6q5vs   1m    95Mi   
websocket-server-56c97f4c7-7hxdf   4m    34Mi   
websocket-server-56c97f4c7-kwwgc   2m    31Mi   
websocket-server-56c97f4c7-t7zg4   1m    88Mi   
websocket-server-56c97f4c7-vj98r   0m    27Mi   
websocket-server-56c97f4c7-vwhm5   1m    28Mi   
1781618851
websocket-server-56c97f4c7-2t8lh   0m    28Mi   
websocket-server-56c97f4c7-6ckv5   1m    29Mi   
websocket-server-56c97f4c7-6q5vs   1m    95Mi   
websocket-server-56c97f4c7-7hxdf   1m    34Mi   
websocket-server-56c97f4c7-kwwgc   1m    31Mi   
websocket-server-56c97f4c7-t7zg4   1m    88Mi   
websocket-server-56c97f4c7-vj98r   1m    27Mi   
websocket-server-56c97f4c7-vwhm5   1m    28Mi   
1781618856
websocket-server-56c97f4c7-2t8lh   0m    28Mi   
websocket-server-56c97f4c7-6ckv5   1m    29Mi   
websocket-server-56c97f4c7-6q5vs   1m    95Mi   
websocket-server-56c97f4c7-7hxdf   1m    34Mi   
websocket-server-56c97f4c7-kwwgc   1m    31Mi   
websocket-server-56c97f4c7-t7zg4   1m    88Mi   
websocket-server-56c97f4c7-vj98r   1m    27Mi   
websocket-server-56c97f4c7-vwhm5   1m    28Mi   
1781618861
websocket-server-56c97f4c7-2t8lh   0m    28Mi   
websocket-server-56c97f4c7-6ckv5   1m    29Mi   
websocket-server-56c97f4c7-6q5vs   1m    95Mi   
websocket-server-56c97f4c7-7hxdf   1m    34Mi   
websocket-server-56c97f4c7-kwwgc   1m    31Mi   
websocket-server-56c97f4c7-t7zg4   1m    88Mi   
websocket-server-56c97f4c7-vj98r   1m    27Mi   
websocket-server-56c97f4c7-vwhm5   1m    28Mi   
1781618866
websocket-server-56c97f4c7-2t8lh   1m    28Mi   
websocket-server-56c97f4c7-6ckv5   1m    29Mi   
websocket-server-56c97f4c7-6q5vs   1m    95Mi   
websocket-server-56c97f4c7-7hxdf   1m    35Mi   
websocket-server-56c97f4c7-kwwgc   1m    31Mi   
websocket-server-56c97f4c7-t7zg4   1m    88Mi   
websocket-server-56c97f4c7-vj98r   1m    28Mi   
websocket-server-56c97f4c7-vwhm5   1m    28Mi   
1781618871
websocket-server-56c97f4c7-2t8lh   1m    28Mi   
websocket-server-56c97f4c7-6ckv5   1m    29Mi   
websocket-server-56c97f4c7-6q5vs   1m    95Mi   
websocket-server-56c97f4c7-7hxdf   1m    35Mi   
websocket-server-56c97f4c7-kwwgc   1m    31Mi   
websocket-server-56c97f4c7-t7zg4   1m    88Mi   
websocket-server-56c97f4c7-vj98r   1m    28Mi   
websocket-server-56c97f4c7-vwhm5   1m    28Mi   
1781618876
websocket-server-56c97f4c7-2t8lh   1m    28Mi   
websocket-server-56c97f4c7-6ckv5   1m    29Mi   
websocket-server-56c97f4c7-6q5vs   1m    95Mi   
websocket-server-56c97f4c7-7hxdf   1m    35Mi   
websocket-server-56c97f4c7-kwwgc   1m    31Mi   
websocket-server-56c97f4c7-t7zg4   1m    88Mi   
websocket-server-56c97f4c7-vj98r   1m    28Mi   
websocket-server-56c97f4c7-vwhm5   1m    28Mi   
1781618882
websocket-server-56c97f4c7-2t8lh   1m    28Mi   
websocket-server-56c97f4c7-6ckv5   1m    29Mi   
websocket-server-56c97f4c7-6q5vs   1m    95Mi   
websocket-server-56c97f4c7-7hxdf   1m    35Mi   
websocket-server-56c97f4c7-kwwgc   1m    31Mi   
websocket-server-56c97f4c7-t7zg4   1m    88Mi   
websocket-server-56c97f4c7-vj98r   1m    27Mi   
websocket-server-56c97f4c7-vwhm5   1m    28Mi   
1781618887
websocket-server-56c97f4c7-2t8lh   1m    28Mi   
websocket-server-56c97f4c7-6ckv5   1m    29Mi   
websocket-server-56c97f4c7-6q5vs   1m    95Mi   
websocket-server-56c97f4c7-7hxdf   1m    35Mi   
websocket-server-56c97f4c7-kwwgc   1m    31Mi   
websocket-server-56c97f4c7-t7zg4   1m    88Mi   
websocket-server-56c97f4c7-vj98r   1m    27Mi   
websocket-server-56c97f4c7-vwhm5   1m    28Mi   
1781618892
websocket-server-56c97f4c7-2t8lh   1m    28Mi   
websocket-server-56c97f4c7-6ckv5   1m    29Mi   
websocket-server-56c97f4c7-6q5vs   1m    95Mi   
websocket-server-56c97f4c7-7hxdf   1m    35Mi   
websocket-server-56c97f4c7-kwwgc   1m    31Mi   
websocket-server-56c97f4c7-t7zg4   1m    88Mi   
websocket-server-56c97f4c7-vj98r   1m    27Mi   
websocket-server-56c97f4c7-vwhm5   1m    28Mi   
1781618897
websocket-server-56c97f4c7-2t8lh   1m    28Mi   
websocket-server-56c97f4c7-6ckv5   1m    30Mi   
websocket-server-56c97f4c7-6q5vs   1m    95Mi   
websocket-server-56c97f4c7-7hxdf   2m    36Mi   
websocket-server-56c97f4c7-kwwgc   2m    32Mi   
websocket-server-56c97f4c7-t7zg4   1m    88Mi   
websocket-server-56c97f4c7-vj98r   2m    28Mi   
websocket-server-56c97f4c7-vwhm5   2m    29Mi   
1781618902
websocket-server-56c97f4c7-2t8lh   1m    28Mi   
websocket-server-56c97f4c7-6ckv5   1m    30Mi   
websocket-server-56c97f4c7-6q5vs   1m    95Mi   
websocket-server-56c97f4c7-7hxdf   2m    36Mi   
websocket-server-56c97f4c7-kwwgc   2m    32Mi   
websocket-server-56c97f4c7-t7zg4   1m    88Mi   
websocket-server-56c97f4c7-vj98r   2m    28Mi   
websocket-server-56c97f4c7-vwhm5   2m    29Mi   
1781618907
websocket-server-56c97f4c7-2t8lh   1m    28Mi   
websocket-server-56c97f4c7-6ckv5   1m    30Mi   
websocket-server-56c97f4c7-6q5vs   1m    95Mi   
websocket-server-56c97f4c7-7hxdf   2m    36Mi   
websocket-server-56c97f4c7-kwwgc   2m    32Mi   
websocket-server-56c97f4c7-t7zg4   1m    88Mi   
websocket-server-56c97f4c7-vj98r   2m    28Mi   
websocket-server-56c97f4c7-vwhm5   2m    29Mi   
1781618912
websocket-server-56c97f4c7-2t8lh   3m    30Mi   
websocket-server-56c97f4c7-6ckv5   2m    31Mi   
websocket-server-56c97f4c7-6q5vs   3m    95Mi   
websocket-server-56c97f4c7-7hxdf   2m    36Mi   
websocket-server-56c97f4c7-kwwgc   3m    32Mi   
websocket-server-56c97f4c7-t7zg4   2m    89Mi   
websocket-server-56c97f4c7-vj98r   2m    28Mi   
websocket-server-56c97f4c7-vwhm5   3m    30Mi   
1781618917
websocket-server-56c97f4c7-2t8lh   3m    30Mi   
websocket-server-56c97f4c7-6ckv5   2m    31Mi   
websocket-server-56c97f4c7-6q5vs   3m    95Mi   
websocket-server-56c97f4c7-7hxdf   2m    36Mi   
websocket-server-56c97f4c7-kwwgc   3m    32Mi   
websocket-server-56c97f4c7-t7zg4   2m    89Mi   
websocket-server-56c97f4c7-vj98r   2m    28Mi   
websocket-server-56c97f4c7-vwhm5   3m    30Mi   
1781618922
websocket-server-56c97f4c7-2t8lh   3m    30Mi   
websocket-server-56c97f4c7-6ckv5   2m    31Mi   
websocket-server-56c97f4c7-6q5vs   3m    95Mi   
websocket-server-56c97f4c7-7hxdf   2m    36Mi   
websocket-server-56c97f4c7-kwwgc   3m    32Mi   
websocket-server-56c97f4c7-t7zg4   2m    89Mi   
websocket-server-56c97f4c7-vj98r   2m    28Mi   
websocket-server-56c97f4c7-vwhm5   3m    30Mi   
1781618927
websocket-server-56c97f4c7-2t8lh   4m    32Mi   
websocket-server-56c97f4c7-6ckv5   3m    32Mi   
websocket-server-56c97f4c7-6q5vs   3m    96Mi   
websocket-server-56c97f4c7-7hxdf   3m    37Mi   
websocket-server-56c97f4c7-kwwgc   3m    32Mi   
websocket-server-56c97f4c7-t7zg4   3m    88Mi   
websocket-server-56c97f4c7-vj98r   4m    30Mi   
websocket-server-56c97f4c7-vwhm5   4m    31Mi   
1781618932
websocket-server-56c97f4c7-2t8lh   4m    32Mi   
websocket-server-56c97f4c7-6ckv5   3m    32Mi   
websocket-server-56c97f4c7-6q5vs   3m    96Mi   
websocket-server-56c97f4c7-7hxdf   3m    37Mi   
websocket-server-56c97f4c7-kwwgc   3m    32Mi   
websocket-server-56c97f4c7-t7zg4   3m    88Mi   
websocket-server-56c97f4c7-vj98r   4m    30Mi   
websocket-server-56c97f4c7-vwhm5   4m    31Mi   
1781618937
websocket-server-56c97f4c7-2t8lh   5m    32Mi   
websocket-server-56c97f4c7-6ckv5   5m    32Mi   
websocket-server-56c97f4c7-6q5vs   4m    95Mi   
websocket-server-56c97f4c7-7hxdf   4m    37Mi   
websocket-server-56c97f4c7-kwwgc   4m    32Mi   
websocket-server-56c97f4c7-t7zg4   4m    89Mi   
websocket-server-56c97f4c7-vj98r   4m    31Mi   
websocket-server-56c97f4c7-vwhm5   5m    32Mi   
1781618942
websocket-server-56c97f4c7-2t8lh   5m    32Mi   
websocket-server-56c97f4c7-6ckv5   5m    32Mi   
websocket-server-56c97f4c7-6q5vs   4m    95Mi   
websocket-server-56c97f4c7-7hxdf   4m    37Mi   
websocket-server-56c97f4c7-kwwgc   4m    32Mi   
websocket-server-56c97f4c7-t7zg4   4m    89Mi   
websocket-server-56c97f4c7-vj98r   4m    31Mi   
websocket-server-56c97f4c7-vwhm5   5m    32Mi   
1781618947
websocket-server-56c97f4c7-2t8lh   5m    32Mi   
websocket-server-56c97f4c7-6ckv5   5m    32Mi   
websocket-server-56c97f4c7-6q5vs   4m    95Mi   
websocket-server-56c97f4c7-7hxdf   4m    37Mi   
websocket-server-56c97f4c7-kwwgc   4m    32Mi   
websocket-server-56c97f4c7-t7zg4   4m    89Mi   
websocket-server-56c97f4c7-vj98r   4m    31Mi   
websocket-server-56c97f4c7-vwhm5   5m    32Mi   
1781618952
websocket-server-56c97f4c7-2t8lh   6m    32Mi   
websocket-server-56c97f4c7-6ckv5   5m    33Mi   
websocket-server-56c97f4c7-6q5vs   6m    96Mi   
websocket-server-56c97f4c7-7hxdf   6m    37Mi   
websocket-server-56c97f4c7-kwwgc   5m    32Mi   
websocket-server-56c97f4c7-t7zg4   6m    89Mi   
websocket-server-56c97f4c7-vj98r   5m    31Mi   
websocket-server-56c97f4c7-vwhm5   6m    32Mi   
1781618957
websocket-server-56c97f4c7-2t8lh   6m    32Mi   
websocket-server-56c97f4c7-6ckv5   5m    33Mi   
websocket-server-56c97f4c7-6q5vs   6m    96Mi   
websocket-server-56c97f4c7-7hxdf   6m    37Mi   
websocket-server-56c97f4c7-kwwgc   5m    32Mi   
websocket-server-56c97f4c7-t7zg4   6m    89Mi   
websocket-server-56c97f4c7-vj98r   5m    31Mi   
websocket-server-56c97f4c7-vwhm5   6m    32Mi   
1781618962
websocket-server-56c97f4c7-2t8lh   6m    32Mi   
websocket-server-56c97f4c7-6ckv5   5m    33Mi   
websocket-server-56c97f4c7-6q5vs   6m    96Mi   
websocket-server-56c97f4c7-7hxdf   6m    37Mi   
websocket-server-56c97f4c7-kwwgc   5m    32Mi   
websocket-server-56c97f4c7-t7zg4   6m    89Mi   
websocket-server-56c97f4c7-vj98r   5m    31Mi   
websocket-server-56c97f4c7-vwhm5   6m    32Mi   
1781618967
websocket-server-56c97f4c7-6ckv5   6m    33Mi   
websocket-server-56c97f4c7-6q5vs   7m    95Mi   
websocket-server-56c97f4c7-7hxdf   6m    38Mi   
websocket-server-56c97f4c7-8fc24   1m    28Mi   
websocket-server-56c97f4c7-t7zg4   6m    89Mi   
websocket-server-56c97f4c7-vj98r   7m    33Mi   
websocket-server-56c97f4c7-vwhm5   7m    34Mi   
1781618972
websocket-server-56c97f4c7-6ckv5   6m    33Mi   
websocket-server-56c97f4c7-6q5vs   7m    95Mi   
websocket-server-56c97f4c7-7hxdf   6m    38Mi   
websocket-server-56c97f4c7-8fc24   1m    28Mi   
websocket-server-56c97f4c7-t7zg4   6m    89Mi   
websocket-server-56c97f4c7-vj98r   7m    33Mi   
websocket-server-56c97f4c7-vwhm5   7m    34Mi   
1781618978
websocket-server-56c97f4c7-6ckv5   6m    33Mi   
websocket-server-56c97f4c7-6q5vs   7m    95Mi   
websocket-server-56c97f4c7-7hxdf   6m    38Mi   
websocket-server-56c97f4c7-8fc24   1m    28Mi   
websocket-server-56c97f4c7-t7zg4   6m    89Mi   
websocket-server-56c97f4c7-vj98r   7m    33Mi   
websocket-server-56c97f4c7-vwhm5   7m    34Mi   
1781618983
websocket-server-56c97f4c7-6ckv5   7m    34Mi   
websocket-server-56c97f4c7-6q5vs   8m    96Mi   
websocket-server-56c97f4c7-7hxdf   7m    38Mi   
websocket-server-56c97f4c7-8fc24   3m    28Mi   
websocket-server-56c97f4c7-dbjq7   3m    28Mi   
websocket-server-56c97f4c7-t7zg4   8m    88Mi   
websocket-server-56c97f4c7-vj98r   8m    35Mi   
websocket-server-56c97f4c7-vwhm5   8m    36Mi   
1781618988
websocket-server-56c97f4c7-6ckv5   7m    34Mi   
websocket-server-56c97f4c7-6q5vs   8m    96Mi   
websocket-server-56c97f4c7-7hxdf   7m    38Mi   
websocket-server-56c97f4c7-8fc24   3m    28Mi   
websocket-server-56c97f4c7-dbjq7   3m    28Mi   
websocket-server-56c97f4c7-t7zg4   8m    88Mi   
websocket-server-56c97f4c7-vj98r   8m    35Mi   
websocket-server-56c97f4c7-vwhm5   8m    36Mi   
1781618993
websocket-server-56c97f4c7-6ckv5   7m    34Mi   
websocket-server-56c97f4c7-6q5vs   8m    96Mi   
websocket-server-56c97f4c7-7hxdf   7m    38Mi   
websocket-server-56c97f4c7-8fc24   3m    28Mi   
websocket-server-56c97f4c7-dbjq7   3m    28Mi   
websocket-server-56c97f4c7-t7zg4   8m    88Mi   
websocket-server-56c97f4c7-vj98r   8m    35Mi   
websocket-server-56c97f4c7-vwhm5   8m    36Mi   
1781618998
websocket-server-56c97f4c7-6ckv5   6m    33Mi   
websocket-server-56c97f4c7-6q5vs   7m    96Mi   
websocket-server-56c97f4c7-7hxdf   5m    39Mi   
websocket-server-56c97f4c7-8fc24   2m    28Mi   
websocket-server-56c97f4c7-dbjq7   2m    28Mi   
websocket-server-56c97f4c7-rvv48   1m    27Mi   
websocket-server-56c97f4c7-t7zg4   8m    88Mi   
websocket-server-56c97f4c7-vj98r   7m    35Mi   
websocket-server-56c97f4c7-vwhm5   8m    35Mi   
1781619003
websocket-server-56c97f4c7-6ckv5   6m    33Mi   
websocket-server-56c97f4c7-6q5vs   7m    96Mi   
websocket-server-56c97f4c7-7hxdf   5m    39Mi   
websocket-server-56c97f4c7-8fc24   2m    28Mi   
websocket-server-56c97f4c7-dbjq7   2m    28Mi   
websocket-server-56c97f4c7-rvv48   1m    27Mi   
websocket-server-56c97f4c7-t7zg4   8m    88Mi   
websocket-server-56c97f4c7-vj98r   7m    35Mi   
websocket-server-56c97f4c7-vwhm5   8m    35Mi   
1781619008
websocket-server-56c97f4c7-6ckv5   6m    33Mi   
websocket-server-56c97f4c7-6q5vs   7m    96Mi   
websocket-server-56c97f4c7-7hxdf   5m    39Mi   
websocket-server-56c97f4c7-8fc24   2m    28Mi   
websocket-server-56c97f4c7-dbjq7   2m    28Mi   
websocket-server-56c97f4c7-rvv48   1m    27Mi   
websocket-server-56c97f4c7-t7zg4   8m    88Mi   
websocket-server-56c97f4c7-vj98r   7m    35Mi   
websocket-server-56c97f4c7-vwhm5   8m    35Mi   
1781619013
websocket-server-56c97f4c7-6ckv5   2m    34Mi   
websocket-server-56c97f4c7-6q5vs   5m    96Mi   
websocket-server-56c97f4c7-7hxdf   2m    39Mi   
websocket-server-56c97f4c7-8fc24   1m    28Mi   
websocket-server-56c97f4c7-dbjq7   1m    28Mi   
websocket-server-56c97f4c7-rvv48   1m    27Mi   
websocket-server-56c97f4c7-t7zg4   6m    88Mi   
websocket-server-56c97f4c7-vj98r   3m    34Mi   
websocket-server-56c97f4c7-vwhm5   3m    35Mi   
1781619018
websocket-server-56c97f4c7-6ckv5   2m    34Mi   
websocket-server-56c97f4c7-6q5vs   5m    96Mi   
websocket-server-56c97f4c7-7hxdf   2m    39Mi   
websocket-server-56c97f4c7-8fc24   1m    28Mi   
websocket-server-56c97f4c7-dbjq7   1m    28Mi   
websocket-server-56c97f4c7-rvv48   1m    27Mi   
websocket-server-56c97f4c7-t7zg4   6m    88Mi   
websocket-server-56c97f4c7-vj98r   3m    34Mi   
websocket-server-56c97f4c7-vwhm5   3m    35Mi   
1781619023
websocket-server-56c97f4c7-6ckv5   2m    34Mi   
websocket-server-56c97f4c7-6q5vs   5m    96Mi   
websocket-server-56c97f4c7-7hxdf   2m    39Mi   
websocket-server-56c97f4c7-8fc24   1m    28Mi   
websocket-server-56c97f4c7-dbjq7   1m    28Mi   
websocket-server-56c97f4c7-rvv48   1m    27Mi   
websocket-server-56c97f4c7-t7zg4   6m    88Mi   
websocket-server-56c97f4c7-vj98r   3m    34Mi   
websocket-server-56c97f4c7-vwhm5   3m    35Mi   
1781619028
websocket-server-56c97f4c7-6ckv5   3m    33Mi   
websocket-server-56c97f4c7-6q5vs   3m    96Mi   
websocket-server-56c97f4c7-7hxdf   2m    39Mi   
websocket-server-56c97f4c7-8fc24   1m    28Mi   
websocket-server-56c97f4c7-dbjq7   1m    28Mi   
websocket-server-56c97f4c7-rvv48   1m    27Mi   
websocket-server-56c97f4c7-t7zg4   3m    88Mi   
websocket-server-56c97f4c7-vj98r   3m    35Mi   
websocket-server-56c97f4c7-vwhm5   3m    35Mi   
1781619033
websocket-server-56c97f4c7-6ckv5   3m    33Mi   
websocket-server-56c97f4c7-6q5vs   3m    96Mi   
websocket-server-56c97f4c7-7hxdf   2m    39Mi   
websocket-server-56c97f4c7-8fc24   1m    28Mi   
websocket-server-56c97f4c7-dbjq7   1m    28Mi   
websocket-server-56c97f4c7-rvv48   1m    27Mi   
websocket-server-56c97f4c7-t7zg4   3m    88Mi   
websocket-server-56c97f4c7-vj98r   3m    35Mi   
websocket-server-56c97f4c7-vwhm5   3m    35Mi   
1781619038
websocket-server-56c97f4c7-6ckv5   3m    33Mi   
websocket-server-56c97f4c7-6q5vs   3m    96Mi   
websocket-server-56c97f4c7-7hxdf   2m    39Mi   
websocket-server-56c97f4c7-8fc24   1m    28Mi   
websocket-server-56c97f4c7-dbjq7   1m    28Mi   
websocket-server-56c97f4c7-rvv48   1m    27Mi   
websocket-server-56c97f4c7-t7zg4   3m    88Mi   
websocket-server-56c97f4c7-vj98r   3m    35Mi   
websocket-server-56c97f4c7-vwhm5   3m    35Mi   
1781619043
websocket-server-56c97f4c7-6ckv5   2m    34Mi   
websocket-server-56c97f4c7-6q5vs   2m    96Mi   
websocket-server-56c97f4c7-7hxdf   3m    39Mi   
websocket-server-56c97f4c7-8fc24   1m    28Mi   
websocket-server-56c97f4c7-dbjq7   1m    28Mi   
websocket-server-56c97f4c7-rvv48   1m    27Mi   
websocket-server-56c97f4c7-t7zg4   2m    89Mi   
websocket-server-56c97f4c7-vj98r   3m    34Mi   
websocket-server-56c97f4c7-vwhm5   3m    35Mi   
1781619048
websocket-server-56c97f4c7-6ckv5   2m    34Mi   
websocket-server-56c97f4c7-6q5vs   2m    96Mi   
websocket-server-56c97f4c7-7hxdf   3m    39Mi   
websocket-server-56c97f4c7-8fc24   1m    28Mi   
websocket-server-56c97f4c7-dbjq7   1m    28Mi   
websocket-server-56c97f4c7-rvv48   1m    27Mi   
websocket-server-56c97f4c7-t7zg4   2m    89Mi   
websocket-server-56c97f4c7-vj98r   3m    34Mi   
websocket-server-56c97f4c7-vwhm5   3m    35Mi   
1781619053
websocket-server-56c97f4c7-6ckv5   2m    34Mi   
websocket-server-56c97f4c7-6q5vs   2m    96Mi   
websocket-server-56c97f4c7-7hxdf   3m    39Mi   
websocket-server-56c97f4c7-8fc24   1m    28Mi   
websocket-server-56c97f4c7-dbjq7   1m    28Mi   
websocket-server-56c97f4c7-rvv48   1m    27Mi   
websocket-server-56c97f4c7-t7zg4   2m    89Mi   
websocket-server-56c97f4c7-vj98r   3m    34Mi   
websocket-server-56c97f4c7-vwhm5   3m    35Mi   
1781619058
websocket-server-56c97f4c7-6ckv5   5m    33Mi   
websocket-server-56c97f4c7-6q5vs   3m    96Mi   
websocket-server-56c97f4c7-7hxdf   6m    38Mi   
websocket-server-56c97f4c7-8fc24   2m    28Mi   
websocket-server-56c97f4c7-dbjq7   2m    28Mi   
websocket-server-56c97f4c7-rvv48   1m    27Mi   
websocket-server-56c97f4c7-t7zg4   3m    88Mi   
websocket-server-56c97f4c7-vj98r   3m    34Mi   
websocket-server-56c97f4c7-vwhm5   3m    35Mi   
1781619063
websocket-server-56c97f4c7-6ckv5   5m    33Mi   
websocket-server-56c97f4c7-6q5vs   3m    96Mi   
websocket-server-56c97f4c7-7hxdf   6m    38Mi   
websocket-server-56c97f4c7-8fc24   2m    28Mi   
websocket-server-56c97f4c7-dbjq7   2m    28Mi   
websocket-server-56c97f4c7-rvv48   1m    27Mi   
websocket-server-56c97f4c7-t7zg4   3m    88Mi   
websocket-server-56c97f4c7-vj98r   3m    34Mi   
websocket-server-56c97f4c7-vwhm5   3m    35Mi   
1781619068
websocket-server-56c97f4c7-6ckv5   5m    33Mi   
websocket-server-56c97f4c7-6q5vs   3m    96Mi   
websocket-server-56c97f4c7-7hxdf   6m    38Mi   
websocket-server-56c97f4c7-8fc24   2m    28Mi   
websocket-server-56c97f4c7-dbjq7   2m    28Mi   
websocket-server-56c97f4c7-rvv48   1m    27Mi   
websocket-server-56c97f4c7-t7zg4   3m    88Mi   
websocket-server-56c97f4c7-vj98r   3m    34Mi   
websocket-server-56c97f4c7-vwhm5   3m    35Mi   
1781619073
websocket-server-56c97f4c7-6ckv5   1m    33Mi   
websocket-server-56c97f4c7-6q5vs   5m    95Mi   
websocket-server-56c97f4c7-7hxdf   1m    38Mi   
websocket-server-56c97f4c7-8fc24   1m    28Mi   
websocket-server-56c97f4c7-dbjq7   1m    28Mi   
websocket-server-56c97f4c7-rvv48   1m    27Mi   
websocket-server-56c97f4c7-t7zg4   4m    88Mi   
websocket-server-56c97f4c7-vj98r   7m    34Mi   
websocket-server-56c97f4c7-vwhm5   3m    35Mi   
1781619078
websocket-server-56c97f4c7-6ckv5   1m    33Mi   
websocket-server-56c97f4c7-6q5vs   5m    95Mi   
websocket-server-56c97f4c7-7hxdf   1m    38Mi   
websocket-server-56c97f4c7-8fc24   1m    28Mi   
websocket-server-56c97f4c7-dbjq7   1m    28Mi   
websocket-server-56c97f4c7-rvv48   1m    27Mi   
websocket-server-56c97f4c7-t7zg4   4m    88Mi   
websocket-server-56c97f4c7-vj98r   7m    34Mi   
websocket-server-56c97f4c7-vwhm5   3m    35Mi   
1781619084
websocket-server-56c97f4c7-6ckv5   1m    33Mi   
websocket-server-56c97f4c7-6q5vs   5m    95Mi   
websocket-server-56c97f4c7-7hxdf   1m    38Mi   
websocket-server-56c97f4c7-8fc24   1m    28Mi   
websocket-server-56c97f4c7-dbjq7   1m    28Mi   
websocket-server-56c97f4c7-rvv48   1m    27Mi   
websocket-server-56c97f4c7-t7zg4   4m    88Mi   
websocket-server-56c97f4c7-vj98r   7m    34Mi   
websocket-server-56c97f4c7-vwhm5   3m    35Mi   
1781619089
websocket-server-56c97f4c7-6ckv5   1m    33Mi   
websocket-server-56c97f4c7-6q5vs   1m    95Mi   
websocket-server-56c97f4c7-7hxdf   1m    38Mi   
websocket-server-56c97f4c7-8fc24   1m    28Mi   
websocket-server-56c97f4c7-dbjq7   1m    28Mi   
websocket-server-56c97f4c7-rvv48   1m    27Mi   
websocket-server-56c97f4c7-t7zg4   1m    88Mi   
websocket-server-56c97f4c7-vj98r   1m    34Mi   
websocket-server-56c97f4c7-vwhm5   1m    35Mi   
1781619094
websocket-server-56c97f4c7-6ckv5   1m    33Mi   
websocket-server-56c97f4c7-6q5vs   1m    95Mi   
websocket-server-56c97f4c7-7hxdf   1m    38Mi   
websocket-server-56c97f4c7-8fc24   1m    28Mi   
websocket-server-56c97f4c7-dbjq7   1m    28Mi   
websocket-server-56c97f4c7-rvv48   1m    27Mi   
websocket-server-56c97f4c7-t7zg4   1m    88Mi   
websocket-server-56c97f4c7-vj98r   1m    34Mi   
websocket-server-56c97f4c7-vwhm5   1m    35Mi   
1781619099
websocket-server-56c97f4c7-6ckv5   1m    33Mi   
websocket-server-56c97f4c7-6q5vs   1m    95Mi   
websocket-server-56c97f4c7-7hxdf   1m    38Mi   
websocket-server-56c97f4c7-8fc24   1m    28Mi   
websocket-server-56c97f4c7-dbjq7   1m    28Mi   
websocket-server-56c97f4c7-rvv48   1m    27Mi   
websocket-server-56c97f4c7-t7zg4   1m    88Mi   
websocket-server-56c97f4c7-vj98r   1m    34Mi   
websocket-server-56c97f4c7-vwhm5   1m    35Mi   
1781619104
websocket-server-56c97f4c7-6ckv5   1m    33Mi   
websocket-server-56c97f4c7-6q5vs   0m    95Mi   
websocket-server-56c97f4c7-7hxdf   1m    38Mi   
websocket-server-56c97f4c7-8fc24   1m    28Mi   
websocket-server-56c97f4c7-dbjq7   1m    29Mi   
websocket-server-56c97f4c7-rvv48   1m    27Mi   
websocket-server-56c97f4c7-t7zg4   1m    88Mi   
websocket-server-56c97f4c7-vj98r   1m    34Mi   
websocket-server-56c97f4c7-vwhm5   1m    35Mi   
1781619109
websocket-server-56c97f4c7-6ckv5   1m    33Mi   
websocket-server-56c97f4c7-6q5vs   0m    95Mi   
websocket-server-56c97f4c7-7hxdf   1m    38Mi   
websocket-server-56c97f4c7-8fc24   1m    28Mi   
websocket-server-56c97f4c7-dbjq7   1m    29Mi   
websocket-server-56c97f4c7-rvv48   1m    27Mi   
websocket-server-56c97f4c7-t7zg4   1m    88Mi   
websocket-server-56c97f4c7-vj98r   1m    34Mi   
websocket-server-56c97f4c7-vwhm5   1m    35Mi   
1781619114
websocket-server-56c97f4c7-6ckv5   1m    33Mi   
websocket-server-56c97f4c7-6q5vs   0m    95Mi   
websocket-server-56c97f4c7-7hxdf   1m    38Mi   
websocket-server-56c97f4c7-8fc24   1m    28Mi   
websocket-server-56c97f4c7-dbjq7   1m    29Mi   
websocket-server-56c97f4c7-rvv48   1m    27Mi   
websocket-server-56c97f4c7-t7zg4   1m    88Mi   
websocket-server-56c97f4c7-vj98r   1m    34Mi   
websocket-server-56c97f4c7-vwhm5   1m    35Mi   
1781619119
websocket-server-56c97f4c7-6ckv5   1m    33Mi   
websocket-server-56c97f4c7-6q5vs   1m    95Mi   
websocket-server-56c97f4c7-7hxdf   1m    38Mi   
websocket-server-56c97f4c7-8fc24   1m    28Mi   
websocket-server-56c97f4c7-dbjq7   0m    28Mi   
websocket-server-56c97f4c7-rvv48   0m    27Mi   
websocket-server-56c97f4c7-t7zg4   1m    88Mi   
websocket-server-56c97f4c7-vj98r   1m    34Mi   
websocket-server-56c97f4c7-vwhm5   1m    35Mi   
1781619124
websocket-server-56c97f4c7-6ckv5   1m    33Mi   
websocket-server-56c97f4c7-6q5vs   1m    95Mi   
websocket-server-56c97f4c7-7hxdf   1m    38Mi   
websocket-server-56c97f4c7-8fc24   1m    28Mi   
websocket-server-56c97f4c7-dbjq7   0m    28Mi   
websocket-server-56c97f4c7-rvv48   0m    27Mi   
websocket-server-56c97f4c7-t7zg4   1m    88Mi   
websocket-server-56c97f4c7-vj98r   1m    34Mi   
websocket-server-56c97f4c7-vwhm5   1m    35Mi   
1781619129
websocket-server-56c97f4c7-6ckv5   1m    33Mi   
websocket-server-56c97f4c7-6q5vs   1m    95Mi   
websocket-server-56c97f4c7-7hxdf   1m    38Mi   
websocket-server-56c97f4c7-8fc24   1m    28Mi   
websocket-server-56c97f4c7-dbjq7   0m    28Mi   
websocket-server-56c97f4c7-t7zg4   1m    88Mi   
websocket-server-56c97f4c7-vj98r   1m    34Mi   
websocket-server-56c97f4c7-vwhm5   1m    35Mi   
1781619134
websocket-server-56c97f4c7-6ckv5   1m    33Mi   
websocket-server-56c97f4c7-6q5vs   1m    95Mi   
websocket-server-56c97f4c7-7hxdf   1m    38Mi   
websocket-server-56c97f4c7-8fc24   1m    28Mi   
websocket-server-56c97f4c7-dbjq7   1m    28Mi   
websocket-server-56c97f4c7-t7zg4   1m    88Mi   
websocket-server-56c97f4c7-vj98r   1m    34Mi   
websocket-server-56c97f4c7-vwhm5   1m    35Mi   
1781619139
websocket-server-56c97f4c7-6ckv5   1m    33Mi   
websocket-server-56c97f4c7-6q5vs   1m    95Mi   
websocket-server-56c97f4c7-7hxdf   1m    38Mi   
websocket-server-56c97f4c7-8fc24   1m    28Mi   
websocket-server-56c97f4c7-dbjq7   1m    28Mi   
websocket-server-56c97f4c7-t7zg4   1m    88Mi   
websocket-server-56c97f4c7-vj98r   1m    34Mi   
websocket-server-56c97f4c7-vwhm5   1m    35Mi   
1781619144
websocket-server-56c97f4c7-6ckv5   1m    33Mi   
websocket-server-56c97f4c7-6q5vs   1m    95Mi   
websocket-server-56c97f4c7-7hxdf   1m    38Mi   
websocket-server-56c97f4c7-8fc24   1m    28Mi   
websocket-server-56c97f4c7-dbjq7   1m    28Mi   
websocket-server-56c97f4c7-t7zg4   1m    88Mi   
websocket-server-56c97f4c7-vj98r   1m    34Mi   
websocket-server-56c97f4c7-vwhm5   1m    35Mi   
1781619149
websocket-server-56c97f4c7-6ckv5   0m    33Mi   
websocket-server-56c97f4c7-6q5vs   1m    95Mi   
websocket-server-56c97f4c7-7hxdf   1m    38Mi   
websocket-server-56c97f4c7-8fc24   1m    28Mi   
websocket-server-56c97f4c7-dbjq7   1m    28Mi   
websocket-server-56c97f4c7-t7zg4   1m    88Mi   
websocket-server-56c97f4c7-vj98r   0m    34Mi   
websocket-server-56c97f4c7-vwhm5   1m    35Mi   
1781619154
websocket-server-56c97f4c7-6ckv5   0m    33Mi   
websocket-server-56c97f4c7-6q5vs   1m    95Mi   
websocket-server-56c97f4c7-7hxdf   1m    38Mi   
websocket-server-56c97f4c7-8fc24   1m    28Mi   
websocket-server-56c97f4c7-dbjq7   1m    28Mi   
websocket-server-56c97f4c7-t7zg4   1m    88Mi   
websocket-server-56c97f4c7-vj98r   0m    34Mi   
websocket-server-56c97f4c7-vwhm5   1m    35Mi   
1781619159
websocket-server-56c97f4c7-6ckv5   0m    33Mi   
websocket-server-56c97f4c7-6q5vs   1m    95Mi   
websocket-server-56c97f4c7-7hxdf   1m    38Mi   
websocket-server-56c97f4c7-8fc24   1m    28Mi   
websocket-server-56c97f4c7-dbjq7   1m    28Mi   
websocket-server-56c97f4c7-t7zg4   1m    88Mi   
websocket-server-56c97f4c7-vj98r   0m    34Mi   
websocket-server-56c97f4c7-vwhm5   1m    35Mi   
1781619164
websocket-server-56c97f4c7-6ckv5   0m    33Mi   
websocket-server-56c97f4c7-6q5vs   1m    95Mi   
websocket-server-56c97f4c7-7hxdf   1m    38Mi   
websocket-server-56c97f4c7-8fc24   1m    28Mi   
websocket-server-56c97f4c7-dbjq7   1m    28Mi   
websocket-server-56c97f4c7-t7zg4   1m    88Mi   
websocket-server-56c97f4c7-vj98r   1m    34Mi   
websocket-server-56c97f4c7-vwhm5   1m    35Mi   
1781619169
websocket-server-56c97f4c7-6ckv5   0m    33Mi   
websocket-server-56c97f4c7-6q5vs   1m    95Mi   
websocket-server-56c97f4c7-7hxdf   1m    38Mi   
websocket-server-56c97f4c7-8fc24   1m    28Mi   
websocket-server-56c97f4c7-dbjq7   1m    28Mi   
websocket-server-56c97f4c7-t7zg4   1m    88Mi   
websocket-server-56c97f4c7-vj98r   1m    34Mi   
websocket-server-56c97f4c7-vwhm5   1m    35Mi   
1781619174
websocket-server-56c97f4c7-6ckv5   0m    33Mi   
websocket-server-56c97f4c7-6q5vs   1m    95Mi   
websocket-server-56c97f4c7-7hxdf   1m    38Mi   
websocket-server-56c97f4c7-8fc24   1m    28Mi   
websocket-server-56c97f4c7-dbjq7   1m    28Mi   
websocket-server-56c97f4c7-t7zg4   1m    88Mi   
websocket-server-56c97f4c7-vj98r   1m    34Mi   
websocket-server-56c97f4c7-vwhm5   1m    35Mi   
1781619179
websocket-server-56c97f4c7-6ckv5   1m    33Mi   
websocket-server-56c97f4c7-6q5vs   1m    95Mi   
websocket-server-56c97f4c7-7hxdf   1m    38Mi   
websocket-server-56c97f4c7-8fc24   1m    28Mi   
websocket-server-56c97f4c7-dbjq7   1m    28Mi   
websocket-server-56c97f4c7-t7zg4   1m    88Mi   
websocket-server-56c97f4c7-vj98r   0m    34Mi   
websocket-server-56c97f4c7-vwhm5   1m    35Mi   
1781619184
websocket-server-56c97f4c7-6ckv5   1m    33Mi   
websocket-server-56c97f4c7-6q5vs   1m    95Mi   
websocket-server-56c97f4c7-7hxdf   1m    38Mi   
websocket-server-56c97f4c7-8fc24   1m    28Mi   
websocket-server-56c97f4c7-dbjq7   1m    28Mi   
websocket-server-56c97f4c7-t7zg4   1m    88Mi   
websocket-server-56c97f4c7-vj98r   0m    34Mi   
websocket-server-56c97f4c7-vwhm5   1m    35Mi   
1781619190
websocket-server-56c97f4c7-6ckv5   1m    33Mi   
websocket-server-56c97f4c7-6q5vs   1m    95Mi   
websocket-server-56c97f4c7-7hxdf   1m    38Mi   
websocket-server-56c97f4c7-8fc24   1m    28Mi   
websocket-server-56c97f4c7-dbjq7   1m    28Mi   
websocket-server-56c97f4c7-t7zg4   1m    88Mi   
websocket-server-56c97f4c7-vj98r   0m    34Mi   
websocket-server-56c97f4c7-vwhm5   1m    35Mi   
1781619195
websocket-server-56c97f4c7-6ckv5   1m    33Mi   
websocket-server-56c97f4c7-6q5vs   1m    95Mi   
websocket-server-56c97f4c7-7hxdf   1m    38Mi   
websocket-server-56c97f4c7-8fc24   1m    28Mi   
websocket-server-56c97f4c7-dbjq7   1m    28Mi   
websocket-server-56c97f4c7-t7zg4   1m    88Mi   
websocket-server-56c97f4c7-vj98r   1m    34Mi   
websocket-server-56c97f4c7-vwhm5   1m    35Mi   
1781619200
websocket-server-56c97f4c7-6ckv5   1m    33Mi   
websocket-server-56c97f4c7-6q5vs   1m    95Mi   
websocket-server-56c97f4c7-7hxdf   1m    38Mi   
websocket-server-56c97f4c7-8fc24   1m    28Mi   
websocket-server-56c97f4c7-t7zg4   1m    88Mi   
websocket-server-56c97f4c7-vj98r   1m    34Mi   
websocket-server-56c97f4c7-vwhm5   1m    35Mi   
1781619205
websocket-server-56c97f4c7-6ckv5   1m    33Mi   
websocket-server-56c97f4c7-6q5vs   1m    95Mi   
websocket-server-56c97f4c7-7hxdf   1m    38Mi   
websocket-server-56c97f4c7-8fc24   1m    28Mi   
websocket-server-56c97f4c7-t7zg4   1m    88Mi   
websocket-server-56c97f4c7-vj98r   1m    34Mi   
websocket-server-56c97f4c7-vwhm5   1m    35Mi   
1781619210
websocket-server-56c97f4c7-6q5vs   1m    95Mi   
websocket-server-56c97f4c7-7hxdf   1m    38Mi   
websocket-server-56c97f4c7-t7zg4   1m    88Mi   
websocket-server-56c97f4c7-vj98r   0m    34Mi   
websocket-server-56c97f4c7-vwhm5   1m    35Mi   
1781619215
websocket-server-56c97f4c7-6q5vs   1m    95Mi   
websocket-server-56c97f4c7-7hxdf   1m    38Mi   
websocket-server-56c97f4c7-t7zg4   1m    88Mi   
1781619220
websocket-server-56c97f4c7-6q5vs   1m    95Mi   
websocket-server-56c97f4c7-t7zg4   1m    88Mi   
1781619225
websocket-server-56c97f4c7-6q5vs   1m    95Mi   
websocket-server-56c97f4c7-t7zg4   1m    88Mi   
1781619230
websocket-server-56c97f4c7-6q5vs   1m    95Mi   
websocket-server-56c97f4c7-t7zg4   1m    88Mi   
