1781618614,2
1781618619,2
1781618624,2
1781618629,2
1781618634,2
1781618639,2
1781618644,2
1781618649,2
1781618654,2
1781618659,3
1781618664,3
1781618669,3
1781618675,4
1781618680,4
1781618685,4
1781618690,5
1781618695,5
1781618700,6
1781618705,6
1781618710,7
1781618715,7
1781618720,8
1781618725,8
1781618730,8
1781618735,8
1781618740,8
1781618745,8
1781618750,8
1781618755,8
1781618760,8
1781618765,8
1781618770,8
1781618775,8
1781618780,8
1781618785,8
1781618791,8
1781618796,8
1781618801,8
1781618806,8
1781618811,8
1781618816,8
1781618821,8
1781618826,8
1781618831,8
1781618836,8
1781618841,8
1781618846,8
1781618851,8
1781618856,8
1781618861,8
1781618866,8
1781618871,8
1781618876,8
1781618881,8
1781618886,8
1781618891,8
1781618896,8
1781618901,8
1781618907,8
1781618912,8
1781618917,8
1781618922,8
1781618927,8
1781618932,8
1781618937,8
1781618942,6
1781618947,6
1781618952,7
1781618957,7
1781618962,8
1781618967,8
1781618972,8
1781618977,9
1781618982,9
1781618987,9
1781618992,9
1781618997,9
1781619002,9
1781619007,9
1781619012,9
1781619017,9
1781619022,9
1781619028,9
1781619033,9
1781619038,9
1781619043,9
1781619048,9
1781619053,9
1781619058,9
1781619063,9
1781619068,9
1781619073,9
1781619078,9
1781619083,9
1781619088,9
1781619093,9
1781619098,8
1781619103,8
1781619108,8
1781619113,8
1781619118,8
1781619123,8
1781619128,8
1781619133,8
1781619139,8
1781619144,8
1781619149,8
1781619154,8
1781619159,8
1781619164,8
1781619169,7
1781619174,7
1781619179,5
1781619184,3
1781619189,2
1781619194,2
1781619199,2
1781619204,2
1781619209,2
1781619214,2
1781619219,2
1781619224,2
1781619229,2
