1778215360
mqtt-hpa   Deployment/mqtt-broker   cpu: <unknown>/50%   1     5     0     13s
1778215365
mqtt-hpa   Deployment/mqtt-broker   cpu: <unknown>/50%   1     5     1     18s
1778215370
mqtt-hpa   Deployment/mqtt-broker   cpu: <unknown>/50%   1     5     1     23s
1778215375
mqtt-hpa   Deployment/mqtt-broker   cpu: <unknown>/50%   1     5     1     29s
1778215381
mqtt-hpa   Deployment/mqtt-broker   cpu: <unknown>/50%   1     5     1     34s
1778215386
mqtt-hpa   Deployment/mqtt-broker   cpu: <unknown>/50%   1     5     1     39s
1778215391
mqtt-hpa   Deployment/mqtt-broker   cpu: <unknown>/50%   1     5     1     44s
1778215396
mqtt-hpa   Deployment/mqtt-broker   cpu: 5%/50%   1     5     1     49s
1778215401
mqtt-hpa   Deployment/mqtt-broker   cpu: 5%/50%   1     5     1     55s
1778215407
mqtt-hpa   Deployment/mqtt-broker   cpu: 47%/50%   1     5     1     60s
1778215412
mqtt-hpa   Deployment/mqtt-broker   cpu: 47%/50%   1     5     1     65s
1778215417
mqtt-hpa   Deployment/mqtt-broker   cpu: 47%/50%   1     5     1     71s
1778215423
mqtt-hpa   Deployment/mqtt-broker   cpu: 55%/50%   1     5     1     76s
1778215428
mqtt-hpa   Deployment/mqtt-broker   cpu: 55%/50%   1     5     1     81s
1778215433
mqtt-hpa   Deployment/mqtt-broker   cpu: 55%/50%   1     5     1     86s
1778215438
mqtt-hpa   Deployment/mqtt-broker   cpu: 101%/50%   1     5     2     91s
1778215443
mqtt-hpa   Deployment/mqtt-broker   cpu: 101%/50%   1     5     2     97s
1778215449
mqtt-hpa   Deployment/mqtt-broker   cpu: 101%/50%   1     5     2     102s
1778215454
mqtt-hpa   Deployment/mqtt-broker   cpu: 89%/50%   1     5     2     107s
1778215459
mqtt-hpa   Deployment/mqtt-broker   cpu: 89%/50%   1     5     2     112s
1778215464
mqtt-hpa   Deployment/mqtt-broker   cpu: 89%/50%   1     5     2     118s
1778215470
mqtt-hpa   Deployment/mqtt-broker   cpu: 22%/50%   1     5     2     2m3s
1778215475
mqtt-hpa   Deployment/mqtt-broker   cpu: 22%/50%   1     5     2     2m8s
1778215480
mqtt-hpa   Deployment/mqtt-broker   cpu: 22%/50%   1     5     2     2m14s
1778215486
mqtt-hpa   Deployment/mqtt-broker   cpu: 22%/50%   1     5     2     2m19s
1778215491
mqtt-hpa   Deployment/mqtt-broker   cpu: 22%/50%   1     5     2     2m24s
1778215496
mqtt-hpa   Deployment/mqtt-broker   cpu: 22%/50%   1     5     2     2m30s
1778215502
mqtt-hpa   Deployment/mqtt-broker   cpu: 16%/50%   1     5     2     2m35s
1778215507
mqtt-hpa   Deployment/mqtt-broker   cpu: 16%/50%   1     5     2     2m40s
1778215512
mqtt-hpa   Deployment/mqtt-broker   cpu: 6%/50%   1     5     2     2m45s
1778215517
mqtt-hpa   Deployment/mqtt-broker   cpu: 6%/50%   1     5     2     2m50s
1778215522
mqtt-hpa   Deployment/mqtt-broker   cpu: 6%/50%   1     5     2     2m55s
1778215527
mqtt-hpa   Deployment/mqtt-broker   cpu: 7%/50%   1     5     2     3m1s
1778215533
mqtt-hpa   Deployment/mqtt-broker   cpu: 7%/50%   1     5     2     3m6s
1778215538
mqtt-hpa   Deployment/mqtt-broker   cpu: 7%/50%   1     5     2     3m11s
1778215543
mqtt-hpa   Deployment/mqtt-broker   cpu: 3%/50%   1     5     2     3m16s
1778215549
mqtt-hpa   Deployment/mqtt-broker   cpu: 3%/50%   1     5     2     3m22s
1778215554
mqtt-hpa   Deployment/mqtt-broker   cpu: 3%/50%   1     5     2     3m27s
1778215559
mqtt-hpa   Deployment/mqtt-broker   cpu: 9%/50%   1     5     2     3m32s
1778215564
mqtt-hpa   Deployment/mqtt-broker   cpu: 9%/50%   1     5     2     3m37s
1778215569
mqtt-hpa   Deployment/mqtt-broker   cpu: 9%/50%   1     5     2     3m43s
1778215575
mqtt-hpa   Deployment/mqtt-broker   cpu: 7%/50%   1     5     2     3m48s
1778215580
mqtt-hpa   Deployment/mqtt-broker   cpu: 7%/50%   1     5     2     3m53s
1778215585
mqtt-hpa   Deployment/mqtt-broker   cpu: 7%/50%   1     5     2     3m59s
1778215591
mqtt-hpa   Deployment/mqtt-broker   cpu: 7%/50%   1     5     2     4m4s
1778215596
mqtt-hpa   Deployment/mqtt-broker   cpu: 7%/50%   1     5     2     4m9s
1778215601
mqtt-hpa   Deployment/mqtt-broker   cpu: 7%/50%   1     5     2     4m14s
1778215606
mqtt-hpa   Deployment/mqtt-broker   cpu: 5%/50%   1     5     2     4m19s
1778215611
1778215616
1778215622
1778215627
1778215632
1778215637
1778215642
1778215647
1778215652
1778215658
1778215663
1778215668
1778215673
1778215678
1778215684
1778215689
1778215694
1778215699
1778215705
1778215710
1778215715
1778215720
1778215725
1778215731
1778215736
1778215741
1778215746
1778215752
1778215757
1778215762
1778215767
1778215773
1778215778
1778215783
1778215788
1778215794
mqtt-hpa   Deployment/mqtt-broker   cpu: <unknown>/50%   1     5     0     3s
1778215799
mqtt-hpa   Deployment/mqtt-broker   cpu: <unknown>/50%   1     5     0     8s
1778215804
mqtt-hpa   Deployment/mqtt-broker   cpu: <unknown>/50%   1     5     0     13s
1778215810
mqtt-hpa   Deployment/mqtt-broker   cpu: 14%/50%   1     5     1     19s
1778215815
mqtt-hpa   Deployment/mqtt-broker   cpu: 14%/50%   1     5     1     24s
1778215820
mqtt-hpa   Deployment/mqtt-broker   cpu: 14%/50%   1     5     1     29s
1778215825
mqtt-hpa   Deployment/mqtt-broker   cpu: 15%/50%   1     5     1     34s
1778215830
mqtt-hpa   Deployment/mqtt-broker   cpu: 15%/50%   1     5     1     39s
1778215836
mqtt-hpa   Deployment/mqtt-broker   cpu: 15%/50%   1     5     1     45s
1778215841
mqtt-hpa   Deployment/mqtt-broker   cpu: 12%/50%   1     5     1     50s
1778215846
mqtt-hpa   Deployment/mqtt-broker   cpu: 12%/50%   1     5     1     55s
1778215851
mqtt-hpa   Deployment/mqtt-broker   cpu: 3%/50%   1     5     1     61s
1778215857
mqtt-hpa   Deployment/mqtt-broker   cpu: 3%/50%   1     5     1     66s
1778215862
mqtt-hpa   Deployment/mqtt-broker   cpu: 3%/50%   1     5     1     71s
1778215867
mqtt-hpa   Deployment/mqtt-broker   cpu: 29%/50%   1     5     1     76s
1778215872
mqtt-hpa   Deployment/mqtt-broker   cpu: 29%/50%   1     5     1     81s
1778215877
mqtt-hpa   Deployment/mqtt-broker   cpu: 29%/50%   1     5     1     87s
1778215883
mqtt-hpa   Deployment/mqtt-broker   cpu: 20%/50%   1     5     1     92s
1778215888
mqtt-hpa   Deployment/mqtt-broker   cpu: 20%/50%   1     5     1     97s
1778215893
mqtt-hpa   Deployment/mqtt-broker   cpu: 20%/50%   1     5     1     102s
1778215898
mqtt-hpa   Deployment/mqtt-broker   cpu: 14%/50%   1     5     1     108s
1778215904
mqtt-hpa   Deployment/mqtt-broker   cpu: 14%/50%   1     5     1     113s
1778215909
mqtt-hpa   Deployment/mqtt-broker   cpu: 14%/50%   1     5     1     118s
1778215914
mqtt-hpa   Deployment/mqtt-broker   cpu: 7%/50%   1     5     1     2m3s
1778215919
mqtt-hpa   Deployment/mqtt-broker   cpu: 7%/50%   1     5     1     2m9s
1778215925
mqtt-hpa   Deployment/mqtt-broker   cpu: 7%/50%   1     5     1     2m14s
1778215930
mqtt-hpa   Deployment/mqtt-broker   cpu: 7%/50%   1     5     1     2m19s
1778215935
mqtt-hpa   Deployment/mqtt-broker   cpu: 7%/50%   1     5     1     2m24s
1778215940
mqtt-hpa   Deployment/mqtt-broker   cpu: 7%/50%   1     5     1     2m30s
1778215946
mqtt-hpa   Deployment/mqtt-broker   cpu: 21%/50%   1     5     1     2m35s
1778215951
mqtt-hpa   Deployment/mqtt-broker   cpu: 21%/50%   1     5     1     2m40s
1778215956
mqtt-hpa   Deployment/mqtt-broker   cpu: 21%/50%   1     5     1     2m45s
1778215961
mqtt-hpa   Deployment/mqtt-broker   cpu: 21%/50%   1     5     1     2m51s
1778215967
mqtt-hpa   Deployment/mqtt-broker   cpu: 21%/50%   1     5     1     2m56s
1778215972
mqtt-hpa   Deployment/mqtt-broker   cpu: 13%/50%   1     5     1     3m1s
1778215977
mqtt-hpa   Deployment/mqtt-broker   cpu: 13%/50%   1     5     1     3m6s
1778215982
mqtt-hpa   Deployment/mqtt-broker   cpu: 13%/50%   1     5     1     3m11s
1778215987
mqtt-hpa   Deployment/mqtt-broker   cpu: 7%/50%   1     5     1     3m17s
1778215993
mqtt-hpa   Deployment/mqtt-broker   cpu: 7%/50%   1     5     1     3m22s
1778215998
mqtt-hpa   Deployment/mqtt-broker   cpu: 7%/50%   1     5     1     3m27s
1778216003
mqtt-hpa   Deployment/mqtt-broker   cpu: 20%/50%   1     5     1     3m32s
1778216008
mqtt-hpa   Deployment/mqtt-broker   cpu: 20%/50%   1     5     1     3m37s
1778216013
mqtt-hpa   Deployment/mqtt-broker   cpu: 20%/50%   1     5     1     3m42s
1778216018
mqtt-hpa   Deployment/mqtt-broker   cpu: 20%/50%   1     5     1     3m47s
1778216023
mqtt-hpa   Deployment/mqtt-broker   cpu: 20%/50%   1     5     1     3m53s
1778216029
mqtt-hpa   Deployment/mqtt-broker   cpu: 20%/50%   1     5     1     3m58s
1778216034
mqtt-hpa   Deployment/mqtt-broker   cpu: 11%/50%   1     5     1     4m3s
1778216039
1778216044
1778216049
1778216054
1778216059
1778216064
1778216069
1778216075
1778216080
1778216085
1778216090
1778216095
1778216100
1778216105
1778216110
1778216115
1778216120
1778216125
1778216130
1778216136
1778216141
1778216146
1778216151
1778216156
1778216161
1778216166
1778216171
1778216176
1778216182
1778216187
1778216192
1778216197
1778216202
1778216207
1778216212
1778216217
1778216222
1778216227
1778216232
1778216238
1778216243
1778216248
1778216253
1778216258
1778216263
1778216268
1778216273
1778216278
1778216283
1778216288
1778216293
1778216298
1778216304
1778216309
1778216314
1778216319
1778216324
1778216329
1778216334
1778216339
1778216344
1778216349
1778216354
1778216359
1778216364
1778216369
1778216374
1778216380
1778216385
1778216390
1778216395
1778216400
1778216405
1778216410
1778216415
1778216420
1778216425
1778216430
1778216436
1778216441
1778216446
1778216451
1778216457
1778216462
1778216467
1778216472
1778216477
1778216482
1778216488
1778216493
1778216498
1778216503
1778216509
1778216514
1778216519
1778216524
1778216529
1778216534
1778216540
1778216545
1778216550
1778216555
1778216560
1778216565
1778216571
1778216576
1778216581
1778216586
1778216591
1778216597
1778216602
1778216607
1778216612
1778216617
1778216623
1778216628
1778216633
1778216638
1778216643
1778216648
1778216653
1778216659
1778216664
1778216669
1778216674
1778216679
1778216684
1778216690
1778216695
1778216700
1778216705
1778216710
1778216715
1778216721
1778216726
1778216731
1778216736
1778216741
1778216746
1778216752
1778216757
1778216762
1778216767
1778216772
1778216777
1778216782
1778216787
1778216792
1778216797
1778216802
1778216807
1778216813
1778216818
1778216823
1778216828
1778216833
1778216838
1778216843
1778216848
1778216853
1778216858
1778216863
1778216869
1778216874
1778216879
1778216884
1778216889
1778216894
1778216899
1778216904
1778216909
1778216914
1778216919
1778216924
1778216929
1778216935
1778216940
1778216945
1778216950
1778216955
1778216960
1778216965
1778216970
1778216975
1778216980
1778216985
1778216990
1778216996
1778217001
1778217006
1778217011
1778217016
1778217021
1778217026
1778217031
1778217036
1778217041
1778217046
1778217051
1778217057
1778217062
1778217067
1778217072
1778217077
1778217082
1778217087
1778217092
1778217097
1778217102
1778217107
1778217113
1778217118
1778217123
1778217128
1778217133
1778217138
1778217143
1778217148
1778217153
1778217158
1778217163
1778217168
1778217173
1778217179
1778217184
1778217189
1778217194
1778217199
1778217204
1778217209
1778217214
1778217219
1778217224
1778217229
1778217234
1778217240
1778217245
1778217250
1778217255
1778217260
1778217265
1778217270
1778217275
1778217280
1778217285
1778217290
1778217295
1778217300
1778217306
1778217311
1778217316
1778217321
1778217326
1778217331
1778217336
1778217341
1778217346
1778217351
1778217356
1778217361
1778217366
1778217372
1778217377
1778217382
1778217387
1778217392
1778217397
1778217402
1778217407
1778217412
1778217418
1778217423
1778217428
1778217433
1778217438
1778217443
1778217448
1778217453
1778217458
1778217463
1778217469
1778217474
1778217479
1778217484
1778217489
1778217494
1778217499
1778217504
1778217509
1778217514
1778217519
1778217525
1778217530
1778217535
1778217540
1778217545
1778217550
1778217555
1778217560
1778217565
1778217570
1778217575
1778217581
1778217586
1778217591
1778217596
1778217601
1778217606
1778217611
1778217616
1778217621
1778217627
1778217632
1778217637
1778217642
1778217647
1778217652
1778217657
1778217663
1778217668
1778217673
1778217678
1778217683
1778217688
1778217694
1778217699
1778217704
1778217709
1778217714
1778217719
1778217725
1778217730
1778217735
1778217740
1778217745
1778217750
1778217755
1778217761
1778217766
1778217771
1778217776
1778217781
1778217787
1778217792
1778217797
1778217802
1778217807
1778217812
1778217817
1778217823
1778217828
1778217833
1778217838
1778217843
1778217848
1778217853
1778217859
1778217864
1778217869
1778217874
1778217879
1778217884
1778217890
1778217895
1778217900
1778217905
1778217910
1778217915
1778217920
1778217925
1778217931
1778217936
1778217941
1778217946
1778217951
1778217956
1778217962
1778217967
1778217972
1778217977
1778217982
1778217987
1778217993
1778217998
1778218003
1778218008
1778218013
1778218018
1778218024
1778218029
1778218034
1778218039
1778218044
1778218049
1778218055
1778218060
1778218065
1778218070
1778218075
1778218080
1778218085
1778218090
1778218096
1778218101
1778218106
1778218111
1778218116
1778218121
1778218126
1778218132
1778218137
1778218142
1778218147
1778218152
1778218157
1778218162
1778218168
1778218173
1778218178
1778218183
1778218188
1778218194
1778218199
1778218204
1778218209
1778218215
1778218220
1778218225
1778218230
1778218236
1778218241
1778218246
1778218251
1778218257
1778218262
1778218267
1778218272
1778218278
1778218283
1778218288
1778218294
1778218299
1778218304
1778218309
1778218315
1778218320
1778218325
1778218330
1778218336
1778218341
1778218346
1778218352
1778218357
1778218362
1778218368
1778218373
1778218379
1778218385
1778218390
1778218396
1778218401
1778218407
1778218413
1778218418
1778218424
1778218429
1778218435
1778218441
1778218446
1778218452
1778218458
1778218463
1778218468
1778218474
1778218479
1778218484
1778218490
1778218495
1778218500
1778218506
1778218511
1778218516
1778218521
1778218527
1778218532
1778218537
1778218542
1778218547
1778218553
1778218558
1778218563
1778218568
1778218574
1778218579
1778218584
1778218589
1778218594
1778218600
1778218605
1778218610
1778218615
1778218620
1778218625
1778218631
1778218636
1778218641
1778218646
1778218651
1778218657
1778218662
1778218667
1778218672
1778218677
1778218683
1778218688
1778218693
1778218698
1778218703
1778218708
1778218714
1778218719
1778218724
1778218729
1778218734
1778218740
1778218745
1778218750
1778218755
1778218760
1778218765
1778218771
1778218776
1778218781
1778218786
1778218791
1778218797
1778218802
1778218807
1778218812
1778218817
1778218822
1778218828
1778218833
1778218838
1778218843
1778218848
1778218854
1778218859
1778218864
1778218869
1778218874
1778218880
1778218885
1778218890
1778218895
1778218900
1778218905
1778218911
1778218916
1778218921
1778218926
1778218931
1778218937
1778218942
1778218947
1778218952
1778218957
1778218963
1778218968
1778218973
1778218978
1778218983
1778218988
1778218994
1778218999
1778219004
1778219009
1778219014
1778219020
1778219025
1778219030
1778219035
1778219040
1778219046
1778219051
1778219056
1778219061
1778219066
1778219071
1778219077
1778219082
1778219087
1778219092
1778219097
1778219103
1778219108
1778219113
1778219118
1778219123
1778219129
1778219134
1778219139
1778219144
1778219149
1778219155
1778219160
1778219165
1778219170
1778219175
1778219181
1778219186
1778219191
1778219196
1778219201
1778219207
1778219212
1778219217
1778219222
1778219227
1778219232
1778219238
1778219243
1778219248
1778219253
1778219258
1778219264
1778219269
1778219274
1778219279
1778219284
1778219289
1778219295
1778219300
1778219305
1778219310
1778219315
1778219321
1778219326
1778219331
1778219336
1778219342
1778219347
1778219352
1778219357
1778219362
1778219367
1778219372
1778219377
1778219382
1778219387
1778219392
1778219397
1778219403
1778219408
1778219413
1778219418
1778219423
1778219428
1778219433
1778219438
1778219443
1778219448
1778219453
1778219458
1778219463
1778219468
1778219473
1778219478
1778219483
1778219489
1778219494
1778219499
1778219504
1778219509
1778219514
1778219519
1778219524
1778219529
1778219534
1778219539
1778219544
1778219550
1778219555
1778219560
1778219565
1778219570
1778219575
1778219580
1778219585
1778219590
1778219595
1778219600
1778219605
1778219611
1778219616
1778219621
1778219626
1778219631
1778219636
1778219641
1778219646
1778219651
1778219656
1778219661
1778219666
1778219671
1778219677
1778219682
1778219687
1778219692
1778219697
1778219702
1778219707
1778219712
1778219717
1778219722
1778219727
1778219732
1778219738
1778219743
1778219748
1778219753
1778219758
1778219763
1778219768
1778219773
1778219778
1778219783
1778219788
1778219794
1778219799
1778219804
1778219809
1778219814
1778219819
1778219824
1778219829
1778219834
1778219839
1778219844
1778219849
1778219854
1778219859
1778219864
1778219870
1778219875
1778219880
1778219885
1778219890
1778219895
1778219900
1778219905
1778219910
1778219915
1778219920
1778219925
1778219930
1778219936
1778219941
1778219946
1778219951
1778219956
1778219961
1778219966
1778219971
1778219976
1778219981
1778219987
1778219992
1778219997
1778220002
1778220007
1778220012
1778220017
1778220022
1778220028
1778220033
1778220038
1778220043
1778220048
1778220053
1778220058
1778220063
1778220068
1778220073
1778220078
1778220083
1778220088
1778220094
1778220099
1778220104
1778220109
1778220114
1778220119
1778220124
1778220129
1778220134
1778220139
1778220144
1778220149
1778220154
1778220160
1778220165
1778220170
1778220175
1778220180
1778220185
1778220190
1778220195
1778220200
1778220205
1778220210
1778220216
1778220221
1778220226
1778220231
1778220236
1778220241
1778220246
1778220251
1778220256
1778220261
1778220266
1778220271
1778220276
1778220282
1778220287
1778220292
1778220297
1778220302
1778220307
1778220312
1778220317
1778220322
1778220327
1778220332
1778220337
1778220342
1778220348
1778220353
1778220358
1778220363
1778220368
1778220373
1778220378
1778220383
1778220388
1778220393
1778220398
1778220403
1778220408
1778220414
1778220419
1778220424
1778220429
1778220434
1778220439
1778220444
1778220449
1778220454
1778220459
1778220464
1778220469
1778220475
1778220480
1778220485
1778220490
1778220495
1778220500
1778220505
1778220510
1778220515
1778220520
1778220525
1778220530
1778220536
1778220541
1778220546
1778220551
1778220556
1778220561
1778220566
1778220571
1778220576
1778220581
1778220587
1778220592
1778220597
1778220602
1778220607
1778220612
1778220617
1778220622
1778220627
1778220632
1778220637
1778220642
1778220647
1778220653
1778220658
1778220663
1778220668
1778220673
1778220678
1778220683
1778220688
1778220693
1778220698
1778220703
1778220709
1778220714
1778220719
1778220724
1778220729
1778220734
1778220739
1778220744
1778220749
1778220754
1778220759
1778220764
1778220770
1778220775
1778220780
1778220785
1778220790
1778220795
1778220800
1778220805
1778220810
1778220815
1778220820
1778220825
1778220831
1778220836
1778220841
1778220846
1778220851
1778220856
1778220861
1778220866
1778220871
1778220876
1778220881
1778220886
1778220891
1778220897
1778220902
1778220907
1778220912
1778220917
1778220922
1778220927
1778220932
1778220937
1778220942
1778220947
1778220952
1778220958
1778220963
1778220968
1778220973
1778220978
1778220983
1778220988
1778220993
1778220998
1778221003
1778221008
1778221014
1778221019
1778221024
1778221029
1778221034
1778221039
1778221044
1778221049
1778221054
1778221059
1778221064
1778221070
1778221075
1778221080
1778221085
1778221090
1778221095
1778221100
1778221105
1778221110
1778221115
1778221120
1778221126
1778221131
1778221136
1778221141
1778221146
1778221151
1778221156
1778221161
1778221166
1778221172
1778221177
1778221182
1778221187
1778221192
1778221197
1778221202
1778221207
1778221212
1778221217
1778221222
1778221227
1778221233
1778221238
1778221243
1778221248
1778221253
1778221258
1778221263
1778221268
1778221273
1778221278
1778221283
1778221288
1778221293
1778221299
1778221304
1778221309
1778221314
1778221319
1778221324
1778221329
1778221334
1778221339
1778221344
1778221349
1778221354
1778221359
1778221365
1778221370
1778221375
1778221380
1778221385
1778221390
1778221395
1778221400
1778221405
1778221410
1778221415
1778221420
1778221426
1778221431
1778221436
1778221441
1778221446
1778221451
1778221456
1778221461
1778221466
1778221471
1778221476
1778221481
1778221487
1778221492
1778221497
1778221502
1778221507
1778221512
1778221517
1778221522
1778221527
1778221532
1778221537
1778221542
1778221548
1778221553
1778221558
1778221563
1778221568
1778221573
1778221578
1778221583
1778221588
1778221593
1778221598
1778221603
1778221609
1778221614
1778221619
1778221624
1778221629
1778221634
1778221639
1778221644
1778221649
1778221654
1778221659
1778221664
1778221669
1778221674
1778221679
1778221684
1778221690
1778221695
1778221700
1778221705
1778221710
1778221715
1778221720
1778221725
1778221730
1778221735
1778221740
1778221745
1778221750
1778221755
1778221760
1778221765
1778221770
1778221775
1778221780
1778221786
1778221791
1778221796
1778221801
1778221806
1778221811
1778221816
1778221821
1778221826
1778221831
1778221836
1778221841
1778221846
1778221851
1778221856
1778221861
1778221866
1778221871
1778221876
1778221881
1778221887
1778221892
1778221897
1778221902
1778221907
1778221912
1778221917
1778221922
1778221927
1778221932
1778221937
1778221942
1778221947
1778221952
1778221957
1778221962
1778221967
1778221972
1778221977
1778221983
1778221988
1778221993
1778221998
1778222003
1778222008
1778222013
1778222018
1778222023
1778222028
1778222033
1778222038
1778222043
1778222048
1778222053
1778222058
1778222063
1778222068
1778222074
1778222079
1778222084
1778222089
1778222094
1778222099
1778222104
1778222109
1778222114
1778222119
1778222124
1778222129
1778222134
1778222139
1778222144
1778222149
1778222154
1778222159
1778222165
1778222170
1778222175
1778222180
1778222185
1778222190
1778222195
1778222200
1778222205
1778222210
1778222215
1778222220
1778222225
1778222231
1778222236
1778222241
1778222246
1778222251
1778222256
1778222261
1778222266
1778222271
1778222276
1778222281
1778222286
1778222291
1778222297
1778222302
1778222307
1778222312
1778222317
1778222322
1778222327
1778222332
1778222337
1778222342
1778222347
1778222353
1778222358
1778222363
1778222368
1778222373
1778222378
1778222383
1778222388
1778222393
1778222398
1778222403
1778222408
1778222413
1778222419
1778222424
1778222429
1778222434
1778222439
1778222444
1778222449
1778222454
1778222459
1778222464
1778222469
1778222474
1778222479
1778222485
1778222490
1778222495
1778222500
1778222505
1778222510
1778222515
1778222520
1778222525
1778222530
1778222535
1778222540
1778222545
1778222550
1778222555
1778222560
1778222565
1778222571
1778222576
1778222581
1778222586
1778222591
1778222596
1778222601
1778222606
1778222612
1778222617
1778222622
1778222627
1778222633
1778222638
1778222643
1778222648
1778222653
1778222659
1778222664
1778222669
1778222674
1778222679
1778222685
1778222690
1778222695
1778222700
1778222706
1778222711
1778222716
1778222721
1778222727
1778222732
1778222737
1778222742
1778222747
1778222753
1778222758
1778222763
1778222768
1778222773
1778222779
1778222784
1778222789
1778222794
1778222799
1778222805
1778222810
1778222815
1778222820
1778222825
1778222831
1778222836
1778222841
1778222846
1778222851
1778222857
1778222862
1778222867
1778222872
1778222877
1778222883
1778222888
1778222893
1778222898
1778222903
1778222909
1778222914
1778222919
1778222924
1778222929
1778222935
1778222940
1778222945
1778222950
1778222956
1778222961
1778222966
1778222971
1778222976
1778222982
1778222987
1778222992
1778222997
1778223003
1778223008
1778223013
1778223018
1778223023
1778223029
1778223034
1778223039
1778223044
1778223050
1778223055
1778223060
1778223065
1778223070
1778223076
1778223081
1778223086
1778223091
1778223096
1778223102
1778223107
1778223112
1778223117
1778223122
1778223128
1778223133
1778223138
1778223143
1778223148
1778223154
1778223159
1778223164
1778223169
1778223174
1778223180
1778223185
1778223190
1778223195
1778223200
1778223206
1778223211
1778223216
1778223221
1778223226
1778223232
1778223237
1778223242
1778223247
1778223252
1778223258
1778223263
1778223268
1778223273
1778223278
1778223284
1778223289
1778223294
1778223299
1778223304
1778223310
1778223315
1778223320
1778223325
1778223330
1778223335
1778223341
1778223346
1778223351
1778223356
1778223361
1778223366
1778223372
1778223377
1778223382
1778223387
1778223392
1778223398
1778223403
1778223408
1778223413
1778223418
1778223423
1778223429
1778223434
1778223439
1778223444
1778223449
1778223455
1778223460
1778223465
1778223470
1778223475
1778223481
1778223486
1778223491
1778223496
1778223501
1778223507
1778223512
1778223517
1778223522
1778223527
1778223533
1778223538
1778223543
1778223548
1778223553
1778223559
1778223564
1778223569
1778223575
1778223580
1778223585
1778223590
1778223595
1778223600
1778223606
1778223611
1778223616
1778223621
1778223626
1778223632
1778223637
1778223642
1778223647
1778223652
1778223658
1778223663
1778223668
1778223673
1778223678
1778223684
1778223689
1778223694
1778223699
1778223704
1778223709
1778223714
1778223720
1778223725
1778223730
1778223735
1778223740
1778223745
1778223750
1778223755
1778223760
1778223765
1778223770
1778223775
1778223781
1778223786
1778223791
1778223796
1778223801
1778223806
1778223811
1778223816
1778223821
1778223826
1778223831
1778223836
1778223842
1778223847
1778223852
1778223857
1778223862
1778223867
1778223872
1778223877
1778223882
1778223887
1778223893
1778223898
1778223903
1778223908
1778223913
1778223918
1778223924
1778223929
1778223934
1778223939
1778223944
1778223950
1778223955
1778223960
1778223965
1778223970
1778223975
1778223981
1778223986
1778223991
1778223996
1778224001
1778224007
1778224012
1778224017
1778224022
1778224028
1778224033
1778224038
1778224044
1778224049
1778224054
1778224059
1778224065
1778224070
1778224075
1778224080
1778224086
1778224091
1778224096
1778224101
1778224106
1778224112
1778224117
1778224122
1778224128
1778224133
1778224138
1778224143
1778224148
1778224154
1778224159
1778224164
1778224169
1778224174
1778224180
1778224185
1778224190
1778224195
1778224200
1778224206
1778224211
1778224216
1778224221
1778224226
1778224231
1778224237
1778224242
1778224247
1778224252
1778224258
1778224263
1778224268
1778224273
1778224278
1778224283
1778224289
1778224294
1778224299
1778224304
1778224309
1778224315
1778224320
1778224325
1778224330
1778224335
1778224341
1778224346
1778224351
1778224356
1778224361
1778224367
1778224372
1778224377
1778224382
1778224387
1778224393
1778224398
1778224403
1778224408
1778224413
1778224419
1778224424
1778224429
1778224434
1778224439
1778224444
1778224450
1778224455
1778224460
1778224465
1778224470
1778224476
1778224481
1778224486
1778224491
1778224497
1778224502
1778224507
1778224512
1778224517
1778224523
1778224528
1778224533
1778224538
1778224544
1778224549
1778224554
1778224559
1778224564
1778224570
1778224575
1778224580
1778224585
1778224590
1778224596
1778224601
1778224606
1778224611
1778224616
1778224622
1778224627
1778224632
1778224637
1778224642
1778224648
1778224653
1778224658
1778224663
1778224668
1778224674
1778224679
1778224684
1778224689
1778224694
1778224700
1778224705
1778224710
1778224715
1778224720
1778224726
1778224731
1778224736
1778224741
1778224746
1778224752
1778224757
1778224762
1778224767
1778224772
1778224778
1778224783
1778224788
1778224793
1778224798
1778224804
1778224809
1778224814
1778224819
1778224824
1778224830
1778224835
1778224840
1778224845
1778224850
1778224856
1778224861
1778224866
1778224871
1778224876
1778224882
1778224887
1778224892
1778224897
1778224902
1778224908
1778224913
1778224918
1778224923
1778224928
1778224933
1778224939
1778224944
1778224949
1778224954
1778224959
1778224965
1778224970
1778224975
1778224980
1778224985
1778224991
1778224996
1778225001
1778225006
1778225011
1778225017
1778225022
1778225027
1778225032
1778225037
1778225042
1778225047
1778225052
1778225057
1778225062
1778225067
1778225072
1778225078
1778225083
1778225088
1778225093
1778225098
1778225103
1778225108
1778225113
1778225118
1778225123
1778225128
1778225133
1778225138
1778225143
1778225148
1778225154
1778225159
1778225164
1778225169
1778225174
1778225179
1778225184
1778225189
1778225194
1778225199
1778225204
1778225209
1778225215
1778225220
1778225225
1778225230
1778225235
1778225240
1778225245
1778225250
1778225256
1778225261
1778225266
1778225271
1778225276
1778225281
1778225286
1778225291
1778225296
1778225301
1778225306
1778225311
1778225316
1778225321
1778225326
1778225332
1778225337
1778225342
1778225347
1778225352
1778225357
1778225362
1778225367
1778225372
1778225377
1778225382
1778225387
1778225392
1778225397
1778225402
1778225407
1778225412
1778225417
1778225422
1778225427
1778225433
1778225438
1778225443
1778225448
1778225453
1778225458
1778225463
1778225468
1778225473
1778225478
1778225483
1778225488
1778225493
1778225498
1778225503
1778225508
1778225513
1778225518
1778225523
1778225528
1778225533
1778225539
1778225544
1778225549
1778225554
1778225559
1778225564
1778225569
1778225574
1778225579
1778225584
1778225589
1778225594
1778225599
1778225604
1778225609
1778225614
1778225619
1778225625
1778225630
1778225635
1778225640
1778225645
1778225650
1778225655
1778225660
1778225665
1778225670
1778225675
1778225680
1778225685
1778225690
1778225696
1778225701
1778225706
1778225711
1778225716
1778225721
1778225726
1778225731
1778225736
1778225741
1778225746
1778225751
1778225756
1778225761
1778225767
1778225772
1778225777
1778225782
1778225787
1778225792
1778225797
1778225802
1778225807
1778225812
1778225817
1778225822
1778225827
1778225832
1778225837
1778225842
1778225848
1778225853
1778225858
1778225863
1778225868
1778225873
1778225878
1778225883
1778225888
1778225893
1778225898
1778225903
1778225908
1778225913
1778225918
1778225923
1778225929
1778225934
1778225939
1778225944
1778225949
1778225954
1778225959
1778225964
1778225969
1778225974
1778225979
1778225984
1778225989
1778225994
1778226000
1778226005
1778226010
1778226015
1778226020
1778226025
1778226030
1778226035
1778226040
1778226045
1778226050
1778226055
1778226060
1778226065
1778226071
1778226076
1778226081
1778226086
1778226091
1778226096
1778226101
1778226106
1778226111
1778226116
1778226121
1778226126
1778226131
1778226136
1778226141
1778226146
1778226152
1778226157
1778226162
1778226167
1778226172
1778226177
1778226182
1778226187
1778226192
1778226197
1778226202
1778226207
1778226212
1778226217
1778226222
1778226227
1778226232
1778226238
1778226243
1778226248
1778226253
1778226258
1778226263
1778226268
1778226273
1778226278
1778226283
1778226288
1778226293
1778226298
1778226303
1778226309
1778226314
1778226319
1778226324
1778226329
1778226334
1778226339
1778226344
1778226349
1778226354
1778226359
1778226364
1778226369
1778226374
1778226379
1778226385
1778226390
1778226395
1778226400
1778226405
1778226410
1778226415
1778226420
1778226425
1778226430
1778226435
1778226440
1778226445
1778226450
1778226455
1778226460
1778226466
1778226471
1778226476
1778226481
1778226486
1778226491
1778226496
1778226501
1778226506
1778226511
1778226516
1778226521
1778226526
1778226531
1778226536
1778226541
1778226546
1778226551
1778226557
1778226562
1778226567
1778226572
1778226577
1778226582
1778226587
1778226592
1778226597
1778226602
1778226607
1778226612
1778226617
1778226622
1778226627
1778226632
1778226638
1778226643
1778226648
1778226653
1778226658
1778226663
1778226668
1778226673
1778226678
1778226683
1778226688
1778226693
1778226698
1778226703
1778226708
1778226713
1778226718
1778226724
1778226729
1778226734
1778226739
1778226744
1778226749
1778226754
1778226759
1778226764
1778226769
1778226774
1778226779
1778226784
1778226789
1778226794
1778226799
1778226804
1778226810
1778226815
1778226820
1778226825
1778226830
1778226835
1778226840
1778226845
1778226850
1778226855
1778226860
1778226865
1778226870
1778226876
1778226881
1778226886
1778226891
1778226896
1778226901
1778226906
1778226911
1778226916
1778226921
1778226926
1778226932
1778226937
1778226942
1778226947
1778226952
1778226957
1778226962
1778226967
1778226972
1778226977
1778226982
1778226987
1778226993
1778226998
1778227003
1778227008
1778227013
1778227018
1778227023
1778227028
1778227033
1778227038
1778227043
1778227048
1778227053
1778227059
1778227064
1778227069
1778227074
1778227079
1778227084
1778227089
1778227094
1778227099
1778227104
1778227109
1778227114
1778227119
1778227124
1778227130
1778227135
1778227140
1778227145
1778227150
1778227155
1778227160
1778227165
1778227170
1778227175
1778227180
1778227185
1778227190
1778227196
1778227201
1778227206
1778227211
1778227216
1778227221
1778227226
1778227231
1778227236
1778227241
1778227246
1778227252
1778227257
1778227262
1778227267
1778227272
1778227277
1778227282
1778227287
1778227292
1778227297
1778227302
1778227307
1778227312
1778227318
1778227323
1778227328
1778227333
1778227338
1778227343
1778227348
1778227353
1778227358
1778227363
1778227368
1778227373
1778227379
1778227384
1778227389
1778227394
1778227399
1778227404
1778227409
1778227414
1778227419
1778227425
1778227430
1778227435
1778227440
1778227445
1778227450
1778227455
1778227460
1778227465
1778227470
1778227475
1778227480
1778227486
1778227491
1778227496
1778227501
1778227506
1778227511
1778227516
1778227521
1778227526
1778227531
1778227536
1778227542
1778227547
1778227552
1778227557
1778227562
1778227567
1778227572
1778227577
1778227582
1778227587
1778227592
1778227597
1778227603
1778227608
1778227613
1778227618
1778227623
1778227628
1778227633
1778227638
1778227643
1778227648
1778227653
1778227658
1778227664
1778227669
1778227674
1778227679
1778227684
1778227689
1778227694
1778227699
1778227704
1778227709
1778227714
1778227720
1778227725
1778227730
1778227735
1778227740
1778227745
1778227750
1778227755
1778227760
1778227765
1778227770
1778227776
1778227781
1778227786
1778227791
1778227796
1778227801
1778227806
1778227811
1778227816
1778227821
1778227826
1778227831
1778227837
1778227842
1778227847
1778227852
1778227857
1778227862
1778227867
1778227872
1778227877
1778227882
1778227887
1778227893
1778227898
1778227903
1778227908
1778227913
1778227918
1778227923
1778227928
1778227933
1778227939
1778227944
1778227949
1778227954
1778227959
1778227964
1778227969
1778227974
1778227979
1778227984
1778227989
1778227994
1778228000
1778228005
1778228010
1778228015
1778228020
1778228025
1778228030
1778228035
1778228040
1778228045
1778228050
1778228056
1778228061
1778228066
1778228071
1778228076
1778228081
1778228086
1778228091
1778228096
1778228101
1778228107
1778228112
1778228117
1778228122
1778228127
1778228132
1778228137
1778228142
1778228147
1778228152
1778228157
1778228162
1778228167
1778228172
1778228177
1778228183
1778228188
1778228193
1778228198
1778228203
1778228208
1778228213
1778228218
1778228223
1778228229
1778228234
1778228239
1778228244
1778228249
1778228254
1778228259
1778228264
1778228270
1778228275
1778228280
1778228285
1778228290
1778228295
1778228300
1778228306
1778228311
1778228316
1778228322
1778228327
1778228332
1778228337
1778228342
1778228347
1778228353
1778228358
1778228363
1778228368
1778228373
1778228378
1778228383
1778228388
1778228394
1778228399
1778228404
1778228409
1778228414
1778228419
1778228424
1778228430
1778228435
1778228440
1778228445
1778228450
1778228456
1778228461
1778228466
1778228471
1778228476
1778228482
1778228487
1778228492
1778228497
1778228502
1778228508
1778228513
1778228518
1778228523
1778228529
1778228534
1778228539
1778228544
1778228549
1778228555
1778228560
1778228565
1778228570
1778228575
1778228581
1778228586
1778228591
1778228596
1778228601
1778228607
1778228612
1778228617
1778228622
1778228627
1778228633
1778228638
1778228643
1778228648
1778228653
1778228659
1778228664
1778228669
1778228674
1778228680
1778228685
1778228690
1778228695
1778228700
1778228706
1778228711
1778228716
1778228721
1778228726
1778228732
1778228737
1778228742
1778228747
1778228753
1778228758
1778228763
1778228768
1778228773
1778228779
1778228784
1778228789
1778228794
1778228799
1778228805
1778228810
1778228815
1778228820
1778228825
1778228830
1778228836
1778228841
1778228846
1778228851
1778228856
1778228862
1778228867
1778228872
1778228877
1778228882
1778228888
1778228893
1778228898
1778228903
1778228908
1778228914
1778228919
1778228924
1778228929
1778228935
1778228940
1778228945
1778228950
1778228955
1778228961
1778228966
1778228971
1778228976
1778228981
1778228987
1778228992
1778228997
1778229002
1778229007
1778229013
1778229018
1778229023
1778229028
1778229034
1778229039
1778229044
1778229049
1778229054
1778229060
1778229065
1778229070
1778229075
1778229080
1778229086
1778229091
1778229096
1778229101
1778229106
1778229112
1778229117
1778229122
1778229127
1778229132
1778229138
1778229143
1778229148
1778229153
1778229158
1778229164
1778229169
1778229174
1778229179
1778229184
1778229189
1778229194
1778229200
1778229205
1778229210
1778229215
1778229220
1778229225
1778229230
1778229235
1778229240
1778229245
1778229250
1778229255
1778229260
1778229266
1778229271
1778229276
1778229281
1778229286
1778229291
1778229296
1778229301
1778229306
1778229311
1778229316
1778229321
1778229326
1778229332
1778229337
1778229342
1778229347
1778229352
1778229357
1778229362
1778229367
1778229372
1778229377
1778229382
1778229387
1778229392
1778229398
1778229403
1778229408
1778229413
1778229418
1778229423
1778229428
1778229433
1778229438
1778229443
1778229448
1778229453
1778229459
1778229464
1778229469
1778229474
1778229479
1778229484
1778229489
1778229494
1778229499
1778229504
1778229509
1778229514
1778229519
1778229525
1778229530
1778229535
1778229540
1778229545
1778229550
1778229555
1778229560
1778229565
1778229570
1778229575
1778229580
1778229586
1778229591
1778229596
1778229601
1778229606
1778229611
1778229616
1778229621
1778229626
1778229631
1778229636
1778229641
1778229646
1778229652
1778229657
1778229662
1778229667
1778229672
1778229677
1778229682
1778229687
1778229692
1778229697
1778229702
1778229707
1778229712
1778229717
1778229723
1778229728
1778229733
1778229738
1778229743
1778229748
1778229753
1778229758
1778229763
1778229768
1778229773
1778229778
1778229783
1778229789
1778229794
1778229799
1778229804
1778229809
1778229814
1778229819
1778229824
1778229829
1778229834
1778229840
1778229845
1778229850
1778229855
1778229860
1778229865
1778229870
1778229875
1778229880
1778229885
1778229890
1778229895
1778229901
1778229906
1778229911
1778229916
1778229921
1778229926
1778229931
1778229936
1778229941
1778229946
1778229951
1778229956
1778229962
1778229967
1778229972
1778229977
1778229982
1778229987
1778229992
1778229997
1778230002
1778230007
1778230012
1778230017
1778230022
1778230028
1778230033
1778230038
1778230043
1778230048
1778230053
1778230058
1778230063
1778230068
1778230073
1778230078
1778230084
1778230089
1778230094
1778230099
1778230104
1778230109
1778230114
1778230119
1778230124
1778230129
1778230134
1778230139
1778230145
1778230150
1778230155
1778230160
1778230165
1778230170
1778230175
1778230180
1778230185
1778230190
1778230195
1778230200
1778230205
1778230211
1778230216
1778230221
1778230226
1778230231
1778230236
1778230241
1778230246
1778230251
1778230256
1778230261
1778230266
1778230272
1778230277
1778230282
1778230287
1778230292
1778230297
1778230302
1778230307
1778230312
1778230317
1778230323
1778230328
1778230333
1778230338
1778230343
1778230348
1778230353
1778230358
1778230363
1778230368
1778230374
1778230379
1778230384
1778230389
1778230394
1778230399
1778230404
1778230409
1778230414
1778230419
1778230424
1778230429
1778230435
1778230440
1778230445
1778230450
1778230455
1778230460
1778230465
1778230470
1778230475
1778230480
1778230485
1778230490
1778230496
1778230501
1778230506
1778230511
1778230516
1778230521
1778230526
1778230531
1778230536
1778230541
1778230546
1778230551
1778230556
1778230562
1778230567
1778230572
1778230577
1778230582
1778230587
1778230592
1778230597
1778230602
1778230607
1778230612
1778230618
1778230623
1778230628
1778230633
1778230638
1778230643
1778230648
1778230653
1778230658
1778230663
1778230668
1778230673
1778230678
1778230683
1778230688
1778230694
1778230699
1778230704
1778230709
1778230714
1778230719
1778230724
1778230729
1778230734
1778230739
1778230744
1778230749
1778230754
1778230759
1778230765
1778230770
1778230775
1778230780
1778230785
1778230790
1778230795
1778230800
1778230805
1778230810
1778230815
1778230820
1778230826
1778230831
1778230836
1778230841
1778230846
1778230851
1778230856
1778230861
1778230866
1778230871
1778230876
1778230881
1778230887
1778230892
1778230897
1778230902
1778230907
1778230912
1778230917
1778230922
1778230927
1778230932
1778230937
1778230942
1778230947
1778230953
1778230958
1778230963
1778230968
1778230973
1778230978
1778230983
1778230988
1778230993
1778230998
1778231003
1778231008
1778231014
1778231019
1778231024
1778231029
1778231034
1778231039
1778231044
1778231049
1778231054
1778231059
1778231064
1778231069
1778231075
1778231080
1778231085
1778231090
1778231095
1778231100
1778231105
1778231110
1778231115
1778231120
1778231125
1778231130
1778231136
1778231141
1778231146
1778231151
1778231156
1778231161
1778231166
1778231171
1778231176
1778231181
1778231186
1778231192
1778231197
1778231202
1778231207
1778231212
1778231217
1778231222
1778231227
1778231232
1778231237
1778231242
1778231247
1778231253
1778231258
1778231263
1778231268
1778231273
1778231278
1778231283
1778231288
1778231293
1778231298
1778231303
1778231308
1778231314
1778231319
1778231324
1778231329
1778231334
1778231339
1778231344
1778231349
1778231354
1778231359
1778231364
1778231369
1778231375
1778231380
1778231385
1778231390
1778231395
1778231400
1778231405
1778231410
1778231415
1778231420
1778231425
1778231431
1778231436
1778231441
1778231446
1778231451
1778231456
1778231461
1778231466
1778231471
1778231476
1778231482
1778231487
1778231492
1778231497
1778231502
1778231507
1778231512
1778231517
1778231522
1778231527
1778231532
1778231537
1778231542
1778231548
1778231553
1778231558
1778231563
1778231568
1778231573
1778231578
1778231583
1778231588
1778231593
1778231598
1778231603
1778231609
1778231614
1778231619
1778231624
1778231629
1778231634
1778231639
1778231644
1778231649
1778231654
1778231659
1778231664
1778231669
1778231675
1778231680
1778231685
1778231690
1778231695
1778231700
1778231705
1778231710
1778231715
1778231720
1778231725
1778231730
1778231736
1778231741
1778231746
1778231751
1778231756
1778231761
1778231766
1778231771
1778231776
1778231781
1778231786
1778231791
1778231796
1778231802
1778231807
1778231812
1778231817
1778231822
1778231827
1778231832
1778231837
1778231842
1778231847
1778231852
1778231857
1778231863
1778231868
1778231873
1778231878
1778231883
1778231888
1778231893
1778231898
1778231903
1778231908
1778231913
1778231919
1778231924
1778231929
1778231934
1778231939
1778231944
1778231949
1778231954
1778231959
1778231964
1778231969
1778231974
1778231980
1778231985
1778231990
1778231995
1778232000
1778232005
1778232010
1778232015
1778232020
1778232025
1778232030
1778232036
1778232041
1778232046
1778232051
1778232056
1778232061
1778232066
1778232071
1778232076
1778232081
1778232086
1778232091
1778232096
1778232101
1778232106
1778232112
1778232117
1778232122
1778232127
1778232132
1778232137
1778232142
1778232147
1778232152
1778232157
1778232162
1778232168
1778232173
1778232178
1778232183
1778232188
1778232193
1778232198
1778232203
1778232208
1778232213
1778232218
1778232223
1778232229
1778232234
1778232239
1778232244
1778232249
1778232254
1778232259
1778232264
1778232269
1778232274
1778232279
1778232284
1778232289
1778232294
1778232300
1778232305
1778232310
1778232315
1778232320
1778232325
1778232330
1778232335
1778232340
1778232345
1778232350
1778232355
1778232360
1778232365
1778232370
1778232375
1778232380
1778232386
1778232391
1778232396
1778232401
1778232406
1778232411
1778232416
1778232421
1778232426
1778232431
1778232436
1778232441
1778232447
1778232452
1778232457
1778232462
1778232467
1778232472
1778232477
1778232482
1778232487
1778232492
1778232497
1778232502
1778232508
1778232513
1778232518
1778232523
1778232528
1778232533
1778232538
1778232543
1778232548
1778232553
1778232558
1778232563
1778232569
1778232574
1778232579
1778232584
1778232589
1778232594
1778232599
1778232604
1778232609
1778232614
1778232619
1778232625
1778232630
1778232635
1778232640
1778232645
1778232650
1778232655
1778232660
1778232665
1778232670
1778232675
1778232680
1778232686
1778232691
1778232696
1778232701
1778232706
1778232711
1778232716
1778232721
1778232726
1778232731
1778232736
1778232741
1778232747
1778232752
1778232757
1778232762
1778232767
1778232772
1778232777
1778232782
1778232787
1778232792
1778232797
1778232802
1778232808
1778232813
1778232818
1778232823
1778232828
1778232833
1778232838
1778232843
1778232848
1778232853
1778232858
1778232863
1778232869
1778232874
1778232879
1778232884
1778232889
1778232894
1778232899
1778232904
1778232909
1778232914
1778232919
1778232924
1778232930
1778232935
1778232940
1778232945
1778232950
1778232955
1778232960
1778232965
1778232970
1778232975
1778232980
1778232985
1778232991
1778232996
1778233001
1778233006
1778233011
1778233016
1778233021
1778233026
1778233031
1778233036
1778233041
1778233046
1778233052
1778233057
1778233062
1778233067
1778233072
1778233077
1778233082
1778233087
1778233092
1778233098
1778233103
1778233108
1778233113
1778233118
1778233123
1778233128
1778233133
1778233138
1778233143
1778233148
1778233154
1778233159
1778233164
1778233169
1778233174
1778233179
1778233184
1778233189
1778233194
1778233199
1778233204
1778233209
1778233214
1778233220
1778233225
1778233230
1778233235
1778233240
1778233245
1778233250
1778233255
1778233260
1778233265
1778233271
1778233276
1778233281
1778233286
1778233291
1778233296
1778233301
1778233306
1778233311
1778233316
1778233322
1778233327
1778233332
1778233337
1778233342
1778233347
1778233352
1778233357
1778233362
1778233367
1778233372
1778233378
1778233383
1778233388
1778233393
1778233398
1778233403
1778233408
1778233413
1778233418
1778233423
1778233428
1778233433
1778233438
1778233443
1778233448
1778233453
1778233458
1778233463
1778233469
1778233474
1778233479
1778233484
1778233489
1778233494
1778233499
1778233504
1778233509
1778233514
1778233519
1778233524
1778233529
1778233534
1778233539
1778233544
1778233549
1778233554
1778233559
1778233565
1778233570
1778233575
1778233580
1778233585
1778233590
1778233595
1778233600
1778233605
1778233610
1778233615
1778233620
1778233625
1778233630
1778233635
1778233640
1778233645
1778233651
1778233656
1778233661
1778233666
1778233671
1778233676
1778233681
1778233686
1778233691
1778233697
1778233702
1778233707
1778233712
1778233717
1778233722
1778233727
1778233732
1778233737
1778233742
1778233747
1778233752
1778233757
1778233763
1778233768
1778233773
1778233778
1778233783
1778233788
1778233793
1778233798
1778233803
1778233808
1778233813
1778233818
1778233823
1778233828
1778233833
1778233838
1778233843
1778233849
1778233854
1778233859
1778233864
1778233869
1778233874
1778233879
1778233884
1778233889
1778233894
1778233899
1778233904
1778233909
1778233915
1778233920
1778233925
1778233930
1778233935
1778233940
1778233945
1778233951
1778233956
1778233961
1778233966
1778233971
1778233976
1778233981
1778233987
1778233992
1778233997
1778234002
1778234007
1778234012
1778234018
1778234023
1778234028
1778234033
1778234038
1778234043
1778234048
1778234053
1778234059
1778234064
1778234069
1778234074
1778234079
1778234084
1778234089
1778234094
1778234100
1778234105
1778234110
1778234115
1778234120
1778234125
1778234130
1778234135
1778234141
1778234146
1778234151
1778234156
1778234161
1778234166
1778234171
1778234176
1778234182
1778234187
1778234192
1778234197
1778234202
1778234207
1778234212
1778234217
1778234223
1778234228
1778234233
1778234238
1778234243
1778234248
1778234253
1778234258
1778234263
1778234269
1778234274
1778234279
1778234284
1778234289
1778234294
1778234299
1778234304
1778234310
1778234315
1778234320
1778234325
1778234330
1778234335
1778234340
1778234345
1778234350
1778234356
1778234361
1778234366
1778234371
1778234376
1778234381
1778234386
1778234391
1778234397
1778234402
1778234407
1778234412
1778234417
1778234422
1778234427
1778234432
1778234438
1778234443
1778234448
1778234453
1778234458
1778234463
1778234468
1778234473
1778234478
1778234484
1778234489
1778234494
1778234499
1778234504
1778234509
1778234514
1778234519
1778234524
1778234530
1778234535
1778234540
1778234545
1778234550
1778234555
1778234560
1778234565
1778234570
1778234576
1778234581
1778234586
1778234591
1778234596
1778234601
1778234606
1778234611
1778234617
1778234622
1778234627
1778234632
1778234637
1778234642
1778234647
1778234652
1778234657
1778234663
1778234668
1778234673
1778234678
1778234683
1778234688
1778234693
1778234698
1778234703
1778234709
1778234714
1778234719
1778234724
1778234729
1778234734
1778234739
1778234744
1778234750
1778234755
1778234760
1778234765
1778234770
1778234775
1778234780
1778234785
1778234790
1778234796
1778234801
1778234806
1778234811
1778234816
1778234821
1778234826
1778234831
1778234836
1778234842
1778234847
1778234852
1778234857
1778234862
1778234867
1778234872
1778234877
1778234882
1778234887
1778234892
1778234897
1778234903
1778234908
1778234913
1778234918
1778234923
1778234928
1778234933
1778234938
1778234943
1778234948
1778234953
1778234958
1778234963
1778234968
1778234973
1778234978
1778234983
1778234988
1778234993
1778234998
1778235004
1778235009
1778235014
1778235019
1778235024
1778235029
1778235034
1778235039
1778235044
1778235049
1778235054
1778235059
1778235064
1778235069
1778235074
1778235079
1778235084
1778235089
1778235094
1778235099
1778235105
1778235110
1778235115
1778235120
1778235125
1778235130
1778235135
1778235140
1778235145
1778235150
1778235155
1778235160
1778235165
1778235170
1778235175
1778235180
1778235185
1778235190
1778235195
1778235200
1778235206
1778235211
1778235216
1778235221
1778235226
1778235231
1778235236
1778235241
1778235246
1778235251
1778235256
1778235261
1778235266
1778235271
1778235276
1778235281
1778235286
1778235291
1778235296
1778235302
1778235307
1778235312
1778235317
1778235322
1778235327
1778235332
1778235337
1778235342
1778235347
1778235352
1778235357
1778235362
1778235367
1778235372
1778235377
1778235382
1778235387
1778235393
1778235398
1778235403
1778235408
1778235413
1778235418
1778235423
1778235428
1778235433
1778235438
1778235443
1778235448
1778235453
1778235458
1778235463
1778235468
1778235473
1778235478
1778235484
1778235489
1778235494
1778235499
1778235504
1778235509
1778235514
1778235519
1778235524
1778235529
1778235534
1778235539
1778235544
1778235550
1778235555
1778235560
1778235565
1778235570
1778235575
1778235580
1778235585
1778235590
1778235595
1778235600
1778235605
1778235610
1778235615
1778235620
1778235625
1778235630
1778235636
1778235641
1778235646
1778235651
1778235656
1778235661
1778235666
1778235671
1778235676
1778235681
1778235686
1778235691
1778235696
1778235701
1778235706
1778235711
1778235716
1778235721
1778235727
1778235732
1778235737
1778235742
1778235747
1778235752
1778235757
1778235762
1778235767
1778235772
1778235777
1778235782
1778235787
1778235792
1778235797
1778235802
1778235807
1778235812
1778235818
1778235823
1778235828
1778235833
1778235838
1778235843
1778235848
1778235853
1778235858
1778235863
1778235868
1778235873
1778235878
1778235883
1778235888
1778235893
1778235898
1778235903
1778235908
1778235913
1778235919
1778235924
1778235929
1778235934
1778235939
1778235944
1778235949
1778235954
1778235959
1778235964
1778235969
1778235974
1778235979
1778235984
1778235989
1778235994
1778235999
1778236004
1778236009
1778236015
1778236020
1778236025
1778236030
1778236035
1778236040
1778236045
1778236050
1778236055
1778236060
1778236065
1778236070
1778236075
1778236080
1778236085
1778236090
1778236095
1778236100
1778236105
1778236110
1778236116
1778236121
1778236126
1778236131
1778236136
1778236141
1778236146
1778236151
1778236156
1778236161
1778236166
1778236171
1778236176
1778236181
1778236186
1778236191
1778236196
1778236201
1778236206
1778236212
1778236217
1778236222
1778236227
1778236232
1778236237
1778236242
1778236247
1778236252
1778236257
1778236262
1778236267
1778236272
1778236277
1778236282
1778236287
1778236293
1778236298
1778236303
1778236308
1778236313
1778236318
1778236323
1778236328
1778236333
1778236338
1778236343
1778236348
1778236353
1778236358
1778236363
1778236368
1778236373
1778236378
1778236383
1778236388
1778236394
1778236399
1778236404
1778236409
1778236414
1778236419
1778236424
1778236429
1778236434
1778236439
1778236444
1778236449
1778236454
1778236459
1778236464
1778236469
1778236474
1778236479
1778236484
1778236489
1778236495
1778236500
1778236505
1778236510
1778236515
1778236520
1778236525
1778236530
1778236535
1778236540
1778236545
1778236550
1778236555
1778236560
1778236565
1778236570
1778236575
1778236580
1778236585
1778236590
1778236596
1778236601
1778236606
1778236611
1778236616
1778236621
1778236626
1778236631
1778236636
1778236641
1778236646
1778236651
1778236656
1778236661
1778236666
1778236671
1778236676
1778236682
1778236687
1778236692
1778236697
1778236702
1778236707
1778236712
1778236717
1778236722
1778236727
1778236732
1778236737
1778236742
1778236747
1778236752
1778236757
1778236762
1778236767
1778236772
1778236778
1778236783
1778236788
1778236793
1778236798
1778236803
1778236808
1778236813
1778236818
1778236823
1778236828
1778236833
1778236838
1778236843
1778236848
1778236853
1778236858
1778236863
1778236868
1778236874
1778236879
1778236884
1778236889
1778236894
1778236899
1778236904
1778236909
1778236914
1778236919
1778236924
1778236929
1778236934
1778236939
1778236944
1778236949
1778236954
1778236959
1778236964
1778236969
1778236974
1778236980
1778236985
1778236990
1778236995
1778237000
1778237005
1778237010
1778237015
1778237020
1778237025
1778237030
1778237035
1778237040
1778237045
1778237050
1778237055
1778237060
1778237065
1778237070
1778237075
1778237081
1778237086
1778237091
1778237096
1778237101
1778237106
1778237111
1778237116
1778237121
1778237126
1778237131
1778237136
1778237141
1778237146
1778237151
1778237156
1778237161
1778237166
1778237171
1778237176
1778237181
1778237187
1778237192
1778237197
1778237202
1778237207
1778237212
1778237217
1778237222
1778237227
1778237232
1778237237
1778237242
1778237247
1778237252
1778237257
1778237262
1778237267
1778237272
1778237277
1778237282
1778237287
1778237293
1778237298
1778237303
1778237308
1778237313
1778237318
1778237323
1778237328
1778237333
1778237338
1778237343
1778237348
1778237353
1778237358
1778237363
1778237368
1778237373
1778237378
1778237383
1778237388
1778237394
1778237399
1778237404
1778237409
1778237414
1778237419
1778237424
1778237429
1778237434
1778237439
1778237444
1778237449
1778237454
1778237459
1778237464
1778237469
1778237474
1778237479
1778237484
1778237489
1778237494
1778237500
1778237505
1778237510
1778237515
1778237520
1778237525
1778237530
1778237535
1778237540
1778237545
1778237550
1778237555
1778237560
1778237565
1778237570
1778237575
1778237580
1778237585
1778237590
1778237595
1778237600
1778237606
1778237611
1778237616
1778237621
1778237626
1778237631
1778237636
1778237641
1778237646
1778237651
1778237656
1778237661
1778237666
1778237671
1778237676
1778237681
1778237686
1778237691
1778237696
1778237701
1778237707
1778237712
1778237717
1778237722
1778237727
1778237732
1778237737
1778237742
1778237747
1778237752
1778237757
1778237762
1778237767
1778237772
1778237777
1778237782
1778237787
1778237792
1778237797
1778237802
1778237807
1778237813
1778237818
1778237823
1778237828
1778237833
1778237838
1778237843
1778237848
1778237853
1778237858
1778237863
1778237868
1778237873
1778237878
1778237883
1778237888
1778237893
1778237898
1778237903
1778237908
1778237913
1778237919
1778237924
1778237929
1778237934
1778237939
1778237944
1778237949
1778237954
1778237959
1778237964
1778237969
1778237974
1778237979
1778237984
1778237989
1778237994
1778237999
1778238004
1778238009
1778238014
1778238020
1778238025
1778238030
1778238035
1778238040
1778238045
1778238050
1778238055
1778238060
1778238065
1778238070
1778238075
1778238080
1778238085
1778238090
1778238095
1778238100
1778238105
1778238110
1778238115
1778238120
1778238126
1778238131
1778238136
1778238141
1778238146
1778238151
1778238156
1778238161
1778238166
1778238171
1778238176
1778238181
1778238186
1778238191
1778238196
1778238201
1778238206
1778238211
1778238216
1778238221
1778238227
1778238232
1778238237
1778238242
1778238247
1778238252
1778238257
1778238262
1778238267
1778238272
1778238277
1778238282
1778238287
1778238292
1778238297
1778238302
1778238307
1778238312
1778238317
1778238322
1778238327
1778238333
1778238338
1778238343
1778238348
1778238353
1778238358
1778238363
1778238368
1778238373
1778238378
1778238383
1778238388
1778238393
1778238398
1778238403
1778238408
1778238413
1778238418
1778238423
1778238428
1778238434
1778238439
1778238444
1778238449
1778238454
1778238459
1778238464
1778238469
1778238474
1778238479
1778238484
1778238489
1778238494
1778238499
1778238504
1778238509
1778238514
1778238519
1778238524
1778238529
1778238535
1778238540
1778238545
1778238550
1778238555
1778238560
1778238565
1778238570
1778238575
1778238580
1778238585
1778238590
1778238595
1778238600
1778238605
1778238610
1778238615
1778238620
1778238625
1778238630
1778238635
1778238641
1778238646
1778238651
1778238656
1778238661
1778238666
1778238671
1778238676
1778238681
1778238686
1778238691
1778238696
1778238701
1778238706
1778238711
1778238716
1778238721
1778238726
1778238731
1778238736
1778238741
1778238747
1778238752
1778238757
1778238762
1778238767
1778238772
1778238777
1778238782
1778238787
1778238792
1778238797
1778238802
1778238807
1778238812
1778238817
1778238822
1778238827
1778238832
1778238837
1778238842
1778238848
1778238853
1778238858
1778238863
1778238868
1778238873
1778238878
1778238883
1778238888
1778238893
1778238898
1778238903
1778238908
1778238913
1778238918
1778238923
1778238928
1778238933
1778238938
1778238943
1778238948
1778238954
1778238959
1778238964
1778238969
1778238974
1778238979
1778238984
1778238989
1778238994
1778238999
1778239004
1778239009
1778239014
1778239019
1778239024
1778239029
1778239034
1778239039
1778239044
1778239049
1778239055
1778239060
1778239065
1778239070
1778239075
1778239080
1778239085
1778239090
1778239095
1778239100
1778239105
1778239110
1778239115
1778239120
1778239125
1778239130
1778239135
1778239140
1778239145
1778239150
1778239155
1778239161
1778239166
1778239171
1778239176
1778239181
1778239186
1778239191
1778239196
1778239201
1778239206
1778239211
1778239216
1778239221
1778239226
1778239231
1778239236
1778239241
1778239246
1778239251
1778239256
1778239262
1778239267
1778239272
1778239277
1778239282
1778239287
1778239292
1778239297
1778239302
1778239307
1778239312
1778239317
1778239322
1778239327
1778239332
1778239337
1778239342
1778239347
1778239352
1778239357
1778239362
1778239368
1778239373
1778239378
1778239383
1778239388
1778239393
1778239398
1778239403
1778239408
1778239413
1778239418
1778239423
1778239428
1778239433
1778239438
1778239443
1778239448
1778239453
1778239458
1778239463
1778239469
1778239474
1778239479
1778239484
1778239489
1778239494
1778239499
1778239504
1778239509
1778239514
1778239519
1778239524
1778239529
1778239534
1778239539
1778239544
1778239549
1778239554
1778239559
1778239564
1778239570
1778239575
1778239580
1778239585
1778239590
1778239595
1778239600
1778239605
1778239610
1778239615
1778239620
1778239625
1778239630
1778239635
1778239640
1778239645
1778239650
1778239655
1778239660
1778239666
1778239671
1778239676
1778239681
1778239686
1778239691
1778239696
1778239701
1778239706
1778239711
1778239716
1778239721
1778239726
1778239731
1778239736
1778239741
1778239746
1778239752
1778239757
1778239762
1778239767
1778239772
1778239777
1778239782
1778239787
1778239792
1778239797
1778239802
1778239807
1778239812
1778239817
1778239822
1778239827
1778239832
1778239838
1778239843
1778239848
1778239853
1778239858
1778239863
1778239868
1778239873
1778239878
1778239883
1778239888
1778239893
1778239898
1778239903
1778239908
1778239913
1778239918
1778239923
1778239929
1778239934
1778239939
1778239944
1778239949
1778239954
1778239959
1778239964
1778239969
1778239974
1778239979
1778239984
1778239989
1778239994
1778239999
1778240004
1778240009
1778240014
1778240020
1778240025
1778240030
1778240035
1778240040
1778240045
1778240050
1778240055
1778240060
1778240065
1778240070
1778240075
1778240080
1778240085
1778240090
1778240095
1778240100
1778240105
1778240110
1778240116
1778240121
1778240126
1778240131
1778240136
1778240141
1778240146
1778240151
1778240156
1778240161
1778240166
1778240171
1778240176
1778240182
1778240187
1778240192
1778240197
1778240202
1778240207
1778240212
1778240217
1778240222
1778240227
1778240232
1778240237
1778240242
1778240247
1778240252
1778240257
1778240262
1778240267
1778240273
1778240278
1778240283
1778240288
1778240293
1778240298
1778240303
1778240308
1778240313
1778240318
1778240323
1778240328
1778240333
1778240338
1778240343
1778240348
1778240353
1778240358
1778240363
1778240368
1778240374
1778240379
1778240384
1778240389
1778240394
1778240399
1778240404
1778240409
1778240414
1778240419
1778240424
1778240429
1778240434
1778240439
1778240444
1778240449
1778240454
1778240459
1778240464
1778240470
1778240475
1778240480
1778240485
1778240490
1778240495
1778240500
1778240505
1778240510
1778240515
1778240520
1778240525
1778240530
1778240535
1778240540
1778240545
1778240550
1778240555
1778240560
1778240566
1778240571
1778240576
1778240581
1778240586
1778240591
1778240596
1778240601
1778240606
1778240611
1778240616
1778240621
1778240626
1778240631
1778240636
1778240641
1778240647
1778240652
1778240657
1778240662
1778240667
1778240672
1778240677
1778240682
1778240687
1778240692
1778240697
1778240702
1778240707
1778240712
1778240717
1778240722
1778240727
1778240732
1778240737
1778240742
1778240748
1778240753
1778240758
1778240763
1778240768
1778240773
1778240778
1778240783
1778240788
1778240793
1778240798
1778240803
1778240808
1778240813
1778240818
1778240823
1778240828
1778240833
1778240838
1778240844
1778240849
1778240854
1778240859
1778240864
1778240869
1778240874
1778240879
1778240884
1778240889
1778240894
1778240899
1778240904
1778240909
1778240914
1778240919
1778240925
1778240930
1778240935
1778240940
1778240945
1778240950
1778240955
1778240960
1778240965
1778240970
1778240975
1778240980
1778240985
1778240990
1778240995
1778241000
1778241005
1778241010
1778241015
1778241020
1778241025
1778241031
1778241036
1778241041
1778241046
1778241051
1778241056
1778241061
1778241066
1778241071
1778241076
1778241081
1778241086
1778241091
1778241096
1778241101
1778241106
1778241111
1778241116
1778241121
1778241126
1778241131
1778241137
1778241142
1778241147
1778241152
1778241157
1778241162
1778241167
1778241172
1778241177
1778241182
1778241187
1778241192
1778241197
1778241202
1778241207
1778241212
1778241217
1778241222
1778241227
1778241232
1778241238
1778241243
1778241248
1778241253
1778241258
1778241263
1778241268
1778241273
1778241278
1778241283
1778241288
1778241293
1778241298
1778241303
1778241308
1778241313
1778241318
1778241323
1778241328
1778241333
1778241339
1778241344
1778241349
1778241354
1778241359
1778241364
1778241369
1778241374
1778241379
1778241384
1778241389
1778241394
1778241399
1778241404
1778241409
1778241414
1778241419
1778241424
1778241430
1778241435
1778241440
1778241445
1778241450
1778241455
1778241460
1778241465
1778241470
1778241475
1778241480
1778241485
1778241490
1778241495
1778241500
1778241505
1778241510
1778241516
1778241521
1778241526
1778241531
1778241536
1778241541
1778241546
1778241551
1778241556
1778241561
1778241566
1778241571
1778241576
1778241581
1778241586
1778241591
1778241596
1778241601
1778241606
1778241611
1778241617
1778241622
1778241627
1778241632
1778241637
1778241642
1778241647
1778241652
1778241657
1778241662
1778241667
1778241672
1778241677
1778241682
1778241687
1778241692
1778241697
1778241702
1778241707
1778241713
1778241718
1778241723
1778241728
1778241733
1778241738
1778241743
1778241748
1778241753
1778241758
1778241763
1778241768
1778241773
1778241778
1778241783
1778241788
1778241794
1778241799
1778241804
1778241809
1778241814
1778241819
1778241824
1778241829
1778241834
1778241839
1778241844
1778241849
1778241854
1778241859
1778241864
1778241869
1778241874
1778241880
1778241885
1778241890
1778241895
1778241900
1778241905
1778241910
1778241915
1778241920
1778241925
1778241930
1778241935
1778241940
1778241945
1778241950
1778241956
1778241961
1778241966
1778241971
1778241976
1778241981
1778241986
1778241991
1778241996
1778242001
1778242006
1778242011
1778242016
1778242021
1778242026
1778242031
1778242036
1778242041
1778242046
1778242051
1778242057
1778242062
1778242067
1778242072
1778242077
1778242082
1778242087
1778242092
1778242097
1778242102
1778242107
1778242112
1778242117
1778242122
1778242127
1778242132
1778242137
1778242142
1778242147
1778242152
1778242158
1778242163
1778242168
1778242173
1778242178
1778242183
1778242188
1778242193
1778242198
1778242203
1778242208
1778242213
1778242218
1778242223
1778242228
1778242233
1778242238
1778242243
1778242248
1778242253
1778242259
1778242264
1778242269
1778242274
1778242279
1778242284
1778242289
1778242294
1778242299
1778242304
1778242309
1778242314
1778242319
1778242324
1778242329
1778242334
1778242339
1778242344
1778242349
1778242354
1778242360
1778242365
1778242370
1778242375
1778242380
1778242385
1778242390
1778242395
1778242400
1778242405
1778242410
1778242415
1778242420
1778242425
1778242430
1778242435
1778242440
1778242445
1778242450
1778242455
1778242461
1778242466
1778242471
1778242476
1778242481
1778242486
1778242491
1778242496
1778242501
1778242506
1778242511
1778242516
1778242521
1778242527
1778242532
1778242538
1778242543
1778242548
1778242553
1778242559
1778242564
1778242569
1778242574
1778242579
1778242584
1778242590
1778242595
1778242600
1778242605
1778242610
1778242615
1778242620
1778242625
1778242630
1778242635
1778242640
1778242645
1778242650
1778242655
1778242660
1778242665
1778242670
1778242675
1778242681
1778242686
1778242691
1778242696
1778242701
1778242706
1778242711
1778242716
1778242721
1778242726
1778242731
1778242736
1778242741
1778242746
1778242751
1778242756
1778242762
1778242767
1778242772
1778242778
1778242783
1778242789
1778242794
1778242800
1778242805
1778242810
1778242816
1778242821
1778242826
1778242831
1778242837
1778242842
1778242847
1778242852
1778242857
1778242862
1778242867
1778242872
1778242877
1778242882
1778242887
1778242892
1778242897
1778242902
1778242908
1778242913
1778242918
1778242923
1778242928
1778242933
1778242938
1778242943
1778242948
1778242953
1778242958
1778242963
1778242968
1778242973
1778242978
1778242983
1778242988
1778242994
1778242999
1778243004
1778243009
1778243014
1778243019
1778243024
1778243029
1778243034
1778243039
1778243044
1778243049
1778243054
1778243059
1778243064
1778243069
1778243074
1778243079
1778243084
1778243089
1778243095
1778243100
1778243105
1778243110
1778243115
1778243120
1778243125
1778243130
1778243135
1778243140
1778243145
1778243150
1778243155
1778243160
1778243165
1778243170
1778243175
1778243180
1778243185
1778243191
1778243196
1778243201
1778243206
1778243211
1778243216
1778243221
1778243226
1778243231
1778243236
1778243241
1778243246
1778243251
1778243256
1778243261
1778243266
1778243271
1778243276
1778243282
1778243287
1778243292
1778243297
1778243302
1778243307
1778243312
1778243317
1778243322
1778243327
1778243332
1778243337
1778243342
1778243347
1778243352
1778243357
1778243362
1778243367
1778243373
1778243378
1778243383
1778243388
1778243393
1778243398
1778243403
1778243408
1778243413
1778243418
1778243423
1778243428
1778243433
1778243438
1778243443
1778243448
1778243453
1778243458
1778243464
1778243469
1778243474
1778243479
1778243484
1778243489
1778243494
1778243499
1778243504
1778243509
1778243514
1778243519
1778243524
1778243529
1778243534
1778243539
1778243544
1778243549
1778243554
1778243559
1778243565
1778243570
1778243575
1778243580
1778243585
1778243590
1778243595
1778243600
1778243605
1778243610
1778243615
1778243620
1778243625
1778243630
1778243635
1778243640
1778243645
1778243650
1778243655
1778243660
1778243666
1778243671
1778243676
1778243681
1778243686
1778243691
1778243696
1778243701
1778243706
1778243711
1778243716
1778243721
1778243726
1778243731
1778243736
1778243741
1778243746
1778243751
1778243756
1778243761
1778243766
1778243772
1778243777
1778243782
1778243787
1778243792
1778243797
1778243802
1778243807
1778243812
1778243817
1778243822
1778243827
1778243832
1778243837
1778243842
1778243847
1778243852
1778243858
1778243863
1778243868
1778243873
1778243878
1778243883
1778243888
1778243893
1778243898
1778243904
1778243909
1778243914
1778243919
1778243924
1778243929
1778243934
1778243939
1778243944
1778243950
1778243955
1778243960
1778243965
1778243970
1778243975
1778243981
1778243986
1778243991
1778243997
1778244002
1778244007
1778244013
1778244018
1778244024
1778244029
1778244034
1778244040
1778244045
1778244051
1778244056
1778244061
1778244067
1778244072
1778244077
1778244082
1778244088
1778244093
1778244098
1778244103
1778244108
1778244113
1778244119
1778244124
1778244129
1778244134
1778244139
1778244144
1778244150
1778244155
1778244160
1778244165
1778244170
1778244176
1778244181
1778244186
1778244191
1778244196
1778244201
1778244207
1778244212
1778244217
1778244222
1778244227
1778244232
1778244237
1778244243
1778244248
1778244253
1778244258
1778244263
1778244268
1778244273
1778244278
1778244284
1778244289
1778244294
1778244299
1778244304
1778244309
1778244314
1778244319
1778244325
1778244330
1778244335
1778244340
1778244345
1778244350
1778244355
1778244360
1778244365
1778244371
1778244376
1778244381
1778244386
1778244391
1778244396
1778244401
1778244406
1778244412
1778244417
1778244422
1778244427
1778244432
1778244437
1778244442
1778244447
1778244453
1778244458
1778244463
1778244468
1778244473
1778244478
1778244483
1778244488
1778244494
1778244499
1778244504
1778244509
1778244514
1778244519
1778244524
1778244529
1778244535
1778244540
1778244545
1778244550
1778244555
1778244560
1778244565
1778244570
1778244576
1778244581
1778244586
1778244591
1778244596
1778244601
1778244606
1778244611
1778244617
1778244622
1778244627
1778244632
1778244637
1778244642
1778244647
1778244652
1778244657
1778244663
1778244668
1778244673
1778244678
1778244683
1778244688
1778244693
1778244698
1778244704
1778244709
1778244714
1778244719
1778244724
1778244729
1778244734
1778244739
1778244744
1778244750
1778244755
1778244760
1778244765
1778244770
1778244775
1778244780
1778244785
1778244791
1778244796
1778244801
1778244806
1778244811
1778244816
1778244821
1778244827
1778244832
1778244837
1778244842
1778244847
1778244852
1778244857
1778244862
1778244867
1778244873
1778244878
1778244883
1778244888
1778244893
1778244898
1778244903
1778244908
1778244914
1778244919
1778244924
1778244929
1778244934
1778244939
1778244944
1778244949
1778244955
1778244960
1778244965
1778244970
1778244975
1778244980
1778244985
1778244990
1778244995
1778245001
1778245006
1778245011
1778245016
1778245021
1778245026
1778245031
1778245036
1778245041
1778245047
1778245052
1778245057
1778245062
1778245067
1778245072
1778245077
1778245082
1778245087
1778245093
1778245098
1778245103
1778245108
1778245113
1778245118
1778245123
1778245128
1778245134
1778245139
1778245144
1778245149
1778245154
1778245159
1778245164
1778245169
1778245174
1778245180
1778245185
1778245190
1778245195
1778245200
1778245205
1778245210
1778245215
1778245220
1778245225
1778245230
1778245235
1778245240
1778245245
1778245250
1778245255
1778245260
1778245265
1778245270
1778245276
1778245281
1778245286
1778245291
1778245296
1778245301
1778245306
1778245311
1778245316
1778245321
1778245326
1778245331
1778245336
1778245341
1778245346
1778245351
1778245356
1778245361
1778245366
1778245371
1778245376
1778245382
1778245387
1778245392
1778245397
1778245402
1778245407
1778245412
1778245417
1778245422
1778245427
1778245432
1778245437
1778245442
1778245447
1778245452
1778245457
1778245462
1778245467
1778245472
1778245477
1778245483
1778245488
1778245493
1778245498
1778245503
1778245508
1778245513
1778245518
1778245523
1778245528
1778245533
1778245538
1778245543
1778245548
1778245553
1778245558
1778245563
1778245568
1778245574
1778245579
1778245584
1778245589
1778245594
1778245599
1778245604
1778245609
1778245614
1778245619
1778245624
1778245629
1778245634
1778245639
1778245644
1778245649
1778245654
1778245660
1778245665
1778245670
1778245675
1778245680
1778245685
1778245690
1778245695
1778245700
1778245705
1778245710
1778245715
1778245720
1778245725
1778245730
1778245735
1778245740
1778245745
1778245750
1778245756
1778245761
1778245766
1778245771
1778245776
1778245781
1778245786
1778245791
1778245796
1778245801
1778245806
1778245811
1778245816
1778245821
1778245826
1778245831
1778245836
1778245841
1778245846
1778245851
1778245857
1778245862
1778245867
1778245872
1778245877
1778245882
1778245887
1778245892
1778245897
1778245902
1778245907
1778245912
1778245917
1778245922
1778245927
1778245932
1778245937
1778245942
1778245948
1778245953
1778245958
1778245963
1778245968
1778245973
1778245978
1778245983
1778245988
1778245993
1778245998
1778246003
1778246008
1778246013
1778246018
1778246023
1778246028
1778246034
1778246039
1778246044
1778246049
1778246054
1778246059
1778246064
1778246069
1778246074
1778246079
1778246084
1778246089
1778246094
1778246099
1778246104
1778246109
1778246114
1778246119
1778246124
1778246130
1778246135
1778246140
1778246145
1778246150
1778246155
1778246160
1778246165
1778246170
1778246175
1778246180
1778246185
1778246190
1778246195
1778246200
1778246206
1778246211
1778246216
1778246221
1778246226
1778246231
1778246236
1778246241
1778246247
1778246252
1778246257
1778246262
1778246267
1778246272
1778246277
1778246283
1778246288
1778246293
1778246298
1778246304
1778246309
1778246314
1778246319
1778246324
1778246329
1778246334
1778246339
1778246345
1778246350
1778246355
1778246360
1778246365
1778246370
1778246375
1778246380
1778246386
1778246391
1778246396
1778246401
1778246406
1778246411
1778246416
1778246421
1778246427
1778246432
1778246437
1778246442
1778246447
1778246452
1778246457
1778246462
1778246467
1778246473
1778246478
1778246483
1778246488
1778246493
1778246498
1778246503
1778246508
1778246514
1778246519
1778246524
1778246529
1778246534
1778246539
1778246544
1778246549
1778246555
1778246560
1778246565
1778246570
1778246575
1778246580
1778246585
1778246590
1778246595
1778246601
1778246606
1778246611
1778246616
1778246621
1778246626
1778246631
1778246636
1778246641
1778246647
1778246652
1778246657
1778246662
1778246667
1778246672
1778246677
1778246682
1778246688
1778246693
1778246698
1778246703
1778246708
1778246713
1778246718
1778246723
1778246729
1778246734
1778246739
1778246744
1778246749
1778246754
1778246759
1778246764
1778246769
1778246775
1778246780
1778246785
1778246790
1778246795
1778246800
1778246805
1778246810
1778246815
1778246821
1778246826
1778246831
1778246836
1778246841
1778246846
1778246851
1778246856
1778246861
1778246867
1778246872
1778246877
1778246882
1778246887
1778246892
1778246897
1778246902
1778246908
1778246913
1778246918
1778246923
1778246928
1778246933
1778246938
1778246943
1778246948
1778246954
1778246959
1778246964
1778246969
1778246974
1778246979
1778246984
1778246990
1778246995
1778247000
1778247005
1778247010
1778247015
1778247020
1778247025
1778247030
1778247036
1778247041
1778247046
1778247051
1778247056
1778247061
1778247066
1778247071
1778247077
1778247082
1778247087
1778247092
1778247097
1778247102
1778247107
1778247112
1778247118
1778247123
1778247128
1778247133
1778247138
1778247143
1778247148
1778247153
1778247158
1778247164
1778247169
1778247174
1778247179
1778247184
1778247189
1778247194
1778247199
1778247204
1778247210
1778247215
1778247220
1778247225
1778247230
1778247235
1778247240
1778247245
1778247250
1778247256
1778247261
1778247266
1778247271
1778247276
1778247281
1778247286
1778247291
1778247297
1778247302
1778247307
1778247312
1778247317
1778247322
1778247327
1778247332
1778247337
1778247343
1778247348
1778247353
1778247358
1778247363
1778247368
1778247373
1778247378
1778247383
1778247389
1778247394
1778247399
1778247404
1778247409
1778247414
1778247419
1778247424
1778247429
1778247434
1778247439
1778247444
1778247449
1778247454
1778247460
1778247465
1778247470
1778247475
1778247480
1778247485
1778247490
1778247495
1778247500
1778247505
1778247510
1778247515
1778247520
1778247525
1778247530
1778247535
1778247540
1778247545
1778247550
1778247555
1778247560
1778247566
1778247571
1778247576
1778247581
1778247586
1778247591
1778247596
1778247601
1778247606
1778247611
1778247616
1778247621
1778247626
1778247631
1778247636
1778247641
1778247646
1778247651
1778247656
1778247661
1778247667
1778247672
1778247677
1778247682
1778247687
1778247692
1778247697
1778247702
1778247707
1778247712
1778247717
1778247722
1778247727
1778247732
1778247737
1778247742
1778247747
1778247752
1778247757
1778247762
1778247768
1778247773
1778247778
1778247783
1778247788
1778247793
1778247798
1778247803
1778247808
1778247813
1778247818
1778247823
1778247828
1778247833
1778247838
1778247843
1778247848
1778247853
1778247858
1778247863
1778247869
1778247874
1778247879
1778247884
1778247889
1778247894
1778247899
1778247904
1778247909
1778247914
1778247919
1778247924
1778247929
1778247934
1778247939
1778247944
1778247949
1778247954
1778247959
1778247964
1778247970
1778247975
1778247980
1778247985
1778247990
1778247995
1778248000
1778248005
1778248010
1778248015
1778248020
1778248025
1778248030
1778248035
1778248040
1778248045
1778248050
1778248055
1778248060
1778248065
1778248071
1778248076
1778248081
1778248086
1778248091
1778248096
1778248101
1778248106
1778248111
1778248116
1778248121
1778248126
1778248131
1778248136
1778248141
1778248146
1778248151
1778248156
1778248162
1778248167
1778248172
1778248177
1778248182
1778248187
1778248192
1778248197
1778248202
1778248207
1778248212
1778248217
1778248223
1778248228
1778248233
1778248238
1778248243
1778248248
1778248253
1778248258
1778248264
1778248269
1778248274
1778248279
1778248284
1778248289
1778248294
1778248299
1778248305
1778248310
1778248315
1778248320
1778248325
1778248330
1778248335
1778248341
1778248346
1778248351
1778248356
1778248361
1778248366
1778248371
1778248376
1778248382
1778248387
1778248392
1778248397
1778248402
1778248407
1778248412
1778248417
1778248423
1778248428
1778248433
1778248438
1778248443
1778248448
1778248453
1778248458
1778248464
1778248469
1778248474
1778248479
1778248484
1778248489
1778248494
1778248499
1778248504
1778248510
1778248515
1778248520
1778248525
1778248530
1778248535
1778248540
1778248545
1778248551
1778248556
1778248561
1778248566
1778248571
1778248576
1778248581
1778248586
1778248592
1778248597
1778248602
1778248607
1778248612
1778248617
1778248622
1778248628
1778248633
1778248638
1778248643
1778248648
1778248653
1778248658
1778248664
1778248669
1778248674
1778248679
1778248684
1778248689
1778248695
1778248700
1778248705
1778248710
1778248715
1778248720
1778248725
1778248731
1778248736
1778248741
1778248746
1778248752
1778248757
1778248762
1778248767
1778248772
1778248777
1778248782
1778248788
1778248793
1778248798
1778248803
1778248808
1778248813
1778248818
1778248824
1778248829
1778248834
1778248839
1778248844
1778248849
1778248854
1778248859
1778248865
1778248870
1778248875
1778248880
1778248885
1778248890
1778248895
1778248901
1778248906
1778248911
1778248916
1778248921
1778248926
1778248931
1778248937
1778248942
1778248947
1778248952
1778248957
1778248962
1778248968
1778248973
1778248978
1778248983
1778248988
1778248993
1778248998
1778249004
1778249009
1778249014
1778249019
1778249024
1778249029
1778249034
1778249040
1778249045
1778249050
1778249055
1778249061
1778249066
1778249072
1778249077
1778249082
1778249088
1778249093
1778249098
1778249103
1778249109
1778249114
1778249119
1778249124
1778249130
1778249135
1778249140
1778249145
1778249151
1778249156
1778249161
1778249167
1778249172
1778249177
1778249182
1778249188
1778249193
1778249198
1778249203
1778249208
1778249213
1778249219
1778249224
1778249229
1778249234
1778249239
1778249245
1778249250
1778249255
1778249260
1778249265
1778249270
1778249276
1778249281
1778249286
1778249291
1778249296
1778249301
1778249306
1778249311
1778249317
1778249322
1778249327
1778249332
1778249337
1778249342
1778249347
1778249352
1778249358
1778249363
1778249368
1778249373
1778249378
1778249383
1778249388
1778249393
1778249399
1778249404
1778249409
1778249414
1778249419
1778249424
1778249429
1778249434
1778249439
1778249444
1778249449
1778249454
1778249459
1778249464
1778249469
1778249474
1778249479
1778249484
1778249490
1778249495
1778249500
1778249505
1778249510
1778249515
1778249520
1778249525
1778249530
1778249535
1778249540
1778249545
1778249550
1778249555
1778249560
1778249565
1778249570
1778249575
1778249580
1778249586
1778249591
1778249596
1778249601
1778249606
1778249611
1778249616
1778249621
1778249626
1778249631
1778249636
1778249641
1778249646
1778249651
1778249656
1778249661
1778249666
1778249671
1778249676
1778249681
1778249687
1778249692
1778249697
1778249702
1778249707
1778249712
1778249717
1778249722
1778249727
1778249732
1778249737
1778249742
1778249747
1778249752
1778249757
1778249762
1778249767
1778249772
1778249777
1778249782
1778249788
1778249793
1778249798
1778249803
1778249808
1778249813
1778249818
1778249823
1778249828
1778249833
1778249838
1778249843
1778249848
1778249853
1778249858
1778249863
1778249868
1778249873
1778249878
1778249884
1778249889
1778249894
1778249899
1778249904
1778249909
1778249914
1778249919
1778249924
1778249929
1778249934
1778249939
1778249944
1778249949
1778249954
1778249959
1778249964
1778249969
1778249974
1778249979
1778249985
1778249990
1778249995
1778250000
1778250005
1778250010
1778250015
1778250020
1778250025
1778250030
1778250035
1778250040
1778250045
1778250050
1778250055
1778250060
1778250066
1778250071
1778250076
1778250081
1778250086
1778250091
1778250096
1778250101
1778250106
1778250111
1778250116
1778250121
1778250126
1778250131
1778250136
1778250142
1778250147
1778250152
1778250157
1778250162
1778250167
1778250172
1778250177
1778250182
1778250187
1778250192
1778250197
1778250202
1778250207
1778250212
1778250217
1778250222
1778250227
1778250232
1778250237
1778250243
1778250248
1778250253
1778250258
1778250263
1778250268
1778250273
1778250278
1778250283
1778250288
1778250293
1778250298
1778250303
1778250308
1778250313
1778250318
1778250323
1778250329
1778250334
1778250339
1778250344
1778250349
1778250354
1778250359
1778250364
1778250369
1778250374
1778250379
1778250384
1778250389
1778250394
1778250399
1778250404
1778250409
1778250415
1778250420
1778250425
1778250430
1778250435
1778250440
1778250445
1778250450
1778250455
1778250460
1778250465
1778250470
1778250475
1778250480
1778250485
1778250491
1778250496
1778250501
1778250506
1778250511
1778250516
1778250521
1778250526
1778250531
1778250536
1778250541
1778250546
1778250551
1778250556
1778250561
1778250567
1778250572
1778250577
1778250582
1778250587
1778250592
1778250597
1778250602
1778250607
1778250612
1778250617
1778250622
1778250627
1778250632
1778250637
1778250642
1778250648
1778250653
1778250658
1778250663
1778250668
1778250673
1778250678
1778250684
1778250689
1778250694
1778250699
1778250704
1778250709
1778250714
1778250719
1778250725
1778250730
1778250735
1778250740
1778250745
1778250750
1778250755
1778250761
1778250766
1778250771
1778250776
1778250781
1778250786
1778250792
1778250797
1778250802
1778250807
1778250812
1778250818
1778250823
1778250828
1778250833
1778250838
1778250844
1778250849
1778250854
1778250859
1778250864
1778250869
1778250874
1778250880
1778250885
1778250890
1778250895
1778250900
1778250905
1778250910
1778250915
1778250921
1778250926
1778250931
1778250936
1778250941
1778250946
1778250951
1778250956
1778250962
1778250967
1778250972
1778250977
1778250982
1778250987
1778250992
1778250997
1778251003
1778251008
1778251013
1778251018
1778251023
1778251028
1778251033
1778251038
1778251044
1778251049
1778251054
1778251059
1778251064
1778251069
1778251074
1778251079
1778251085
1778251090
1778251095
1778251100
1778251105
1778251110
1778251115
1778251121
1778251126
1778251131
1778251136
1778251141
1778251146
1778251151
1778251156
1778251162
1778251167
1778251172
1778251177
1778251182
1778251187
1778251192
1778251198
1778251203
1778251208
1778251213
1778251218
1778251223
1778251228
1778251233
1778251239
1778251244
1778251249
1778251254
1778251259
1778251264
1778251269
1778251274
1778251280
1778251285
1778251290
1778251295
1778251300
1778251305
1778251310
1778251315
1778251321
1778251326
1778251331
1778251336
1778251341
1778251346
1778251351
1778251356
1778251362
1778251367
1778251372
1778251377
1778251382
1778251387
1778251392
1778251397
1778251403
1778251408
1778251413
1778251418
1778251423
1778251428
1778251433
1778251439
1778251444
1778251449
1778251454
1778251459
1778251464
1778251469
1778251474
1778251480
1778251485
1778251490
1778251495
1778251500
1778251505
1778251510
1778251516
1778251521
1778251526
1778251531
1778251536
1778251541
1778251546
1778251551
1778251557
1778251562
1778251567
1778251572
1778251577
1778251582
1778251587
1778251592
1778251598
1778251603
1778251608
1778251613
1778251618
1778251623
1778251628
1778251633
1778251638
1778251644
1778251649
1778251654
1778251659
1778251664
1778251669
1778251674
1778251679
1778251685
1778251690
1778251695
1778251700
1778251705
1778251710
1778251715
1778251720
1778251725
1778251731
1778251736
1778251741
1778251746
1778251751
1778251756
1778251761
1778251766
1778251772
1778251777
1778251782
1778251787
1778251792
1778251797
1778251802
1778251807
1778251812
1778251818
1778251823
1778251828
1778251833
1778251838
1778251843
1778251848
1778251853
1778251859
1778251864
1778251869
1778251874
1778251879
1778251884
1778251889
1778251894
1778251899
1778251904
1778251909
1778251914
1778251919
1778251924
1778251929
1778251934
1778251940
1778251945
1778251950
1778251955
1778251960
1778251965
1778251970
1778251975
1778251980
1778251985
1778251990
1778251995
1778252000
1778252005
1778252010
1778252015
1778252020
1778252025
1778252030
1778252036
1778252041
1778252046
1778252051
1778252056
1778252061
1778252066
1778252071
1778252076
1778252081
1778252086
1778252091
1778252096
1778252101
1778252106
1778252111
1778252116
1778252121
1778252127
1778252132
1778252137
1778252142
1778252147
1778252152
1778252157
1778252162
1778252167
1778252172
1778252177
1778252182
1778252187
1778252192
1778252197
1778252202
1778252207
1778252212
1778252218
1778252223
1778252228
1778252233
1778252238
1778252243
1778252248
1778252253
1778252258
1778252263
1778252268
1778252273
1778252278
1778252283
1778252288
1778252293
1778252298
1778252303
1778252308
1778252314
1778252319
1778252324
1778252329
1778252334
1778252339
1778252344
1778252349
1778252354
1778252359
1778252364
1778252369
1778252374
1778252379
1778252384
1778252389
1778252394
1778252399
1778252405
1778252410
1778252415
1778252420
1778252425
1778252430
1778252435
1778252440
1778252445
1778252450
1778252455
1778252460
1778252465
1778252470
1778252475
1778252480
1778252485
1778252490
1778252495
1778252500
1778252506
1778252511
1778252516
1778252521
1778252526
1778252531
1778252536
1778252541
1778252546
1778252551
1778252556
1778252561
1778252566
1778252571
1778252576
1778252581
1778252586
1778252591
1778252596
1778252602
1778252607
1778252612
1778252617
1778252622
1778252627
1778252632
1778252637
1778252642
1778252647
1778252652
1778252657
1778252662
1778252667
1778252673
1778252678
1778252683
1778252688
1778252693
1778252698
1778252703
1778252708
1778252713
1778252718
1778252723
1778252729
1778252734
1778252739
1778252744
1778252749
1778252754
1778252760
1778252765
1778252770
1778252775
1778252780
1778252785
1778252790
1778252795
1778252800
1778252805
1778252811
1778252816
1778252821
1778252826
1778252831
1778252836
1778252841
1778252846
1778252851
1778252856
1778252861
1778252867
1778252872
1778252877
1778252882
1778252887
1778252892
1778252897
1778252902
1778252907
1778252912
1778252917
1778252922
1778252927
1778252932
1778252937
1778252942
1778252947
1778252952
1778252958
1778252963
1778252968
1778252973
1778252978
1778252983
1778252988
1778252993
1778252998
1778253003
1778253008
1778253013
1778253018
1778253023
1778253028
1778253033
1778253038
1778253043
1778253048
1778253054
1778253059
1778253064
1778253069
1778253074
1778253079
1778253084
1778253089
1778253094
1778253099
1778253104
1778253109
1778253114
1778253119
1778253124
1778253129
1778253135
1778253140
1778253145
1778253150
1778253155
1778253160
1778253165
1778253170
1778253175
1778253180
1778253185
1778253190
1778253195
1778253200
1778253205
1778253210
1778253215
1778253220
1778253225
1778253230
1778253236
1778253241
1778253246
1778253251
1778253256
1778253261
1778253266
1778253271
1778253276
1778253281
1778253286
1778253291
1778253296
1778253301
1778253307
1778253312
1778253317
1778253322
1778253327
1778253332
1778253337
1778253342
1778253347
1778253352
1778253357
1778253363
1778253368
1778253373
1778253378
1778253383
1778253388
1778253393
1778253398
1778253403
1778253408
1778253413
1778253418
1778253423
1778253429
1778253434
1778253439
1778253444
1778253449
1778253454
1778253459
1778253464
1778253469
1778253474
1778253479
1778253485
1778253490
1778253495
1778253500
1778253505
1778253510
1778253515
1778253520
1778253526
1778253531
1778253536
1778253541
1778253546
1778253551
1778253556
1778253561
1778253566
1778253572
1778253577
1778253582
1778253587
1778253592
1778253597
1778253602
1778253608
1778253613
1778253618
1778253623
1778253628
1778253633
1778253638
1778253643
1778253649
1778253654
1778253659
1778253664
1778253669
1778253674
1778253679
1778253684
1778253689
1778253694
1778253699
1778253705
1778253710
1778253715
1778253720
1778253725
1778253730
1778253735
1778253741
1778253746
1778253751
1778253756
1778253761
1778253766
1778253771
1778253776
1778253781
1778253786
1778253791
1778253797
1778253802
1778253807
1778253812
1778253817
1778253822
1778253827
1778253832
1778253837
1778253842
1778253847
1778253853
1778253858
1778253863
1778253868
1778253873
1778253878
1778253883
1778253888
1778253894
1778253899
1778253904
1778253909
1778253914
1778253919
1778253924
1778253929
1778253934
1778253939
1778253944
1778253949
1778253955
1778253960
1778253965
1778253970
1778253975
1778253980
1778253985
1778253990
1778253995
1778254000
1778254005
1778254010
1778254015
1778254021
1778254026
1778254031
1778254036
1778254041
1778254046
1778254051
1778254056
1778254061
1778254066
1778254071
1778254077
1778254082
1778254087
1778254092
1778254097
1778254102
1778254107
1778254112
1778254117
1778254122
1778254128
1778254133
1778254138
1778254143
1778254148
1778254153
1778254158
1778254163
1778254168
1778254173
1778254179
1778254184
1778254189
1778254194
1778254199
1778254204
1778254209
1778254214
1778254219
1778254224
1778254230
1778254235
1778254240
1778254245
1778254250
1778254255
1778254260
1778254265
1778254270
1778254275
1778254281
1778254286
1778254291
1778254296
1778254301
1778254306
1778254311
1778254316
1778254321
1778254326
1778254331
1778254337
1778254342
1778254347
1778254352
1778254357
1778254362
1778254367
1778254372
1778254377
1778254382
1778254387
1778254392
1778254398
1778254403
1778254408
1778254413
1778254418
1778254423
1778254428
1778254433
1778254438
1778254443
1778254448
1778254453
1778254458
1778254463
1778254468
1778254473
1778254478
1778254484
1778254489
1778254494
1778254499
1778254504
1778254509
1778254514
1778254519
1778254524
1778254529
1778254534
1778254539
1778254544
1778254549
1778254554
1778254559
1778254565
1778254570
1778254575
1778254580
1778254585
1778254590
1778254595
1778254600
1778254605
1778254610
1778254615
1778254620
1778254625
1778254630
1778254635
1778254640
1778254646
1778254651
1778254656
1778254661
1778254666
1778254671
1778254676
1778254681
1778254686
1778254691
1778254696
1778254701
1778254706
1778254712
1778254717
1778254722
1778254727
1778254732
1778254737
1778254742
1778254747
1778254752
1778254757
1778254762
1778254768
1778254773
1778254778
1778254783
1778254788
1778254793
1778254798
1778254803
1778254808
1778254813
1778254818
1778254823
1778254829
1778254834
1778254839
1778254844
1778254849
1778254854
1778254859
1778254864
1778254869
1778254874
1778254879
1778254885
1778254890
1778254895
1778254900
1778254905
1778254910
1778254915
1778254920
1778254925
1778254930
1778254935
1778254940
1778254945
1778254950
1778254955
1778254960
1778254966
1778254971
1778254976
1778254981
1778254986
1778254991
1778254996
1778255001
1778255006
1778255011
1778255016
1778255021
1778255026
1778255031
1778255036
1778255041
1778255046
1778255052
1778255057
1778255062
1778255067
1778255072
1778255077
1778255082
1778255087
1778255092
1778255097
1778255102
1778255107
1778255112
1778255117
1778255122
1778255127
1778255132
1778255138
1778255143
1778255148
1778255153
1778255158
1778255163
1778255168
1778255173
1778255178
1778255183
1778255188
1778255193
1778255198
1778255203
1778255208
1778255213
1778255218
1778255224
1778255229
1778255234
1778255239
1778255244
1778255249
1778255254
1778255259
1778255264
1778255269
1778255274
1778255279
1778255284
1778255289
1778255294
1778255299
1778255304
1778255310
1778255315
1778255320
1778255325
1778255330
1778255335
1778255340
1778255345
1778255350
1778255355
1778255360
1778255365
1778255370
1778255375
1778255380
1778255385
1778255390
1778255395
1778255401
1778255406
1778255411
1778255416
1778255421
1778255426
1778255431
1778255436
1778255441
1778255446
1778255451
1778255456
1778255461
1778255466
1778255471
1778255477
1778255482
1778255487
1778255492
1778255497
1778255502
1778255507
1778255512
1778255517
1778255522
1778255527
1778255532
1778255537
1778255542
1778255547
1778255552
1778255557
1778255563
1778255568
1778255573
1778255578
1778255583
1778255588
1778255593
1778255598
1778255603
1778255608
1778255613
1778255618
1778255623
1778255628
1778255633
1778255638
1778255643
1778255648
1778255653
1778255659
1778255664
1778255669
1778255674
1778255679
1778255684
1778255689
1778255694
1778255699
1778255704
1778255709
1778255714
1778255719
1778255724
1778255729
1778255734
1778255739
1778255744
1778255750
1778255755
1778255760
1778255765
1778255770
1778255775
1778255780
1778255785
1778255790
1778255795
1778255800
1778255805
1778255810
1778255815
1778255820
1778255825
1778255830
1778255836
1778255841
1778255846
1778255851
1778255856
1778255861
1778255866
1778255871
1778255876
1778255881
1778255886
1778255891
1778255896
1778255901
1778255907
1778255912
1778255917
1778255922
1778255927
1778255932
1778255937
1778255942
1778255947
1778255952
1778255957
1778255962
1778255968
1778255973
1778255978
1778255983
1778255988
1778255993
1778255998
1778256003
1778256008
1778256013
1778256018
1778256023
1778256028
1778256033
1778256039
1778256044
1778256049
1778256054
1778256059
1778256064
1778256069
1778256074
1778256079
1778256084
1778256089
1778256094
1778256099
1778256104
1778256109
1778256114
1778256119
1778256125
1778256130
1778256135
1778256140
1778256145
1778256150
1778256155
1778256160
1778256165
1778256170
1778256175
1778256180
1778256185
1778256190
1778256195
1778256200
1778256205
1778256210
1778256215
1778256220
1778256226
1778256231
1778256236
1778256241
1778256246
1778256251
1778256256
1778256261
1778256266
1778256271
1778256276
1778256281
1778256286
1778256291
1778256296
1778256301
1778256307
1778256312
1778256317
1778256322
1778256327
1778256332
1778256337
1778256342
1778256347
1778256352
1778256357
1778256363
1778256368
1778256373
1778256378
1778256383
1778256388
1778256393
1778256398
1778256403
1778256408
1778256413
1778256418
1778256424
1778256430
1778256435
1778256440
1778256445
1778256450
1778256455
1778256460
1778256465
1778256470
1778256475
1778256481
1778256486
1778256491
1778256496
1778256501
1778256506
1778256511
1778256516
1778256521
1778256526
1778256531
1778256536
1778256542
1778256547
1778256552
1778256557
1778256562
1778256567
1778256572
1778256577
1778256582
1778256587
1778256592
1778256598
1778256603
1778256608
1778256613
1778256618
1778256623
1778256628
1778256633
1778256639
1778256646
1778256651
1778256657
1778256662
1778256667
1778256672
1778256677
1778256682
1778256687
1778256692
1778256697
1778256702
1778256707
1778256712
1778256718
1778256723
1778256728
1778256733
1778256738
1778256743
1778256748
1778256753
1778256758
1778256763
1778256768
1778256773
1778256778
1778256783
1778256788
1778256794
1778256799
1778256804
1778256809
1778256814
1778256819
1778256824
1778256829
1778256834
1778256839
1778256844
1778256849
1778256854
1778256860
1778256865
1778256870
1778256875
1778256880
1778256885
1778256890
1778256895
1778256900
1778256905
1778256910
1778256915
1778256921
1778256926
1778256931
1778256936
1778256941
1778256946
1778256951
1778256956
1778256961
1778256966
1778256971
1778256976
1778256981
1778256986
1778256991
1778256996
1778257002
1778257007
1778257012
1778257017
1778257022
1778257027
1778257032
1778257037
1778257042
1778257047
1778257052
1778257057
1778257062
1778257067
1778257072
1778257077
1778257083
1778257088
1778257093
1778257098
1778257103
1778257108
1778257113
1778257118
1778257123
1778257128
