[INFO] Ramping up 1000 clients over 60.0s to mqtt-service:1883
[STATUS] connected=0/1000
[STATUS] connected=166/1000
[STATUS] connected=332/1000
[STATUS] connected=339/1000
[STATUS] connected=339/1000
[STATUS] connected=339/1000
[WARN] loadgen-jmmnhrkmzu failed to connect
[WARN] loadgen-qvoowkbgkz failed to connect
[WARN] loadgen-cvyydbbisk failed to connect
[WARN] loadgen-pcxhyokrlu failed to connect
[WARN] loadgen-augzhvqhzy failed to connect
[WARN] loadgen-qqdorawzba failed to connect
[WARN] loadgen-sexyeatyms failed to connect
[WARN] loadgen-dpductjpiv failed to connect
[WARN] loadgen-iwcprktsfx failed to connect
[WARN] loadgen-zskzwwxiar failed to connect
[WARN] loadgen-imrszwfrtb failed to connect
[WARN] loadgen-rfjzzrrlbz failed to connect
[WARN] loadgen-cxfyyiwtun failed to connect
[WARN] loadgen-qzxaahadiy failed to connect
[WARN] loadgen-omtzipczbr failed to connect
[WARN] loadgen-fpakcjazol failed to connect
[WARN] loadgen-tyqexcjwkr failed to connect
[WARN] loadgen-orhdayyowb failed to connect
[WARN] loadgen-nezooewqtf failed to connect
[WARN] loadgen-jotasyazmf failed to connect
[WARN] loadgen-glaichkbmc failed to connect
[WARN] loadgen-wxuyqbchvm failed to connect
[WARN] loadgen-agbuhyytyr failed to connect
[WARN] loadgen-ncpiwozvpe failed to connect
[WARN] loadgen-ktxbxqrrcu failed to connect
[WARN] loadgen-fnitsfbfwf failed to connect
[WARN] loadgen-gezhrjortu failed to connect
[WARN] loadgen-xgcccevbrx failed to connect
[WARN] loadgen-rkvonhviqk failed to connect
[WARN] loadgen-lcxoevxbod failed to connect
[WARN] loadgen-uclktlwhui failed to connect
[WARN] loadgen-yfbiyvsisu failed to connect
[WARN] loadgen-camlhbebxs failed to connect
[WARN] loadgen-aphjjttxbs failed to connect
[WARN] loadgen-ijlxwgzqol failed to connect
[WARN] loadgen-njoforqhlq failed to connect
[WARN] loadgen-xcuoqmmfee failed to connect
[WARN] loadgen-bddfpbidsc failed to connect
[WARN] loadgen-shwbfjmzbu failed to connect
[WARN] loadgen-xgdztipzjd failed to connect
[WARN] loadgen-jxtahqorqw failed to connect
[WARN] loadgen-ekrypxsemq failed to connect
[WARN] loadgen-gfzhqazfnj failed to connect
[WARN] loadgen-oxklvezczt failed to connect
[WARN] loadgen-qmstbfatfs failed to connect
[WARN] loadgen-tdnqbmysds failed to connect
[WARN] loadgen-vyptficibk failed to connect
[WARN] loadgen-wvzvqoosob failed to connect
[WARN] loadgen-sdyhcxtotk failed to connect
[WARN] loadgen-xdugaujnct failed to connect
[WARN] loadgen-gccydolwsi failed to connect
[WARN] loadgen-pspwqiaost failed to connect
[WARN] loadgen-pvwqpypoyn failed to connect
[WARN] loadgen-xtpxdpzvcx failed to connect
[WARN] loadgen-wueuoboktc failed to connect
[WARN] loadgen-kzsyvcvqsd failed to connect
[WARN] loadgen-gzuknnuqic failed to connect
[WARN] loadgen-wlstpdzsxr failed to connect
[WARN] loadgen-puitdjjsfs failed to connect
[WARN] loadgen-uqkvtzbtxd failed to connect
[WARN] loadgen-cesgrjztjs failed to connect
[WARN] loadgen-tldkbbeocp failed to connect
[WARN] loadgen-ysijhvtxcs failed to connect
[WARN] loadgen-dvyywfbnzk failed to connect
[WARN] loadgen-pvhjxsymji failed to connect
[WARN] loadgen-ypkqlkqksv failed to connect
[WARN] loadgen-ttguaujljz failed to connect
[WARN] loadgen-hdmpchrcha failed to connect
[WARN] loadgen-pbqpeqjjuz failed to connect
[WARN] loadgen-qljofwsmjn failed to connect
[WARN] loadgen-uiyejjhvxd failed to connect
[WARN] loadgen-iycwuymhos failed to connect
[WARN] loadgen-ojxqnytvju failed to connect
[WARN] loadgen-lbrxmcjsci failed to connect
[WARN] loadgen-tlbmwkqlej failed to connect
[WARN] loadgen-yldjuuauyw failed to connect
[WARN] loadgen-ecejryljyt failed to connect
[WARN] loadgen-eldlmrbbzq failed to connect
[WARN] loadgen-yhuzbhkori failed to connect
[WARN] loadgen-pkcsowcowv failed to connect
[WARN] loadgen-ubdmcasuef failed to connect
[WARN] loadgen-kjgmilfesb failed to connect
[WARN] loadgen-tycwmetdcr failed to connect
[WARN] loadgen-riisecwanz failed to connect
[WARN] loadgen-soorhwlpvl failed to connect
[WARN] loadgen-ztfmhxibzn failed to connect
[WARN] loadgen-fjlbsfxfxu failed to connect
[WARN] loadgen-ecbeqbyebp failed to connect
[WARN] loadgen-pejtwfiqll failed to connect
[WARN] loadgen-sholksezae failed to connect
[WARN] loadgen-vkvwvpuorq failed to connect
[WARN] loadgen-poounnwsri failed to connect
[WARN] loadgen-zprgblsniz failed to connect
[WARN] loadgen-zcctvpbvfd failed to connect
[WARN] loadgen-pqeczhvlzu failed to connect
[WARN] loadgen-rbgoynikec failed to connect
[WARN] loadgen-nhbeznjspn failed to connect
[WARN] loadgen-jvmoxivtge failed to connect
[WARN] loadgen-hdqfdsdrip failed to connect
[WARN] loadgen-mkplpsjbvc failed to connect
[WARN] loadgen-iijkiiczap failed to connect
[WARN] loadgen-qalemcsuoq failed to connect
[WARN] loadgen-ihchyngwqv failed to connect
[WARN] loadgen-frkzmphosu failed to connect
[WARN] loadgen-iptphzanoo failed to connect
[WARN] loadgen-aqunyhkqrx failed to connect
[WARN] loadgen-xjbhiyktlu failed to connect
[WARN] loadgen-smhtadeihd failed to connect
[WARN] loadgen-ndjakiwyoq failed to connect
[WARN] loadgen-zcjpwcubep failed to connect
[WARN] loadgen-tslzkjwmsp failed to connect
[WARN] loadgen-bbgkzjxcxj failed to connect
[WARN] loadgen-yabbpwzptx failed to connect
[WARN] loadgen-gauqdcdfcw failed to connect
[WARN] loadgen-nkpjjlozfv failed to connect
[WARN] loadgen-zksrvgppqc failed to connect
[WARN] loadgen-iponryyzxo failed to connect
[WARN] loadgen-vzofltqcsq failed to connect
[WARN] loadgen-lbbdofiibd failed to connect
[WARN] loadgen-qdwdmorqmw failed to connect
[WARN] loadgen-tmjaqdzywk failed to connect
[WARN] loadgen-ghkyscoble failed to connect
[WARN] loadgen-shbjjyrecu failed to connect
[WARN] loadgen-sifnxfxfhd failed to connect
[WARN] loadgen-nhbichehze failed to connect
[WARN] loadgen-xjmafgisdh failed to connect
[WARN] loadgen-awmajalfsa failed to connect
[WARN] loadgen-xohgvdmepn failed to connect
[WARN] loadgen-lmczpjtecn failed to connect
[WARN] loadgen-zepofphfuc failed to connect
[WARN] loadgen-asuefswmhd failed to connect
[WARN] loadgen-fhryoazolf failed to connect
[WARN] loadgen-fyakqhtmvh failed to connect
[WARN] loadgen-wpqqtqamwq failed to connect
[WARN] loadgen-rzmmrullst failed to connect
[WARN] loadgen-mwtajuback failed to connect
[WARN] loadgen-abqivzhcsp failed to connect
[WARN] loadgen-kmzvtplhnh failed to connect
[WARN] loadgen-xcgbhonbzx failed to connect
[WARN] loadgen-xcvkzzhujf failed to connect
[WARN] loadgen-hlhoizplwb failed to connect
[WARN] loadgen-wfvevyakdj failed to connect
[WARN] loadgen-kyrkpccbgb failed to connect
[WARN] loadgen-dehqiabbok failed to connect
[WARN] loadgen-jkrtwwzwyx failed to connect
[WARN] loadgen-zgtorpqesq failed to connect
[WARN] loadgen-rkluzcwjob failed to connect
[WARN] loadgen-ubkrkbqryr failed to connect
[WARN] loadgen-qiytavlwem failed to connect
[WARN] loadgen-yeawxxzdxh failed to connect
[WARN] loadgen-pmqvaspzqr failed to connect
[WARN] loadgen-pyejmndraq failed to connect
[WARN] loadgen-dqljvmlyyd failed to connect
[WARN] loadgen-racmszvtcz failed to connect
[WARN] loadgen-hxutvvcnrh failed to connect
[WARN] loadgen-uqcasxaprp failed to connect
[WARN] loadgen-gllvoxikpe failed to connect
[WARN] loadgen-gufkhtxehe failed to connect
[WARN] loadgen-ihvhdiirxu failed to connect
[WARN] loadgen-egmtuywcjb failed to connect
[WARN] loadgen-lnadvvjdkc failed to connect
[WARN] loadgen-exreuhtpbz failed to connect
[WARN] loadgen-fenxyxhusm failed to connect
[WARN] loadgen-sohuqwrqna failed to connect
[WARN] loadgen-xvckzdoxac failed to connect
[WARN] loadgen-afzcuudlow failed to connect
[WARN] loadgen-zrgbckqykr failed to connect
[WARN] loadgen-kqojvvgnbz failed to connect
[WARN] loadgen-zhlnaweoem failed to connect
[WARN] loadgen-azkdedmekg failed to connect
[WARN] loadgen-hxuvhyqwyp failed to connect
[WARN] loadgen-ggwcgenezx failed to connect
[WARN] loadgen-afgphptjgh failed to connect
[WARN] loadgen-vtqnwmnxja failed to connect
[WARN] loadgen-dcbjduzwsg failed to connect
[WARN] loadgen-pyuihaevzk failed to connect
[WARN] loadgen-jhqpfhrkhf failed to connect
[WARN] loadgen-mrshoxvmew failed to connect
[WARN] loadgen-dwizaksdgb failed to connect
[WARN] loadgen-xujveqfoxv failed to connect
[WARN] loadgen-ekhiqtolrv failed to connect
[WARN] loadgen-mddaspqlwj failed to connect
[WARN] loadgen-namoowtdvx failed to connect
[WARN] loadgen-mddyiktyzy failed to connect
[WARN] loadgen-bsuuzmfpdv failed to connect
[WARN] loadgen-xvgxfhrnxg failed to connect
[WARN] loadgen-fqeufsooct failed to connect
[WARN] loadgen-sfwesxxjed failed to connect
[WARN] loadgen-qvtxwtmpmp failed to connect
[WARN] loadgen-wmyfgihipi failed to connect
[WARN] loadgen-ppmfayedfe failed to connect
[WARN] loadgen-oucpgwloxf failed to connect
[WARN] loadgen-vftisprnls failed to connect
[WARN] loadgen-bjyusfqyzk failed to connect
[WARN] loadgen-uhgyaopwse failed to connect
[WARN] loadgen-iwifjmketr failed to connect
[WARN] loadgen-pkxpshitnb failed to connect
[WARN] loadgen-ziokqihbwj failed to connect
[WARN] loadgen-kzrkktzapv failed to connect
[WARN] loadgen-gmuuwbinko failed to connect
[WARN] loadgen-lntdpxnxxb failed to connect
[WARN] loadgen-ozrqgtxdzg failed to connect
[WARN] loadgen-wusyhmsald failed to connect
[WARN] loadgen-mebvtatoac failed to connect
[WARN] loadgen-uigtbgcqcs failed to connect
[WARN] loadgen-lhwdxqmwkk failed to connect
[WARN] loadgen-hyjaznaupo failed to connect
[WARN] loadgen-oabcdisfiq failed to connect
[WARN] loadgen-lgygnatjlg failed to connect
[WARN] loadgen-xsijxzcqsp failed to connect
[WARN] loadgen-bmwbvugkae failed to connect
[WARN] loadgen-fzaajdifdq failed to connect
[WARN] loadgen-kbonvhxoci failed to connect
[WARN] loadgen-vklnyaznqg failed to connect
[WARN] loadgen-cthjanduxp failed to connect
[WARN] loadgen-dnwycvogan failed to connect
[WARN] loadgen-mfcbkxdwqg failed to connect
[WARN] loadgen-eeleuanhpa failed to connect
[WARN] loadgen-edfpcukfbq failed to connect
[WARN] loadgen-qxsnokdkmn failed to connect
[WARN] loadgen-ylkrpgtofn failed to connect
[WARN] loadgen-nhbkoulmyy failed to connect
[WARN] loadgen-adbcggnevv failed to connect
[WARN] loadgen-twrkuumstz failed to connect
[WARN] loadgen-xndajyjlzf failed to connect
[WARN] loadgen-ykqgbktmjz failed to connect
[WARN] loadgen-lcvptrwsjz failed to connect
[WARN] loadgen-vmdsxchnni failed to connect
[WARN] loadgen-wiumoeozye failed to connect
[WARN] loadgen-yyxitfhihg failed to connect
[WARN] loadgen-ddbyxbisbd failed to connect
[WARN] loadgen-qqajysadco failed to connect
[WARN] loadgen-ldxhhjvbzf failed to connect
[WARN] loadgen-kdkhxihrlk failed to connect
[WARN] loadgen-byxfbudqot failed to connect
[WARN] loadgen-xqmxxvrxja failed to connect
[WARN] loadgen-gmzaffktwo failed to connect
[WARN] loadgen-wjetwfxtbw failed to connect
[WARN] loadgen-qbczmvpzrm failed to connect
[WARN] loadgen-uppdsozgdf failed to connect
[WARN] loadgen-bsunqkwppu failed to connect
[WARN] loadgen-kmbylpdubc failed to connect
[WARN] loadgen-ipzrfcdiqr failed to connect
[WARN] loadgen-flvpqhctah failed to connect
[WARN] loadgen-xpsgvxrxey failed to connect
[WARN] loadgen-yeiggtlhwj failed to connect
[WARN] loadgen-akpotaffub failed to connect
[WARN] loadgen-ywbmwzoscy failed to connect
[WARN] loadgen-jwvtqkidno failed to connect
[WARN] loadgen-tttspbuwno failed to connect
[WARN] loadgen-whjkrfxdgi failed to connect
[WARN] loadgen-ziabtidwhp failed to connect
[WARN] loadgen-iciznsijbw failed to connect
[WARN] loadgen-epcinzduew failed to connect
[WARN] loadgen-wbvvhnboev failed to connect
[WARN] loadgen-tehdspdmdq failed to connect
[WARN] loadgen-vjjenqezlz failed to connect
[WARN] loadgen-czcilyumrv failed to connect
[WARN] loadgen-nydwnrcxjd failed to connect
[WARN] loadgen-vnptxyfxwq failed to connect
[WARN] loadgen-uylqcmzblv failed to connect
[WARN] loadgen-appuufcnot failed to connect
[WARN] loadgen-ufwwqawrgq failed to connect
[WARN] loadgen-bobueacdhp failed to connect
[WARN] loadgen-xvhxypmlzh failed to connect
[WARN] loadgen-xszweuiqdc failed to connect
[WARN] loadgen-cfebwrohso failed to connect
[WARN] loadgen-ubslevrwth failed to connect
[WARN] loadgen-fmdcrkznbw failed to connect
[WARN] loadgen-quoyngnixy failed to connect
[WARN] loadgen-vfxndftyqw failed to connect
[WARN] loadgen-xyldmeyegr failed to connect
[WARN] loadgen-kdvwaypldg failed to connect
[WARN] loadgen-knhmvjvamt failed to connect
[WARN] loadgen-acklbaiozr failed to connect
[WARN] loadgen-gbvdugbpcl failed to connect
[WARN] loadgen-zzobciwajd failed to connect
[WARN] loadgen-xnhlssbphp failed to connect
[WARN] loadgen-rhsbhkeyvy failed to connect
[WARN] loadgen-jxeahhxvzw failed to connect
[WARN] loadgen-fugttdanpa failed to connect
[WARN] loadgen-hpefnmyxzk failed to connect
[WARN] loadgen-tsmhfxuvwe failed to connect
[WARN] loadgen-jqgjsdadux failed to connect
[WARN] loadgen-jjglrhmmcj failed to connect
[WARN] loadgen-yjnlotxmze failed to connect
[WARN] loadgen-izidzgmjao failed to connect
[WARN] loadgen-ozwfrqhlmz failed to connect
[WARN] loadgen-lodxschsuw failed to connect
[WARN] loadgen-fulcxgsgfu failed to connect
[WARN] loadgen-ewirwgumak failed to connect
[WARN] loadgen-seotzvmxgg failed to connect
[WARN] loadgen-qjtzeraqgv failed to connect
[WARN] loadgen-xfnpsqundq failed to connect
[WARN] loadgen-ummiptslgy failed to connect
[WARN] loadgen-cfhumgdxgi failed to connect
[WARN] loadgen-itauocsneo failed to connect
[WARN] loadgen-tbxyannknz failed to connect
[WARN] loadgen-zzvvwfuqhn failed to connect
[WARN] loadgen-mfswhmrqad failed to connect
[WARN] loadgen-vlwfttmssd failed to connect
[WARN] loadgen-kebzesdhyx failed to connect
[WARN] loadgen-yxrhbctgzb failed to connect
[WARN] loadgen-qwfnyrjbmr failed to connect
[WARN] loadgen-fstrvahrcb failed to connect
[WARN] loadgen-exqgovvlnu failed to connect
[WARN] loadgen-jpjtlavbxp failed to connect
[WARN] loadgen-bkijfrdrxz failed to connect
[WARN] loadgen-rxieqcfzkd failed to connect
[WARN] loadgen-sewcthoqtp failed to connect
[WARN] loadgen-wmenlkwxjt failed to connect
[WARN] loadgen-zhbyjzjwbp failed to connect
[WARN] loadgen-enqyhvfush failed to connect
[WARN] loadgen-zfpjcplvng failed to connect
[WARN] loadgen-tsbihxyblm failed to connect
[WARN] loadgen-ckrpalfird failed to connect
[WARN] loadgen-gncqfgnwzt failed to connect
[WARN] loadgen-hqqukfbjzi failed to connect
[WARN] loadgen-tdlppngeve failed to connect
[WARN] loadgen-jfrftbsvzu failed to connect
[WARN] loadgen-ionlrnkpmj failed to connect
[WARN] loadgen-vmrujikvud failed to connect
[WARN] loadgen-xyphtviold failed to connect
[WARN] loadgen-eldqfhwogi failed to connect
[WARN] loadgen-kxjtizctpm failed to connect
[WARN] loadgen-nrfnqekisy failed to connect
[WARN] loadgen-gvaifvsylq failed to connect
[WARN] loadgen-ubmqzyjdnt failed to connect
[WARN] loadgen-gwfpwwgkrq failed to connect
[WARN] loadgen-xgniehrwom failed to connect
[WARN] loadgen-lgyppcrqki failed to connect
[WARN] loadgen-leuckfzyfq failed to connect
[WARN] loadgen-vemefdjqgz failed to connect
[WARN] loadgen-mfdokzcnpy failed to connect
[WARN] loadgen-fqjfnhglxk failed to connect
[WARN] loadgen-hmzasotlrk failed to connect
[WARN] loadgen-kazbwnkrjx failed to connect
[WARN] loadgen-fahifhhgqr failed to connect
