[INFO] Ramping up 1000 clients over 60.0s to mqtt-service:1883
[STATUS] connected=0/1000
[STATUS] connected=166/1000
[STATUS] connected=332/1000
[STATUS] connected=339/1000
[STATUS] connected=339/1000
[STATUS] connected=339/1000
[WARN] loadgen-jmmnhrkmzu failed to connect
[WARN] loadgen-qvoowkbgkz failed to connect
[WARN] loadgen-cvyydbbisk failed to connect
[WARN] loadgen-pcxhyokrlu failed to connect
[WARN] loadgen-augzhvqhzy failed to connect
[WARN] loadgen-qqdorawzba failed to connect
[WARN] loadgen-sexyeatyms failed to connect
[WARN] loadgen-dpductjpiv failed to connect
[WARN] loadgen-iwcprktsfx failed to connect
[WARN] loadgen-zskzwwxiar failed to connect
[WARN] loadgen-imrszwfrtb failed to connect
[WARN] loadgen-rfjzzrrlbz failed to connect
[WARN] loadgen-cxfyyiwtun failed to connect
[WARN] loadgen-qzxaahadiy failed to connect
[WARN] loadgen-omtzipczbr failed to connect
[WARN] loadgen-fpakcjazol failed to connect
[WARN] loadgen-tyqexcjwkr failed to connect
[WARN] loadgen-orhdayyowb failed to connect
[WARN] loadgen-nezooewqtf failed to connect
[WARN] loadgen-jotasyazmf failed to connect
[WARN] loadgen-glaichkbmc failed to connect
[WARN] loadgen-wxuyqbchvm failed to connect
[WARN] loadgen-agbuhyytyr failed to connect
[WARN] loadgen-ncpiwozvpe failed to connect
[WARN] loadgen-ktxbxqrrcu failed to connect
[WARN] loadgen-fnitsfbfwf failed to connect
[WARN] loadgen-gezhrjortu failed to connect
[WARN] loadgen-xgcccevbrx failed to connect
[WARN] loadgen-rkvonhviqk failed to connect
[WARN] loadgen-lcxoevxbod failed to connect
[WARN] loadgen-uclktlwhui failed to connect
[WARN] loadgen-yfbiyvsisu failed to connect
[WARN] loadgen-camlhbebxs failed to connect
[WARN] loadgen-aphjjttxbs failed to connect
[WARN] loadgen-ijlxwgzqol failed to connect
[WARN] loadgen-njoforqhlq failed to connect
[WARN] loadgen-xcuoqmmfee failed to connect
[WARN] loadgen-bddfpbidsc failed to connect
[WARN] loadgen-shwbfjmzbu failed to connect
[WARN] loadgen-xgdztipzjd failed to connect
[WARN] loadgen-jxtahqorqw failed to connect
[WARN] loadgen-ekrypxsemq failed to connect
[WARN] loadgen-gfzhqazfnj failed to connect
[WARN] loadgen-oxklvezczt failed to connect
[WARN] loadgen-qmstbfatfs failed to connect
[WARN] loadgen-tdnqbmysds failed to connect
[WARN] loadgen-vyptficibk failed to connect
[WARN] loadgen-wvzvqoosob failed to connect
[WARN] loadgen-sdyhcxtotk failed to connect
[WARN] loadgen-xdugaujnct failed to connect
[WARN] loadgen-gccydolwsi failed to connect
[WARN] loadgen-pspwqiaost failed to connect
[WARN] loadgen-pvwqpypoyn failed to connect
[WARN] loadgen-xtpxdpzvcx failed to connect
[WARN] loadgen-wueuoboktc failed to connect
[WARN] loadgen-kzsyvcvqsd failed to connect
[WARN] loadgen-gzuknnuqic failed to connect
[WARN] loadgen-wlstpdzsxr failed to connect
[WARN] loadgen-puitdjjsfs failed to connect
[WARN] loadgen-uqkvtzbtxd failed to connect
[WARN] loadgen-cesgrjztjs failed to connect
[WARN] loadgen-tldkbbeocp failed to connect
[WARN] loadgen-ysijhvtxcs failed to connect
[WARN] loadgen-dvyywfbnzk failed to connect
[WARN] loadgen-pvhjxsymji failed to connect
[WARN] loadgen-ypkqlkqksv failed to connect
[WARN] loadgen-ttguaujljz failed to connect
[WARN] loadgen-hdmpchrcha failed to connect
[WARN] loadgen-pbqpeqjjuz failed to connect
[WARN] loadgen-qljofwsmjn failed to connect
[WARN] loadgen-uiyejjhvxd failed to connect
[WARN] loadgen-iycwuymhos failed to connect
[WARN] loadgen-ojxqnytvju failed to connect
[WARN] loadgen-lbrxmcjsci failed to connect
[WARN] loadgen-tlbmwkqlej failed to connect
[WARN] loadgen-yldjuuauyw failed to connect
[WARN] loadgen-ecejryljyt failed to connect
[WARN] loadgen-eldlmrbbzq failed to connect
[WARN] loadgen-yhuzbhkori failed to connect
[WARN] loadgen-pkcsowcowv failed to connect
[WARN] loadgen-ubdmcasuef failed to connect
[WARN] loadgen-kjgmilfesb failed to connect
[WARN] loadgen-tycwmetdcr failed to connect
[WARN] loadgen-riisecwanz failed to connect
[WARN] loadgen-soorhwlpvl failed to connect
[WARN] loadgen-ztfmhxibzn failed to connect
[WARN] loadgen-fjlbsfxfxu failed to connect
[WARN] loadgen-ecbeqbyebp failed to connect
[WARN] loadgen-pejtwfiqll failed to connect
[WARN] loadgen-sholksezae failed to connect
[WARN] loadgen-vkvwvpuorq failed to connect
[WARN] loadgen-poounnwsri failed to connect
[WARN] loadgen-zprgblsniz failed to connect
[WARN] loadgen-zcctvpbvfd failed to connect
[WARN] loadgen-pqeczhvlzu failed to connect
[WARN] loadgen-rbgoynikec failed to connect
[WARN] loadgen-nhbeznjspn failed to connect
[WARN] loadgen-jvmoxivtge failed to connect
[WARN] loadgen-hdqfdsdrip failed to connect
[WARN] loadgen-mkplpsjbvc failed to connect
[WARN] loadgen-iijkiiczap failed to connect
[WARN] loadgen-qalemcsuoq failed to connect
[WARN] loadgen-ihchyngwqv failed to connect
[WARN] loadgen-frkzmphosu failed to connect
[WARN] loadgen-iptphzanoo failed to connect
[WARN] loadgen-aqunyhkqrx failed to connect
[WARN] loadgen-xjbhiyktlu failed to connect
[WARN] loadgen-smhtadeihd failed to connect
[WARN] loadgen-ndjakiwyoq failed to connect
[WARN] loadgen-zcjpwcubep failed to connect
[WARN] loadgen-tslzkjwmsp failed to connect
[WARN] loadgen-bbgkzjxcxj failed to connect
[WARN] loadgen-yabbpwzptx failed to connect
[WARN] loadgen-gauqdcdfcw failed to connect
[WARN] loadgen-nkpjjlozfv failed to connect
[WARN] loadgen-zksrvgppqc failed to connect
[WARN] loadgen-iponryyzxo failed to connect
[WARN] loadgen-vzofltqcsq failed to connect
[WARN] loadgen-lbbdofiibd failed to connect
[WARN] loadgen-qdwdmorqmw failed to connect
[WARN] loadgen-tmjaqdzywk failed to connect
[WARN] loadgen-ghkyscoble failed to connect
[WARN] loadgen-shbjjyrecu failed to connect
[WARN] loadgen-sifnxfxfhd failed to connect
[WARN] loadgen-nhbichehze failed to connect
[WARN] loadgen-xjmafgisdh failed to connect
[WARN] loadgen-awmajalfsa failed to connect
[WARN] loadgen-xohgvdmepn failed to connect
[WARN] loadgen-lmczpjtecn failed to connect
[WARN] loadgen-zepofphfuc failed to connect
[WARN] loadgen-asuefswmhd failed to connect
[WARN] loadgen-fhryoazolf failed to connect
[WARN] loadgen-fyakqhtmvh failed to connect
[WARN] loadgen-wpqqtqamwq failed to connect
[WARN] loadgen-rzmmrullst failed to connect
[WARN] loadgen-mwtajuback failed to connect
[WARN] loadgen-abqivzhcsp failed to connect
[WARN] loadgen-kmzvtplhnh failed to connect
[WARN] loadgen-xcgbhonbzx failed to connect
[WARN] loadgen-xcvkzzhujf failed to connect
[WARN] loadgen-hlhoizplwb failed to connect
[WARN] loadgen-wfvevyakdj failed to connect
[WARN] loadgen-kyrkpccbgb failed to connect
[WARN] loadgen-dehqiabbok failed to connect
[WARN] loadgen-jkrtwwzwyx failed to connect
[WARN] loadgen-zgtorpqesq failed to connect
[WARN] loadgen-rkluzcwjob failed to connect
[WARN] loadgen-ubkrkbqryr failed to connect
[WARN] loadgen-qiytavlwem failed to connect
[WARN] loadgen-yeawxxzdxh failed to connect
[WARN] loadgen-pmqvaspzqr failed to connect
[WARN] loadgen-pyejmndraq failed to connect
[WARN] loadgen-dqljvmlyyd failed to connect
[WARN] loadgen-racmszvtcz failed to connect
[WARN] loadgen-hxutvvcnrh failed to connect
[WARN] loadgen-uqcasxaprp failed to connect
[WARN] loadgen-gllvoxikpe failed to connect
[WARN] loadgen-gufkhtxehe failed to connect
[WARN] loadgen-ihvhdiirxu failed to connect
[WARN] loadgen-egmtuywcjb failed to connect
[WARN] loadgen-lnadvvjdkc failed to connect
[WARN] loadgen-exreuhtpbz failed to connect
[WARN] loadgen-fenxyxhusm failed to connect
[WARN] loadgen-sohuqwrqna failed to connect
[WARN] loadgen-xvckzdoxac failed to connect
[WARN] loadgen-afzcuudlow failed to connect
[WARN] loadgen-zrgbckqykr failed to connect
[WARN] loadgen-kqojvvgnbz failed to connect
[WARN] loadgen-zhlnaweoem failed to connect
[WARN] loadgen-azkdedmekg failed to connect
[WARN] loadgen-hxuvhyqwyp failed to connect
[WARN] loadgen-ggwcgenezx failed to connect
[WARN] loadgen-afgphptjgh failed to connect
[WARN] loadgen-vtqnwmnxja failed to connect
[WARN] loadgen-dcbjduzwsg failed to connect
[WARN] loadgen-pyuihaevzk failed to connect
[WARN] loadgen-jhqpfhrkhf failed to connect
[WARN] loadgen-mrshoxvmew failed to connect
[WARN] loadgen-dwizaksdgb failed to connect
[WARN] loadgen-xujveqfoxv failed to connect
[WARN] loadgen-ekhiqtolrv failed to connect
[WARN] loadgen-mddaspqlwj failed to connect
[WARN] loadgen-namoowtdvx failed to connect
[WARN] loadgen-mddyiktyzy failed to connect
[WARN] loadgen-bsuuzmfpdv failed to connect
[WARN] loadgen-xvgxfhrnxg failed to connect
[WARN] loadgen-fqeufsooct failed to connect
[WARN] loadgen-sfwesxxjed failed to connect
[WARN] loadgen-qvtxwtmpmp failed to connect
[WARN] loadgen-wmyfgihipi failed to connect
[WARN] loadgen-ppmfayedfe failed to connect
[WARN] loadgen-oucpgwloxf failed to connect
[WARN] loadgen-vftisprnls failed to connect
[WARN] loadgen-bjyusfqyzk failed to connect
[WARN] loadgen-uhgyaopwse failed to connect
[WARN] loadgen-iwifjmketr failed to connect
[WARN] loadgen-pkxpshitnb failed to connect
[WARN] loadgen-ziokqihbwj failed to connect
[WARN] loadgen-kzrkktzapv failed to connect
[WARN] loadgen-gmuuwbinko failed to connect
[WARN] loadgen-lntdpxnxxb failed to connect
[WARN] loadgen-ozrqgtxdzg failed to connect
[WARN] loadgen-wusyhmsald failed to connect
[WARN] loadgen-mebvtatoac failed to connect
[WARN] loadgen-uigtbgcqcs failed to connect
[WARN] loadgen-lhwdxqmwkk failed to connect
[WARN] loadgen-hyjaznaupo failed to connect
[WARN] loadgen-oabcdisfiq failed to connect
[WARN] loadgen-lgygnatjlg failed to connect
[WARN] loadgen-xsijxzcqsp failed to connect
[WARN] loadgen-bmwbvugkae failed to connect
[WARN] loadgen-fzaajdifdq failed to connect
[WARN] loadgen-kbonvhxoci failed to connect
[WARN] loadgen-vklnyaznqg failed to connect
[WARN] loadgen-cthjanduxp failed to connect
[WARN] loadgen-dnwycvogan failed to connect
[WARN] loadgen-mfcbkxdwqg failed to connect
[WARN] loadgen-eeleuanhpa failed to connect
[WARN] loadgen-edfpcukfbq failed to connect
[WARN] loadgen-qxsnokdkmn failed to connect
[WARN] loadgen-ylkrpgtofn failed to connect
[WARN] loadgen-nhbkoulmyy failed to connect
[WARN] loadgen-adbcggnevv failed to connect
[WARN] loadgen-twrkuumstz failed to connect
[WARN] loadgen-xndajyjlzf failed to connect
[WARN] loadgen-ykqgbktmjz failed to connect
[WARN] loadgen-lcvptrwsjz failed to connect
[WARN] loadgen-vmdsxchnni failed to connect
[WARN] loadgen-wiumoeozye failed to connect
[WARN] loadgen-yyxitfhihg failed to connect
[WARN] loadgen-ddbyxbisbd failed to connect
[WARN] loadgen-qqajysadco failed to connect
[WARN] loadgen-ldxhhjvbzf failed to connect
[WARN] loadgen-kdkhxihrlk failed to connect
[WARN] loadgen-byxfbudqot failed to connect
[WARN] loadgen-xqmxxvrxja failed to connect
[WARN] loadgen-gmzaffktwo failed to connect
[WARN] loadgen-wjetwfxtbw failed to connect
[WARN] loadgen-qbczmvpzrm failed to connect
[WARN] loadgen-uppdsozgdf failed to connect
[WARN] loadgen-bsunqkwppu failed to connect
[WARN] loadgen-kmbylpdubc failed to connect
[WARN] loadgen-ipzrfcdiqr failed to connect
[WARN] loadgen-flvpqhctah failed to connect
[WARN] loadgen-xpsgvxrxey failed to connect
[WARN] loadgen-yeiggtlhwj failed to connect
[WARN] loadgen-akpotaffub failed to connect
[WARN] loadgen-ywbmwzoscy failed to connect
[WARN] loadgen-jwvtqkidno failed to connect
[WARN] loadgen-tttspbuwno failed to connect
[WARN] loadgen-whjkrfxdgi failed to connect
[WARN] loadgen-ziabtidwhp failed to connect
[WARN] loadgen-iciznsijbw failed to connect
[WARN] loadgen-epcinzduew failed to connect
[WARN] loadgen-wbvvhnboev failed to connect
[WARN] loadgen-tehdspdmdq failed to connect
[WARN] loadgen-vjjenqezlz failed to connect
[WARN] loadgen-czcilyumrv failed to connect
[WARN] loadgen-nydwnrcxjd failed to connect
[WARN] loadgen-vnptxyfxwq failed to connect
[WARN] loadgen-uylqcmzblv failed to connect
[WARN] loadgen-appuufcnot failed to connect
[WARN] loadgen-ufwwqawrgq failed to connect
[WARN] loadgen-bobueacdhp failed to connect
[WARN] loadgen-xvhxypmlzh failed to connect
[WARN] loadgen-xszweuiqdc failed to connect
[WARN] loadgen-cfebwrohso failed to connect
[WARN] loadgen-ubslevrwth failed to connect
[WARN] loadgen-fmdcrkznbw failed to connect
[WARN] loadgen-quoyngnixy failed to connect
[WARN] loadgen-vfxndftyqw failed to connect
[WARN] loadgen-xyldmeyegr failed to connect
[WARN] loadgen-kdvwaypldg failed to connect
[WARN] loadgen-knhmvjvamt failed to connect
[WARN] loadgen-acklbaiozr failed to connect
[WARN] loadgen-gbvdugbpcl failed to connect
[WARN] loadgen-zzobciwajd failed to connect
[WARN] loadgen-xnhlssbphp failed to connect
[WARN] loadgen-rhsbhkeyvy failed to connect
[WARN] loadgen-jxeahhxvzw failed to connect
[WARN] loadgen-fugttdanpa failed to connect
[WARN] loadgen-hpefnmyxzk failed to connect
[WARN] loadgen-tsmhfxuvwe failed to connect
[WARN] loadgen-jqgjsdadux failed to connect
[WARN] loadgen-jjglrhmmcj failed to connect
[WARN] loadgen-yjnlotxmze failed to connect
[WARN] loadgen-izidzgmjao failed to connect
[WARN] loadgen-ozwfrqhlmz failed to connect
[WARN] loadgen-lodxschsuw failed to connect
[WARN] loadgen-fulcxgsgfu failed to connect
[WARN] loadgen-ewirwgumak failed to connect
[WARN] loadgen-seotzvmxgg failed to connect
[WARN] loadgen-qjtzeraqgv failed to connect
[WARN] loadgen-xfnpsqundq failed to connect
[WARN] loadgen-ummiptslgy failed to connect
[WARN] loadgen-cfhumgdxgi failed to connect
[WARN] loadgen-itauocsneo failed to connect
[WARN] loadgen-tbxyannknz failed to connect
[WARN] loadgen-zzvvwfuqhn failed to connect
[WARN] loadgen-mfswhmrqad failed to connect
[WARN] loadgen-vlwfttmssd failed to connect
[WARN] loadgen-kebzesdhyx failed to connect
[WARN] loadgen-yxrhbctgzb failed to connect
[WARN] loadgen-qwfnyrjbmr failed to connect
[WARN] loadgen-fstrvahrcb failed to connect
[WARN] loadgen-exqgovvlnu failed to connect
[WARN] loadgen-jpjtlavbxp failed to connect
[WARN] loadgen-bkijfrdrxz failed to connect
[WARN] loadgen-rxieqcfzkd failed to connect
[WARN] loadgen-sewcthoqtp failed to connect
[WARN] loadgen-wmenlkwxjt failed to connect
[WARN] loadgen-zhbyjzjwbp failed to connect
[WARN] loadgen-enqyhvfush failed to connect
[WARN] loadgen-zfpjcplvng failed to connect
[WARN] loadgen-tsbihxyblm failed to connect
[WARN] loadgen-ckrpalfird failed to connect
[WARN] loadgen-gncqfgnwzt failed to connect
[WARN] loadgen-hqqukfbjzi failed to connect
[WARN] loadgen-tdlppngeve failed to connect
[WARN] loadgen-jfrftbsvzu failed to connect
[WARN] loadgen-ionlrnkpmj failed to connect
[WARN] loadgen-vmrujikvud failed to connect
[WARN] loadgen-xyphtviold failed to connect
[WARN] loadgen-eldqfhwogi failed to connect
[WARN] loadgen-kxjtizctpm failed to connect
[WARN] loadgen-nrfnqekisy failed to connect
[WARN] loadgen-gvaifvsylq failed to connect
[WARN] loadgen-ubmqzyjdnt failed to connect
[WARN] loadgen-gwfpwwgkrq failed to connect
[WARN] loadgen-xgniehrwom failed to connect
[WARN] loadgen-lgyppcrqki failed to connect
[WARN] loadgen-leuckfzyfq failed to connect
[WARN] loadgen-vemefdjqgz failed to connect
[WARN] loadgen-mfdokzcnpy failed to connect
[WARN] loadgen-fqjfnhglxk failed to connect
[WARN] loadgen-hmzasotlrk failed to connect
[WARN] loadgen-kazbwnkrjx failed to connect
[WARN] loadgen-fahifhhgqr failed to connect
[WARN] loadgen-xpigydeipf failed to connect
[WARN] loadgen-mjkpuzgnss failed to connect
[WARN] loadgen-iunklujzpo failed to connect
[WARN] loadgen-zmvezhnjzb failed to connect
[WARN] loadgen-nkajlwgmcc failed to connect
[WARN] loadgen-oyxjckjknf failed to connect
[WARN] loadgen-ddnigwrdpw failed to connect
[WARN] loadgen-exuscyqrzp failed to connect
[WARN] loadgen-tddoskdjwg failed to connect
[WARN] loadgen-yncvguciqx failed to connect
[WARN] loadgen-dpryfotsxl failed to connect
[WARN] loadgen-ftmtqkenmn failed to connect
[WARN] loadgen-tsxlkznqre failed to connect
[WARN] loadgen-snyxmcyfqw failed to connect
[WARN] loadgen-vecupytwap failed to connect
[WARN] loadgen-qovwpuqjpf failed to connect
[WARN] loadgen-xxrpouiros failed to connect
[WARN] loadgen-gscqeepwqf failed to connect
[WARN] loadgen-arwkhutmbr failed to connect
[WARN] loadgen-gtngjkuzux failed to connect
[WARN] loadgen-ffdfauvwik failed to connect
[WARN] loadgen-ttpxttskbr failed to connect
[WARN] loadgen-operzfobhz failed to connect
[WARN] loadgen-jxlcxnkyct failed to connect
[WARN] loadgen-dfwvlxtmik failed to connect
[WARN] loadgen-tkegnelhyt failed to connect
[WARN] loadgen-ihdimvocux failed to connect
[WARN] loadgen-cqcwxtlgob failed to connect
[WARN] loadgen-tbocsfjjwi failed to connect
[WARN] loadgen-mqrjajwjfq failed to connect
[WARN] loadgen-uslzqohvkc failed to connect
[WARN] loadgen-ngzpqfrkil failed to connect
[WARN] loadgen-aqelubbrew failed to connect
[WARN] loadgen-vuvwoweeho failed to connect
[WARN] loadgen-hhsrannptr failed to connect
[WARN] loadgen-piipwxqmhr failed to connect
[WARN] loadgen-gpaladgfdj failed to connect
[WARN] loadgen-quskdkznnu failed to connect
[WARN] loadgen-wljioifdtn failed to connect
[WARN] loadgen-yolspyjfkm failed to connect
[WARN] loadgen-rkgwcaulhf failed to connect
[WARN] loadgen-isnukuahlr failed to connect
[WARN] loadgen-sjshmkysrz failed to connect
[WARN] loadgen-hloumxrzns failed to connect
[WARN] loadgen-vyothudijc failed to connect
[WARN] loadgen-fsevetgzeb failed to connect
[WARN] loadgen-cblckibkfb failed to connect
[WARN] loadgen-fqkceltacj failed to connect
[WARN] loadgen-cmhmpfezqe failed to connect
[WARN] loadgen-axrcglaefx failed to connect
[WARN] loadgen-mskafhtayd failed to connect
[WARN] loadgen-vdcfxqxovs failed to connect
[WARN] loadgen-awjabgckjh failed to connect
[WARN] loadgen-tkdtesodqj failed to connect
[WARN] loadgen-kjbuwddabp failed to connect
[WARN] loadgen-jdwugxycss failed to connect
[WARN] loadgen-lvuyelooye failed to connect
[WARN] loadgen-borxbxsoqy failed to connect
[WARN] loadgen-oyslrxgosd failed to connect
[WARN] loadgen-fmlslrfqov failed to connect
[WARN] loadgen-skslvdpoma failed to connect
[WARN] loadgen-snbogpmbdq failed to connect
[WARN] loadgen-kkgyudqzvm failed to connect
[WARN] loadgen-kgxvqolmwg failed to connect
[WARN] loadgen-aiyjimwahw failed to connect
[WARN] loadgen-snhkdfiipf failed to connect
[WARN] loadgen-iyljrxmiod failed to connect
[WARN] loadgen-nqxolutlmv failed to connect
[WARN] loadgen-sjfofodjmz failed to connect
[WARN] loadgen-thhdxoqewg failed to connect
[WARN] loadgen-zahfmbvfyl failed to connect
[WARN] loadgen-flvoggiglo failed to connect
[WARN] loadgen-nwpmmhsjyg failed to connect
[WARN] loadgen-yrsibjnrfh failed to connect
[WARN] loadgen-evxxiughda failed to connect
[WARN] loadgen-dttjcfvkjz failed to connect
[WARN] loadgen-aduqrpdilq failed to connect
[WARN] loadgen-jwvmauhnjb failed to connect
[WARN] loadgen-vckqdjcluv failed to connect
[WARN] loadgen-vgrtlwbktj failed to connect
[WARN] loadgen-ptiwptkleq failed to connect
[WARN] loadgen-nzvnzmfofp failed to connect
[WARN] loadgen-brbpxgoaqv failed to connect
[WARN] loadgen-beqnjkwlud failed to connect
[WARN] loadgen-pgsgmoczde failed to connect
[WARN] loadgen-rsjekbrzsx failed to connect
[WARN] loadgen-bhalfeyxan failed to connect
[WARN] loadgen-onmdrietdk failed to connect
[WARN] loadgen-xjrkpkstuy failed to connect
[WARN] loadgen-bbwpqezacq failed to connect
[WARN] loadgen-lsaouwdokh failed to connect
[WARN] loadgen-tgyssspkaz failed to connect
[WARN] loadgen-qekmtiungf failed to connect
[WARN] loadgen-qwmtgvibxg failed to connect
[WARN] loadgen-pytyfyapqc failed to connect
[WARN] loadgen-zbxxvnyear failed to connect
[WARN] loadgen-skwmeahpeh failed to connect
[WARN] loadgen-gsfqjqlwgy failed to connect
[WARN] loadgen-qbyrlqxhfo failed to connect
[WARN] loadgen-cwqlvnqody failed to connect
[WARN] loadgen-mjskfqmmbo failed to connect
[WARN] loadgen-scupbergel failed to connect
[WARN] loadgen-bmqhqaqjdt failed to connect
[WARN] loadgen-ksqfrgzhqk failed to connect
[WARN] loadgen-cznkaaehsi failed to connect
[WARN] loadgen-eyipzgfklc failed to connect
[WARN] loadgen-imynnkvmsp failed to connect
[WARN] loadgen-bfswonnvjk failed to connect
[WARN] loadgen-khvcaznvur failed to connect
[WARN] loadgen-ytsbgsbdvg failed to connect
[WARN] loadgen-oisgpbkmwi failed to connect
[WARN] loadgen-dkjzrnwdho failed to connect
[WARN] loadgen-msscheqlrg failed to connect
[WARN] loadgen-qwopabjbdk failed to connect
[WARN] loadgen-hnkjiubrrm failed to connect
[WARN] loadgen-wyltdfnhrk failed to connect
[WARN] loadgen-hfjgseolht failed to connect
[WARN] loadgen-yjzmgfqwwk failed to connect
[WARN] loadgen-iwzthputwy failed to connect
[WARN] loadgen-zdlsbzeync failed to connect
[WARN] loadgen-bpsbmxnmyo failed to connect
[WARN] loadgen-cfkmxkozmc failed to connect
[WARN] loadgen-fiteslmhik failed to connect
[WARN] loadgen-dhqjrpocqy failed to connect
[WARN] loadgen-fkpgrjirrx failed to connect
[WARN] loadgen-bdgiklvjrb failed to connect
[WARN] loadgen-ayaciwpmbt failed to connect
[WARN] loadgen-luvdtaqoli failed to connect
[WARN] loadgen-qowildcpfy failed to connect
[WARN] loadgen-msqjdyeejj failed to connect
[WARN] loadgen-zhxxjipuzg failed to connect
[WARN] loadgen-vwdxrqrhep failed to connect
[WARN] loadgen-iobeyvhxfl failed to connect
[WARN] loadgen-qgqhcbhuym failed to connect
[WARN] loadgen-bilzhyeqrn failed to connect
[STATUS] connected=339/1000
[WARN] loadgen-ujbgmclmpx failed to connect
[WARN] loadgen-bssxvuxiqc failed to connect
[WARN] loadgen-sfzcohqslv failed to connect
[WARN] loadgen-mjabbwmbxq failed to connect
[WARN] loadgen-gxkxszwfnm failed to connect
[WARN] loadgen-inzngixsoi failed to connect
[WARN] loadgen-fomflvlohn failed to connect
[WARN] loadgen-eabvldccog failed to connect
[WARN] loadgen-oilvxcxqaa failed to connect
[WARN] loadgen-dxvhcfatos failed to connect
[WARN] loadgen-mylvgnpnmd failed to connect
[WARN] loadgen-btogwequpx failed to connect
[WARN] loadgen-agynqxtcfh failed to connect
[WARN] loadgen-ohvrpxvisu failed to connect
[WARN] loadgen-bdcbffewxp failed to connect
[WARN] loadgen-xwymnntdsp failed to connect
[WARN] loadgen-zmvpjifped failed to connect
[WARN] loadgen-pjdotiheik failed to connect
[WARN] loadgen-vqkmlciroy failed to connect
[WARN] loadgen-qgxuzwqlap failed to connect
[WARN] loadgen-bkpblwqzru failed to connect
[WARN] loadgen-esseagjftn failed to connect
[WARN] loadgen-hghbzqdrgy failed to connect
[WARN] loadgen-etzpiigycc failed to connect
[WARN] loadgen-otmvetqock failed to connect
[WARN] loadgen-ujaqmrgwkb failed to connect
[WARN] loadgen-qgndvmtqdg failed to connect
[WARN] loadgen-mmnexywren failed to connect
[WARN] loadgen-kfoilnbzbn failed to connect
[WARN] loadgen-dvlztzlonc failed to connect
[WARN] loadgen-nfcziiilpd failed to connect
[WARN] loadgen-hjqyjxmplc failed to connect
[WARN] loadgen-ujmowxpsgl failed to connect
[WARN] loadgen-spzjstyubn failed to connect
[WARN] loadgen-nrpjmqfgfi failed to connect
[WARN] loadgen-cngbrrbdyg failed to connect
[WARN] loadgen-fkdapdzrob failed to connect
[WARN] loadgen-bfwwsijgri failed to connect
[WARN] loadgen-wyvtigrlas failed to connect
[WARN] loadgen-mnngplcork failed to connect
[WARN] loadgen-mhtynffwmj failed to connect
[WARN] loadgen-rhpvuszkzm failed to connect
[WARN] loadgen-qmehhyvhzz failed to connect
[WARN] loadgen-jwfrsuugom failed to connect
[WARN] loadgen-glgdamtkjb failed to connect
[WARN] loadgen-hvzqbzhthh failed to connect
[WARN] loadgen-avspuzymld failed to connect
[WARN] loadgen-oscsbxmjae failed to connect
[WARN] loadgen-kcqrygjrjg failed to connect
[WARN] loadgen-ifeugrkzlq failed to connect
[WARN] loadgen-dsghmxrxpm failed to connect
[WARN] loadgen-mzucsxhons failed to connect
[WARN] loadgen-yjvllzwlsd failed to connect
[WARN] loadgen-pujngmpalj failed to connect
[WARN] loadgen-pgpfecgeiz failed to connect
[WARN] loadgen-evejjqwbhn failed to connect
[WARN] loadgen-rhaceqsmkf failed to connect
[WARN] loadgen-xkujnilzec failed to connect
[WARN] loadgen-vhsfxmtixf failed to connect
[WARN] loadgen-ljqwsrgmkq failed to connect
[WARN] loadgen-cbjxawjpxr failed to connect
[WARN] loadgen-vvjxikvjeg failed to connect
[WARN] loadgen-qkttasiuzi failed to connect
[WARN] loadgen-rlgciezalg failed to connect
[WARN] loadgen-llygiecczg failed to connect
[WARN] loadgen-sbbofftsrq failed to connect
[WARN] loadgen-wzpmigbtmo failed to connect
[WARN] loadgen-xzfovzofau failed to connect
[WARN] loadgen-pcwmxwgkqn failed to connect
[WARN] loadgen-rqvczbhcbz failed to connect
[WARN] loadgen-wxalfzqabx failed to connect
[WARN] loadgen-qjvkfjyqfb failed to connect
[WARN] loadgen-akrrdgeroz failed to connect
[WARN] loadgen-frxrvqcvvv failed to connect
[WARN] loadgen-gtexqycnei failed to connect
[WARN] loadgen-fdnycvhyyz failed to connect
[WARN] loadgen-wjssiqrnbx failed to connect
[WARN] loadgen-smxicoaxzf failed to connect
[WARN] loadgen-ugffavrvms failed to connect
[WARN] loadgen-htppwwxcun failed to connect
[WARN] loadgen-itftozgkik failed to connect
[WARN] loadgen-kainfuvdkg failed to connect
[WARN] loadgen-eivhtzexmf failed to connect
[WARN] loadgen-gpiobpzinu failed to connect
[WARN] loadgen-xhtsvfkkgn failed to connect
[WARN] loadgen-xztrlusdpl failed to connect
[WARN] loadgen-ndeafjklkd failed to connect
[WARN] loadgen-itasftmukm failed to connect
[WARN] loadgen-ysmvgwzrni failed to connect
[WARN] loadgen-ygcmxkeahc failed to connect
[WARN] loadgen-qzdnsijnva failed to connect
[WARN] loadgen-bwvqtpmofs failed to connect
[WARN] loadgen-ixmfvueaqw failed to connect
[WARN] loadgen-wnhcxylptf failed to connect
[WARN] loadgen-esliuemwjh failed to connect
[WARN] loadgen-pdxcnousor failed to connect
[WARN] loadgen-tpfqqjtyra failed to connect
[WARN] loadgen-mcytwbwicm failed to connect
[WARN] loadgen-qnmuqxmjqu failed to connect
[WARN] loadgen-zjrjkccjak failed to connect
[WARN] loadgen-ochvualbqv failed to connect
[WARN] loadgen-pcwpsjvcks failed to connect
[WARN] loadgen-nuvapkzqfv failed to connect
[WARN] loadgen-kgywbagntt failed to connect
[WARN] loadgen-eyujwdzstb failed to connect
[WARN] loadgen-cmbdtanrlv failed to connect
[WARN] loadgen-qvjiokequj failed to connect
[WARN] loadgen-xbgmwdbaam failed to connect
[WARN] loadgen-seyhwakifo failed to connect
[WARN] loadgen-ywvvzowpmx failed to connect
[WARN] loadgen-whaygyeegx failed to connect
[WARN] loadgen-zjevcyfwdk failed to connect
[WARN] loadgen-lbghwjlbqh failed to connect
[WARN] loadgen-uojbxlwbnw failed to connect
[WARN] loadgen-inqiikiohb failed to connect
[WARN] loadgen-uupfmobbta failed to connect
[WARN] loadgen-rhbndebtfy failed to connect
[WARN] loadgen-rkjmltscms failed to connect
[WARN] loadgen-qonjpqkclq failed to connect
[WARN] loadgen-houxqrvpzb failed to connect
[WARN] loadgen-whhbscrseb failed to connect
[WARN] loadgen-demsmftpgd failed to connect
[WARN] loadgen-zkyerdmgum failed to connect
[WARN] loadgen-uzrwgxmgfe failed to connect
[WARN] loadgen-wvoymbbqgj failed to connect
[WARN] loadgen-qibmdepnvo failed to connect
[WARN] loadgen-abnuaumeip failed to connect
[WARN] loadgen-eqmqsadion failed to connect
[WARN] loadgen-vmdqbclpra failed to connect
[WARN] loadgen-pxnnsarpsa failed to connect
[WARN] loadgen-qavtufwwjw failed to connect
[WARN] loadgen-nhyariukwt failed to connect
[WARN] loadgen-lfjeqzdqyu failed to connect
[WARN] loadgen-ssnfixafcg failed to connect
[WARN] loadgen-adxqycnidn failed to connect
[WARN] loadgen-ntwjtxdsbp failed to connect
[WARN] loadgen-ihqmqtonje failed to connect
[WARN] loadgen-uqajwudznl failed to connect
[WARN] loadgen-txzbvxdgda failed to connect
[WARN] loadgen-xakseahuup failed to connect
[WARN] loadgen-sgwurqkabd failed to connect
[WARN] loadgen-hcvskjfyiv failed to connect
[WARN] loadgen-lxpqedzyus failed to connect
[WARN] loadgen-ktracenskv failed to connect
[WARN] loadgen-xiylcyvzbn failed to connect
[WARN] loadgen-dudztvzflr failed to connect
[WARN] loadgen-zmfnybquwr failed to connect
[WARN] loadgen-aixcowfpjd failed to connect
[WARN] loadgen-mbwyixqbme failed to connect
[WARN] loadgen-qxtqpjcudm failed to connect
[WARN] loadgen-wtyittbruv failed to connect
[WARN] loadgen-ikgjcjyhbg failed to connect
[WARN] loadgen-xqetsxbpsv failed to connect
[WARN] loadgen-rthqxujznr failed to connect
[WARN] loadgen-upmdjzmfpe failed to connect
[WARN] loadgen-tqpqtkbdnc failed to connect
[WARN] loadgen-moeoafujbd failed to connect
[WARN] loadgen-iboaqgtxki failed to connect
[WARN] loadgen-dyeyddemry failed to connect
[WARN] loadgen-eemflxmivb failed to connect
[WARN] loadgen-xgrsexvosk failed to connect
[WARN] loadgen-rglzrevmva failed to connect
[WARN] loadgen-dlqxnupsxn failed to connect
[WARN] loadgen-mesrqkskdo failed to connect
[WARN] loadgen-dnzlkajjci failed to connect
[WARN] loadgen-ebqcippycd failed to connect
[WARN] loadgen-pxwsdrecan failed to connect
[WARN] loadgen-yaqghpezci failed to connect
[WARN] loadgen-hxrvzdnjyd failed to connect
[WARN] loadgen-igezusugts failed to connect
[WARN] loadgen-zuoegkocti failed to connect
[WARN] loadgen-rueprhxwxu failed to connect
[WARN] loadgen-hcknpxmnyb failed to connect
[WARN] loadgen-tcyyewphyk failed to connect
[WARN] loadgen-yyphvxsgcf failed to connect
[WARN] loadgen-dlvekyzndr failed to connect
[WARN] loadgen-vfaxeafewg failed to connect
[WARN] loadgen-cbsezprifc failed to connect
[WARN] loadgen-ksjsosutfb failed to connect
[WARN] loadgen-ahvhiiuwyt failed to connect
[WARN] loadgen-mrwzvjlfxt failed to connect
[WARN] loadgen-rugwmdbwmj failed to connect
[WARN] loadgen-hjnxmlwosl failed to connect
[WARN] loadgen-mamcipxacd failed to connect
[WARN] loadgen-nkknlscdwc failed to connect
[WARN] loadgen-hgulozyuwl failed to connect
[WARN] loadgen-zqhvfbmmlt failed to connect
[WARN] loadgen-tgftgyazyf failed to connect
[STATUS] connected=339/1000
[STATUS] connected=339/1000
[STATUS] connected=339/1000
[STATUS] connected=339/1000
[STATUS] connected=339/1000
[STATUS] connected=339/1000
[STATUS] connected=339/1000
[STATUS] connected=339/1000
[STATUS] connected=339/1000
[STATUS] connected=339/1000
[STATUS] connected=339/1000
[STATUS] connected=339/1000
[STATUS] connected=339/1000
[STATUS] connected=339/1000
[STATUS] connected=339/1000
[STATUS] connected=339/1000
[STATUS] connected=339/1000
[STATUS] connected=339/1000
[STATUS] connected=339/1000
[STATUS] connected=339/1000
[STATUS] connected=339/1000
[STATUS] connected=339/1000
