1781619876
websocket-server-56c97f4c7-6q5vs   1m    95Mi   
websocket-server-56c97f4c7-t7zg4   0m    94Mi   
1781619881
websocket-server-56c97f4c7-6q5vs   1m    95Mi   
websocket-server-56c97f4c7-t7zg4   0m    94Mi   
1781619886
websocket-server-56c97f4c7-6q5vs   1m    95Mi   
websocket-server-56c97f4c7-t7zg4   0m    94Mi   
1781619891
websocket-server-56c97f4c7-6q5vs   1m    95Mi   
websocket-server-56c97f4c7-t7zg4   0m    94Mi   
1781619896
websocket-server-56c97f4c7-6q5vs   1m    95Mi   
websocket-server-56c97f4c7-t7zg4   0m    94Mi   
1781619901
websocket-server-56c97f4c7-6q5vs   1m    95Mi   
websocket-server-56c97f4c7-t7zg4   1m    94Mi   
1781619906
websocket-server-56c97f4c7-6q5vs   1m    95Mi   
websocket-server-56c97f4c7-t7zg4   1m    94Mi   
1781619911
websocket-server-56c97f4c7-6q5vs   1m    95Mi   
websocket-server-56c97f4c7-t7zg4   1m    94Mi   
1781619916
websocket-server-56c97f4c7-6q5vs   6m    96Mi   
websocket-server-56c97f4c7-t7zg4   1m    94Mi   
1781619921
websocket-server-56c97f4c7-6q5vs   6m    96Mi   
websocket-server-56c97f4c7-t7zg4   1m    94Mi   
1781619926
websocket-server-56c97f4c7-6q5vs   6m    96Mi   
websocket-server-56c97f4c7-t7zg4   1m    94Mi   
1781619932
websocket-server-56c97f4c7-6q5vs   11m   96Mi   
websocket-server-56c97f4c7-t7zg4   6m    94Mi   
1781619937
websocket-server-56c97f4c7-6q5vs   11m   96Mi   
websocket-server-56c97f4c7-t7zg4   6m    94Mi   
1781619942
websocket-server-56c97f4c7-6q5vs   11m   96Mi   
websocket-server-56c97f4c7-t7zg4   6m    94Mi   
1781619947
websocket-server-56c97f4c7-6q5vs   15m   97Mi   
websocket-server-56c97f4c7-t7zg4   12m   95Mi   
1781619952
websocket-server-56c97f4c7-6q5vs   15m   97Mi   
websocket-server-56c97f4c7-t7zg4   12m   95Mi   
1781619957
websocket-server-56c97f4c7-6q5vs   15m   97Mi   
websocket-server-56c97f4c7-t7zg4   12m   95Mi   
1781619962
websocket-server-56c97f4c7-66nqz   21m   28Mi   
websocket-server-56c97f4c7-6q5vs   16m   97Mi   
websocket-server-56c97f4c7-s9bn9   2m    28Mi   
websocket-server-56c97f4c7-t7zg4   14m   95Mi   
1781619967
websocket-server-56c97f4c7-66nqz   21m   28Mi   
websocket-server-56c97f4c7-6q5vs   16m   97Mi   
websocket-server-56c97f4c7-s9bn9   2m    28Mi   
websocket-server-56c97f4c7-t7zg4   14m   95Mi   
1781619972
websocket-server-56c97f4c7-66nqz   21m   28Mi   
websocket-server-56c97f4c7-6q5vs   16m   97Mi   
websocket-server-56c97f4c7-s9bn9   2m    28Mi   
websocket-server-56c97f4c7-t7zg4   14m   95Mi   
1781619977
websocket-server-56c97f4c7-66nqz   4m    31Mi   
websocket-server-56c97f4c7-6q5vs   19m   97Mi   
websocket-server-56c97f4c7-s9bn9   4m    30Mi   
websocket-server-56c97f4c7-t7zg4   16m   95Mi   
1781619982
websocket-server-56c97f4c7-66nqz   4m    31Mi   
websocket-server-56c97f4c7-6q5vs   19m   97Mi   
websocket-server-56c97f4c7-s9bn9   4m    30Mi   
websocket-server-56c97f4c7-t7zg4   16m   95Mi   
1781619987
websocket-server-56c97f4c7-66nqz   7m    32Mi   
websocket-server-56c97f4c7-6q5vs   19m   97Mi   
websocket-server-56c97f4c7-s9bn9   6m    32Mi   
websocket-server-56c97f4c7-t7zg4   16m   95Mi   
1781619992
websocket-server-56c97f4c7-66nqz   7m    32Mi   
websocket-server-56c97f4c7-6q5vs   19m   97Mi   
websocket-server-56c97f4c7-s9bn9   6m    32Mi   
websocket-server-56c97f4c7-t7zg4   16m   95Mi   
1781619997
websocket-server-56c97f4c7-66nqz   7m    32Mi   
websocket-server-56c97f4c7-6q5vs   19m   97Mi   
websocket-server-56c97f4c7-s9bn9   6m    32Mi   
websocket-server-56c97f4c7-t7zg4   16m   95Mi   
1781620002
websocket-server-56c97f4c7-66nqz   7m    33Mi   
websocket-server-56c97f4c7-6q5vs   19m   97Mi   
websocket-server-56c97f4c7-s9bn9   6m    32Mi   
websocket-server-56c97f4c7-t7zg4   16m   95Mi   
1781620007
websocket-server-56c97f4c7-66nqz   7m    33Mi   
websocket-server-56c97f4c7-6q5vs   19m   97Mi   
websocket-server-56c97f4c7-s9bn9   6m    32Mi   
websocket-server-56c97f4c7-t7zg4   16m   95Mi   
1781620012
websocket-server-56c97f4c7-66nqz   7m    33Mi   
websocket-server-56c97f4c7-6q5vs   19m   97Mi   
websocket-server-56c97f4c7-s9bn9   6m    32Mi   
websocket-server-56c97f4c7-t7zg4   16m   95Mi   
1781620017
websocket-server-56c97f4c7-66nqz   7m    33Mi   
websocket-server-56c97f4c7-6q5vs   19m   97Mi   
websocket-server-56c97f4c7-8wnh9   16m   27Mi   
websocket-server-56c97f4c7-fwmth   0m    27Mi   
websocket-server-56c97f4c7-lcrtz   0m    27Mi   
websocket-server-56c97f4c7-s9bn9   5m    32Mi   
websocket-server-56c97f4c7-t7zg4   12m   95Mi   
websocket-server-56c97f4c7-vhrmt   20m   27Mi   
1781620022
websocket-server-56c97f4c7-66nqz   7m    33Mi   
websocket-server-56c97f4c7-6q5vs   19m   97Mi   
websocket-server-56c97f4c7-8wnh9   16m   27Mi   
websocket-server-56c97f4c7-fwmth   0m    27Mi   
websocket-server-56c97f4c7-lcrtz   0m    27Mi   
websocket-server-56c97f4c7-s9bn9   5m    32Mi   
websocket-server-56c97f4c7-t7zg4   12m   95Mi   
websocket-server-56c97f4c7-vhrmt   20m   27Mi   
1781620028
websocket-server-56c97f4c7-66nqz   7m    33Mi   
websocket-server-56c97f4c7-6q5vs   19m   97Mi   
websocket-server-56c97f4c7-8wnh9   16m   27Mi   
websocket-server-56c97f4c7-fwmth   0m    27Mi   
websocket-server-56c97f4c7-lcrtz   0m    27Mi   
websocket-server-56c97f4c7-s9bn9   5m    32Mi   
websocket-server-56c97f4c7-t7zg4   12m   95Mi   
websocket-server-56c97f4c7-vhrmt   20m   27Mi   
1781620033
websocket-server-56c97f4c7-66nqz   5m    33Mi   
websocket-server-56c97f4c7-6q5vs   13m   97Mi   
websocket-server-56c97f4c7-8wnh9   0m    27Mi   
websocket-server-56c97f4c7-fwmth   0m    27Mi   
websocket-server-56c97f4c7-lcrtz   0m    27Mi   
websocket-server-56c97f4c7-s9bn9   2m    32Mi   
websocket-server-56c97f4c7-t7zg4   12m   95Mi   
websocket-server-56c97f4c7-vhrmt   0m    27Mi   
1781620038
websocket-server-56c97f4c7-66nqz   5m    33Mi   
websocket-server-56c97f4c7-6q5vs   13m   97Mi   
websocket-server-56c97f4c7-8wnh9   0m    27Mi   
websocket-server-56c97f4c7-fwmth   0m    27Mi   
websocket-server-56c97f4c7-lcrtz   0m    27Mi   
websocket-server-56c97f4c7-s9bn9   2m    32Mi   
websocket-server-56c97f4c7-t7zg4   12m   95Mi   
websocket-server-56c97f4c7-vhrmt   0m    27Mi   
1781620043
websocket-server-56c97f4c7-66nqz   5m    33Mi   
websocket-server-56c97f4c7-6q5vs   13m   97Mi   
websocket-server-56c97f4c7-8wnh9   0m    27Mi   
websocket-server-56c97f4c7-fwmth   0m    27Mi   
websocket-server-56c97f4c7-lcrtz   0m    27Mi   
websocket-server-56c97f4c7-s9bn9   2m    32Mi   
websocket-server-56c97f4c7-t7zg4   12m   95Mi   
websocket-server-56c97f4c7-vhrmt   0m    27Mi   
1781620048
websocket-server-56c97f4c7-66nqz   2m    33Mi   
websocket-server-56c97f4c7-6q5vs   6m    97Mi   
websocket-server-56c97f4c7-8wnh9   0m    27Mi   
websocket-server-56c97f4c7-fwmth   0m    27Mi   
websocket-server-56c97f4c7-lcrtz   0m    27Mi   
websocket-server-56c97f4c7-s9bn9   2m    32Mi   
websocket-server-56c97f4c7-t7zg4   6m    95Mi   
websocket-server-56c97f4c7-vhrmt   0m    27Mi   
1781620053
websocket-server-56c97f4c7-66nqz   2m    33Mi   
websocket-server-56c97f4c7-6q5vs   6m    97Mi   
websocket-server-56c97f4c7-8wnh9   0m    27Mi   
websocket-server-56c97f4c7-fwmth   0m    27Mi   
websocket-server-56c97f4c7-lcrtz   0m    27Mi   
websocket-server-56c97f4c7-s9bn9   2m    32Mi   
websocket-server-56c97f4c7-t7zg4   6m    95Mi   
websocket-server-56c97f4c7-vhrmt   0m    27Mi   
1781620058
websocket-server-56c97f4c7-66nqz   2m    33Mi   
websocket-server-56c97f4c7-6q5vs   6m    97Mi   
websocket-server-56c97f4c7-8wnh9   0m    27Mi   
websocket-server-56c97f4c7-fwmth   0m    27Mi   
websocket-server-56c97f4c7-lcrtz   0m    27Mi   
websocket-server-56c97f4c7-s9bn9   2m    32Mi   
websocket-server-56c97f4c7-t7zg4   6m    95Mi   
websocket-server-56c97f4c7-vhrmt   0m    27Mi   
1781620063
websocket-server-56c97f4c7-66nqz   2m    33Mi   
websocket-server-56c97f4c7-6q5vs   7m    97Mi   
websocket-server-56c97f4c7-8wnh9   0m    27Mi   
websocket-server-56c97f4c7-fwmth   0m    27Mi   
websocket-server-56c97f4c7-lcrtz   0m    27Mi   
websocket-server-56c97f4c7-s9bn9   2m    32Mi   
websocket-server-56c97f4c7-t7zg4   6m    95Mi   
websocket-server-56c97f4c7-vhrmt   1m    27Mi   
1781620068
websocket-server-56c97f4c7-66nqz   2m    33Mi   
websocket-server-56c97f4c7-6q5vs   7m    97Mi   
websocket-server-56c97f4c7-8wnh9   0m    27Mi   
websocket-server-56c97f4c7-fwmth   0m    27Mi   
websocket-server-56c97f4c7-lcrtz   0m    27Mi   
websocket-server-56c97f4c7-s9bn9   2m    32Mi   
websocket-server-56c97f4c7-t7zg4   6m    95Mi   
websocket-server-56c97f4c7-vhrmt   1m    27Mi   
1781620073
websocket-server-56c97f4c7-66nqz   2m    33Mi   
websocket-server-56c97f4c7-6q5vs   7m    97Mi   
websocket-server-56c97f4c7-8wnh9   0m    27Mi   
websocket-server-56c97f4c7-fwmth   0m    27Mi   
websocket-server-56c97f4c7-lcrtz   0m    27Mi   
websocket-server-56c97f4c7-s9bn9   2m    32Mi   
websocket-server-56c97f4c7-t7zg4   6m    95Mi   
websocket-server-56c97f4c7-vhrmt   1m    27Mi   
1781620078
websocket-server-56c97f4c7-66nqz   4m    32Mi   
websocket-server-56c97f4c7-6q5vs   7m    96Mi   
websocket-server-56c97f4c7-8wnh9   1m    27Mi   
websocket-server-56c97f4c7-fwmth   1m    27Mi   
websocket-server-56c97f4c7-lcrtz   1m    27Mi   
websocket-server-56c97f4c7-s9bn9   2m    32Mi   
websocket-server-56c97f4c7-t7zg4   5m    95Mi   
websocket-server-56c97f4c7-vhrmt   0m    27Mi   
1781620083
websocket-server-56c97f4c7-66nqz   4m    32Mi   
websocket-server-56c97f4c7-6q5vs   7m    96Mi   
websocket-server-56c97f4c7-8wnh9   1m    27Mi   
websocket-server-56c97f4c7-fwmth   1m    27Mi   
websocket-server-56c97f4c7-lcrtz   1m    27Mi   
websocket-server-56c97f4c7-s9bn9   2m    32Mi   
websocket-server-56c97f4c7-t7zg4   5m    95Mi   
websocket-server-56c97f4c7-vhrmt   0m    27Mi   
1781620088
websocket-server-56c97f4c7-66nqz   4m    32Mi   
websocket-server-56c97f4c7-6q5vs   7m    96Mi   
websocket-server-56c97f4c7-8wnh9   1m    27Mi   
websocket-server-56c97f4c7-fwmth   1m    27Mi   
websocket-server-56c97f4c7-lcrtz   1m    27Mi   
websocket-server-56c97f4c7-s9bn9   2m    32Mi   
websocket-server-56c97f4c7-t7zg4   5m    95Mi   
websocket-server-56c97f4c7-vhrmt   0m    27Mi   
1781620093
websocket-server-56c97f4c7-66nqz   0m    32Mi   
websocket-server-56c97f4c7-6q5vs   8m    95Mi   
websocket-server-56c97f4c7-8wnh9   0m    27Mi   
websocket-server-56c97f4c7-fwmth   0m    27Mi   
websocket-server-56c97f4c7-lcrtz   0m    27Mi   
websocket-server-56c97f4c7-s9bn9   4m    32Mi   
websocket-server-56c97f4c7-t7zg4   5m    94Mi   
websocket-server-56c97f4c7-vhrmt   0m    27Mi   
1781620098
websocket-server-56c97f4c7-66nqz   0m    32Mi   
websocket-server-56c97f4c7-6q5vs   8m    95Mi   
websocket-server-56c97f4c7-8wnh9   0m    27Mi   
websocket-server-56c97f4c7-fwmth   0m    27Mi   
websocket-server-56c97f4c7-lcrtz   0m    27Mi   
websocket-server-56c97f4c7-s9bn9   4m    32Mi   
websocket-server-56c97f4c7-t7zg4   5m    94Mi   
websocket-server-56c97f4c7-vhrmt   0m    27Mi   
1781620103
websocket-server-56c97f4c7-66nqz   0m    32Mi   
websocket-server-56c97f4c7-6q5vs   8m    95Mi   
websocket-server-56c97f4c7-8wnh9   0m    27Mi   
websocket-server-56c97f4c7-fwmth   0m    27Mi   
websocket-server-56c97f4c7-lcrtz   0m    27Mi   
websocket-server-56c97f4c7-s9bn9   4m    32Mi   
websocket-server-56c97f4c7-t7zg4   5m    94Mi   
websocket-server-56c97f4c7-vhrmt   0m    27Mi   
1781620108
websocket-server-56c97f4c7-66nqz   0m    32Mi   
websocket-server-56c97f4c7-6q5vs   0m    95Mi   
websocket-server-56c97f4c7-8wnh9   0m    27Mi   
websocket-server-56c97f4c7-fwmth   0m    27Mi   
websocket-server-56c97f4c7-lcrtz   0m    27Mi   
websocket-server-56c97f4c7-s9bn9   0m    32Mi   
websocket-server-56c97f4c7-t7zg4   5m    94Mi   
websocket-server-56c97f4c7-vhrmt   0m    27Mi   
1781620113
websocket-server-56c97f4c7-66nqz   0m    32Mi   
websocket-server-56c97f4c7-6q5vs   0m    95Mi   
websocket-server-56c97f4c7-8wnh9   0m    27Mi   
websocket-server-56c97f4c7-fwmth   0m    27Mi   
websocket-server-56c97f4c7-lcrtz   0m    27Mi   
websocket-server-56c97f4c7-s9bn9   0m    32Mi   
websocket-server-56c97f4c7-t7zg4   5m    94Mi   
websocket-server-56c97f4c7-vhrmt   0m    27Mi   
1781620118
websocket-server-56c97f4c7-66nqz   0m    32Mi   
websocket-server-56c97f4c7-6q5vs   0m    95Mi   
websocket-server-56c97f4c7-8wnh9   0m    27Mi   
websocket-server-56c97f4c7-fwmth   0m    27Mi   
websocket-server-56c97f4c7-lcrtz   0m    27Mi   
websocket-server-56c97f4c7-s9bn9   0m    32Mi   
websocket-server-56c97f4c7-t7zg4   5m    94Mi   
websocket-server-56c97f4c7-vhrmt   0m    27Mi   
1781620123
websocket-server-56c97f4c7-66nqz   1m    32Mi   
websocket-server-56c97f4c7-6q5vs   0m    95Mi   
websocket-server-56c97f4c7-8wnh9   1m    27Mi   
websocket-server-56c97f4c7-fwmth   0m    27Mi   
websocket-server-56c97f4c7-lcrtz   0m    27Mi   
websocket-server-56c97f4c7-s9bn9   1m    32Mi   
websocket-server-56c97f4c7-t7zg4   1m    94Mi   
websocket-server-56c97f4c7-vhrmt   1m    27Mi   
1781620128
websocket-server-56c97f4c7-66nqz   1m    32Mi   
websocket-server-56c97f4c7-6q5vs   0m    95Mi   
websocket-server-56c97f4c7-8wnh9   1m    27Mi   
websocket-server-56c97f4c7-fwmth   0m    27Mi   
websocket-server-56c97f4c7-lcrtz   0m    27Mi   
websocket-server-56c97f4c7-s9bn9   1m    32Mi   
websocket-server-56c97f4c7-t7zg4   1m    94Mi   
websocket-server-56c97f4c7-vhrmt   1m    27Mi   
1781620134
websocket-server-56c97f4c7-66nqz   1m    32Mi   
websocket-server-56c97f4c7-6q5vs   0m    95Mi   
websocket-server-56c97f4c7-8wnh9   1m    27Mi   
websocket-server-56c97f4c7-fwmth   0m    27Mi   
websocket-server-56c97f4c7-lcrtz   0m    27Mi   
websocket-server-56c97f4c7-s9bn9   1m    32Mi   
websocket-server-56c97f4c7-t7zg4   1m    94Mi   
websocket-server-56c97f4c7-vhrmt   1m    27Mi   
1781620139
websocket-server-56c97f4c7-66nqz   0m    32Mi   
websocket-server-56c97f4c7-6q5vs   1m    95Mi   
websocket-server-56c97f4c7-8wnh9   1m    28Mi   
websocket-server-56c97f4c7-fwmth   0m    27Mi   
websocket-server-56c97f4c7-lcrtz   0m    27Mi   
websocket-server-56c97f4c7-s9bn9   0m    32Mi   
websocket-server-56c97f4c7-t7zg4   1m    94Mi   
websocket-server-56c97f4c7-vhrmt   1m    27Mi   
1781620144
websocket-server-56c97f4c7-66nqz   0m    32Mi   
websocket-server-56c97f4c7-6q5vs   1m    95Mi   
websocket-server-56c97f4c7-8wnh9   1m    28Mi   
websocket-server-56c97f4c7-fwmth   0m    27Mi   
websocket-server-56c97f4c7-lcrtz   0m    27Mi   
websocket-server-56c97f4c7-s9bn9   0m    32Mi   
websocket-server-56c97f4c7-t7zg4   1m    94Mi   
websocket-server-56c97f4c7-vhrmt   1m    27Mi   
1781620149
websocket-server-56c97f4c7-66nqz   0m    32Mi   
websocket-server-56c97f4c7-6q5vs   1m    95Mi   
websocket-server-56c97f4c7-8wnh9   1m    28Mi   
websocket-server-56c97f4c7-fwmth   0m    27Mi   
websocket-server-56c97f4c7-lcrtz   0m    27Mi   
websocket-server-56c97f4c7-s9bn9   0m    32Mi   
websocket-server-56c97f4c7-t7zg4   1m    94Mi   
websocket-server-56c97f4c7-vhrmt   1m    27Mi   
1781620154
websocket-server-56c97f4c7-66nqz   2m    34Mi   
websocket-server-56c97f4c7-6q5vs   1m    95Mi   
websocket-server-56c97f4c7-8wnh9   2m    28Mi   
websocket-server-56c97f4c7-fwmth   1m    28Mi   
websocket-server-56c97f4c7-lcrtz   1m    27Mi   
websocket-server-56c97f4c7-s9bn9   1m    33Mi   
websocket-server-56c97f4c7-t7zg4   2m    94Mi   
websocket-server-56c97f4c7-vhrmt   2m    28Mi   
1781620159
websocket-server-56c97f4c7-66nqz   2m    34Mi   
websocket-server-56c97f4c7-6q5vs   1m    95Mi   
websocket-server-56c97f4c7-8wnh9   2m    28Mi   
websocket-server-56c97f4c7-fwmth   1m    28Mi   
websocket-server-56c97f4c7-lcrtz   1m    27Mi   
websocket-server-56c97f4c7-s9bn9   1m    33Mi   
websocket-server-56c97f4c7-t7zg4   2m    94Mi   
websocket-server-56c97f4c7-vhrmt   2m    28Mi   
1781620164
websocket-server-56c97f4c7-66nqz   2m    34Mi   
websocket-server-56c97f4c7-6q5vs   1m    95Mi   
websocket-server-56c97f4c7-8wnh9   2m    28Mi   
websocket-server-56c97f4c7-fwmth   1m    28Mi   
websocket-server-56c97f4c7-lcrtz   1m    27Mi   
websocket-server-56c97f4c7-s9bn9   1m    33Mi   
websocket-server-56c97f4c7-t7zg4   2m    94Mi   
websocket-server-56c97f4c7-vhrmt   2m    28Mi   
1781620169
websocket-server-56c97f4c7-66nqz   3m    35Mi   
websocket-server-56c97f4c7-6q5vs   2m    95Mi   
websocket-server-56c97f4c7-8wnh9   3m    28Mi   
websocket-server-56c97f4c7-fwmth   3m    28Mi   
websocket-server-56c97f4c7-lcrtz   2m    28Mi   
websocket-server-56c97f4c7-s9bn9   1m    33Mi   
websocket-server-56c97f4c7-t7zg4   3m    94Mi   
websocket-server-56c97f4c7-vhrmt   2m    29Mi   
1781620174
websocket-server-56c97f4c7-66nqz   3m    35Mi   
websocket-server-56c97f4c7-6q5vs   2m    95Mi   
websocket-server-56c97f4c7-8wnh9   3m    28Mi   
websocket-server-56c97f4c7-fwmth   3m    28Mi   
websocket-server-56c97f4c7-lcrtz   2m    28Mi   
websocket-server-56c97f4c7-s9bn9   1m    33Mi   
websocket-server-56c97f4c7-t7zg4   3m    94Mi   
websocket-server-56c97f4c7-vhrmt   2m    29Mi   
1781620179
websocket-server-56c97f4c7-66nqz   3m    35Mi   
websocket-server-56c97f4c7-6q5vs   2m    95Mi   
websocket-server-56c97f4c7-8wnh9   3m    28Mi   
websocket-server-56c97f4c7-fwmth   3m    28Mi   
websocket-server-56c97f4c7-lcrtz   2m    28Mi   
websocket-server-56c97f4c7-s9bn9   1m    33Mi   
websocket-server-56c97f4c7-t7zg4   3m    94Mi   
websocket-server-56c97f4c7-vhrmt   2m    29Mi   
1781620184
websocket-server-56c97f4c7-66nqz   4m    35Mi   
websocket-server-56c97f4c7-6q5vs   3m    95Mi   
websocket-server-56c97f4c7-8wnh9   3m    29Mi   
websocket-server-56c97f4c7-fwmth   4m    30Mi   
websocket-server-56c97f4c7-lcrtz   3m    29Mi   
websocket-server-56c97f4c7-s9bn9   3m    34Mi   
websocket-server-56c97f4c7-t7zg4   4m    94Mi   
websocket-server-56c97f4c7-vhrmt   4m    30Mi   
1781620189
websocket-server-56c97f4c7-66nqz   4m    35Mi   
websocket-server-56c97f4c7-6q5vs   3m    95Mi   
websocket-server-56c97f4c7-8wnh9   3m    29Mi   
websocket-server-56c97f4c7-fwmth   4m    30Mi   
websocket-server-56c97f4c7-lcrtz   3m    29Mi   
websocket-server-56c97f4c7-s9bn9   3m    34Mi   
websocket-server-56c97f4c7-t7zg4   4m    94Mi   
websocket-server-56c97f4c7-vhrmt   4m    30Mi   
1781620194
websocket-server-56c97f4c7-66nqz   4m    35Mi   
websocket-server-56c97f4c7-6q5vs   3m    95Mi   
websocket-server-56c97f4c7-8wnh9   3m    29Mi   
websocket-server-56c97f4c7-fwmth   4m    30Mi   
websocket-server-56c97f4c7-lcrtz   3m    29Mi   
websocket-server-56c97f4c7-s9bn9   3m    34Mi   
websocket-server-56c97f4c7-t7zg4   4m    94Mi   
websocket-server-56c97f4c7-vhrmt   4m    30Mi   
1781620199
websocket-server-56c97f4c7-66nqz   5m    37Mi   
websocket-server-56c97f4c7-6q5vs   4m    95Mi   
websocket-server-56c97f4c7-8wnh9   4m    30Mi   
websocket-server-56c97f4c7-fwmth   5m    31Mi   
websocket-server-56c97f4c7-lcrtz   4m    30Mi   
websocket-server-56c97f4c7-s9bn9   4m    35Mi   
websocket-server-56c97f4c7-t7zg4   4m    94Mi   
websocket-server-56c97f4c7-vhrmt   4m    30Mi   
1781620204
websocket-server-56c97f4c7-66nqz   5m    37Mi   
websocket-server-56c97f4c7-6q5vs   4m    95Mi   
websocket-server-56c97f4c7-8wnh9   4m    30Mi   
websocket-server-56c97f4c7-fwmth   5m    31Mi   
websocket-server-56c97f4c7-lcrtz   4m    30Mi   
websocket-server-56c97f4c7-s9bn9   4m    35Mi   
websocket-server-56c97f4c7-t7zg4   4m    94Mi   
websocket-server-56c97f4c7-vhrmt   4m    30Mi   
1781620209
websocket-server-56c97f4c7-66nqz   5m    37Mi   
websocket-server-56c97f4c7-6q5vs   4m    95Mi   
websocket-server-56c97f4c7-8wnh9   4m    30Mi   
websocket-server-56c97f4c7-fwmth   5m    31Mi   
websocket-server-56c97f4c7-lcrtz   4m    30Mi   
websocket-server-56c97f4c7-s9bn9   4m    35Mi   
websocket-server-56c97f4c7-t7zg4   4m    94Mi   
websocket-server-56c97f4c7-vhrmt   4m    30Mi   
1781620214
websocket-server-56c97f4c7-66nqz   7m    38Mi   
websocket-server-56c97f4c7-6q5vs   5m    96Mi   
websocket-server-56c97f4c7-8wnh9   5m    32Mi   
websocket-server-56c97f4c7-fwmth   5m    31Mi   
websocket-server-56c97f4c7-lcrtz   4m    30Mi   
websocket-server-56c97f4c7-s9bn9   5m    36Mi   
websocket-server-56c97f4c7-t7zg4   6m    94Mi   
websocket-server-56c97f4c7-vhrmt   5m    32Mi   
1781620219
websocket-server-56c97f4c7-66nqz   7m    38Mi   
websocket-server-56c97f4c7-6q5vs   5m    96Mi   
websocket-server-56c97f4c7-8wnh9   5m    32Mi   
websocket-server-56c97f4c7-fwmth   5m    31Mi   
websocket-server-56c97f4c7-lcrtz   4m    30Mi   
websocket-server-56c97f4c7-s9bn9   5m    36Mi   
websocket-server-56c97f4c7-t7zg4   6m    94Mi   
websocket-server-56c97f4c7-vhrmt   5m    32Mi   
1781620224
websocket-server-56c97f4c7-66nqz   7m    38Mi   
websocket-server-56c97f4c7-6q5vs   5m    96Mi   
websocket-server-56c97f4c7-8wnh9   5m    32Mi   
websocket-server-56c97f4c7-fwmth   5m    31Mi   
websocket-server-56c97f4c7-lcrtz   4m    30Mi   
websocket-server-56c97f4c7-s9bn9   5m    36Mi   
websocket-server-56c97f4c7-t7zg4   6m    94Mi   
websocket-server-56c97f4c7-vhrmt   5m    32Mi   
1781620229
websocket-server-56c97f4c7-66nqz   7m    39Mi   
websocket-server-56c97f4c7-6q5vs   6m    95Mi   
websocket-server-56c97f4c7-8wnh9   7m    33Mi   
websocket-server-56c97f4c7-fwmth   5m    31Mi   
websocket-server-56c97f4c7-lcrtz   5m    32Mi   
websocket-server-56c97f4c7-s9bn9   7m    38Mi   
websocket-server-56c97f4c7-t7zg4   7m    94Mi   
websocket-server-56c97f4c7-vhrmt   6m    32Mi   
1781620235
websocket-server-56c97f4c7-66nqz   7m    39Mi   
websocket-server-56c97f4c7-6q5vs   6m    95Mi   
websocket-server-56c97f4c7-8wnh9   7m    33Mi   
websocket-server-56c97f4c7-fwmth   5m    31Mi   
websocket-server-56c97f4c7-lcrtz   5m    32Mi   
websocket-server-56c97f4c7-s9bn9   7m    38Mi   
websocket-server-56c97f4c7-t7zg4   7m    94Mi   
websocket-server-56c97f4c7-vhrmt   6m    32Mi   
1781620240
websocket-server-56c97f4c7-66nqz   7m    39Mi   
websocket-server-56c97f4c7-6q5vs   6m    95Mi   
websocket-server-56c97f4c7-8wnh9   7m    33Mi   
websocket-server-56c97f4c7-fwmth   5m    31Mi   
websocket-server-56c97f4c7-lcrtz   5m    32Mi   
websocket-server-56c97f4c7-s9bn9   7m    38Mi   
websocket-server-56c97f4c7-t7zg4   7m    94Mi   
websocket-server-56c97f4c7-vhrmt   6m    32Mi   
1781620245
websocket-server-56c97f4c7-66nqz   7m    39Mi   
websocket-server-56c97f4c7-6q5vs   6m    96Mi   
websocket-server-56c97f4c7-8wnh9   7m    33Mi   
websocket-server-56c97f4c7-fwmth   6m    33Mi   
websocket-server-56c97f4c7-lcrtz   5m    32Mi   
websocket-server-56c97f4c7-s9bn9   6m    38Mi   
websocket-server-56c97f4c7-t7zg4   7m    94Mi   
websocket-server-56c97f4c7-vhrmt   6m    32Mi   
1781620250
websocket-server-56c97f4c7-66nqz   7m    39Mi   
websocket-server-56c97f4c7-6q5vs   6m    96Mi   
websocket-server-56c97f4c7-8wnh9   7m    33Mi   
websocket-server-56c97f4c7-fwmth   6m    33Mi   
websocket-server-56c97f4c7-lcrtz   5m    32Mi   
websocket-server-56c97f4c7-s9bn9   6m    38Mi   
websocket-server-56c97f4c7-t7zg4   7m    94Mi   
websocket-server-56c97f4c7-vhrmt   6m    32Mi   
1781620255
websocket-server-56c97f4c7-66nqz   7m    39Mi   
websocket-server-56c97f4c7-6q5vs   6m    96Mi   
websocket-server-56c97f4c7-8wnh9   7m    33Mi   
websocket-server-56c97f4c7-fwmth   6m    33Mi   
websocket-server-56c97f4c7-lcrtz   5m    32Mi   
websocket-server-56c97f4c7-s9bn9   6m    38Mi   
websocket-server-56c97f4c7-t7zg4   7m    94Mi   
websocket-server-56c97f4c7-vhrmt   6m    32Mi   
1781620260
websocket-server-56c97f4c7-66nqz   7m    39Mi   
websocket-server-56c97f4c7-6q5vs   5m    96Mi   
websocket-server-56c97f4c7-9j9c2   19m   27Mi   
websocket-server-56c97f4c7-fwmth   6m    33Mi   
websocket-server-56c97f4c7-krpdx   19m   27Mi   
websocket-server-56c97f4c7-lcrtz   5m    32Mi   
websocket-server-56c97f4c7-s9bn9   7m    38Mi   
websocket-server-56c97f4c7-t7zg4   7m    94Mi   
1781620265
websocket-server-56c97f4c7-66nqz   7m    39Mi   
websocket-server-56c97f4c7-6q5vs   5m    96Mi   
websocket-server-56c97f4c7-9j9c2   19m   27Mi   
websocket-server-56c97f4c7-fwmth   6m    33Mi   
websocket-server-56c97f4c7-krpdx   19m   27Mi   
websocket-server-56c97f4c7-lcrtz   5m    32Mi   
websocket-server-56c97f4c7-s9bn9   7m    38Mi   
websocket-server-56c97f4c7-t7zg4   7m    94Mi   
1781620270
websocket-server-56c97f4c7-66nqz   7m    39Mi   
websocket-server-56c97f4c7-6q5vs   5m    96Mi   
websocket-server-56c97f4c7-9j9c2   19m   27Mi   
websocket-server-56c97f4c7-fwmth   6m    33Mi   
websocket-server-56c97f4c7-krpdx   19m   27Mi   
websocket-server-56c97f4c7-lcrtz   5m    32Mi   
websocket-server-56c97f4c7-s9bn9   7m    38Mi   
websocket-server-56c97f4c7-t7zg4   7m    94Mi   
1781620275
websocket-server-56c97f4c7-66nqz   7m    39Mi   
websocket-server-56c97f4c7-6q5vs   2m    95Mi   
websocket-server-56c97f4c7-9j9c2   0m    27Mi   
websocket-server-56c97f4c7-fwmth   4m    32Mi   
websocket-server-56c97f4c7-krpdx   0m    27Mi   
websocket-server-56c97f4c7-lcrtz   5m    32Mi   
websocket-server-56c97f4c7-s9bn9   5m    38Mi   
websocket-server-56c97f4c7-t7zg4   5m    94Mi   
1781620280
websocket-server-56c97f4c7-66nqz   7m    39Mi   
websocket-server-56c97f4c7-6q5vs   2m    95Mi   
websocket-server-56c97f4c7-9j9c2   0m    27Mi   
websocket-server-56c97f4c7-fwmth   4m    32Mi   
websocket-server-56c97f4c7-krpdx   0m    27Mi   
websocket-server-56c97f4c7-lcrtz   5m    32Mi   
websocket-server-56c97f4c7-s9bn9   5m    38Mi   
websocket-server-56c97f4c7-t7zg4   5m    94Mi   
1781620285
websocket-server-56c97f4c7-66nqz   7m    39Mi   
websocket-server-56c97f4c7-6q5vs   2m    95Mi   
websocket-server-56c97f4c7-9j9c2   0m    27Mi   
websocket-server-56c97f4c7-fwmth   4m    32Mi   
websocket-server-56c97f4c7-krpdx   0m    27Mi   
websocket-server-56c97f4c7-lcrtz   5m    32Mi   
websocket-server-56c97f4c7-s9bn9   5m    38Mi   
websocket-server-56c97f4c7-t7zg4   5m    94Mi   
1781620290
websocket-server-56c97f4c7-66nqz   3m    39Mi   
websocket-server-56c97f4c7-6q5vs   2m    95Mi   
websocket-server-56c97f4c7-9j9c2   0m    27Mi   
websocket-server-56c97f4c7-fwmth   4m    32Mi   
websocket-server-56c97f4c7-krpdx   0m    27Mi   
websocket-server-56c97f4c7-lcrtz   2m    31Mi   
websocket-server-56c97f4c7-s9bn9   3m    38Mi   
websocket-server-56c97f4c7-t7zg4   2m    95Mi   
1781620295
websocket-server-56c97f4c7-66nqz   3m    39Mi   
websocket-server-56c97f4c7-6q5vs   2m    95Mi   
websocket-server-56c97f4c7-9j9c2   0m    27Mi   
websocket-server-56c97f4c7-fwmth   4m    32Mi   
websocket-server-56c97f4c7-krpdx   0m    27Mi   
websocket-server-56c97f4c7-lcrtz   2m    31Mi   
websocket-server-56c97f4c7-s9bn9   3m    38Mi   
websocket-server-56c97f4c7-t7zg4   2m    95Mi   
1781620300
websocket-server-56c97f4c7-66nqz   3m    39Mi   
websocket-server-56c97f4c7-6q5vs   2m    95Mi   
websocket-server-56c97f4c7-9j9c2   0m    27Mi   
websocket-server-56c97f4c7-fwmth   4m    32Mi   
websocket-server-56c97f4c7-krpdx   0m    27Mi   
websocket-server-56c97f4c7-lcrtz   2m    31Mi   
websocket-server-56c97f4c7-s9bn9   3m    38Mi   
websocket-server-56c97f4c7-t7zg4   2m    95Mi   
1781620305
websocket-server-56c97f4c7-66nqz   3m    39Mi   
websocket-server-56c97f4c7-6q5vs   2m    96Mi   
websocket-server-56c97f4c7-9j9c2   1m    27Mi   
websocket-server-56c97f4c7-fwmth   2m    32Mi   
websocket-server-56c97f4c7-krpdx   0m    27Mi   
websocket-server-56c97f4c7-lcrtz   2m    32Mi   
websocket-server-56c97f4c7-s9bn9   3m    38Mi   
websocket-server-56c97f4c7-t7zg4   2m    94Mi   
1781620310
websocket-server-56c97f4c7-66nqz   3m    39Mi   
websocket-server-56c97f4c7-6q5vs   2m    96Mi   
websocket-server-56c97f4c7-9j9c2   1m    27Mi   
websocket-server-56c97f4c7-fwmth   2m    32Mi   
websocket-server-56c97f4c7-krpdx   0m    27Mi   
websocket-server-56c97f4c7-lcrtz   2m    32Mi   
websocket-server-56c97f4c7-s9bn9   3m    38Mi   
websocket-server-56c97f4c7-t7zg4   2m    94Mi   
1781620315
websocket-server-56c97f4c7-66nqz   3m    39Mi   
websocket-server-56c97f4c7-6q5vs   2m    96Mi   
websocket-server-56c97f4c7-9j9c2   1m    27Mi   
websocket-server-56c97f4c7-fwmth   2m    32Mi   
websocket-server-56c97f4c7-krpdx   0m    27Mi   
websocket-server-56c97f4c7-lcrtz   2m    32Mi   
websocket-server-56c97f4c7-s9bn9   3m    38Mi   
websocket-server-56c97f4c7-t7zg4   2m    94Mi   
1781620320
websocket-server-56c97f4c7-66nqz   3m    38Mi   
websocket-server-56c97f4c7-6q5vs   2m    95Mi   
websocket-server-56c97f4c7-9j9c2   0m    27Mi   
websocket-server-56c97f4c7-fwmth   4m    32Mi   
websocket-server-56c97f4c7-krpdx   1m    27Mi   
websocket-server-56c97f4c7-lcrtz   5m    31Mi   
websocket-server-56c97f4c7-s9bn9   6m    37Mi   
websocket-server-56c97f4c7-t7zg4   3m    94Mi   
1781620325
websocket-server-56c97f4c7-66nqz   3m    38Mi   
websocket-server-56c97f4c7-6q5vs   2m    95Mi   
websocket-server-56c97f4c7-9j9c2   0m    27Mi   
websocket-server-56c97f4c7-fwmth   4m    32Mi   
websocket-server-56c97f4c7-krpdx   1m    27Mi   
websocket-server-56c97f4c7-lcrtz   5m    31Mi   
websocket-server-56c97f4c7-s9bn9   6m    37Mi   
websocket-server-56c97f4c7-t7zg4   3m    94Mi   
1781620330
websocket-server-56c97f4c7-66nqz   3m    38Mi   
websocket-server-56c97f4c7-6q5vs   2m    95Mi   
websocket-server-56c97f4c7-9j9c2   0m    27Mi   
websocket-server-56c97f4c7-fwmth   4m    32Mi   
websocket-server-56c97f4c7-krpdx   1m    27Mi   
websocket-server-56c97f4c7-lcrtz   5m    31Mi   
websocket-server-56c97f4c7-s9bn9   6m    37Mi   
websocket-server-56c97f4c7-t7zg4   3m    94Mi   
1781620335
websocket-server-56c97f4c7-66nqz   5m    38Mi   
websocket-server-56c97f4c7-6q5vs   4m    95Mi   
websocket-server-56c97f4c7-9j9c2   0m    27Mi   
websocket-server-56c97f4c7-fwmth   0m    32Mi   
websocket-server-56c97f4c7-krpdx   0m    27Mi   
websocket-server-56c97f4c7-lcrtz   0m    31Mi   
websocket-server-56c97f4c7-s9bn9   0m    37Mi   
websocket-server-56c97f4c7-t7zg4   4m    94Mi   
1781620340
websocket-server-56c97f4c7-66nqz   5m    38Mi   
websocket-server-56c97f4c7-6q5vs   4m    95Mi   
websocket-server-56c97f4c7-9j9c2   0m    27Mi   
websocket-server-56c97f4c7-fwmth   0m    32Mi   
websocket-server-56c97f4c7-krpdx   0m    27Mi   
websocket-server-56c97f4c7-lcrtz   0m    31Mi   
websocket-server-56c97f4c7-s9bn9   0m    37Mi   
websocket-server-56c97f4c7-t7zg4   4m    94Mi   
1781620346
websocket-server-56c97f4c7-66nqz   5m    38Mi   
websocket-server-56c97f4c7-6q5vs   4m    95Mi   
websocket-server-56c97f4c7-9j9c2   0m    27Mi   
websocket-server-56c97f4c7-fwmth   0m    32Mi   
websocket-server-56c97f4c7-krpdx   0m    27Mi   
websocket-server-56c97f4c7-lcrtz   0m    31Mi   
websocket-server-56c97f4c7-s9bn9   0m    37Mi   
websocket-server-56c97f4c7-t7zg4   4m    94Mi   
1781620351
websocket-server-56c97f4c7-66nqz   0m    38Mi   
websocket-server-56c97f4c7-6q5vs   0m    95Mi   
websocket-server-56c97f4c7-9j9c2   0m    27Mi   
websocket-server-56c97f4c7-fwmth   0m    32Mi   
websocket-server-56c97f4c7-krpdx   0m    27Mi   
websocket-server-56c97f4c7-lcrtz   0m    31Mi   
websocket-server-56c97f4c7-s9bn9   0m    37Mi   
websocket-server-56c97f4c7-t7zg4   0m    94Mi   
1781620356
websocket-server-56c97f4c7-66nqz   0m    38Mi   
websocket-server-56c97f4c7-6q5vs   0m    95Mi   
websocket-server-56c97f4c7-9j9c2   0m    27Mi   
websocket-server-56c97f4c7-fwmth   0m    32Mi   
websocket-server-56c97f4c7-krpdx   0m    27Mi   
websocket-server-56c97f4c7-lcrtz   0m    31Mi   
websocket-server-56c97f4c7-s9bn9   0m    37Mi   
websocket-server-56c97f4c7-t7zg4   0m    94Mi   
1781620361
websocket-server-56c97f4c7-66nqz   0m    38Mi   
websocket-server-56c97f4c7-6q5vs   0m    95Mi   
websocket-server-56c97f4c7-9j9c2   0m    27Mi   
websocket-server-56c97f4c7-fwmth   0m    32Mi   
websocket-server-56c97f4c7-krpdx   0m    27Mi   
websocket-server-56c97f4c7-lcrtz   0m    31Mi   
websocket-server-56c97f4c7-s9bn9   0m    37Mi   
websocket-server-56c97f4c7-t7zg4   0m    94Mi   
1781620366
websocket-server-56c97f4c7-66nqz   1m    38Mi   
websocket-server-56c97f4c7-6q5vs   1m    95Mi   
websocket-server-56c97f4c7-9j9c2   0m    27Mi   
websocket-server-56c97f4c7-fwmth   0m    32Mi   
websocket-server-56c97f4c7-krpdx   0m    27Mi   
websocket-server-56c97f4c7-lcrtz   0m    31Mi   
websocket-server-56c97f4c7-s9bn9   0m    37Mi   
websocket-server-56c97f4c7-t7zg4   0m    94Mi   
1781620371
websocket-server-56c97f4c7-66nqz   1m    38Mi   
websocket-server-56c97f4c7-6q5vs   1m    95Mi   
websocket-server-56c97f4c7-9j9c2   0m    27Mi   
websocket-server-56c97f4c7-fwmth   0m    32Mi   
websocket-server-56c97f4c7-krpdx   0m    27Mi   
websocket-server-56c97f4c7-lcrtz   0m    31Mi   
websocket-server-56c97f4c7-s9bn9   0m    37Mi   
websocket-server-56c97f4c7-t7zg4   0m    94Mi   
1781620376
websocket-server-56c97f4c7-66nqz   1m    38Mi   
websocket-server-56c97f4c7-6q5vs   1m    95Mi   
websocket-server-56c97f4c7-9j9c2   0m    27Mi   
websocket-server-56c97f4c7-fwmth   0m    32Mi   
websocket-server-56c97f4c7-krpdx   0m    27Mi   
websocket-server-56c97f4c7-lcrtz   0m    31Mi   
websocket-server-56c97f4c7-s9bn9   0m    37Mi   
websocket-server-56c97f4c7-t7zg4   0m    94Mi   
1781620381
websocket-server-56c97f4c7-66nqz   0m    38Mi   
websocket-server-56c97f4c7-6q5vs   0m    95Mi   
websocket-server-56c97f4c7-9j9c2   1m    27Mi   
websocket-server-56c97f4c7-fwmth   1m    32Mi   
websocket-server-56c97f4c7-krpdx   1m    27Mi   
websocket-server-56c97f4c7-lcrtz   1m    31Mi   
websocket-server-56c97f4c7-s9bn9   1m    37Mi   
websocket-server-56c97f4c7-t7zg4   1m    94Mi   
1781620386
websocket-server-56c97f4c7-66nqz   0m    38Mi   
websocket-server-56c97f4c7-6q5vs   0m    95Mi   
websocket-server-56c97f4c7-9j9c2   1m    27Mi   
websocket-server-56c97f4c7-fwmth   1m    32Mi   
websocket-server-56c97f4c7-krpdx   1m    27Mi   
websocket-server-56c97f4c7-lcrtz   1m    31Mi   
websocket-server-56c97f4c7-s9bn9   1m    37Mi   
websocket-server-56c97f4c7-t7zg4   1m    94Mi   
1781620391
websocket-server-56c97f4c7-66nqz   0m    38Mi   
websocket-server-56c97f4c7-6q5vs   0m    95Mi   
websocket-server-56c97f4c7-9j9c2   1m    27Mi   
websocket-server-56c97f4c7-fwmth   1m    32Mi   
websocket-server-56c97f4c7-krpdx   1m    27Mi   
websocket-server-56c97f4c7-lcrtz   1m    31Mi   
websocket-server-56c97f4c7-s9bn9   1m    37Mi   
websocket-server-56c97f4c7-t7zg4   1m    94Mi   
1781620396
websocket-server-56c97f4c7-66nqz   0m    38Mi   
websocket-server-56c97f4c7-6q5vs   0m    95Mi   
websocket-server-56c97f4c7-9j9c2   0m    27Mi   
websocket-server-56c97f4c7-fwmth   1m    32Mi   
websocket-server-56c97f4c7-krpdx   0m    27Mi   
websocket-server-56c97f4c7-lcrtz   0m    31Mi   
websocket-server-56c97f4c7-s9bn9   1m    37Mi   
websocket-server-56c97f4c7-t7zg4   0m    94Mi   
1781620401
websocket-server-56c97f4c7-66nqz   0m    38Mi   
websocket-server-56c97f4c7-6q5vs   0m    95Mi   
websocket-server-56c97f4c7-9j9c2   0m    27Mi   
websocket-server-56c97f4c7-fwmth   1m    32Mi   
websocket-server-56c97f4c7-krpdx   0m    27Mi   
websocket-server-56c97f4c7-lcrtz   0m    31Mi   
websocket-server-56c97f4c7-s9bn9   1m    37Mi   
websocket-server-56c97f4c7-t7zg4   0m    94Mi   
1781620406
websocket-server-56c97f4c7-66nqz   0m    38Mi   
websocket-server-56c97f4c7-6q5vs   0m    95Mi   
websocket-server-56c97f4c7-9j9c2   0m    27Mi   
websocket-server-56c97f4c7-fwmth   1m    32Mi   
websocket-server-56c97f4c7-krpdx   0m    27Mi   
websocket-server-56c97f4c7-lcrtz   0m    31Mi   
websocket-server-56c97f4c7-s9bn9   1m    37Mi   
websocket-server-56c97f4c7-t7zg4   0m    94Mi   
1781620411
websocket-server-56c97f4c7-66nqz   0m    38Mi   
websocket-server-56c97f4c7-6q5vs   0m    95Mi   
websocket-server-56c97f4c7-9j9c2   1m    27Mi   
websocket-server-56c97f4c7-fwmth   0m    32Mi   
websocket-server-56c97f4c7-krpdx   0m    27Mi   
websocket-server-56c97f4c7-lcrtz   0m    31Mi   
websocket-server-56c97f4c7-s9bn9   0m    37Mi   
websocket-server-56c97f4c7-t7zg4   0m    94Mi   
1781620416
websocket-server-56c97f4c7-66nqz   0m    38Mi   
websocket-server-56c97f4c7-6q5vs   0m    95Mi   
websocket-server-56c97f4c7-9j9c2   1m    27Mi   
websocket-server-56c97f4c7-fwmth   0m    32Mi   
websocket-server-56c97f4c7-krpdx   0m    27Mi   
websocket-server-56c97f4c7-lcrtz   0m    31Mi   
websocket-server-56c97f4c7-s9bn9   0m    37Mi   
websocket-server-56c97f4c7-t7zg4   0m    94Mi   
1781620421
websocket-server-56c97f4c7-66nqz   0m    38Mi   
websocket-server-56c97f4c7-6q5vs   0m    95Mi   
websocket-server-56c97f4c7-9j9c2   1m    27Mi   
websocket-server-56c97f4c7-fwmth   0m    32Mi   
websocket-server-56c97f4c7-krpdx   0m    27Mi   
websocket-server-56c97f4c7-lcrtz   0m    31Mi   
websocket-server-56c97f4c7-s9bn9   0m    37Mi   
websocket-server-56c97f4c7-t7zg4   0m    94Mi   
1781620426
websocket-server-56c97f4c7-66nqz   0m    38Mi   
websocket-server-56c97f4c7-6q5vs   0m    95Mi   
websocket-server-56c97f4c7-9j9c2   0m    27Mi   
websocket-server-56c97f4c7-fwmth   0m    32Mi   
websocket-server-56c97f4c7-krpdx   0m    27Mi   
websocket-server-56c97f4c7-lcrtz   1m    31Mi   
websocket-server-56c97f4c7-s9bn9   1m    37Mi   
websocket-server-56c97f4c7-t7zg4   1m    94Mi   
1781620431
websocket-server-56c97f4c7-66nqz   0m    38Mi   
websocket-server-56c97f4c7-6q5vs   0m    95Mi   
websocket-server-56c97f4c7-9j9c2   0m    27Mi   
websocket-server-56c97f4c7-fwmth   0m    32Mi   
websocket-server-56c97f4c7-krpdx   0m    27Mi   
websocket-server-56c97f4c7-lcrtz   1m    31Mi   
websocket-server-56c97f4c7-s9bn9   1m    37Mi   
websocket-server-56c97f4c7-t7zg4   1m    94Mi   
1781620436
websocket-server-56c97f4c7-66nqz   0m    38Mi   
websocket-server-56c97f4c7-6q5vs   0m    95Mi   
websocket-server-56c97f4c7-9j9c2   0m    27Mi   
websocket-server-56c97f4c7-fwmth   0m    32Mi   
websocket-server-56c97f4c7-krpdx   0m    27Mi   
websocket-server-56c97f4c7-lcrtz   1m    31Mi   
websocket-server-56c97f4c7-s9bn9   1m    37Mi   
websocket-server-56c97f4c7-t7zg4   1m    94Mi   
1781620441
websocket-server-56c97f4c7-66nqz   1m    38Mi   
websocket-server-56c97f4c7-6q5vs   0m    95Mi   
websocket-server-56c97f4c7-9j9c2   0m    27Mi   
websocket-server-56c97f4c7-fwmth   1m    32Mi   
websocket-server-56c97f4c7-krpdx   0m    27Mi   
websocket-server-56c97f4c7-lcrtz   0m    31Mi   
websocket-server-56c97f4c7-s9bn9   0m    37Mi   
websocket-server-56c97f4c7-t7zg4   0m    94Mi   
1781620446
websocket-server-56c97f4c7-66nqz   1m    38Mi   
websocket-server-56c97f4c7-6q5vs   0m    95Mi   
websocket-server-56c97f4c7-9j9c2   0m    27Mi   
websocket-server-56c97f4c7-fwmth   1m    32Mi   
websocket-server-56c97f4c7-krpdx   0m    27Mi   
websocket-server-56c97f4c7-lcrtz   0m    31Mi   
websocket-server-56c97f4c7-s9bn9   0m    37Mi   
websocket-server-56c97f4c7-t7zg4   0m    94Mi   
1781620451
websocket-server-56c97f4c7-66nqz   1m    38Mi   
websocket-server-56c97f4c7-6q5vs   0m    95Mi   
websocket-server-56c97f4c7-9j9c2   0m    27Mi   
websocket-server-56c97f4c7-fwmth   1m    32Mi   
websocket-server-56c97f4c7-krpdx   0m    27Mi   
websocket-server-56c97f4c7-lcrtz   0m    31Mi   
websocket-server-56c97f4c7-s9bn9   0m    37Mi   
websocket-server-56c97f4c7-t7zg4   0m    94Mi   
1781620457
websocket-server-56c97f4c7-66nqz   0m    38Mi   
websocket-server-56c97f4c7-6q5vs   1m    95Mi   
websocket-server-56c97f4c7-9j9c2   0m    27Mi   
websocket-server-56c97f4c7-fwmth   0m    32Mi   
websocket-server-56c97f4c7-krpdx   1m    27Mi   
websocket-server-56c97f4c7-lcrtz   0m    31Mi   
websocket-server-56c97f4c7-s9bn9   0m    37Mi   
websocket-server-56c97f4c7-t7zg4   0m    94Mi   
1781620462
websocket-server-56c97f4c7-66nqz   0m    38Mi   
websocket-server-56c97f4c7-6q5vs   1m    95Mi   
websocket-server-56c97f4c7-9j9c2   0m    27Mi   
websocket-server-56c97f4c7-fwmth   0m    32Mi   
websocket-server-56c97f4c7-krpdx   1m    27Mi   
websocket-server-56c97f4c7-lcrtz   0m    31Mi   
websocket-server-56c97f4c7-s9bn9   0m    37Mi   
websocket-server-56c97f4c7-t7zg4   0m    94Mi   
1781620467
websocket-server-56c97f4c7-66nqz   0m    38Mi   
websocket-server-56c97f4c7-6q5vs   1m    95Mi   
websocket-server-56c97f4c7-9j9c2   0m    27Mi   
websocket-server-56c97f4c7-fwmth   0m    32Mi   
websocket-server-56c97f4c7-krpdx   1m    27Mi   
websocket-server-56c97f4c7-lcrtz   0m    31Mi   
websocket-server-56c97f4c7-s9bn9   0m    37Mi   
websocket-server-56c97f4c7-t7zg4   0m    94Mi   
1781620472
websocket-server-56c97f4c7-66nqz   0m    38Mi   
websocket-server-56c97f4c7-6q5vs   0m    95Mi   
websocket-server-56c97f4c7-9j9c2   1m    27Mi   
websocket-server-56c97f4c7-fwmth   0m    32Mi   
websocket-server-56c97f4c7-krpdx   0m    27Mi   
websocket-server-56c97f4c7-lcrtz   0m    31Mi   
websocket-server-56c97f4c7-s9bn9   0m    37Mi   
websocket-server-56c97f4c7-t7zg4   0m    94Mi   
1781620477
websocket-server-56c97f4c7-66nqz   0m    38Mi   
websocket-server-56c97f4c7-6q5vs   0m    95Mi   
websocket-server-56c97f4c7-9j9c2   1m    27Mi   
websocket-server-56c97f4c7-fwmth   0m    32Mi   
websocket-server-56c97f4c7-krpdx   0m    27Mi   
websocket-server-56c97f4c7-lcrtz   0m    31Mi   
websocket-server-56c97f4c7-s9bn9   0m    37Mi   
websocket-server-56c97f4c7-t7zg4   0m    94Mi   
1781620482
websocket-server-56c97f4c7-66nqz   0m    38Mi   
websocket-server-56c97f4c7-6q5vs   0m    95Mi   
websocket-server-56c97f4c7-9j9c2   1m    27Mi   
websocket-server-56c97f4c7-fwmth   0m    32Mi   
websocket-server-56c97f4c7-krpdx   0m    27Mi   
websocket-server-56c97f4c7-lcrtz   0m    31Mi   
websocket-server-56c97f4c7-s9bn9   0m    37Mi   
websocket-server-56c97f4c7-t7zg4   0m    94Mi   
1781620487
websocket-server-56c97f4c7-66nqz   0m    38Mi   
websocket-server-56c97f4c7-6q5vs   1m    95Mi   
websocket-server-56c97f4c7-9j9c2   0m    27Mi   
websocket-server-56c97f4c7-fwmth   0m    32Mi   
websocket-server-56c97f4c7-krpdx   0m    27Mi   
websocket-server-56c97f4c7-lcrtz   1m    31Mi   
websocket-server-56c97f4c7-s9bn9   1m    37Mi   
websocket-server-56c97f4c7-t7zg4   0m    94Mi   
1781620492
websocket-server-56c97f4c7-66nqz   0m    38Mi   
websocket-server-56c97f4c7-6q5vs   1m    95Mi   
websocket-server-56c97f4c7-9j9c2   0m    27Mi   
websocket-server-56c97f4c7-fwmth   0m    32Mi   
websocket-server-56c97f4c7-krpdx   0m    27Mi   
websocket-server-56c97f4c7-lcrtz   1m    31Mi   
websocket-server-56c97f4c7-s9bn9   1m    37Mi   
websocket-server-56c97f4c7-t7zg4   0m    94Mi   
1781620497
websocket-server-56c97f4c7-66nqz   0m    38Mi   
websocket-server-56c97f4c7-6q5vs   1m    95Mi   
websocket-server-56c97f4c7-9j9c2   0m    27Mi   
websocket-server-56c97f4c7-fwmth   0m    32Mi   
websocket-server-56c97f4c7-krpdx   0m    27Mi   
websocket-server-56c97f4c7-lcrtz   1m    31Mi   
websocket-server-56c97f4c7-s9bn9   1m    37Mi   
websocket-server-56c97f4c7-t7zg4   0m    94Mi   
1781620502
websocket-server-56c97f4c7-66nqz   1m    38Mi   
websocket-server-56c97f4c7-6q5vs   0m    95Mi   
websocket-server-56c97f4c7-fwmth   0m    32Mi   
websocket-server-56c97f4c7-lcrtz   0m    31Mi   
websocket-server-56c97f4c7-s9bn9   0m    37Mi   
websocket-server-56c97f4c7-t7zg4   1m    94Mi   
1781620507
websocket-server-56c97f4c7-6q5vs   0m    95Mi   
websocket-server-56c97f4c7-fwmth   0m    32Mi   
websocket-server-56c97f4c7-lcrtz   0m    31Mi   
websocket-server-56c97f4c7-t7zg4   1m    94Mi   
1781620512
websocket-server-56c97f4c7-6q5vs   0m    95Mi   
websocket-server-56c97f4c7-t7zg4   1m    94Mi   
1781620517
websocket-server-56c97f4c7-6q5vs   0m    95Mi   
websocket-server-56c97f4c7-t7zg4   1m    94Mi   
1781620522
websocket-server-56c97f4c7-6q5vs   0m    95Mi   
websocket-server-56c97f4c7-t7zg4   1m    94Mi   
