1781612474
websocket-server-56c97f4c7-6q5vs   1m    96Mi   
websocket-server-56c97f4c7-t7zg4   1m    86Mi   
1781612479
websocket-server-56c97f4c7-6q5vs   1m    96Mi   
websocket-server-56c97f4c7-t7zg4   1m    86Mi   
1781612484
websocket-server-56c97f4c7-6q5vs   1m    96Mi   
websocket-server-56c97f4c7-t7zg4   1m    86Mi   
1781612489
websocket-server-56c97f4c7-6q5vs   1m    96Mi   
websocket-server-56c97f4c7-t7zg4   1m    86Mi   
1781612494
websocket-server-56c97f4c7-6q5vs   1m    96Mi   
websocket-server-56c97f4c7-t7zg4   1m    86Mi   
1781612499
websocket-server-56c97f4c7-6q5vs   1m    96Mi   
websocket-server-56c97f4c7-t7zg4   1m    86Mi   
1781612504
websocket-server-56c97f4c7-6q5vs   1m    96Mi   
websocket-server-56c97f4c7-t7zg4   1m    86Mi   
1781612509
websocket-server-56c97f4c7-6q5vs   1m    96Mi   
websocket-server-56c97f4c7-t7zg4   1m    86Mi   
1781612515
websocket-server-56c97f4c7-6q5vs   1m    96Mi   
websocket-server-56c97f4c7-t7zg4   1m    86Mi   
1781612520
websocket-server-56c97f4c7-6q5vs   8m    97Mi   
websocket-server-56c97f4c7-t7zg4   7m    86Mi   
1781612525
websocket-server-56c97f4c7-6q5vs   8m    97Mi   
websocket-server-56c97f4c7-t7zg4   7m    86Mi   
1781612530
websocket-server-56c97f4c7-6q5vs   8m    97Mi   
websocket-server-56c97f4c7-t7zg4   7m    86Mi   
1781612535
websocket-server-56c97f4c7-6q5vs   12m   98Mi   
websocket-server-56c97f4c7-t7zg4   11m   87Mi   
1781612540
websocket-server-56c97f4c7-6q5vs   12m   98Mi   
websocket-server-56c97f4c7-t7zg4   11m   87Mi   
1781612545
websocket-server-56c97f4c7-6q5vs   12m   98Mi   
websocket-server-56c97f4c7-t7zg4   11m   87Mi   
1781612550
websocket-server-56c97f4c7-6q5vs   15m   98Mi   
websocket-server-56c97f4c7-s4jzk   3m    29Mi   
websocket-server-56c97f4c7-t7zg4   14m   88Mi   
websocket-server-56c97f4c7-tqknq   4m    29Mi   
1781612555
websocket-server-56c97f4c7-6q5vs   15m   98Mi   
websocket-server-56c97f4c7-s4jzk   3m    29Mi   
websocket-server-56c97f4c7-t7zg4   14m   88Mi   
websocket-server-56c97f4c7-tqknq   4m    29Mi   
1781612560
websocket-server-56c97f4c7-6q5vs   15m   98Mi   
websocket-server-56c97f4c7-s4jzk   3m    29Mi   
websocket-server-56c97f4c7-t7zg4   14m   88Mi   
websocket-server-56c97f4c7-tqknq   4m    29Mi   
1781612565
websocket-server-56c97f4c7-6q5vs   16m   98Mi   
websocket-server-56c97f4c7-hc6dl   17m   28Mi   
websocket-server-56c97f4c7-s4jzk   3m    29Mi   
websocket-server-56c97f4c7-t7zg4   15m   88Mi   
websocket-server-56c97f4c7-tqknq   5m    30Mi   
1781612570
websocket-server-56c97f4c7-6q5vs   16m   98Mi   
websocket-server-56c97f4c7-hc6dl   17m   28Mi   
websocket-server-56c97f4c7-s4jzk   3m    29Mi   
websocket-server-56c97f4c7-t7zg4   15m   88Mi   
websocket-server-56c97f4c7-tqknq   5m    30Mi   
1781612575
websocket-server-56c97f4c7-6q5vs   16m   98Mi   
websocket-server-56c97f4c7-hc6dl   17m   28Mi   
websocket-server-56c97f4c7-s4jzk   3m    29Mi   
websocket-server-56c97f4c7-t7zg4   15m   88Mi   
websocket-server-56c97f4c7-tqknq   5m    30Mi   
1781612580
websocket-server-56c97f4c7-6q5vs   17m   98Mi   
websocket-server-56c97f4c7-cbpck   23m   28Mi   
websocket-server-56c97f4c7-hc6dl   4m    29Mi   
websocket-server-56c97f4c7-s4jzk   6m    32Mi   
websocket-server-56c97f4c7-t7zg4   18m   87Mi   
websocket-server-56c97f4c7-tqknq   7m    32Mi   
1781612585
websocket-server-56c97f4c7-6q5vs   17m   98Mi   
websocket-server-56c97f4c7-cbpck   23m   28Mi   
websocket-server-56c97f4c7-hc6dl   4m    29Mi   
websocket-server-56c97f4c7-s4jzk   6m    32Mi   
websocket-server-56c97f4c7-t7zg4   18m   87Mi   
websocket-server-56c97f4c7-tqknq   7m    32Mi   
1781612590
websocket-server-56c97f4c7-6q5vs   17m   98Mi   
websocket-server-56c97f4c7-cbpck   23m   28Mi   
websocket-server-56c97f4c7-hc6dl   4m    29Mi   
websocket-server-56c97f4c7-s4jzk   6m    32Mi   
websocket-server-56c97f4c7-t7zg4   18m   87Mi   
websocket-server-56c97f4c7-tqknq   7m    32Mi   
1781612595
websocket-server-56c97f4c7-4w6r7   22m   28Mi   
websocket-server-56c97f4c7-6q5vs   18m   98Mi   
websocket-server-56c97f4c7-cbpck   3m    29Mi   
websocket-server-56c97f4c7-hc6dl   5m    30Mi   
websocket-server-56c97f4c7-s4jzk   6m    32Mi   
websocket-server-56c97f4c7-t7zg4   19m   88Mi   
websocket-server-56c97f4c7-tqknq   8m    32Mi   
1781612600
websocket-server-56c97f4c7-4w6r7   22m   28Mi   
websocket-server-56c97f4c7-6q5vs   18m   98Mi   
websocket-server-56c97f4c7-cbpck   3m    29Mi   
websocket-server-56c97f4c7-hc6dl   5m    30Mi   
websocket-server-56c97f4c7-s4jzk   6m    32Mi   
websocket-server-56c97f4c7-t7zg4   19m   88Mi   
websocket-server-56c97f4c7-tqknq   8m    32Mi   
1781612605
websocket-server-56c97f4c7-4w6r7   22m   28Mi   
websocket-server-56c97f4c7-6q5vs   18m   98Mi   
websocket-server-56c97f4c7-cbpck   3m    29Mi   
websocket-server-56c97f4c7-hc6dl   5m    30Mi   
websocket-server-56c97f4c7-s4jzk   6m    32Mi   
websocket-server-56c97f4c7-t7zg4   19m   88Mi   
websocket-server-56c97f4c7-tqknq   8m    32Mi   
1781612610
websocket-server-56c97f4c7-4w6r7   2m    28Mi   
websocket-server-56c97f4c7-6q5vs   18m   98Mi   
websocket-server-56c97f4c7-cbpck   3m    28Mi   
websocket-server-56c97f4c7-hc6dl   4m    30Mi   
websocket-server-56c97f4c7-m2qc7   1m    27Mi   
websocket-server-56c97f4c7-s4jzk   7m    31Mi   
websocket-server-56c97f4c7-t7zg4   19m   88Mi   
websocket-server-56c97f4c7-tqknq   8m    32Mi   
1781612615
websocket-server-56c97f4c7-4w6r7   2m    28Mi   
websocket-server-56c97f4c7-6q5vs   18m   98Mi   
websocket-server-56c97f4c7-cbpck   3m    28Mi   
websocket-server-56c97f4c7-hc6dl   4m    30Mi   
websocket-server-56c97f4c7-m2qc7   1m    27Mi   
websocket-server-56c97f4c7-s4jzk   7m    31Mi   
websocket-server-56c97f4c7-t7zg4   19m   88Mi   
websocket-server-56c97f4c7-tqknq   8m    32Mi   
1781612620
websocket-server-56c97f4c7-4w6r7   2m    28Mi   
websocket-server-56c97f4c7-6q5vs   18m   98Mi   
websocket-server-56c97f4c7-cbpck   3m    28Mi   
websocket-server-56c97f4c7-hc6dl   4m    30Mi   
websocket-server-56c97f4c7-m2qc7   1m    27Mi   
websocket-server-56c97f4c7-s4jzk   7m    31Mi   
websocket-server-56c97f4c7-t7zg4   19m   88Mi   
websocket-server-56c97f4c7-tqknq   8m    32Mi   
1781612626
websocket-server-56c97f4c7-4w6r7   1m    28Mi   
websocket-server-56c97f4c7-6q5vs   10m   98Mi   
websocket-server-56c97f4c7-cbpck   3m    29Mi   
websocket-server-56c97f4c7-hc6dl   3m    30Mi   
websocket-server-56c97f4c7-m2qc7   1m    27Mi   
websocket-server-56c97f4c7-s4jzk   6m    31Mi   
websocket-server-56c97f4c7-t7zg4   14m   88Mi   
websocket-server-56c97f4c7-tqknq   8m    33Mi   
1781612631
websocket-server-56c97f4c7-4w6r7   1m    28Mi   
websocket-server-56c97f4c7-6q5vs   10m   98Mi   
websocket-server-56c97f4c7-cbpck   3m    29Mi   
websocket-server-56c97f4c7-hc6dl   3m    30Mi   
websocket-server-56c97f4c7-m2qc7   1m    27Mi   
websocket-server-56c97f4c7-s4jzk   6m    31Mi   
websocket-server-56c97f4c7-t7zg4   14m   88Mi   
websocket-server-56c97f4c7-tqknq   8m    33Mi   
1781612636
websocket-server-56c97f4c7-4w6r7   1m    28Mi   
websocket-server-56c97f4c7-6q5vs   10m   98Mi   
websocket-server-56c97f4c7-cbpck   3m    29Mi   
websocket-server-56c97f4c7-hc6dl   3m    30Mi   
websocket-server-56c97f4c7-m2qc7   1m    27Mi   
websocket-server-56c97f4c7-s4jzk   6m    31Mi   
websocket-server-56c97f4c7-t7zg4   14m   88Mi   
websocket-server-56c97f4c7-tqknq   8m    33Mi   
1781612641
websocket-server-56c97f4c7-4w6r7   1m    28Mi   
websocket-server-56c97f4c7-6q5vs   6m    98Mi   
websocket-server-56c97f4c7-cbpck   1m    28Mi   
websocket-server-56c97f4c7-hc6dl   1m    30Mi   
websocket-server-56c97f4c7-m2qc7   1m    27Mi   
websocket-server-56c97f4c7-s4jzk   3m    32Mi   
websocket-server-56c97f4c7-t7zg4   6m    87Mi   
websocket-server-56c97f4c7-tqknq   3m    32Mi   
1781612646
websocket-server-56c97f4c7-4w6r7   1m    28Mi   
websocket-server-56c97f4c7-6q5vs   6m    98Mi   
websocket-server-56c97f4c7-cbpck   1m    28Mi   
websocket-server-56c97f4c7-hc6dl   1m    30Mi   
websocket-server-56c97f4c7-m2qc7   1m    27Mi   
websocket-server-56c97f4c7-s4jzk   3m    32Mi   
websocket-server-56c97f4c7-t7zg4   6m    87Mi   
websocket-server-56c97f4c7-tqknq   3m    32Mi   
1781612651
websocket-server-56c97f4c7-4w6r7   1m    28Mi   
websocket-server-56c97f4c7-6q5vs   6m    98Mi   
websocket-server-56c97f4c7-cbpck   1m    28Mi   
websocket-server-56c97f4c7-hc6dl   1m    30Mi   
websocket-server-56c97f4c7-m2qc7   1m    27Mi   
websocket-server-56c97f4c7-s4jzk   3m    32Mi   
websocket-server-56c97f4c7-t7zg4   6m    87Mi   
websocket-server-56c97f4c7-tqknq   3m    32Mi   
1781612656
websocket-server-56c97f4c7-4w6r7   1m    28Mi   
websocket-server-56c97f4c7-6q5vs   6m    98Mi   
websocket-server-56c97f4c7-cbpck   1m    28Mi   
websocket-server-56c97f4c7-hc6dl   2m    30Mi   
websocket-server-56c97f4c7-m2qc7   1m    27Mi   
websocket-server-56c97f4c7-s4jzk   2m    31Mi   
websocket-server-56c97f4c7-t7zg4   6m    87Mi   
websocket-server-56c97f4c7-tqknq   3m    32Mi   
1781612661
websocket-server-56c97f4c7-4w6r7   1m    28Mi   
websocket-server-56c97f4c7-6q5vs   6m    98Mi   
websocket-server-56c97f4c7-cbpck   1m    28Mi   
websocket-server-56c97f4c7-hc6dl   2m    30Mi   
websocket-server-56c97f4c7-m2qc7   1m    27Mi   
websocket-server-56c97f4c7-s4jzk   2m    31Mi   
websocket-server-56c97f4c7-t7zg4   6m    87Mi   
websocket-server-56c97f4c7-tqknq   3m    32Mi   
1781612666
websocket-server-56c97f4c7-4w6r7   1m    28Mi   
websocket-server-56c97f4c7-6q5vs   6m    98Mi   
websocket-server-56c97f4c7-cbpck   1m    28Mi   
websocket-server-56c97f4c7-hc6dl   2m    30Mi   
websocket-server-56c97f4c7-m2qc7   1m    27Mi   
websocket-server-56c97f4c7-s4jzk   2m    31Mi   
websocket-server-56c97f4c7-t7zg4   6m    87Mi   
websocket-server-56c97f4c7-tqknq   3m    32Mi   
1781612671
websocket-server-56c97f4c7-4w6r7   1m    28Mi   
websocket-server-56c97f4c7-6q5vs   7m    98Mi   
websocket-server-56c97f4c7-cbpck   1m    29Mi   
websocket-server-56c97f4c7-hc6dl   2m    30Mi   
websocket-server-56c97f4c7-m2qc7   1m    28Mi   
websocket-server-56c97f4c7-s4jzk   3m    31Mi   
websocket-server-56c97f4c7-t7zg4   6m    88Mi   
websocket-server-56c97f4c7-tqknq   3m    32Mi   
1781612676
websocket-server-56c97f4c7-4w6r7   1m    28Mi   
websocket-server-56c97f4c7-6q5vs   7m    98Mi   
websocket-server-56c97f4c7-cbpck   1m    29Mi   
websocket-server-56c97f4c7-hc6dl   2m    30Mi   
websocket-server-56c97f4c7-m2qc7   1m    28Mi   
websocket-server-56c97f4c7-s4jzk   3m    31Mi   
websocket-server-56c97f4c7-t7zg4   6m    88Mi   
websocket-server-56c97f4c7-tqknq   3m    32Mi   
1781612681
websocket-server-56c97f4c7-4w6r7   1m    28Mi   
websocket-server-56c97f4c7-6q5vs   7m    98Mi   
websocket-server-56c97f4c7-cbpck   1m    29Mi   
websocket-server-56c97f4c7-hc6dl   2m    30Mi   
websocket-server-56c97f4c7-m2qc7   1m    28Mi   
websocket-server-56c97f4c7-s4jzk   3m    31Mi   
websocket-server-56c97f4c7-t7zg4   6m    88Mi   
websocket-server-56c97f4c7-tqknq   3m    32Mi   
1781612686
websocket-server-56c97f4c7-4w6r7   1m    28Mi   
websocket-server-56c97f4c7-6q5vs   11m   97Mi   
websocket-server-56c97f4c7-cbpck   2m    29Mi   
websocket-server-56c97f4c7-hc6dl   4m    30Mi   
websocket-server-56c97f4c7-m2qc7   1m    27Mi   
websocket-server-56c97f4c7-s4jzk   5m    31Mi   
websocket-server-56c97f4c7-t7zg4   8m    86Mi   
websocket-server-56c97f4c7-tqknq   3m    32Mi   
1781612691
websocket-server-56c97f4c7-4w6r7   1m    28Mi   
websocket-server-56c97f4c7-6q5vs   11m   97Mi   
websocket-server-56c97f4c7-cbpck   2m    29Mi   
websocket-server-56c97f4c7-hc6dl   4m    30Mi   
websocket-server-56c97f4c7-m2qc7   1m    27Mi   
websocket-server-56c97f4c7-s4jzk   5m    31Mi   
websocket-server-56c97f4c7-t7zg4   8m    86Mi   
websocket-server-56c97f4c7-tqknq   3m    32Mi   
1781612696
websocket-server-56c97f4c7-4w6r7   1m    28Mi   
websocket-server-56c97f4c7-6q5vs   11m   97Mi   
websocket-server-56c97f4c7-cbpck   2m    29Mi   
websocket-server-56c97f4c7-hc6dl   4m    30Mi   
websocket-server-56c97f4c7-m2qc7   1m    27Mi   
websocket-server-56c97f4c7-s4jzk   5m    31Mi   
websocket-server-56c97f4c7-t7zg4   8m    86Mi   
websocket-server-56c97f4c7-tqknq   3m    32Mi   
1781612701
websocket-server-56c97f4c7-4w6r7   1m    28Mi   
websocket-server-56c97f4c7-6q5vs   1m    97Mi   
websocket-server-56c97f4c7-cbpck   2m    29Mi   
websocket-server-56c97f4c7-hc6dl   1m    30Mi   
websocket-server-56c97f4c7-m2qc7   1m    27Mi   
websocket-server-56c97f4c7-s4jzk   1m    31Mi   
websocket-server-56c97f4c7-t7zg4   1m    86Mi   
websocket-server-56c97f4c7-tqknq   1m    32Mi   
1781612706
websocket-server-56c97f4c7-4w6r7   1m    28Mi   
websocket-server-56c97f4c7-6q5vs   1m    97Mi   
websocket-server-56c97f4c7-cbpck   2m    29Mi   
websocket-server-56c97f4c7-hc6dl   1m    30Mi   
websocket-server-56c97f4c7-m2qc7   1m    27Mi   
websocket-server-56c97f4c7-s4jzk   1m    31Mi   
websocket-server-56c97f4c7-t7zg4   1m    86Mi   
websocket-server-56c97f4c7-tqknq   1m    32Mi   
1781612711
websocket-server-56c97f4c7-4w6r7   1m    28Mi   
websocket-server-56c97f4c7-6q5vs   1m    97Mi   
websocket-server-56c97f4c7-cbpck   2m    29Mi   
websocket-server-56c97f4c7-hc6dl   1m    30Mi   
websocket-server-56c97f4c7-m2qc7   1m    27Mi   
websocket-server-56c97f4c7-s4jzk   1m    31Mi   
websocket-server-56c97f4c7-t7zg4   1m    86Mi   
websocket-server-56c97f4c7-tqknq   1m    32Mi   
1781612716
websocket-server-56c97f4c7-4w6r7   1m    28Mi   
websocket-server-56c97f4c7-6q5vs   1m    97Mi   
websocket-server-56c97f4c7-cbpck   1m    29Mi   
websocket-server-56c97f4c7-hc6dl   1m    30Mi   
websocket-server-56c97f4c7-m2qc7   0m    27Mi   
websocket-server-56c97f4c7-s4jzk   1m    31Mi   
websocket-server-56c97f4c7-t7zg4   1m    86Mi   
websocket-server-56c97f4c7-tqknq   1m    32Mi   
1781612721
websocket-server-56c97f4c7-4w6r7   1m    28Mi   
websocket-server-56c97f4c7-6q5vs   1m    97Mi   
websocket-server-56c97f4c7-cbpck   1m    29Mi   
websocket-server-56c97f4c7-hc6dl   1m    30Mi   
websocket-server-56c97f4c7-m2qc7   0m    27Mi   
websocket-server-56c97f4c7-s4jzk   1m    31Mi   
websocket-server-56c97f4c7-t7zg4   1m    86Mi   
websocket-server-56c97f4c7-tqknq   1m    32Mi   
1781612726
websocket-server-56c97f4c7-4w6r7   1m    28Mi   
websocket-server-56c97f4c7-6q5vs   1m    97Mi   
websocket-server-56c97f4c7-cbpck   1m    29Mi   
websocket-server-56c97f4c7-hc6dl   1m    30Mi   
websocket-server-56c97f4c7-m2qc7   0m    27Mi   
websocket-server-56c97f4c7-s4jzk   1m    31Mi   
websocket-server-56c97f4c7-t7zg4   1m    86Mi   
websocket-server-56c97f4c7-tqknq   1m    32Mi   
1781612732
websocket-server-56c97f4c7-4w6r7   1m    28Mi   
websocket-server-56c97f4c7-6q5vs   1m    97Mi   
websocket-server-56c97f4c7-cbpck   1m    29Mi   
websocket-server-56c97f4c7-hc6dl   1m    30Mi   
websocket-server-56c97f4c7-m2qc7   1m    27Mi   
websocket-server-56c97f4c7-s4jzk   0m    31Mi   
websocket-server-56c97f4c7-t7zg4   1m    86Mi   
websocket-server-56c97f4c7-tqknq   1m    32Mi   
1781612737
websocket-server-56c97f4c7-4w6r7   1m    28Mi   
websocket-server-56c97f4c7-6q5vs   1m    97Mi   
websocket-server-56c97f4c7-cbpck   1m    29Mi   
websocket-server-56c97f4c7-hc6dl   1m    30Mi   
websocket-server-56c97f4c7-m2qc7   1m    27Mi   
websocket-server-56c97f4c7-s4jzk   0m    31Mi   
websocket-server-56c97f4c7-t7zg4   1m    86Mi   
websocket-server-56c97f4c7-tqknq   1m    32Mi   
1781612742
websocket-server-56c97f4c7-4w6r7   1m    28Mi   
websocket-server-56c97f4c7-6q5vs   1m    97Mi   
websocket-server-56c97f4c7-cbpck   1m    29Mi   
websocket-server-56c97f4c7-hc6dl   1m    30Mi   
websocket-server-56c97f4c7-m2qc7   1m    27Mi   
websocket-server-56c97f4c7-s4jzk   0m    31Mi   
websocket-server-56c97f4c7-t7zg4   1m    86Mi   
websocket-server-56c97f4c7-tqknq   1m    32Mi   
1781612747
websocket-server-56c97f4c7-4w6r7   1m    28Mi   
websocket-server-56c97f4c7-6q5vs   1m    97Mi   
websocket-server-56c97f4c7-cbpck   1m    29Mi   
websocket-server-56c97f4c7-hc6dl   1m    30Mi   
websocket-server-56c97f4c7-m2qc7   1m    27Mi   
websocket-server-56c97f4c7-s4jzk   1m    31Mi   
websocket-server-56c97f4c7-t7zg4   0m    86Mi   
websocket-server-56c97f4c7-tqknq   1m    32Mi   
1781612752
websocket-server-56c97f4c7-4w6r7   1m    28Mi   
websocket-server-56c97f4c7-6q5vs   1m    97Mi   
websocket-server-56c97f4c7-cbpck   1m    29Mi   
websocket-server-56c97f4c7-hc6dl   1m    30Mi   
websocket-server-56c97f4c7-m2qc7   1m    27Mi   
websocket-server-56c97f4c7-s4jzk   1m    31Mi   
websocket-server-56c97f4c7-t7zg4   0m    86Mi   
websocket-server-56c97f4c7-tqknq   1m    32Mi   
1781612757
websocket-server-56c97f4c7-4w6r7   1m    28Mi   
websocket-server-56c97f4c7-6q5vs   1m    97Mi   
websocket-server-56c97f4c7-cbpck   1m    29Mi   
websocket-server-56c97f4c7-hc6dl   1m    30Mi   
websocket-server-56c97f4c7-m2qc7   1m    27Mi   
websocket-server-56c97f4c7-s4jzk   1m    31Mi   
websocket-server-56c97f4c7-t7zg4   0m    86Mi   
websocket-server-56c97f4c7-tqknq   1m    32Mi   
1781612762
websocket-server-56c97f4c7-4w6r7   1m    28Mi   
websocket-server-56c97f4c7-6q5vs   1m    97Mi   
websocket-server-56c97f4c7-cbpck   1m    29Mi   
websocket-server-56c97f4c7-hc6dl   1m    30Mi   
websocket-server-56c97f4c7-m2qc7   1m    27Mi   
websocket-server-56c97f4c7-s4jzk   1m    31Mi   
websocket-server-56c97f4c7-t7zg4   1m    86Mi   
websocket-server-56c97f4c7-tqknq   1m    32Mi   
1781612767
websocket-server-56c97f4c7-4w6r7   1m    28Mi   
websocket-server-56c97f4c7-6q5vs   1m    97Mi   
websocket-server-56c97f4c7-cbpck   1m    29Mi   
websocket-server-56c97f4c7-hc6dl   1m    30Mi   
websocket-server-56c97f4c7-m2qc7   1m    27Mi   
websocket-server-56c97f4c7-s4jzk   1m    31Mi   
websocket-server-56c97f4c7-t7zg4   1m    86Mi   
websocket-server-56c97f4c7-tqknq   1m    32Mi   
1781612772
websocket-server-56c97f4c7-4w6r7   1m    28Mi   
websocket-server-56c97f4c7-6q5vs   1m    97Mi   
websocket-server-56c97f4c7-cbpck   1m    29Mi   
websocket-server-56c97f4c7-hc6dl   1m    30Mi   
websocket-server-56c97f4c7-m2qc7   1m    27Mi   
websocket-server-56c97f4c7-s4jzk   1m    31Mi   
websocket-server-56c97f4c7-t7zg4   1m    86Mi   
websocket-server-56c97f4c7-tqknq   1m    32Mi   
1781612777
websocket-server-56c97f4c7-4w6r7   1m    28Mi   
websocket-server-56c97f4c7-6q5vs   1m    97Mi   
websocket-server-56c97f4c7-cbpck   1m    29Mi   
websocket-server-56c97f4c7-hc6dl   1m    30Mi   
websocket-server-56c97f4c7-m2qc7   1m    27Mi   
websocket-server-56c97f4c7-s4jzk   1m    31Mi   
websocket-server-56c97f4c7-t7zg4   1m    86Mi   
websocket-server-56c97f4c7-tqknq   1m    32Mi   
1781612782
websocket-server-56c97f4c7-4w6r7   1m    28Mi   
websocket-server-56c97f4c7-6q5vs   1m    97Mi   
websocket-server-56c97f4c7-cbpck   1m    29Mi   
websocket-server-56c97f4c7-hc6dl   1m    30Mi   
websocket-server-56c97f4c7-m2qc7   1m    27Mi   
websocket-server-56c97f4c7-s4jzk   1m    31Mi   
websocket-server-56c97f4c7-t7zg4   1m    86Mi   
websocket-server-56c97f4c7-tqknq   1m    32Mi   
1781612787
websocket-server-56c97f4c7-4w6r7   1m    28Mi   
websocket-server-56c97f4c7-6q5vs   1m    97Mi   
websocket-server-56c97f4c7-cbpck   1m    29Mi   
websocket-server-56c97f4c7-hc6dl   1m    30Mi   
websocket-server-56c97f4c7-m2qc7   1m    28Mi   
websocket-server-56c97f4c7-s4jzk   1m    31Mi   
websocket-server-56c97f4c7-t7zg4   2m    86Mi   
websocket-server-56c97f4c7-tqknq   1m    33Mi   
1781612792
websocket-server-56c97f4c7-4w6r7   1m    28Mi   
websocket-server-56c97f4c7-6q5vs   1m    97Mi   
websocket-server-56c97f4c7-cbpck   1m    29Mi   
websocket-server-56c97f4c7-hc6dl   1m    30Mi   
websocket-server-56c97f4c7-m2qc7   1m    28Mi   
websocket-server-56c97f4c7-s4jzk   1m    31Mi   
websocket-server-56c97f4c7-t7zg4   2m    86Mi   
websocket-server-56c97f4c7-tqknq   1m    33Mi   
1781612797
websocket-server-56c97f4c7-4w6r7   1m    28Mi   
websocket-server-56c97f4c7-6q5vs   1m    97Mi   
websocket-server-56c97f4c7-cbpck   1m    29Mi   
websocket-server-56c97f4c7-hc6dl   1m    30Mi   
websocket-server-56c97f4c7-m2qc7   1m    28Mi   
websocket-server-56c97f4c7-s4jzk   1m    31Mi   
websocket-server-56c97f4c7-t7zg4   2m    86Mi   
websocket-server-56c97f4c7-tqknq   1m    33Mi   
1781612802
websocket-server-56c97f4c7-4w6r7   3m    29Mi   
websocket-server-56c97f4c7-6q5vs   3m    97Mi   
websocket-server-56c97f4c7-cbpck   2m    30Mi   
websocket-server-56c97f4c7-hc6dl   2m    30Mi   
websocket-server-56c97f4c7-m2qc7   2m    28Mi   
websocket-server-56c97f4c7-s4jzk   3m    33Mi   
websocket-server-56c97f4c7-t7zg4   3m    87Mi   
websocket-server-56c97f4c7-tqknq   1m    33Mi   
1781612807
websocket-server-56c97f4c7-4w6r7   3m    29Mi   
websocket-server-56c97f4c7-6q5vs   3m    97Mi   
websocket-server-56c97f4c7-cbpck   2m    30Mi   
websocket-server-56c97f4c7-hc6dl   2m    30Mi   
websocket-server-56c97f4c7-m2qc7   2m    28Mi   
websocket-server-56c97f4c7-s4jzk   3m    33Mi   
websocket-server-56c97f4c7-t7zg4   3m    87Mi   
websocket-server-56c97f4c7-tqknq   1m    33Mi   
1781612812
websocket-server-56c97f4c7-4w6r7   3m    29Mi   
websocket-server-56c97f4c7-6q5vs   3m    97Mi   
websocket-server-56c97f4c7-cbpck   2m    30Mi   
websocket-server-56c97f4c7-hc6dl   2m    30Mi   
websocket-server-56c97f4c7-m2qc7   2m    28Mi   
websocket-server-56c97f4c7-s4jzk   3m    33Mi   
websocket-server-56c97f4c7-t7zg4   3m    87Mi   
websocket-server-56c97f4c7-tqknq   1m    33Mi   
1781612817
websocket-server-56c97f4c7-4w6r7   4m    30Mi   
websocket-server-56c97f4c7-6q5vs   10m   97Mi   
websocket-server-56c97f4c7-cbpck   2m    30Mi   
websocket-server-56c97f4c7-hc6dl   2m    30Mi   
websocket-server-56c97f4c7-m2qc7   1m    28Mi   
websocket-server-56c97f4c7-s4jzk   4m    34Mi   
websocket-server-56c97f4c7-t7zg4   7m    87Mi   
websocket-server-56c97f4c7-tqknq   3m    34Mi   
1781612823
websocket-server-56c97f4c7-4w6r7   4m    30Mi   
websocket-server-56c97f4c7-6q5vs   10m   97Mi   
websocket-server-56c97f4c7-cbpck   2m    30Mi   
websocket-server-56c97f4c7-s4jzk   4m    34Mi   
websocket-server-56c97f4c7-t7zg4   7m    87Mi   
websocket-server-56c97f4c7-tqknq   3m    34Mi   
1781612828
websocket-server-56c97f4c7-4w6r7   4m    30Mi   
websocket-server-56c97f4c7-6q5vs   10m   97Mi   
websocket-server-56c97f4c7-s4jzk   4m    34Mi   
websocket-server-56c97f4c7-t7zg4   7m    87Mi   
1781612833
websocket-server-56c97f4c7-6q5vs   11m   98Mi   
websocket-server-56c97f4c7-jls8x   5m    30Mi   
websocket-server-56c97f4c7-k28l4   26m   28Mi   
websocket-server-56c97f4c7-t7zg4   7m    87Mi   
1781612838
websocket-server-56c97f4c7-6q5vs   11m   98Mi   
websocket-server-56c97f4c7-jls8x   5m    30Mi   
websocket-server-56c97f4c7-k28l4   26m   28Mi   
websocket-server-56c97f4c7-t7zg4   7m    87Mi   
1781612843
websocket-server-56c97f4c7-6q5vs   11m   98Mi   
websocket-server-56c97f4c7-jls8x   5m    30Mi   
websocket-server-56c97f4c7-k28l4   26m   28Mi   
websocket-server-56c97f4c7-t7zg4   7m    87Mi   
1781612848
websocket-server-56c97f4c7-429f2   6m    30Mi   
websocket-server-56c97f4c7-6q5vs   15m   98Mi   
websocket-server-56c97f4c7-jls8x   5m    30Mi   
websocket-server-56c97f4c7-k28l4   7m    32Mi   
websocket-server-56c97f4c7-t7zg4   15m   87Mi   
1781612853
websocket-server-56c97f4c7-429f2   6m    30Mi   
websocket-server-56c97f4c7-6q5vs   15m   98Mi   
websocket-server-56c97f4c7-jls8x   5m    30Mi   
websocket-server-56c97f4c7-k28l4   7m    32Mi   
websocket-server-56c97f4c7-t7zg4   15m   87Mi   
1781612858
websocket-server-56c97f4c7-429f2   6m    30Mi   
websocket-server-56c97f4c7-6q5vs   15m   98Mi   
websocket-server-56c97f4c7-jls8x   5m    30Mi   
websocket-server-56c97f4c7-k28l4   7m    32Mi   
websocket-server-56c97f4c7-t7zg4   15m   87Mi   
1781612863
websocket-server-56c97f4c7-429f2   6m    30Mi   
websocket-server-56c97f4c7-6q5vs   17m   98Mi   
websocket-server-56c97f4c7-d6nn9   3m    28Mi   
websocket-server-56c97f4c7-j5bzm   2m    28Mi   
websocket-server-56c97f4c7-jls8x   9m    34Mi   
websocket-server-56c97f4c7-k28l4   9m    34Mi   
websocket-server-56c97f4c7-t7zg4   16m   87Mi   
1781612868
websocket-server-56c97f4c7-429f2   6m    30Mi   
websocket-server-56c97f4c7-6q5vs   17m   98Mi   
websocket-server-56c97f4c7-d6nn9   3m    28Mi   
websocket-server-56c97f4c7-j5bzm   2m    28Mi   
websocket-server-56c97f4c7-jls8x   9m    34Mi   
websocket-server-56c97f4c7-k28l4   9m    34Mi   
websocket-server-56c97f4c7-t7zg4   16m   87Mi   
1781612873
websocket-server-56c97f4c7-429f2   6m    30Mi   
websocket-server-56c97f4c7-6q5vs   17m   98Mi   
websocket-server-56c97f4c7-d6nn9   3m    28Mi   
websocket-server-56c97f4c7-j5bzm   2m    28Mi   
websocket-server-56c97f4c7-jls8x   9m    34Mi   
websocket-server-56c97f4c7-k28l4   9m    34Mi   
websocket-server-56c97f4c7-t7zg4   16m   87Mi   
1781612878
websocket-server-56c97f4c7-429f2   6m    31Mi   
websocket-server-56c97f4c7-6q5vs   17m   98Mi   
websocket-server-56c97f4c7-d6nn9   4m    28Mi   
websocket-server-56c97f4c7-j5bzm   2m    28Mi   
websocket-server-56c97f4c7-jls8x   9m    34Mi   
websocket-server-56c97f4c7-k28l4   10m   33Mi   
websocket-server-56c97f4c7-t7zg4   16m   87Mi   
1781612883
websocket-server-56c97f4c7-429f2   6m    31Mi   
websocket-server-56c97f4c7-6q5vs   17m   98Mi   
websocket-server-56c97f4c7-d6nn9   4m    28Mi   
websocket-server-56c97f4c7-j5bzm   2m    28Mi   
websocket-server-56c97f4c7-jls8x   9m    34Mi   
websocket-server-56c97f4c7-k28l4   10m   33Mi   
websocket-server-56c97f4c7-t7zg4   16m   87Mi   
1781612888
websocket-server-56c97f4c7-429f2   6m    31Mi   
websocket-server-56c97f4c7-6q5vs   17m   98Mi   
websocket-server-56c97f4c7-d6nn9   4m    28Mi   
websocket-server-56c97f4c7-j5bzm   2m    28Mi   
websocket-server-56c97f4c7-jls8x   9m    34Mi   
websocket-server-56c97f4c7-k28l4   10m   33Mi   
websocket-server-56c97f4c7-t7zg4   16m   87Mi   
1781612893
websocket-server-56c97f4c7-429f2   6m    31Mi   
websocket-server-56c97f4c7-6q5vs   17m   98Mi   
websocket-server-56c97f4c7-c2s22   1m    27Mi   
websocket-server-56c97f4c7-d6nn9   3m    28Mi   
websocket-server-56c97f4c7-j5bzm   4m    29Mi   
websocket-server-56c97f4c7-jls8x   10m   34Mi   
websocket-server-56c97f4c7-k28l4   10m   33Mi   
websocket-server-56c97f4c7-t7zg4   15m   87Mi   
1781612898
websocket-server-56c97f4c7-429f2   6m    31Mi   
websocket-server-56c97f4c7-6q5vs   17m   98Mi   
websocket-server-56c97f4c7-c2s22   1m    27Mi   
websocket-server-56c97f4c7-d6nn9   3m    28Mi   
websocket-server-56c97f4c7-j5bzm   4m    29Mi   
websocket-server-56c97f4c7-jls8x   10m   34Mi   
websocket-server-56c97f4c7-k28l4   10m   33Mi   
websocket-server-56c97f4c7-t7zg4   15m   87Mi   
1781612903
websocket-server-56c97f4c7-429f2   6m    31Mi   
websocket-server-56c97f4c7-6q5vs   17m   98Mi   
websocket-server-56c97f4c7-c2s22   1m    27Mi   
websocket-server-56c97f4c7-d6nn9   3m    28Mi   
websocket-server-56c97f4c7-j5bzm   4m    29Mi   
websocket-server-56c97f4c7-jls8x   10m   34Mi   
websocket-server-56c97f4c7-k28l4   10m   33Mi   
websocket-server-56c97f4c7-t7zg4   15m   87Mi   
1781612908
websocket-server-56c97f4c7-429f2   6m    31Mi   
websocket-server-56c97f4c7-6q5vs   17m   98Mi   
websocket-server-56c97f4c7-c2s22   1m    27Mi   
websocket-server-56c97f4c7-d6nn9   3m    29Mi   
websocket-server-56c97f4c7-j5bzm   3m    28Mi   
websocket-server-56c97f4c7-jls8x   9m    34Mi   
websocket-server-56c97f4c7-k28l4   10m   34Mi   
websocket-server-56c97f4c7-t7zg4   16m   88Mi   
1781612914
websocket-server-56c97f4c7-429f2   6m    31Mi   
websocket-server-56c97f4c7-6q5vs   17m   98Mi   
websocket-server-56c97f4c7-c2s22   1m    27Mi   
websocket-server-56c97f4c7-d6nn9   3m    29Mi   
websocket-server-56c97f4c7-j5bzm   3m    28Mi   
websocket-server-56c97f4c7-jls8x   9m    34Mi   
websocket-server-56c97f4c7-k28l4   10m   34Mi   
websocket-server-56c97f4c7-t7zg4   16m   88Mi   
1781612919
websocket-server-56c97f4c7-429f2   6m    31Mi   
websocket-server-56c97f4c7-6q5vs   17m   98Mi   
websocket-server-56c97f4c7-c2s22   1m    27Mi   
websocket-server-56c97f4c7-d6nn9   3m    29Mi   
websocket-server-56c97f4c7-j5bzm   3m    28Mi   
websocket-server-56c97f4c7-jls8x   9m    34Mi   
websocket-server-56c97f4c7-k28l4   10m   34Mi   
websocket-server-56c97f4c7-t7zg4   16m   88Mi   
1781612924
websocket-server-56c97f4c7-429f2   2m    31Mi   
websocket-server-56c97f4c7-6q5vs   8m    98Mi   
websocket-server-56c97f4c7-c2s22   1m    27Mi   
websocket-server-56c97f4c7-d6nn9   1m    28Mi   
websocket-server-56c97f4c7-j5bzm   1m    28Mi   
websocket-server-56c97f4c7-jls8x   3m    34Mi   
websocket-server-56c97f4c7-k28l4   4m    33Mi   
websocket-server-56c97f4c7-t7zg4   6m    87Mi   
1781612929
websocket-server-56c97f4c7-429f2   2m    31Mi   
websocket-server-56c97f4c7-6q5vs   8m    98Mi   
websocket-server-56c97f4c7-c2s22   1m    27Mi   
websocket-server-56c97f4c7-d6nn9   1m    28Mi   
websocket-server-56c97f4c7-j5bzm   1m    28Mi   
websocket-server-56c97f4c7-jls8x   3m    34Mi   
websocket-server-56c97f4c7-k28l4   4m    33Mi   
websocket-server-56c97f4c7-t7zg4   6m    87Mi   
1781612934
websocket-server-56c97f4c7-429f2   2m    31Mi   
websocket-server-56c97f4c7-6q5vs   8m    98Mi   
websocket-server-56c97f4c7-c2s22   1m    27Mi   
websocket-server-56c97f4c7-d6nn9   1m    28Mi   
websocket-server-56c97f4c7-j5bzm   1m    28Mi   
websocket-server-56c97f4c7-jls8x   3m    34Mi   
websocket-server-56c97f4c7-k28l4   4m    33Mi   
websocket-server-56c97f4c7-t7zg4   6m    87Mi   
1781612939
websocket-server-56c97f4c7-429f2   2m    31Mi   
websocket-server-56c97f4c7-6q5vs   5m    98Mi   
websocket-server-56c97f4c7-c2s22   1m    27Mi   
websocket-server-56c97f4c7-d6nn9   1m    28Mi   
websocket-server-56c97f4c7-j5bzm   1m    28Mi   
websocket-server-56c97f4c7-jls8x   3m    34Mi   
websocket-server-56c97f4c7-k28l4   3m    34Mi   
websocket-server-56c97f4c7-t7zg4   5m    87Mi   
1781612944
websocket-server-56c97f4c7-429f2   2m    31Mi   
websocket-server-56c97f4c7-6q5vs   5m    98Mi   
websocket-server-56c97f4c7-c2s22   1m    27Mi   
websocket-server-56c97f4c7-d6nn9   1m    28Mi   
websocket-server-56c97f4c7-j5bzm   1m    28Mi   
websocket-server-56c97f4c7-jls8x   3m    34Mi   
websocket-server-56c97f4c7-k28l4   3m    34Mi   
websocket-server-56c97f4c7-t7zg4   5m    87Mi   
1781612949
websocket-server-56c97f4c7-429f2   2m    31Mi   
websocket-server-56c97f4c7-6q5vs   5m    98Mi   
websocket-server-56c97f4c7-c2s22   1m    27Mi   
websocket-server-56c97f4c7-d6nn9   1m    28Mi   
websocket-server-56c97f4c7-j5bzm   1m    28Mi   
websocket-server-56c97f4c7-jls8x   3m    34Mi   
websocket-server-56c97f4c7-k28l4   3m    34Mi   
websocket-server-56c97f4c7-t7zg4   5m    87Mi   
1781612954
websocket-server-56c97f4c7-429f2   3m    31Mi   
websocket-server-56c97f4c7-6q5vs   5m    98Mi   
websocket-server-56c97f4c7-c2s22   1m    27Mi   
websocket-server-56c97f4c7-d6nn9   1m    28Mi   
websocket-server-56c97f4c7-j5bzm   1m    28Mi   
websocket-server-56c97f4c7-jls8x   3m    34Mi   
websocket-server-56c97f4c7-k28l4   3m    34Mi   
websocket-server-56c97f4c7-t7zg4   5m    87Mi   
1781612959
websocket-server-56c97f4c7-429f2   3m    31Mi   
websocket-server-56c97f4c7-6q5vs   5m    98Mi   
websocket-server-56c97f4c7-c2s22   1m    27Mi   
websocket-server-56c97f4c7-d6nn9   1m    28Mi   
websocket-server-56c97f4c7-j5bzm   1m    28Mi   
websocket-server-56c97f4c7-jls8x   3m    34Mi   
websocket-server-56c97f4c7-k28l4   3m    34Mi   
websocket-server-56c97f4c7-t7zg4   5m    87Mi   
1781612964
websocket-server-56c97f4c7-429f2   3m    31Mi   
websocket-server-56c97f4c7-6q5vs   5m    98Mi   
websocket-server-56c97f4c7-c2s22   1m    27Mi   
websocket-server-56c97f4c7-d6nn9   1m    28Mi   
websocket-server-56c97f4c7-j5bzm   1m    28Mi   
websocket-server-56c97f4c7-jls8x   3m    34Mi   
websocket-server-56c97f4c7-k28l4   3m    34Mi   
websocket-server-56c97f4c7-t7zg4   5m    87Mi   
1781612969
websocket-server-56c97f4c7-429f2   3m    31Mi   
websocket-server-56c97f4c7-6q5vs   8m    97Mi   
websocket-server-56c97f4c7-c2s22   1m    27Mi   
websocket-server-56c97f4c7-d6nn9   3m    28Mi   
websocket-server-56c97f4c7-j5bzm   1m    28Mi   
websocket-server-56c97f4c7-jls8x   5m    33Mi   
websocket-server-56c97f4c7-k28l4   6m    33Mi   
websocket-server-56c97f4c7-t7zg4   7m    86Mi   
1781612974
websocket-server-56c97f4c7-429f2   3m    31Mi   
websocket-server-56c97f4c7-6q5vs   8m    97Mi   
websocket-server-56c97f4c7-c2s22   1m    27Mi   
websocket-server-56c97f4c7-d6nn9   3m    28Mi   
websocket-server-56c97f4c7-j5bzm   1m    28Mi   
websocket-server-56c97f4c7-jls8x   5m    33Mi   
websocket-server-56c97f4c7-k28l4   6m    33Mi   
websocket-server-56c97f4c7-t7zg4   7m    86Mi   
1781612979
websocket-server-56c97f4c7-429f2   3m    31Mi   
websocket-server-56c97f4c7-6q5vs   8m    97Mi   
websocket-server-56c97f4c7-c2s22   1m    27Mi   
websocket-server-56c97f4c7-d6nn9   3m    28Mi   
websocket-server-56c97f4c7-j5bzm   1m    28Mi   
websocket-server-56c97f4c7-jls8x   5m    33Mi   
websocket-server-56c97f4c7-k28l4   6m    33Mi   
websocket-server-56c97f4c7-t7zg4   7m    86Mi   
1781612984
websocket-server-56c97f4c7-429f2   0m    31Mi   
websocket-server-56c97f4c7-6q5vs   0m    97Mi   
websocket-server-56c97f4c7-c2s22   1m    27Mi   
websocket-server-56c97f4c7-d6nn9   1m    28Mi   
websocket-server-56c97f4c7-j5bzm   1m    29Mi   
websocket-server-56c97f4c7-jls8x   1m    33Mi   
websocket-server-56c97f4c7-k28l4   1m    33Mi   
websocket-server-56c97f4c7-t7zg4   1m    86Mi   
1781612989
websocket-server-56c97f4c7-429f2   0m    31Mi   
websocket-server-56c97f4c7-6q5vs   0m    97Mi   
websocket-server-56c97f4c7-c2s22   1m    27Mi   
websocket-server-56c97f4c7-d6nn9   1m    28Mi   
websocket-server-56c97f4c7-j5bzm   1m    29Mi   
websocket-server-56c97f4c7-jls8x   1m    33Mi   
websocket-server-56c97f4c7-k28l4   1m    33Mi   
websocket-server-56c97f4c7-t7zg4   1m    86Mi   
1781612994
websocket-server-56c97f4c7-429f2   0m    31Mi   
websocket-server-56c97f4c7-6q5vs   0m    97Mi   
websocket-server-56c97f4c7-c2s22   1m    27Mi   
websocket-server-56c97f4c7-d6nn9   1m    28Mi   
websocket-server-56c97f4c7-j5bzm   1m    29Mi   
websocket-server-56c97f4c7-jls8x   1m    33Mi   
websocket-server-56c97f4c7-k28l4   1m    33Mi   
websocket-server-56c97f4c7-t7zg4   1m    86Mi   
1781612999
websocket-server-56c97f4c7-429f2   0m    31Mi   
websocket-server-56c97f4c7-6q5vs   0m    97Mi   
websocket-server-56c97f4c7-c2s22   1m    27Mi   
websocket-server-56c97f4c7-d6nn9   0m    28Mi   
websocket-server-56c97f4c7-j5bzm   1m    29Mi   
websocket-server-56c97f4c7-jls8x   1m    33Mi   
websocket-server-56c97f4c7-k28l4   1m    34Mi   
websocket-server-56c97f4c7-t7zg4   1m    86Mi   
1781613004
websocket-server-56c97f4c7-429f2   0m    31Mi   
websocket-server-56c97f4c7-6q5vs   0m    97Mi   
websocket-server-56c97f4c7-c2s22   1m    27Mi   
websocket-server-56c97f4c7-d6nn9   0m    28Mi   
websocket-server-56c97f4c7-j5bzm   1m    29Mi   
websocket-server-56c97f4c7-jls8x   1m    33Mi   
websocket-server-56c97f4c7-k28l4   1m    34Mi   
websocket-server-56c97f4c7-t7zg4   1m    86Mi   
1781613010
websocket-server-56c97f4c7-429f2   0m    31Mi   
websocket-server-56c97f4c7-6q5vs   0m    97Mi   
websocket-server-56c97f4c7-c2s22   1m    27Mi   
websocket-server-56c97f4c7-d6nn9   0m    28Mi   
websocket-server-56c97f4c7-j5bzm   1m    29Mi   
websocket-server-56c97f4c7-jls8x   1m    33Mi   
websocket-server-56c97f4c7-k28l4   1m    34Mi   
websocket-server-56c97f4c7-t7zg4   1m    86Mi   
1781613015
websocket-server-56c97f4c7-429f2   1m    31Mi   
websocket-server-56c97f4c7-6q5vs   1m    97Mi   
websocket-server-56c97f4c7-c2s22   1m    27Mi   
websocket-server-56c97f4c7-d6nn9   1m    28Mi   
websocket-server-56c97f4c7-j5bzm   1m    29Mi   
websocket-server-56c97f4c7-jls8x   1m    33Mi   
websocket-server-56c97f4c7-k28l4   0m    33Mi   
websocket-server-56c97f4c7-t7zg4   1m    86Mi   
1781613020
websocket-server-56c97f4c7-429f2   1m    31Mi   
websocket-server-56c97f4c7-6q5vs   1m    97Mi   
websocket-server-56c97f4c7-c2s22   1m    27Mi   
websocket-server-56c97f4c7-d6nn9   1m    28Mi   
websocket-server-56c97f4c7-j5bzm   1m    29Mi   
websocket-server-56c97f4c7-jls8x   1m    33Mi   
websocket-server-56c97f4c7-k28l4   0m    33Mi   
websocket-server-56c97f4c7-t7zg4   1m    86Mi   
1781613025
websocket-server-56c97f4c7-429f2   1m    31Mi   
websocket-server-56c97f4c7-6q5vs   1m    97Mi   
websocket-server-56c97f4c7-c2s22   1m    27Mi   
websocket-server-56c97f4c7-d6nn9   1m    28Mi   
websocket-server-56c97f4c7-j5bzm   1m    29Mi   
websocket-server-56c97f4c7-jls8x   1m    33Mi   
websocket-server-56c97f4c7-k28l4   0m    33Mi   
websocket-server-56c97f4c7-t7zg4   1m    86Mi   
1781613030
websocket-server-56c97f4c7-429f2   1m    31Mi   
websocket-server-56c97f4c7-6q5vs   1m    97Mi   
websocket-server-56c97f4c7-c2s22   1m    27Mi   
websocket-server-56c97f4c7-d6nn9   1m    28Mi   
websocket-server-56c97f4c7-j5bzm   1m    29Mi   
websocket-server-56c97f4c7-jls8x   1m    34Mi   
websocket-server-56c97f4c7-k28l4   1m    33Mi   
websocket-server-56c97f4c7-t7zg4   1m    86Mi   
1781613035
websocket-server-56c97f4c7-429f2   1m    31Mi   
websocket-server-56c97f4c7-6q5vs   1m    97Mi   
websocket-server-56c97f4c7-c2s22   1m    27Mi   
websocket-server-56c97f4c7-d6nn9   1m    28Mi   
websocket-server-56c97f4c7-j5bzm   1m    29Mi   
websocket-server-56c97f4c7-jls8x   1m    34Mi   
websocket-server-56c97f4c7-k28l4   1m    33Mi   
websocket-server-56c97f4c7-t7zg4   1m    86Mi   
1781613040
websocket-server-56c97f4c7-429f2   1m    31Mi   
websocket-server-56c97f4c7-6q5vs   1m    97Mi   
websocket-server-56c97f4c7-c2s22   1m    27Mi   
websocket-server-56c97f4c7-d6nn9   1m    28Mi   
websocket-server-56c97f4c7-j5bzm   1m    29Mi   
websocket-server-56c97f4c7-jls8x   1m    34Mi   
websocket-server-56c97f4c7-k28l4   1m    33Mi   
websocket-server-56c97f4c7-t7zg4   1m    86Mi   
1781613045
websocket-server-56c97f4c7-429f2   1m    31Mi   
websocket-server-56c97f4c7-6q5vs   0m    97Mi   
websocket-server-56c97f4c7-c2s22   1m    27Mi   
websocket-server-56c97f4c7-d6nn9   1m    28Mi   
websocket-server-56c97f4c7-j5bzm   1m    29Mi   
websocket-server-56c97f4c7-jls8x   1m    33Mi   
websocket-server-56c97f4c7-k28l4   1m    33Mi   
websocket-server-56c97f4c7-t7zg4   1m    86Mi   
1781613050
websocket-server-56c97f4c7-429f2   1m    31Mi   
websocket-server-56c97f4c7-6q5vs   0m    97Mi   
websocket-server-56c97f4c7-c2s22   1m    27Mi   
websocket-server-56c97f4c7-d6nn9   1m    28Mi   
websocket-server-56c97f4c7-j5bzm   1m    29Mi   
websocket-server-56c97f4c7-jls8x   1m    33Mi   
websocket-server-56c97f4c7-k28l4   1m    33Mi   
websocket-server-56c97f4c7-t7zg4   1m    86Mi   
1781613055
websocket-server-56c97f4c7-429f2   1m    31Mi   
websocket-server-56c97f4c7-6q5vs   0m    97Mi   
websocket-server-56c97f4c7-c2s22   1m    27Mi   
websocket-server-56c97f4c7-d6nn9   1m    28Mi   
websocket-server-56c97f4c7-j5bzm   1m    29Mi   
websocket-server-56c97f4c7-jls8x   1m    33Mi   
websocket-server-56c97f4c7-k28l4   1m    33Mi   
websocket-server-56c97f4c7-t7zg4   1m    86Mi   
1781613060
websocket-server-56c97f4c7-429f2   1m    31Mi   
websocket-server-56c97f4c7-6q5vs   1m    97Mi   
websocket-server-56c97f4c7-c2s22   1m    27Mi   
websocket-server-56c97f4c7-d6nn9   1m    28Mi   
websocket-server-56c97f4c7-j5bzm   1m    29Mi   
websocket-server-56c97f4c7-jls8x   0m    33Mi   
websocket-server-56c97f4c7-k28l4   1m    33Mi   
websocket-server-56c97f4c7-t7zg4   1m    86Mi   
1781613065
websocket-server-56c97f4c7-429f2   1m    31Mi   
websocket-server-56c97f4c7-6q5vs   1m    97Mi   
websocket-server-56c97f4c7-c2s22   1m    27Mi   
websocket-server-56c97f4c7-d6nn9   1m    28Mi   
websocket-server-56c97f4c7-j5bzm   1m    29Mi   
websocket-server-56c97f4c7-jls8x   0m    33Mi   
websocket-server-56c97f4c7-k28l4   1m    33Mi   
websocket-server-56c97f4c7-t7zg4   1m    86Mi   
1781613070
websocket-server-56c97f4c7-429f2   1m    31Mi   
websocket-server-56c97f4c7-6q5vs   1m    97Mi   
websocket-server-56c97f4c7-c2s22   1m    27Mi   
websocket-server-56c97f4c7-d6nn9   1m    28Mi   
websocket-server-56c97f4c7-j5bzm   1m    29Mi   
websocket-server-56c97f4c7-jls8x   0m    33Mi   
websocket-server-56c97f4c7-k28l4   1m    33Mi   
websocket-server-56c97f4c7-t7zg4   1m    86Mi   
1781613075
websocket-server-56c97f4c7-429f2   1m    31Mi   
websocket-server-56c97f4c7-6q5vs   0m    97Mi   
websocket-server-56c97f4c7-c2s22   1m    27Mi   
websocket-server-56c97f4c7-d6nn9   1m    28Mi   
websocket-server-56c97f4c7-j5bzm   1m    29Mi   
websocket-server-56c97f4c7-jls8x   0m    33Mi   
websocket-server-56c97f4c7-k28l4   1m    33Mi   
websocket-server-56c97f4c7-t7zg4   1m    86Mi   
1781613080
websocket-server-56c97f4c7-429f2   1m    31Mi   
websocket-server-56c97f4c7-6q5vs   0m    97Mi   
websocket-server-56c97f4c7-c2s22   1m    27Mi   
websocket-server-56c97f4c7-d6nn9   1m    28Mi   
websocket-server-56c97f4c7-j5bzm   1m    29Mi   
websocket-server-56c97f4c7-jls8x   0m    33Mi   
websocket-server-56c97f4c7-k28l4   1m    33Mi   
websocket-server-56c97f4c7-t7zg4   1m    86Mi   
1781613085
websocket-server-56c97f4c7-429f2   1m    31Mi   
websocket-server-56c97f4c7-6q5vs   0m    97Mi   
websocket-server-56c97f4c7-c2s22   1m    27Mi   
websocket-server-56c97f4c7-d6nn9   1m    28Mi   
websocket-server-56c97f4c7-j5bzm   1m    29Mi   
websocket-server-56c97f4c7-jls8x   0m    33Mi   
websocket-server-56c97f4c7-k28l4   1m    33Mi   
websocket-server-56c97f4c7-t7zg4   1m    86Mi   
1781613090
websocket-server-56c97f4c7-429f2   1m    31Mi   
websocket-server-56c97f4c7-6q5vs   1m    97Mi   
websocket-server-56c97f4c7-c2s22   1m    27Mi   
websocket-server-56c97f4c7-d6nn9   1m    28Mi   
websocket-server-56c97f4c7-j5bzm   1m    29Mi   
websocket-server-56c97f4c7-jls8x   1m    33Mi   
websocket-server-56c97f4c7-k28l4   1m    33Mi   
websocket-server-56c97f4c7-t7zg4   1m    86Mi   
1781613095
websocket-server-56c97f4c7-429f2   1m    31Mi   
websocket-server-56c97f4c7-6q5vs   1m    97Mi   
websocket-server-56c97f4c7-c2s22   1m    27Mi   
websocket-server-56c97f4c7-d6nn9   1m    28Mi   
websocket-server-56c97f4c7-j5bzm   1m    29Mi   
websocket-server-56c97f4c7-jls8x   1m    33Mi   
websocket-server-56c97f4c7-k28l4   1m    33Mi   
websocket-server-56c97f4c7-t7zg4   1m    86Mi   
1781613100
websocket-server-56c97f4c7-429f2   1m    31Mi   
websocket-server-56c97f4c7-6q5vs   1m    97Mi   
websocket-server-56c97f4c7-c2s22   1m    27Mi   
websocket-server-56c97f4c7-d6nn9   1m    28Mi   
websocket-server-56c97f4c7-j5bzm   1m    29Mi   
websocket-server-56c97f4c7-jls8x   1m    33Mi   
websocket-server-56c97f4c7-k28l4   1m    33Mi   
websocket-server-56c97f4c7-t7zg4   1m    86Mi   
1781613106
websocket-server-56c97f4c7-429f2   1m    31Mi   
websocket-server-56c97f4c7-6q5vs   1m    97Mi   
websocket-server-56c97f4c7-c2s22   1m    27Mi   
websocket-server-56c97f4c7-d6nn9   1m    28Mi   
websocket-server-56c97f4c7-j5bzm   1m    29Mi   
websocket-server-56c97f4c7-jls8x   1m    33Mi   
websocket-server-56c97f4c7-k28l4   1m    33Mi   
websocket-server-56c97f4c7-t7zg4   1m    86Mi   
1781613111
websocket-server-56c97f4c7-429f2   1m    31Mi   
websocket-server-56c97f4c7-6q5vs   1m    97Mi   
websocket-server-56c97f4c7-c2s22   1m    27Mi   
websocket-server-56c97f4c7-jls8x   1m    33Mi   
websocket-server-56c97f4c7-k28l4   1m    33Mi   
websocket-server-56c97f4c7-t7zg4   1m    86Mi   
1781613116
websocket-server-56c97f4c7-429f2   1m    31Mi   
websocket-server-56c97f4c7-6q5vs   1m    97Mi   
websocket-server-56c97f4c7-c2s22   1m    27Mi   
websocket-server-56c97f4c7-t7zg4   1m    86Mi   
1781613121
websocket-server-56c97f4c7-6q5vs   1m    97Mi   
websocket-server-56c97f4c7-t7zg4   1m    86Mi   
