2026/04/29 05:49:27 maxprocs: Updating GOMAXPROCS=1: determined from CPU quota
2026-04-29T05:49:27Z	INFO	setup	Starting manager
2026-04-29T05:49:27Z	INFO	setup	KEDA Version: 2.13.0
2026-04-29T05:49:27Z	INFO	setup	Git Commit: 367fcd32f1e72be504ada53165d07c33d75fc0f7
2026-04-29T05:49:27Z	INFO	setup	Go Version: go1.21.6
2026-04-29T05:49:27Z	INFO	setup	Go OS/Arch: linux/amd64
2026-04-29T05:49:27Z	INFO	setup	Running on Kubernetes 1.31	{"version": "v1.31.6"}
2026-04-29T05:49:27Z	INFO	setup	WARNING: KEDA 2.13.0 hasn't been tested on Kubernetes v1.31.6
2026-04-29T05:49:27Z	INFO	setup	You can check recommended versions on https://keda.sh
2026-04-29T05:49:27Z	INFO	starting server	{"kind": "health probe", "addr": "[::]:8081"}
I0429 05:49:27.735417       1 leaderelection.go:250] attempting to acquire leader lease keda/operator.keda.sh...
I0429 05:49:44.422583       1 leaderelection.go:260] successfully acquired lease keda/operator.keda.sh
2026-04-29T05:49:44Z	INFO	Starting EventSource	{"controller": "scaledobject", "controllerGroup": "keda.sh", "controllerKind": "ScaledObject", "source": "kind source: *v1alpha1.ScaledObject"}
2026-04-29T05:49:44Z	INFO	Starting EventSource	{"controller": "scaledobject", "controllerGroup": "keda.sh", "controllerKind": "ScaledObject", "source": "kind source: *v2.HorizontalPodAutoscaler"}
2026-04-29T05:49:44Z	INFO	Starting Controller	{"controller": "scaledobject", "controllerGroup": "keda.sh", "controllerKind": "ScaledObject"}
2026-04-29T05:49:44Z	INFO	Starting EventSource	{"controller": "triggerauthentication", "controllerGroup": "keda.sh", "controllerKind": "TriggerAuthentication", "source": "kind source: *v1alpha1.TriggerAuthentication"}
2026-04-29T05:49:44Z	INFO	Starting Controller	{"controller": "triggerauthentication", "controllerGroup": "keda.sh", "controllerKind": "TriggerAuthentication"}
2026-04-29T05:49:44Z	INFO	Starting EventSource	{"controller": "scaledjob", "controllerGroup": "keda.sh", "controllerKind": "ScaledJob", "source": "kind source: *v1alpha1.ScaledJob"}
2026-04-29T05:49:44Z	INFO	Starting Controller	{"controller": "scaledjob", "controllerGroup": "keda.sh", "controllerKind": "ScaledJob"}
2026-04-29T05:49:44Z	INFO	Starting EventSource	{"controller": "cloudeventsource", "controllerGroup": "eventing.keda.sh", "controllerKind": "CloudEventSource", "source": "kind source: *v1alpha1.CloudEventSource"}
2026-04-29T05:49:44Z	INFO	Starting Controller	{"controller": "cloudeventsource", "controllerGroup": "eventing.keda.sh", "controllerKind": "CloudEventSource"}
2026-04-29T05:49:44Z	INFO	Starting EventSource	{"controller": "clustertriggerauthentication", "controllerGroup": "keda.sh", "controllerKind": "ClusterTriggerAuthentication", "source": "kind source: *v1alpha1.ClusterTriggerAuthentication"}
2026-04-29T05:49:44Z	INFO	Starting Controller	{"controller": "clustertriggerauthentication", "controllerGroup": "keda.sh", "controllerKind": "ClusterTriggerAuthentication"}
2026-04-29T05:49:44Z	INFO	cert-rotation	starting cert rotator controller
2026-04-29T05:49:44Z	INFO	Starting EventSource	{"controller": "cert-rotator", "source": "kind source: *v1.Secret"}
2026-04-29T05:49:44Z	INFO	Starting EventSource	{"controller": "cert-rotator", "source": "kind source: *unstructured.Unstructured"}
2026-04-29T05:49:44Z	INFO	Starting EventSource	{"controller": "cert-rotator", "source": "kind source: *unstructured.Unstructured"}
2026-04-29T05:49:44Z	INFO	Starting Controller	{"controller": "cert-rotator"}
2026-04-29T05:49:44Z	INFO	cert-rotation	no cert refresh needed
2026-04-29T05:49:44Z	INFO	cert-rotation	certs are ready in /certs
2026-04-29T05:49:44Z	INFO	Starting workers	{"controller": "scaledjob", "controllerGroup": "keda.sh", "controllerKind": "ScaledJob", "worker count": 1}
2026-04-29T05:49:44Z	INFO	Starting workers	{"controller": "triggerauthentication", "controllerGroup": "keda.sh", "controllerKind": "TriggerAuthentication", "worker count": 1}
2026-04-29T05:49:44Z	INFO	Starting workers	{"controller": "scaledobject", "controllerGroup": "keda.sh", "controllerKind": "ScaledObject", "worker count": 5}
2026-04-29T05:49:44Z	INFO	Starting workers	{"controller": "cloudeventsource", "controllerGroup": "eventing.keda.sh", "controllerKind": "CloudEventSource", "worker count": 1}
2026-04-29T05:49:44Z	INFO	Starting workers	{"controller": "clustertriggerauthentication", "controllerGroup": "keda.sh", "controllerKind": "ClusterTriggerAuthentication", "worker count": 1}
2026-04-29T05:49:44Z	INFO	Starting workers	{"controller": "cert-rotator", "worker count": 1}
2026-04-29T05:49:44Z	INFO	cert-rotation	no cert refresh needed
2026-04-29T05:49:44Z	INFO	cert-rotation	Ensuring CA cert	{"name": "keda-admission", "gvk": "admissionregistration.k8s.io/v1, Kind=ValidatingWebhookConfiguration", "name": "keda-admission", "gvk": "admissionregistration.k8s.io/v1, Kind=ValidatingWebhookConfiguration"}
2026-04-29T05:49:44Z	INFO	cert-rotation	Ensuring CA cert	{"name": "v1beta1.external.metrics.k8s.io", "gvk": "apiregistration.k8s.io/v1, Kind=APIService", "name": "v1beta1.external.metrics.k8s.io", "gvk": "apiregistration.k8s.io/v1, Kind=APIService"}
2026-04-29T05:49:44Z	INFO	cert-rotation	no cert refresh needed
2026-04-29T05:49:44Z	INFO	cert-rotation	Ensuring CA cert	{"name": "keda-admission", "gvk": "admissionregistration.k8s.io/v1, Kind=ValidatingWebhookConfiguration", "name": "keda-admission", "gvk": "admissionregistration.k8s.io/v1, Kind=ValidatingWebhookConfiguration"}
2026-04-29T05:49:44Z	INFO	cert-rotation	Ensuring CA cert	{"name": "v1beta1.external.metrics.k8s.io", "gvk": "apiregistration.k8s.io/v1, Kind=APIService", "name": "v1beta1.external.metrics.k8s.io", "gvk": "apiregistration.k8s.io/v1, Kind=APIService"}
2026-04-29T05:49:44Z	INFO	cert-rotation	no cert refresh needed
2026-04-29T05:49:44Z	INFO	cert-rotation	Ensuring CA cert	{"name": "keda-admission", "gvk": "admissionregistration.k8s.io/v1, Kind=ValidatingWebhookConfiguration", "name": "keda-admission", "gvk": "admissionregistration.k8s.io/v1, Kind=ValidatingWebhookConfiguration"}
2026-04-29T05:49:44Z	INFO	cert-rotation	Ensuring CA cert	{"name": "v1beta1.external.metrics.k8s.io", "gvk": "apiregistration.k8s.io/v1, Kind=APIService", "name": "v1beta1.external.metrics.k8s.io", "gvk": "apiregistration.k8s.io/v1, Kind=APIService"}
2026-04-29T05:49:46Z	INFO	cert-rotation	CA certs are injected to webhooks
2026-04-29T05:49:46Z	INFO	grpc_server	Starting Metrics Service gRPC Server	{"address": ":9666"}
2026-04-29T05:49:55Z	INFO	cert-rotation	no cert refresh needed
2026-04-29T05:49:55Z	INFO	cert-rotation	Ensuring CA cert	{"name": "keda-admission", "gvk": "admissionregistration.k8s.io/v1, Kind=ValidatingWebhookConfiguration", "name": "keda-admission", "gvk": "admissionregistration.k8s.io/v1, Kind=ValidatingWebhookConfiguration"}
2026-04-29T05:49:55Z	INFO	cert-rotation	Ensuring CA cert	{"name": "v1beta1.external.metrics.k8s.io", "gvk": "apiregistration.k8s.io/v1, Kind=APIService", "name": "v1beta1.external.metrics.k8s.io", "gvk": "apiregistration.k8s.io/v1, Kind=APIService"}
2026-04-29T05:50:00Z	INFO	cert-rotation	no cert refresh needed
2026-04-29T05:50:00Z	INFO	cert-rotation	Ensuring CA cert	{"name": "keda-admission", "gvk": "admissionregistration.k8s.io/v1, Kind=ValidatingWebhookConfiguration", "name": "keda-admission", "gvk": "admissionregistration.k8s.io/v1, Kind=ValidatingWebhookConfiguration"}
2026-04-29T05:50:00Z	INFO	cert-rotation	Ensuring CA cert	{"name": "v1beta1.external.metrics.k8s.io", "gvk": "apiregistration.k8s.io/v1, Kind=APIService", "name": "v1beta1.external.metrics.k8s.io", "gvk": "apiregistration.k8s.io/v1, Kind=APIService"}
2026-04-29T05:50:00Z	INFO	cert-rotation	no cert refresh needed
2026-04-29T05:50:00Z	INFO	cert-rotation	Ensuring CA cert	{"name": "keda-admission", "gvk": "admissionregistration.k8s.io/v1, Kind=ValidatingWebhookConfiguration", "name": "keda-admission", "gvk": "admissionregistration.k8s.io/v1, Kind=ValidatingWebhookConfiguration"}
2026-04-29T05:50:00Z	INFO	cert-rotation	Ensuring CA cert	{"name": "v1beta1.external.metrics.k8s.io", "gvk": "apiregistration.k8s.io/v1, Kind=APIService", "name": "v1beta1.external.metrics.k8s.io", "gvk": "apiregistration.k8s.io/v1, Kind=APIService"}
2026-04-29T05:50:05Z	INFO	Reconciling ScaledObject	{"controller": "scaledobject", "controllerGroup": "keda.sh", "controllerKind": "ScaledObject", "ScaledObject": {"name":"websocket-keda-scaler","namespace":"default"}, "namespace": "default", "name": "websocket-keda-scaler", "reconcileID": "c5999867-4590-4264-b325-7041d5ac968a"}
2026-04-29T05:50:05Z	INFO	Adding Finalizer for the ScaledObject	{"controller": "scaledobject", "controllerGroup": "keda.sh", "controllerKind": "ScaledObject", "ScaledObject": {"name":"websocket-keda-scaler","namespace":"default"}, "namespace": "default", "name": "websocket-keda-scaler", "reconcileID": "c5999867-4590-4264-b325-7041d5ac968a"}
2026-04-29T05:50:05Z	INFO	KubeAPIWarningLogger	metadata.finalizers: "finalizer.keda.sh": prefer a domain-qualified finalizer name to avoid accidental conflicts with other finalizer writers
2026-04-29T05:50:05Z	INFO	Detected resource targeted for scaling	{"controller": "scaledobject", "controllerGroup": "keda.sh", "controllerKind": "ScaledObject", "ScaledObject": {"name":"websocket-keda-scaler","namespace":"default"}, "namespace": "default", "name": "websocket-keda-scaler", "reconcileID": "c5999867-4590-4264-b325-7041d5ac968a", "resource": "apps/v1.Deployment", "name": "websocket-server"}
2026-04-29T05:50:05Z	INFO	Creating a new HPA	{"controller": "scaledobject", "controllerGroup": "keda.sh", "controllerKind": "ScaledObject", "ScaledObject": {"name":"websocket-keda-scaler","namespace":"default"}, "namespace": "default", "name": "websocket-keda-scaler", "reconcileID": "c5999867-4590-4264-b325-7041d5ac968a", "HPA.Namespace": "default", "HPA.Name": "keda-hpa-websocket-keda-scaler"}
2026-04-29T05:50:05Z	INFO	Initializing Scaling logic according to ScaledObject Specification	{"controller": "scaledobject", "controllerGroup": "keda.sh", "controllerKind": "ScaledObject", "ScaledObject": {"name":"websocket-keda-scaler","namespace":"default"}, "namespace": "default", "name": "websocket-keda-scaler", "reconcileID": "c5999867-4590-4264-b325-7041d5ac968a"}
2026-04-29T05:50:05Z	INFO	Reconciling ScaledObject	{"controller": "scaledobject", "controllerGroup": "keda.sh", "controllerKind": "ScaledObject", "ScaledObject": {"name":"websocket-keda-scaler","namespace":"default"}, "namespace": "default", "name": "websocket-keda-scaler", "reconcileID": "cee9c5f8-64d7-49c2-a54e-a33b39bd2338"}
2026-04-29T05:50:05Z	INFO	Detected resource targeted for scaling	{"controller": "scaledobject", "controllerGroup": "keda.sh", "controllerKind": "ScaledObject", "ScaledObject": {"name":"websocket-keda-scaler","namespace":"default"}, "namespace": "default", "name": "websocket-keda-scaler", "reconcileID": "cee9c5f8-64d7-49c2-a54e-a33b39bd2338", "resource": "apps/v1.Deployment", "name": "websocket-server"}
2026-04-29T05:50:05Z	INFO	Reconciling ScaledObject	{"controller": "scaledobject", "controllerGroup": "keda.sh", "controllerKind": "ScaledObject", "ScaledObject": {"name":"websocket-keda-scaler","namespace":"default"}, "namespace": "default", "name": "websocket-keda-scaler", "reconcileID": "5221d641-b634-40c2-a5d5-b31822c54456"}
2026-04-29T05:50:05Z	INFO	Detected resource targeted for scaling	{"controller": "scaledobject", "controllerGroup": "keda.sh", "controllerKind": "ScaledObject", "ScaledObject": {"name":"websocket-keda-scaler","namespace":"default"}, "namespace": "default", "name": "websocket-keda-scaler", "reconcileID": "5221d641-b634-40c2-a5d5-b31822c54456", "resource": "apps/v1.Deployment", "name": "websocket-server"}
2026-04-29T05:50:35Z	INFO	Reconciling ScaledObject	{"controller": "scaledobject", "controllerGroup": "keda.sh", "controllerKind": "ScaledObject", "ScaledObject": {"name":"websocket-keda-scaler","namespace":"default"}, "namespace": "default", "name": "websocket-keda-scaler", "reconcileID": "063bef84-e51f-4989-bb31-1566b413456c"}
2026-04-29T05:50:35Z	INFO	Detected resource targeted for scaling	{"controller": "scaledobject", "controllerGroup": "keda.sh", "controllerKind": "ScaledObject", "ScaledObject": {"name":"websocket-keda-scaler","namespace":"default"}, "namespace": "default", "name": "websocket-keda-scaler", "reconcileID": "063bef84-e51f-4989-bb31-1566b413456c", "resource": "apps/v1.Deployment", "name": "websocket-server"}
