1781581262
websocket-server-56c97f4c7-4qn7k   1m    48Mi   
websocket-server-56c97f4c7-6gs9r   1m    48Mi   
1781581267
websocket-server-56c97f4c7-4qn7k   1m    48Mi   
websocket-server-56c97f4c7-6gs9r   1m    48Mi   
1781581272
websocket-server-56c97f4c7-4qn7k   1m    48Mi   
websocket-server-56c97f4c7-6gs9r   1m    48Mi   
1781581277
websocket-server-56c97f4c7-4qn7k   1m    48Mi   
websocket-server-56c97f4c7-6gs9r   1m    48Mi   
1781581282
websocket-server-56c97f4c7-4qn7k   1m    48Mi   
websocket-server-56c97f4c7-6gs9r   1m    48Mi   
1781581287
websocket-server-56c97f4c7-4qn7k   1m    48Mi   
websocket-server-56c97f4c7-6gs9r   1m    48Mi   
1781581292
websocket-server-56c97f4c7-4qn7k   1m    48Mi   
websocket-server-56c97f4c7-6gs9r   1m    48Mi   
1781581298
websocket-server-56c97f4c7-4qn7k   1m    48Mi   
websocket-server-56c97f4c7-6gs9r   1m    48Mi   
1781581303
websocket-server-56c97f4c7-4qn7k   7m    53Mi   
websocket-server-56c97f4c7-6gs9r   7m    58Mi   
1781581308
websocket-server-56c97f4c7-4qn7k   7m    53Mi   
websocket-server-56c97f4c7-6gs9r   7m    58Mi   
1781581313
websocket-server-56c97f4c7-4qn7k   7m    53Mi   
websocket-server-56c97f4c7-6gs9r   7m    58Mi   
1781581318
websocket-server-56c97f4c7-4qn7k   12m   61Mi   
websocket-server-56c97f4c7-6gs9r   14m   63Mi   
websocket-server-56c97f4c7-cvcbt   26m   29Mi   
websocket-server-56c97f4c7-vqzwc   23m   29Mi   
websocket-server-56c97f4c7-zmq8f   26m   29Mi   
1781581323
websocket-server-56c97f4c7-4qn7k   12m   61Mi   
websocket-server-56c97f4c7-6gs9r   14m   63Mi   
websocket-server-56c97f4c7-cvcbt   26m   29Mi   
websocket-server-56c97f4c7-vqzwc   23m   29Mi   
websocket-server-56c97f4c7-zmq8f   26m   29Mi   
1781581328
websocket-server-56c97f4c7-4qn7k   12m   61Mi   
websocket-server-56c97f4c7-6gs9r   14m   63Mi   
websocket-server-56c97f4c7-cvcbt   26m   29Mi   
websocket-server-56c97f4c7-vqzwc   23m   29Mi   
websocket-server-56c97f4c7-zmq8f   26m   29Mi   
1781581333
websocket-server-56c97f4c7-4bcb5   22m   28Mi   
websocket-server-56c97f4c7-4qn7k   14m   64Mi   
websocket-server-56c97f4c7-6gs9r   14m   65Mi   
websocket-server-56c97f4c7-824tb   3m    29Mi   
websocket-server-56c97f4c7-cvcbt   4m    31Mi   
websocket-server-56c97f4c7-vqzwc   20m   29Mi   
websocket-server-56c97f4c7-zmq8f   3m    30Mi   
1781581338
websocket-server-56c97f4c7-4bcb5   22m   28Mi   
websocket-server-56c97f4c7-4qn7k   14m   64Mi   
websocket-server-56c97f4c7-6gs9r   14m   65Mi   
websocket-server-56c97f4c7-824tb   3m    29Mi   
websocket-server-56c97f4c7-cvcbt   4m    31Mi   
websocket-server-56c97f4c7-vqzwc   20m   29Mi   
websocket-server-56c97f4c7-zmq8f   3m    30Mi   
1781581343
websocket-server-56c97f4c7-4bcb5   22m   28Mi   
websocket-server-56c97f4c7-4qn7k   14m   64Mi   
websocket-server-56c97f4c7-6gs9r   14m   65Mi   
websocket-server-56c97f4c7-824tb   3m    29Mi   
websocket-server-56c97f4c7-cvcbt   4m    31Mi   
websocket-server-56c97f4c7-vqzwc   20m   29Mi   
websocket-server-56c97f4c7-zmq8f   3m    30Mi   
1781581348
websocket-server-56c97f4c7-4bcb5   19m   29Mi   
websocket-server-56c97f4c7-4qn7k   15m   66Mi   
websocket-server-56c97f4c7-6gs9r   15m   67Mi   
websocket-server-56c97f4c7-824tb   4m    31Mi   
websocket-server-56c97f4c7-cvcbt   5m    32Mi   
websocket-server-56c97f4c7-ppczd   20m   28Mi   
websocket-server-56c97f4c7-t89ht   21m   28Mi   
websocket-server-56c97f4c7-vqzwc   5m    31Mi   
websocket-server-56c97f4c7-zmq8f   5m    32Mi   
1781581353
websocket-server-56c97f4c7-4bcb5   19m   29Mi   
websocket-server-56c97f4c7-4qn7k   15m   66Mi   
websocket-server-56c97f4c7-6gs9r   15m   67Mi   
websocket-server-56c97f4c7-824tb   4m    31Mi   
websocket-server-56c97f4c7-cvcbt   5m    32Mi   
websocket-server-56c97f4c7-ppczd   20m   28Mi   
websocket-server-56c97f4c7-t89ht   21m   28Mi   
websocket-server-56c97f4c7-vqzwc   5m    31Mi   
websocket-server-56c97f4c7-zmq8f   5m    32Mi   
1781581358
websocket-server-56c97f4c7-4bcb5   19m   29Mi   
websocket-server-56c97f4c7-4qn7k   15m   66Mi   
websocket-server-56c97f4c7-6gs9r   15m   67Mi   
websocket-server-56c97f4c7-824tb   4m    31Mi   
websocket-server-56c97f4c7-cvcbt   5m    32Mi   
websocket-server-56c97f4c7-ppczd   20m   28Mi   
websocket-server-56c97f4c7-t89ht   21m   28Mi   
websocket-server-56c97f4c7-vqzwc   5m    31Mi   
websocket-server-56c97f4c7-zmq8f   5m    32Mi   
1781581363
websocket-server-56c97f4c7-4bcb5   3m    30Mi   
websocket-server-56c97f4c7-4qn7k   15m   68Mi   
websocket-server-56c97f4c7-6gs9r   15m   69Mi   
websocket-server-56c97f4c7-824tb   4m    32Mi   
websocket-server-56c97f4c7-cvcbt   6m    33Mi   
websocket-server-56c97f4c7-jhvg5   1m    28Mi   
websocket-server-56c97f4c7-p2rh2   22m   28Mi   
websocket-server-56c97f4c7-pccfv   18m   28Mi   
websocket-server-56c97f4c7-ppczd   3m    29Mi   
websocket-server-56c97f4c7-t89ht   19m   28Mi   
websocket-server-56c97f4c7-vqzwc   6m    33Mi   
websocket-server-56c97f4c7-zmq8f   5m    33Mi   
1781581368
websocket-server-56c97f4c7-4bcb5   3m    30Mi   
websocket-server-56c97f4c7-4qn7k   15m   68Mi   
websocket-server-56c97f4c7-6gs9r   15m   69Mi   
websocket-server-56c97f4c7-824tb   4m    32Mi   
websocket-server-56c97f4c7-cvcbt   6m    33Mi   
websocket-server-56c97f4c7-jhvg5   1m    28Mi   
websocket-server-56c97f4c7-p2rh2   22m   28Mi   
websocket-server-56c97f4c7-pccfv   18m   28Mi   
websocket-server-56c97f4c7-ppczd   3m    29Mi   
websocket-server-56c97f4c7-t89ht   19m   28Mi   
websocket-server-56c97f4c7-vqzwc   6m    33Mi   
websocket-server-56c97f4c7-zmq8f   5m    33Mi   
1781581373
websocket-server-56c97f4c7-4bcb5   3m    30Mi   
websocket-server-56c97f4c7-4qn7k   15m   68Mi   
websocket-server-56c97f4c7-6gs9r   15m   69Mi   
websocket-server-56c97f4c7-824tb   4m    32Mi   
websocket-server-56c97f4c7-cvcbt   6m    33Mi   
websocket-server-56c97f4c7-jhvg5   1m    28Mi   
websocket-server-56c97f4c7-p2rh2   22m   28Mi   
websocket-server-56c97f4c7-pccfv   18m   28Mi   
websocket-server-56c97f4c7-ppczd   3m    29Mi   
websocket-server-56c97f4c7-t89ht   19m   28Mi   
websocket-server-56c97f4c7-vqzwc   6m    33Mi   
websocket-server-56c97f4c7-zmq8f   5m    33Mi   
1781581378
websocket-server-56c97f4c7-28qh9   1m    28Mi   
websocket-server-56c97f4c7-4bcb5   4m    31Mi   
websocket-server-56c97f4c7-4qn7k   16m   69Mi   
websocket-server-56c97f4c7-6gs9r   16m   70Mi   
websocket-server-56c97f4c7-824tb   5m    33Mi   
websocket-server-56c97f4c7-cvcbt   5m    34Mi   
websocket-server-56c97f4c7-jhvg5   2m    28Mi   
websocket-server-56c97f4c7-jqqhd   21m   27Mi   
websocket-server-56c97f4c7-nqsx5   2m    28Mi   
websocket-server-56c97f4c7-p2rh2   2m    28Mi   
websocket-server-56c97f4c7-pccfv   3m    29Mi   
websocket-server-56c97f4c7-ppczd   4m    31Mi   
websocket-server-56c97f4c7-t89ht   2m    29Mi   
websocket-server-56c97f4c7-vqzwc   7m    35Mi   
websocket-server-56c97f4c7-zmq8f   6m    34Mi   
1781581383
websocket-server-56c97f4c7-28qh9   1m    28Mi   
websocket-server-56c97f4c7-4bcb5   4m    31Mi   
websocket-server-56c97f4c7-4qn7k   16m   69Mi   
websocket-server-56c97f4c7-6gs9r   16m   70Mi   
websocket-server-56c97f4c7-824tb   5m    33Mi   
websocket-server-56c97f4c7-cvcbt   5m    34Mi   
websocket-server-56c97f4c7-jhvg5   2m    28Mi   
websocket-server-56c97f4c7-jqqhd   21m   27Mi   
websocket-server-56c97f4c7-nqsx5   2m    28Mi   
websocket-server-56c97f4c7-p2rh2   2m    28Mi   
websocket-server-56c97f4c7-pccfv   3m    29Mi   
websocket-server-56c97f4c7-ppczd   4m    31Mi   
websocket-server-56c97f4c7-t89ht   2m    29Mi   
websocket-server-56c97f4c7-vqzwc   7m    35Mi   
websocket-server-56c97f4c7-zmq8f   6m    34Mi   
1781581388
websocket-server-56c97f4c7-28qh9   1m    28Mi   
websocket-server-56c97f4c7-4bcb5   4m    31Mi   
websocket-server-56c97f4c7-4qn7k   16m   69Mi   
websocket-server-56c97f4c7-6gs9r   16m   70Mi   
websocket-server-56c97f4c7-824tb   5m    33Mi   
websocket-server-56c97f4c7-cvcbt   5m    34Mi   
websocket-server-56c97f4c7-jhvg5   2m    28Mi   
websocket-server-56c97f4c7-jqqhd   21m   27Mi   
websocket-server-56c97f4c7-nqsx5   2m    28Mi   
websocket-server-56c97f4c7-p2rh2   2m    28Mi   
websocket-server-56c97f4c7-pccfv   3m    29Mi   
websocket-server-56c97f4c7-ppczd   4m    31Mi   
websocket-server-56c97f4c7-t89ht   2m    29Mi   
websocket-server-56c97f4c7-vqzwc   7m    35Mi   
websocket-server-56c97f4c7-zmq8f   6m    34Mi   
1781581393
websocket-server-56c97f4c7-28qh9   1m    28Mi   
websocket-server-56c97f4c7-4bcb5   4m    31Mi   
websocket-server-56c97f4c7-4qn7k   16m   69Mi   
websocket-server-56c97f4c7-6gs9r   15m   70Mi   
websocket-server-56c97f4c7-824tb   5m    33Mi   
websocket-server-56c97f4c7-cvcbt   6m    34Mi   
websocket-server-56c97f4c7-jhvg5   2m    28Mi   
websocket-server-56c97f4c7-jqqhd   20m   27Mi   
websocket-server-56c97f4c7-nqsx5   2m    28Mi   
websocket-server-56c97f4c7-p2rh2   2m    28Mi   
websocket-server-56c97f4c7-pccfv   2m    29Mi   
websocket-server-56c97f4c7-ppczd   4m    31Mi   
websocket-server-56c97f4c7-t89ht   2m    29Mi   
websocket-server-56c97f4c7-vqzwc   7m    36Mi   
websocket-server-56c97f4c7-zdfzq   1m    27Mi   
websocket-server-56c97f4c7-zmq8f   6m    34Mi   
1781581398
websocket-server-56c97f4c7-28qh9   1m    28Mi   
websocket-server-56c97f4c7-4bcb5   4m    31Mi   
websocket-server-56c97f4c7-4qn7k   16m   69Mi   
websocket-server-56c97f4c7-6gs9r   15m   70Mi   
websocket-server-56c97f4c7-824tb   5m    33Mi   
websocket-server-56c97f4c7-cvcbt   6m    34Mi   
websocket-server-56c97f4c7-jhvg5   2m    28Mi   
websocket-server-56c97f4c7-jqqhd   20m   27Mi   
websocket-server-56c97f4c7-nqsx5   2m    28Mi   
websocket-server-56c97f4c7-p2rh2   2m    28Mi   
websocket-server-56c97f4c7-pccfv   2m    29Mi   
websocket-server-56c97f4c7-ppczd   4m    31Mi   
websocket-server-56c97f4c7-t89ht   2m    29Mi   
websocket-server-56c97f4c7-vqzwc   7m    36Mi   
websocket-server-56c97f4c7-zdfzq   1m    27Mi   
websocket-server-56c97f4c7-zmq8f   6m    34Mi   
1781581404
websocket-server-56c97f4c7-28qh9   1m    28Mi   
websocket-server-56c97f4c7-4bcb5   4m    31Mi   
websocket-server-56c97f4c7-4qn7k   16m   69Mi   
websocket-server-56c97f4c7-6gs9r   15m   70Mi   
websocket-server-56c97f4c7-824tb   5m    33Mi   
websocket-server-56c97f4c7-cvcbt   6m    34Mi   
websocket-server-56c97f4c7-jhvg5   2m    28Mi   
websocket-server-56c97f4c7-jqqhd   20m   27Mi   
websocket-server-56c97f4c7-nqsx5   2m    28Mi   
websocket-server-56c97f4c7-p2rh2   2m    28Mi   
websocket-server-56c97f4c7-pccfv   2m    29Mi   
websocket-server-56c97f4c7-ppczd   4m    31Mi   
websocket-server-56c97f4c7-t89ht   2m    29Mi   
websocket-server-56c97f4c7-vqzwc   7m    36Mi   
websocket-server-56c97f4c7-zdfzq   1m    27Mi   
websocket-server-56c97f4c7-zmq8f   6m    34Mi   
1781581409
websocket-server-56c97f4c7-28qh9   1m    28Mi   
websocket-server-56c97f4c7-4bcb5   4m    31Mi   
websocket-server-56c97f4c7-4qn7k   12m   69Mi   
websocket-server-56c97f4c7-6gs9r   14m   69Mi   
websocket-server-56c97f4c7-824tb   5m    33Mi   
websocket-server-56c97f4c7-cvcbt   6m    33Mi   
websocket-server-56c97f4c7-jhvg5   2m    28Mi   
websocket-server-56c97f4c7-jqqhd   1m    27Mi   
websocket-server-56c97f4c7-nqsx5   1m    28Mi   
websocket-server-56c97f4c7-p2rh2   1m    28Mi   
websocket-server-56c97f4c7-pccfv   2m    29Mi   
websocket-server-56c97f4c7-ppczd   4m    31Mi   
websocket-server-56c97f4c7-t89ht   2m    29Mi   
websocket-server-56c97f4c7-vqzwc   7m    36Mi   
websocket-server-56c97f4c7-zdfzq   1m    27Mi   
websocket-server-56c97f4c7-zmq8f   5m    34Mi   
1781581414
websocket-server-56c97f4c7-28qh9   1m    28Mi   
websocket-server-56c97f4c7-4bcb5   4m    31Mi   
websocket-server-56c97f4c7-4qn7k   12m   69Mi   
websocket-server-56c97f4c7-6gs9r   14m   69Mi   
websocket-server-56c97f4c7-824tb   5m    33Mi   
websocket-server-56c97f4c7-cvcbt   6m    33Mi   
websocket-server-56c97f4c7-jhvg5   2m    28Mi   
websocket-server-56c97f4c7-jqqhd   1m    27Mi   
websocket-server-56c97f4c7-nqsx5   1m    28Mi   
websocket-server-56c97f4c7-p2rh2   1m    28Mi   
websocket-server-56c97f4c7-pccfv   2m    29Mi   
websocket-server-56c97f4c7-ppczd   4m    31Mi   
websocket-server-56c97f4c7-t89ht   2m    29Mi   
websocket-server-56c97f4c7-vqzwc   7m    36Mi   
websocket-server-56c97f4c7-zdfzq   1m    27Mi   
websocket-server-56c97f4c7-zmq8f   5m    34Mi   
1781581419
websocket-server-56c97f4c7-28qh9   1m    28Mi   
websocket-server-56c97f4c7-4bcb5   4m    31Mi   
websocket-server-56c97f4c7-4qn7k   12m   69Mi   
websocket-server-56c97f4c7-6gs9r   14m   69Mi   
websocket-server-56c97f4c7-824tb   5m    33Mi   
websocket-server-56c97f4c7-cvcbt   6m    33Mi   
websocket-server-56c97f4c7-jhvg5   2m    28Mi   
websocket-server-56c97f4c7-jqqhd   1m    27Mi   
websocket-server-56c97f4c7-nqsx5   1m    28Mi   
websocket-server-56c97f4c7-p2rh2   1m    28Mi   
websocket-server-56c97f4c7-pccfv   2m    29Mi   
websocket-server-56c97f4c7-ppczd   4m    31Mi   
websocket-server-56c97f4c7-t89ht   2m    29Mi   
websocket-server-56c97f4c7-vqzwc   7m    36Mi   
websocket-server-56c97f4c7-zdfzq   1m    27Mi   
websocket-server-56c97f4c7-zmq8f   5m    34Mi   
1781581424
websocket-server-56c97f4c7-28qh9   1m    28Mi   
websocket-server-56c97f4c7-4bcb5   2m    31Mi   
websocket-server-56c97f4c7-4qn7k   5m    69Mi   
websocket-server-56c97f4c7-6gs9r   5m    69Mi   
websocket-server-56c97f4c7-824tb   2m    33Mi   
websocket-server-56c97f4c7-cvcbt   2m    33Mi   
websocket-server-56c97f4c7-jhvg5   1m    28Mi   
websocket-server-56c97f4c7-jqqhd   1m    27Mi   
websocket-server-56c97f4c7-nqsx5   1m    28Mi   
websocket-server-56c97f4c7-p2rh2   1m    28Mi   
websocket-server-56c97f4c7-pccfv   1m    29Mi   
websocket-server-56c97f4c7-ppczd   2m    31Mi   
websocket-server-56c97f4c7-t89ht   1m    29Mi   
websocket-server-56c97f4c7-vqzwc   3m    35Mi   
websocket-server-56c97f4c7-zdfzq   0m    27Mi   
websocket-server-56c97f4c7-zmq8f   2m    34Mi   
1781581429
websocket-server-56c97f4c7-28qh9   1m    28Mi   
websocket-server-56c97f4c7-4bcb5   2m    31Mi   
websocket-server-56c97f4c7-4qn7k   5m    69Mi   
websocket-server-56c97f4c7-6gs9r   5m    69Mi   
websocket-server-56c97f4c7-824tb   2m    33Mi   
websocket-server-56c97f4c7-cvcbt   2m    33Mi   
websocket-server-56c97f4c7-jhvg5   1m    28Mi   
websocket-server-56c97f4c7-jqqhd   1m    27Mi   
websocket-server-56c97f4c7-nqsx5   1m    28Mi   
websocket-server-56c97f4c7-p2rh2   1m    28Mi   
websocket-server-56c97f4c7-pccfv   1m    29Mi   
websocket-server-56c97f4c7-ppczd   2m    31Mi   
websocket-server-56c97f4c7-t89ht   1m    29Mi   
websocket-server-56c97f4c7-vqzwc   3m    35Mi   
websocket-server-56c97f4c7-zdfzq   0m    27Mi   
websocket-server-56c97f4c7-zmq8f   2m    34Mi   
1781581434
websocket-server-56c97f4c7-28qh9   1m    28Mi   
websocket-server-56c97f4c7-4bcb5   2m    31Mi   
websocket-server-56c97f4c7-4qn7k   5m    69Mi   
websocket-server-56c97f4c7-6gs9r   5m    69Mi   
websocket-server-56c97f4c7-824tb   2m    33Mi   
websocket-server-56c97f4c7-cvcbt   2m    33Mi   
websocket-server-56c97f4c7-jhvg5   1m    28Mi   
websocket-server-56c97f4c7-jqqhd   1m    27Mi   
websocket-server-56c97f4c7-nqsx5   1m    28Mi   
websocket-server-56c97f4c7-p2rh2   1m    28Mi   
websocket-server-56c97f4c7-pccfv   1m    29Mi   
websocket-server-56c97f4c7-ppczd   2m    31Mi   
websocket-server-56c97f4c7-t89ht   1m    29Mi   
websocket-server-56c97f4c7-vqzwc   3m    35Mi   
websocket-server-56c97f4c7-zdfzq   0m    27Mi   
websocket-server-56c97f4c7-zmq8f   2m    34Mi   
1781581439
websocket-server-56c97f4c7-28qh9   1m    28Mi   
websocket-server-56c97f4c7-4bcb5   2m    31Mi   
websocket-server-56c97f4c7-4qn7k   6m    69Mi   
websocket-server-56c97f4c7-6gs9r   6m    70Mi   
websocket-server-56c97f4c7-824tb   2m    33Mi   
websocket-server-56c97f4c7-cvcbt   2m    34Mi   
websocket-server-56c97f4c7-jhvg5   1m    28Mi   
websocket-server-56c97f4c7-jqqhd   1m    27Mi   
websocket-server-56c97f4c7-nqsx5   1m    28Mi   
websocket-server-56c97f4c7-p2rh2   1m    28Mi   
websocket-server-56c97f4c7-pccfv   1m    29Mi   
websocket-server-56c97f4c7-ppczd   2m    31Mi   
websocket-server-56c97f4c7-t89ht   1m    29Mi   
websocket-server-56c97f4c7-vqzwc   3m    35Mi   
websocket-server-56c97f4c7-zdfzq   1m    27Mi   
websocket-server-56c97f4c7-zmq8f   2m    34Mi   
1781581444
websocket-server-56c97f4c7-28qh9   1m    28Mi   
websocket-server-56c97f4c7-4bcb5   2m    31Mi   
websocket-server-56c97f4c7-4qn7k   6m    69Mi   
websocket-server-56c97f4c7-6gs9r   6m    70Mi   
websocket-server-56c97f4c7-824tb   2m    33Mi   
websocket-server-56c97f4c7-cvcbt   2m    34Mi   
websocket-server-56c97f4c7-jhvg5   1m    28Mi   
websocket-server-56c97f4c7-jqqhd   1m    27Mi   
websocket-server-56c97f4c7-nqsx5   1m    28Mi   
websocket-server-56c97f4c7-p2rh2   1m    28Mi   
websocket-server-56c97f4c7-pccfv   1m    29Mi   
websocket-server-56c97f4c7-ppczd   2m    31Mi   
websocket-server-56c97f4c7-t89ht   1m    29Mi   
websocket-server-56c97f4c7-vqzwc   3m    35Mi   
websocket-server-56c97f4c7-zdfzq   1m    27Mi   
websocket-server-56c97f4c7-zmq8f   2m    34Mi   
1781581449
websocket-server-56c97f4c7-28qh9   1m    28Mi   
websocket-server-56c97f4c7-4bcb5   2m    31Mi   
websocket-server-56c97f4c7-4qn7k   6m    69Mi   
websocket-server-56c97f4c7-6gs9r   6m    70Mi   
websocket-server-56c97f4c7-824tb   2m    33Mi   
websocket-server-56c97f4c7-cvcbt   2m    34Mi   
websocket-server-56c97f4c7-jhvg5   1m    28Mi   
websocket-server-56c97f4c7-jqqhd   1m    27Mi   
websocket-server-56c97f4c7-nqsx5   1m    28Mi   
websocket-server-56c97f4c7-p2rh2   1m    28Mi   
websocket-server-56c97f4c7-pccfv   1m    29Mi   
websocket-server-56c97f4c7-ppczd   2m    31Mi   
websocket-server-56c97f4c7-t89ht   1m    29Mi   
websocket-server-56c97f4c7-vqzwc   3m    35Mi   
websocket-server-56c97f4c7-zdfzq   1m    27Mi   
websocket-server-56c97f4c7-zmq8f   2m    34Mi   
1781581454
websocket-server-56c97f4c7-28qh9   1m    28Mi   
websocket-server-56c97f4c7-4bcb5   2m    32Mi   
websocket-server-56c97f4c7-4qn7k   5m    69Mi   
websocket-server-56c97f4c7-6gs9r   5m    70Mi   
websocket-server-56c97f4c7-824tb   2m    33Mi   
websocket-server-56c97f4c7-cvcbt   2m    34Mi   
websocket-server-56c97f4c7-jhvg5   1m    28Mi   
websocket-server-56c97f4c7-jqqhd   1m    27Mi   
websocket-server-56c97f4c7-nqsx5   1m    28Mi   
websocket-server-56c97f4c7-p2rh2   1m    28Mi   
websocket-server-56c97f4c7-pccfv   1m    29Mi   
websocket-server-56c97f4c7-ppczd   1m    32Mi   
websocket-server-56c97f4c7-t89ht   1m    29Mi   
websocket-server-56c97f4c7-vqzwc   3m    36Mi   
websocket-server-56c97f4c7-zdfzq   1m    27Mi   
websocket-server-56c97f4c7-zmq8f   2m    34Mi   
1781581459
websocket-server-56c97f4c7-28qh9   1m    28Mi   
websocket-server-56c97f4c7-4bcb5   2m    32Mi   
websocket-server-56c97f4c7-4qn7k   5m    69Mi   
websocket-server-56c97f4c7-6gs9r   5m    70Mi   
websocket-server-56c97f4c7-824tb   2m    33Mi   
websocket-server-56c97f4c7-cvcbt   2m    34Mi   
websocket-server-56c97f4c7-jhvg5   1m    28Mi   
websocket-server-56c97f4c7-jqqhd   1m    27Mi   
websocket-server-56c97f4c7-nqsx5   1m    28Mi   
websocket-server-56c97f4c7-p2rh2   1m    28Mi   
websocket-server-56c97f4c7-pccfv   1m    29Mi   
websocket-server-56c97f4c7-ppczd   1m    32Mi   
websocket-server-56c97f4c7-t89ht   1m    29Mi   
websocket-server-56c97f4c7-vqzwc   3m    36Mi   
websocket-server-56c97f4c7-zdfzq   1m    27Mi   
websocket-server-56c97f4c7-zmq8f   2m    34Mi   
1781581464
websocket-server-56c97f4c7-28qh9   1m    28Mi   
websocket-server-56c97f4c7-4bcb5   2m    32Mi   
websocket-server-56c97f4c7-4qn7k   5m    69Mi   
websocket-server-56c97f4c7-6gs9r   5m    70Mi   
websocket-server-56c97f4c7-824tb   2m    33Mi   
websocket-server-56c97f4c7-cvcbt   2m    34Mi   
websocket-server-56c97f4c7-jhvg5   1m    28Mi   
websocket-server-56c97f4c7-jqqhd   1m    27Mi   
websocket-server-56c97f4c7-nqsx5   1m    28Mi   
websocket-server-56c97f4c7-p2rh2   1m    28Mi   
websocket-server-56c97f4c7-pccfv   1m    29Mi   
websocket-server-56c97f4c7-ppczd   1m    32Mi   
websocket-server-56c97f4c7-t89ht   1m    29Mi   
websocket-server-56c97f4c7-vqzwc   3m    36Mi   
websocket-server-56c97f4c7-zdfzq   1m    27Mi   
websocket-server-56c97f4c7-zmq8f   2m    34Mi   
1781581469
websocket-server-56c97f4c7-28qh9   1m    28Mi   
websocket-server-56c97f4c7-4bcb5   2m    31Mi   
websocket-server-56c97f4c7-4qn7k   12m   68Mi   
websocket-server-56c97f4c7-6gs9r   12m   68Mi   
websocket-server-56c97f4c7-824tb   2m    33Mi   
websocket-server-56c97f4c7-cvcbt   5m    33Mi   
websocket-server-56c97f4c7-jhvg5   2m    28Mi   
websocket-server-56c97f4c7-jqqhd   1m    27Mi   
websocket-server-56c97f4c7-nqsx5   1m    28Mi   
websocket-server-56c97f4c7-p2rh2   2m    28Mi   
websocket-server-56c97f4c7-pccfv   1m    29Mi   
websocket-server-56c97f4c7-ppczd   2m    31Mi   
websocket-server-56c97f4c7-t89ht   1m    29Mi   
websocket-server-56c97f4c7-vqzwc   2m    36Mi   
websocket-server-56c97f4c7-zdfzq   1m    27Mi   
websocket-server-56c97f4c7-zmq8f   3m    34Mi   
1781581474
websocket-server-56c97f4c7-28qh9   1m    28Mi   
websocket-server-56c97f4c7-4bcb5   2m    31Mi   
websocket-server-56c97f4c7-4qn7k   12m   68Mi   
websocket-server-56c97f4c7-6gs9r   12m   68Mi   
websocket-server-56c97f4c7-824tb   2m    33Mi   
websocket-server-56c97f4c7-cvcbt   5m    33Mi   
websocket-server-56c97f4c7-jhvg5   2m    28Mi   
websocket-server-56c97f4c7-jqqhd   1m    27Mi   
websocket-server-56c97f4c7-nqsx5   1m    28Mi   
websocket-server-56c97f4c7-p2rh2   2m    28Mi   
websocket-server-56c97f4c7-pccfv   1m    29Mi   
websocket-server-56c97f4c7-ppczd   2m    31Mi   
websocket-server-56c97f4c7-t89ht   1m    29Mi   
websocket-server-56c97f4c7-vqzwc   2m    36Mi   
websocket-server-56c97f4c7-zdfzq   1m    27Mi   
websocket-server-56c97f4c7-zmq8f   3m    34Mi   
1781581479
websocket-server-56c97f4c7-28qh9   1m    28Mi   
websocket-server-56c97f4c7-4bcb5   2m    31Mi   
websocket-server-56c97f4c7-4qn7k   12m   68Mi   
websocket-server-56c97f4c7-6gs9r   12m   68Mi   
websocket-server-56c97f4c7-824tb   2m    33Mi   
websocket-server-56c97f4c7-cvcbt   5m    33Mi   
websocket-server-56c97f4c7-jhvg5   2m    28Mi   
websocket-server-56c97f4c7-jqqhd   1m    27Mi   
websocket-server-56c97f4c7-nqsx5   1m    28Mi   
websocket-server-56c97f4c7-p2rh2   2m    28Mi   
websocket-server-56c97f4c7-pccfv   1m    29Mi   
websocket-server-56c97f4c7-ppczd   2m    31Mi   
websocket-server-56c97f4c7-t89ht   1m    29Mi   
websocket-server-56c97f4c7-vqzwc   2m    36Mi   
websocket-server-56c97f4c7-zdfzq   1m    27Mi   
websocket-server-56c97f4c7-zmq8f   3m    34Mi   
1781581484
websocket-server-56c97f4c7-28qh9   1m    28Mi   
websocket-server-56c97f4c7-4bcb5   3m    32Mi   
websocket-server-56c97f4c7-4qn7k   1m    68Mi   
websocket-server-56c97f4c7-6gs9r   1m    68Mi   
websocket-server-56c97f4c7-824tb   4m    33Mi   
websocket-server-56c97f4c7-cvcbt   1m    33Mi   
websocket-server-56c97f4c7-jhvg5   1m    28Mi   
websocket-server-56c97f4c7-jqqhd   1m    27Mi   
websocket-server-56c97f4c7-nqsx5   1m    28Mi   
websocket-server-56c97f4c7-p2rh2   1m    28Mi   
websocket-server-56c97f4c7-pccfv   2m    29Mi   
websocket-server-56c97f4c7-ppczd   3m    32Mi   
websocket-server-56c97f4c7-t89ht   2m    29Mi   
websocket-server-56c97f4c7-vqzwc   5m    35Mi   
websocket-server-56c97f4c7-zdfzq   1m    27Mi   
websocket-server-56c97f4c7-zmq8f   5m    34Mi   
1781581489
websocket-server-56c97f4c7-28qh9   1m    28Mi   
websocket-server-56c97f4c7-4bcb5   3m    32Mi   
websocket-server-56c97f4c7-4qn7k   1m    68Mi   
websocket-server-56c97f4c7-6gs9r   1m    68Mi   
websocket-server-56c97f4c7-824tb   4m    33Mi   
websocket-server-56c97f4c7-cvcbt   1m    33Mi   
websocket-server-56c97f4c7-jhvg5   1m    28Mi   
websocket-server-56c97f4c7-jqqhd   1m    27Mi   
websocket-server-56c97f4c7-nqsx5   1m    28Mi   
websocket-server-56c97f4c7-p2rh2   1m    28Mi   
websocket-server-56c97f4c7-pccfv   2m    29Mi   
websocket-server-56c97f4c7-ppczd   3m    32Mi   
websocket-server-56c97f4c7-t89ht   2m    29Mi   
websocket-server-56c97f4c7-vqzwc   5m    35Mi   
websocket-server-56c97f4c7-zdfzq   1m    27Mi   
websocket-server-56c97f4c7-zmq8f   5m    34Mi   
1781581494
websocket-server-56c97f4c7-28qh9   1m    28Mi   
websocket-server-56c97f4c7-4bcb5   3m    32Mi   
websocket-server-56c97f4c7-4qn7k   1m    68Mi   
websocket-server-56c97f4c7-6gs9r   1m    68Mi   
websocket-server-56c97f4c7-824tb   4m    33Mi   
websocket-server-56c97f4c7-cvcbt   1m    33Mi   
websocket-server-56c97f4c7-jhvg5   1m    28Mi   
websocket-server-56c97f4c7-jqqhd   1m    27Mi   
websocket-server-56c97f4c7-nqsx5   1m    28Mi   
websocket-server-56c97f4c7-p2rh2   1m    28Mi   
websocket-server-56c97f4c7-pccfv   2m    29Mi   
websocket-server-56c97f4c7-ppczd   3m    32Mi   
websocket-server-56c97f4c7-t89ht   2m    29Mi   
websocket-server-56c97f4c7-vqzwc   5m    35Mi   
websocket-server-56c97f4c7-zdfzq   1m    27Mi   
websocket-server-56c97f4c7-zmq8f   5m    34Mi   
1781581499
websocket-server-56c97f4c7-28qh9   1m    28Mi   
websocket-server-56c97f4c7-4bcb5   0m    31Mi   
websocket-server-56c97f4c7-4qn7k   1m    68Mi   
websocket-server-56c97f4c7-6gs9r   1m    68Mi   
websocket-server-56c97f4c7-824tb   1m    33Mi   
websocket-server-56c97f4c7-cvcbt   1m    33Mi   
websocket-server-56c97f4c7-jhvg5   1m    28Mi   
websocket-server-56c97f4c7-jqqhd   1m    27Mi   
websocket-server-56c97f4c7-nqsx5   1m    28Mi   
websocket-server-56c97f4c7-p2rh2   1m    28Mi   
websocket-server-56c97f4c7-pccfv   1m    29Mi   
websocket-server-56c97f4c7-ppczd   1m    31Mi   
websocket-server-56c97f4c7-t89ht   1m    29Mi   
websocket-server-56c97f4c7-vqzwc   1m    35Mi   
websocket-server-56c97f4c7-zdfzq   1m    27Mi   
websocket-server-56c97f4c7-zmq8f   1m    34Mi   
1781581504
websocket-server-56c97f4c7-28qh9   1m    28Mi   
websocket-server-56c97f4c7-4bcb5   0m    31Mi   
websocket-server-56c97f4c7-4qn7k   1m    68Mi   
websocket-server-56c97f4c7-6gs9r   1m    68Mi   
websocket-server-56c97f4c7-824tb   1m    33Mi   
websocket-server-56c97f4c7-cvcbt   1m    33Mi   
websocket-server-56c97f4c7-jhvg5   1m    28Mi   
websocket-server-56c97f4c7-jqqhd   1m    27Mi   
websocket-server-56c97f4c7-nqsx5   1m    28Mi   
websocket-server-56c97f4c7-p2rh2   1m    28Mi   
websocket-server-56c97f4c7-pccfv   1m    29Mi   
websocket-server-56c97f4c7-ppczd   1m    31Mi   
websocket-server-56c97f4c7-t89ht   1m    29Mi   
websocket-server-56c97f4c7-vqzwc   1m    35Mi   
websocket-server-56c97f4c7-zdfzq   1m    27Mi   
websocket-server-56c97f4c7-zmq8f   1m    34Mi   
1781581509
websocket-server-56c97f4c7-28qh9   1m    28Mi   
websocket-server-56c97f4c7-4bcb5   0m    31Mi   
websocket-server-56c97f4c7-4qn7k   1m    68Mi   
websocket-server-56c97f4c7-6gs9r   1m    68Mi   
websocket-server-56c97f4c7-824tb   1m    33Mi   
websocket-server-56c97f4c7-cvcbt   1m    33Mi   
websocket-server-56c97f4c7-jhvg5   1m    28Mi   
websocket-server-56c97f4c7-jqqhd   1m    27Mi   
websocket-server-56c97f4c7-nqsx5   1m    28Mi   
websocket-server-56c97f4c7-p2rh2   1m    28Mi   
websocket-server-56c97f4c7-pccfv   1m    29Mi   
websocket-server-56c97f4c7-ppczd   1m    31Mi   
websocket-server-56c97f4c7-t89ht   1m    29Mi   
websocket-server-56c97f4c7-vqzwc   1m    35Mi   
websocket-server-56c97f4c7-zdfzq   1m    27Mi   
websocket-server-56c97f4c7-zmq8f   1m    34Mi   
1781581514
websocket-server-56c97f4c7-28qh9   1m    28Mi   
websocket-server-56c97f4c7-4bcb5   1m    31Mi   
websocket-server-56c97f4c7-4qn7k   1m    68Mi   
websocket-server-56c97f4c7-6gs9r   1m    68Mi   
websocket-server-56c97f4c7-824tb   1m    33Mi   
websocket-server-56c97f4c7-cvcbt   1m    33Mi   
websocket-server-56c97f4c7-jhvg5   1m    28Mi   
websocket-server-56c97f4c7-jqqhd   1m    28Mi   
websocket-server-56c97f4c7-nqsx5   1m    28Mi   
websocket-server-56c97f4c7-p2rh2   1m    28Mi   
websocket-server-56c97f4c7-pccfv   1m    29Mi   
websocket-server-56c97f4c7-ppczd   1m    31Mi   
websocket-server-56c97f4c7-t89ht   1m    29Mi   
websocket-server-56c97f4c7-vqzwc   1m    35Mi   
websocket-server-56c97f4c7-zdfzq   1m    27Mi   
websocket-server-56c97f4c7-zmq8f   1m    34Mi   
1781581520
websocket-server-56c97f4c7-28qh9   1m    28Mi   
websocket-server-56c97f4c7-4bcb5   1m    31Mi   
websocket-server-56c97f4c7-4qn7k   1m    68Mi   
websocket-server-56c97f4c7-6gs9r   1m    68Mi   
websocket-server-56c97f4c7-824tb   1m    33Mi   
websocket-server-56c97f4c7-cvcbt   1m    33Mi   
websocket-server-56c97f4c7-jhvg5   1m    28Mi   
websocket-server-56c97f4c7-jqqhd   1m    28Mi   
websocket-server-56c97f4c7-nqsx5   1m    28Mi   
websocket-server-56c97f4c7-p2rh2   1m    28Mi   
websocket-server-56c97f4c7-pccfv   1m    29Mi   
websocket-server-56c97f4c7-ppczd   1m    31Mi   
websocket-server-56c97f4c7-t89ht   1m    29Mi   
websocket-server-56c97f4c7-vqzwc   1m    35Mi   
websocket-server-56c97f4c7-zdfzq   1m    27Mi   
websocket-server-56c97f4c7-zmq8f   1m    34Mi   
1781581525
websocket-server-56c97f4c7-28qh9   1m    28Mi   
websocket-server-56c97f4c7-4bcb5   1m    31Mi   
websocket-server-56c97f4c7-4qn7k   1m    68Mi   
websocket-server-56c97f4c7-6gs9r   1m    68Mi   
websocket-server-56c97f4c7-824tb   1m    33Mi   
websocket-server-56c97f4c7-cvcbt   1m    33Mi   
websocket-server-56c97f4c7-jhvg5   1m    28Mi   
websocket-server-56c97f4c7-jqqhd   1m    28Mi   
websocket-server-56c97f4c7-nqsx5   1m    28Mi   
websocket-server-56c97f4c7-p2rh2   1m    28Mi   
websocket-server-56c97f4c7-pccfv   1m    29Mi   
websocket-server-56c97f4c7-ppczd   1m    31Mi   
websocket-server-56c97f4c7-t89ht   1m    29Mi   
websocket-server-56c97f4c7-vqzwc   1m    35Mi   
websocket-server-56c97f4c7-zdfzq   1m    27Mi   
websocket-server-56c97f4c7-zmq8f   1m    34Mi   
1781581530
websocket-server-56c97f4c7-28qh9   1m    28Mi   
websocket-server-56c97f4c7-4bcb5   1m    31Mi   
websocket-server-56c97f4c7-4qn7k   0m    68Mi   
websocket-server-56c97f4c7-6gs9r   1m    68Mi   
websocket-server-56c97f4c7-824tb   1m    33Mi   
websocket-server-56c97f4c7-cvcbt   1m    33Mi   
websocket-server-56c97f4c7-jhvg5   1m    28Mi   
websocket-server-56c97f4c7-jqqhd   1m    27Mi   
websocket-server-56c97f4c7-nqsx5   1m    28Mi   
websocket-server-56c97f4c7-p2rh2   1m    29Mi   
websocket-server-56c97f4c7-pccfv   1m    29Mi   
websocket-server-56c97f4c7-ppczd   1m    31Mi   
websocket-server-56c97f4c7-t89ht   1m    30Mi   
websocket-server-56c97f4c7-vqzwc   1m    36Mi   
websocket-server-56c97f4c7-zdfzq   1m    28Mi   
websocket-server-56c97f4c7-zmq8f   1m    35Mi   
1781581535
websocket-server-56c97f4c7-28qh9   1m    28Mi   
websocket-server-56c97f4c7-4bcb5   1m    31Mi   
websocket-server-56c97f4c7-4qn7k   0m    68Mi   
websocket-server-56c97f4c7-6gs9r   1m    68Mi   
websocket-server-56c97f4c7-824tb   1m    33Mi   
websocket-server-56c97f4c7-cvcbt   1m    33Mi   
websocket-server-56c97f4c7-jhvg5   1m    28Mi   
websocket-server-56c97f4c7-jqqhd   1m    27Mi   
websocket-server-56c97f4c7-nqsx5   1m    28Mi   
websocket-server-56c97f4c7-p2rh2   1m    29Mi   
websocket-server-56c97f4c7-pccfv   1m    29Mi   
websocket-server-56c97f4c7-ppczd   1m    31Mi   
websocket-server-56c97f4c7-t89ht   1m    30Mi   
websocket-server-56c97f4c7-vqzwc   1m    36Mi   
websocket-server-56c97f4c7-zdfzq   1m    28Mi   
websocket-server-56c97f4c7-zmq8f   1m    35Mi   
1781581540
websocket-server-56c97f4c7-28qh9   1m    28Mi   
websocket-server-56c97f4c7-4bcb5   1m    31Mi   
websocket-server-56c97f4c7-4qn7k   0m    68Mi   
websocket-server-56c97f4c7-6gs9r   1m    68Mi   
websocket-server-56c97f4c7-824tb   1m    33Mi   
websocket-server-56c97f4c7-cvcbt   1m    33Mi   
websocket-server-56c97f4c7-jhvg5   1m    28Mi   
websocket-server-56c97f4c7-jqqhd   1m    27Mi   
websocket-server-56c97f4c7-nqsx5   1m    28Mi   
websocket-server-56c97f4c7-p2rh2   1m    29Mi   
websocket-server-56c97f4c7-pccfv   1m    29Mi   
websocket-server-56c97f4c7-ppczd   1m    31Mi   
websocket-server-56c97f4c7-t89ht   1m    30Mi   
websocket-server-56c97f4c7-vqzwc   1m    36Mi   
websocket-server-56c97f4c7-zdfzq   1m    28Mi   
websocket-server-56c97f4c7-zmq8f   1m    35Mi   
1781581545
websocket-server-56c97f4c7-28qh9   2m    29Mi   
websocket-server-56c97f4c7-4bcb5   1m    32Mi   
websocket-server-56c97f4c7-4qn7k   1m    69Mi   
websocket-server-56c97f4c7-6gs9r   1m    69Mi   
websocket-server-56c97f4c7-824tb   1m    33Mi   
websocket-server-56c97f4c7-cvcbt   1m    34Mi   
websocket-server-56c97f4c7-jhvg5   1m    28Mi   
websocket-server-56c97f4c7-jqqhd   1m    28Mi   
websocket-server-56c97f4c7-nqsx5   2m    29Mi   
websocket-server-56c97f4c7-p2rh2   1m    29Mi   
websocket-server-56c97f4c7-pccfv   1m    30Mi   
websocket-server-56c97f4c7-ppczd   2m    32Mi   
websocket-server-56c97f4c7-t89ht   2m    30Mi   
websocket-server-56c97f4c7-vqzwc   2m    37Mi   
websocket-server-56c97f4c7-zdfzq   2m    28Mi   
websocket-server-56c97f4c7-zmq8f   2m    35Mi   
1781581550
websocket-server-56c97f4c7-28qh9   2m    29Mi   
websocket-server-56c97f4c7-4bcb5   1m    32Mi   
websocket-server-56c97f4c7-4qn7k   1m    69Mi   
websocket-server-56c97f4c7-6gs9r   1m    69Mi   
websocket-server-56c97f4c7-824tb   1m    33Mi   
websocket-server-56c97f4c7-cvcbt   1m    34Mi   
websocket-server-56c97f4c7-jhvg5   1m    28Mi   
websocket-server-56c97f4c7-jqqhd   1m    28Mi   
websocket-server-56c97f4c7-nqsx5   2m    29Mi   
websocket-server-56c97f4c7-p2rh2   1m    29Mi   
websocket-server-56c97f4c7-pccfv   1m    30Mi   
websocket-server-56c97f4c7-ppczd   2m    32Mi   
websocket-server-56c97f4c7-t89ht   2m    30Mi   
websocket-server-56c97f4c7-vqzwc   2m    37Mi   
websocket-server-56c97f4c7-zdfzq   2m    28Mi   
websocket-server-56c97f4c7-zmq8f   2m    35Mi   
1781581555
websocket-server-56c97f4c7-28qh9   2m    29Mi   
websocket-server-56c97f4c7-4bcb5   1m    32Mi   
websocket-server-56c97f4c7-4qn7k   1m    69Mi   
websocket-server-56c97f4c7-6gs9r   1m    69Mi   
websocket-server-56c97f4c7-824tb   1m    33Mi   
websocket-server-56c97f4c7-cvcbt   1m    34Mi   
websocket-server-56c97f4c7-jhvg5   1m    28Mi   
websocket-server-56c97f4c7-jqqhd   1m    28Mi   
websocket-server-56c97f4c7-nqsx5   2m    29Mi   
websocket-server-56c97f4c7-p2rh2   1m    29Mi   
websocket-server-56c97f4c7-pccfv   1m    30Mi   
websocket-server-56c97f4c7-ppczd   2m    32Mi   
websocket-server-56c97f4c7-t89ht   2m    30Mi   
websocket-server-56c97f4c7-vqzwc   2m    37Mi   
websocket-server-56c97f4c7-zdfzq   2m    28Mi   
websocket-server-56c97f4c7-zmq8f   2m    35Mi   
1781581560
websocket-server-56c97f4c7-28qh9   2m    29Mi   
websocket-server-56c97f4c7-4bcb5   2m    32Mi   
websocket-server-56c97f4c7-4qn7k   3m    69Mi   
websocket-server-56c97f4c7-6gs9r   2m    69Mi   
websocket-server-56c97f4c7-824tb   2m    35Mi   
websocket-server-56c97f4c7-cvcbt   2m    35Mi   
websocket-server-56c97f4c7-jhvg5   2m    29Mi   
websocket-server-56c97f4c7-jqqhd   2m    28Mi   
websocket-server-56c97f4c7-nqsx5   2m    30Mi   
websocket-server-56c97f4c7-p2rh2   2m    30Mi   
websocket-server-56c97f4c7-pccfv   2m    31Mi   
websocket-server-56c97f4c7-ppczd   2m    32Mi   
websocket-server-56c97f4c7-t89ht   3m    32Mi   
websocket-server-56c97f4c7-vqzwc   2m    37Mi   
websocket-server-56c97f4c7-zdfzq   2m    29Mi   
websocket-server-56c97f4c7-zmq8f   2m    36Mi   
1781581565
websocket-server-56c97f4c7-28qh9   2m    29Mi   
websocket-server-56c97f4c7-4bcb5   2m    32Mi   
websocket-server-56c97f4c7-4qn7k   3m    69Mi   
websocket-server-56c97f4c7-6gs9r   2m    69Mi   
websocket-server-56c97f4c7-824tb   2m    35Mi   
websocket-server-56c97f4c7-cvcbt   2m    35Mi   
websocket-server-56c97f4c7-jhvg5   2m    29Mi   
websocket-server-56c97f4c7-jqqhd   2m    28Mi   
websocket-server-56c97f4c7-nqsx5   2m    30Mi   
websocket-server-56c97f4c7-p2rh2   2m    30Mi   
websocket-server-56c97f4c7-pccfv   2m    31Mi   
websocket-server-56c97f4c7-ppczd   2m    32Mi   
websocket-server-56c97f4c7-t89ht   3m    32Mi   
websocket-server-56c97f4c7-vqzwc   2m    37Mi   
websocket-server-56c97f4c7-zdfzq   2m    29Mi   
websocket-server-56c97f4c7-zmq8f   2m    36Mi   
1781581570
websocket-server-56c97f4c7-28qh9   2m    29Mi   
websocket-server-56c97f4c7-4bcb5   2m    32Mi   
websocket-server-56c97f4c7-4qn7k   3m    69Mi   
websocket-server-56c97f4c7-6gs9r   2m    69Mi   
websocket-server-56c97f4c7-824tb   2m    35Mi   
websocket-server-56c97f4c7-cvcbt   2m    35Mi   
websocket-server-56c97f4c7-jhvg5   2m    29Mi   
websocket-server-56c97f4c7-jqqhd   2m    28Mi   
websocket-server-56c97f4c7-nqsx5   2m    30Mi   
websocket-server-56c97f4c7-p2rh2   2m    30Mi   
websocket-server-56c97f4c7-pccfv   2m    31Mi   
websocket-server-56c97f4c7-ppczd   2m    32Mi   
websocket-server-56c97f4c7-t89ht   3m    32Mi   
websocket-server-56c97f4c7-vqzwc   2m    37Mi   
websocket-server-56c97f4c7-zdfzq   2m    29Mi   
websocket-server-56c97f4c7-zmq8f   2m    36Mi   
1781581575
websocket-server-56c97f4c7-28qh9   3m    30Mi   
websocket-server-56c97f4c7-4bcb5   3m    32Mi   
websocket-server-56c97f4c7-4qn7k   3m    69Mi   
websocket-server-56c97f4c7-6gs9r   3m    69Mi   
websocket-server-56c97f4c7-824tb   3m    35Mi   
websocket-server-56c97f4c7-cvcbt   3m    36Mi   
websocket-server-56c97f4c7-jhvg5   3m    30Mi   
websocket-server-56c97f4c7-jqqhd   3m    30Mi   
websocket-server-56c97f4c7-nqsx5   2m    30Mi   
websocket-server-56c97f4c7-p2rh2   3m    31Mi   
websocket-server-56c97f4c7-pccfv   2m    32Mi   
websocket-server-56c97f4c7-ppczd   3m    32Mi   
websocket-server-56c97f4c7-t89ht   4m    32Mi   
websocket-server-56c97f4c7-vqzwc   3m    38Mi   
websocket-server-56c97f4c7-zdfzq   3m    30Mi   
websocket-server-56c97f4c7-zmq8f   3m    36Mi   
1781581580
websocket-server-56c97f4c7-28qh9   3m    30Mi   
websocket-server-56c97f4c7-4bcb5   3m    32Mi   
websocket-server-56c97f4c7-4qn7k   3m    69Mi   
websocket-server-56c97f4c7-6gs9r   3m    69Mi   
websocket-server-56c97f4c7-824tb   3m    35Mi   
websocket-server-56c97f4c7-cvcbt   3m    36Mi   
websocket-server-56c97f4c7-jhvg5   3m    30Mi   
websocket-server-56c97f4c7-jqqhd   3m    30Mi   
websocket-server-56c97f4c7-nqsx5   2m    30Mi   
websocket-server-56c97f4c7-p2rh2   3m    31Mi   
websocket-server-56c97f4c7-pccfv   2m    32Mi   
websocket-server-56c97f4c7-ppczd   3m    32Mi   
websocket-server-56c97f4c7-t89ht   4m    32Mi   
websocket-server-56c97f4c7-vqzwc   3m    38Mi   
websocket-server-56c97f4c7-zdfzq   3m    30Mi   
websocket-server-56c97f4c7-zmq8f   3m    36Mi   
1781581585
websocket-server-56c97f4c7-28qh9   3m    30Mi   
websocket-server-56c97f4c7-4bcb5   3m    32Mi   
websocket-server-56c97f4c7-4qn7k   3m    69Mi   
websocket-server-56c97f4c7-6gs9r   3m    69Mi   
websocket-server-56c97f4c7-824tb   3m    35Mi   
websocket-server-56c97f4c7-cvcbt   3m    36Mi   
websocket-server-56c97f4c7-jhvg5   3m    30Mi   
websocket-server-56c97f4c7-jqqhd   3m    30Mi   
websocket-server-56c97f4c7-nqsx5   2m    30Mi   
websocket-server-56c97f4c7-p2rh2   3m    31Mi   
websocket-server-56c97f4c7-pccfv   2m    32Mi   
websocket-server-56c97f4c7-ppczd   3m    32Mi   
websocket-server-56c97f4c7-t89ht   4m    32Mi   
websocket-server-56c97f4c7-vqzwc   3m    38Mi   
websocket-server-56c97f4c7-zdfzq   3m    30Mi   
websocket-server-56c97f4c7-zmq8f   3m    36Mi   
1781581590
websocket-server-56c97f4c7-28qh9   3m    31Mi   
websocket-server-56c97f4c7-4bcb5   3m    32Mi   
websocket-server-56c97f4c7-4qn7k   4m    70Mi   
websocket-server-56c97f4c7-6gs9r   3m    69Mi   
websocket-server-56c97f4c7-824tb   3m    35Mi   
websocket-server-56c97f4c7-cvcbt   3m    36Mi   
websocket-server-56c97f4c7-jhvg5   4m    32Mi   
websocket-server-56c97f4c7-jqqhd   4m    31Mi   
websocket-server-56c97f4c7-nqsx5   4m    32Mi   
websocket-server-56c97f4c7-p2rh2   4m    32Mi   
websocket-server-56c97f4c7-pccfv   4m    32Mi   
websocket-server-56c97f4c7-ppczd   4m    32Mi   
websocket-server-56c97f4c7-t89ht   4m    32Mi   
websocket-server-56c97f4c7-vqzwc   4m    37Mi   
websocket-server-56c97f4c7-zdfzq   3m    30Mi   
websocket-server-56c97f4c7-zmq8f   3m    36Mi   
1781581595
websocket-server-56c97f4c7-28qh9   3m    31Mi   
websocket-server-56c97f4c7-4bcb5   3m    32Mi   
websocket-server-56c97f4c7-4qn7k   4m    70Mi   
websocket-server-56c97f4c7-6gs9r   3m    69Mi   
websocket-server-56c97f4c7-824tb   3m    35Mi   
websocket-server-56c97f4c7-cvcbt   3m    36Mi   
websocket-server-56c97f4c7-jhvg5   4m    32Mi   
websocket-server-56c97f4c7-jqqhd   4m    31Mi   
websocket-server-56c97f4c7-nqsx5   4m    32Mi   
websocket-server-56c97f4c7-p2rh2   4m    32Mi   
websocket-server-56c97f4c7-pccfv   4m    32Mi   
websocket-server-56c97f4c7-ppczd   4m    32Mi   
websocket-server-56c97f4c7-t89ht   4m    32Mi   
websocket-server-56c97f4c7-vqzwc   4m    37Mi   
websocket-server-56c97f4c7-zdfzq   3m    30Mi   
websocket-server-56c97f4c7-zmq8f   3m    36Mi   
1781581600
websocket-server-56c97f4c7-28qh9   3m    31Mi   
websocket-server-56c97f4c7-4bcb5   3m    32Mi   
websocket-server-56c97f4c7-4qn7k   4m    70Mi   
websocket-server-56c97f4c7-6gs9r   3m    69Mi   
websocket-server-56c97f4c7-824tb   3m    35Mi   
websocket-server-56c97f4c7-cvcbt   3m    36Mi   
websocket-server-56c97f4c7-jhvg5   4m    32Mi   
websocket-server-56c97f4c7-jqqhd   4m    31Mi   
websocket-server-56c97f4c7-nqsx5   4m    32Mi   
websocket-server-56c97f4c7-p2rh2   4m    32Mi   
websocket-server-56c97f4c7-pccfv   4m    32Mi   
websocket-server-56c97f4c7-ppczd   4m    32Mi   
websocket-server-56c97f4c7-t89ht   4m    32Mi   
websocket-server-56c97f4c7-vqzwc   4m    37Mi   
websocket-server-56c97f4c7-zdfzq   3m    30Mi   
websocket-server-56c97f4c7-zmq8f   3m    36Mi   
1781581605
websocket-server-56c97f4c7-28qh9   3m    31Mi   
websocket-server-56c97f4c7-4bcb5   3m    32Mi   
websocket-server-56c97f4c7-4qn7k   5m    70Mi   
websocket-server-56c97f4c7-6gs9r   4m    69Mi   
websocket-server-56c97f4c7-824tb   5m    38Mi   
websocket-server-56c97f4c7-9dczj   22m   28Mi   
websocket-server-56c97f4c7-cvcbt   4m    37Mi   
websocket-server-56c97f4c7-jhvg5   4m    32Mi   
websocket-server-56c97f4c7-jqqhd   4m    31Mi   
websocket-server-56c97f4c7-nqsx5   5m    33Mi   
websocket-server-56c97f4c7-p2rh2   5m    33Mi   
websocket-server-56c97f4c7-pccfv   5m    33Mi   
websocket-server-56c97f4c7-ppczd   4m    32Mi   
websocket-server-56c97f4c7-t89ht   5m    33Mi   
websocket-server-56c97f4c7-vqzwc   5m    38Mi   
websocket-server-56c97f4c7-zdfzq   4m    31Mi   
websocket-server-56c97f4c7-zmq8f   4m    37Mi   
1781581610
websocket-server-56c97f4c7-4qn7k   5m    70Mi   
websocket-server-56c97f4c7-6gs9r   4m    69Mi   
websocket-server-56c97f4c7-824tb   5m    38Mi   
websocket-server-56c97f4c7-9dczj   22m   28Mi   
websocket-server-56c97f4c7-cvcbt   4m    37Mi   
websocket-server-56c97f4c7-jhvg5   4m    32Mi   
websocket-server-56c97f4c7-jqqhd   4m    31Mi   
websocket-server-56c97f4c7-nqsx5   5m    33Mi   
websocket-server-56c97f4c7-p2rh2   5m    33Mi   
websocket-server-56c97f4c7-pccfv   5m    33Mi   
websocket-server-56c97f4c7-ppczd   4m    32Mi   
websocket-server-56c97f4c7-t89ht   5m    33Mi   
websocket-server-56c97f4c7-vqzwc   5m    38Mi   
websocket-server-56c97f4c7-zdfzq   4m    31Mi   
websocket-server-56c97f4c7-zmq8f   4m    37Mi   
1781581615
websocket-server-56c97f4c7-4qn7k   5m    70Mi   
websocket-server-56c97f4c7-6gs9r   4m    69Mi   
websocket-server-56c97f4c7-824tb   5m    38Mi   
websocket-server-56c97f4c7-9dczj   22m   28Mi   
websocket-server-56c97f4c7-cvcbt   4m    37Mi   
websocket-server-56c97f4c7-jqqhd   4m    31Mi   
websocket-server-56c97f4c7-nqsx5   5m    33Mi   
websocket-server-56c97f4c7-p2rh2   5m    33Mi   
websocket-server-56c97f4c7-pccfv   5m    33Mi   
websocket-server-56c97f4c7-t89ht   5m    33Mi   
websocket-server-56c97f4c7-vqzwc   5m    38Mi   
websocket-server-56c97f4c7-zdfzq   4m    31Mi   
websocket-server-56c97f4c7-zmq8f   4m    37Mi   
1781581620
websocket-server-56c97f4c7-4qn7k   6m    72Mi   
websocket-server-56c97f4c7-5v52j   23m   28Mi   
websocket-server-56c97f4c7-6gs9r   5m    71Mi   
websocket-server-56c97f4c7-824tb   5m    38Mi   
websocket-server-56c97f4c7-9dczj   2m    28Mi   
websocket-server-56c97f4c7-ctl54   2m    28Mi   
websocket-server-56c97f4c7-cvcbt   5m    38Mi   
websocket-server-56c97f4c7-glmvz   2m    28Mi   
websocket-server-56c97f4c7-nqsx5   6m    34Mi   
websocket-server-56c97f4c7-p2rh2   7m    35Mi   
websocket-server-56c97f4c7-pccfv   6m    34Mi   
websocket-server-56c97f4c7-t89ht   6m    34Mi   
websocket-server-56c97f4c7-vqzwc   6m    39Mi   
websocket-server-56c97f4c7-zdfzq   5m    33Mi   
websocket-server-56c97f4c7-zmq8f   5m    38Mi   
1781581625
websocket-server-56c97f4c7-4qn7k   6m    72Mi   
websocket-server-56c97f4c7-5v52j   23m   28Mi   
websocket-server-56c97f4c7-6gs9r   5m    71Mi   
websocket-server-56c97f4c7-824tb   5m    38Mi   
websocket-server-56c97f4c7-9dczj   2m    28Mi   
websocket-server-56c97f4c7-ctl54   2m    28Mi   
websocket-server-56c97f4c7-cvcbt   5m    38Mi   
websocket-server-56c97f4c7-glmvz   2m    28Mi   
websocket-server-56c97f4c7-nqsx5   6m    34Mi   
websocket-server-56c97f4c7-p2rh2   7m    35Mi   
websocket-server-56c97f4c7-pccfv   6m    34Mi   
websocket-server-56c97f4c7-t89ht   6m    34Mi   
websocket-server-56c97f4c7-vqzwc   6m    39Mi   
websocket-server-56c97f4c7-zdfzq   5m    33Mi   
websocket-server-56c97f4c7-zmq8f   5m    38Mi   
1781581630
websocket-server-56c97f4c7-4qn7k   6m    72Mi   
websocket-server-56c97f4c7-5v52j   23m   28Mi   
websocket-server-56c97f4c7-6gs9r   5m    71Mi   
websocket-server-56c97f4c7-824tb   5m    38Mi   
websocket-server-56c97f4c7-9dczj   2m    28Mi   
websocket-server-56c97f4c7-ctl54   2m    28Mi   
websocket-server-56c97f4c7-cvcbt   5m    38Mi   
websocket-server-56c97f4c7-glmvz   2m    28Mi   
websocket-server-56c97f4c7-nqsx5   6m    34Mi   
websocket-server-56c97f4c7-p2rh2   7m    35Mi   
websocket-server-56c97f4c7-pccfv   6m    34Mi   
websocket-server-56c97f4c7-t89ht   6m    34Mi   
websocket-server-56c97f4c7-vqzwc   6m    39Mi   
websocket-server-56c97f4c7-zdfzq   5m    33Mi   
websocket-server-56c97f4c7-zmq8f   5m    38Mi   
1781581636
websocket-server-56c97f4c7-4qn7k   7m    72Mi   
websocket-server-56c97f4c7-5v52j   20m   28Mi   
websocket-server-56c97f4c7-6gs9r   6m    72Mi   
websocket-server-56c97f4c7-824tb   6m    39Mi   
websocket-server-56c97f4c7-9dczj   2m    29Mi   
websocket-server-56c97f4c7-c4nsq   21m   27Mi   
websocket-server-56c97f4c7-ctl54   2m    29Mi   
websocket-server-56c97f4c7-cvcbt   7m    39Mi   
websocket-server-56c97f4c7-glmvz   2m    28Mi   
websocket-server-56c97f4c7-nqsx5   7m    35Mi   
websocket-server-56c97f4c7-p2rh2   8m    37Mi   
websocket-server-56c97f4c7-pccfv   8m    36Mi   
websocket-server-56c97f4c7-qxzjj   20m   28Mi   
websocket-server-56c97f4c7-t89ht   6m    35Mi   
websocket-server-56c97f4c7-vqzwc   7m    40Mi   
websocket-server-56c97f4c7-vzx6d   21m   27Mi   
websocket-server-56c97f4c7-zdfzq   6m    34Mi   
websocket-server-56c97f4c7-zmq8f   5m    38Mi   
1781581641
websocket-server-56c97f4c7-4qn7k   7m    72Mi   
websocket-server-56c97f4c7-5v52j   20m   28Mi   
websocket-server-56c97f4c7-6gs9r   6m    72Mi   
websocket-server-56c97f4c7-824tb   6m    39Mi   
websocket-server-56c97f4c7-9dczj   2m    29Mi   
websocket-server-56c97f4c7-c4nsq   21m   27Mi   
websocket-server-56c97f4c7-ctl54   2m    29Mi   
websocket-server-56c97f4c7-cvcbt   7m    39Mi   
websocket-server-56c97f4c7-glmvz   2m    28Mi   
websocket-server-56c97f4c7-nqsx5   7m    35Mi   
websocket-server-56c97f4c7-p2rh2   8m    37Mi   
websocket-server-56c97f4c7-pccfv   8m    36Mi   
websocket-server-56c97f4c7-qxzjj   20m   28Mi   
websocket-server-56c97f4c7-t89ht   6m    35Mi   
websocket-server-56c97f4c7-vqzwc   7m    40Mi   
websocket-server-56c97f4c7-vzx6d   21m   27Mi   
websocket-server-56c97f4c7-zdfzq   6m    34Mi   
websocket-server-56c97f4c7-zmq8f   5m    38Mi   
1781581646
websocket-server-56c97f4c7-4qn7k   7m    72Mi   
websocket-server-56c97f4c7-5v52j   20m   28Mi   
websocket-server-56c97f4c7-6gs9r   6m    72Mi   
websocket-server-56c97f4c7-824tb   6m    39Mi   
websocket-server-56c97f4c7-9dczj   2m    29Mi   
websocket-server-56c97f4c7-c4nsq   21m   27Mi   
websocket-server-56c97f4c7-ctl54   2m    29Mi   
websocket-server-56c97f4c7-cvcbt   7m    39Mi   
websocket-server-56c97f4c7-glmvz   2m    28Mi   
websocket-server-56c97f4c7-nqsx5   7m    35Mi   
websocket-server-56c97f4c7-p2rh2   8m    37Mi   
websocket-server-56c97f4c7-pccfv   8m    36Mi   
websocket-server-56c97f4c7-qxzjj   20m   28Mi   
websocket-server-56c97f4c7-t89ht   6m    35Mi   
websocket-server-56c97f4c7-vqzwc   7m    40Mi   
websocket-server-56c97f4c7-vzx6d   21m   27Mi   
websocket-server-56c97f4c7-zdfzq   6m    34Mi   
websocket-server-56c97f4c7-zmq8f   5m    38Mi   
1781581651
websocket-server-56c97f4c7-4qn7k   5m    72Mi   
websocket-server-56c97f4c7-5v52j   2m    28Mi   
websocket-server-56c97f4c7-6gs9r   5m    71Mi   
websocket-server-56c97f4c7-824tb   6m    39Mi   
websocket-server-56c97f4c7-9dczj   2m    29Mi   
websocket-server-56c97f4c7-c4nsq   1m    27Mi   
websocket-server-56c97f4c7-ctl54   2m    28Mi   
websocket-server-56c97f4c7-cvcbt   6m    40Mi   
websocket-server-56c97f4c7-glmvz   2m    28Mi   
websocket-server-56c97f4c7-nqsx5   7m    35Mi   
websocket-server-56c97f4c7-p2rh2   5m    37Mi   
websocket-server-56c97f4c7-pccfv   7m    36Mi   
websocket-server-56c97f4c7-qxzjj   1m    28Mi   
websocket-server-56c97f4c7-t89ht   6m    34Mi   
websocket-server-56c97f4c7-vqzwc   5m    40Mi   
websocket-server-56c97f4c7-vzx6d   0m    27Mi   
websocket-server-56c97f4c7-zdfzq   5m    34Mi   
websocket-server-56c97f4c7-zmq8f   6m    39Mi   
1781581656
websocket-server-56c97f4c7-4qn7k   5m    72Mi   
websocket-server-56c97f4c7-5v52j   2m    28Mi   
websocket-server-56c97f4c7-6gs9r   5m    71Mi   
websocket-server-56c97f4c7-824tb   6m    39Mi   
websocket-server-56c97f4c7-9dczj   2m    29Mi   
websocket-server-56c97f4c7-c4nsq   1m    27Mi   
websocket-server-56c97f4c7-ctl54   2m    28Mi   
websocket-server-56c97f4c7-cvcbt   6m    40Mi   
websocket-server-56c97f4c7-glmvz   2m    28Mi   
websocket-server-56c97f4c7-nqsx5   7m    35Mi   
websocket-server-56c97f4c7-p2rh2   5m    37Mi   
websocket-server-56c97f4c7-pccfv   7m    36Mi   
websocket-server-56c97f4c7-qxzjj   1m    28Mi   
websocket-server-56c97f4c7-t89ht   6m    34Mi   
websocket-server-56c97f4c7-vqzwc   5m    40Mi   
websocket-server-56c97f4c7-vzx6d   0m    27Mi   
websocket-server-56c97f4c7-zdfzq   5m    34Mi   
websocket-server-56c97f4c7-zmq8f   6m    39Mi   
1781581661
websocket-server-56c97f4c7-4qn7k   5m    72Mi   
websocket-server-56c97f4c7-5v52j   2m    28Mi   
websocket-server-56c97f4c7-6gs9r   5m    71Mi   
websocket-server-56c97f4c7-824tb   6m    39Mi   
websocket-server-56c97f4c7-9dczj   2m    29Mi   
websocket-server-56c97f4c7-c4nsq   1m    27Mi   
websocket-server-56c97f4c7-ctl54   2m    28Mi   
websocket-server-56c97f4c7-cvcbt   6m    40Mi   
websocket-server-56c97f4c7-glmvz   2m    28Mi   
websocket-server-56c97f4c7-nqsx5   7m    35Mi   
websocket-server-56c97f4c7-p2rh2   5m    37Mi   
websocket-server-56c97f4c7-pccfv   7m    36Mi   
websocket-server-56c97f4c7-qxzjj   1m    28Mi   
websocket-server-56c97f4c7-t89ht   6m    34Mi   
websocket-server-56c97f4c7-vqzwc   5m    40Mi   
websocket-server-56c97f4c7-vzx6d   0m    27Mi   
websocket-server-56c97f4c7-zdfzq   5m    34Mi   
websocket-server-56c97f4c7-zmq8f   6m    39Mi   
1781581666
websocket-server-56c97f4c7-4qn7k   2m    72Mi   
websocket-server-56c97f4c7-5v52j   1m    28Mi   
websocket-server-56c97f4c7-6gs9r   2m    71Mi   
websocket-server-56c97f4c7-824tb   4m    40Mi   
websocket-server-56c97f4c7-9dczj   1m    29Mi   
websocket-server-56c97f4c7-c4nsq   1m    27Mi   
websocket-server-56c97f4c7-ctl54   1m    28Mi   
websocket-server-56c97f4c7-cvcbt   2m    40Mi   
websocket-server-56c97f4c7-glmvz   1m    28Mi   
websocket-server-56c97f4c7-nqsx5   4m    35Mi   
websocket-server-56c97f4c7-p2rh2   3m    37Mi   
websocket-server-56c97f4c7-pccfv   3m    36Mi   
websocket-server-56c97f4c7-qxzjj   1m    28Mi   
websocket-server-56c97f4c7-t89ht   2m    34Mi   
websocket-server-56c97f4c7-vqzwc   2m    40Mi   
websocket-server-56c97f4c7-vzx6d   1m    27Mi   
websocket-server-56c97f4c7-zdfzq   2m    34Mi   
websocket-server-56c97f4c7-zmq8f   3m    38Mi   
1781581671
websocket-server-56c97f4c7-4qn7k   2m    72Mi   
websocket-server-56c97f4c7-5v52j   1m    28Mi   
websocket-server-56c97f4c7-6gs9r   2m    71Mi   
websocket-server-56c97f4c7-824tb   4m    40Mi   
websocket-server-56c97f4c7-9dczj   1m    29Mi   
websocket-server-56c97f4c7-c4nsq   1m    27Mi   
websocket-server-56c97f4c7-ctl54   1m    28Mi   
websocket-server-56c97f4c7-cvcbt   2m    40Mi   
websocket-server-56c97f4c7-glmvz   1m    28Mi   
websocket-server-56c97f4c7-nqsx5   4m    35Mi   
websocket-server-56c97f4c7-p2rh2   3m    37Mi   
websocket-server-56c97f4c7-pccfv   3m    36Mi   
websocket-server-56c97f4c7-qxzjj   1m    28Mi   
websocket-server-56c97f4c7-t89ht   2m    34Mi   
websocket-server-56c97f4c7-vqzwc   2m    40Mi   
websocket-server-56c97f4c7-vzx6d   1m    27Mi   
websocket-server-56c97f4c7-zdfzq   2m    34Mi   
websocket-server-56c97f4c7-zmq8f   3m    38Mi   
1781581676
websocket-server-56c97f4c7-4qn7k   2m    72Mi   
websocket-server-56c97f4c7-5v52j   1m    28Mi   
websocket-server-56c97f4c7-6gs9r   2m    71Mi   
websocket-server-56c97f4c7-824tb   4m    40Mi   
websocket-server-56c97f4c7-9dczj   1m    29Mi   
websocket-server-56c97f4c7-c4nsq   1m    27Mi   
websocket-server-56c97f4c7-ctl54   1m    28Mi   
websocket-server-56c97f4c7-cvcbt   2m    40Mi   
websocket-server-56c97f4c7-glmvz   1m    28Mi   
websocket-server-56c97f4c7-nqsx5   4m    35Mi   
websocket-server-56c97f4c7-p2rh2   3m    37Mi   
websocket-server-56c97f4c7-pccfv   3m    36Mi   
websocket-server-56c97f4c7-qxzjj   1m    28Mi   
websocket-server-56c97f4c7-t89ht   2m    34Mi   
websocket-server-56c97f4c7-vqzwc   2m    40Mi   
websocket-server-56c97f4c7-vzx6d   1m    27Mi   
websocket-server-56c97f4c7-zdfzq   2m    34Mi   
websocket-server-56c97f4c7-zmq8f   3m    38Mi   
1781581681
websocket-server-56c97f4c7-4qn7k   2m    72Mi   
websocket-server-56c97f4c7-5v52j   1m    28Mi   
websocket-server-56c97f4c7-6gs9r   2m    72Mi   
websocket-server-56c97f4c7-824tb   2m    40Mi   
websocket-server-56c97f4c7-9dczj   1m    29Mi   
websocket-server-56c97f4c7-c4nsq   1m    27Mi   
websocket-server-56c97f4c7-ctl54   1m    28Mi   
websocket-server-56c97f4c7-cvcbt   2m    39Mi   
websocket-server-56c97f4c7-glmvz   1m    28Mi   
websocket-server-56c97f4c7-nqsx5   3m    35Mi   
websocket-server-56c97f4c7-p2rh2   3m    36Mi   
websocket-server-56c97f4c7-pccfv   2m    36Mi   
websocket-server-56c97f4c7-qxzjj   1m    28Mi   
websocket-server-56c97f4c7-t89ht   2m    34Mi   
websocket-server-56c97f4c7-vqzwc   2m    40Mi   
websocket-server-56c97f4c7-vzx6d   1m    27Mi   
websocket-server-56c97f4c7-zdfzq   2m    34Mi   
websocket-server-56c97f4c7-zmq8f   2m    39Mi   
1781581686
websocket-server-56c97f4c7-4qn7k   2m    72Mi   
websocket-server-56c97f4c7-5v52j   1m    28Mi   
websocket-server-56c97f4c7-6gs9r   2m    72Mi   
websocket-server-56c97f4c7-824tb   2m    40Mi   
websocket-server-56c97f4c7-9dczj   1m    29Mi   
websocket-server-56c97f4c7-c4nsq   1m    27Mi   
websocket-server-56c97f4c7-ctl54   1m    28Mi   
websocket-server-56c97f4c7-cvcbt   2m    39Mi   
websocket-server-56c97f4c7-glmvz   1m    28Mi   
websocket-server-56c97f4c7-nqsx5   3m    35Mi   
websocket-server-56c97f4c7-p2rh2   3m    36Mi   
websocket-server-56c97f4c7-pccfv   2m    36Mi   
websocket-server-56c97f4c7-qxzjj   1m    28Mi   
websocket-server-56c97f4c7-t89ht   2m    34Mi   
websocket-server-56c97f4c7-vqzwc   2m    40Mi   
websocket-server-56c97f4c7-vzx6d   1m    27Mi   
websocket-server-56c97f4c7-zdfzq   2m    34Mi   
websocket-server-56c97f4c7-zmq8f   2m    39Mi   
1781581691
websocket-server-56c97f4c7-4qn7k   2m    72Mi   
websocket-server-56c97f4c7-5v52j   1m    28Mi   
websocket-server-56c97f4c7-6gs9r   2m    72Mi   
websocket-server-56c97f4c7-824tb   2m    40Mi   
websocket-server-56c97f4c7-9dczj   1m    29Mi   
websocket-server-56c97f4c7-c4nsq   1m    27Mi   
websocket-server-56c97f4c7-ctl54   1m    28Mi   
websocket-server-56c97f4c7-cvcbt   2m    39Mi   
websocket-server-56c97f4c7-glmvz   1m    28Mi   
websocket-server-56c97f4c7-nqsx5   3m    35Mi   
websocket-server-56c97f4c7-p2rh2   3m    36Mi   
websocket-server-56c97f4c7-pccfv   2m    36Mi   
websocket-server-56c97f4c7-qxzjj   1m    28Mi   
websocket-server-56c97f4c7-t89ht   2m    34Mi   
websocket-server-56c97f4c7-vqzwc   2m    40Mi   
websocket-server-56c97f4c7-vzx6d   1m    27Mi   
websocket-server-56c97f4c7-zdfzq   2m    34Mi   
websocket-server-56c97f4c7-zmq8f   2m    39Mi   
1781581696
websocket-server-56c97f4c7-4qn7k   2m    72Mi   
websocket-server-56c97f4c7-5v52j   1m    28Mi   
websocket-server-56c97f4c7-6gs9r   2m    72Mi   
websocket-server-56c97f4c7-824tb   2m    39Mi   
websocket-server-56c97f4c7-9dczj   1m    29Mi   
websocket-server-56c97f4c7-c4nsq   1m    27Mi   
websocket-server-56c97f4c7-ctl54   1m    28Mi   
websocket-server-56c97f4c7-cvcbt   2m    40Mi   
websocket-server-56c97f4c7-glmvz   1m    28Mi   
websocket-server-56c97f4c7-nqsx5   2m    35Mi   
websocket-server-56c97f4c7-p2rh2   3m    36Mi   
websocket-server-56c97f4c7-pccfv   2m    36Mi   
websocket-server-56c97f4c7-qxzjj   1m    28Mi   
websocket-server-56c97f4c7-t89ht   2m    35Mi   
websocket-server-56c97f4c7-vqzwc   2m    40Mi   
websocket-server-56c97f4c7-vzx6d   1m    27Mi   
websocket-server-56c97f4c7-zdfzq   2m    34Mi   
websocket-server-56c97f4c7-zmq8f   2m    38Mi   
1781581701
websocket-server-56c97f4c7-4qn7k   2m    72Mi   
websocket-server-56c97f4c7-5v52j   1m    28Mi   
websocket-server-56c97f4c7-6gs9r   2m    72Mi   
websocket-server-56c97f4c7-824tb   2m    39Mi   
websocket-server-56c97f4c7-9dczj   1m    29Mi   
websocket-server-56c97f4c7-c4nsq   1m    27Mi   
websocket-server-56c97f4c7-ctl54   1m    28Mi   
websocket-server-56c97f4c7-cvcbt   2m    40Mi   
websocket-server-56c97f4c7-glmvz   1m    28Mi   
websocket-server-56c97f4c7-nqsx5   2m    35Mi   
websocket-server-56c97f4c7-p2rh2   3m    36Mi   
websocket-server-56c97f4c7-pccfv   2m    36Mi   
websocket-server-56c97f4c7-qxzjj   1m    28Mi   
websocket-server-56c97f4c7-t89ht   2m    35Mi   
websocket-server-56c97f4c7-vqzwc   2m    40Mi   
websocket-server-56c97f4c7-vzx6d   1m    27Mi   
websocket-server-56c97f4c7-zdfzq   2m    34Mi   
websocket-server-56c97f4c7-zmq8f   2m    38Mi   
1781581706
websocket-server-56c97f4c7-4qn7k   2m    72Mi   
websocket-server-56c97f4c7-5v52j   1m    28Mi   
websocket-server-56c97f4c7-6gs9r   2m    72Mi   
websocket-server-56c97f4c7-824tb   2m    39Mi   
websocket-server-56c97f4c7-9dczj   1m    29Mi   
websocket-server-56c97f4c7-c4nsq   1m    27Mi   
websocket-server-56c97f4c7-ctl54   1m    28Mi   
websocket-server-56c97f4c7-cvcbt   2m    40Mi   
websocket-server-56c97f4c7-glmvz   1m    28Mi   
websocket-server-56c97f4c7-nqsx5   2m    35Mi   
websocket-server-56c97f4c7-p2rh2   3m    36Mi   
websocket-server-56c97f4c7-pccfv   2m    36Mi   
websocket-server-56c97f4c7-qxzjj   1m    28Mi   
websocket-server-56c97f4c7-t89ht   2m    35Mi   
websocket-server-56c97f4c7-vqzwc   2m    40Mi   
websocket-server-56c97f4c7-vzx6d   1m    27Mi   
websocket-server-56c97f4c7-zdfzq   2m    34Mi   
websocket-server-56c97f4c7-zmq8f   2m    38Mi   
1781581711
websocket-server-56c97f4c7-4qn7k   6m    72Mi   
websocket-server-56c97f4c7-5v52j   2m    28Mi   
websocket-server-56c97f4c7-6gs9r   4m    71Mi   
websocket-server-56c97f4c7-824tb   2m    40Mi   
websocket-server-56c97f4c7-9dczj   2m    29Mi   
websocket-server-56c97f4c7-c4nsq   1m    28Mi   
websocket-server-56c97f4c7-ctl54   1m    28Mi   
websocket-server-56c97f4c7-cvcbt   6m    39Mi   
websocket-server-56c97f4c7-glmvz   1m    28Mi   
websocket-server-56c97f4c7-nqsx5   2m    35Mi   
websocket-server-56c97f4c7-p2rh2   2m    36Mi   
websocket-server-56c97f4c7-pccfv   2m    36Mi   
websocket-server-56c97f4c7-qxzjj   1m    28Mi   
websocket-server-56c97f4c7-t89ht   2m    35Mi   
websocket-server-56c97f4c7-vqzwc   6m    40Mi   
websocket-server-56c97f4c7-vzx6d   1m    27Mi   
websocket-server-56c97f4c7-zdfzq   2m    34Mi   
websocket-server-56c97f4c7-zmq8f   6m    38Mi   
1781581716
websocket-server-56c97f4c7-4qn7k   6m    72Mi   
websocket-server-56c97f4c7-5v52j   2m    28Mi   
websocket-server-56c97f4c7-6gs9r   4m    71Mi   
websocket-server-56c97f4c7-824tb   2m    40Mi   
websocket-server-56c97f4c7-9dczj   2m    29Mi   
websocket-server-56c97f4c7-c4nsq   1m    28Mi   
websocket-server-56c97f4c7-ctl54   1m    28Mi   
websocket-server-56c97f4c7-cvcbt   6m    39Mi   
websocket-server-56c97f4c7-glmvz   1m    28Mi   
websocket-server-56c97f4c7-nqsx5   2m    35Mi   
websocket-server-56c97f4c7-p2rh2   2m    36Mi   
websocket-server-56c97f4c7-pccfv   2m    36Mi   
websocket-server-56c97f4c7-qxzjj   1m    28Mi   
websocket-server-56c97f4c7-t89ht   2m    35Mi   
websocket-server-56c97f4c7-vqzwc   6m    40Mi   
websocket-server-56c97f4c7-vzx6d   1m    27Mi   
websocket-server-56c97f4c7-zdfzq   2m    34Mi   
websocket-server-56c97f4c7-zmq8f   6m    38Mi   
1781581721
websocket-server-56c97f4c7-4qn7k   6m    72Mi   
websocket-server-56c97f4c7-5v52j   2m    28Mi   
websocket-server-56c97f4c7-6gs9r   4m    71Mi   
websocket-server-56c97f4c7-824tb   2m    40Mi   
websocket-server-56c97f4c7-9dczj   2m    29Mi   
websocket-server-56c97f4c7-c4nsq   1m    28Mi   
websocket-server-56c97f4c7-ctl54   1m    28Mi   
websocket-server-56c97f4c7-cvcbt   6m    39Mi   
websocket-server-56c97f4c7-glmvz   1m    28Mi   
websocket-server-56c97f4c7-nqsx5   2m    35Mi   
websocket-server-56c97f4c7-p2rh2   2m    36Mi   
websocket-server-56c97f4c7-pccfv   2m    36Mi   
websocket-server-56c97f4c7-qxzjj   1m    28Mi   
websocket-server-56c97f4c7-t89ht   2m    35Mi   
websocket-server-56c97f4c7-vqzwc   6m    40Mi   
websocket-server-56c97f4c7-vzx6d   1m    27Mi   
websocket-server-56c97f4c7-zdfzq   2m    34Mi   
websocket-server-56c97f4c7-zmq8f   6m    38Mi   
1781581726
websocket-server-56c97f4c7-4qn7k   1m    72Mi   
websocket-server-56c97f4c7-5v52j   1m    28Mi   
websocket-server-56c97f4c7-6gs9r   1m    71Mi   
websocket-server-56c97f4c7-824tb   4m    40Mi   
websocket-server-56c97f4c7-9dczj   1m    29Mi   
websocket-server-56c97f4c7-c4nsq   1m    28Mi   
websocket-server-56c97f4c7-ctl54   2m    29Mi   
websocket-server-56c97f4c7-cvcbt   1m    39Mi   
websocket-server-56c97f4c7-glmvz   1m    28Mi   
websocket-server-56c97f4c7-nqsx5   5m    35Mi   
websocket-server-56c97f4c7-p2rh2   7m    36Mi   
websocket-server-56c97f4c7-pccfv   6m    36Mi   
websocket-server-56c97f4c7-qxzjj   0m    28Mi   
websocket-server-56c97f4c7-t89ht   6m    34Mi   
websocket-server-56c97f4c7-vqzwc   1m    40Mi   
websocket-server-56c97f4c7-vzx6d   1m    27Mi   
websocket-server-56c97f4c7-zdfzq   4m    34Mi   
websocket-server-56c97f4c7-zmq8f   1m    38Mi   
1781581731
websocket-server-56c97f4c7-4qn7k   1m    72Mi   
websocket-server-56c97f4c7-5v52j   1m    28Mi   
websocket-server-56c97f4c7-6gs9r   1m    71Mi   
websocket-server-56c97f4c7-824tb   4m    40Mi   
websocket-server-56c97f4c7-9dczj   1m    29Mi   
websocket-server-56c97f4c7-c4nsq   1m    28Mi   
websocket-server-56c97f4c7-ctl54   2m    29Mi   
websocket-server-56c97f4c7-cvcbt   1m    39Mi   
websocket-server-56c97f4c7-glmvz   1m    28Mi   
websocket-server-56c97f4c7-nqsx5   5m    35Mi   
websocket-server-56c97f4c7-p2rh2   7m    36Mi   
websocket-server-56c97f4c7-pccfv   6m    36Mi   
websocket-server-56c97f4c7-qxzjj   0m    28Mi   
websocket-server-56c97f4c7-t89ht   6m    34Mi   
websocket-server-56c97f4c7-vqzwc   1m    40Mi   
websocket-server-56c97f4c7-vzx6d   1m    27Mi   
websocket-server-56c97f4c7-zdfzq   4m    34Mi   
websocket-server-56c97f4c7-zmq8f   1m    38Mi   
1781581736
websocket-server-56c97f4c7-4qn7k   1m    72Mi   
websocket-server-56c97f4c7-5v52j   1m    28Mi   
websocket-server-56c97f4c7-6gs9r   1m    71Mi   
websocket-server-56c97f4c7-824tb   4m    40Mi   
websocket-server-56c97f4c7-9dczj   1m    29Mi   
websocket-server-56c97f4c7-c4nsq   1m    28Mi   
websocket-server-56c97f4c7-ctl54   2m    29Mi   
websocket-server-56c97f4c7-cvcbt   1m    39Mi   
websocket-server-56c97f4c7-glmvz   1m    28Mi   
websocket-server-56c97f4c7-nqsx5   5m    35Mi   
websocket-server-56c97f4c7-p2rh2   7m    36Mi   
websocket-server-56c97f4c7-pccfv   6m    36Mi   
websocket-server-56c97f4c7-qxzjj   0m    28Mi   
websocket-server-56c97f4c7-t89ht   6m    34Mi   
websocket-server-56c97f4c7-vqzwc   1m    40Mi   
websocket-server-56c97f4c7-vzx6d   1m    27Mi   
websocket-server-56c97f4c7-zdfzq   4m    34Mi   
websocket-server-56c97f4c7-zmq8f   1m    38Mi   
1781581741
websocket-server-56c97f4c7-4qn7k   1m    72Mi   
websocket-server-56c97f4c7-5v52j   1m    28Mi   
websocket-server-56c97f4c7-6gs9r   1m    71Mi   
websocket-server-56c97f4c7-824tb   4m    40Mi   
websocket-server-56c97f4c7-9dczj   1m    29Mi   
websocket-server-56c97f4c7-c4nsq   0m    28Mi   
websocket-server-56c97f4c7-ctl54   1m    29Mi   
websocket-server-56c97f4c7-cvcbt   1m    39Mi   
websocket-server-56c97f4c7-glmvz   1m    28Mi   
websocket-server-56c97f4c7-nqsx5   1m    35Mi   
websocket-server-56c97f4c7-p2rh2   1m    36Mi   
websocket-server-56c97f4c7-pccfv   1m    35Mi   
websocket-server-56c97f4c7-qxzjj   0m    28Mi   
websocket-server-56c97f4c7-t89ht   1m    34Mi   
websocket-server-56c97f4c7-vqzwc   1m    40Mi   
websocket-server-56c97f4c7-vzx6d   0m    27Mi   
websocket-server-56c97f4c7-zdfzq   1m    34Mi   
websocket-server-56c97f4c7-zmq8f   1m    38Mi   
1781581746
websocket-server-56c97f4c7-4qn7k   1m    72Mi   
websocket-server-56c97f4c7-5v52j   1m    28Mi   
websocket-server-56c97f4c7-6gs9r   1m    71Mi   
websocket-server-56c97f4c7-824tb   4m    40Mi   
websocket-server-56c97f4c7-9dczj   1m    29Mi   
websocket-server-56c97f4c7-c4nsq   0m    28Mi   
websocket-server-56c97f4c7-ctl54   1m    29Mi   
websocket-server-56c97f4c7-cvcbt   1m    39Mi   
websocket-server-56c97f4c7-glmvz   1m    28Mi   
websocket-server-56c97f4c7-nqsx5   1m    35Mi   
websocket-server-56c97f4c7-p2rh2   1m    36Mi   
websocket-server-56c97f4c7-pccfv   1m    35Mi   
websocket-server-56c97f4c7-qxzjj   0m    28Mi   
websocket-server-56c97f4c7-t89ht   1m    34Mi   
websocket-server-56c97f4c7-vqzwc   1m    40Mi   
websocket-server-56c97f4c7-vzx6d   0m    27Mi   
websocket-server-56c97f4c7-zdfzq   1m    34Mi   
websocket-server-56c97f4c7-zmq8f   1m    38Mi   
1781581751
websocket-server-56c97f4c7-4qn7k   1m    72Mi   
websocket-server-56c97f4c7-5v52j   1m    28Mi   
websocket-server-56c97f4c7-6gs9r   1m    71Mi   
websocket-server-56c97f4c7-824tb   4m    40Mi   
websocket-server-56c97f4c7-9dczj   1m    29Mi   
websocket-server-56c97f4c7-c4nsq   0m    28Mi   
websocket-server-56c97f4c7-ctl54   1m    29Mi   
websocket-server-56c97f4c7-cvcbt   1m    39Mi   
websocket-server-56c97f4c7-glmvz   1m    28Mi   
websocket-server-56c97f4c7-nqsx5   1m    35Mi   
websocket-server-56c97f4c7-p2rh2   1m    36Mi   
websocket-server-56c97f4c7-pccfv   1m    35Mi   
websocket-server-56c97f4c7-qxzjj   0m    28Mi   
websocket-server-56c97f4c7-t89ht   1m    34Mi   
websocket-server-56c97f4c7-vqzwc   1m    40Mi   
websocket-server-56c97f4c7-vzx6d   0m    27Mi   
websocket-server-56c97f4c7-zdfzq   1m    34Mi   
websocket-server-56c97f4c7-zmq8f   1m    38Mi   
1781581757
websocket-server-56c97f4c7-4qn7k   1m    72Mi   
websocket-server-56c97f4c7-5v52j   1m    28Mi   
websocket-server-56c97f4c7-6gs9r   1m    71Mi   
websocket-server-56c97f4c7-824tb   1m    39Mi   
websocket-server-56c97f4c7-9dczj   1m    29Mi   
websocket-server-56c97f4c7-c4nsq   0m    28Mi   
websocket-server-56c97f4c7-ctl54   1m    29Mi   
websocket-server-56c97f4c7-cvcbt   1m    39Mi   
websocket-server-56c97f4c7-glmvz   1m    28Mi   
websocket-server-56c97f4c7-nqsx5   1m    35Mi   
websocket-server-56c97f4c7-p2rh2   1m    36Mi   
websocket-server-56c97f4c7-pccfv   1m    35Mi   
websocket-server-56c97f4c7-qxzjj   1m    28Mi   
websocket-server-56c97f4c7-t89ht   1m    34Mi   
websocket-server-56c97f4c7-vqzwc   1m    40Mi   
websocket-server-56c97f4c7-vzx6d   0m    27Mi   
websocket-server-56c97f4c7-zdfzq   1m    34Mi   
websocket-server-56c97f4c7-zmq8f   1m    38Mi   
1781581762
websocket-server-56c97f4c7-4qn7k   1m    72Mi   
websocket-server-56c97f4c7-5v52j   1m    28Mi   
websocket-server-56c97f4c7-6gs9r   1m    71Mi   
websocket-server-56c97f4c7-824tb   1m    39Mi   
websocket-server-56c97f4c7-9dczj   1m    29Mi   
websocket-server-56c97f4c7-c4nsq   0m    28Mi   
websocket-server-56c97f4c7-ctl54   1m    29Mi   
websocket-server-56c97f4c7-cvcbt   1m    39Mi   
websocket-server-56c97f4c7-glmvz   1m    28Mi   
websocket-server-56c97f4c7-nqsx5   1m    35Mi   
websocket-server-56c97f4c7-p2rh2   1m    36Mi   
websocket-server-56c97f4c7-pccfv   1m    35Mi   
websocket-server-56c97f4c7-qxzjj   1m    28Mi   
websocket-server-56c97f4c7-t89ht   1m    34Mi   
websocket-server-56c97f4c7-vqzwc   1m    40Mi   
websocket-server-56c97f4c7-vzx6d   0m    27Mi   
websocket-server-56c97f4c7-zdfzq   1m    34Mi   
websocket-server-56c97f4c7-zmq8f   1m    38Mi   
1781581767
websocket-server-56c97f4c7-4qn7k   1m    72Mi   
websocket-server-56c97f4c7-5v52j   1m    28Mi   
websocket-server-56c97f4c7-6gs9r   1m    71Mi   
websocket-server-56c97f4c7-824tb   1m    39Mi   
websocket-server-56c97f4c7-9dczj   1m    29Mi   
websocket-server-56c97f4c7-c4nsq   0m    28Mi   
websocket-server-56c97f4c7-ctl54   1m    29Mi   
websocket-server-56c97f4c7-cvcbt   1m    39Mi   
websocket-server-56c97f4c7-glmvz   1m    28Mi   
websocket-server-56c97f4c7-nqsx5   1m    35Mi   
websocket-server-56c97f4c7-p2rh2   1m    36Mi   
websocket-server-56c97f4c7-pccfv   1m    35Mi   
websocket-server-56c97f4c7-qxzjj   1m    28Mi   
websocket-server-56c97f4c7-t89ht   1m    34Mi   
websocket-server-56c97f4c7-vqzwc   1m    40Mi   
websocket-server-56c97f4c7-vzx6d   0m    27Mi   
websocket-server-56c97f4c7-zdfzq   1m    34Mi   
websocket-server-56c97f4c7-zmq8f   1m    38Mi   
1781581772
websocket-server-56c97f4c7-4qn7k   1m    72Mi   
websocket-server-56c97f4c7-5v52j   1m    28Mi   
websocket-server-56c97f4c7-6gs9r   1m    71Mi   
websocket-server-56c97f4c7-824tb   0m    39Mi   
websocket-server-56c97f4c7-9dczj   1m    29Mi   
websocket-server-56c97f4c7-c4nsq   1m    28Mi   
websocket-server-56c97f4c7-ctl54   1m    29Mi   
websocket-server-56c97f4c7-cvcbt   1m    39Mi   
websocket-server-56c97f4c7-glmvz   1m    29Mi   
websocket-server-56c97f4c7-nqsx5   1m    35Mi   
websocket-server-56c97f4c7-p2rh2   1m    36Mi   
websocket-server-56c97f4c7-pccfv   1m    35Mi   
websocket-server-56c97f4c7-qxzjj   1m    28Mi   
websocket-server-56c97f4c7-t89ht   1m    34Mi   
websocket-server-56c97f4c7-vqzwc   1m    40Mi   
websocket-server-56c97f4c7-vzx6d   1m    27Mi   
websocket-server-56c97f4c7-zdfzq   1m    34Mi   
websocket-server-56c97f4c7-zmq8f   1m    38Mi   
1781581777
websocket-server-56c97f4c7-4qn7k   1m    72Mi   
websocket-server-56c97f4c7-5v52j   1m    28Mi   
websocket-server-56c97f4c7-6gs9r   1m    71Mi   
websocket-server-56c97f4c7-824tb   0m    39Mi   
websocket-server-56c97f4c7-9dczj   1m    29Mi   
websocket-server-56c97f4c7-c4nsq   1m    28Mi   
websocket-server-56c97f4c7-ctl54   1m    29Mi   
websocket-server-56c97f4c7-cvcbt   1m    39Mi   
websocket-server-56c97f4c7-glmvz   1m    29Mi   
websocket-server-56c97f4c7-nqsx5   1m    35Mi   
websocket-server-56c97f4c7-p2rh2   1m    36Mi   
websocket-server-56c97f4c7-pccfv   1m    35Mi   
websocket-server-56c97f4c7-qxzjj   1m    28Mi   
websocket-server-56c97f4c7-t89ht   1m    34Mi   
websocket-server-56c97f4c7-vqzwc   1m    40Mi   
websocket-server-56c97f4c7-vzx6d   1m    27Mi   
websocket-server-56c97f4c7-zdfzq   1m    34Mi   
websocket-server-56c97f4c7-zmq8f   1m    38Mi   
1781581782
websocket-server-56c97f4c7-4qn7k   1m    72Mi   
websocket-server-56c97f4c7-5v52j   1m    28Mi   
websocket-server-56c97f4c7-6gs9r   1m    71Mi   
websocket-server-56c97f4c7-824tb   0m    39Mi   
websocket-server-56c97f4c7-9dczj   1m    29Mi   
websocket-server-56c97f4c7-c4nsq   1m    28Mi   
websocket-server-56c97f4c7-ctl54   1m    29Mi   
websocket-server-56c97f4c7-cvcbt   1m    39Mi   
websocket-server-56c97f4c7-glmvz   0m    28Mi   
websocket-server-56c97f4c7-nqsx5   1m    35Mi   
websocket-server-56c97f4c7-p2rh2   1m    36Mi   
websocket-server-56c97f4c7-pccfv   1m    35Mi   
websocket-server-56c97f4c7-qxzjj   1m    28Mi   
websocket-server-56c97f4c7-t89ht   1m    34Mi   
websocket-server-56c97f4c7-vqzwc   1m    40Mi   
websocket-server-56c97f4c7-vzx6d   1m    27Mi   
websocket-server-56c97f4c7-zdfzq   1m    34Mi   
websocket-server-56c97f4c7-zmq8f   1m    38Mi   
1781581787
websocket-server-56c97f4c7-4qn7k   1m    72Mi   
websocket-server-56c97f4c7-5v52j   1m    28Mi   
websocket-server-56c97f4c7-6gs9r   1m    71Mi   
websocket-server-56c97f4c7-824tb   0m    39Mi   
websocket-server-56c97f4c7-9dczj   1m    29Mi   
websocket-server-56c97f4c7-c4nsq   1m    28Mi   
websocket-server-56c97f4c7-ctl54   1m    29Mi   
websocket-server-56c97f4c7-cvcbt   1m    39Mi   
websocket-server-56c97f4c7-glmvz   0m    28Mi   
websocket-server-56c97f4c7-nqsx5   1m    35Mi   
websocket-server-56c97f4c7-p2rh2   1m    36Mi   
websocket-server-56c97f4c7-pccfv   1m    35Mi   
websocket-server-56c97f4c7-t89ht   1m    34Mi   
websocket-server-56c97f4c7-vqzwc   1m    40Mi   
websocket-server-56c97f4c7-zdfzq   1m    34Mi   
websocket-server-56c97f4c7-zmq8f   1m    38Mi   
1781581792
websocket-server-56c97f4c7-4qn7k   1m    72Mi   
websocket-server-56c97f4c7-5v52j   1m    28Mi   
websocket-server-56c97f4c7-6gs9r   1m    71Mi   
websocket-server-56c97f4c7-824tb   0m    39Mi   
websocket-server-56c97f4c7-9dczj   1m    29Mi   
websocket-server-56c97f4c7-c4nsq   1m    28Mi   
websocket-server-56c97f4c7-ctl54   1m    29Mi   
websocket-server-56c97f4c7-cvcbt   1m    39Mi   
websocket-server-56c97f4c7-glmvz   0m    28Mi   
websocket-server-56c97f4c7-nqsx5   1m    35Mi   
websocket-server-56c97f4c7-p2rh2   1m    36Mi   
websocket-server-56c97f4c7-pccfv   1m    35Mi   
websocket-server-56c97f4c7-t89ht   1m    34Mi   
websocket-server-56c97f4c7-vqzwc   1m    40Mi   
websocket-server-56c97f4c7-zdfzq   1m    34Mi   
websocket-server-56c97f4c7-zmq8f   1m    38Mi   
1781581797
websocket-server-56c97f4c7-4qn7k   1m    72Mi   
websocket-server-56c97f4c7-5v52j   1m    28Mi   
websocket-server-56c97f4c7-6gs9r   1m    71Mi   
websocket-server-56c97f4c7-824tb   1m    39Mi   
websocket-server-56c97f4c7-9dczj   1m    29Mi   
websocket-server-56c97f4c7-c4nsq   1m    28Mi   
websocket-server-56c97f4c7-ctl54   1m    29Mi   
websocket-server-56c97f4c7-cvcbt   0m    39Mi   
websocket-server-56c97f4c7-glmvz   1m    28Mi   
websocket-server-56c97f4c7-nqsx5   1m    35Mi   
websocket-server-56c97f4c7-p2rh2   1m    36Mi   
websocket-server-56c97f4c7-pccfv   1m    35Mi   
websocket-server-56c97f4c7-t89ht   1m    34Mi   
websocket-server-56c97f4c7-vqzwc   1m    40Mi   
websocket-server-56c97f4c7-zdfzq   1m    34Mi   
websocket-server-56c97f4c7-zmq8f   1m    38Mi   
1781581802
websocket-server-56c97f4c7-4qn7k   1m    72Mi   
websocket-server-56c97f4c7-5v52j   1m    28Mi   
websocket-server-56c97f4c7-6gs9r   1m    71Mi   
websocket-server-56c97f4c7-824tb   1m    39Mi   
websocket-server-56c97f4c7-9dczj   1m    29Mi   
websocket-server-56c97f4c7-c4nsq   1m    28Mi   
websocket-server-56c97f4c7-ctl54   1m    29Mi   
websocket-server-56c97f4c7-cvcbt   0m    39Mi   
websocket-server-56c97f4c7-glmvz   1m    28Mi   
websocket-server-56c97f4c7-nqsx5   1m    35Mi   
websocket-server-56c97f4c7-p2rh2   1m    36Mi   
websocket-server-56c97f4c7-pccfv   1m    35Mi   
websocket-server-56c97f4c7-t89ht   1m    34Mi   
websocket-server-56c97f4c7-vqzwc   1m    40Mi   
websocket-server-56c97f4c7-zdfzq   1m    34Mi   
websocket-server-56c97f4c7-zmq8f   1m    38Mi   
1781581807
websocket-server-56c97f4c7-4qn7k   1m    72Mi   
websocket-server-56c97f4c7-5v52j   1m    28Mi   
websocket-server-56c97f4c7-6gs9r   1m    71Mi   
websocket-server-56c97f4c7-824tb   1m    39Mi   
websocket-server-56c97f4c7-9dczj   1m    29Mi   
websocket-server-56c97f4c7-c4nsq   1m    28Mi   
websocket-server-56c97f4c7-ctl54   1m    29Mi   
websocket-server-56c97f4c7-cvcbt   0m    39Mi   
websocket-server-56c97f4c7-glmvz   1m    28Mi   
websocket-server-56c97f4c7-nqsx5   1m    35Mi   
websocket-server-56c97f4c7-p2rh2   1m    36Mi   
websocket-server-56c97f4c7-pccfv   1m    35Mi   
websocket-server-56c97f4c7-t89ht   1m    34Mi   
websocket-server-56c97f4c7-vqzwc   1m    40Mi   
websocket-server-56c97f4c7-zdfzq   1m    34Mi   
websocket-server-56c97f4c7-zmq8f   1m    38Mi   
1781581812
websocket-server-56c97f4c7-4qn7k   0m    72Mi   
websocket-server-56c97f4c7-5v52j   0m    28Mi   
websocket-server-56c97f4c7-6gs9r   1m    71Mi   
websocket-server-56c97f4c7-824tb   1m    39Mi   
websocket-server-56c97f4c7-9dczj   1m    29Mi   
websocket-server-56c97f4c7-c4nsq   1m    28Mi   
websocket-server-56c97f4c7-ctl54   1m    29Mi   
websocket-server-56c97f4c7-cvcbt   1m    39Mi   
websocket-server-56c97f4c7-glmvz   1m    28Mi   
websocket-server-56c97f4c7-nqsx5   1m    35Mi   
websocket-server-56c97f4c7-p2rh2   1m    36Mi   
websocket-server-56c97f4c7-pccfv   1m    35Mi   
websocket-server-56c97f4c7-t89ht   1m    34Mi   
websocket-server-56c97f4c7-vqzwc   1m    40Mi   
websocket-server-56c97f4c7-zdfzq   1m    34Mi   
websocket-server-56c97f4c7-zmq8f   1m    38Mi   
1781581817
websocket-server-56c97f4c7-4qn7k   0m    72Mi   
websocket-server-56c97f4c7-5v52j   0m    28Mi   
websocket-server-56c97f4c7-6gs9r   1m    71Mi   
websocket-server-56c97f4c7-824tb   1m    39Mi   
websocket-server-56c97f4c7-9dczj   1m    29Mi   
websocket-server-56c97f4c7-c4nsq   1m    28Mi   
websocket-server-56c97f4c7-ctl54   1m    29Mi   
websocket-server-56c97f4c7-cvcbt   1m    39Mi   
websocket-server-56c97f4c7-glmvz   1m    28Mi   
websocket-server-56c97f4c7-nqsx5   1m    35Mi   
websocket-server-56c97f4c7-p2rh2   1m    36Mi   
websocket-server-56c97f4c7-pccfv   1m    35Mi   
websocket-server-56c97f4c7-t89ht   1m    34Mi   
websocket-server-56c97f4c7-vqzwc   1m    40Mi   
websocket-server-56c97f4c7-zdfzq   1m    34Mi   
websocket-server-56c97f4c7-zmq8f   1m    38Mi   
1781581822
websocket-server-56c97f4c7-4qn7k   0m    72Mi   
websocket-server-56c97f4c7-5v52j   0m    28Mi   
websocket-server-56c97f4c7-6gs9r   1m    71Mi   
websocket-server-56c97f4c7-824tb   1m    39Mi   
websocket-server-56c97f4c7-9dczj   1m    29Mi   
websocket-server-56c97f4c7-c4nsq   1m    28Mi   
websocket-server-56c97f4c7-ctl54   1m    29Mi   
websocket-server-56c97f4c7-cvcbt   1m    39Mi   
websocket-server-56c97f4c7-glmvz   1m    28Mi   
websocket-server-56c97f4c7-nqsx5   1m    35Mi   
websocket-server-56c97f4c7-p2rh2   1m    36Mi   
websocket-server-56c97f4c7-pccfv   1m    35Mi   
websocket-server-56c97f4c7-t89ht   1m    34Mi   
websocket-server-56c97f4c7-vqzwc   1m    40Mi   
websocket-server-56c97f4c7-zdfzq   1m    34Mi   
websocket-server-56c97f4c7-zmq8f   1m    38Mi   
1781581827
websocket-server-56c97f4c7-4qn7k   1m    72Mi   
websocket-server-56c97f4c7-5v52j   1m    28Mi   
websocket-server-56c97f4c7-6gs9r   1m    71Mi   
websocket-server-56c97f4c7-824tb   1m    39Mi   
websocket-server-56c97f4c7-9dczj   1m    29Mi   
websocket-server-56c97f4c7-c4nsq   1m    28Mi   
websocket-server-56c97f4c7-ctl54   1m    29Mi   
websocket-server-56c97f4c7-cvcbt   1m    39Mi   
websocket-server-56c97f4c7-glmvz   1m    28Mi   
websocket-server-56c97f4c7-nqsx5   1m    35Mi   
websocket-server-56c97f4c7-p2rh2   1m    36Mi   
websocket-server-56c97f4c7-pccfv   1m    35Mi   
websocket-server-56c97f4c7-t89ht   1m    34Mi   
websocket-server-56c97f4c7-vqzwc   1m    40Mi   
websocket-server-56c97f4c7-zdfzq   1m    34Mi   
websocket-server-56c97f4c7-zmq8f   1m    38Mi   
1781581832
websocket-server-56c97f4c7-4qn7k   1m    72Mi   
websocket-server-56c97f4c7-5v52j   1m    28Mi   
websocket-server-56c97f4c7-6gs9r   1m    71Mi   
websocket-server-56c97f4c7-824tb   1m    39Mi   
websocket-server-56c97f4c7-9dczj   1m    29Mi   
websocket-server-56c97f4c7-c4nsq   1m    28Mi   
websocket-server-56c97f4c7-ctl54   1m    29Mi   
websocket-server-56c97f4c7-cvcbt   1m    39Mi   
websocket-server-56c97f4c7-glmvz   1m    28Mi   
websocket-server-56c97f4c7-nqsx5   1m    35Mi   
websocket-server-56c97f4c7-p2rh2   1m    36Mi   
websocket-server-56c97f4c7-pccfv   1m    35Mi   
websocket-server-56c97f4c7-t89ht   1m    34Mi   
websocket-server-56c97f4c7-vqzwc   1m    40Mi   
websocket-server-56c97f4c7-zdfzq   1m    34Mi   
websocket-server-56c97f4c7-zmq8f   1m    38Mi   
1781581837
websocket-server-56c97f4c7-4qn7k   1m    72Mi   
websocket-server-56c97f4c7-5v52j   1m    28Mi   
websocket-server-56c97f4c7-6gs9r   1m    71Mi   
websocket-server-56c97f4c7-824tb   1m    39Mi   
websocket-server-56c97f4c7-9dczj   1m    29Mi   
websocket-server-56c97f4c7-c4nsq   1m    28Mi   
websocket-server-56c97f4c7-ctl54   1m    29Mi   
websocket-server-56c97f4c7-cvcbt   1m    39Mi   
websocket-server-56c97f4c7-glmvz   1m    28Mi   
websocket-server-56c97f4c7-nqsx5   1m    35Mi   
websocket-server-56c97f4c7-p2rh2   1m    36Mi   
websocket-server-56c97f4c7-pccfv   1m    35Mi   
websocket-server-56c97f4c7-t89ht   1m    34Mi   
websocket-server-56c97f4c7-vqzwc   1m    40Mi   
websocket-server-56c97f4c7-zdfzq   1m    34Mi   
websocket-server-56c97f4c7-zmq8f   1m    38Mi   
1781581842
websocket-server-56c97f4c7-4qn7k   1m    72Mi   
websocket-server-56c97f4c7-5v52j   1m    28Mi   
websocket-server-56c97f4c7-6gs9r   1m    71Mi   
websocket-server-56c97f4c7-824tb   1m    39Mi   
websocket-server-56c97f4c7-9dczj   1m    29Mi   
websocket-server-56c97f4c7-c4nsq   1m    28Mi   
websocket-server-56c97f4c7-ctl54   1m    29Mi   
websocket-server-56c97f4c7-cvcbt   0m    39Mi   
websocket-server-56c97f4c7-glmvz   1m    28Mi   
websocket-server-56c97f4c7-nqsx5   1m    35Mi   
websocket-server-56c97f4c7-p2rh2   0m    36Mi   
websocket-server-56c97f4c7-pccfv   1m    35Mi   
websocket-server-56c97f4c7-t89ht   1m    34Mi   
websocket-server-56c97f4c7-vqzwc   1m    40Mi   
websocket-server-56c97f4c7-zdfzq   1m    34Mi   
websocket-server-56c97f4c7-zmq8f   1m    38Mi   
1781581847
websocket-server-56c97f4c7-4qn7k   1m    72Mi   
websocket-server-56c97f4c7-6gs9r   1m    71Mi   
websocket-server-56c97f4c7-824tb   1m    39Mi   
websocket-server-56c97f4c7-9dczj   1m    29Mi   
websocket-server-56c97f4c7-c4nsq   1m    28Mi   
websocket-server-56c97f4c7-cvcbt   0m    39Mi   
websocket-server-56c97f4c7-glmvz   1m    28Mi   
websocket-server-56c97f4c7-nqsx5   1m    35Mi   
websocket-server-56c97f4c7-p2rh2   0m    36Mi   
websocket-server-56c97f4c7-pccfv   1m    35Mi   
websocket-server-56c97f4c7-t89ht   1m    34Mi   
websocket-server-56c97f4c7-vqzwc   1m    40Mi   
websocket-server-56c97f4c7-zdfzq   1m    34Mi   
websocket-server-56c97f4c7-zmq8f   1m    38Mi   
1781581852
websocket-server-56c97f4c7-4qn7k   1m    72Mi   
websocket-server-56c97f4c7-6gs9r   1m    71Mi   
websocket-server-56c97f4c7-824tb   1m    39Mi   
websocket-server-56c97f4c7-9dczj   1m    29Mi   
websocket-server-56c97f4c7-cvcbt   0m    39Mi   
websocket-server-56c97f4c7-nqsx5   1m    35Mi   
websocket-server-56c97f4c7-p2rh2   0m    36Mi   
websocket-server-56c97f4c7-pccfv   1m    35Mi   
websocket-server-56c97f4c7-t89ht   1m    34Mi   
websocket-server-56c97f4c7-vqzwc   1m    40Mi   
websocket-server-56c97f4c7-zdfzq   1m    34Mi   
websocket-server-56c97f4c7-zmq8f   1m    38Mi   
1781581857
websocket-server-56c97f4c7-4qn7k   1m    72Mi   
websocket-server-56c97f4c7-6gs9r   1m    71Mi   
websocket-server-56c97f4c7-824tb   1m    39Mi   
websocket-server-56c97f4c7-cvcbt   0m    39Mi   
websocket-server-56c97f4c7-nqsx5   1m    35Mi   
websocket-server-56c97f4c7-p2rh2   1m    36Mi   
websocket-server-56c97f4c7-pccfv   1m    35Mi   
websocket-server-56c97f4c7-vqzwc   1m    40Mi   
websocket-server-56c97f4c7-zdfzq   1m    34Mi   
websocket-server-56c97f4c7-zmq8f   1m    38Mi   
1781581862
websocket-server-56c97f4c7-4qn7k   1m    72Mi   
websocket-server-56c97f4c7-6gs9r   1m    71Mi   
websocket-server-56c97f4c7-824tb   1m    39Mi   
websocket-server-56c97f4c7-cvcbt   0m    39Mi   
websocket-server-56c97f4c7-nqsx5   1m    35Mi   
websocket-server-56c97f4c7-p2rh2   1m    36Mi   
websocket-server-56c97f4c7-pccfv   1m    35Mi   
websocket-server-56c97f4c7-vqzwc   1m    40Mi   
1781581867
websocket-server-56c97f4c7-4qn7k   1m    72Mi   
websocket-server-56c97f4c7-6gs9r   1m    71Mi   
websocket-server-56c97f4c7-824tb   1m    39Mi   
websocket-server-56c97f4c7-cvcbt   0m    39Mi   
websocket-server-56c97f4c7-p2rh2   1m    36Mi   
websocket-server-56c97f4c7-pccfv   1m    35Mi   
1781581872
websocket-server-56c97f4c7-4qn7k   1m    72Mi   
websocket-server-56c97f4c7-6gs9r   1m    71Mi   
websocket-server-56c97f4c7-cvcbt   1m    39Mi   
websocket-server-56c97f4c7-p2rh2   1m    36Mi   
1781581878
websocket-server-56c97f4c7-4qn7k   1m    72Mi   
websocket-server-56c97f4c7-6gs9r   1m    71Mi   
