1777439149
websocket-server-56c97f4c7-ggppx   1m    27Mi   
websocket-server-56c97f4c7-ns7r6   1m    28Mi   
1777439154
websocket-server-56c97f4c7-ggppx   1m    27Mi   
websocket-server-56c97f4c7-ns7r6   1m    28Mi   
1777439159
websocket-server-56c97f4c7-ggppx   1m    27Mi   
websocket-server-56c97f4c7-ns7r6   1m    28Mi   
1777439164
websocket-server-56c97f4c7-ggppx   1m    28Mi   
websocket-server-56c97f4c7-ns7r6   1m    28Mi   
1777439169
websocket-server-56c97f4c7-ggppx   1m    28Mi   
websocket-server-56c97f4c7-ns7r6   1m    28Mi   
1777439174
websocket-server-56c97f4c7-ggppx   1m    28Mi   
websocket-server-56c97f4c7-ns7r6   1m    28Mi   
1777439179
websocket-server-56c97f4c7-ggppx   5m    30Mi   
websocket-server-56c97f4c7-ns7r6   5m    31Mi   
1777439185
websocket-server-56c97f4c7-ggppx   5m    30Mi   
websocket-server-56c97f4c7-ns7r6   5m    31Mi   
1777439190
websocket-server-56c97f4c7-ggppx   5m    30Mi   
websocket-server-56c97f4c7-ns7r6   5m    31Mi   
1777439195
websocket-server-56c97f4c7-ggppx   9m    35Mi   
websocket-server-56c97f4c7-ns7r6   9m    36Mi   
1777439200
websocket-server-56c97f4c7-ggppx   9m    35Mi   
websocket-server-56c97f4c7-ns7r6   9m    36Mi   
1777439205
websocket-server-56c97f4c7-ggppx   9m    35Mi   
websocket-server-56c97f4c7-ns7r6   9m    36Mi   
1777439210
websocket-server-56c97f4c7-fgp6k   20m   29Mi   
websocket-server-56c97f4c7-ggppx   11m   39Mi   
websocket-server-56c97f4c7-ns7r6   11m   38Mi   
1777439215
websocket-server-56c97f4c7-fgp6k   20m   29Mi   
websocket-server-56c97f4c7-ggppx   11m   39Mi   
websocket-server-56c97f4c7-ns7r6   11m   38Mi   
1777439220
websocket-server-56c97f4c7-fgp6k   20m   29Mi   
websocket-server-56c97f4c7-ggppx   11m   39Mi   
websocket-server-56c97f4c7-ns7r6   11m   38Mi   
1777439225
websocket-server-56c97f4c7-fgp6k   5m    31Mi   
websocket-server-56c97f4c7-ggppx   12m   40Mi   
websocket-server-56c97f4c7-hxkdb   22m   28Mi   
websocket-server-56c97f4c7-jtx7h   20m   28Mi   
websocket-server-56c97f4c7-ns7r6   12m   40Mi   
1777439230
websocket-server-56c97f4c7-fgp6k   5m    31Mi   
websocket-server-56c97f4c7-ggppx   12m   40Mi   
websocket-server-56c97f4c7-hxkdb   22m   28Mi   
websocket-server-56c97f4c7-jtx7h   20m   28Mi   
websocket-server-56c97f4c7-ns7r6   12m   40Mi   
1777439235
websocket-server-56c97f4c7-fgp6k   5m    31Mi   
websocket-server-56c97f4c7-ggppx   12m   40Mi   
websocket-server-56c97f4c7-hxkdb   22m   28Mi   
websocket-server-56c97f4c7-jtx7h   20m   28Mi   
websocket-server-56c97f4c7-ns7r6   12m   40Mi   
1777439240
websocket-server-56c97f4c7-9qz6l   20m   28Mi   
websocket-server-56c97f4c7-fgp6k   6m    32Mi   
websocket-server-56c97f4c7-ggppx   14m   42Mi   
websocket-server-56c97f4c7-hxkdb   3m    30Mi   
websocket-server-56c97f4c7-jtx7h   4m    28Mi   
websocket-server-56c97f4c7-ns7r6   14m   41Mi   
1777439245
websocket-server-56c97f4c7-9qz6l   20m   28Mi   
websocket-server-56c97f4c7-fgp6k   6m    32Mi   
websocket-server-56c97f4c7-ggppx   14m   42Mi   
websocket-server-56c97f4c7-hxkdb   3m    30Mi   
websocket-server-56c97f4c7-jtx7h   4m    28Mi   
websocket-server-56c97f4c7-ns7r6   14m   41Mi   
1777439250
websocket-server-56c97f4c7-9qz6l   20m   28Mi   
websocket-server-56c97f4c7-fgp6k   6m    32Mi   
websocket-server-56c97f4c7-ggppx   14m   42Mi   
websocket-server-56c97f4c7-hxkdb   3m    30Mi   
websocket-server-56c97f4c7-jtx7h   4m    28Mi   
websocket-server-56c97f4c7-ns7r6   14m   41Mi   
1777439255
websocket-server-56c97f4c7-92j9b   2m    28Mi   
websocket-server-56c97f4c7-9qz6l   2m    28Mi   
websocket-server-56c97f4c7-fgp6k   7m    34Mi   
websocket-server-56c97f4c7-ggppx   14m   42Mi   
websocket-server-56c97f4c7-hxkdb   4m    31Mi   
websocket-server-56c97f4c7-jtx7h   3m    30Mi   
websocket-server-56c97f4c7-ns7r6   13m   42Mi   
1777439260
websocket-server-56c97f4c7-92j9b   2m    28Mi   
websocket-server-56c97f4c7-9qz6l   2m    28Mi   
websocket-server-56c97f4c7-fgp6k   7m    34Mi   
websocket-server-56c97f4c7-ggppx   14m   42Mi   
websocket-server-56c97f4c7-hxkdb   4m    31Mi   
websocket-server-56c97f4c7-jtx7h   3m    30Mi   
websocket-server-56c97f4c7-ns7r6   13m   42Mi   
1777439265
websocket-server-56c97f4c7-92j9b   2m    28Mi   
websocket-server-56c97f4c7-9qz6l   2m    28Mi   
websocket-server-56c97f4c7-fgp6k   7m    34Mi   
websocket-server-56c97f4c7-ggppx   14m   42Mi   
websocket-server-56c97f4c7-hxkdb   4m    31Mi   
websocket-server-56c97f4c7-jtx7h   3m    30Mi   
websocket-server-56c97f4c7-ns7r6   13m   42Mi   
1777439270
websocket-server-56c97f4c7-92j9b   1m    28Mi   
websocket-server-56c97f4c7-9qz6l   2m    28Mi   
websocket-server-56c97f4c7-fgp6k   7m    34Mi   
websocket-server-56c97f4c7-ggppx   15m   43Mi   
websocket-server-56c97f4c7-hjztb   16m   27Mi   
websocket-server-56c97f4c7-hxkdb   5m    32Mi   
websocket-server-56c97f4c7-jtx7h   4m    31Mi   
websocket-server-56c97f4c7-ns7r6   14m   42Mi   
1777439275
websocket-server-56c97f4c7-92j9b   1m    28Mi   
websocket-server-56c97f4c7-9qz6l   2m    28Mi   
websocket-server-56c97f4c7-fgp6k   7m    34Mi   
websocket-server-56c97f4c7-ggppx   15m   43Mi   
websocket-server-56c97f4c7-hjztb   16m   27Mi   
websocket-server-56c97f4c7-hxkdb   5m    32Mi   
websocket-server-56c97f4c7-jtx7h   4m    31Mi   
websocket-server-56c97f4c7-ns7r6   14m   42Mi   
1777439280
websocket-server-56c97f4c7-92j9b   1m    28Mi   
websocket-server-56c97f4c7-9qz6l   2m    28Mi   
websocket-server-56c97f4c7-fgp6k   7m    34Mi   
websocket-server-56c97f4c7-ggppx   15m   43Mi   
websocket-server-56c97f4c7-hjztb   16m   27Mi   
websocket-server-56c97f4c7-hxkdb   5m    32Mi   
websocket-server-56c97f4c7-jtx7h   4m    31Mi   
websocket-server-56c97f4c7-ns7r6   14m   42Mi   
1777439286
websocket-server-56c97f4c7-92j9b   1m    28Mi   
websocket-server-56c97f4c7-9qz6l   2m    28Mi   
websocket-server-56c97f4c7-fgp6k   7m    34Mi   
websocket-server-56c97f4c7-ggppx   11m   42Mi   
websocket-server-56c97f4c7-hjztb   1m    27Mi   
websocket-server-56c97f4c7-hxkdb   4m    31Mi   
websocket-server-56c97f4c7-jtx7h   3m    30Mi   
websocket-server-56c97f4c7-ns7r6   14m   42Mi   
1777439291
websocket-server-56c97f4c7-92j9b   1m    28Mi   
websocket-server-56c97f4c7-9qz6l   2m    28Mi   
websocket-server-56c97f4c7-fgp6k   7m    34Mi   
websocket-server-56c97f4c7-ggppx   11m   42Mi   
websocket-server-56c97f4c7-hjztb   1m    27Mi   
websocket-server-56c97f4c7-hxkdb   4m    31Mi   
websocket-server-56c97f4c7-jtx7h   3m    30Mi   
websocket-server-56c97f4c7-ns7r6   14m   42Mi   
1777439296
websocket-server-56c97f4c7-92j9b   1m    28Mi   
websocket-server-56c97f4c7-9qz6l   2m    28Mi   
websocket-server-56c97f4c7-fgp6k   7m    34Mi   
websocket-server-56c97f4c7-ggppx   11m   42Mi   
websocket-server-56c97f4c7-hjztb   1m    27Mi   
websocket-server-56c97f4c7-hxkdb   4m    31Mi   
websocket-server-56c97f4c7-jtx7h   3m    30Mi   
websocket-server-56c97f4c7-ns7r6   14m   42Mi   
1777439301
websocket-server-56c97f4c7-92j9b   1m    28Mi   
websocket-server-56c97f4c7-9qz6l   1m    28Mi   
websocket-server-56c97f4c7-fgp6k   3m    34Mi   
websocket-server-56c97f4c7-ggppx   11m   42Mi   
websocket-server-56c97f4c7-hjztb   1m    27Mi   
websocket-server-56c97f4c7-hxkdb   2m    31Mi   
websocket-server-56c97f4c7-jtx7h   3m    30Mi   
websocket-server-56c97f4c7-ns7r6   6m    42Mi   
1777439306
websocket-server-56c97f4c7-92j9b   1m    28Mi   
websocket-server-56c97f4c7-9qz6l   1m    28Mi   
websocket-server-56c97f4c7-fgp6k   3m    34Mi   
websocket-server-56c97f4c7-ggppx   11m   42Mi   
websocket-server-56c97f4c7-hjztb   1m    27Mi   
websocket-server-56c97f4c7-hxkdb   2m    31Mi   
websocket-server-56c97f4c7-jtx7h   3m    30Mi   
websocket-server-56c97f4c7-ns7r6   6m    42Mi   
1777439311
websocket-server-56c97f4c7-92j9b   1m    28Mi   
websocket-server-56c97f4c7-9qz6l   1m    28Mi   
websocket-server-56c97f4c7-fgp6k   3m    34Mi   
websocket-server-56c97f4c7-ggppx   11m   42Mi   
websocket-server-56c97f4c7-hjztb   1m    27Mi   
websocket-server-56c97f4c7-hxkdb   2m    31Mi   
websocket-server-56c97f4c7-jtx7h   3m    30Mi   
websocket-server-56c97f4c7-ns7r6   6m    42Mi   
1777439316
websocket-server-56c97f4c7-92j9b   1m    28Mi   
websocket-server-56c97f4c7-9qz6l   1m    28Mi   
websocket-server-56c97f4c7-fgp6k   3m    34Mi   
websocket-server-56c97f4c7-ggppx   4m    42Mi   
websocket-server-56c97f4c7-hjztb   1m    27Mi   
websocket-server-56c97f4c7-hxkdb   2m    31Mi   
websocket-server-56c97f4c7-jtx7h   2m    31Mi   
websocket-server-56c97f4c7-ns7r6   4m    42Mi   
1777439321
websocket-server-56c97f4c7-92j9b   1m    28Mi   
websocket-server-56c97f4c7-9qz6l   1m    28Mi   
websocket-server-56c97f4c7-fgp6k   3m    34Mi   
websocket-server-56c97f4c7-ggppx   4m    42Mi   
websocket-server-56c97f4c7-hjztb   1m    27Mi   
websocket-server-56c97f4c7-hxkdb   2m    31Mi   
websocket-server-56c97f4c7-jtx7h   2m    31Mi   
websocket-server-56c97f4c7-ns7r6   4m    42Mi   
1777439326
websocket-server-56c97f4c7-92j9b   1m    28Mi   
websocket-server-56c97f4c7-9qz6l   1m    28Mi   
websocket-server-56c97f4c7-fgp6k   3m    34Mi   
websocket-server-56c97f4c7-ggppx   4m    42Mi   
websocket-server-56c97f4c7-hjztb   1m    27Mi   
websocket-server-56c97f4c7-hxkdb   2m    31Mi   
websocket-server-56c97f4c7-jtx7h   2m    31Mi   
websocket-server-56c97f4c7-ns7r6   4m    42Mi   
1777439331
websocket-server-56c97f4c7-92j9b   1m    28Mi   
websocket-server-56c97f4c7-9qz6l   1m    28Mi   
websocket-server-56c97f4c7-fgp6k   2m    34Mi   
websocket-server-56c97f4c7-ggppx   4m    42Mi   
websocket-server-56c97f4c7-hjztb   1m    27Mi   
websocket-server-56c97f4c7-hxkdb   2m    31Mi   
websocket-server-56c97f4c7-jtx7h   1m    30Mi   
websocket-server-56c97f4c7-ns7r6   4m    41Mi   
1777439336
websocket-server-56c97f4c7-92j9b   1m    28Mi   
websocket-server-56c97f4c7-9qz6l   1m    28Mi   
websocket-server-56c97f4c7-fgp6k   2m    34Mi   
websocket-server-56c97f4c7-ggppx   4m    42Mi   
websocket-server-56c97f4c7-hjztb   1m    27Mi   
websocket-server-56c97f4c7-hxkdb   2m    31Mi   
websocket-server-56c97f4c7-jtx7h   1m    30Mi   
websocket-server-56c97f4c7-ns7r6   4m    41Mi   
1777439341
websocket-server-56c97f4c7-92j9b   1m    28Mi   
websocket-server-56c97f4c7-9qz6l   2m    29Mi   
websocket-server-56c97f4c7-fgp6k   2m    34Mi   
websocket-server-56c97f4c7-ggppx   4m    42Mi   
websocket-server-56c97f4c7-hjztb   1m    27Mi   
websocket-server-56c97f4c7-hxkdb   2m    31Mi   
websocket-server-56c97f4c7-jtx7h   3m    30Mi   
websocket-server-56c97f4c7-ns7r6   8m    41Mi   
1777439346
websocket-server-56c97f4c7-92j9b   1m    28Mi   
websocket-server-56c97f4c7-9qz6l   2m    29Mi   
websocket-server-56c97f4c7-fgp6k   2m    34Mi   
websocket-server-56c97f4c7-ggppx   4m    42Mi   
websocket-server-56c97f4c7-hjztb   1m    27Mi   
websocket-server-56c97f4c7-hxkdb   2m    31Mi   
websocket-server-56c97f4c7-jtx7h   3m    30Mi   
websocket-server-56c97f4c7-ns7r6   8m    41Mi   
1777439351
websocket-server-56c97f4c7-92j9b   1m    28Mi   
websocket-server-56c97f4c7-9qz6l   2m    29Mi   
websocket-server-56c97f4c7-fgp6k   2m    34Mi   
websocket-server-56c97f4c7-ggppx   4m    42Mi   
websocket-server-56c97f4c7-hjztb   1m    27Mi   
websocket-server-56c97f4c7-hxkdb   2m    31Mi   
websocket-server-56c97f4c7-jtx7h   3m    30Mi   
websocket-server-56c97f4c7-ns7r6   8m    41Mi   
1777439356
websocket-server-56c97f4c7-92j9b   1m    28Mi   
websocket-server-56c97f4c7-9qz6l   1m    29Mi   
websocket-server-56c97f4c7-fgp6k   4m    34Mi   
websocket-server-56c97f4c7-ggppx   10m   41Mi   
websocket-server-56c97f4c7-hjztb   1m    27Mi   
websocket-server-56c97f4c7-hxkdb   4m    31Mi   
websocket-server-56c97f4c7-jtx7h   3m    30Mi   
websocket-server-56c97f4c7-ns7r6   1m    41Mi   
1777439361
websocket-server-56c97f4c7-92j9b   1m    28Mi   
websocket-server-56c97f4c7-9qz6l   1m    29Mi   
websocket-server-56c97f4c7-fgp6k   4m    34Mi   
websocket-server-56c97f4c7-ggppx   10m   41Mi   
websocket-server-56c97f4c7-hjztb   1m    27Mi   
websocket-server-56c97f4c7-hxkdb   4m    31Mi   
websocket-server-56c97f4c7-jtx7h   3m    30Mi   
websocket-server-56c97f4c7-ns7r6   1m    41Mi   
1777439366
websocket-server-56c97f4c7-92j9b   1m    28Mi   
websocket-server-56c97f4c7-9qz6l   1m    29Mi   
websocket-server-56c97f4c7-fgp6k   4m    34Mi   
websocket-server-56c97f4c7-ggppx   10m   41Mi   
websocket-server-56c97f4c7-hjztb   1m    27Mi   
websocket-server-56c97f4c7-hxkdb   4m    31Mi   
websocket-server-56c97f4c7-jtx7h   3m    30Mi   
websocket-server-56c97f4c7-ns7r6   1m    41Mi   
1777439371
websocket-server-56c97f4c7-92j9b   1m    28Mi   
websocket-server-56c97f4c7-9qz6l   1m    29Mi   
websocket-server-56c97f4c7-fgp6k   1m    34Mi   
websocket-server-56c97f4c7-ggppx   0m    41Mi   
websocket-server-56c97f4c7-hjztb   0m    27Mi   
websocket-server-56c97f4c7-hxkdb   1m    31Mi   
websocket-server-56c97f4c7-jtx7h   1m    31Mi   
websocket-server-56c97f4c7-ns7r6   1m    41Mi   
1777439376
websocket-server-56c97f4c7-92j9b   1m    28Mi   
websocket-server-56c97f4c7-9qz6l   1m    29Mi   
websocket-server-56c97f4c7-fgp6k   1m    34Mi   
websocket-server-56c97f4c7-ggppx   0m    41Mi   
websocket-server-56c97f4c7-hjztb   0m    27Mi   
websocket-server-56c97f4c7-hxkdb   1m    31Mi   
websocket-server-56c97f4c7-jtx7h   1m    31Mi   
websocket-server-56c97f4c7-ns7r6   1m    41Mi   
1777439381
websocket-server-56c97f4c7-92j9b   1m    28Mi   
websocket-server-56c97f4c7-9qz6l   1m    29Mi   
websocket-server-56c97f4c7-fgp6k   1m    34Mi   
websocket-server-56c97f4c7-ggppx   0m    41Mi   
websocket-server-56c97f4c7-hjztb   0m    27Mi   
websocket-server-56c97f4c7-hxkdb   1m    31Mi   
websocket-server-56c97f4c7-jtx7h   1m    31Mi   
websocket-server-56c97f4c7-ns7r6   1m    41Mi   
1777439386
websocket-server-56c97f4c7-92j9b   1m    28Mi   
websocket-server-56c97f4c7-9qz6l   1m    29Mi   
websocket-server-56c97f4c7-fgp6k   1m    34Mi   
websocket-server-56c97f4c7-ggppx   1m    41Mi   
websocket-server-56c97f4c7-hjztb   0m    27Mi   
websocket-server-56c97f4c7-hxkdb   1m    31Mi   
websocket-server-56c97f4c7-jtx7h   0m    30Mi   
websocket-server-56c97f4c7-ns7r6   0m    41Mi   
1777439391
websocket-server-56c97f4c7-92j9b   1m    28Mi   
websocket-server-56c97f4c7-9qz6l   1m    29Mi   
websocket-server-56c97f4c7-fgp6k   1m    34Mi   
websocket-server-56c97f4c7-ggppx   1m    41Mi   
websocket-server-56c97f4c7-hjztb   0m    27Mi   
websocket-server-56c97f4c7-hxkdb   1m    31Mi   
websocket-server-56c97f4c7-jtx7h   0m    30Mi   
websocket-server-56c97f4c7-ns7r6   0m    41Mi   
1777439396
websocket-server-56c97f4c7-92j9b   1m    28Mi   
websocket-server-56c97f4c7-9qz6l   1m    29Mi   
websocket-server-56c97f4c7-fgp6k   1m    34Mi   
websocket-server-56c97f4c7-ggppx   1m    41Mi   
websocket-server-56c97f4c7-hjztb   0m    27Mi   
websocket-server-56c97f4c7-hxkdb   1m    31Mi   
websocket-server-56c97f4c7-jtx7h   0m    30Mi   
websocket-server-56c97f4c7-ns7r6   0m    41Mi   
1777439402
websocket-server-56c97f4c7-92j9b   1m    28Mi   
websocket-server-56c97f4c7-9qz6l   1m    29Mi   
websocket-server-56c97f4c7-fgp6k   0m    34Mi   
websocket-server-56c97f4c7-ggppx   1m    42Mi   
websocket-server-56c97f4c7-hjztb   1m    27Mi   
websocket-server-56c97f4c7-hxkdb   1m    31Mi   
websocket-server-56c97f4c7-jtx7h   1m    30Mi   
websocket-server-56c97f4c7-ns7r6   0m    41Mi   
1777439407
websocket-server-56c97f4c7-92j9b   1m    28Mi   
websocket-server-56c97f4c7-9qz6l   1m    29Mi   
websocket-server-56c97f4c7-fgp6k   0m    34Mi   
websocket-server-56c97f4c7-ggppx   1m    42Mi   
websocket-server-56c97f4c7-hjztb   1m    27Mi   
websocket-server-56c97f4c7-hxkdb   1m    31Mi   
websocket-server-56c97f4c7-jtx7h   1m    30Mi   
websocket-server-56c97f4c7-ns7r6   0m    41Mi   
1777439412
websocket-server-56c97f4c7-92j9b   1m    28Mi   
websocket-server-56c97f4c7-9qz6l   1m    29Mi   
websocket-server-56c97f4c7-fgp6k   0m    34Mi   
websocket-server-56c97f4c7-ggppx   1m    42Mi   
websocket-server-56c97f4c7-hjztb   1m    27Mi   
websocket-server-56c97f4c7-hxkdb   1m    31Mi   
websocket-server-56c97f4c7-jtx7h   1m    30Mi   
websocket-server-56c97f4c7-ns7r6   0m    41Mi   
1777439417
websocket-server-56c97f4c7-92j9b   2m    29Mi   
websocket-server-56c97f4c7-9qz6l   1m    29Mi   
websocket-server-56c97f4c7-fgp6k   0m    34Mi   
websocket-server-56c97f4c7-ggppx   2m    42Mi   
websocket-server-56c97f4c7-hjztb   1m    28Mi   
websocket-server-56c97f4c7-hxkdb   1m    31Mi   
websocket-server-56c97f4c7-jtx7h   1m    31Mi   
websocket-server-56c97f4c7-ns7r6   1m    41Mi   
1777439422
websocket-server-56c97f4c7-92j9b   2m    29Mi   
websocket-server-56c97f4c7-9qz6l   1m    29Mi   
websocket-server-56c97f4c7-fgp6k   0m    34Mi   
websocket-server-56c97f4c7-ggppx   2m    42Mi   
websocket-server-56c97f4c7-hjztb   1m    28Mi   
websocket-server-56c97f4c7-hxkdb   1m    31Mi   
websocket-server-56c97f4c7-jtx7h   1m    31Mi   
websocket-server-56c97f4c7-ns7r6   1m    41Mi   
1777439427
websocket-server-56c97f4c7-92j9b   2m    29Mi   
websocket-server-56c97f4c7-9qz6l   1m    29Mi   
websocket-server-56c97f4c7-fgp6k   0m    34Mi   
websocket-server-56c97f4c7-ggppx   2m    42Mi   
websocket-server-56c97f4c7-hjztb   1m    28Mi   
websocket-server-56c97f4c7-hxkdb   1m    31Mi   
websocket-server-56c97f4c7-jtx7h   1m    31Mi   
websocket-server-56c97f4c7-ns7r6   1m    41Mi   
1777439432
websocket-server-56c97f4c7-92j9b   2m    29Mi   
websocket-server-56c97f4c7-9qz6l   2m    30Mi   
websocket-server-56c97f4c7-fgp6k   2m    36Mi   
websocket-server-56c97f4c7-ggppx   4m    42Mi   
websocket-server-56c97f4c7-hjztb   1m    28Mi   
websocket-server-56c97f4c7-hxkdb   2m    32Mi   
websocket-server-56c97f4c7-jtx7h   2m    32Mi   
websocket-server-56c97f4c7-ns7r6   2m    42Mi   
1777439437
websocket-server-56c97f4c7-92j9b   2m    29Mi   
websocket-server-56c97f4c7-9qz6l   2m    30Mi   
websocket-server-56c97f4c7-fgp6k   2m    36Mi   
websocket-server-56c97f4c7-ggppx   4m    42Mi   
websocket-server-56c97f4c7-hjztb   1m    28Mi   
websocket-server-56c97f4c7-hxkdb   2m    32Mi   
websocket-server-56c97f4c7-jtx7h   2m    32Mi   
websocket-server-56c97f4c7-ns7r6   2m    42Mi   
1777439442
websocket-server-56c97f4c7-92j9b   2m    29Mi   
websocket-server-56c97f4c7-9qz6l   2m    30Mi   
websocket-server-56c97f4c7-fgp6k   2m    36Mi   
websocket-server-56c97f4c7-ggppx   4m    42Mi   
websocket-server-56c97f4c7-hjztb   1m    28Mi   
websocket-server-56c97f4c7-hxkdb   2m    32Mi   
websocket-server-56c97f4c7-jtx7h   2m    32Mi   
websocket-server-56c97f4c7-ns7r6   2m    42Mi   
1777439447
websocket-server-56c97f4c7-92j9b   3m    30Mi   
websocket-server-56c97f4c7-9qz6l   3m    31Mi   
websocket-server-56c97f4c7-fgp6k   4m    37Mi   
websocket-server-56c97f4c7-ggppx   4m    42Mi   
websocket-server-56c97f4c7-hjztb   3m    30Mi   
websocket-server-56c97f4c7-hxkdb   3m    33Mi   
websocket-server-56c97f4c7-jtx7h   2m    32Mi   
websocket-server-56c97f4c7-ns7r6   4m    43Mi   
1777439452
websocket-server-56c97f4c7-92j9b   3m    30Mi   
websocket-server-56c97f4c7-9qz6l   3m    31Mi   
websocket-server-56c97f4c7-fgp6k   4m    37Mi   
websocket-server-56c97f4c7-ggppx   4m    42Mi   
websocket-server-56c97f4c7-hjztb   3m    30Mi   
websocket-server-56c97f4c7-hxkdb   3m    33Mi   
websocket-server-56c97f4c7-jtx7h   2m    32Mi   
websocket-server-56c97f4c7-ns7r6   4m    43Mi   
1777439457
websocket-server-56c97f4c7-92j9b   3m    30Mi   
websocket-server-56c97f4c7-9qz6l   3m    31Mi   
websocket-server-56c97f4c7-fgp6k   4m    37Mi   
websocket-server-56c97f4c7-ggppx   4m    42Mi   
websocket-server-56c97f4c7-hjztb   3m    30Mi   
websocket-server-56c97f4c7-hxkdb   3m    33Mi   
websocket-server-56c97f4c7-jtx7h   2m    32Mi   
websocket-server-56c97f4c7-ns7r6   4m    43Mi   
1777439462
websocket-server-56c97f4c7-92j9b   4m    32Mi   
websocket-server-56c97f4c7-9qz6l   4m    32Mi   
websocket-server-56c97f4c7-fgp6k   4m    38Mi   
websocket-server-56c97f4c7-ggppx   4m    42Mi   
websocket-server-56c97f4c7-hjztb   3m    30Mi   
websocket-server-56c97f4c7-hxkdb   4m    33Mi   
websocket-server-56c97f4c7-jtx7h   4m    33Mi   
websocket-server-56c97f4c7-ns7r6   4m    43Mi   
1777439467
websocket-server-56c97f4c7-92j9b   4m    32Mi   
websocket-server-56c97f4c7-9qz6l   4m    32Mi   
websocket-server-56c97f4c7-fgp6k   4m    38Mi   
websocket-server-56c97f4c7-ggppx   4m    42Mi   
websocket-server-56c97f4c7-hjztb   3m    30Mi   
websocket-server-56c97f4c7-hxkdb   4m    33Mi   
websocket-server-56c97f4c7-jtx7h   4m    33Mi   
websocket-server-56c97f4c7-ns7r6   4m    43Mi   
1777439472
websocket-server-56c97f4c7-92j9b   4m    32Mi   
websocket-server-56c97f4c7-9qz6l   4m    32Mi   
websocket-server-56c97f4c7-fgp6k   4m    38Mi   
websocket-server-56c97f4c7-ggppx   4m    42Mi   
websocket-server-56c97f4c7-hjztb   3m    30Mi   
websocket-server-56c97f4c7-hxkdb   4m    33Mi   
websocket-server-56c97f4c7-jtx7h   4m    33Mi   
websocket-server-56c97f4c7-ns7r6   4m    43Mi   
1777439477
websocket-server-56c97f4c7-92j9b   4m    32Mi   
websocket-server-56c97f4c7-9qz6l   5m    33Mi   
websocket-server-56c97f4c7-fgp6k   6m    38Mi   
websocket-server-56c97f4c7-ggppx   6m    43Mi   
websocket-server-56c97f4c7-hjztb   4m    31Mi   
websocket-server-56c97f4c7-hxkdb   4m    33Mi   
websocket-server-56c97f4c7-jtx7h   6m    33Mi   
websocket-server-56c97f4c7-ns7r6   6m    43Mi   
1777439482
websocket-server-56c97f4c7-92j9b   4m    32Mi   
websocket-server-56c97f4c7-9qz6l   5m    33Mi   
websocket-server-56c97f4c7-fgp6k   6m    38Mi   
websocket-server-56c97f4c7-ggppx   6m    43Mi   
websocket-server-56c97f4c7-hxkdb   4m    33Mi   
websocket-server-56c97f4c7-jtx7h   6m    33Mi   
websocket-server-56c97f4c7-ns7r6   6m    43Mi   
1777439487
websocket-server-56c97f4c7-92j9b   4m    32Mi   
websocket-server-56c97f4c7-9qz6l   5m    33Mi   
websocket-server-56c97f4c7-fgp6k   6m    38Mi   
websocket-server-56c97f4c7-ggppx   6m    43Mi   
websocket-server-56c97f4c7-jtx7h   6m    33Mi   
websocket-server-56c97f4c7-ns7r6   6m    43Mi   
1777439492
websocket-server-56c97f4c7-7zbjh   2m    28Mi   
websocket-server-56c97f4c7-92j9b   6m    34Mi   
websocket-server-56c97f4c7-9qz6l   6m    34Mi   
websocket-server-56c97f4c7-fgp6k   6m    38Mi   
websocket-server-56c97f4c7-ggppx   7m    43Mi   
websocket-server-56c97f4c7-jtx7h   6m    35Mi   
websocket-server-56c97f4c7-ns7r6   7m    43Mi   
1777439497
websocket-server-56c97f4c7-7zbjh   2m    28Mi   
websocket-server-56c97f4c7-92j9b   6m    34Mi   
websocket-server-56c97f4c7-9qz6l   6m    34Mi   
websocket-server-56c97f4c7-fgp6k   6m    38Mi   
websocket-server-56c97f4c7-ggppx   7m    43Mi   
websocket-server-56c97f4c7-jtx7h   6m    35Mi   
websocket-server-56c97f4c7-ns7r6   7m    43Mi   
1777439502
websocket-server-56c97f4c7-7zbjh   2m    28Mi   
websocket-server-56c97f4c7-92j9b   6m    34Mi   
websocket-server-56c97f4c7-9qz6l   6m    34Mi   
websocket-server-56c97f4c7-fgp6k   6m    38Mi   
websocket-server-56c97f4c7-ggppx   7m    43Mi   
websocket-server-56c97f4c7-jtx7h   6m    35Mi   
websocket-server-56c97f4c7-ns7r6   7m    43Mi   
1777439508
websocket-server-56c97f4c7-5rkc5   20m   27Mi   
websocket-server-56c97f4c7-7zbjh   2m    28Mi   
websocket-server-56c97f4c7-92j9b   7m    35Mi   
websocket-server-56c97f4c7-9qz6l   7m    35Mi   
websocket-server-56c97f4c7-fgp6k   7m    40Mi   
websocket-server-56c97f4c7-ggppx   9m    44Mi   
websocket-server-56c97f4c7-jtx7h   7m    36Mi   
websocket-server-56c97f4c7-ns7r6   8m    44Mi   
websocket-server-56c97f4c7-wg87s   1m    28Mi   
1777439513
websocket-server-56c97f4c7-5rkc5   20m   27Mi   
websocket-server-56c97f4c7-7zbjh   2m    28Mi   
websocket-server-56c97f4c7-92j9b   7m    35Mi   
websocket-server-56c97f4c7-9qz6l   7m    35Mi   
websocket-server-56c97f4c7-fgp6k   7m    40Mi   
websocket-server-56c97f4c7-ggppx   9m    44Mi   
websocket-server-56c97f4c7-jtx7h   7m    36Mi   
websocket-server-56c97f4c7-ns7r6   8m    44Mi   
websocket-server-56c97f4c7-wg87s   1m    28Mi   
1777439518
websocket-server-56c97f4c7-5rkc5   20m   27Mi   
websocket-server-56c97f4c7-7zbjh   2m    28Mi   
websocket-server-56c97f4c7-92j9b   7m    35Mi   
websocket-server-56c97f4c7-9qz6l   7m    35Mi   
websocket-server-56c97f4c7-fgp6k   7m    40Mi   
websocket-server-56c97f4c7-ggppx   9m    44Mi   
websocket-server-56c97f4c7-jtx7h   7m    36Mi   
websocket-server-56c97f4c7-ns7r6   8m    44Mi   
websocket-server-56c97f4c7-wg87s   1m    28Mi   
1777439523
websocket-server-56c97f4c7-5rkc5   0m    27Mi   
websocket-server-56c97f4c7-7zbjh   2m    28Mi   
websocket-server-56c97f4c7-92j9b   6m    35Mi   
websocket-server-56c97f4c7-9qz6l   7m    35Mi   
websocket-server-56c97f4c7-fgp6k   6m    40Mi   
websocket-server-56c97f4c7-ggppx   7m    44Mi   
websocket-server-56c97f4c7-jtx7h   7m    36Mi   
websocket-server-56c97f4c7-ldpd8   1m    27Mi   
websocket-server-56c97f4c7-ns7r6   7m    44Mi   
websocket-server-56c97f4c7-wg87s   1m    28Mi   
1777439528
websocket-server-56c97f4c7-5rkc5   0m    27Mi   
websocket-server-56c97f4c7-7zbjh   2m    28Mi   
websocket-server-56c97f4c7-92j9b   6m    35Mi   
websocket-server-56c97f4c7-9qz6l   7m    35Mi   
websocket-server-56c97f4c7-fgp6k   6m    40Mi   
websocket-server-56c97f4c7-ggppx   7m    44Mi   
websocket-server-56c97f4c7-jtx7h   7m    36Mi   
websocket-server-56c97f4c7-ldpd8   1m    27Mi   
websocket-server-56c97f4c7-ns7r6   7m    44Mi   
websocket-server-56c97f4c7-wg87s   1m    28Mi   
1777439533
websocket-server-56c97f4c7-5rkc5   0m    27Mi   
websocket-server-56c97f4c7-7zbjh   2m    28Mi   
websocket-server-56c97f4c7-92j9b   6m    35Mi   
websocket-server-56c97f4c7-9qz6l   7m    35Mi   
websocket-server-56c97f4c7-fgp6k   6m    40Mi   
websocket-server-56c97f4c7-ggppx   7m    44Mi   
websocket-server-56c97f4c7-jtx7h   7m    36Mi   
websocket-server-56c97f4c7-ldpd8   1m    27Mi   
websocket-server-56c97f4c7-ns7r6   7m    44Mi   
websocket-server-56c97f4c7-wg87s   1m    28Mi   
1777439538
websocket-server-56c97f4c7-5rkc5   1m    28Mi   
websocket-server-56c97f4c7-7zbjh   2m    28Mi   
websocket-server-56c97f4c7-92j9b   3m    35Mi   
websocket-server-56c97f4c7-9qz6l   3m    35Mi   
websocket-server-56c97f4c7-fgp6k   3m    39Mi   
websocket-server-56c97f4c7-ggppx   3m    44Mi   
websocket-server-56c97f4c7-jtx7h   4m    36Mi   
websocket-server-56c97f4c7-ldpd8   0m    27Mi   
websocket-server-56c97f4c7-ns7r6   3m    43Mi   
websocket-server-56c97f4c7-wg87s   0m    28Mi   
1777439543
websocket-server-56c97f4c7-5rkc5   1m    28Mi   
websocket-server-56c97f4c7-7zbjh   2m    28Mi   
websocket-server-56c97f4c7-92j9b   3m    35Mi   
websocket-server-56c97f4c7-9qz6l   3m    35Mi   
websocket-server-56c97f4c7-fgp6k   3m    39Mi   
websocket-server-56c97f4c7-ggppx   3m    44Mi   
websocket-server-56c97f4c7-jtx7h   4m    36Mi   
websocket-server-56c97f4c7-ldpd8   0m    27Mi   
websocket-server-56c97f4c7-ns7r6   3m    43Mi   
websocket-server-56c97f4c7-wg87s   0m    28Mi   
1777439548
websocket-server-56c97f4c7-5rkc5   1m    28Mi   
websocket-server-56c97f4c7-7zbjh   2m    28Mi   
websocket-server-56c97f4c7-92j9b   3m    35Mi   
websocket-server-56c97f4c7-9qz6l   3m    35Mi   
websocket-server-56c97f4c7-fgp6k   3m    39Mi   
websocket-server-56c97f4c7-ggppx   3m    44Mi   
websocket-server-56c97f4c7-jtx7h   4m    36Mi   
websocket-server-56c97f4c7-ldpd8   0m    27Mi   
websocket-server-56c97f4c7-ns7r6   3m    43Mi   
websocket-server-56c97f4c7-wg87s   0m    28Mi   
1777439553
websocket-server-56c97f4c7-5rkc5   1m    28Mi   
websocket-server-56c97f4c7-7zbjh   1m    28Mi   
websocket-server-56c97f4c7-92j9b   2m    35Mi   
websocket-server-56c97f4c7-9qz6l   2m    35Mi   
websocket-server-56c97f4c7-fgp6k   2m    39Mi   
websocket-server-56c97f4c7-ggppx   3m    44Mi   
websocket-server-56c97f4c7-jtx7h   2m    36Mi   
websocket-server-56c97f4c7-ldpd8   1m    27Mi   
websocket-server-56c97f4c7-ns7r6   3m    44Mi   
websocket-server-56c97f4c7-wg87s   1m    28Mi   
1777439558
websocket-server-56c97f4c7-5rkc5   1m    28Mi   
websocket-server-56c97f4c7-7zbjh   1m    28Mi   
websocket-server-56c97f4c7-92j9b   2m    35Mi   
websocket-server-56c97f4c7-9qz6l   2m    35Mi   
websocket-server-56c97f4c7-fgp6k   2m    39Mi   
websocket-server-56c97f4c7-ggppx   3m    44Mi   
websocket-server-56c97f4c7-jtx7h   2m    36Mi   
websocket-server-56c97f4c7-ldpd8   1m    27Mi   
websocket-server-56c97f4c7-ns7r6   3m    44Mi   
websocket-server-56c97f4c7-wg87s   1m    28Mi   
1777439563
websocket-server-56c97f4c7-5rkc5   1m    28Mi   
websocket-server-56c97f4c7-7zbjh   1m    28Mi   
websocket-server-56c97f4c7-92j9b   2m    35Mi   
websocket-server-56c97f4c7-9qz6l   2m    35Mi   
websocket-server-56c97f4c7-fgp6k   2m    39Mi   
websocket-server-56c97f4c7-ggppx   3m    44Mi   
websocket-server-56c97f4c7-jtx7h   2m    36Mi   
websocket-server-56c97f4c7-ldpd8   1m    27Mi   
websocket-server-56c97f4c7-ns7r6   3m    44Mi   
websocket-server-56c97f4c7-wg87s   1m    28Mi   
1777439568
websocket-server-56c97f4c7-5rkc5   1m    28Mi   
websocket-server-56c97f4c7-7zbjh   1m    29Mi   
websocket-server-56c97f4c7-92j9b   2m    35Mi   
websocket-server-56c97f4c7-9qz6l   2m    35Mi   
websocket-server-56c97f4c7-fgp6k   2m    39Mi   
websocket-server-56c97f4c7-ggppx   3m    44Mi   
websocket-server-56c97f4c7-jtx7h   2m    36Mi   
websocket-server-56c97f4c7-ldpd8   0m    27Mi   
websocket-server-56c97f4c7-ns7r6   3m    43Mi   
websocket-server-56c97f4c7-wg87s   1m    28Mi   
1777439573
websocket-server-56c97f4c7-5rkc5   1m    28Mi   
websocket-server-56c97f4c7-7zbjh   1m    29Mi   
websocket-server-56c97f4c7-92j9b   2m    35Mi   
websocket-server-56c97f4c7-9qz6l   2m    35Mi   
websocket-server-56c97f4c7-fgp6k   2m    39Mi   
websocket-server-56c97f4c7-ggppx   3m    44Mi   
websocket-server-56c97f4c7-jtx7h   2m    36Mi   
websocket-server-56c97f4c7-ldpd8   0m    27Mi   
websocket-server-56c97f4c7-ns7r6   3m    43Mi   
websocket-server-56c97f4c7-wg87s   1m    28Mi   
1777439578
websocket-server-56c97f4c7-5rkc5   1m    28Mi   
websocket-server-56c97f4c7-7zbjh   1m    29Mi   
websocket-server-56c97f4c7-92j9b   2m    35Mi   
websocket-server-56c97f4c7-9qz6l   2m    35Mi   
websocket-server-56c97f4c7-fgp6k   2m    39Mi   
websocket-server-56c97f4c7-ggppx   3m    44Mi   
websocket-server-56c97f4c7-jtx7h   2m    36Mi   
websocket-server-56c97f4c7-ldpd8   0m    27Mi   
websocket-server-56c97f4c7-ns7r6   3m    43Mi   
websocket-server-56c97f4c7-wg87s   1m    28Mi   
1777439583
websocket-server-56c97f4c7-5rkc5   1m    28Mi   
websocket-server-56c97f4c7-7zbjh   1m    28Mi   
websocket-server-56c97f4c7-92j9b   2m    35Mi   
websocket-server-56c97f4c7-9qz6l   7m    34Mi   
websocket-server-56c97f4c7-fgp6k   2m    39Mi   
websocket-server-56c97f4c7-ggppx   3m    43Mi   
websocket-server-56c97f4c7-jtx7h   3m    36Mi   
websocket-server-56c97f4c7-ldpd8   0m    27Mi   
websocket-server-56c97f4c7-ns7r6   3m    44Mi   
websocket-server-56c97f4c7-wg87s   1m    28Mi   
1777439588
websocket-server-56c97f4c7-5rkc5   1m    28Mi   
websocket-server-56c97f4c7-7zbjh   1m    28Mi   
websocket-server-56c97f4c7-92j9b   2m    35Mi   
websocket-server-56c97f4c7-9qz6l   7m    34Mi   
websocket-server-56c97f4c7-fgp6k   2m    39Mi   
websocket-server-56c97f4c7-ggppx   3m    43Mi   
websocket-server-56c97f4c7-jtx7h   3m    36Mi   
websocket-server-56c97f4c7-ldpd8   0m    27Mi   
websocket-server-56c97f4c7-ns7r6   3m    44Mi   
websocket-server-56c97f4c7-wg87s   1m    28Mi   
1777439593
websocket-server-56c97f4c7-5rkc5   1m    28Mi   
websocket-server-56c97f4c7-7zbjh   1m    28Mi   
websocket-server-56c97f4c7-92j9b   2m    35Mi   
websocket-server-56c97f4c7-9qz6l   7m    34Mi   
websocket-server-56c97f4c7-fgp6k   2m    39Mi   
websocket-server-56c97f4c7-ggppx   3m    43Mi   
websocket-server-56c97f4c7-jtx7h   3m    36Mi   
websocket-server-56c97f4c7-ldpd8   0m    27Mi   
websocket-server-56c97f4c7-ns7r6   3m    44Mi   
websocket-server-56c97f4c7-wg87s   1m    28Mi   
1777439599
websocket-server-56c97f4c7-5rkc5   1m    28Mi   
websocket-server-56c97f4c7-7zbjh   2m    28Mi   
websocket-server-56c97f4c7-92j9b   5m    34Mi   
websocket-server-56c97f4c7-9qz6l   7m    34Mi   
websocket-server-56c97f4c7-fgp6k   5m    39Mi   
websocket-server-56c97f4c7-ggppx   7m    43Mi   
websocket-server-56c97f4c7-jtx7h   4m    35Mi   
websocket-server-56c97f4c7-ldpd8   1m    27Mi   
websocket-server-56c97f4c7-ns7r6   5m    43Mi   
websocket-server-56c97f4c7-wg87s   1m    28Mi   
1777439604
websocket-server-56c97f4c7-5rkc5   1m    28Mi   
websocket-server-56c97f4c7-7zbjh   2m    28Mi   
websocket-server-56c97f4c7-92j9b   5m    34Mi   
websocket-server-56c97f4c7-9qz6l   7m    34Mi   
websocket-server-56c97f4c7-fgp6k   5m    39Mi   
websocket-server-56c97f4c7-ggppx   7m    43Mi   
websocket-server-56c97f4c7-jtx7h   4m    35Mi   
websocket-server-56c97f4c7-ldpd8   1m    27Mi   
websocket-server-56c97f4c7-ns7r6   5m    43Mi   
websocket-server-56c97f4c7-wg87s   1m    28Mi   
1777439609
websocket-server-56c97f4c7-5rkc5   1m    28Mi   
websocket-server-56c97f4c7-7zbjh   2m    28Mi   
websocket-server-56c97f4c7-92j9b   5m    34Mi   
websocket-server-56c97f4c7-9qz6l   7m    34Mi   
websocket-server-56c97f4c7-fgp6k   5m    39Mi   
websocket-server-56c97f4c7-ggppx   7m    43Mi   
websocket-server-56c97f4c7-jtx7h   4m    35Mi   
websocket-server-56c97f4c7-ldpd8   1m    27Mi   
websocket-server-56c97f4c7-ns7r6   5m    43Mi   
websocket-server-56c97f4c7-wg87s   1m    28Mi   
1777439614
websocket-server-56c97f4c7-5rkc5   1m    28Mi   
websocket-server-56c97f4c7-7zbjh   1m    28Mi   
websocket-server-56c97f4c7-92j9b   1m    34Mi   
websocket-server-56c97f4c7-9qz6l   1m    34Mi   
websocket-server-56c97f4c7-fgp6k   1m    39Mi   
websocket-server-56c97f4c7-ggppx   1m    43Mi   
websocket-server-56c97f4c7-jtx7h   1m    35Mi   
websocket-server-56c97f4c7-ldpd8   1m    27Mi   
websocket-server-56c97f4c7-ns7r6   1m    43Mi   
websocket-server-56c97f4c7-wg87s   1m    28Mi   
1777439619
websocket-server-56c97f4c7-5rkc5   1m    28Mi   
websocket-server-56c97f4c7-7zbjh   1m    28Mi   
websocket-server-56c97f4c7-92j9b   1m    34Mi   
websocket-server-56c97f4c7-9qz6l   1m    34Mi   
websocket-server-56c97f4c7-fgp6k   1m    39Mi   
websocket-server-56c97f4c7-ggppx   1m    43Mi   
websocket-server-56c97f4c7-jtx7h   1m    35Mi   
websocket-server-56c97f4c7-ldpd8   1m    27Mi   
websocket-server-56c97f4c7-ns7r6   1m    43Mi   
websocket-server-56c97f4c7-wg87s   1m    28Mi   
1777439624
websocket-server-56c97f4c7-5rkc5   1m    28Mi   
websocket-server-56c97f4c7-7zbjh   1m    28Mi   
websocket-server-56c97f4c7-92j9b   1m    34Mi   
websocket-server-56c97f4c7-9qz6l   1m    34Mi   
websocket-server-56c97f4c7-fgp6k   1m    39Mi   
websocket-server-56c97f4c7-ggppx   1m    43Mi   
websocket-server-56c97f4c7-jtx7h   1m    35Mi   
websocket-server-56c97f4c7-ldpd8   1m    27Mi   
websocket-server-56c97f4c7-ns7r6   1m    43Mi   
websocket-server-56c97f4c7-wg87s   1m    28Mi   
1777439629
websocket-server-56c97f4c7-5rkc5   1m    28Mi   
websocket-server-56c97f4c7-7zbjh   1m    28Mi   
websocket-server-56c97f4c7-92j9b   1m    34Mi   
websocket-server-56c97f4c7-9qz6l   1m    34Mi   
websocket-server-56c97f4c7-fgp6k   1m    39Mi   
websocket-server-56c97f4c7-ggppx   1m    43Mi   
websocket-server-56c97f4c7-jtx7h   1m    35Mi   
websocket-server-56c97f4c7-ldpd8   1m    27Mi   
websocket-server-56c97f4c7-ns7r6   1m    43Mi   
websocket-server-56c97f4c7-wg87s   1m    28Mi   
1777439634
websocket-server-56c97f4c7-5rkc5   1m    28Mi   
websocket-server-56c97f4c7-7zbjh   1m    28Mi   
websocket-server-56c97f4c7-92j9b   1m    34Mi   
websocket-server-56c97f4c7-9qz6l   1m    34Mi   
websocket-server-56c97f4c7-fgp6k   1m    39Mi   
websocket-server-56c97f4c7-ggppx   1m    43Mi   
websocket-server-56c97f4c7-jtx7h   1m    35Mi   
websocket-server-56c97f4c7-ldpd8   1m    27Mi   
websocket-server-56c97f4c7-ns7r6   1m    43Mi   
websocket-server-56c97f4c7-wg87s   1m    28Mi   
1777439639
websocket-server-56c97f4c7-5rkc5   1m    28Mi   
websocket-server-56c97f4c7-7zbjh   1m    28Mi   
websocket-server-56c97f4c7-92j9b   1m    34Mi   
websocket-server-56c97f4c7-9qz6l   1m    34Mi   
websocket-server-56c97f4c7-fgp6k   1m    39Mi   
websocket-server-56c97f4c7-ggppx   1m    43Mi   
websocket-server-56c97f4c7-jtx7h   1m    35Mi   
websocket-server-56c97f4c7-ldpd8   1m    27Mi   
websocket-server-56c97f4c7-ns7r6   1m    43Mi   
websocket-server-56c97f4c7-wg87s   1m    28Mi   
1777439644
websocket-server-56c97f4c7-5rkc5   1m    28Mi   
websocket-server-56c97f4c7-7zbjh   1m    28Mi   
websocket-server-56c97f4c7-92j9b   0m    34Mi   
websocket-server-56c97f4c7-9qz6l   1m    34Mi   
websocket-server-56c97f4c7-fgp6k   1m    39Mi   
websocket-server-56c97f4c7-ggppx   1m    43Mi   
websocket-server-56c97f4c7-jtx7h   1m    35Mi   
websocket-server-56c97f4c7-ldpd8   1m    27Mi   
websocket-server-56c97f4c7-ns7r6   1m    43Mi   
websocket-server-56c97f4c7-wg87s   1m    28Mi   
1777439649
websocket-server-56c97f4c7-5rkc5   1m    28Mi   
websocket-server-56c97f4c7-7zbjh   1m    28Mi   
websocket-server-56c97f4c7-92j9b   0m    34Mi   
websocket-server-56c97f4c7-9qz6l   1m    34Mi   
websocket-server-56c97f4c7-fgp6k   1m    39Mi   
websocket-server-56c97f4c7-ggppx   1m    43Mi   
websocket-server-56c97f4c7-jtx7h   1m    35Mi   
websocket-server-56c97f4c7-ldpd8   1m    27Mi   
websocket-server-56c97f4c7-ns7r6   1m    43Mi   
websocket-server-56c97f4c7-wg87s   1m    28Mi   
1777439654
websocket-server-56c97f4c7-7zbjh   1m    28Mi   
websocket-server-56c97f4c7-92j9b   0m    34Mi   
websocket-server-56c97f4c7-9qz6l   1m    34Mi   
websocket-server-56c97f4c7-fgp6k   1m    39Mi   
websocket-server-56c97f4c7-ggppx   1m    43Mi   
websocket-server-56c97f4c7-jtx7h   1m    35Mi   
websocket-server-56c97f4c7-ns7r6   1m    43Mi   
websocket-server-56c97f4c7-wg87s   1m    28Mi   
1777439659
websocket-server-56c97f4c7-7zbjh   1m    28Mi   
websocket-server-56c97f4c7-92j9b   0m    34Mi   
websocket-server-56c97f4c7-9qz6l   1m    34Mi   
websocket-server-56c97f4c7-fgp6k   1m    39Mi   
websocket-server-56c97f4c7-ggppx   1m    43Mi   
websocket-server-56c97f4c7-jtx7h   1m    35Mi   
websocket-server-56c97f4c7-ns7r6   1m    43Mi   
websocket-server-56c97f4c7-wg87s   1m    28Mi   
1777439664
websocket-server-56c97f4c7-7zbjh   1m    28Mi   
websocket-server-56c97f4c7-92j9b   0m    34Mi   
websocket-server-56c97f4c7-9qz6l   1m    34Mi   
websocket-server-56c97f4c7-fgp6k   1m    39Mi   
websocket-server-56c97f4c7-ggppx   1m    43Mi   
websocket-server-56c97f4c7-jtx7h   1m    35Mi   
websocket-server-56c97f4c7-ns7r6   1m    43Mi   
websocket-server-56c97f4c7-wg87s   1m    28Mi   
1777439669
websocket-server-56c97f4c7-7zbjh   1m    28Mi   
websocket-server-56c97f4c7-92j9b   0m    34Mi   
websocket-server-56c97f4c7-9qz6l   1m    34Mi   
websocket-server-56c97f4c7-fgp6k   1m    39Mi   
websocket-server-56c97f4c7-ggppx   1m    43Mi   
websocket-server-56c97f4c7-jtx7h   1m    35Mi   
websocket-server-56c97f4c7-ns7r6   1m    43Mi   
websocket-server-56c97f4c7-wg87s   1m    28Mi   
1777439674
websocket-server-56c97f4c7-7zbjh   1m    28Mi   
websocket-server-56c97f4c7-92j9b   1m    34Mi   
websocket-server-56c97f4c7-9qz6l   1m    34Mi   
websocket-server-56c97f4c7-fgp6k   1m    39Mi   
websocket-server-56c97f4c7-ggppx   1m    43Mi   
websocket-server-56c97f4c7-jtx7h   1m    35Mi   
websocket-server-56c97f4c7-ns7r6   1m    43Mi   
websocket-server-56c97f4c7-wg87s   1m    28Mi   
1777439679
websocket-server-56c97f4c7-7zbjh   1m    28Mi   
websocket-server-56c97f4c7-92j9b   1m    34Mi   
websocket-server-56c97f4c7-9qz6l   1m    34Mi   
websocket-server-56c97f4c7-fgp6k   1m    39Mi   
websocket-server-56c97f4c7-ggppx   1m    43Mi   
websocket-server-56c97f4c7-jtx7h   1m    35Mi   
websocket-server-56c97f4c7-ns7r6   1m    43Mi   
websocket-server-56c97f4c7-wg87s   1m    28Mi   
1777439684
websocket-server-56c97f4c7-7zbjh   1m    28Mi   
websocket-server-56c97f4c7-92j9b   1m    34Mi   
websocket-server-56c97f4c7-9qz6l   1m    34Mi   
websocket-server-56c97f4c7-fgp6k   1m    39Mi   
websocket-server-56c97f4c7-ggppx   1m    43Mi   
websocket-server-56c97f4c7-jtx7h   1m    35Mi   
websocket-server-56c97f4c7-ns7r6   1m    43Mi   
websocket-server-56c97f4c7-wg87s   1m    28Mi   
1777439689
websocket-server-56c97f4c7-7zbjh   1m    28Mi   
websocket-server-56c97f4c7-92j9b   1m    34Mi   
websocket-server-56c97f4c7-9qz6l   1m    34Mi   
websocket-server-56c97f4c7-fgp6k   1m    39Mi   
websocket-server-56c97f4c7-ggppx   1m    43Mi   
websocket-server-56c97f4c7-jtx7h   1m    35Mi   
websocket-server-56c97f4c7-ns7r6   1m    43Mi   
websocket-server-56c97f4c7-wg87s   1m    28Mi   
1777439694
websocket-server-56c97f4c7-7zbjh   1m    28Mi   
websocket-server-56c97f4c7-92j9b   1m    34Mi   
websocket-server-56c97f4c7-9qz6l   1m    34Mi   
websocket-server-56c97f4c7-fgp6k   1m    39Mi   
websocket-server-56c97f4c7-ggppx   1m    43Mi   
websocket-server-56c97f4c7-jtx7h   1m    35Mi   
websocket-server-56c97f4c7-ns7r6   1m    43Mi   
websocket-server-56c97f4c7-wg87s   1m    28Mi   
1777439699
websocket-server-56c97f4c7-7zbjh   1m    28Mi   
websocket-server-56c97f4c7-92j9b   1m    34Mi   
websocket-server-56c97f4c7-9qz6l   1m    34Mi   
websocket-server-56c97f4c7-fgp6k   1m    39Mi   
websocket-server-56c97f4c7-ggppx   1m    43Mi   
websocket-server-56c97f4c7-jtx7h   1m    35Mi   
websocket-server-56c97f4c7-ns7r6   1m    43Mi   
websocket-server-56c97f4c7-wg87s   1m    28Mi   
1777439705
websocket-server-56c97f4c7-7zbjh   1m    28Mi   
websocket-server-56c97f4c7-92j9b   1m    34Mi   
websocket-server-56c97f4c7-9qz6l   1m    34Mi   
websocket-server-56c97f4c7-fgp6k   1m    39Mi   
websocket-server-56c97f4c7-ggppx   1m    43Mi   
websocket-server-56c97f4c7-jtx7h   1m    35Mi   
websocket-server-56c97f4c7-ns7r6   0m    43Mi   
websocket-server-56c97f4c7-wg87s   1m    28Mi   
1777439710
websocket-server-56c97f4c7-7zbjh   1m    28Mi   
websocket-server-56c97f4c7-92j9b   1m    34Mi   
websocket-server-56c97f4c7-9qz6l   1m    34Mi   
websocket-server-56c97f4c7-fgp6k   1m    39Mi   
websocket-server-56c97f4c7-ggppx   1m    43Mi   
websocket-server-56c97f4c7-jtx7h   1m    35Mi   
websocket-server-56c97f4c7-ns7r6   0m    43Mi   
websocket-server-56c97f4c7-wg87s   1m    28Mi   
1777439715
websocket-server-56c97f4c7-7zbjh   1m    28Mi   
websocket-server-56c97f4c7-92j9b   1m    34Mi   
websocket-server-56c97f4c7-9qz6l   1m    34Mi   
websocket-server-56c97f4c7-fgp6k   1m    39Mi   
websocket-server-56c97f4c7-ggppx   1m    43Mi   
websocket-server-56c97f4c7-jtx7h   1m    35Mi   
websocket-server-56c97f4c7-ns7r6   0m    43Mi   
websocket-server-56c97f4c7-wg87s   1m    28Mi   
1777439720
websocket-server-56c97f4c7-7zbjh   1m    28Mi   
websocket-server-56c97f4c7-92j9b   1m    35Mi   
websocket-server-56c97f4c7-9qz6l   1m    34Mi   
websocket-server-56c97f4c7-fgp6k   1m    39Mi   
websocket-server-56c97f4c7-ggppx   1m    43Mi   
websocket-server-56c97f4c7-jtx7h   1m    35Mi   
websocket-server-56c97f4c7-ns7r6   0m    43Mi   
websocket-server-56c97f4c7-wg87s   1m    28Mi   
1777439725
websocket-server-56c97f4c7-7zbjh   1m    28Mi   
websocket-server-56c97f4c7-92j9b   1m    35Mi   
websocket-server-56c97f4c7-9qz6l   1m    34Mi   
websocket-server-56c97f4c7-fgp6k   1m    39Mi   
websocket-server-56c97f4c7-ggppx   1m    43Mi   
websocket-server-56c97f4c7-jtx7h   1m    35Mi   
websocket-server-56c97f4c7-ns7r6   0m    43Mi   
websocket-server-56c97f4c7-wg87s   1m    28Mi   
1777439730
websocket-server-56c97f4c7-92j9b   1m    35Mi   
websocket-server-56c97f4c7-9qz6l   1m    34Mi   
websocket-server-56c97f4c7-fgp6k   1m    39Mi   
websocket-server-56c97f4c7-ggppx   1m    43Mi   
websocket-server-56c97f4c7-jtx7h   1m    35Mi   
websocket-server-56c97f4c7-ns7r6   0m    43Mi   
1777439735
websocket-server-56c97f4c7-92j9b   1m    34Mi   
websocket-server-56c97f4c7-fgp6k   1m    39Mi   
websocket-server-56c97f4c7-ggppx   1m    43Mi   
websocket-server-56c97f4c7-ns7r6   1m    43Mi   
1777439740
websocket-server-56c97f4c7-ggppx   1m    43Mi   
websocket-server-56c97f4c7-ns7r6   1m    43Mi   
