1781621796
websocket-server-56c97f4c7-6q5vs   1m    95Mi   
websocket-server-56c97f4c7-t7zg4   1m    95Mi   
1781621801
websocket-server-56c97f4c7-6q5vs   1m    95Mi   
websocket-server-56c97f4c7-t7zg4   1m    95Mi   
1781621806
websocket-server-56c97f4c7-6q5vs   1m    95Mi   
websocket-server-56c97f4c7-t7zg4   1m    95Mi   
1781621811
websocket-server-56c97f4c7-6q5vs   1m    95Mi   
websocket-server-56c97f4c7-t7zg4   1m    95Mi   
1781621816
websocket-server-56c97f4c7-6q5vs   1m    95Mi   
websocket-server-56c97f4c7-t7zg4   1m    95Mi   
1781621821
websocket-server-56c97f4c7-6q5vs   0m    95Mi   
websocket-server-56c97f4c7-t7zg4   1m    95Mi   
1781621826
websocket-server-56c97f4c7-6q5vs   0m    95Mi   
websocket-server-56c97f4c7-t7zg4   1m    95Mi   
1781621831
websocket-server-56c97f4c7-6q5vs   0m    95Mi   
websocket-server-56c97f4c7-t7zg4   1m    95Mi   
1781621836
websocket-server-56c97f4c7-6q5vs   3m    95Mi   
websocket-server-56c97f4c7-t7zg4   5m    95Mi   
1781621841
websocket-server-56c97f4c7-6q5vs   3m    95Mi   
websocket-server-56c97f4c7-t7zg4   5m    95Mi   
1781621846
websocket-server-56c97f4c7-6q5vs   3m    95Mi   
websocket-server-56c97f4c7-t7zg4   5m    95Mi   
1781621851
websocket-server-56c97f4c7-6q5vs   7m    96Mi   
websocket-server-56c97f4c7-t7zg4   8m    95Mi   
1781621857
websocket-server-56c97f4c7-6q5vs   7m    96Mi   
websocket-server-56c97f4c7-t7zg4   8m    95Mi   
1781621862
websocket-server-56c97f4c7-6q5vs   7m    96Mi   
websocket-server-56c97f4c7-t7zg4   8m    95Mi   
1781621867
websocket-server-56c97f4c7-6q5vs   10m   96Mi   
websocket-server-56c97f4c7-k5ddj   3m    29Mi   
websocket-server-56c97f4c7-t7zg4   11m   96Mi   
1781621872
websocket-server-56c97f4c7-6q5vs   10m   96Mi   
websocket-server-56c97f4c7-k5ddj   3m    29Mi   
websocket-server-56c97f4c7-t7zg4   11m   96Mi   
1781621877
websocket-server-56c97f4c7-6q5vs   10m   96Mi   
websocket-server-56c97f4c7-k5ddj   3m    29Mi   
websocket-server-56c97f4c7-t7zg4   11m   96Mi   
1781621882
websocket-server-56c97f4c7-4wx7r   20m   28Mi   
websocket-server-56c97f4c7-6q5vs   12m   96Mi   
websocket-server-56c97f4c7-k5ddj   6m    32Mi   
websocket-server-56c97f4c7-t7zg4   13m   96Mi   
1781621887
websocket-server-56c97f4c7-4wx7r   20m   28Mi   
websocket-server-56c97f4c7-6q5vs   12m   96Mi   
websocket-server-56c97f4c7-k5ddj   6m    32Mi   
websocket-server-56c97f4c7-t7zg4   13m   96Mi   
1781621892
websocket-server-56c97f4c7-4wx7r   20m   28Mi   
websocket-server-56c97f4c7-6q5vs   12m   96Mi   
websocket-server-56c97f4c7-k5ddj   6m    32Mi   
websocket-server-56c97f4c7-t7zg4   13m   96Mi   
1781621897
websocket-server-56c97f4c7-4wx7r   4m    30Mi   
websocket-server-56c97f4c7-6q5vs   13m   96Mi   
websocket-server-56c97f4c7-hbr9g   2m    28Mi   
websocket-server-56c97f4c7-k5ddj   6m    32Mi   
websocket-server-56c97f4c7-t7zg4   14m   96Mi   
websocket-server-56c97f4c7-zcwn7   20m   29Mi   
1781621902
websocket-server-56c97f4c7-4wx7r   4m    30Mi   
websocket-server-56c97f4c7-6q5vs   13m   96Mi   
websocket-server-56c97f4c7-hbr9g   2m    28Mi   
websocket-server-56c97f4c7-k5ddj   6m    32Mi   
websocket-server-56c97f4c7-t7zg4   14m   96Mi   
websocket-server-56c97f4c7-zcwn7   20m   29Mi   
1781621907
websocket-server-56c97f4c7-4wx7r   5m    32Mi   
websocket-server-56c97f4c7-6q5vs   13m   96Mi   
websocket-server-56c97f4c7-c92km   20m   28Mi   
websocket-server-56c97f4c7-hbr9g   2m    28Mi   
websocket-server-56c97f4c7-k5ddj   7m    35Mi   
websocket-server-56c97f4c7-t7zg4   14m   96Mi   
websocket-server-56c97f4c7-zcwn7   2m    29Mi   
1781621912
websocket-server-56c97f4c7-4wx7r   5m    32Mi   
websocket-server-56c97f4c7-6q5vs   13m   96Mi   
websocket-server-56c97f4c7-c92km   20m   28Mi   
websocket-server-56c97f4c7-hbr9g   2m    28Mi   
websocket-server-56c97f4c7-k5ddj   7m    35Mi   
websocket-server-56c97f4c7-t7zg4   14m   96Mi   
websocket-server-56c97f4c7-zcwn7   2m    29Mi   
1781621917
websocket-server-56c97f4c7-4wx7r   5m    32Mi   
websocket-server-56c97f4c7-6q5vs   13m   96Mi   
websocket-server-56c97f4c7-c92km   20m   28Mi   
websocket-server-56c97f4c7-hbr9g   2m    28Mi   
websocket-server-56c97f4c7-k5ddj   7m    35Mi   
websocket-server-56c97f4c7-t7zg4   14m   96Mi   
websocket-server-56c97f4c7-zcwn7   2m    29Mi   
1781621922
websocket-server-56c97f4c7-4wx7r   5m    32Mi   
websocket-server-56c97f4c7-6q5vs   14m   97Mi   
websocket-server-56c97f4c7-b5phf   19m   28Mi   
websocket-server-56c97f4c7-c92km   1m    28Mi   
websocket-server-56c97f4c7-hbr9g   2m    29Mi   
websocket-server-56c97f4c7-k5ddj   8m    35Mi   
websocket-server-56c97f4c7-t7zg4   14m   96Mi   
websocket-server-56c97f4c7-zcwn7   2m    30Mi   
1781621927
websocket-server-56c97f4c7-4wx7r   5m    32Mi   
websocket-server-56c97f4c7-6q5vs   14m   97Mi   
websocket-server-56c97f4c7-b5phf   19m   28Mi   
websocket-server-56c97f4c7-c92km   1m    28Mi   
websocket-server-56c97f4c7-hbr9g   2m    29Mi   
websocket-server-56c97f4c7-k5ddj   8m    35Mi   
websocket-server-56c97f4c7-t7zg4   14m   96Mi   
websocket-server-56c97f4c7-zcwn7   2m    30Mi   
1781621932
websocket-server-56c97f4c7-4wx7r   5m    32Mi   
websocket-server-56c97f4c7-6q5vs   14m   97Mi   
websocket-server-56c97f4c7-b5phf   19m   28Mi   
websocket-server-56c97f4c7-c92km   1m    28Mi   
websocket-server-56c97f4c7-hbr9g   2m    29Mi   
websocket-server-56c97f4c7-k5ddj   8m    35Mi   
websocket-server-56c97f4c7-t7zg4   14m   96Mi   
websocket-server-56c97f4c7-zcwn7   2m    30Mi   
1781621937
websocket-server-56c97f4c7-4wx7r   5m    32Mi   
websocket-server-56c97f4c7-6q5vs   13m   97Mi   
websocket-server-56c97f4c7-b5phf   0m    28Mi   
websocket-server-56c97f4c7-c92km   1m    28Mi   
websocket-server-56c97f4c7-hbr9g   2m    29Mi   
websocket-server-56c97f4c7-k5ddj   8m    35Mi   
websocket-server-56c97f4c7-t7zg4   14m   96Mi   
websocket-server-56c97f4c7-zcwn7   2m    30Mi   
1781621942
websocket-server-56c97f4c7-4wx7r   5m    32Mi   
websocket-server-56c97f4c7-6q5vs   13m   97Mi   
websocket-server-56c97f4c7-b5phf   0m    28Mi   
websocket-server-56c97f4c7-c92km   1m    28Mi   
websocket-server-56c97f4c7-hbr9g   2m    29Mi   
websocket-server-56c97f4c7-k5ddj   8m    35Mi   
websocket-server-56c97f4c7-t7zg4   14m   96Mi   
websocket-server-56c97f4c7-zcwn7   2m    30Mi   
1781621947
websocket-server-56c97f4c7-4wx7r   5m    32Mi   
websocket-server-56c97f4c7-6q5vs   13m   97Mi   
websocket-server-56c97f4c7-b5phf   0m    28Mi   
websocket-server-56c97f4c7-c92km   1m    28Mi   
websocket-server-56c97f4c7-hbr9g   2m    29Mi   
websocket-server-56c97f4c7-k5ddj   8m    35Mi   
websocket-server-56c97f4c7-t7zg4   14m   96Mi   
websocket-server-56c97f4c7-zcwn7   2m    30Mi   
1781621952
websocket-server-56c97f4c7-4wx7r   4m    32Mi   
websocket-server-56c97f4c7-6q5vs   5m    96Mi   
websocket-server-56c97f4c7-b5phf   1m    28Mi   
websocket-server-56c97f4c7-c92km   1m    28Mi   
websocket-server-56c97f4c7-hbr9g   1m    29Mi   
websocket-server-56c97f4c7-k5ddj   4m    35Mi   
websocket-server-56c97f4c7-t7zg4   11m   96Mi   
websocket-server-56c97f4c7-zcwn7   1m    30Mi   
1781621957
websocket-server-56c97f4c7-4wx7r   4m    32Mi   
websocket-server-56c97f4c7-6q5vs   5m    96Mi   
websocket-server-56c97f4c7-b5phf   1m    28Mi   
websocket-server-56c97f4c7-c92km   1m    28Mi   
websocket-server-56c97f4c7-hbr9g   1m    29Mi   
websocket-server-56c97f4c7-k5ddj   4m    35Mi   
websocket-server-56c97f4c7-t7zg4   11m   96Mi   
websocket-server-56c97f4c7-zcwn7   1m    30Mi   
1781621963
websocket-server-56c97f4c7-4wx7r   4m    32Mi   
websocket-server-56c97f4c7-6q5vs   5m    96Mi   
websocket-server-56c97f4c7-b5phf   1m    28Mi   
websocket-server-56c97f4c7-c92km   1m    28Mi   
websocket-server-56c97f4c7-hbr9g   1m    29Mi   
websocket-server-56c97f4c7-k5ddj   4m    35Mi   
websocket-server-56c97f4c7-t7zg4   11m   96Mi   
websocket-server-56c97f4c7-zcwn7   1m    30Mi   
1781621968
websocket-server-56c97f4c7-4wx7r   2m    32Mi   
websocket-server-56c97f4c7-6q5vs   5m    96Mi   
websocket-server-56c97f4c7-b5phf   1m    28Mi   
websocket-server-56c97f4c7-c92km   1m    28Mi   
websocket-server-56c97f4c7-hbr9g   1m    29Mi   
websocket-server-56c97f4c7-k5ddj   3m    35Mi   
websocket-server-56c97f4c7-t7zg4   5m    96Mi   
websocket-server-56c97f4c7-zcwn7   1m    30Mi   
1781621973
websocket-server-56c97f4c7-4wx7r   2m    32Mi   
websocket-server-56c97f4c7-6q5vs   5m    96Mi   
websocket-server-56c97f4c7-b5phf   1m    28Mi   
websocket-server-56c97f4c7-c92km   1m    28Mi   
websocket-server-56c97f4c7-hbr9g   1m    29Mi   
websocket-server-56c97f4c7-k5ddj   3m    35Mi   
websocket-server-56c97f4c7-t7zg4   5m    96Mi   
websocket-server-56c97f4c7-zcwn7   1m    30Mi   
1781621978
websocket-server-56c97f4c7-4wx7r   2m    32Mi   
websocket-server-56c97f4c7-6q5vs   5m    96Mi   
websocket-server-56c97f4c7-b5phf   1m    28Mi   
websocket-server-56c97f4c7-c92km   1m    28Mi   
websocket-server-56c97f4c7-hbr9g   1m    29Mi   
websocket-server-56c97f4c7-k5ddj   3m    35Mi   
websocket-server-56c97f4c7-t7zg4   5m    96Mi   
websocket-server-56c97f4c7-zcwn7   1m    30Mi   
1781621983
websocket-server-56c97f4c7-4wx7r   2m    32Mi   
websocket-server-56c97f4c7-6q5vs   4m    96Mi   
websocket-server-56c97f4c7-b5phf   0m    28Mi   
websocket-server-56c97f4c7-c92km   1m    28Mi   
websocket-server-56c97f4c7-hbr9g   1m    29Mi   
websocket-server-56c97f4c7-k5ddj   3m    35Mi   
websocket-server-56c97f4c7-t7zg4   5m    96Mi   
websocket-server-56c97f4c7-zcwn7   1m    30Mi   
1781621988
websocket-server-56c97f4c7-4wx7r   2m    32Mi   
websocket-server-56c97f4c7-6q5vs   4m    96Mi   
websocket-server-56c97f4c7-b5phf   0m    28Mi   
websocket-server-56c97f4c7-c92km   1m    28Mi   
websocket-server-56c97f4c7-hbr9g   1m    29Mi   
websocket-server-56c97f4c7-k5ddj   3m    35Mi   
websocket-server-56c97f4c7-t7zg4   5m    96Mi   
websocket-server-56c97f4c7-zcwn7   1m    30Mi   
1781621993
websocket-server-56c97f4c7-4wx7r   2m    32Mi   
websocket-server-56c97f4c7-6q5vs   4m    96Mi   
websocket-server-56c97f4c7-b5phf   0m    28Mi   
websocket-server-56c97f4c7-c92km   1m    28Mi   
websocket-server-56c97f4c7-hbr9g   1m    29Mi   
websocket-server-56c97f4c7-k5ddj   3m    35Mi   
websocket-server-56c97f4c7-t7zg4   5m    96Mi   
websocket-server-56c97f4c7-zcwn7   1m    30Mi   
1781621998
websocket-server-56c97f4c7-4wx7r   2m    32Mi   
websocket-server-56c97f4c7-6q5vs   5m    96Mi   
websocket-server-56c97f4c7-b5phf   1m    28Mi   
websocket-server-56c97f4c7-c92km   1m    29Mi   
websocket-server-56c97f4c7-hbr9g   1m    29Mi   
websocket-server-56c97f4c7-k5ddj   3m    35Mi   
websocket-server-56c97f4c7-t7zg4   5m    96Mi   
websocket-server-56c97f4c7-zcwn7   1m    30Mi   
1781622003
websocket-server-56c97f4c7-4wx7r   2m    32Mi   
websocket-server-56c97f4c7-6q5vs   5m    96Mi   
websocket-server-56c97f4c7-b5phf   1m    28Mi   
websocket-server-56c97f4c7-c92km   1m    29Mi   
websocket-server-56c97f4c7-hbr9g   1m    29Mi   
websocket-server-56c97f4c7-k5ddj   3m    35Mi   
websocket-server-56c97f4c7-t7zg4   5m    96Mi   
websocket-server-56c97f4c7-zcwn7   1m    30Mi   
1781622008
websocket-server-56c97f4c7-4wx7r   2m    32Mi   
websocket-server-56c97f4c7-6q5vs   5m    96Mi   
websocket-server-56c97f4c7-b5phf   1m    28Mi   
websocket-server-56c97f4c7-c92km   1m    29Mi   
websocket-server-56c97f4c7-hbr9g   1m    29Mi   
websocket-server-56c97f4c7-k5ddj   3m    35Mi   
websocket-server-56c97f4c7-t7zg4   5m    96Mi   
websocket-server-56c97f4c7-zcwn7   1m    30Mi   
1781622013
websocket-server-56c97f4c7-4wx7r   3m    32Mi   
websocket-server-56c97f4c7-6q5vs   9m    95Mi   
websocket-server-56c97f4c7-b5phf   1m    28Mi   
websocket-server-56c97f4c7-c92km   1m    28Mi   
websocket-server-56c97f4c7-hbr9g   2m    29Mi   
websocket-server-56c97f4c7-k5ddj   4m    34Mi   
websocket-server-56c97f4c7-t7zg4   9m    95Mi   
websocket-server-56c97f4c7-zcwn7   1m    30Mi   
1781622018
websocket-server-56c97f4c7-4wx7r   3m    32Mi   
websocket-server-56c97f4c7-6q5vs   9m    95Mi   
websocket-server-56c97f4c7-b5phf   1m    28Mi   
websocket-server-56c97f4c7-c92km   1m    28Mi   
websocket-server-56c97f4c7-hbr9g   2m    29Mi   
websocket-server-56c97f4c7-k5ddj   4m    34Mi   
websocket-server-56c97f4c7-t7zg4   9m    95Mi   
websocket-server-56c97f4c7-zcwn7   1m    30Mi   
1781622023
websocket-server-56c97f4c7-4wx7r   3m    32Mi   
websocket-server-56c97f4c7-6q5vs   9m    95Mi   
websocket-server-56c97f4c7-b5phf   1m    28Mi   
websocket-server-56c97f4c7-c92km   1m    28Mi   
websocket-server-56c97f4c7-hbr9g   2m    29Mi   
websocket-server-56c97f4c7-k5ddj   4m    34Mi   
websocket-server-56c97f4c7-t7zg4   9m    95Mi   
websocket-server-56c97f4c7-zcwn7   1m    30Mi   
1781622028
websocket-server-56c97f4c7-4wx7r   0m    32Mi   
websocket-server-56c97f4c7-6q5vs   0m    95Mi   
websocket-server-56c97f4c7-b5phf   1m    28Mi   
websocket-server-56c97f4c7-c92km   1m    28Mi   
websocket-server-56c97f4c7-hbr9g   1m    29Mi   
websocket-server-56c97f4c7-k5ddj   4m    34Mi   
websocket-server-56c97f4c7-t7zg4   1m    95Mi   
websocket-server-56c97f4c7-zcwn7   0m    30Mi   
1781622033
websocket-server-56c97f4c7-4wx7r   0m    32Mi   
websocket-server-56c97f4c7-6q5vs   0m    95Mi   
websocket-server-56c97f4c7-b5phf   1m    28Mi   
websocket-server-56c97f4c7-c92km   1m    28Mi   
websocket-server-56c97f4c7-hbr9g   1m    29Mi   
websocket-server-56c97f4c7-k5ddj   4m    34Mi   
websocket-server-56c97f4c7-t7zg4   1m    95Mi   
websocket-server-56c97f4c7-zcwn7   0m    30Mi   
1781622038
websocket-server-56c97f4c7-4wx7r   0m    32Mi   
websocket-server-56c97f4c7-6q5vs   0m    95Mi   
websocket-server-56c97f4c7-b5phf   1m    28Mi   
websocket-server-56c97f4c7-c92km   1m    28Mi   
websocket-server-56c97f4c7-hbr9g   1m    29Mi   
websocket-server-56c97f4c7-k5ddj   4m    34Mi   
websocket-server-56c97f4c7-t7zg4   1m    95Mi   
websocket-server-56c97f4c7-zcwn7   0m    30Mi   
1781622043
websocket-server-56c97f4c7-4wx7r   1m    32Mi   
websocket-server-56c97f4c7-6q5vs   1m    95Mi   
websocket-server-56c97f4c7-b5phf   1m    28Mi   
websocket-server-56c97f4c7-c92km   0m    28Mi   
websocket-server-56c97f4c7-hbr9g   1m    29Mi   
websocket-server-56c97f4c7-k5ddj   1m    34Mi   
websocket-server-56c97f4c7-t7zg4   1m    95Mi   
websocket-server-56c97f4c7-zcwn7   0m    30Mi   
1781622048
websocket-server-56c97f4c7-4wx7r   1m    32Mi   
websocket-server-56c97f4c7-6q5vs   1m    95Mi   
websocket-server-56c97f4c7-b5phf   1m    28Mi   
websocket-server-56c97f4c7-c92km   0m    28Mi   
websocket-server-56c97f4c7-hbr9g   1m    29Mi   
websocket-server-56c97f4c7-k5ddj   1m    34Mi   
websocket-server-56c97f4c7-t7zg4   1m    95Mi   
websocket-server-56c97f4c7-zcwn7   0m    30Mi   
1781622053
websocket-server-56c97f4c7-4wx7r   1m    32Mi   
websocket-server-56c97f4c7-6q5vs   1m    95Mi   
websocket-server-56c97f4c7-b5phf   1m    28Mi   
websocket-server-56c97f4c7-c92km   0m    28Mi   
websocket-server-56c97f4c7-hbr9g   1m    29Mi   
websocket-server-56c97f4c7-k5ddj   1m    34Mi   
websocket-server-56c97f4c7-t7zg4   1m    95Mi   
websocket-server-56c97f4c7-zcwn7   0m    30Mi   
1781622058
websocket-server-56c97f4c7-4wx7r   1m    32Mi   
websocket-server-56c97f4c7-6q5vs   1m    95Mi   
websocket-server-56c97f4c7-b5phf   1m    28Mi   
websocket-server-56c97f4c7-c92km   1m    28Mi   
websocket-server-56c97f4c7-hbr9g   1m    29Mi   
websocket-server-56c97f4c7-k5ddj   1m    34Mi   
websocket-server-56c97f4c7-t7zg4   1m    95Mi   
websocket-server-56c97f4c7-zcwn7   1m    30Mi   
1781622063
websocket-server-56c97f4c7-4wx7r   1m    32Mi   
websocket-server-56c97f4c7-6q5vs   1m    95Mi   
websocket-server-56c97f4c7-b5phf   1m    28Mi   
websocket-server-56c97f4c7-c92km   1m    28Mi   
websocket-server-56c97f4c7-hbr9g   1m    29Mi   
websocket-server-56c97f4c7-k5ddj   1m    34Mi   
websocket-server-56c97f4c7-t7zg4   1m    95Mi   
websocket-server-56c97f4c7-zcwn7   1m    30Mi   
1781622068
websocket-server-56c97f4c7-4wx7r   1m    32Mi   
websocket-server-56c97f4c7-6q5vs   1m    95Mi   
websocket-server-56c97f4c7-b5phf   1m    28Mi   
websocket-server-56c97f4c7-c92km   1m    28Mi   
websocket-server-56c97f4c7-hbr9g   1m    29Mi   
websocket-server-56c97f4c7-k5ddj   1m    34Mi   
websocket-server-56c97f4c7-t7zg4   1m    95Mi   
websocket-server-56c97f4c7-zcwn7   1m    30Mi   
1781622073
websocket-server-56c97f4c7-4wx7r   1m    32Mi   
websocket-server-56c97f4c7-6q5vs   1m    95Mi   
websocket-server-56c97f4c7-b5phf   2m    28Mi   
websocket-server-56c97f4c7-c92km   1m    29Mi   
websocket-server-56c97f4c7-hbr9g   1m    29Mi   
websocket-server-56c97f4c7-k5ddj   1m    35Mi   
websocket-server-56c97f4c7-t7zg4   1m    95Mi   
websocket-server-56c97f4c7-zcwn7   2m    31Mi   
1781622079
websocket-server-56c97f4c7-4wx7r   1m    32Mi   
websocket-server-56c97f4c7-6q5vs   1m    95Mi   
websocket-server-56c97f4c7-b5phf   2m    28Mi   
websocket-server-56c97f4c7-c92km   1m    29Mi   
websocket-server-56c97f4c7-hbr9g   1m    29Mi   
websocket-server-56c97f4c7-k5ddj   1m    35Mi   
websocket-server-56c97f4c7-t7zg4   1m    95Mi   
websocket-server-56c97f4c7-zcwn7   2m    31Mi   
1781622084
websocket-server-56c97f4c7-4wx7r   1m    32Mi   
websocket-server-56c97f4c7-6q5vs   1m    95Mi   
websocket-server-56c97f4c7-b5phf   2m    28Mi   
websocket-server-56c97f4c7-c92km   1m    29Mi   
websocket-server-56c97f4c7-hbr9g   1m    29Mi   
websocket-server-56c97f4c7-k5ddj   1m    35Mi   
websocket-server-56c97f4c7-t7zg4   1m    95Mi   
websocket-server-56c97f4c7-zcwn7   2m    31Mi   
1781622089
websocket-server-56c97f4c7-4wx7r   2m    33Mi   
websocket-server-56c97f4c7-6q5vs   2m    96Mi   
websocket-server-56c97f4c7-b5phf   3m    29Mi   
websocket-server-56c97f4c7-c92km   3m    30Mi   
websocket-server-56c97f4c7-hbr9g   2m    30Mi   
websocket-server-56c97f4c7-k5ddj   3m    37Mi   
websocket-server-56c97f4c7-t7zg4   2m    95Mi   
websocket-server-56c97f4c7-zcwn7   3m    32Mi   
1781622094
websocket-server-56c97f4c7-4wx7r   2m    33Mi   
websocket-server-56c97f4c7-6q5vs   2m    96Mi   
websocket-server-56c97f4c7-b5phf   3m    29Mi   
websocket-server-56c97f4c7-c92km   3m    30Mi   
websocket-server-56c97f4c7-hbr9g   2m    30Mi   
websocket-server-56c97f4c7-k5ddj   3m    37Mi   
websocket-server-56c97f4c7-t7zg4   2m    95Mi   
websocket-server-56c97f4c7-zcwn7   3m    32Mi   
1781622099
websocket-server-56c97f4c7-4wx7r   2m    33Mi   
websocket-server-56c97f4c7-6q5vs   2m    96Mi   
websocket-server-56c97f4c7-b5phf   3m    29Mi   
websocket-server-56c97f4c7-c92km   3m    30Mi   
websocket-server-56c97f4c7-hbr9g   2m    30Mi   
websocket-server-56c97f4c7-k5ddj   3m    37Mi   
websocket-server-56c97f4c7-t7zg4   2m    95Mi   
websocket-server-56c97f4c7-zcwn7   3m    32Mi   
1781622104
websocket-server-56c97f4c7-4wx7r   2m    33Mi   
websocket-server-56c97f4c7-6q5vs   3m    96Mi   
websocket-server-56c97f4c7-b5phf   4m    30Mi   
websocket-server-56c97f4c7-c92km   4m    31Mi   
websocket-server-56c97f4c7-hbr9g   3m    31Mi   
websocket-server-56c97f4c7-k5ddj   4m    37Mi   
websocket-server-56c97f4c7-t7zg4   4m    95Mi   
websocket-server-56c97f4c7-zcwn7   4m    33Mi   
1781622109
websocket-server-56c97f4c7-4wx7r   2m    33Mi   
websocket-server-56c97f4c7-6q5vs   3m    96Mi   
websocket-server-56c97f4c7-b5phf   4m    30Mi   
websocket-server-56c97f4c7-c92km   4m    31Mi   
websocket-server-56c97f4c7-hbr9g   3m    31Mi   
websocket-server-56c97f4c7-k5ddj   4m    37Mi   
websocket-server-56c97f4c7-t7zg4   4m    95Mi   
websocket-server-56c97f4c7-zcwn7   4m    33Mi   
1781622114
websocket-server-56c97f4c7-4wx7r   2m    33Mi   
websocket-server-56c97f4c7-6q5vs   3m    96Mi   
websocket-server-56c97f4c7-b5phf   4m    30Mi   
websocket-server-56c97f4c7-c92km   4m    31Mi   
websocket-server-56c97f4c7-hbr9g   3m    31Mi   
websocket-server-56c97f4c7-k5ddj   4m    37Mi   
websocket-server-56c97f4c7-t7zg4   4m    95Mi   
websocket-server-56c97f4c7-zcwn7   4m    33Mi   
1781622119
websocket-server-56c97f4c7-4wx7r   4m    35Mi   
websocket-server-56c97f4c7-6q5vs   4m    95Mi   
websocket-server-56c97f4c7-b5phf   5m    31Mi   
websocket-server-56c97f4c7-c92km   5m    32Mi   
websocket-server-56c97f4c7-hbr9g   4m    32Mi   
websocket-server-56c97f4c7-k5ddj   4m    37Mi   
websocket-server-56c97f4c7-t7zg4   5m    95Mi   
websocket-server-56c97f4c7-zcwn7   6m    33Mi   
1781622124
websocket-server-56c97f4c7-4wx7r   4m    35Mi   
websocket-server-56c97f4c7-6q5vs   4m    95Mi   
websocket-server-56c97f4c7-b5phf   5m    31Mi   
websocket-server-56c97f4c7-c92km   5m    32Mi   
websocket-server-56c97f4c7-hbr9g   4m    32Mi   
websocket-server-56c97f4c7-k5ddj   4m    37Mi   
websocket-server-56c97f4c7-t7zg4   5m    95Mi   
websocket-server-56c97f4c7-zcwn7   6m    33Mi   
1781622129
websocket-server-56c97f4c7-4wx7r   4m    35Mi   
websocket-server-56c97f4c7-6q5vs   4m    95Mi   
websocket-server-56c97f4c7-b5phf   5m    31Mi   
websocket-server-56c97f4c7-c92km   5m    32Mi   
websocket-server-56c97f4c7-hbr9g   4m    32Mi   
websocket-server-56c97f4c7-k5ddj   4m    37Mi   
websocket-server-56c97f4c7-t7zg4   5m    95Mi   
websocket-server-56c97f4c7-zcwn7   6m    33Mi   
1781622134
websocket-server-56c97f4c7-4wx7r   5m    36Mi   
websocket-server-56c97f4c7-6q5vs   5m    96Mi   
websocket-server-56c97f4c7-b5phf   6m    32Mi   
websocket-server-56c97f4c7-c92km   6m    32Mi   
websocket-server-56c97f4c7-hbr9g   5m    32Mi   
websocket-server-56c97f4c7-k5ddj   5m    37Mi   
websocket-server-56c97f4c7-t7zg4   5m    95Mi   
websocket-server-56c97f4c7-zcwn7   5m    34Mi   
1781622139
websocket-server-56c97f4c7-4wx7r   5m    36Mi   
websocket-server-56c97f4c7-6q5vs   5m    96Mi   
websocket-server-56c97f4c7-b5phf   6m    32Mi   
websocket-server-56c97f4c7-c92km   6m    32Mi   
websocket-server-56c97f4c7-hbr9g   5m    32Mi   
websocket-server-56c97f4c7-k5ddj   5m    37Mi   
websocket-server-56c97f4c7-t7zg4   5m    95Mi   
websocket-server-56c97f4c7-zcwn7   5m    34Mi   
1781622144
websocket-server-56c97f4c7-4wx7r   5m    36Mi   
websocket-server-56c97f4c7-6q5vs   5m    96Mi   
websocket-server-56c97f4c7-b5phf   6m    32Mi   
websocket-server-56c97f4c7-c92km   6m    32Mi   
websocket-server-56c97f4c7-hbr9g   5m    32Mi   
websocket-server-56c97f4c7-k5ddj   5m    37Mi   
websocket-server-56c97f4c7-t7zg4   5m    95Mi   
websocket-server-56c97f4c7-zcwn7   5m    34Mi   
1781622149
websocket-server-56c97f4c7-4wx7r   6m    37Mi   
websocket-server-56c97f4c7-6q5vs   6m    96Mi   
websocket-server-56c97f4c7-9zrxb   2m    28Mi   
websocket-server-56c97f4c7-b5phf   7m    34Mi   
websocket-server-56c97f4c7-c92km   5m    33Mi   
websocket-server-56c97f4c7-hbr9g   6m    33Mi   
websocket-server-56c97f4c7-k5ddj   7m    38Mi   
websocket-server-56c97f4c7-t7zg4   6m    95Mi   
1781622154
websocket-server-56c97f4c7-4wx7r   6m    37Mi   
websocket-server-56c97f4c7-6q5vs   6m    96Mi   
websocket-server-56c97f4c7-9zrxb   2m    28Mi   
websocket-server-56c97f4c7-b5phf   7m    34Mi   
websocket-server-56c97f4c7-hbr9g   6m    33Mi   
websocket-server-56c97f4c7-k5ddj   7m    38Mi   
websocket-server-56c97f4c7-t7zg4   6m    95Mi   
1781622159
websocket-server-56c97f4c7-4wx7r   6m    37Mi   
websocket-server-56c97f4c7-6q5vs   6m    96Mi   
websocket-server-56c97f4c7-9zrxb   2m    28Mi   
websocket-server-56c97f4c7-b5phf   7m    34Mi   
websocket-server-56c97f4c7-hbr9g   6m    33Mi   
websocket-server-56c97f4c7-k5ddj   7m    38Mi   
websocket-server-56c97f4c7-t7zg4   6m    95Mi   
1781622164
websocket-server-56c97f4c7-4wx7r   8m    38Mi   
websocket-server-56c97f4c7-6q5vs   8m    96Mi   
websocket-server-56c97f4c7-9zrxb   3m    29Mi   
websocket-server-56c97f4c7-b5phf   8m    35Mi   
websocket-server-56c97f4c7-hbr9g   8m    35Mi   
websocket-server-56c97f4c7-k5ddj   8m    40Mi   
websocket-server-56c97f4c7-nqvvm   2m    28Mi   
websocket-server-56c97f4c7-t7zg4   7m    96Mi   
1781622169
websocket-server-56c97f4c7-4wx7r   8m    38Mi   
websocket-server-56c97f4c7-6q5vs   8m    96Mi   
websocket-server-56c97f4c7-9zrxb   3m    29Mi   
websocket-server-56c97f4c7-b5phf   8m    35Mi   
websocket-server-56c97f4c7-hbr9g   8m    35Mi   
websocket-server-56c97f4c7-k5ddj   8m    40Mi   
websocket-server-56c97f4c7-nqvvm   2m    28Mi   
websocket-server-56c97f4c7-t7zg4   7m    96Mi   
1781622174
websocket-server-56c97f4c7-4wx7r   8m    38Mi   
websocket-server-56c97f4c7-6q5vs   8m    96Mi   
websocket-server-56c97f4c7-9zrxb   3m    29Mi   
websocket-server-56c97f4c7-b5phf   8m    35Mi   
websocket-server-56c97f4c7-hbr9g   8m    35Mi   
websocket-server-56c97f4c7-k5ddj   8m    40Mi   
websocket-server-56c97f4c7-nqvvm   2m    28Mi   
websocket-server-56c97f4c7-t7zg4   7m    96Mi   
1781622179
websocket-server-56c97f4c7-4wx7r   8m    38Mi   
websocket-server-56c97f4c7-6q5vs   7m    96Mi   
websocket-server-56c97f4c7-9zrxb   3m    29Mi   
websocket-server-56c97f4c7-b5phf   8m    36Mi   
websocket-server-56c97f4c7-hbr9g   8m    35Mi   
websocket-server-56c97f4c7-k5ddj   7m    39Mi   
websocket-server-56c97f4c7-nqvvm   1m    28Mi   
websocket-server-56c97f4c7-sft5l   0m    27Mi   
websocket-server-56c97f4c7-t7zg4   7m    95Mi   
websocket-server-56c97f4c7-w4jpp   19m   27Mi   
1781622184
websocket-server-56c97f4c7-4wx7r   8m    38Mi   
websocket-server-56c97f4c7-6q5vs   7m    96Mi   
websocket-server-56c97f4c7-9zrxb   3m    29Mi   
websocket-server-56c97f4c7-b5phf   8m    36Mi   
websocket-server-56c97f4c7-hbr9g   8m    35Mi   
websocket-server-56c97f4c7-k5ddj   7m    39Mi   
websocket-server-56c97f4c7-nqvvm   1m    28Mi   
websocket-server-56c97f4c7-sft5l   0m    27Mi   
websocket-server-56c97f4c7-t7zg4   7m    95Mi   
websocket-server-56c97f4c7-w4jpp   19m   27Mi   
1781622190
websocket-server-56c97f4c7-4wx7r   8m    38Mi   
websocket-server-56c97f4c7-6q5vs   7m    96Mi   
websocket-server-56c97f4c7-9zrxb   3m    29Mi   
websocket-server-56c97f4c7-b5phf   8m    36Mi   
websocket-server-56c97f4c7-hbr9g   8m    35Mi   
websocket-server-56c97f4c7-k5ddj   7m    39Mi   
websocket-server-56c97f4c7-nqvvm   1m    28Mi   
websocket-server-56c97f4c7-sft5l   0m    27Mi   
websocket-server-56c97f4c7-t7zg4   7m    95Mi   
websocket-server-56c97f4c7-w4jpp   19m   27Mi   
1781622195
websocket-server-56c97f4c7-4wx7r   3m    39Mi   
websocket-server-56c97f4c7-6q5vs   4m    96Mi   
websocket-server-56c97f4c7-9zrxb   3m    29Mi   
websocket-server-56c97f4c7-b5phf   4m    35Mi   
websocket-server-56c97f4c7-hbr9g   3m    35Mi   
websocket-server-56c97f4c7-k5ddj   3m    40Mi   
websocket-server-56c97f4c7-nqvvm   1m    28Mi   
websocket-server-56c97f4c7-sft5l   1m    27Mi   
websocket-server-56c97f4c7-t7zg4   3m    95Mi   
websocket-server-56c97f4c7-w4jpp   1m    27Mi   
1781622200
websocket-server-56c97f4c7-4wx7r   3m    39Mi   
websocket-server-56c97f4c7-6q5vs   4m    96Mi   
websocket-server-56c97f4c7-9zrxb   3m    29Mi   
websocket-server-56c97f4c7-b5phf   4m    35Mi   
websocket-server-56c97f4c7-hbr9g   3m    35Mi   
websocket-server-56c97f4c7-k5ddj   3m    40Mi   
websocket-server-56c97f4c7-nqvvm   1m    28Mi   
websocket-server-56c97f4c7-sft5l   1m    27Mi   
websocket-server-56c97f4c7-t7zg4   3m    95Mi   
websocket-server-56c97f4c7-w4jpp   1m    27Mi   
1781622205
websocket-server-56c97f4c7-4wx7r   3m    39Mi   
websocket-server-56c97f4c7-6q5vs   4m    96Mi   
websocket-server-56c97f4c7-9zrxb   3m    29Mi   
websocket-server-56c97f4c7-b5phf   4m    35Mi   
websocket-server-56c97f4c7-hbr9g   3m    35Mi   
websocket-server-56c97f4c7-k5ddj   3m    40Mi   
websocket-server-56c97f4c7-nqvvm   1m    28Mi   
websocket-server-56c97f4c7-sft5l   1m    27Mi   
websocket-server-56c97f4c7-t7zg4   3m    95Mi   
websocket-server-56c97f4c7-w4jpp   1m    27Mi   
1781622210
websocket-server-56c97f4c7-4wx7r   3m    38Mi   
websocket-server-56c97f4c7-6q5vs   2m    96Mi   
websocket-server-56c97f4c7-9zrxb   1m    29Mi   
websocket-server-56c97f4c7-b5phf   4m    35Mi   
websocket-server-56c97f4c7-hbr9g   3m    35Mi   
websocket-server-56c97f4c7-k5ddj   3m    39Mi   
websocket-server-56c97f4c7-nqvvm   1m    28Mi   
websocket-server-56c97f4c7-sft5l   1m    27Mi   
websocket-server-56c97f4c7-t7zg4   3m    95Mi   
websocket-server-56c97f4c7-w4jpp   0m    27Mi   
1781622215
websocket-server-56c97f4c7-4wx7r   3m    38Mi   
websocket-server-56c97f4c7-6q5vs   2m    96Mi   
websocket-server-56c97f4c7-9zrxb   1m    29Mi   
websocket-server-56c97f4c7-b5phf   4m    35Mi   
websocket-server-56c97f4c7-hbr9g   3m    35Mi   
websocket-server-56c97f4c7-k5ddj   3m    39Mi   
websocket-server-56c97f4c7-nqvvm   1m    28Mi   
websocket-server-56c97f4c7-sft5l   1m    27Mi   
websocket-server-56c97f4c7-t7zg4   3m    95Mi   
websocket-server-56c97f4c7-w4jpp   0m    27Mi   
1781622220
websocket-server-56c97f4c7-4wx7r   3m    38Mi   
websocket-server-56c97f4c7-6q5vs   2m    96Mi   
websocket-server-56c97f4c7-9zrxb   1m    29Mi   
websocket-server-56c97f4c7-b5phf   4m    35Mi   
websocket-server-56c97f4c7-hbr9g   3m    35Mi   
websocket-server-56c97f4c7-k5ddj   3m    39Mi   
websocket-server-56c97f4c7-nqvvm   1m    28Mi   
websocket-server-56c97f4c7-sft5l   1m    27Mi   
websocket-server-56c97f4c7-t7zg4   3m    95Mi   
websocket-server-56c97f4c7-w4jpp   0m    27Mi   
1781622225
websocket-server-56c97f4c7-4wx7r   3m    38Mi   
websocket-server-56c97f4c7-6q5vs   3m    96Mi   
websocket-server-56c97f4c7-9zrxb   2m    29Mi   
websocket-server-56c97f4c7-b5phf   3m    35Mi   
websocket-server-56c97f4c7-hbr9g   3m    35Mi   
websocket-server-56c97f4c7-k5ddj   3m    39Mi   
websocket-server-56c97f4c7-nqvvm   1m    28Mi   
websocket-server-56c97f4c7-sft5l   1m    27Mi   
websocket-server-56c97f4c7-t7zg4   3m    95Mi   
websocket-server-56c97f4c7-w4jpp   1m    27Mi   
1781622230
websocket-server-56c97f4c7-4wx7r   3m    38Mi   
websocket-server-56c97f4c7-6q5vs   3m    96Mi   
websocket-server-56c97f4c7-9zrxb   2m    29Mi   
websocket-server-56c97f4c7-b5phf   3m    35Mi   
websocket-server-56c97f4c7-hbr9g   3m    35Mi   
websocket-server-56c97f4c7-k5ddj   3m    39Mi   
websocket-server-56c97f4c7-nqvvm   1m    28Mi   
websocket-server-56c97f4c7-sft5l   1m    27Mi   
websocket-server-56c97f4c7-t7zg4   3m    95Mi   
websocket-server-56c97f4c7-w4jpp   1m    27Mi   
1781622235
websocket-server-56c97f4c7-4wx7r   3m    38Mi   
websocket-server-56c97f4c7-6q5vs   3m    96Mi   
websocket-server-56c97f4c7-9zrxb   2m    29Mi   
websocket-server-56c97f4c7-b5phf   3m    35Mi   
websocket-server-56c97f4c7-hbr9g   3m    35Mi   
websocket-server-56c97f4c7-k5ddj   3m    39Mi   
websocket-server-56c97f4c7-nqvvm   1m    28Mi   
websocket-server-56c97f4c7-sft5l   1m    27Mi   
websocket-server-56c97f4c7-t7zg4   3m    95Mi   
websocket-server-56c97f4c7-w4jpp   1m    27Mi   
1781622240
websocket-server-56c97f4c7-4wx7r   2m    39Mi   
websocket-server-56c97f4c7-6q5vs   6m    95Mi   
websocket-server-56c97f4c7-9zrxb   1m    29Mi   
websocket-server-56c97f4c7-b5phf   3m    35Mi   
websocket-server-56c97f4c7-hbr9g   3m    35Mi   
websocket-server-56c97f4c7-k5ddj   3m    40Mi   
websocket-server-56c97f4c7-nqvvm   1m    28Mi   
websocket-server-56c97f4c7-sft5l   1m    27Mi   
websocket-server-56c97f4c7-t7zg4   2m    95Mi   
websocket-server-56c97f4c7-w4jpp   1m    27Mi   
1781622245
websocket-server-56c97f4c7-4wx7r   2m    39Mi   
websocket-server-56c97f4c7-6q5vs   6m    95Mi   
websocket-server-56c97f4c7-9zrxb   1m    29Mi   
websocket-server-56c97f4c7-b5phf   3m    35Mi   
websocket-server-56c97f4c7-hbr9g   3m    35Mi   
websocket-server-56c97f4c7-k5ddj   3m    40Mi   
websocket-server-56c97f4c7-nqvvm   1m    28Mi   
websocket-server-56c97f4c7-sft5l   1m    27Mi   
websocket-server-56c97f4c7-t7zg4   2m    95Mi   
websocket-server-56c97f4c7-w4jpp   1m    27Mi   
1781622250
websocket-server-56c97f4c7-4wx7r   2m    39Mi   
websocket-server-56c97f4c7-6q5vs   6m    95Mi   
websocket-server-56c97f4c7-9zrxb   1m    29Mi   
websocket-server-56c97f4c7-b5phf   3m    35Mi   
websocket-server-56c97f4c7-hbr9g   3m    35Mi   
websocket-server-56c97f4c7-k5ddj   3m    40Mi   
websocket-server-56c97f4c7-nqvvm   1m    28Mi   
websocket-server-56c97f4c7-sft5l   1m    27Mi   
websocket-server-56c97f4c7-t7zg4   2m    95Mi   
websocket-server-56c97f4c7-w4jpp   1m    27Mi   
1781622255
websocket-server-56c97f4c7-4wx7r   6m    38Mi   
websocket-server-56c97f4c7-6q5vs   1m    95Mi   
websocket-server-56c97f4c7-9zrxb   2m    29Mi   
websocket-server-56c97f4c7-b5phf   6m    35Mi   
websocket-server-56c97f4c7-hbr9g   6m    34Mi   
websocket-server-56c97f4c7-k5ddj   4m    39Mi   
websocket-server-56c97f4c7-nqvvm   1m    28Mi   
websocket-server-56c97f4c7-sft5l   1m    28Mi   
websocket-server-56c97f4c7-t7zg4   4m    95Mi   
websocket-server-56c97f4c7-w4jpp   1m    27Mi   
1781622260
websocket-server-56c97f4c7-4wx7r   6m    38Mi   
websocket-server-56c97f4c7-6q5vs   1m    95Mi   
websocket-server-56c97f4c7-9zrxb   2m    29Mi   
websocket-server-56c97f4c7-b5phf   6m    35Mi   
websocket-server-56c97f4c7-hbr9g   6m    34Mi   
websocket-server-56c97f4c7-k5ddj   4m    39Mi   
websocket-server-56c97f4c7-nqvvm   1m    28Mi   
websocket-server-56c97f4c7-sft5l   1m    28Mi   
websocket-server-56c97f4c7-t7zg4   4m    95Mi   
websocket-server-56c97f4c7-w4jpp   1m    27Mi   
1781622265
websocket-server-56c97f4c7-4wx7r   6m    38Mi   
websocket-server-56c97f4c7-6q5vs   1m    95Mi   
websocket-server-56c97f4c7-9zrxb   2m    29Mi   
websocket-server-56c97f4c7-b5phf   6m    35Mi   
websocket-server-56c97f4c7-hbr9g   6m    34Mi   
websocket-server-56c97f4c7-k5ddj   4m    39Mi   
websocket-server-56c97f4c7-nqvvm   1m    28Mi   
websocket-server-56c97f4c7-sft5l   1m    28Mi   
websocket-server-56c97f4c7-t7zg4   4m    95Mi   
websocket-server-56c97f4c7-w4jpp   1m    27Mi   
1781622270
websocket-server-56c97f4c7-4wx7r   1m    38Mi   
websocket-server-56c97f4c7-6q5vs   1m    95Mi   
websocket-server-56c97f4c7-9zrxb   1m    29Mi   
websocket-server-56c97f4c7-b5phf   1m    35Mi   
websocket-server-56c97f4c7-hbr9g   1m    34Mi   
websocket-server-56c97f4c7-k5ddj   4m    39Mi   
websocket-server-56c97f4c7-nqvvm   1m    28Mi   
websocket-server-56c97f4c7-sft5l   1m    28Mi   
websocket-server-56c97f4c7-t7zg4   1m    95Mi   
websocket-server-56c97f4c7-w4jpp   1m    27Mi   
1781622275
websocket-server-56c97f4c7-4wx7r   1m    38Mi   
websocket-server-56c97f4c7-6q5vs   1m    95Mi   
websocket-server-56c97f4c7-9zrxb   1m    29Mi   
websocket-server-56c97f4c7-b5phf   1m    35Mi   
websocket-server-56c97f4c7-hbr9g   1m    34Mi   
websocket-server-56c97f4c7-k5ddj   4m    39Mi   
websocket-server-56c97f4c7-nqvvm   1m    28Mi   
websocket-server-56c97f4c7-sft5l   1m    28Mi   
websocket-server-56c97f4c7-t7zg4   1m    95Mi   
websocket-server-56c97f4c7-w4jpp   1m    27Mi   
1781622280
websocket-server-56c97f4c7-4wx7r   1m    38Mi   
websocket-server-56c97f4c7-6q5vs   1m    95Mi   
websocket-server-56c97f4c7-9zrxb   1m    29Mi   
websocket-server-56c97f4c7-b5phf   1m    35Mi   
websocket-server-56c97f4c7-hbr9g   1m    34Mi   
websocket-server-56c97f4c7-k5ddj   4m    39Mi   
websocket-server-56c97f4c7-nqvvm   1m    28Mi   
websocket-server-56c97f4c7-sft5l   1m    28Mi   
websocket-server-56c97f4c7-t7zg4   1m    95Mi   
websocket-server-56c97f4c7-w4jpp   1m    27Mi   
1781622285
websocket-server-56c97f4c7-4wx7r   1m    38Mi   
websocket-server-56c97f4c7-6q5vs   1m    95Mi   
websocket-server-56c97f4c7-9zrxb   1m    29Mi   
websocket-server-56c97f4c7-b5phf   1m    35Mi   
websocket-server-56c97f4c7-hbr9g   1m    34Mi   
websocket-server-56c97f4c7-k5ddj   1m    39Mi   
websocket-server-56c97f4c7-nqvvm   1m    28Mi   
websocket-server-56c97f4c7-sft5l   1m    28Mi   
websocket-server-56c97f4c7-t7zg4   0m    95Mi   
websocket-server-56c97f4c7-w4jpp   1m    27Mi   
1781622290
websocket-server-56c97f4c7-4wx7r   1m    38Mi   
websocket-server-56c97f4c7-6q5vs   1m    95Mi   
websocket-server-56c97f4c7-9zrxb   1m    29Mi   
websocket-server-56c97f4c7-b5phf   1m    35Mi   
websocket-server-56c97f4c7-hbr9g   1m    34Mi   
websocket-server-56c97f4c7-k5ddj   1m    39Mi   
websocket-server-56c97f4c7-nqvvm   1m    28Mi   
websocket-server-56c97f4c7-sft5l   1m    28Mi   
websocket-server-56c97f4c7-t7zg4   0m    95Mi   
websocket-server-56c97f4c7-w4jpp   1m    27Mi   
1781622295
websocket-server-56c97f4c7-4wx7r   1m    38Mi   
websocket-server-56c97f4c7-6q5vs   1m    95Mi   
websocket-server-56c97f4c7-9zrxb   1m    29Mi   
websocket-server-56c97f4c7-b5phf   1m    35Mi   
websocket-server-56c97f4c7-hbr9g   1m    34Mi   
websocket-server-56c97f4c7-k5ddj   1m    39Mi   
websocket-server-56c97f4c7-nqvvm   1m    28Mi   
websocket-server-56c97f4c7-sft5l   1m    28Mi   
websocket-server-56c97f4c7-t7zg4   0m    95Mi   
websocket-server-56c97f4c7-w4jpp   1m    27Mi   
1781622300
websocket-server-56c97f4c7-4wx7r   1m    38Mi   
websocket-server-56c97f4c7-6q5vs   1m    95Mi   
websocket-server-56c97f4c7-9zrxb   1m    29Mi   
websocket-server-56c97f4c7-b5phf   1m    35Mi   
websocket-server-56c97f4c7-hbr9g   1m    34Mi   
websocket-server-56c97f4c7-k5ddj   1m    39Mi   
websocket-server-56c97f4c7-nqvvm   1m    28Mi   
websocket-server-56c97f4c7-sft5l   1m    27Mi   
websocket-server-56c97f4c7-t7zg4   0m    95Mi   
websocket-server-56c97f4c7-w4jpp   1m    27Mi   
1781622306
websocket-server-56c97f4c7-4wx7r   1m    38Mi   
websocket-server-56c97f4c7-6q5vs   1m    95Mi   
websocket-server-56c97f4c7-9zrxb   1m    29Mi   
websocket-server-56c97f4c7-b5phf   1m    35Mi   
websocket-server-56c97f4c7-hbr9g   1m    34Mi   
websocket-server-56c97f4c7-k5ddj   1m    39Mi   
websocket-server-56c97f4c7-nqvvm   1m    28Mi   
websocket-server-56c97f4c7-sft5l   1m    27Mi   
websocket-server-56c97f4c7-t7zg4   0m    95Mi   
websocket-server-56c97f4c7-w4jpp   1m    27Mi   
1781622311
websocket-server-56c97f4c7-4wx7r   1m    38Mi   
websocket-server-56c97f4c7-6q5vs   1m    95Mi   
websocket-server-56c97f4c7-9zrxb   1m    29Mi   
websocket-server-56c97f4c7-b5phf   1m    35Mi   
websocket-server-56c97f4c7-hbr9g   1m    34Mi   
websocket-server-56c97f4c7-k5ddj   1m    39Mi   
websocket-server-56c97f4c7-nqvvm   1m    28Mi   
websocket-server-56c97f4c7-sft5l   1m    27Mi   
websocket-server-56c97f4c7-t7zg4   0m    95Mi   
websocket-server-56c97f4c7-w4jpp   1m    27Mi   
1781622316
websocket-server-56c97f4c7-4wx7r   1m    38Mi   
websocket-server-56c97f4c7-6q5vs   1m    95Mi   
websocket-server-56c97f4c7-9zrxb   1m    29Mi   
websocket-server-56c97f4c7-b5phf   1m    35Mi   
websocket-server-56c97f4c7-hbr9g   1m    34Mi   
websocket-server-56c97f4c7-k5ddj   1m    39Mi   
websocket-server-56c97f4c7-nqvvm   1m    28Mi   
websocket-server-56c97f4c7-sft5l   1m    27Mi   
websocket-server-56c97f4c7-t7zg4   1m    95Mi   
websocket-server-56c97f4c7-w4jpp   1m    27Mi   
1781622321
websocket-server-56c97f4c7-4wx7r   1m    38Mi   
websocket-server-56c97f4c7-6q5vs   1m    95Mi   
websocket-server-56c97f4c7-9zrxb   1m    29Mi   
websocket-server-56c97f4c7-b5phf   1m    35Mi   
websocket-server-56c97f4c7-hbr9g   1m    34Mi   
websocket-server-56c97f4c7-k5ddj   1m    39Mi   
websocket-server-56c97f4c7-nqvvm   1m    28Mi   
websocket-server-56c97f4c7-t7zg4   1m    95Mi   
1781622326
websocket-server-56c97f4c7-4wx7r   1m    38Mi   
websocket-server-56c97f4c7-6q5vs   1m    95Mi   
websocket-server-56c97f4c7-9zrxb   1m    29Mi   
websocket-server-56c97f4c7-b5phf   1m    35Mi   
websocket-server-56c97f4c7-hbr9g   1m    34Mi   
websocket-server-56c97f4c7-k5ddj   1m    39Mi   
websocket-server-56c97f4c7-nqvvm   1m    28Mi   
websocket-server-56c97f4c7-t7zg4   1m    95Mi   
1781622331
websocket-server-56c97f4c7-4wx7r   0m    38Mi   
websocket-server-56c97f4c7-6q5vs   1m    95Mi   
websocket-server-56c97f4c7-9zrxb   1m    29Mi   
websocket-server-56c97f4c7-b5phf   0m    35Mi   
websocket-server-56c97f4c7-hbr9g   1m    34Mi   
websocket-server-56c97f4c7-k5ddj   1m    39Mi   
websocket-server-56c97f4c7-nqvvm   1m    28Mi   
websocket-server-56c97f4c7-t7zg4   1m    95Mi   
1781622336
websocket-server-56c97f4c7-4wx7r   0m    38Mi   
websocket-server-56c97f4c7-6q5vs   1m    95Mi   
websocket-server-56c97f4c7-9zrxb   1m    29Mi   
websocket-server-56c97f4c7-b5phf   0m    35Mi   
websocket-server-56c97f4c7-hbr9g   1m    34Mi   
websocket-server-56c97f4c7-k5ddj   1m    39Mi   
websocket-server-56c97f4c7-nqvvm   1m    28Mi   
websocket-server-56c97f4c7-t7zg4   1m    95Mi   
1781622341
websocket-server-56c97f4c7-4wx7r   0m    38Mi   
websocket-server-56c97f4c7-6q5vs   1m    95Mi   
websocket-server-56c97f4c7-9zrxb   1m    29Mi   
websocket-server-56c97f4c7-b5phf   0m    35Mi   
websocket-server-56c97f4c7-hbr9g   1m    34Mi   
websocket-server-56c97f4c7-k5ddj   1m    39Mi   
websocket-server-56c97f4c7-nqvvm   1m    28Mi   
websocket-server-56c97f4c7-t7zg4   1m    95Mi   
1781622346
websocket-server-56c97f4c7-4wx7r   0m    38Mi   
websocket-server-56c97f4c7-6q5vs   1m    95Mi   
websocket-server-56c97f4c7-9zrxb   1m    29Mi   
websocket-server-56c97f4c7-b5phf   1m    35Mi   
websocket-server-56c97f4c7-hbr9g   1m    35Mi   
websocket-server-56c97f4c7-k5ddj   1m    39Mi   
websocket-server-56c97f4c7-nqvvm   1m    28Mi   
websocket-server-56c97f4c7-t7zg4   1m    95Mi   
1781622351
websocket-server-56c97f4c7-4wx7r   0m    38Mi   
websocket-server-56c97f4c7-6q5vs   1m    95Mi   
websocket-server-56c97f4c7-9zrxb   1m    29Mi   
websocket-server-56c97f4c7-b5phf   1m    35Mi   
websocket-server-56c97f4c7-hbr9g   1m    35Mi   
websocket-server-56c97f4c7-k5ddj   1m    39Mi   
websocket-server-56c97f4c7-nqvvm   1m    28Mi   
websocket-server-56c97f4c7-t7zg4   1m    95Mi   
1781622356
websocket-server-56c97f4c7-4wx7r   0m    38Mi   
websocket-server-56c97f4c7-6q5vs   1m    95Mi   
websocket-server-56c97f4c7-9zrxb   1m    29Mi   
websocket-server-56c97f4c7-b5phf   1m    35Mi   
websocket-server-56c97f4c7-hbr9g   1m    35Mi   
websocket-server-56c97f4c7-k5ddj   1m    39Mi   
websocket-server-56c97f4c7-nqvvm   1m    28Mi   
websocket-server-56c97f4c7-t7zg4   1m    95Mi   
1781622361
websocket-server-56c97f4c7-4wx7r   1m    38Mi   
websocket-server-56c97f4c7-6q5vs   1m    95Mi   
websocket-server-56c97f4c7-9zrxb   1m    29Mi   
websocket-server-56c97f4c7-b5phf   1m    35Mi   
websocket-server-56c97f4c7-hbr9g   1m    34Mi   
websocket-server-56c97f4c7-k5ddj   1m    39Mi   
websocket-server-56c97f4c7-nqvvm   1m    28Mi   
websocket-server-56c97f4c7-t7zg4   1m    95Mi   
1781622366
websocket-server-56c97f4c7-4wx7r   1m    38Mi   
websocket-server-56c97f4c7-6q5vs   1m    95Mi   
websocket-server-56c97f4c7-9zrxb   1m    29Mi   
websocket-server-56c97f4c7-b5phf   1m    35Mi   
websocket-server-56c97f4c7-hbr9g   1m    34Mi   
websocket-server-56c97f4c7-k5ddj   1m    39Mi   
websocket-server-56c97f4c7-nqvvm   1m    28Mi   
websocket-server-56c97f4c7-t7zg4   1m    95Mi   
1781622371
websocket-server-56c97f4c7-4wx7r   1m    38Mi   
websocket-server-56c97f4c7-6q5vs   1m    95Mi   
websocket-server-56c97f4c7-9zrxb   1m    29Mi   
websocket-server-56c97f4c7-b5phf   1m    35Mi   
websocket-server-56c97f4c7-hbr9g   1m    34Mi   
websocket-server-56c97f4c7-k5ddj   1m    39Mi   
websocket-server-56c97f4c7-nqvvm   1m    28Mi   
websocket-server-56c97f4c7-t7zg4   1m    95Mi   
1781622376
websocket-server-56c97f4c7-4wx7r   1m    38Mi   
websocket-server-56c97f4c7-6q5vs   1m    95Mi   
websocket-server-56c97f4c7-9zrxb   1m    29Mi   
websocket-server-56c97f4c7-b5phf   1m    35Mi   
websocket-server-56c97f4c7-hbr9g   0m    34Mi   
websocket-server-56c97f4c7-k5ddj   1m    39Mi   
websocket-server-56c97f4c7-nqvvm   1m    28Mi   
websocket-server-56c97f4c7-t7zg4   1m    95Mi   
1781622381
websocket-server-56c97f4c7-4wx7r   1m    38Mi   
websocket-server-56c97f4c7-6q5vs   1m    95Mi   
websocket-server-56c97f4c7-9zrxb   1m    29Mi   
websocket-server-56c97f4c7-b5phf   1m    35Mi   
websocket-server-56c97f4c7-hbr9g   0m    34Mi   
websocket-server-56c97f4c7-k5ddj   1m    39Mi   
websocket-server-56c97f4c7-t7zg4   1m    95Mi   
1781622386
websocket-server-56c97f4c7-4wx7r   1m    38Mi   
websocket-server-56c97f4c7-6q5vs   1m    95Mi   
websocket-server-56c97f4c7-b5phf   1m    35Mi   
websocket-server-56c97f4c7-hbr9g   0m    34Mi   
websocket-server-56c97f4c7-k5ddj   1m    39Mi   
websocket-server-56c97f4c7-t7zg4   1m    95Mi   
1781622391
websocket-server-56c97f4c7-6q5vs   1m    95Mi   
websocket-server-56c97f4c7-k5ddj   1m    39Mi   
websocket-server-56c97f4c7-t7zg4   1m    95Mi   
1781622396
websocket-server-56c97f4c7-6q5vs   1m    95Mi   
websocket-server-56c97f4c7-t7zg4   1m    95Mi   
