1781611817
websocket-server-56c97f4c7-6q5vs   1m    95Mi   
websocket-server-56c97f4c7-t7zg4   1m    86Mi   
1781611822
websocket-server-56c97f4c7-6q5vs   1m    95Mi   
websocket-server-56c97f4c7-t7zg4   1m    86Mi   
1781611827
websocket-server-56c97f4c7-6q5vs   0m    95Mi   
websocket-server-56c97f4c7-t7zg4   1m    86Mi   
1781611832
websocket-server-56c97f4c7-6q5vs   0m    95Mi   
websocket-server-56c97f4c7-t7zg4   1m    86Mi   
1781611837
websocket-server-56c97f4c7-6q5vs   0m    95Mi   
websocket-server-56c97f4c7-t7zg4   1m    86Mi   
1781611843
websocket-server-56c97f4c7-6q5vs   0m    95Mi   
websocket-server-56c97f4c7-t7zg4   1m    86Mi   
1781611848
websocket-server-56c97f4c7-6q5vs   0m    95Mi   
websocket-server-56c97f4c7-t7zg4   1m    86Mi   
1781611853
websocket-server-56c97f4c7-6q5vs   0m    95Mi   
websocket-server-56c97f4c7-t7zg4   1m    86Mi   
1781611858
websocket-server-56c97f4c7-6q5vs   6m    96Mi   
websocket-server-56c97f4c7-t7zg4   6m    86Mi   
1781611863
websocket-server-56c97f4c7-6q5vs   6m    96Mi   
websocket-server-56c97f4c7-t7zg4   6m    86Mi   
1781611868
websocket-server-56c97f4c7-6q5vs   6m    96Mi   
websocket-server-56c97f4c7-t7zg4   6m    86Mi   
1781611873
websocket-server-56c97f4c7-6q5vs   16m   96Mi   
websocket-server-56c97f4c7-t7zg4   14m   87Mi   
1781611878
websocket-server-56c97f4c7-6q5vs   16m   96Mi   
websocket-server-56c97f4c7-t7zg4   14m   87Mi   
1781611883
websocket-server-56c97f4c7-6q5vs   16m   96Mi   
websocket-server-56c97f4c7-t7zg4   14m   87Mi   
1781611888
websocket-server-56c97f4c7-6q5vs   21m   96Mi   
websocket-server-56c97f4c7-scv7m   6m    30Mi   
websocket-server-56c97f4c7-t7zg4   19m   87Mi   
1781611893
websocket-server-56c97f4c7-6q5vs   21m   96Mi   
websocket-server-56c97f4c7-scv7m   6m    30Mi   
websocket-server-56c97f4c7-t7zg4   19m   87Mi   
1781611899
websocket-server-56c97f4c7-6q5vs   21m   96Mi   
websocket-server-56c97f4c7-scv7m   6m    30Mi   
websocket-server-56c97f4c7-t7zg4   19m   87Mi   
1781611904
websocket-server-56c97f4c7-6q5vs   22m   96Mi   
websocket-server-56c97f4c7-glls2   4m    28Mi   
websocket-server-56c97f4c7-lwvqn   39m   29Mi   
websocket-server-56c97f4c7-scv7m   8m    32Mi   
websocket-server-56c97f4c7-t7zg4   20m   87Mi   
1781611909
websocket-server-56c97f4c7-6q5vs   22m   96Mi   
websocket-server-56c97f4c7-glls2   4m    28Mi   
websocket-server-56c97f4c7-lwvqn   39m   29Mi   
websocket-server-56c97f4c7-scv7m   8m    32Mi   
websocket-server-56c97f4c7-t7zg4   20m   87Mi   
1781611914
websocket-server-56c97f4c7-6q5vs   22m   96Mi   
websocket-server-56c97f4c7-glls2   4m    28Mi   
websocket-server-56c97f4c7-lwvqn   39m   29Mi   
websocket-server-56c97f4c7-scv7m   8m    32Mi   
websocket-server-56c97f4c7-t7zg4   20m   87Mi   
1781611919
websocket-server-56c97f4c7-6q5vs   24m   97Mi   
websocket-server-56c97f4c7-cmjqj   4m    29Mi   
websocket-server-56c97f4c7-glls2   6m    30Mi   
websocket-server-56c97f4c7-lwvqn   5m    29Mi   
websocket-server-56c97f4c7-scv7m   10m   33Mi   
websocket-server-56c97f4c7-t7zg4   22m   87Mi   
1781611924
websocket-server-56c97f4c7-6q5vs   24m   97Mi   
websocket-server-56c97f4c7-cmjqj   4m    29Mi   
websocket-server-56c97f4c7-glls2   6m    30Mi   
websocket-server-56c97f4c7-lwvqn   5m    29Mi   
websocket-server-56c97f4c7-scv7m   10m   33Mi   
websocket-server-56c97f4c7-t7zg4   22m   87Mi   
1781611929
websocket-server-56c97f4c7-6q5vs   24m   97Mi   
websocket-server-56c97f4c7-cmjqj   4m    29Mi   
websocket-server-56c97f4c7-glls2   6m    30Mi   
websocket-server-56c97f4c7-lwvqn   5m    29Mi   
websocket-server-56c97f4c7-scv7m   10m   33Mi   
websocket-server-56c97f4c7-t7zg4   22m   87Mi   
1781611934
websocket-server-56c97f4c7-6q5vs   26m   97Mi   
websocket-server-56c97f4c7-97wsh   41m   27Mi   
websocket-server-56c97f4c7-98wd9   2m    28Mi   
websocket-server-56c97f4c7-cmjqj   5m    29Mi   
websocket-server-56c97f4c7-glls2   7m    30Mi   
websocket-server-56c97f4c7-lwvqn   5m    29Mi   
websocket-server-56c97f4c7-scv7m   10m   33Mi   
websocket-server-56c97f4c7-t7zg4   22m   87Mi   
1781611939
websocket-server-56c97f4c7-6q5vs   26m   97Mi   
websocket-server-56c97f4c7-97wsh   41m   27Mi   
websocket-server-56c97f4c7-98wd9   2m    28Mi   
websocket-server-56c97f4c7-cmjqj   5m    29Mi   
websocket-server-56c97f4c7-glls2   7m    30Mi   
websocket-server-56c97f4c7-lwvqn   5m    29Mi   
websocket-server-56c97f4c7-scv7m   10m   33Mi   
websocket-server-56c97f4c7-t7zg4   22m   87Mi   
1781611944
websocket-server-56c97f4c7-6q5vs   26m   97Mi   
websocket-server-56c97f4c7-97wsh   41m   27Mi   
websocket-server-56c97f4c7-98wd9   2m    28Mi   
websocket-server-56c97f4c7-cmjqj   5m    29Mi   
websocket-server-56c97f4c7-glls2   7m    30Mi   
websocket-server-56c97f4c7-lwvqn   5m    29Mi   
websocket-server-56c97f4c7-scv7m   10m   33Mi   
websocket-server-56c97f4c7-t7zg4   22m   87Mi   
1781611950
websocket-server-56c97f4c7-6q5vs   25m   97Mi   
websocket-server-56c97f4c7-97wsh   1m    27Mi   
websocket-server-56c97f4c7-98wd9   2m    28Mi   
websocket-server-56c97f4c7-cmjqj   5m    29Mi   
websocket-server-56c97f4c7-glls2   7m    31Mi   
websocket-server-56c97f4c7-lwvqn   6m    30Mi   
websocket-server-56c97f4c7-scv7m   10m   33Mi   
websocket-server-56c97f4c7-t7zg4   22m   87Mi   
1781611955
websocket-server-56c97f4c7-6q5vs   25m   97Mi   
websocket-server-56c97f4c7-97wsh   1m    27Mi   
websocket-server-56c97f4c7-98wd9   2m    28Mi   
websocket-server-56c97f4c7-cmjqj   5m    29Mi   
websocket-server-56c97f4c7-glls2   7m    31Mi   
websocket-server-56c97f4c7-lwvqn   6m    30Mi   
websocket-server-56c97f4c7-scv7m   10m   33Mi   
websocket-server-56c97f4c7-t7zg4   22m   87Mi   
1781611960
websocket-server-56c97f4c7-6q5vs   25m   97Mi   
websocket-server-56c97f4c7-97wsh   1m    27Mi   
websocket-server-56c97f4c7-98wd9   2m    28Mi   
websocket-server-56c97f4c7-cmjqj   5m    29Mi   
websocket-server-56c97f4c7-glls2   7m    31Mi   
websocket-server-56c97f4c7-lwvqn   6m    30Mi   
websocket-server-56c97f4c7-scv7m   10m   33Mi   
websocket-server-56c97f4c7-t7zg4   22m   87Mi   
1781611965
websocket-server-56c97f4c7-6q5vs   20m   97Mi   
websocket-server-56c97f4c7-97wsh   1m    27Mi   
websocket-server-56c97f4c7-98wd9   2m    28Mi   
websocket-server-56c97f4c7-cmjqj   4m    30Mi   
websocket-server-56c97f4c7-glls2   4m    31Mi   
websocket-server-56c97f4c7-lwvqn   6m    30Mi   
websocket-server-56c97f4c7-scv7m   10m   33Mi   
websocket-server-56c97f4c7-t7zg4   16m   87Mi   
1781611970
websocket-server-56c97f4c7-6q5vs   20m   97Mi   
websocket-server-56c97f4c7-97wsh   1m    27Mi   
websocket-server-56c97f4c7-98wd9   2m    28Mi   
websocket-server-56c97f4c7-cmjqj   4m    30Mi   
websocket-server-56c97f4c7-glls2   4m    31Mi   
websocket-server-56c97f4c7-lwvqn   6m    30Mi   
websocket-server-56c97f4c7-scv7m   10m   33Mi   
websocket-server-56c97f4c7-t7zg4   16m   87Mi   
1781611975
websocket-server-56c97f4c7-6q5vs   20m   97Mi   
websocket-server-56c97f4c7-97wsh   1m    27Mi   
websocket-server-56c97f4c7-98wd9   2m    28Mi   
websocket-server-56c97f4c7-cmjqj   4m    30Mi   
websocket-server-56c97f4c7-glls2   4m    31Mi   
websocket-server-56c97f4c7-lwvqn   6m    30Mi   
websocket-server-56c97f4c7-scv7m   10m   33Mi   
websocket-server-56c97f4c7-t7zg4   16m   87Mi   
1781611980
websocket-server-56c97f4c7-6q5vs   8m    97Mi   
websocket-server-56c97f4c7-97wsh   1m    27Mi   
websocket-server-56c97f4c7-98wd9   1m    28Mi   
websocket-server-56c97f4c7-cmjqj   2m    29Mi   
websocket-server-56c97f4c7-glls2   3m    30Mi   
websocket-server-56c97f4c7-lwvqn   2m    30Mi   
websocket-server-56c97f4c7-scv7m   6m    33Mi   
websocket-server-56c97f4c7-t7zg4   7m    87Mi   
1781611985
websocket-server-56c97f4c7-6q5vs   8m    97Mi   
websocket-server-56c97f4c7-97wsh   1m    27Mi   
websocket-server-56c97f4c7-98wd9   1m    28Mi   
websocket-server-56c97f4c7-cmjqj   2m    29Mi   
websocket-server-56c97f4c7-glls2   3m    30Mi   
websocket-server-56c97f4c7-lwvqn   2m    30Mi   
websocket-server-56c97f4c7-scv7m   6m    33Mi   
websocket-server-56c97f4c7-t7zg4   7m    87Mi   
1781611990
websocket-server-56c97f4c7-6q5vs   8m    97Mi   
websocket-server-56c97f4c7-97wsh   1m    27Mi   
websocket-server-56c97f4c7-98wd9   1m    28Mi   
websocket-server-56c97f4c7-cmjqj   2m    29Mi   
websocket-server-56c97f4c7-glls2   3m    30Mi   
websocket-server-56c97f4c7-lwvqn   2m    30Mi   
websocket-server-56c97f4c7-scv7m   6m    33Mi   
websocket-server-56c97f4c7-t7zg4   7m    87Mi   
1781611996
websocket-server-56c97f4c7-6q5vs   8m    97Mi   
websocket-server-56c97f4c7-97wsh   1m    27Mi   
websocket-server-56c97f4c7-98wd9   1m    28Mi   
websocket-server-56c97f4c7-cmjqj   2m    29Mi   
websocket-server-56c97f4c7-glls2   2m    31Mi   
websocket-server-56c97f4c7-lwvqn   2m    30Mi   
websocket-server-56c97f4c7-scv7m   3m    33Mi   
websocket-server-56c97f4c7-t7zg4   8m    87Mi   
1781612001
websocket-server-56c97f4c7-6q5vs   8m    97Mi   
websocket-server-56c97f4c7-97wsh   1m    27Mi   
websocket-server-56c97f4c7-98wd9   1m    28Mi   
websocket-server-56c97f4c7-cmjqj   2m    29Mi   
websocket-server-56c97f4c7-glls2   2m    31Mi   
websocket-server-56c97f4c7-lwvqn   2m    30Mi   
websocket-server-56c97f4c7-scv7m   3m    33Mi   
websocket-server-56c97f4c7-t7zg4   8m    87Mi   
1781612006
websocket-server-56c97f4c7-6q5vs   8m    97Mi   
websocket-server-56c97f4c7-97wsh   1m    27Mi   
websocket-server-56c97f4c7-98wd9   1m    28Mi   
websocket-server-56c97f4c7-cmjqj   2m    29Mi   
websocket-server-56c97f4c7-glls2   2m    31Mi   
websocket-server-56c97f4c7-lwvqn   2m    30Mi   
websocket-server-56c97f4c7-scv7m   3m    33Mi   
websocket-server-56c97f4c7-t7zg4   8m    87Mi   
1781612011
websocket-server-56c97f4c7-6q5vs   8m    97Mi   
websocket-server-56c97f4c7-97wsh   1m    27Mi   
websocket-server-56c97f4c7-98wd9   1m    28Mi   
websocket-server-56c97f4c7-cmjqj   2m    29Mi   
websocket-server-56c97f4c7-glls2   2m    31Mi   
websocket-server-56c97f4c7-lwvqn   2m    30Mi   
websocket-server-56c97f4c7-scv7m   3m    33Mi   
websocket-server-56c97f4c7-t7zg4   7m    87Mi   
1781612016
websocket-server-56c97f4c7-6q5vs   8m    97Mi   
websocket-server-56c97f4c7-97wsh   1m    27Mi   
websocket-server-56c97f4c7-98wd9   1m    28Mi   
websocket-server-56c97f4c7-cmjqj   2m    29Mi   
websocket-server-56c97f4c7-glls2   2m    31Mi   
websocket-server-56c97f4c7-lwvqn   2m    30Mi   
websocket-server-56c97f4c7-scv7m   3m    33Mi   
websocket-server-56c97f4c7-t7zg4   7m    87Mi   
1781612021
websocket-server-56c97f4c7-6q5vs   8m    97Mi   
websocket-server-56c97f4c7-97wsh   1m    27Mi   
websocket-server-56c97f4c7-98wd9   1m    28Mi   
websocket-server-56c97f4c7-cmjqj   2m    29Mi   
websocket-server-56c97f4c7-glls2   2m    31Mi   
websocket-server-56c97f4c7-lwvqn   2m    30Mi   
websocket-server-56c97f4c7-scv7m   3m    33Mi   
websocket-server-56c97f4c7-t7zg4   7m    87Mi   
1781612026
websocket-server-56c97f4c7-6q5vs   8m    97Mi   
websocket-server-56c97f4c7-97wsh   1m    27Mi   
websocket-server-56c97f4c7-98wd9   1m    28Mi   
websocket-server-56c97f4c7-cmjqj   3m    29Mi   
websocket-server-56c97f4c7-glls2   6m    30Mi   
websocket-server-56c97f4c7-lwvqn   5m    30Mi   
websocket-server-56c97f4c7-scv7m   3m    33Mi   
websocket-server-56c97f4c7-t7zg4   12m   86Mi   
1781612031
websocket-server-56c97f4c7-6q5vs   8m    97Mi   
websocket-server-56c97f4c7-97wsh   1m    27Mi   
websocket-server-56c97f4c7-98wd9   1m    28Mi   
websocket-server-56c97f4c7-cmjqj   3m    29Mi   
websocket-server-56c97f4c7-glls2   6m    30Mi   
websocket-server-56c97f4c7-lwvqn   5m    30Mi   
websocket-server-56c97f4c7-scv7m   3m    33Mi   
websocket-server-56c97f4c7-t7zg4   12m   86Mi   
1781612036
websocket-server-56c97f4c7-6q5vs   8m    97Mi   
websocket-server-56c97f4c7-97wsh   1m    27Mi   
websocket-server-56c97f4c7-98wd9   1m    28Mi   
websocket-server-56c97f4c7-cmjqj   3m    29Mi   
websocket-server-56c97f4c7-glls2   6m    30Mi   
websocket-server-56c97f4c7-lwvqn   5m    30Mi   
websocket-server-56c97f4c7-scv7m   3m    33Mi   
websocket-server-56c97f4c7-t7zg4   12m   86Mi   
1781612041
websocket-server-56c97f4c7-6q5vs   7m    95Mi   
websocket-server-56c97f4c7-97wsh   1m    28Mi   
websocket-server-56c97f4c7-98wd9   1m    28Mi   
websocket-server-56c97f4c7-cmjqj   1m    29Mi   
websocket-server-56c97f4c7-glls2   1m    30Mi   
websocket-server-56c97f4c7-lwvqn   1m    30Mi   
websocket-server-56c97f4c7-scv7m   6m    33Mi   
websocket-server-56c97f4c7-t7zg4   12m   86Mi   
1781612046
websocket-server-56c97f4c7-6q5vs   7m    95Mi   
websocket-server-56c97f4c7-97wsh   1m    28Mi   
websocket-server-56c97f4c7-98wd9   1m    28Mi   
websocket-server-56c97f4c7-cmjqj   1m    29Mi   
websocket-server-56c97f4c7-glls2   1m    30Mi   
websocket-server-56c97f4c7-lwvqn   1m    30Mi   
websocket-server-56c97f4c7-scv7m   6m    33Mi   
websocket-server-56c97f4c7-t7zg4   12m   86Mi   
1781612051
websocket-server-56c97f4c7-6q5vs   7m    95Mi   
websocket-server-56c97f4c7-97wsh   1m    28Mi   
websocket-server-56c97f4c7-98wd9   1m    28Mi   
websocket-server-56c97f4c7-cmjqj   1m    29Mi   
websocket-server-56c97f4c7-glls2   1m    30Mi   
websocket-server-56c97f4c7-lwvqn   1m    30Mi   
websocket-server-56c97f4c7-scv7m   6m    33Mi   
websocket-server-56c97f4c7-t7zg4   12m   86Mi   
1781612057
websocket-server-56c97f4c7-6q5vs   0m    95Mi   
websocket-server-56c97f4c7-97wsh   1m    28Mi   
websocket-server-56c97f4c7-98wd9   1m    28Mi   
websocket-server-56c97f4c7-cmjqj   1m    29Mi   
websocket-server-56c97f4c7-glls2   1m    30Mi   
websocket-server-56c97f4c7-lwvqn   1m    30Mi   
websocket-server-56c97f4c7-scv7m   1m    33Mi   
websocket-server-56c97f4c7-t7zg4   1m    86Mi   
1781612062
websocket-server-56c97f4c7-6q5vs   0m    95Mi   
websocket-server-56c97f4c7-97wsh   1m    28Mi   
websocket-server-56c97f4c7-98wd9   1m    28Mi   
websocket-server-56c97f4c7-cmjqj   1m    29Mi   
websocket-server-56c97f4c7-glls2   1m    30Mi   
websocket-server-56c97f4c7-lwvqn   1m    30Mi   
websocket-server-56c97f4c7-scv7m   1m    33Mi   
websocket-server-56c97f4c7-t7zg4   1m    86Mi   
1781612067
websocket-server-56c97f4c7-6q5vs   0m    95Mi   
websocket-server-56c97f4c7-97wsh   1m    28Mi   
websocket-server-56c97f4c7-98wd9   1m    28Mi   
websocket-server-56c97f4c7-cmjqj   1m    29Mi   
websocket-server-56c97f4c7-glls2   1m    30Mi   
websocket-server-56c97f4c7-lwvqn   1m    30Mi   
websocket-server-56c97f4c7-scv7m   1m    33Mi   
websocket-server-56c97f4c7-t7zg4   1m    86Mi   
1781612072
websocket-server-56c97f4c7-6q5vs   0m    95Mi   
websocket-server-56c97f4c7-97wsh   1m    28Mi   
websocket-server-56c97f4c7-98wd9   0m    28Mi   
websocket-server-56c97f4c7-cmjqj   1m    29Mi   
websocket-server-56c97f4c7-glls2   1m    31Mi   
websocket-server-56c97f4c7-lwvqn   1m    30Mi   
websocket-server-56c97f4c7-scv7m   1m    33Mi   
websocket-server-56c97f4c7-t7zg4   1m    86Mi   
1781612077
websocket-server-56c97f4c7-6q5vs   0m    95Mi   
websocket-server-56c97f4c7-97wsh   1m    28Mi   
websocket-server-56c97f4c7-98wd9   0m    28Mi   
websocket-server-56c97f4c7-cmjqj   1m    29Mi   
websocket-server-56c97f4c7-glls2   1m    31Mi   
websocket-server-56c97f4c7-lwvqn   1m    30Mi   
websocket-server-56c97f4c7-scv7m   1m    33Mi   
websocket-server-56c97f4c7-t7zg4   1m    86Mi   
1781612082
websocket-server-56c97f4c7-6q5vs   0m    95Mi   
websocket-server-56c97f4c7-97wsh   1m    28Mi   
websocket-server-56c97f4c7-98wd9   0m    28Mi   
websocket-server-56c97f4c7-cmjqj   1m    29Mi   
websocket-server-56c97f4c7-glls2   1m    31Mi   
websocket-server-56c97f4c7-lwvqn   1m    30Mi   
websocket-server-56c97f4c7-scv7m   1m    33Mi   
websocket-server-56c97f4c7-t7zg4   1m    86Mi   
1781612087
websocket-server-56c97f4c7-6q5vs   1m    95Mi   
websocket-server-56c97f4c7-97wsh   1m    28Mi   
websocket-server-56c97f4c7-98wd9   0m    28Mi   
websocket-server-56c97f4c7-cmjqj   1m    29Mi   
websocket-server-56c97f4c7-glls2   1m    30Mi   
websocket-server-56c97f4c7-lwvqn   1m    30Mi   
websocket-server-56c97f4c7-scv7m   1m    33Mi   
websocket-server-56c97f4c7-t7zg4   1m    86Mi   
1781612092
websocket-server-56c97f4c7-6q5vs   1m    95Mi   
websocket-server-56c97f4c7-97wsh   1m    28Mi   
websocket-server-56c97f4c7-98wd9   0m    28Mi   
websocket-server-56c97f4c7-cmjqj   1m    29Mi   
websocket-server-56c97f4c7-glls2   1m    30Mi   
websocket-server-56c97f4c7-lwvqn   1m    30Mi   
websocket-server-56c97f4c7-scv7m   1m    33Mi   
websocket-server-56c97f4c7-t7zg4   1m    86Mi   
1781612097
websocket-server-56c97f4c7-6q5vs   1m    95Mi   
websocket-server-56c97f4c7-97wsh   1m    28Mi   
websocket-server-56c97f4c7-98wd9   0m    28Mi   
websocket-server-56c97f4c7-cmjqj   1m    29Mi   
websocket-server-56c97f4c7-glls2   1m    30Mi   
websocket-server-56c97f4c7-lwvqn   1m    30Mi   
websocket-server-56c97f4c7-scv7m   1m    33Mi   
websocket-server-56c97f4c7-t7zg4   1m    86Mi   
1781612102
websocket-server-56c97f4c7-6q5vs   1m    95Mi   
websocket-server-56c97f4c7-97wsh   1m    28Mi   
websocket-server-56c97f4c7-98wd9   1m    28Mi   
websocket-server-56c97f4c7-cmjqj   1m    29Mi   
websocket-server-56c97f4c7-glls2   1m    30Mi   
websocket-server-56c97f4c7-lwvqn   1m    30Mi   
websocket-server-56c97f4c7-scv7m   1m    33Mi   
websocket-server-56c97f4c7-t7zg4   1m    86Mi   
1781612107
websocket-server-56c97f4c7-6q5vs   1m    95Mi   
websocket-server-56c97f4c7-97wsh   1m    28Mi   
websocket-server-56c97f4c7-98wd9   1m    28Mi   
websocket-server-56c97f4c7-cmjqj   1m    29Mi   
websocket-server-56c97f4c7-glls2   1m    30Mi   
websocket-server-56c97f4c7-lwvqn   1m    30Mi   
websocket-server-56c97f4c7-scv7m   1m    33Mi   
websocket-server-56c97f4c7-t7zg4   1m    86Mi   
1781612112
websocket-server-56c97f4c7-6q5vs   1m    95Mi   
websocket-server-56c97f4c7-97wsh   1m    28Mi   
websocket-server-56c97f4c7-98wd9   1m    28Mi   
websocket-server-56c97f4c7-cmjqj   1m    30Mi   
websocket-server-56c97f4c7-glls2   1m    30Mi   
websocket-server-56c97f4c7-lwvqn   1m    30Mi   
websocket-server-56c97f4c7-scv7m   1m    33Mi   
websocket-server-56c97f4c7-t7zg4   1m    86Mi   
1781612117
websocket-server-56c97f4c7-6q5vs   1m    95Mi   
websocket-server-56c97f4c7-97wsh   1m    28Mi   
websocket-server-56c97f4c7-98wd9   1m    28Mi   
websocket-server-56c97f4c7-cmjqj   1m    30Mi   
websocket-server-56c97f4c7-glls2   1m    30Mi   
websocket-server-56c97f4c7-lwvqn   1m    30Mi   
websocket-server-56c97f4c7-scv7m   1m    33Mi   
websocket-server-56c97f4c7-t7zg4   1m    86Mi   
1781612122
websocket-server-56c97f4c7-6q5vs   1m    95Mi   
websocket-server-56c97f4c7-97wsh   1m    28Mi   
websocket-server-56c97f4c7-98wd9   1m    28Mi   
websocket-server-56c97f4c7-cmjqj   1m    30Mi   
websocket-server-56c97f4c7-glls2   1m    30Mi   
websocket-server-56c97f4c7-lwvqn   1m    30Mi   
websocket-server-56c97f4c7-scv7m   1m    33Mi   
websocket-server-56c97f4c7-t7zg4   1m    86Mi   
1781612127
websocket-server-56c97f4c7-6q5vs   2m    96Mi   
websocket-server-56c97f4c7-97wsh   2m    28Mi   
websocket-server-56c97f4c7-98wd9   1m    28Mi   
websocket-server-56c97f4c7-cmjqj   3m    31Mi   
websocket-server-56c97f4c7-glls2   2m    31Mi   
websocket-server-56c97f4c7-lwvqn   2m    31Mi   
websocket-server-56c97f4c7-scv7m   2m    34Mi   
websocket-server-56c97f4c7-t7zg4   2m    86Mi   
1781612132
websocket-server-56c97f4c7-6q5vs   2m    96Mi   
websocket-server-56c97f4c7-97wsh   2m    28Mi   
websocket-server-56c97f4c7-98wd9   1m    28Mi   
websocket-server-56c97f4c7-cmjqj   3m    31Mi   
websocket-server-56c97f4c7-glls2   2m    31Mi   
websocket-server-56c97f4c7-lwvqn   2m    31Mi   
websocket-server-56c97f4c7-scv7m   2m    34Mi   
websocket-server-56c97f4c7-t7zg4   2m    86Mi   
1781612137
websocket-server-56c97f4c7-6q5vs   2m    96Mi   
websocket-server-56c97f4c7-97wsh   2m    28Mi   
websocket-server-56c97f4c7-98wd9   1m    28Mi   
websocket-server-56c97f4c7-cmjqj   3m    31Mi   
websocket-server-56c97f4c7-glls2   2m    31Mi   
websocket-server-56c97f4c7-lwvqn   2m    31Mi   
websocket-server-56c97f4c7-scv7m   2m    34Mi   
websocket-server-56c97f4c7-t7zg4   2m    86Mi   
1781612142
websocket-server-56c97f4c7-6q5vs   3m    96Mi   
websocket-server-56c97f4c7-97wsh   3m    29Mi   
websocket-server-56c97f4c7-98wd9   3m    29Mi   
websocket-server-56c97f4c7-cmjqj   4m    32Mi   
websocket-server-56c97f4c7-glls2   2m    32Mi   
websocket-server-56c97f4c7-lwvqn   3m    32Mi   
websocket-server-56c97f4c7-scv7m   3m    34Mi   
websocket-server-56c97f4c7-t7zg4   3m    86Mi   
1781612147
websocket-server-56c97f4c7-6q5vs   3m    96Mi   
websocket-server-56c97f4c7-97wsh   3m    29Mi   
websocket-server-56c97f4c7-98wd9   3m    29Mi   
websocket-server-56c97f4c7-cmjqj   4m    32Mi   
websocket-server-56c97f4c7-glls2   2m    32Mi   
websocket-server-56c97f4c7-lwvqn   3m    32Mi   
websocket-server-56c97f4c7-scv7m   3m    34Mi   
websocket-server-56c97f4c7-t7zg4   3m    86Mi   
1781612152
websocket-server-56c97f4c7-6q5vs   3m    96Mi   
websocket-server-56c97f4c7-97wsh   3m    29Mi   
websocket-server-56c97f4c7-98wd9   3m    29Mi   
websocket-server-56c97f4c7-cmjqj   4m    32Mi   
websocket-server-56c97f4c7-glls2   2m    32Mi   
websocket-server-56c97f4c7-lwvqn   3m    32Mi   
websocket-server-56c97f4c7-scv7m   3m    34Mi   
websocket-server-56c97f4c7-t7zg4   3m    86Mi   
1781612157
websocket-server-56c97f4c7-6q5vs   5m    96Mi   
websocket-server-56c97f4c7-97wsh   3m    29Mi   
websocket-server-56c97f4c7-98wd9   4m    30Mi   
websocket-server-56c97f4c7-cmjqj   7m    32Mi   
websocket-server-56c97f4c7-glls2   4m    32Mi   
websocket-server-56c97f4c7-lwvqn   4m    32Mi   
websocket-server-56c97f4c7-scv7m   3m    35Mi   
websocket-server-56c97f4c7-t7zg4   5m    86Mi   
1781612163
websocket-server-56c97f4c7-6q5vs   5m    96Mi   
websocket-server-56c97f4c7-97wsh   3m    29Mi   
websocket-server-56c97f4c7-98wd9   4m    30Mi   
websocket-server-56c97f4c7-cmjqj   7m    32Mi   
websocket-server-56c97f4c7-glls2   4m    32Mi   
websocket-server-56c97f4c7-lwvqn   4m    32Mi   
websocket-server-56c97f4c7-scv7m   3m    35Mi   
websocket-server-56c97f4c7-t7zg4   5m    86Mi   
1781612168
websocket-server-56c97f4c7-6q5vs   5m    96Mi   
websocket-server-56c97f4c7-98wd9   4m    30Mi   
websocket-server-56c97f4c7-cmjqj   7m    32Mi   
websocket-server-56c97f4c7-glls2   4m    32Mi   
websocket-server-56c97f4c7-lwvqn   4m    32Mi   
websocket-server-56c97f4c7-t7zg4   5m    86Mi   
1781612173
websocket-server-56c97f4c7-6mjnk   2m    28Mi   
websocket-server-56c97f4c7-6q5vs   7m    96Mi   
websocket-server-56c97f4c7-cdvbd   19m   29Mi   
websocket-server-56c97f4c7-cmjqj   9m    35Mi   
websocket-server-56c97f4c7-lwvqn   4m    32Mi   
websocket-server-56c97f4c7-t7zg4   7m    86Mi   
1781612178
websocket-server-56c97f4c7-6mjnk   2m    28Mi   
websocket-server-56c97f4c7-6q5vs   7m    96Mi   
websocket-server-56c97f4c7-cdvbd   19m   29Mi   
websocket-server-56c97f4c7-cmjqj   9m    35Mi   
websocket-server-56c97f4c7-t7zg4   7m    86Mi   
1781612183
websocket-server-56c97f4c7-6mjnk   2m    28Mi   
websocket-server-56c97f4c7-6q5vs   7m    96Mi   
websocket-server-56c97f4c7-cdvbd   19m   29Mi   
websocket-server-56c97f4c7-cmjqj   9m    35Mi   
websocket-server-56c97f4c7-t7zg4   7m    86Mi   
1781612188
websocket-server-56c97f4c7-6mjnk   7m    32Mi   
websocket-server-56c97f4c7-6q5vs   10m   97Mi   
websocket-server-56c97f4c7-cdvbd   19m   29Mi   
websocket-server-56c97f4c7-cmjqj   12m   37Mi   
websocket-server-56c97f4c7-t7zg4   11m   87Mi   
websocket-server-56c97f4c7-z4vl2   4m    29Mi   
1781612193
websocket-server-56c97f4c7-6mjnk   7m    32Mi   
websocket-server-56c97f4c7-6q5vs   10m   97Mi   
websocket-server-56c97f4c7-cdvbd   19m   29Mi   
websocket-server-56c97f4c7-cmjqj   12m   37Mi   
websocket-server-56c97f4c7-t7zg4   11m   87Mi   
websocket-server-56c97f4c7-z4vl2   4m    29Mi   
1781612198
websocket-server-56c97f4c7-6mjnk   7m    32Mi   
websocket-server-56c97f4c7-6q5vs   10m   97Mi   
websocket-server-56c97f4c7-cdvbd   19m   29Mi   
websocket-server-56c97f4c7-cmjqj   12m   37Mi   
websocket-server-56c97f4c7-t7zg4   11m   87Mi   
websocket-server-56c97f4c7-z4vl2   4m    29Mi   
1781612203
websocket-server-56c97f4c7-6mjnk   7m    33Mi   
websocket-server-56c97f4c7-6q5vs   11m   97Mi   
websocket-server-56c97f4c7-cdvbd   7m    32Mi   
websocket-server-56c97f4c7-cmjqj   13m   39Mi   
websocket-server-56c97f4c7-cn7kc   2m    28Mi   
websocket-server-56c97f4c7-rh7hq   1m    28Mi   
websocket-server-56c97f4c7-t7zg4   11m   87Mi   
websocket-server-56c97f4c7-x6j5l   22m   27Mi   
websocket-server-56c97f4c7-z4vl2   4m    30Mi   
1781612208
websocket-server-56c97f4c7-6mjnk   7m    33Mi   
websocket-server-56c97f4c7-6q5vs   11m   97Mi   
websocket-server-56c97f4c7-cdvbd   7m    32Mi   
websocket-server-56c97f4c7-cmjqj   13m   39Mi   
websocket-server-56c97f4c7-cn7kc   2m    28Mi   
websocket-server-56c97f4c7-rh7hq   1m    28Mi   
websocket-server-56c97f4c7-t7zg4   11m   87Mi   
websocket-server-56c97f4c7-x6j5l   22m   27Mi   
websocket-server-56c97f4c7-z4vl2   4m    30Mi   
1781612213
websocket-server-56c97f4c7-6mjnk   7m    33Mi   
websocket-server-56c97f4c7-6q5vs   11m   97Mi   
websocket-server-56c97f4c7-cdvbd   7m    32Mi   
websocket-server-56c97f4c7-cmjqj   13m   39Mi   
websocket-server-56c97f4c7-cn7kc   2m    28Mi   
websocket-server-56c97f4c7-rh7hq   1m    28Mi   
websocket-server-56c97f4c7-t7zg4   11m   87Mi   
websocket-server-56c97f4c7-x6j5l   22m   27Mi   
websocket-server-56c97f4c7-z4vl2   4m    30Mi   
1781612218
websocket-server-56c97f4c7-6mjnk   7m    33Mi   
websocket-server-56c97f4c7-6q5vs   11m   97Mi   
websocket-server-56c97f4c7-cdvbd   7m    32Mi   
websocket-server-56c97f4c7-cmjqj   13m   38Mi   
websocket-server-56c97f4c7-cn7kc   2m    28Mi   
websocket-server-56c97f4c7-rh7hq   1m    28Mi   
websocket-server-56c97f4c7-t7zg4   12m   87Mi   
websocket-server-56c97f4c7-x6j5l   1m    27Mi   
websocket-server-56c97f4c7-z4vl2   3m    29Mi   
1781612223
websocket-server-56c97f4c7-6mjnk   7m    33Mi   
websocket-server-56c97f4c7-6q5vs   11m   97Mi   
websocket-server-56c97f4c7-cdvbd   7m    32Mi   
websocket-server-56c97f4c7-cmjqj   13m   38Mi   
websocket-server-56c97f4c7-cn7kc   2m    28Mi   
websocket-server-56c97f4c7-rh7hq   1m    28Mi   
websocket-server-56c97f4c7-t7zg4   12m   87Mi   
websocket-server-56c97f4c7-x6j5l   1m    27Mi   
websocket-server-56c97f4c7-z4vl2   3m    29Mi   
1781612228
websocket-server-56c97f4c7-6mjnk   7m    33Mi   
websocket-server-56c97f4c7-6q5vs   11m   97Mi   
websocket-server-56c97f4c7-cdvbd   7m    32Mi   
websocket-server-56c97f4c7-cmjqj   13m   38Mi   
websocket-server-56c97f4c7-cn7kc   2m    28Mi   
websocket-server-56c97f4c7-rh7hq   1m    28Mi   
websocket-server-56c97f4c7-t7zg4   12m   87Mi   
websocket-server-56c97f4c7-x6j5l   1m    27Mi   
websocket-server-56c97f4c7-z4vl2   3m    29Mi   
1781612233
websocket-server-56c97f4c7-6mjnk   7m    33Mi   
websocket-server-56c97f4c7-6q5vs   9m    97Mi   
websocket-server-56c97f4c7-cdvbd   7m    32Mi   
websocket-server-56c97f4c7-cmjqj   11m   38Mi   
websocket-server-56c97f4c7-cn7kc   2m    28Mi   
websocket-server-56c97f4c7-rh7hq   1m    28Mi   
websocket-server-56c97f4c7-t7zg4   10m   86Mi   
websocket-server-56c97f4c7-x6j5l   1m    27Mi   
websocket-server-56c97f4c7-z4vl2   4m    29Mi   
1781612238
websocket-server-56c97f4c7-6mjnk   7m    33Mi   
websocket-server-56c97f4c7-6q5vs   9m    97Mi   
websocket-server-56c97f4c7-cdvbd   7m    32Mi   
websocket-server-56c97f4c7-cmjqj   11m   38Mi   
websocket-server-56c97f4c7-cn7kc   2m    28Mi   
websocket-server-56c97f4c7-rh7hq   1m    28Mi   
websocket-server-56c97f4c7-t7zg4   10m   86Mi   
websocket-server-56c97f4c7-x6j5l   1m    27Mi   
websocket-server-56c97f4c7-z4vl2   4m    29Mi   
1781612243
websocket-server-56c97f4c7-6mjnk   7m    33Mi   
websocket-server-56c97f4c7-6q5vs   9m    97Mi   
websocket-server-56c97f4c7-cdvbd   7m    32Mi   
websocket-server-56c97f4c7-cmjqj   11m   38Mi   
websocket-server-56c97f4c7-cn7kc   2m    28Mi   
websocket-server-56c97f4c7-rh7hq   1m    28Mi   
websocket-server-56c97f4c7-t7zg4   10m   86Mi   
websocket-server-56c97f4c7-x6j5l   1m    27Mi   
websocket-server-56c97f4c7-z4vl2   4m    29Mi   
1781612248
websocket-server-56c97f4c7-6mjnk   2m    33Mi   
websocket-server-56c97f4c7-6q5vs   4m    97Mi   
websocket-server-56c97f4c7-cdvbd   4m    32Mi   
websocket-server-56c97f4c7-cmjqj   11m   38Mi   
websocket-server-56c97f4c7-cn7kc   1m    28Mi   
websocket-server-56c97f4c7-rh7hq   1m    28Mi   
websocket-server-56c97f4c7-t7zg4   4m    87Mi   
websocket-server-56c97f4c7-x6j5l   1m    27Mi   
websocket-server-56c97f4c7-z4vl2   2m    29Mi   
1781612253
websocket-server-56c97f4c7-6mjnk   2m    33Mi   
websocket-server-56c97f4c7-6q5vs   4m    97Mi   
websocket-server-56c97f4c7-cdvbd   4m    32Mi   
websocket-server-56c97f4c7-cmjqj   11m   38Mi   
websocket-server-56c97f4c7-cn7kc   1m    28Mi   
websocket-server-56c97f4c7-rh7hq   1m    28Mi   
websocket-server-56c97f4c7-t7zg4   4m    87Mi   
websocket-server-56c97f4c7-x6j5l   1m    27Mi   
websocket-server-56c97f4c7-z4vl2   2m    29Mi   
1781612258
websocket-server-56c97f4c7-6mjnk   2m    33Mi   
websocket-server-56c97f4c7-6q5vs   4m    97Mi   
websocket-server-56c97f4c7-cdvbd   4m    32Mi   
websocket-server-56c97f4c7-cmjqj   11m   38Mi   
websocket-server-56c97f4c7-cn7kc   1m    28Mi   
websocket-server-56c97f4c7-rh7hq   1m    28Mi   
websocket-server-56c97f4c7-t7zg4   4m    87Mi   
websocket-server-56c97f4c7-x6j5l   1m    27Mi   
websocket-server-56c97f4c7-z4vl2   2m    29Mi   
1781612263
websocket-server-56c97f4c7-6mjnk   2m    33Mi   
websocket-server-56c97f4c7-6q5vs   4m    97Mi   
websocket-server-56c97f4c7-cdvbd   2m    32Mi   
websocket-server-56c97f4c7-cmjqj   4m    39Mi   
websocket-server-56c97f4c7-cn7kc   1m    28Mi   
websocket-server-56c97f4c7-rh7hq   1m    28Mi   
websocket-server-56c97f4c7-t7zg4   4m    87Mi   
websocket-server-56c97f4c7-x6j5l   1m    27Mi   
websocket-server-56c97f4c7-z4vl2   1m    30Mi   
1781612268
websocket-server-56c97f4c7-6mjnk   2m    33Mi   
websocket-server-56c97f4c7-6q5vs   4m    97Mi   
websocket-server-56c97f4c7-cdvbd   2m    32Mi   
websocket-server-56c97f4c7-cmjqj   4m    39Mi   
websocket-server-56c97f4c7-cn7kc   1m    28Mi   
websocket-server-56c97f4c7-rh7hq   1m    28Mi   
websocket-server-56c97f4c7-t7zg4   4m    87Mi   
websocket-server-56c97f4c7-x6j5l   1m    27Mi   
websocket-server-56c97f4c7-z4vl2   1m    30Mi   
1781612274
websocket-server-56c97f4c7-6mjnk   2m    33Mi   
websocket-server-56c97f4c7-6q5vs   4m    97Mi   
websocket-server-56c97f4c7-cdvbd   2m    32Mi   
websocket-server-56c97f4c7-cmjqj   4m    39Mi   
websocket-server-56c97f4c7-cn7kc   1m    28Mi   
websocket-server-56c97f4c7-rh7hq   1m    28Mi   
websocket-server-56c97f4c7-t7zg4   4m    87Mi   
websocket-server-56c97f4c7-x6j5l   1m    27Mi   
websocket-server-56c97f4c7-z4vl2   1m    30Mi   
1781612279
websocket-server-56c97f4c7-6mjnk   3m    33Mi   
websocket-server-56c97f4c7-6q5vs   4m    97Mi   
websocket-server-56c97f4c7-cdvbd   2m    32Mi   
websocket-server-56c97f4c7-cmjqj   4m    38Mi   
websocket-server-56c97f4c7-cn7kc   1m    28Mi   
websocket-server-56c97f4c7-rh7hq   1m    28Mi   
websocket-server-56c97f4c7-t7zg4   4m    87Mi   
websocket-server-56c97f4c7-x6j5l   1m    27Mi   
websocket-server-56c97f4c7-z4vl2   1m    30Mi   
1781612284
websocket-server-56c97f4c7-6mjnk   3m    33Mi   
websocket-server-56c97f4c7-6q5vs   4m    97Mi   
websocket-server-56c97f4c7-cdvbd   2m    32Mi   
websocket-server-56c97f4c7-cmjqj   4m    38Mi   
websocket-server-56c97f4c7-cn7kc   1m    28Mi   
websocket-server-56c97f4c7-rh7hq   1m    28Mi   
websocket-server-56c97f4c7-t7zg4   4m    87Mi   
websocket-server-56c97f4c7-x6j5l   1m    27Mi   
websocket-server-56c97f4c7-z4vl2   1m    30Mi   
1781612289
websocket-server-56c97f4c7-6mjnk   3m    33Mi   
websocket-server-56c97f4c7-6q5vs   4m    97Mi   
websocket-server-56c97f4c7-cdvbd   2m    32Mi   
websocket-server-56c97f4c7-cmjqj   4m    38Mi   
websocket-server-56c97f4c7-cn7kc   1m    28Mi   
websocket-server-56c97f4c7-rh7hq   1m    28Mi   
websocket-server-56c97f4c7-t7zg4   4m    87Mi   
websocket-server-56c97f4c7-x6j5l   1m    27Mi   
websocket-server-56c97f4c7-z4vl2   1m    30Mi   
1781612294
websocket-server-56c97f4c7-6mjnk   3m    33Mi   
websocket-server-56c97f4c7-6q5vs   4m    97Mi   
websocket-server-56c97f4c7-cdvbd   4m    32Mi   
websocket-server-56c97f4c7-cmjqj   5m    38Mi   
websocket-server-56c97f4c7-cn7kc   1m    28Mi   
websocket-server-56c97f4c7-rh7hq   1m    28Mi   
websocket-server-56c97f4c7-t7zg4   9m    86Mi   
websocket-server-56c97f4c7-x6j5l   1m    27Mi   
websocket-server-56c97f4c7-z4vl2   2m    29Mi   
1781612299
websocket-server-56c97f4c7-6mjnk   3m    33Mi   
websocket-server-56c97f4c7-6q5vs   4m    97Mi   
websocket-server-56c97f4c7-cdvbd   4m    32Mi   
websocket-server-56c97f4c7-cmjqj   5m    38Mi   
websocket-server-56c97f4c7-cn7kc   1m    28Mi   
websocket-server-56c97f4c7-rh7hq   1m    28Mi   
websocket-server-56c97f4c7-t7zg4   9m    86Mi   
websocket-server-56c97f4c7-x6j5l   1m    27Mi   
websocket-server-56c97f4c7-z4vl2   2m    29Mi   
1781612304
websocket-server-56c97f4c7-6mjnk   3m    33Mi   
websocket-server-56c97f4c7-6q5vs   4m    97Mi   
websocket-server-56c97f4c7-cdvbd   4m    32Mi   
websocket-server-56c97f4c7-cmjqj   5m    38Mi   
websocket-server-56c97f4c7-cn7kc   1m    28Mi   
websocket-server-56c97f4c7-rh7hq   1m    28Mi   
websocket-server-56c97f4c7-t7zg4   9m    86Mi   
websocket-server-56c97f4c7-x6j5l   1m    27Mi   
websocket-server-56c97f4c7-z4vl2   2m    29Mi   
1781612309
websocket-server-56c97f4c7-6mjnk   4m    33Mi   
websocket-server-56c97f4c7-6q5vs   6m    96Mi   
websocket-server-56c97f4c7-cdvbd   0m    32Mi   
websocket-server-56c97f4c7-cmjqj   5m    38Mi   
websocket-server-56c97f4c7-cn7kc   1m    28Mi   
websocket-server-56c97f4c7-rh7hq   1m    28Mi   
websocket-server-56c97f4c7-t7zg4   1m    86Mi   
websocket-server-56c97f4c7-x6j5l   1m    28Mi   
websocket-server-56c97f4c7-z4vl2   2m    29Mi   
1781612314
websocket-server-56c97f4c7-6mjnk   4m    33Mi   
websocket-server-56c97f4c7-6q5vs   6m    96Mi   
websocket-server-56c97f4c7-cdvbd   0m    32Mi   
websocket-server-56c97f4c7-cmjqj   5m    38Mi   
websocket-server-56c97f4c7-cn7kc   1m    28Mi   
websocket-server-56c97f4c7-rh7hq   1m    28Mi   
websocket-server-56c97f4c7-t7zg4   1m    86Mi   
websocket-server-56c97f4c7-x6j5l   1m    28Mi   
websocket-server-56c97f4c7-z4vl2   2m    29Mi   
1781612319
websocket-server-56c97f4c7-6mjnk   4m    33Mi   
websocket-server-56c97f4c7-6q5vs   6m    96Mi   
websocket-server-56c97f4c7-cdvbd   0m    32Mi   
websocket-server-56c97f4c7-cmjqj   5m    38Mi   
websocket-server-56c97f4c7-cn7kc   1m    28Mi   
websocket-server-56c97f4c7-rh7hq   1m    28Mi   
websocket-server-56c97f4c7-t7zg4   1m    86Mi   
websocket-server-56c97f4c7-x6j5l   1m    28Mi   
websocket-server-56c97f4c7-z4vl2   2m    29Mi   
1781612324
websocket-server-56c97f4c7-6mjnk   1m    33Mi   
websocket-server-56c97f4c7-6q5vs   1m    96Mi   
websocket-server-56c97f4c7-cdvbd   1m    32Mi   
websocket-server-56c97f4c7-cmjqj   1m    38Mi   
websocket-server-56c97f4c7-cn7kc   1m    28Mi   
websocket-server-56c97f4c7-rh7hq   1m    28Mi   
websocket-server-56c97f4c7-t7zg4   0m    86Mi   
websocket-server-56c97f4c7-x6j5l   1m    28Mi   
websocket-server-56c97f4c7-z4vl2   1m    29Mi   
1781612329
websocket-server-56c97f4c7-6mjnk   1m    33Mi   
websocket-server-56c97f4c7-6q5vs   1m    96Mi   
websocket-server-56c97f4c7-cdvbd   1m    32Mi   
websocket-server-56c97f4c7-cmjqj   1m    38Mi   
websocket-server-56c97f4c7-cn7kc   1m    28Mi   
websocket-server-56c97f4c7-rh7hq   1m    28Mi   
websocket-server-56c97f4c7-t7zg4   0m    86Mi   
websocket-server-56c97f4c7-x6j5l   1m    28Mi   
websocket-server-56c97f4c7-z4vl2   1m    29Mi   
1781612334
websocket-server-56c97f4c7-6mjnk   1m    33Mi   
websocket-server-56c97f4c7-6q5vs   1m    96Mi   
websocket-server-56c97f4c7-cdvbd   1m    32Mi   
websocket-server-56c97f4c7-cmjqj   1m    38Mi   
websocket-server-56c97f4c7-cn7kc   1m    28Mi   
websocket-server-56c97f4c7-rh7hq   1m    28Mi   
websocket-server-56c97f4c7-t7zg4   0m    86Mi   
websocket-server-56c97f4c7-x6j5l   1m    28Mi   
websocket-server-56c97f4c7-z4vl2   1m    29Mi   
1781612339
websocket-server-56c97f4c7-6mjnk   1m    33Mi   
websocket-server-56c97f4c7-6q5vs   1m    96Mi   
websocket-server-56c97f4c7-cdvbd   1m    32Mi   
websocket-server-56c97f4c7-cmjqj   1m    38Mi   
websocket-server-56c97f4c7-cn7kc   1m    28Mi   
websocket-server-56c97f4c7-rh7hq   1m    28Mi   
websocket-server-56c97f4c7-t7zg4   1m    86Mi   
websocket-server-56c97f4c7-x6j5l   1m    28Mi   
websocket-server-56c97f4c7-z4vl2   1m    29Mi   
1781612344
websocket-server-56c97f4c7-6mjnk   1m    33Mi   
websocket-server-56c97f4c7-6q5vs   1m    96Mi   
websocket-server-56c97f4c7-cdvbd   1m    32Mi   
websocket-server-56c97f4c7-cmjqj   1m    38Mi   
websocket-server-56c97f4c7-cn7kc   1m    28Mi   
websocket-server-56c97f4c7-rh7hq   1m    28Mi   
websocket-server-56c97f4c7-t7zg4   1m    86Mi   
websocket-server-56c97f4c7-x6j5l   1m    28Mi   
websocket-server-56c97f4c7-z4vl2   1m    29Mi   
1781612349
websocket-server-56c97f4c7-6mjnk   1m    33Mi   
websocket-server-56c97f4c7-6q5vs   1m    96Mi   
websocket-server-56c97f4c7-cdvbd   1m    32Mi   
websocket-server-56c97f4c7-cmjqj   1m    38Mi   
websocket-server-56c97f4c7-cn7kc   1m    28Mi   
websocket-server-56c97f4c7-rh7hq   1m    28Mi   
websocket-server-56c97f4c7-t7zg4   1m    86Mi   
websocket-server-56c97f4c7-z4vl2   1m    29Mi   
1781612354
websocket-server-56c97f4c7-6mjnk   1m    33Mi   
websocket-server-56c97f4c7-6q5vs   1m    96Mi   
websocket-server-56c97f4c7-cdvbd   1m    32Mi   
websocket-server-56c97f4c7-cmjqj   1m    38Mi   
websocket-server-56c97f4c7-cn7kc   1m    28Mi   
websocket-server-56c97f4c7-rh7hq   1m    28Mi   
websocket-server-56c97f4c7-t7zg4   1m    86Mi   
websocket-server-56c97f4c7-z4vl2   1m    29Mi   
1781612359
websocket-server-56c97f4c7-6mjnk   1m    33Mi   
websocket-server-56c97f4c7-6q5vs   1m    96Mi   
websocket-server-56c97f4c7-cdvbd   1m    32Mi   
websocket-server-56c97f4c7-cmjqj   1m    38Mi   
websocket-server-56c97f4c7-cn7kc   1m    28Mi   
websocket-server-56c97f4c7-rh7hq   1m    28Mi   
websocket-server-56c97f4c7-t7zg4   1m    86Mi   
websocket-server-56c97f4c7-z4vl2   1m    29Mi   
1781612364
websocket-server-56c97f4c7-6mjnk   1m    33Mi   
websocket-server-56c97f4c7-6q5vs   1m    96Mi   
websocket-server-56c97f4c7-cdvbd   1m    32Mi   
websocket-server-56c97f4c7-cmjqj   1m    38Mi   
websocket-server-56c97f4c7-cn7kc   1m    28Mi   
websocket-server-56c97f4c7-rh7hq   1m    28Mi   
websocket-server-56c97f4c7-t7zg4   1m    86Mi   
websocket-server-56c97f4c7-z4vl2   1m    29Mi   
1781612369
websocket-server-56c97f4c7-6mjnk   1m    33Mi   
websocket-server-56c97f4c7-6q5vs   1m    96Mi   
websocket-server-56c97f4c7-cdvbd   0m    32Mi   
websocket-server-56c97f4c7-cmjqj   1m    38Mi   
websocket-server-56c97f4c7-cn7kc   1m    28Mi   
websocket-server-56c97f4c7-rh7hq   1m    28Mi   
websocket-server-56c97f4c7-t7zg4   1m    86Mi   
websocket-server-56c97f4c7-z4vl2   1m    29Mi   
1781612374
websocket-server-56c97f4c7-6mjnk   1m    33Mi   
websocket-server-56c97f4c7-6q5vs   1m    96Mi   
websocket-server-56c97f4c7-cdvbd   0m    32Mi   
websocket-server-56c97f4c7-cmjqj   1m    38Mi   
websocket-server-56c97f4c7-cn7kc   1m    28Mi   
websocket-server-56c97f4c7-rh7hq   1m    28Mi   
websocket-server-56c97f4c7-t7zg4   1m    86Mi   
websocket-server-56c97f4c7-z4vl2   1m    29Mi   
1781612379
websocket-server-56c97f4c7-6mjnk   1m    33Mi   
websocket-server-56c97f4c7-6q5vs   1m    96Mi   
websocket-server-56c97f4c7-cdvbd   0m    32Mi   
websocket-server-56c97f4c7-cmjqj   1m    38Mi   
websocket-server-56c97f4c7-cn7kc   1m    28Mi   
websocket-server-56c97f4c7-rh7hq   1m    28Mi   
websocket-server-56c97f4c7-t7zg4   1m    86Mi   
websocket-server-56c97f4c7-z4vl2   1m    29Mi   
1781612385
websocket-server-56c97f4c7-6mjnk   1m    33Mi   
websocket-server-56c97f4c7-6q5vs   1m    96Mi   
websocket-server-56c97f4c7-cdvbd   1m    32Mi   
websocket-server-56c97f4c7-cmjqj   1m    38Mi   
websocket-server-56c97f4c7-cn7kc   1m    28Mi   
websocket-server-56c97f4c7-rh7hq   0m    28Mi   
websocket-server-56c97f4c7-t7zg4   1m    86Mi   
websocket-server-56c97f4c7-z4vl2   1m    29Mi   
1781612390
websocket-server-56c97f4c7-6mjnk   1m    33Mi   
websocket-server-56c97f4c7-6q5vs   1m    96Mi   
websocket-server-56c97f4c7-cdvbd   1m    32Mi   
websocket-server-56c97f4c7-cmjqj   1m    38Mi   
websocket-server-56c97f4c7-cn7kc   1m    28Mi   
websocket-server-56c97f4c7-rh7hq   0m    28Mi   
websocket-server-56c97f4c7-t7zg4   1m    86Mi   
websocket-server-56c97f4c7-z4vl2   1m    29Mi   
1781612395
websocket-server-56c97f4c7-6mjnk   1m    33Mi   
websocket-server-56c97f4c7-6q5vs   1m    96Mi   
websocket-server-56c97f4c7-cdvbd   1m    32Mi   
websocket-server-56c97f4c7-cmjqj   1m    38Mi   
websocket-server-56c97f4c7-cn7kc   1m    28Mi   
websocket-server-56c97f4c7-rh7hq   0m    28Mi   
websocket-server-56c97f4c7-t7zg4   1m    86Mi   
websocket-server-56c97f4c7-z4vl2   1m    29Mi   
1781612400
websocket-server-56c97f4c7-6mjnk   1m    33Mi   
websocket-server-56c97f4c7-6q5vs   1m    96Mi   
websocket-server-56c97f4c7-cdvbd   1m    32Mi   
websocket-server-56c97f4c7-cmjqj   1m    38Mi   
websocket-server-56c97f4c7-cn7kc   1m    28Mi   
websocket-server-56c97f4c7-rh7hq   0m    28Mi   
websocket-server-56c97f4c7-t7zg4   1m    86Mi   
websocket-server-56c97f4c7-z4vl2   1m    29Mi   
1781612405
websocket-server-56c97f4c7-6mjnk   1m    33Mi   
websocket-server-56c97f4c7-6q5vs   1m    96Mi   
websocket-server-56c97f4c7-cdvbd   1m    32Mi   
websocket-server-56c97f4c7-cmjqj   1m    38Mi   
websocket-server-56c97f4c7-cn7kc   1m    28Mi   
websocket-server-56c97f4c7-rh7hq   0m    28Mi   
websocket-server-56c97f4c7-t7zg4   1m    86Mi   
websocket-server-56c97f4c7-z4vl2   1m    29Mi   
1781612410
websocket-server-56c97f4c7-6mjnk   1m    33Mi   
websocket-server-56c97f4c7-6q5vs   1m    96Mi   
websocket-server-56c97f4c7-cdvbd   1m    32Mi   
websocket-server-56c97f4c7-cmjqj   1m    38Mi   
websocket-server-56c97f4c7-cn7kc   1m    28Mi   
websocket-server-56c97f4c7-rh7hq   0m    28Mi   
websocket-server-56c97f4c7-t7zg4   1m    86Mi   
websocket-server-56c97f4c7-z4vl2   1m    29Mi   
1781612415
websocket-server-56c97f4c7-6mjnk   1m    33Mi   
websocket-server-56c97f4c7-6q5vs   1m    96Mi   
websocket-server-56c97f4c7-cdvbd   1m    32Mi   
websocket-server-56c97f4c7-cmjqj   1m    38Mi   
websocket-server-56c97f4c7-cn7kc   1m    28Mi   
websocket-server-56c97f4c7-rh7hq   1m    28Mi   
websocket-server-56c97f4c7-t7zg4   1m    86Mi   
websocket-server-56c97f4c7-z4vl2   1m    29Mi   
1781612420
websocket-server-56c97f4c7-6mjnk   1m    33Mi   
websocket-server-56c97f4c7-6q5vs   1m    96Mi   
websocket-server-56c97f4c7-cdvbd   1m    32Mi   
websocket-server-56c97f4c7-cmjqj   1m    38Mi   
websocket-server-56c97f4c7-cn7kc   1m    28Mi   
websocket-server-56c97f4c7-rh7hq   1m    28Mi   
websocket-server-56c97f4c7-t7zg4   1m    86Mi   
websocket-server-56c97f4c7-z4vl2   1m    29Mi   
1781612425
websocket-server-56c97f4c7-6mjnk   1m    33Mi   
websocket-server-56c97f4c7-6q5vs   1m    96Mi   
websocket-server-56c97f4c7-cdvbd   1m    32Mi   
websocket-server-56c97f4c7-cmjqj   1m    38Mi   
websocket-server-56c97f4c7-cn7kc   1m    28Mi   
websocket-server-56c97f4c7-rh7hq   1m    28Mi   
websocket-server-56c97f4c7-t7zg4   1m    86Mi   
websocket-server-56c97f4c7-z4vl2   1m    29Mi   
1781612430
websocket-server-56c97f4c7-6mjnk   1m    33Mi   
websocket-server-56c97f4c7-6q5vs   1m    96Mi   
websocket-server-56c97f4c7-cdvbd   1m    32Mi   
websocket-server-56c97f4c7-cmjqj   1m    38Mi   
websocket-server-56c97f4c7-cn7kc   1m    28Mi   
websocket-server-56c97f4c7-rh7hq   1m    28Mi   
websocket-server-56c97f4c7-t7zg4   1m    86Mi   
websocket-server-56c97f4c7-z4vl2   1m    29Mi   
1781612435
websocket-server-56c97f4c7-6mjnk   1m    33Mi   
websocket-server-56c97f4c7-6q5vs   1m    96Mi   
websocket-server-56c97f4c7-cmjqj   1m    38Mi   
websocket-server-56c97f4c7-cn7kc   1m    28Mi   
websocket-server-56c97f4c7-rh7hq   1m    28Mi   
websocket-server-56c97f4c7-t7zg4   1m    86Mi   
websocket-server-56c97f4c7-z4vl2   1m    29Mi   
1781612440
websocket-server-56c97f4c7-6q5vs   1m    96Mi   
websocket-server-56c97f4c7-cmjqj   1m    38Mi   
websocket-server-56c97f4c7-cn7kc   1m    28Mi   
websocket-server-56c97f4c7-t7zg4   1m    86Mi   
websocket-server-56c97f4c7-z4vl2   1m    29Mi   
1781612445
websocket-server-56c97f4c7-6q5vs   1m    96Mi   
websocket-server-56c97f4c7-cmjqj   1m    38Mi   
websocket-server-56c97f4c7-t7zg4   1m    86Mi   
